2023-09-16T00:17:17.2167634Z Requested labels: macos-latest
2023-09-16T00:17:17.2168049Z Job defined at: adamint/spotify-web-api-kotlin/.github/workflows/release.yml@refs/heads/main
2023-09-16T00:17:17.2168194Z Waiting for a runner to pick up this job...
2023-09-16T00:17:17.9065679Z Job is waiting for a hosted runner to come online.
2023-09-16T00:17:25.1411203Z Job is about to start running on the hosted runner: GitHub Actions 3 (hosted)
2023-09-16T00:17:28.5283930Z Current runner version: '2.309.0'
2023-09-16T00:17:28.5394520Z ##[group]Operating System
2023-09-16T00:17:28.5395780Z macOS
2023-09-16T00:17:28.5396440Z 12.6.8
2023-09-16T00:17:28.5397070Z 21G725
2023-09-16T00:17:28.5397740Z ##[endgroup]
2023-09-16T00:17:28.5398420Z ##[group]Runner Image
2023-09-16T00:17:28.5399150Z Image: macos-12
2023-09-16T00:17:28.5399830Z Version: 20230901.1
2023-09-16T00:17:28.5400880Z Included Software: https://github.com/actions/runner-images/blob/macOS-12/20230901.1/images/macos/macos-12-Readme.md
2023-09-16T00:17:28.5402200Z Image Release: https://github.com/actions/runner-images/releases/tag/macOS-12%2F20230901.1
2023-09-16T00:17:28.5406930Z ##[endgroup]
2023-09-16T00:17:28.5407690Z ##[group]Runner Image Provisioner
2023-09-16T00:17:28.5408420Z 2.0.299.1
2023-09-16T00:17:28.5409070Z ##[endgroup]
2023-09-16T00:17:28.5411560Z ##[group]GITHUB_TOKEN Permissions
2023-09-16T00:17:28.5416110Z Actions: write
2023-09-16T00:17:28.5416830Z Checks: write
2023-09-16T00:17:28.5417720Z Contents: write
2023-09-16T00:17:28.5422910Z Deployments: write
2023-09-16T00:17:28.5423680Z Discussions: write
2023-09-16T00:17:28.5424370Z Issues: write
2023-09-16T00:17:28.5425330Z Metadata: read
2023-09-16T00:17:28.5427080Z Packages: write
2023-09-16T00:17:28.5427790Z Pages: write
2023-09-16T00:17:28.5428500Z PullRequests: write
2023-09-16T00:17:28.5429220Z RepositoryProjects: write
2023-09-16T00:17:28.5429960Z SecurityEvents: write
2023-09-16T00:17:28.5430650Z Statuses: write
2023-09-16T00:17:28.5431360Z ##[endgroup]
2023-09-16T00:17:28.5438830Z Secret source: Actions
2023-09-16T00:17:28.5439750Z Prepare workflow directory
2023-09-16T00:17:28.7498750Z Prepare all required actions
2023-09-16T00:17:28.7860860Z Getting action download info
2023-09-16T00:17:29.0266370Z Download action repository 'actions/checkout@v2' (SHA:ee0669bd1cc54295c223e0bb666b733df41de1c5)
2023-09-16T00:17:30.0999540Z Download action repository 'actions/setup-java@v2' (SHA:91d3aa4956ec4a53e477c4907347b5e3481be8c9)
2023-09-16T00:17:30.8568690Z Complete job name: release_mac
2023-09-16T00:17:31.0734990Z ##[group]Run actions/checkout@v2
2023-09-16T00:17:31.0735790Z with:
2023-09-16T00:17:31.0736430Z   repository: adamint/spotify-web-api-kotlin
2023-09-16T00:17:31.0737640Z   token: ***
2023-09-16T00:17:31.0738260Z   ssh-strict: true
2023-09-16T00:17:31.0738880Z   persist-credentials: true
2023-09-16T00:17:31.0739490Z   clean: true
2023-09-16T00:17:31.0740050Z   fetch-depth: 1
2023-09-16T00:17:31.0740620Z   lfs: false
2023-09-16T00:17:31.0741880Z   submodules: false
2023-09-16T00:17:31.0742590Z   set-safe-directory: true
2023-09-16T00:17:31.0743220Z env:
2023-09-16T00:17:31.0744000Z   SPOTIFY_CLIENT_ID: ***
2023-09-16T00:17:31.0744790Z   SPOTIFY_CLIENT_SECRET: ***
2023-09-16T00:17:31.0745960Z   SPOTIFY_REDIRECT_URI: https://***.com/projects/spotify/callback
2023-09-16T00:17:31.0746800Z   NEXUS_USERNAME: ***
2023-09-16T00:17:31.0747510Z   NEXUS_PASSWORD: ***
2023-09-16T00:17:31.0765660Z   ORG_GRADLE_PROJECT_SIGNING_KEY: ***
2023-09-16T00:17:31.0766840Z   ORG_GRADLE_PROJECT_SIGNING_PASSWORD: ***
2023-09-16T00:17:31.0767610Z   SPOTIFY_API_PUBLISH_VERSION: 4.0.3
2023-09-16T00:17:31.0768330Z ##[endgroup]
2023-09-16T00:17:32.6983760Z Syncing repository: adamint/spotify-web-api-kotlin
2023-09-16T00:17:32.6986920Z ##[group]Getting Git version info
2023-09-16T00:17:32.6988390Z Working directory is '/Users/runner/work/spotify-web-api-kotlin/spotify-web-api-kotlin'
2023-09-16T00:17:32.7007750Z [command]/usr/local/bin/git version
2023-09-16T00:17:32.8538430Z git version 2.42.0
2023-09-16T00:17:32.8601110Z ##[endgroup]
2023-09-16T00:17:32.8638220Z Copying '/Users/runner/.gitconfig' to '/Users/runner/work/_temp/77e022a0-7131-40ca-9752-427c05cf10fa/.gitconfig'
2023-09-16T00:17:32.8666810Z Temporarily overriding HOME='/Users/runner/work/_temp/77e022a0-7131-40ca-9752-427c05cf10fa' before making global git config changes
2023-09-16T00:17:32.8673500Z Adding repository directory to the temporary git global config as a safe directory
2023-09-16T00:17:32.8678610Z [command]/usr/local/bin/git config --global --add safe.directory /Users/runner/work/spotify-web-api-kotlin/spotify-web-api-kotlin
2023-09-16T00:17:32.8862050Z Deleting the contents of '/Users/runner/work/spotify-web-api-kotlin/spotify-web-api-kotlin'
2023-09-16T00:17:32.8886980Z ##[group]Initializing the repository
2023-09-16T00:17:32.8889220Z [command]/usr/local/bin/git init /Users/runner/work/spotify-web-api-kotlin/spotify-web-api-kotlin
2023-09-16T00:17:32.9171140Z hint: Using 'master' as the name for the initial branch. This default branch name
2023-09-16T00:17:32.9176540Z hint: is subject to change. To configure the initial branch name to use in all
2023-09-16T00:17:32.9179960Z hint: of your new repositories, which will suppress this warning, call:
2023-09-16T00:17:32.9184050Z hint: 
2023-09-16T00:17:32.9186490Z hint: 	git config --global init.defaultBranch <name>
2023-09-16T00:17:32.9187640Z hint: 
2023-09-16T00:17:32.9188920Z hint: Names commonly chosen instead of 'master' are 'main', 'trunk' and
2023-09-16T00:17:32.9190680Z hint: 'development'. The just-created branch can be renamed via this command:
2023-09-16T00:17:32.9191840Z hint: 
2023-09-16T00:17:32.9193350Z hint: 	git branch -m <name>
2023-09-16T00:17:32.9213050Z Initialized empty Git repository in /Users/runner/work/spotify-web-api-kotlin/spotify-web-api-kotlin/.git/
2023-09-16T00:17:32.9228210Z [command]/usr/local/bin/git remote add origin https://github.com/adamint/spotify-web-api-kotlin
2023-09-16T00:17:32.9363410Z ##[endgroup]
2023-09-16T00:17:32.9365400Z ##[group]Disabling automatic garbage collection
2023-09-16T00:17:32.9373600Z [command]/usr/local/bin/git config --local gc.auto 0
2023-09-16T00:17:32.9492430Z ##[endgroup]
2023-09-16T00:17:32.9498110Z ##[group]Setting up auth
2023-09-16T00:17:32.9512100Z [command]/usr/local/bin/git config --local --name-only --get-regexp core\.sshCommand
2023-09-16T00:17:32.9636970Z [command]/usr/local/bin/git submodule foreach --recursive sh -c "git config --local --name-only --get-regexp 'core\.sshCommand' && git config --local --unset-all 'core.sshCommand' || :"
2023-09-16T00:17:33.2292480Z [command]/usr/local/bin/git config --local --name-only --get-regexp http\.https\:\/\/github\.com\/\.extraheader
2023-09-16T00:17:33.2502820Z [command]/usr/local/bin/git submodule foreach --recursive sh -c "git config --local --name-only --get-regexp 'http\.https\:\/\/github\.com\/\.extraheader' && git config --local --unset-all 'http.https://github.com/.extraheader' || :"
2023-09-16T00:17:33.4530380Z [command]/usr/local/bin/git config --local http.https://github.com/.extraheader AUTHORIZATION: basic ***
2023-09-16T00:17:33.4711910Z ##[endgroup]
2023-09-16T00:17:33.4820410Z ##[group]Fetching the repository
2023-09-16T00:17:33.4925310Z [command]/usr/local/bin/git -c protocol.version=2 fetch --no-tags --prune --progress --no-recurse-submodules --depth=1 origin +f1f54530807e3744014c8726240886eeb19c74f9:refs/remotes/origin/main
2023-09-16T00:17:33.7361000Z remote: Enumerating objects: 217, done.        
2023-09-16T00:17:33.7453690Z remote: Counting objects:   0% (1/217)        
2023-09-16T00:17:33.7502670Z remote: Counting objects:   1% (3/217)        
2023-09-16T00:17:33.7604660Z remote: Counting objects:   2% (5/217)        
2023-09-16T00:17:33.7705440Z remote: Counting objects:   3% (7/217)        
2023-09-16T00:17:33.7805510Z remote: Counting objects:   4% (9/217)        
2023-09-16T00:17:33.7906010Z remote: Counting objects:   5% (11/217)        
2023-09-16T00:17:33.7978640Z remote: Counting objects:   6% (14/217)        
2023-09-16T00:17:33.7984280Z remote: Counting objects:   7% (16/217)        
2023-09-16T00:17:33.7990610Z remote: Counting objects:   8% (18/217)        
2023-09-16T00:17:33.8092290Z remote: Counting objects:   9% (20/217)        
2023-09-16T00:17:33.8182710Z remote: Counting objects:  10% (22/217)        
2023-09-16T00:17:33.8184240Z remote: Counting objects:  11% (24/217)        
2023-09-16T00:17:33.8285950Z remote: Counting objects:  12% (27/217)        
2023-09-16T00:17:33.8387860Z remote: Counting objects:  13% (29/217)        
2023-09-16T00:17:33.8490420Z remote: Counting objects:  14% (31/217)        
2023-09-16T00:17:33.8592530Z remote: Counting objects:  15% (33/217)        
2023-09-16T00:17:33.8694350Z remote: Counting objects:  16% (35/217)        
2023-09-16T00:17:33.8796260Z remote: Counting objects:  17% (37/217)        
2023-09-16T00:17:33.8825440Z remote: Counting objects:  18% (40/217)        
2023-09-16T00:17:33.8829130Z remote: Counting objects:  19% (42/217)        
2023-09-16T00:17:33.8830740Z remote: Counting objects:  20% (44/217)        
2023-09-16T00:17:33.8832290Z remote: Counting objects:  21% (46/217)        
2023-09-16T00:17:33.8833930Z remote: Counting objects:  22% (48/217)        
2023-09-16T00:17:33.8835910Z remote: Counting objects:  23% (50/217)        
2023-09-16T00:17:33.8837430Z remote: Counting objects:  24% (53/217)        
2023-09-16T00:17:33.8838200Z remote: Counting objects:  25% (55/217)        
2023-09-16T00:17:33.8839690Z remote: Counting objects:  26% (57/217)        
2023-09-16T00:17:33.8843700Z remote: Counting objects:  27% (59/217)        
2023-09-16T00:17:33.8945350Z remote: Counting objects:  28% (61/217)        
2023-09-16T00:17:33.9047240Z remote: Counting objects:  29% (63/217)        
2023-09-16T00:17:33.9149160Z remote: Counting objects:  30% (66/217)        
2023-09-16T00:17:33.9176050Z remote: Counting objects:  31% (68/217)        
2023-09-16T00:17:33.9235210Z remote: Counting objects:  32% (70/217)        
2023-09-16T00:17:33.9289610Z remote: Counting objects:  33% (72/217)        
2023-09-16T00:17:33.9328110Z remote: Counting objects:  34% (74/217)        
2023-09-16T00:17:33.9363220Z remote: Counting objects:  35% (76/217)        
2023-09-16T00:17:33.9397740Z remote: Counting objects:  36% (79/217)        
2023-09-16T00:17:33.9448060Z remote: Counting objects:  37% (81/217)        
2023-09-16T00:17:33.9497000Z remote: Counting objects:  38% (83/217)        
2023-09-16T00:17:33.9534200Z remote: Counting objects:  39% (85/217)        
2023-09-16T00:17:33.9593030Z remote: Counting objects:  40% (87/217)        
2023-09-16T00:17:33.9629160Z remote: Counting objects:  41% (89/217)        
2023-09-16T00:17:33.9644280Z remote: Counting objects:  42% (92/217)        
2023-09-16T00:17:33.9646620Z remote: Counting objects:  43% (94/217)        
2023-09-16T00:17:33.9652760Z remote: Counting objects:  44% (96/217)        
2023-09-16T00:17:33.9655580Z remote: Counting objects:  45% (98/217)        
2023-09-16T00:17:33.9661580Z remote: Counting objects:  46% (100/217)        
2023-09-16T00:17:33.9665630Z remote: Counting objects:  47% (102/217)        
2023-09-16T00:17:33.9673530Z remote: Counting objects:  48% (105/217)        
2023-09-16T00:17:33.9676140Z remote: Counting objects:  49% (107/217)        
2023-09-16T00:17:33.9679650Z remote: Counting objects:  50% (109/217)        
2023-09-16T00:17:33.9682710Z remote: Counting objects:  51% (111/217)        
2023-09-16T00:17:33.9689920Z remote: Counting objects:  52% (113/217)        
2023-09-16T00:17:33.9695650Z remote: Counting objects:  53% (116/217)        
2023-09-16T00:17:33.9699850Z remote: Counting objects:  54% (118/217)        
2023-09-16T00:17:33.9702100Z remote: Counting objects:  55% (120/217)        
2023-09-16T00:17:33.9709400Z remote: Counting objects:  56% (122/217)        
2023-09-16T00:17:33.9716290Z remote: Counting objects:  57% (124/217)        
2023-09-16T00:17:33.9718960Z remote: Counting objects:  58% (126/217)        
2023-09-16T00:17:33.9728250Z remote: Counting objects:  59% (129/217)        
2023-09-16T00:17:33.9729020Z remote: Counting objects:  60% (131/217)        
2023-09-16T00:17:33.9730020Z remote: Counting objects:  61% (133/217)        
2023-09-16T00:17:33.9731210Z remote: Counting objects:  62% (135/217)        
2023-09-16T00:17:33.9736240Z remote: Counting objects:  63% (137/217)        
2023-09-16T00:17:33.9738240Z remote: Counting objects:  64% (139/217)        
2023-09-16T00:17:33.9739540Z remote: Counting objects:  65% (142/217)        
2023-09-16T00:17:33.9740880Z remote: Counting objects:  66% (144/217)        
2023-09-16T00:17:33.9744490Z remote: Counting objects:  67% (146/217)        
2023-09-16T00:17:33.9746130Z remote: Counting objects:  68% (148/217)        
2023-09-16T00:17:33.9748240Z remote: Counting objects:  69% (150/217)        
2023-09-16T00:17:33.9784820Z remote: Counting objects:  70% (152/217)        
2023-09-16T00:17:33.9799400Z remote: Counting objects:  71% (155/217)        
2023-09-16T00:17:33.9808930Z remote: Counting objects:  72% (157/217)        
2023-09-16T00:17:33.9811510Z remote: Counting objects:  73% (159/217)        
2023-09-16T00:17:33.9813640Z remote: Counting objects:  74% (161/217)        
2023-09-16T00:17:33.9817060Z remote: Counting objects:  75% (163/217)        
2023-09-16T00:17:33.9829830Z remote: Counting objects:  76% (165/217)        
2023-09-16T00:17:33.9843500Z remote: Counting objects:  77% (168/217)        
2023-09-16T00:17:33.9859050Z remote: Counting objects:  78% (170/217)        
2023-09-16T00:17:33.9869870Z remote: Counting objects:  79% (172/217)        
2023-09-16T00:17:33.9872970Z remote: Counting objects:  80% (174/217)        
2023-09-16T00:17:33.9874370Z remote: Counting objects:  81% (176/217)        
2023-09-16T00:17:33.9877970Z remote: Counting objects:  82% (178/217)        
2023-09-16T00:17:33.9885310Z remote: Counting objects:  83% (181/217)        
2023-09-16T00:17:33.9889230Z remote: Counting objects:  84% (183/217)        
2023-09-16T00:17:33.9891690Z remote: Counting objects:  85% (185/217)        
2023-09-16T00:17:33.9895900Z remote: Counting objects:  86% (187/217)        
2023-09-16T00:17:33.9900840Z remote: Counting objects:  87% (189/217)        
2023-09-16T00:17:33.9905490Z remote: Counting objects:  88% (191/217)        
2023-09-16T00:17:33.9906760Z remote: Counting objects:  89% (194/217)        
2023-09-16T00:17:33.9952560Z remote: Counting objects:  90% (196/217)        
2023-09-16T00:17:33.9957270Z remote: Counting objects:  91% (198/217)        
2023-09-16T00:17:33.9959060Z remote: Counting objects:  92% (200/217)        
2023-09-16T00:17:33.9962610Z remote: Counting objects:  93% (202/217)        
2023-09-16T00:17:33.9965980Z remote: Counting objects:  94% (204/217)        
2023-09-16T00:17:33.9971130Z remote: Counting objects:  95% (207/217)        
2023-09-16T00:17:33.9977430Z remote: Counting objects:  96% (209/217)        
2023-09-16T00:17:33.9982480Z remote: Counting objects:  97% (211/217)        
2023-09-16T00:17:34.0024760Z remote: Counting objects:  98% (213/217)        
2023-09-16T00:17:34.0071460Z remote: Counting objects:  99% (215/217)        
2023-09-16T00:17:34.0073780Z remote: Counting objects: 100% (217/217)        
2023-09-16T00:17:34.0091710Z remote: Counting objects: 100% (217/217), done.        
2023-09-16T00:17:34.0146470Z remote: Compressing objects:   0% (1/166)        
2023-09-16T00:17:34.0161940Z remote: Compressing objects:   1% (2/166)        
2023-09-16T00:17:34.0162950Z remote: Compressing objects:   2% (4/166)        
2023-09-16T00:17:34.0164290Z remote: Compressing objects:   3% (5/166)        
2023-09-16T00:17:34.0165030Z remote: Compressing objects:   4% (7/166)        
2023-09-16T00:17:34.0165720Z remote: Compressing objects:   5% (9/166)        
2023-09-16T00:17:34.0166410Z remote: Compressing objects:   6% (10/166)        
2023-09-16T00:17:34.0167110Z remote: Compressing objects:   7% (12/166)        
2023-09-16T00:17:34.0167800Z remote: Compressing objects:   8% (14/166)        
2023-09-16T00:17:34.0168610Z remote: Compressing objects:   9% (15/166)        
2023-09-16T00:17:34.0169320Z remote: Compressing objects:  10% (17/166)        
2023-09-16T00:17:34.0170020Z remote: Compressing objects:  11% (19/166)        
2023-09-16T00:17:34.0170720Z remote: Compressing objects:  12% (20/166)        
2023-09-16T00:17:34.0171520Z remote: Compressing objects:  13% (22/166)        
2023-09-16T00:17:34.0172220Z remote: Compressing objects:  14% (24/166)        
2023-09-16T00:17:34.0172930Z remote: Compressing objects:  15% (25/166)        
2023-09-16T00:17:34.0173620Z remote: Compressing objects:  16% (27/166)        
2023-09-16T00:17:34.0175100Z remote: Compressing objects:  17% (29/166)        
2023-09-16T00:17:34.0175810Z remote: Compressing objects:  18% (30/166)        
2023-09-16T00:17:34.0176510Z remote: Compressing objects:  19% (32/166)        
2023-09-16T00:17:34.0177210Z remote: Compressing objects:  20% (34/166)        
2023-09-16T00:17:34.0177900Z remote: Compressing objects:  21% (35/166)        
2023-09-16T00:17:34.0178590Z remote: Compressing objects:  22% (37/166)        
2023-09-16T00:17:34.0179290Z remote: Compressing objects:  23% (39/166)        
2023-09-16T00:17:34.0179990Z remote: Compressing objects:  24% (40/166)        
2023-09-16T00:17:34.0180690Z remote: Compressing objects:  25% (42/166)        
2023-09-16T00:17:34.0181380Z remote: Compressing objects:  26% (44/166)        
2023-09-16T00:17:34.0182080Z remote: Compressing objects:  27% (45/166)        
2023-09-16T00:17:34.0182770Z remote: Compressing objects:  28% (47/166)        
2023-09-16T00:17:34.0183470Z remote: Compressing objects:  29% (49/166)        
2023-09-16T00:17:34.0184180Z remote: Compressing objects:  30% (50/166)        
2023-09-16T00:17:34.0184870Z remote: Compressing objects:  31% (52/166)        
2023-09-16T00:17:34.0185570Z remote: Compressing objects:  32% (54/166)        
2023-09-16T00:17:34.0186260Z remote: Compressing objects:  33% (55/166)        
2023-09-16T00:17:34.0186950Z remote: Compressing objects:  34% (57/166)        
2023-09-16T00:17:34.0187660Z remote: Compressing objects:  35% (59/166)        
2023-09-16T00:17:34.0188340Z remote: Compressing objects:  36% (60/166)        
2023-09-16T00:17:34.0189040Z remote: Compressing objects:  37% (62/166)        
2023-09-16T00:17:34.0189730Z remote: Compressing objects:  38% (64/166)        
2023-09-16T00:17:34.0190430Z remote: Compressing objects:  39% (65/166)        
2023-09-16T00:17:34.0191130Z remote: Compressing objects:  40% (67/166)        
2023-09-16T00:17:34.0191820Z remote: Compressing objects:  41% (69/166)        
2023-09-16T00:17:34.0193100Z remote: Compressing objects:  42% (70/166)        
2023-09-16T00:17:34.0193860Z remote: Compressing objects:  43% (72/166)        
2023-09-16T00:17:34.0194570Z remote: Compressing objects:  44% (74/166)        
2023-09-16T00:17:34.0195270Z remote: Compressing objects:  45% (75/166)        
2023-09-16T00:17:34.0195960Z remote: Compressing objects:  46% (77/166)        
2023-09-16T00:17:34.0196660Z remote: Compressing objects:  47% (79/166)        
2023-09-16T00:17:34.0197350Z remote: Compressing objects:  48% (80/166)        
2023-09-16T00:17:34.0198050Z remote: Compressing objects:  49% (82/166)        
2023-09-16T00:17:34.0198750Z remote: Compressing objects:  50% (83/166)        
2023-09-16T00:17:34.0199430Z remote: Compressing objects:  51% (85/166)        
2023-09-16T00:17:34.0200130Z remote: Compressing objects:  52% (87/166)        
2023-09-16T00:17:34.0200930Z remote: Compressing objects:  53% (88/166)        
2023-09-16T00:17:34.0201640Z remote: Compressing objects:  54% (90/166)        
2023-09-16T00:17:34.0202360Z remote: Compressing objects:  55% (92/166)        
2023-09-16T00:17:34.0203060Z remote: Compressing objects:  56% (93/166)        
2023-09-16T00:17:34.0203760Z remote: Compressing objects:  57% (95/166)        
2023-09-16T00:17:34.0204450Z remote: Compressing objects:  58% (97/166)        
2023-09-16T00:17:34.0205140Z remote: Compressing objects:  59% (98/166)        
2023-09-16T00:17:34.0205840Z remote: Compressing objects:  60% (100/166)        
2023-09-16T00:17:34.0206550Z remote: Compressing objects:  61% (102/166)        
2023-09-16T00:17:34.0207260Z remote: Compressing objects:  62% (103/166)        
2023-09-16T00:17:34.0207970Z remote: Compressing objects:  63% (105/166)        
2023-09-16T00:17:34.0208660Z remote: Compressing objects:  64% (107/166)        
2023-09-16T00:17:34.0209360Z remote: Compressing objects:  65% (108/166)        
2023-09-16T00:17:34.0210050Z remote: Compressing objects:  66% (110/166)        
2023-09-16T00:17:34.0210740Z remote: Compressing objects:  67% (112/166)        
2023-09-16T00:17:34.0212070Z remote: Compressing objects:  68% (113/166)        
2023-09-16T00:17:34.0212770Z remote: Compressing objects:  69% (115/166)        
2023-09-16T00:17:34.0213470Z remote: Compressing objects:  70% (117/166)        
2023-09-16T00:17:34.0214170Z remote: Compressing objects:  71% (118/166)        
2023-09-16T00:17:34.0214860Z remote: Compressing objects:  72% (120/166)        
2023-09-16T00:17:34.0215560Z remote: Compressing objects:  73% (122/166)        
2023-09-16T00:17:34.0216250Z remote: Compressing objects:  74% (123/166)        
2023-09-16T00:17:34.0216960Z remote: Compressing objects:  75% (125/166)        
2023-09-16T00:17:34.0217660Z remote: Compressing objects:  76% (127/166)        
2023-09-16T00:17:34.0218360Z remote: Compressing objects:  77% (128/166)        
2023-09-16T00:17:34.0219050Z remote: Compressing objects:  78% (130/166)        
2023-09-16T00:17:34.0219740Z remote: Compressing objects:  79% (132/166)        
2023-09-16T00:17:34.0220530Z remote: Compressing objects:  80% (133/166)        
2023-09-16T00:17:34.0221250Z remote: Compressing objects:  81% (135/166)        
2023-09-16T00:17:34.0221950Z remote: Compressing objects:  82% (137/166)        
2023-09-16T00:17:34.0222650Z remote: Compressing objects:  83% (138/166)        
2023-09-16T00:17:34.0223330Z remote: Compressing objects:  84% (140/166)        
2023-09-16T00:17:34.0224030Z remote: Compressing objects:  85% (142/166)        
2023-09-16T00:17:34.0224720Z remote: Compressing objects:  86% (143/166)        
2023-09-16T00:17:34.0233350Z remote: Compressing objects:  87% (145/166)        
2023-09-16T00:17:34.0234170Z remote: Compressing objects:  88% (147/166)        
2023-09-16T00:17:34.0234880Z remote: Compressing objects:  89% (148/166)        
2023-09-16T00:17:34.0235600Z remote: Compressing objects:  90% (150/166)        
2023-09-16T00:17:34.0236310Z remote: Compressing objects:  91% (152/166)        
2023-09-16T00:17:34.0237030Z remote: Compressing objects:  92% (153/166)        
2023-09-16T00:17:34.0238410Z remote: Compressing objects:  93% (155/166)        
2023-09-16T00:17:34.0239180Z remote: Compressing objects:  94% (157/166)        
2023-09-16T00:17:34.0239900Z remote: Compressing objects:  95% (158/166)        
2023-09-16T00:17:34.0240600Z remote: Compressing objects:  96% (160/166)        
2023-09-16T00:17:34.0241410Z remote: Compressing objects:  97% (162/166)        
2023-09-16T00:17:34.0242120Z remote: Compressing objects:  98% (163/166)        
2023-09-16T00:17:34.0242830Z remote: Compressing objects:  99% (165/166)        
2023-09-16T00:17:34.0243530Z remote: Compressing objects: 100% (166/166)        
2023-09-16T00:17:34.0244260Z remote: Compressing objects: 100% (166/166), done.        
2023-09-16T00:17:34.0244960Z Receiving objects:   0% (1/217)
2023-09-16T00:17:34.0245590Z Receiving objects:   1% (3/217)
2023-09-16T00:17:34.0246210Z Receiving objects:   2% (5/217)
2023-09-16T00:17:34.0246830Z Receiving objects:   3% (7/217)
2023-09-16T00:17:34.0247440Z Receiving objects:   4% (9/217)
2023-09-16T00:17:34.0248090Z Receiving objects:   5% (11/217)
2023-09-16T00:17:34.0248740Z Receiving objects:   6% (14/217)
2023-09-16T00:17:34.0249370Z Receiving objects:   7% (16/217)
2023-09-16T00:17:34.0250010Z Receiving objects:   8% (18/217)
2023-09-16T00:17:34.0250650Z Receiving objects:   9% (20/217)
2023-09-16T00:17:34.0251280Z Receiving objects:  10% (22/217)
2023-09-16T00:17:34.0251920Z Receiving objects:  11% (24/217)
2023-09-16T00:17:34.0252540Z Receiving objects:  12% (27/217)
2023-09-16T00:17:34.0253180Z Receiving objects:  13% (29/217)
2023-09-16T00:17:34.0253800Z Receiving objects:  14% (31/217)
2023-09-16T00:17:34.0254440Z Receiving objects:  15% (33/217)
2023-09-16T00:17:34.0255070Z Receiving objects:  16% (35/217)
2023-09-16T00:17:34.0255690Z Receiving objects:  17% (37/217)
2023-09-16T00:17:34.0256320Z Receiving objects:  18% (40/217)
2023-09-16T00:17:34.0256950Z Receiving objects:  19% (42/217)
2023-09-16T00:17:34.0257580Z Receiving objects:  20% (44/217)
2023-09-16T00:17:34.0258210Z Receiving objects:  21% (46/217)
2023-09-16T00:17:34.0259540Z Receiving objects:  22% (48/217)
2023-09-16T00:17:34.0260180Z Receiving objects:  23% (50/217)
2023-09-16T00:17:34.0260810Z Receiving objects:  24% (53/217)
2023-09-16T00:17:34.0261450Z Receiving objects:  25% (55/217)
2023-09-16T00:17:34.0262080Z Receiving objects:  26% (57/217)
2023-09-16T00:17:34.0262840Z Receiving objects:  27% (59/217)
2023-09-16T00:17:34.0263490Z Receiving objects:  28% (61/217)
2023-09-16T00:17:34.0264140Z Receiving objects:  29% (63/217)
2023-09-16T00:17:34.0264770Z Receiving objects:  30% (66/217)
2023-09-16T00:17:34.0265400Z Receiving objects:  31% (68/217)
2023-09-16T00:17:34.0266040Z Receiving objects:  32% (70/217)
2023-09-16T00:17:34.0266660Z Receiving objects:  33% (72/217)
2023-09-16T00:17:34.0267300Z Receiving objects:  34% (74/217)
2023-09-16T00:17:34.0267930Z Receiving objects:  35% (76/217)
2023-09-16T00:17:34.0268560Z Receiving objects:  36% (79/217)
2023-09-16T00:17:34.0269180Z Receiving objects:  37% (81/217)
2023-09-16T00:17:34.0270200Z Receiving objects:  38% (83/217)
2023-09-16T00:17:34.0270930Z Receiving objects:  39% (85/217)
2023-09-16T00:17:34.0272060Z Receiving objects:  40% (87/217)
2023-09-16T00:17:34.0272900Z Receiving objects:  41% (89/217)
2023-09-16T00:17:34.0273530Z Receiving objects:  42% (92/217)
2023-09-16T00:17:34.0274170Z Receiving objects:  43% (94/217)
2023-09-16T00:17:34.0274820Z Receiving objects:  44% (96/217)
2023-09-16T00:17:34.0275440Z Receiving objects:  45% (98/217)
2023-09-16T00:17:34.0276080Z Receiving objects:  46% (100/217)
2023-09-16T00:17:34.0276730Z Receiving objects:  47% (102/217)
2023-09-16T00:17:34.0277530Z Receiving objects:  48% (105/217)
2023-09-16T00:17:34.0278200Z Receiving objects:  49% (107/217)
2023-09-16T00:17:34.0278830Z Receiving objects:  50% (109/217)
2023-09-16T00:17:34.0279470Z Receiving objects:  51% (111/217)
2023-09-16T00:17:34.0280480Z Receiving objects:  52% (113/217)
2023-09-16T00:17:34.0281240Z Receiving objects:  53% (116/217)
2023-09-16T00:17:34.0284730Z Receiving objects:  54% (118/217)
2023-09-16T00:17:34.0285500Z Receiving objects:  55% (120/217)
2023-09-16T00:17:34.0286160Z Receiving objects:  56% (122/217)
2023-09-16T00:17:34.0286810Z Receiving objects:  57% (124/217)
2023-09-16T00:17:34.0287470Z Receiving objects:  58% (126/217)
2023-09-16T00:17:34.0288110Z Receiving objects:  59% (129/217)
2023-09-16T00:17:34.0288770Z Receiving objects:  60% (131/217)
2023-09-16T00:17:34.0289420Z Receiving objects:  61% (133/217)
2023-09-16T00:17:34.0290060Z Receiving objects:  62% (135/217)
2023-09-16T00:17:34.0290700Z Receiving objects:  63% (137/217)
2023-09-16T00:17:34.0291450Z Receiving objects:  64% (139/217)
2023-09-16T00:17:34.0292100Z Receiving objects:  65% (142/217)
2023-09-16T00:17:34.0292740Z Receiving objects:  66% (144/217)
2023-09-16T00:17:34.0293370Z Receiving objects:  67% (146/217)
2023-09-16T00:17:34.0294010Z Receiving objects:  68% (148/217)
2023-09-16T00:17:34.0294640Z Receiving objects:  69% (150/217)
2023-09-16T00:17:34.0295280Z Receiving objects:  70% (152/217)
2023-09-16T00:17:34.0296180Z Receiving objects:  71% (155/217)
2023-09-16T00:17:34.0296820Z Receiving objects:  72% (157/217)
2023-09-16T00:17:34.0297460Z Receiving objects:  73% (159/217)
2023-09-16T00:17:34.0298270Z Receiving objects:  74% (161/217)
2023-09-16T00:17:34.0298920Z Receiving objects:  75% (163/217)
2023-09-16T00:17:34.0299560Z Receiving objects:  76% (165/217)
2023-09-16T00:17:34.0300190Z Receiving objects:  77% (168/217)
2023-09-16T00:17:34.0300830Z Receiving objects:  78% (170/217)
2023-09-16T00:17:34.0301460Z Receiving objects:  79% (172/217)
2023-09-16T00:17:34.0302100Z Receiving objects:  80% (174/217)
2023-09-16T00:17:34.0302740Z Receiving objects:  81% (176/217)
2023-09-16T00:17:34.0303380Z Receiving objects:  82% (178/217)
2023-09-16T00:17:34.0304460Z remote: Total 217 (delta 31), reused 90 (delta 2), pack-reused 0        
2023-09-16T00:17:34.0305260Z Receiving objects:  83% (181/217)
2023-09-16T00:17:34.0305920Z Receiving objects:  84% (183/217)
2023-09-16T00:17:34.0314550Z Receiving objects:  85% (185/217)
2023-09-16T00:17:34.0315310Z Receiving objects:  86% (187/217)
2023-09-16T00:17:34.0315960Z Receiving objects:  87% (189/217)
2023-09-16T00:17:34.0316610Z Receiving objects:  88% (191/217)
2023-09-16T00:17:34.0317250Z Receiving objects:  89% (194/217)
2023-09-16T00:17:34.0317880Z Receiving objects:  90% (196/217)
2023-09-16T00:17:34.0318520Z Receiving objects:  91% (198/217)
2023-09-16T00:17:34.0319160Z Receiving objects:  92% (200/217)
2023-09-16T00:17:34.0319800Z Receiving objects:  93% (202/217)
2023-09-16T00:17:34.0320440Z Receiving objects:  94% (204/217)
2023-09-16T00:17:34.0321210Z Receiving objects:  95% (207/217)
2023-09-16T00:17:34.0321850Z Receiving objects:  96% (209/217)
2023-09-16T00:17:34.0322500Z Receiving objects:  97% (211/217)
2023-09-16T00:17:34.0323130Z Receiving objects:  98% (213/217)
2023-09-16T00:17:34.0323770Z Receiving objects:  99% (215/217)
2023-09-16T00:17:34.0324410Z Receiving objects: 100% (217/217)
2023-09-16T00:17:34.0325130Z Receiving objects: 100% (217/217), 375.64 KiB | 13.42 MiB/s, done.
2023-09-16T00:17:34.0325920Z Resolving deltas:   0% (0/31)
2023-09-16T00:17:34.0326540Z Resolving deltas:   3% (1/31)
2023-09-16T00:17:34.0327160Z Resolving deltas:   6% (2/31)
2023-09-16T00:17:34.0327780Z Resolving deltas:  12% (4/31)
2023-09-16T00:17:34.0328400Z Resolving deltas:  16% (5/31)
2023-09-16T00:17:34.0329010Z Resolving deltas:  19% (6/31)
2023-09-16T00:17:34.0329630Z Resolving deltas:  25% (8/31)
2023-09-16T00:17:34.0330240Z Resolving deltas:  29% (9/31)
2023-09-16T00:17:34.0330850Z Resolving deltas:  32% (10/31)
2023-09-16T00:17:34.0331480Z Resolving deltas:  38% (12/31)
2023-09-16T00:17:34.0332090Z Resolving deltas:  41% (13/31)
2023-09-16T00:17:34.0332710Z Resolving deltas:  48% (15/31)
2023-09-16T00:17:34.0333390Z Resolving deltas:  51% (16/31)
2023-09-16T00:17:34.0334000Z Resolving deltas:  54% (17/31)
2023-09-16T00:17:34.0334610Z Resolving deltas:  58% (18/31)
2023-09-16T00:17:34.0335220Z Resolving deltas:  61% (19/31)
2023-09-16T00:17:34.0336740Z Resolving deltas:  67% (21/31)
2023-09-16T00:17:34.0337450Z Resolving deltas:  70% (22/31)
2023-09-16T00:17:34.0338070Z Resolving deltas:  74% (23/31)
2023-09-16T00:17:34.0338680Z Resolving deltas:  77% (24/31)
2023-09-16T00:17:34.0339290Z Resolving deltas:  80% (25/31)
2023-09-16T00:17:34.0339910Z Resolving deltas:  83% (26/31)
2023-09-16T00:17:34.0340520Z Resolving deltas:  87% (27/31)
2023-09-16T00:17:34.0341260Z Resolving deltas:  90% (28/31)
2023-09-16T00:17:34.0341880Z Resolving deltas:  93% (29/31)
2023-09-16T00:17:34.0342480Z Resolving deltas:  96% (30/31)
2023-09-16T00:17:34.0343100Z Resolving deltas: 100% (31/31)
2023-09-16T00:17:34.0343730Z Resolving deltas: 100% (31/31), done.
2023-09-16T00:17:34.0344740Z From https://github.com/adamint/spotify-web-api-kotlin
2023-09-16T00:17:34.0345750Z  * [new ref]         f1f54530807e3744014c8726240886eeb19c74f9 -> origin/main
2023-09-16T00:17:34.0347040Z ##[endgroup]
2023-09-16T00:17:34.0348090Z ##[group]Determining the checkout info
2023-09-16T00:17:34.0349110Z ##[endgroup]
2023-09-16T00:17:34.0350540Z ##[group]Checking out the ref
2023-09-16T00:17:34.0351800Z [command]/usr/local/bin/git checkout --progress --force -B main refs/remotes/origin/main
2023-09-16T00:17:34.0352790Z Switched to a new branch 'main'
2023-09-16T00:17:34.0353580Z branch 'main' set up to track 'origin/main'.
2023-09-16T00:17:34.0354700Z ##[endgroup]
2023-09-16T00:17:34.0355490Z [command]/usr/local/bin/git log -1 --format='%H'
2023-09-16T00:17:34.0356310Z 'f1f54530807e3744014c8726240886eeb19c74f9'
2023-09-16T00:17:34.1196220Z ##[group]Run actions/setup-java@v2
2023-09-16T00:17:34.1196950Z with:
2023-09-16T00:17:34.1197520Z   distribution: adopt
2023-09-16T00:17:34.1202540Z   java-version: 17
2023-09-16T00:17:34.1203140Z   java-package: jdk
2023-09-16T00:17:34.1208070Z   architecture: x64
2023-09-16T00:17:34.1208660Z   check-latest: false
2023-09-16T00:17:34.1209220Z   server-id: github
2023-09-16T00:17:34.1209790Z   server-username: GITHUB_ACTOR
2023-09-16T00:17:34.1227690Z   server-password: GITHUB_TOKEN
2023-09-16T00:17:34.1229320Z   overwrite-settings: true
2023-09-16T00:17:34.1229950Z   job-status: success
2023-09-16T00:17:34.1230510Z env:
2023-09-16T00:17:34.1231650Z   SPOTIFY_CLIENT_ID: ***
2023-09-16T00:17:34.1232680Z   SPOTIFY_CLIENT_SECRET: ***
2023-09-16T00:17:34.1233710Z   SPOTIFY_REDIRECT_URI: https://***.com/projects/spotify/callback
2023-09-16T00:17:34.1234510Z   NEXUS_USERNAME: ***
2023-09-16T00:17:34.1235180Z   NEXUS_PASSWORD: ***
2023-09-16T00:17:34.1252380Z   ORG_GRADLE_PROJECT_SIGNING_KEY: ***
2023-09-16T00:17:34.1253230Z   ORG_GRADLE_PROJECT_SIGNING_PASSWORD: ***
2023-09-16T00:17:34.1254110Z   SPOTIFY_API_PUBLISH_VERSION: 4.0.3
2023-09-16T00:17:34.1254750Z ##[endgroup]
2023-09-16T00:17:34.5354770Z Trying to resolve the latest version from remote
2023-09-16T00:17:35.0993510Z Resolved latest version as 17.0.8+101
2023-09-16T00:17:35.1038510Z Trying to download...
2023-09-16T00:17:35.1091720Z Downloading Java 17.0.8+101 (Adopt-Hotspot) from https://github.com/adoptium/temurin17-binaries/releases/download/jdk-17.0.8.1%2B1/OpenJDK17U-jdk_x64_mac_hotspot_17.0.8.1_1.tar.gz ...
2023-09-16T00:17:38.7481140Z Extracting Java archive...
2023-09-16T00:17:38.8116360Z [command]/usr/bin/tar xz -C /Users/runner/work/_temp/92c3a4e3-0256-4b98-8cc6-71ebb84658c6 -f /Users/runner/work/_temp/f9b36009-beea-4df0-abf6-b13f37d59676
2023-09-16T00:17:43.1314420Z Java 17.0.8+101 was downloaded
2023-09-16T00:17:43.1357800Z Setting Java 17.0.8+101 as the default
2023-09-16T00:17:43.1376800Z 
2023-09-16T00:17:43.1378170Z Java configuration:
2023-09-16T00:17:43.1413840Z   Distribution: adopt
2023-09-16T00:17:43.1415170Z   Version: 17.0.8+101
2023-09-16T00:17:43.1485420Z   Path: /Users/runner/hostedtoolcache/Java_Adopt_jdk/17.0.8-101/x64/Contents/Home
2023-09-16T00:17:43.1486670Z 
2023-09-16T00:17:43.1522260Z Creating settings.xml with server-id: github
2023-09-16T00:17:43.1523440Z Writing to /Users/runner/.m2/settings.xml
2023-09-16T00:17:43.1749480Z ##[group]Run ./gradlew publishMacosX64PublicationToNexusRepository publishIosX64PublicationToNexusRepository publishIosArm64PublicationToNexusRepository
2023-09-16T00:17:43.1751480Z [36;1m./gradlew publishMacosX64PublicationToNexusRepository publishIosX64PublicationToNexusRepository publishIosArm64PublicationToNexusRepository[0m
2023-09-16T00:17:43.1972850Z shell: /bin/bash -e {0}
2023-09-16T00:17:43.1973910Z env:
2023-09-16T00:17:43.1976090Z   SPOTIFY_CLIENT_ID: ***
2023-09-16T00:17:43.1977200Z   SPOTIFY_CLIENT_SECRET: ***
2023-09-16T00:17:43.1978570Z   SPOTIFY_REDIRECT_URI: https://***.com/projects/spotify/callback
2023-09-16T00:17:43.1980130Z   NEXUS_USERNAME: ***
2023-09-16T00:17:43.1981320Z   NEXUS_PASSWORD: ***
2023-09-16T00:17:43.2000620Z   ORG_GRADLE_PROJECT_SIGNING_KEY: ***
2023-09-16T00:17:43.2001530Z   ORG_GRADLE_PROJECT_SIGNING_PASSWORD: ***
2023-09-16T00:17:43.2002240Z   SPOTIFY_API_PUBLISH_VERSION: 4.0.3
2023-09-16T00:17:43.2003100Z   JAVA_HOME: /Users/runner/hostedtoolcache/Java_Adopt_jdk/17.0.8-101/x64/Contents/Home
2023-09-16T00:17:43.2003950Z ##[endgroup]
2023-09-16T00:17:44.4626490Z Downloading https://services.gradle.org/distributions/gradle-8.3-bin.zip
2023-09-16T00:17:47.8823540Z ............10%............20%.............30%............40%.............50%............60%.............70%............80%.............90%............100%
2023-09-16T00:17:52.3748410Z Starting a Gradle Daemon (subsequent builds will be faster)
2023-09-16T00:19:28.4993180Z 
2023-09-16T00:19:28.5094720Z > Configure project :
2023-09-16T00:19:28.5196070Z w: file:///Users/runner/work/spotify-web-api-kotlin/spotify-web-api-kotlin/build.gradle.kts:59:9: 'targetSdk: Int?' is deprecated. Will be removed from library DSL in v9.0
2023-09-16T00:19:28.5298380Z w: file:///Users/runner/work/spotify-web-api-kotlin/spotify-web-api-kotlin/build.gradle.kts:113:13: 'webpackTask(KotlinWebpack.() -> Unit): Unit' is deprecated. Please use webpackTask(Action)
2023-09-16T00:19:28.5399320Z w: file:///Users/runner/work/spotify-web-api-kotlin/spotify-web-api-kotlin/build.gradle.kts:118:13: 'testTask(KotlinJsTest.() -> Unit): Unit' is deprecated. Please use testTask(Action)
2023-09-16T00:19:28.5501010Z w: file:///Users/runner/work/spotify-web-api-kotlin/spotify-web-api-kotlin/build.gradle.kts:355:30: 'getter for buildDir: File!' is deprecated. Deprecated in Java
2023-09-16T00:19:31.0837260Z 
2023-09-16T00:19:31.0838900Z Please wait while Kotlin/Native compiler 1.9.10 is being installed.
2023-09-16T00:19:31.5375800Z Download https://download.jetbrains.com/kotlin/native/builds/releases/1.9.10/macos-x86_64/kotlin-native-prebuilt-macos-x86_64-1.9.10.tar.gz (320.78 MB)
2023-09-16T00:19:35.5795150Z Download kotlin-native-prebuilt-macos-x86_64-1.9.10.tar.gz finished, took 4 s 91 ms
2023-09-16T00:19:35.5796960Z Unpack Kotlin/Native compiler to /Users/runner/.konan/kotlin-native-prebuilt-macos-x86_64-1.9.10
2023-09-16T00:19:57.6305670Z Unpack Kotlin/Native compiler to /Users/runner/.konan/kotlin-native-prebuilt-macos-x86_64-1.9.10 finished, took 22 s 41 ms
2023-09-16T00:20:08.2728530Z Configuration 'jsNpmAggregated' was resolved during configuration time.
2023-09-16T00:20:08.2729870Z This is a build performance and scalability issue.
2023-09-16T00:20:08.2731000Z See https://github.com/gradle/gradle/issues/2298
2023-09-16T00:20:08.2732230Z Run with --info for a stacktrace.
2023-09-16T00:20:40.1966480Z 
2023-09-16T00:20:40.1968120Z > Task :compileKotlinMacosX64
2023-09-16T00:20:40.1970060Z Downloading native dependencies (LLVM, sysroot etc). This is a one-time action performed only on the first run of the compiler.
2023-09-16T00:20:40.5033750Z 
2023-09-16T00:20:40.9222760Z (KonanProperies) Downloading dependency: https://download.jetbrains.com/kotlin/native/lldb-4-macos.tar.gz (0/64230999). 
2023-09-16T00:20:40.9224790Z (KonanProperies) Downloading dependency: https://download.jetbrains.com/kotlin/native/lldb-4-macos.tar.gz (64230999/64230999). Done.
2023-09-16T00:20:40.9228080Z Extracting dependency: /Users/runner/.konan/cache/lldb-4-macos.tar.gz into /Users/runner/.konan/dependencies
2023-09-16T00:20:42.6971190Z 
2023-09-16T00:20:43.3377900Z (KonanProperies) Downloading dependency: https://download.jetbrains.com/kotlin/native/apple-llvm-20200714-macos-x64-essentials.tar.gz (0/94217229). 
2023-09-16T00:20:43.3380740Z (KonanProperies) Downloading dependency: https://download.jetbrains.com/kotlin/native/apple-llvm-20200714-macos-x64-essentials.tar.gz (94217229/94217229). Done.
2023-09-16T00:20:43.3383640Z Extracting dependency: /Users/runner/.konan/cache/apple-llvm-20200714-macos-x64-essentials.tar.gz into /Users/runner/.konan/dependencies
2023-09-16T00:20:44.8670330Z 
2023-09-16T00:20:44.8671900Z (KonanProperies) Downloading dependency: https://download.jetbrains.com/kotlin/native/libffi-3.2.1-3-darwin-macos.tar.gz (0/74356). 
2023-09-16T00:20:44.8673580Z (KonanProperies) Downloading dependency: https://download.jetbrains.com/kotlin/native/libffi-3.2.1-3-darwin-macos.tar.gz (74356/74356). Done.
2023-09-16T00:20:44.8675470Z Extracting dependency: /Users/runner/.konan/cache/libffi-3.2.1-3-darwin-macos.tar.gz into /Users/runner/.konan/dependencies
2023-09-16T00:21:29.3643660Z w: file:///Users/runner/work/spotify-web-api-kotlin/spotify-web-api-kotlin/src/commonMain/kotlin/com.***.spotify/utils/Utils.kt:20:39 Parameter 'catchInternalServerError' is never used
2023-09-16T00:21:59.5037170Z 
2023-09-16T00:21:59.5040460Z > Task :commonizeNativeDistribution
2023-09-16T00:22:16.8690280Z > Task :transformCommonMainDependenciesMetadata
2023-09-16T00:22:17.0799520Z > Task :metadataCommonMainProcessResources NO-SOURCE
2023-09-16T00:22:18.4795330Z > Task :transformNativeDarwinMainDependenciesMetadata
2023-09-16T00:22:18.4897770Z > Task :preBuild UP-TO-DATE
2023-09-16T00:22:18.4999810Z > Task :preDebugBuild UP-TO-DATE
2023-09-16T00:22:18.7215910Z > Task :generateDebugResValues
2023-09-16T00:22:18.7254250Z > Task :generateDebugResources
2023-09-16T00:22:19.4840200Z > Task :packageDebugResources
2023-09-16T00:22:21.3791300Z > Task :parseDebugLocalResources
2023-09-16T00:22:21.3892000Z > Task :preReleaseBuild UP-TO-DATE
2023-09-16T00:22:21.3991920Z > Task :generateReleaseResValues
2023-09-16T00:22:21.4094020Z > Task :generateReleaseResources
2023-09-16T00:22:21.4194830Z > Task :packageReleaseResources
2023-09-16T00:22:21.4896310Z 
2023-09-16T00:22:21.4997680Z > Task :processDebugManifest
2023-09-16T00:22:21.5099400Z package="com.***.spotify" found in source AndroidManifest.xml: /Users/runner/work/spotify-web-api-kotlin/spotify-web-api-kotlin/src/androidMain/AndroidManifest.xml.
2023-09-16T00:22:21.5199990Z Setting the namespace via the package attribute in the source AndroidManifest.xml is no longer supported, and the value is ignored.
2023-09-16T00:22:21.5300730Z Recommendation: remove package="com.***.spotify" from the source AndroidManifest.xml: /Users/runner/work/spotify-web-api-kotlin/spotify-web-api-kotlin/src/androidMain/AndroidManifest.xml.
2023-09-16T00:22:21.5399610Z 
2023-09-16T00:22:21.5501140Z > Task :parseReleaseLocalResources
2023-09-16T00:22:21.9262650Z > Task :generateDebugRFile
2023-09-16T00:22:21.9291150Z > Task :metadataNativeDarwinMainProcessResources NO-SOURCE
2023-09-16T00:22:22.0760070Z 
2023-09-16T00:22:22.0861620Z > Task :processReleaseManifest
2023-09-16T00:22:22.0963420Z package="com.***.spotify" found in source AndroidManifest.xml: /Users/runner/work/spotify-web-api-kotlin/spotify-web-api-kotlin/src/androidMain/AndroidManifest.xml.
2023-09-16T00:22:22.0964960Z Setting the namespace via the package attribute in the source AndroidManifest.xml is no longer supported, and the value is ignored.
2023-09-16T00:22:22.1068000Z Recommendation: remove package="com.***.spotify" from the source AndroidManifest.xml: /Users/runner/work/spotify-web-api-kotlin/spotify-web-api-kotlin/src/androidMain/AndroidManifest.xml.
2023-09-16T00:22:22.4418330Z 
2023-09-16T00:22:22.4519570Z > Task :transformCommonJvmLikeMainDependenciesMetadata
2023-09-16T00:22:22.7488080Z > Task :generateReleaseRFile
2023-09-16T00:22:25.8025120Z > Task :transformDesktopMainDependenciesMetadata
2023-09-16T00:22:26.1656300Z > Task :transformIosMainDependenciesMetadata
2023-09-16T00:22:26.5054550Z > Task :macosX64MetadataJar
2023-09-16T00:22:26.9753540Z > Task :macosX64SourcesJar
2023-09-16T00:22:27.9188250Z > Task :generateMetadataFileForMacosX64Publication
2023-09-16T00:22:28.1668130Z > Task :generatePomFileForMacosX64Publication
2023-09-16T00:22:28.5905170Z > Task :androidDebugSourcesJar
2023-09-16T00:22:28.9206760Z > Task :androidReleaseSourcesJar
2023-09-16T00:22:29.1867350Z > Task :mergeDebugJniLibFolders
2023-09-16T00:22:29.1968770Z > Task :mergeDebugNativeLibs NO-SOURCE
2023-09-16T00:22:29.1969800Z > Task :stripDebugDebugSymbols NO-SOURCE
2023-09-16T00:22:29.2071440Z > Task :copyDebugJniLibsProjectAndLocalJars
2023-09-16T00:22:46.8964620Z > Task :compileCommonMainKotlinMetadata
2023-09-16T00:22:59.0957940Z > Task :compileDebugKotlinAndroid
2023-09-16T00:23:06.2868160Z > Task :extractDeepLinksForAarDebug
2023-09-16T00:23:06.2968740Z > Task :javaPreCompileDebug
2023-09-16T00:23:06.3678150Z > Task :mergeDebugShaders
2023-09-16T00:23:06.3778880Z > Task :compileDebugShaders NO-SOURCE
2023-09-16T00:23:06.3881180Z > Task :generateDebugAssets UP-TO-DATE
2023-09-16T00:23:06.4684250Z > Task :packageDebugAssets
2023-09-16T00:23:06.4785980Z > Task :prepareDebugArtProfile
2023-09-16T00:23:06.4886480Z > Task :prepareLintJarForPublish
2023-09-16T00:23:06.6045920Z > Task :writeDebugAarMetadata
2023-09-16T00:23:06.8053260Z > Task :mergeReleaseJniLibFolders
2023-09-16T00:23:06.8154070Z > Task :mergeReleaseNativeLibs NO-SOURCE
2023-09-16T00:23:06.8254540Z > Task :stripReleaseDebugSymbols NO-SOURCE
2023-09-16T00:23:06.8354840Z > Task :copyReleaseJniLibsProjectAndLocalJars
2023-09-16T00:23:06.8456730Z > Task :extractDeepLinksForAarRelease
2023-09-16T00:23:30.2782750Z 
2023-09-16T00:23:30.2918450Z > Task :compileCommonMainKotlinMetadata
2023-09-16T00:23:30.2991140Z w: file:///Users/runner/work/spotify-web-api-kotlin/spotify-web-api-kotlin/src/commonMain/kotlin/com.***.spotify/utils/Utils.kt:20:39 Parameter 'catchInternalServerError' is never used
2023-09-16T00:23:30.3672300Z 
2023-09-16T00:23:30.3773240Z > Task :metadataCommonMainClasses
2023-09-16T00:23:36.7678180Z > Task :compileReleaseKotlinAndroid
2023-09-16T00:23:39.7165840Z > Task :compileNativeDarwinMainKotlinMetadata
2023-09-16T00:23:39.7220800Z > Task :metadataNativeDarwinMainClasses
2023-09-16T00:23:39.9024590Z > Task :javaPreCompileRelease
2023-09-16T00:23:39.9072830Z > Task :mergeReleaseShaders
2023-09-16T00:23:39.9154420Z > Task :compileReleaseShaders NO-SOURCE
2023-09-16T00:23:39.9256450Z > Task :generateReleaseAssets UP-TO-DATE
2023-09-16T00:23:39.9322640Z > Task :packageReleaseAssets
2023-09-16T00:23:40.0119840Z > Task :prepareReleaseArtProfile
2023-09-16T00:23:40.0221280Z > Task :writeReleaseAarMetadata
2023-09-16T00:23:40.1914980Z > Task :generatePomFileForAndroidPublication
2023-09-16T00:24:10.1754610Z > Task :compileKotlinIosArm64
2023-09-16T00:24:32.9394180Z w: file:///Users/runner/work/spotify-web-api-kotlin/spotify-web-api-kotlin/src/commonMain/kotlin/com.***.spotify/utils/Utils.kt:20:39 Parameter 'catchInternalServerError' is never used
2023-09-16T00:24:36.0043740Z 
2023-09-16T00:24:36.0148960Z > Task :compileIosMainKotlinMetadata
2023-09-16T00:24:36.0251300Z > Task :metadataIosMainProcessResources NO-SOURCE
2023-09-16T00:24:36.0353110Z > Task :metadataIosMainClasses
2023-09-16T00:24:36.1883250Z > Task :iosArm64MetadataJar
2023-09-16T00:24:36.4016810Z > Task :iosArm64SourcesJar
2023-09-16T00:24:36.5721730Z > Task :generateMetadataFileForIosArm64Publication
2023-09-16T00:24:36.5764010Z > Task :generatePomFileForIosArm64Publication
2023-09-16T00:25:06.5553330Z > Task :compileKotlinIosX64
2023-09-16T00:25:08.1637290Z w: file:///Users/runner/work/spotify-web-api-kotlin/spotify-web-api-kotlin/src/commonMain/kotlin/com.***.spotify/utils/Utils.kt:20:39 Parameter 'catchInternalServerError' is never used
2023-09-16T00:25:08.6036200Z 
2023-09-16T00:25:08.6037040Z > Task :iosX64MetadataJar
2023-09-16T00:25:08.8695600Z > Task :iosX64SourcesJar
2023-09-16T00:25:09.1191180Z > Task :generateMetadataFileForIosX64Publication
2023-09-16T00:25:09.2889090Z > Task :generatePomFileForIosX64Publication
2023-09-16T00:25:39.2772600Z > Task :compileKotlinJs
2023-09-16T00:25:45.7657640Z 
2023-09-16T00:25:45.7761360Z > Task :compileReleaseKotlinAndroid
2023-09-16T00:25:45.7862990Z w: file:///Users/runner/work/spotify-web-api-kotlin/spotify-web-api-kotlin/src/commonMain/kotlin/com.***.spotify/utils/Utils.kt:20:39 Parameter 'catchInternalServerError' is never used
2023-09-16T00:25:45.9695280Z 
2023-09-16T00:25:45.9796840Z > Task :compileDebugKotlinAndroid
2023-09-16T00:25:45.9898540Z w: file:///Users/runner/work/spotify-web-api-kotlin/spotify-web-api-kotlin/src/commonMain/kotlin/com.***.spotify/utils/Utils.kt:20:39 Parameter 'catchInternalServerError' is never used
2023-09-16T00:25:59.5683200Z 
2023-09-16T00:25:59.5784310Z > Task :extractReleaseAnnotations
2023-09-16T00:26:00.5900840Z > Task :extractDebugAnnotations
2023-09-16T00:26:00.6001510Z > Task :compileDebugJavaWithJavac NO-SOURCE
2023-09-16T00:26:00.6102440Z > Task :mergeDebugGeneratedProguardFiles
2023-09-16T00:26:00.7847640Z > Task :mergeDebugConsumerProguardFiles
2023-09-16T00:26:00.7947890Z > Task :processDebugJavaRes
2023-09-16T00:26:00.8638560Z > Task :compileReleaseJavaWithJavac NO-SOURCE
2023-09-16T00:26:00.8717520Z > Task :mergeReleaseGeneratedProguardFiles
2023-09-16T00:26:00.8819400Z > Task :mergeReleaseConsumerProguardFiles
2023-09-16T00:26:01.0765940Z > Task :processReleaseJavaRes
2023-09-16T00:26:01.0866460Z > Task :mergeReleaseJavaResource
2023-09-16T00:26:01.0967100Z > Task :mergeDebugJavaResource
2023-09-16T00:26:02.0571630Z > Task :syncReleaseLibJars
2023-09-16T00:26:02.8433550Z > Task :syncDebugLibJars
2023-09-16T00:26:03.0230830Z > Task :bundleDebugAar
2023-09-16T00:26:03.2927200Z > Task :bundleReleaseAar
2023-09-16T00:26:03.3028980Z > Task :generateMetadataFileForAndroidPublication
2023-09-16T00:26:03.3131010Z > Task :jsProcessResources NO-SOURCE
2023-09-16T00:26:03.3232700Z > Task :kotlinNpmCachesSetup
2023-09-16T00:26:05.3664700Z 
2023-09-16T00:26:05.3790080Z > Task :compileKotlinJs
2023-09-16T00:26:05.3894730Z w: file:///Users/runner/work/spotify-web-api-kotlin/spotify-web-api-kotlin/src/commonMain/kotlin/com.***.spotify/utils/Utils.kt:20:39 Parameter 'catchInternalServerError' is never used
2023-09-16T00:26:05.3998130Z w: file:///Users/runner/work/spotify-web-api-kotlin/spotify-web-api-kotlin/src/jsMain/kotlin/com/***/spotify/utils/PlatformUtils.kt:26:63 This is a delicate API and its use requires care. Make sure you fully read and understand documentation of the declaration that is marked as a delicate API.
2023-09-16T00:26:05.9515570Z 
2023-09-16T00:26:05.9574330Z > Task :jsPackageJson
2023-09-16T00:26:16.3636290Z 
2023-09-16T00:26:16.3637650Z > Task :dokkaHtml
2023-09-16T00:26:16.3639330Z Execution optimizations have been disabled for task ':dokkaHtml' to ensure correctness due to the following reasons:
2023-09-16T00:26:16.3644280Z   - In plugin 'org.jetbrains.dokka' type 'org.jetbrains.dokka.gradle.DokkaTask' property 'unsuppressedSourceSets.$0.sourceLinks.$0.remoteUrl' has @Input annotation used on type 'java.net.URL' or a property of this type. Reason: Type 'java.net.URL' is not supported on properties annotated with @Input because Java Serialization can be inconsistent for this type. For more information, please refer to https://docs.gradle.org/8.3/userguide/validation_problems.html#unsupported_value_type in the Gradle documentation.
2023-09-16T00:26:16.3647710Z   - In plugin 'org.jetbrains.dokka' type 'org.jetbrains.dokka.gradle.DokkaTask' property 'unsuppressedSourceSets.$1.sourceLinks.$0.remoteUrl' has @Input annotation used on type 'java.net.URL' or a property of this type. Reason: Type 'java.net.URL' is not supported on properties annotated with @Input because Java Serialization can be inconsistent for this type. For more information, please refer to https://docs.gradle.org/8.3/userguide/validation_problems.html#unsupported_value_type in the Gradle documentation.
2023-09-16T00:26:16.3652220Z   - In plugin 'org.jetbrains.dokka' type 'org.jetbrains.dokka.gradle.DokkaTask' property 'unsuppressedSourceSets.$2.sourceLinks.$0.remoteUrl' has @Input annotation used on type 'java.net.URL' or a property of this type. Reason: Type 'java.net.URL' is not supported on properties annotated with @Input because Java Serialization can be inconsistent for this type. For more information, please refer to https://docs.gradle.org/8.3/userguide/validation_problems.html#unsupported_value_type in the Gradle documentation.
2023-09-16T00:26:16.3655580Z   - In plugin 'org.jetbrains.dokka' type 'org.jetbrains.dokka.gradle.DokkaTask' property 'unsuppressedSourceSets.$3.sourceLinks.$0.remoteUrl' has @Input annotation used on type 'java.net.URL' or a property of this type. Reason: Type 'java.net.URL' is not supported on properties annotated with @Input because Java Serialization can be inconsistent for this type. For more information, please refer to https://docs.gradle.org/8.3/userguide/validation_problems.html#unsupported_value_type in the Gradle documentation.
2023-09-16T00:26:16.3658810Z   - In plugin 'org.jetbrains.dokka' type 'org.jetbrains.dokka.gradle.DokkaTask' property 'unsuppressedSourceSets.$4.sourceLinks.$0.remoteUrl' has @Input annotation used on type 'java.net.URL' or a property of this type. Reason: Type 'java.net.URL' is not supported on properties annotated with @Input because Java Serialization can be inconsistent for this type. For more information, please refer to https://docs.gradle.org/8.3/userguide/validation_problems.html#unsupported_value_type in the Gradle documentation.
2023-09-16T00:26:16.3662070Z   - In plugin 'org.jetbrains.dokka' type 'org.jetbrains.dokka.gradle.DokkaTask' property 'unsuppressedSourceSets.$5.sourceLinks.$0.remoteUrl' has @Input annotation used on type 'java.net.URL' or a property of this type. Reason: Type 'java.net.URL' is not supported on properties annotated with @Input because Java Serialization can be inconsistent for this type. For more information, please refer to https://docs.gradle.org/8.3/userguide/validation_problems.html#unsupported_value_type in the Gradle documentation.
2023-09-16T00:26:16.3665950Z   - In plugin 'org.jetbrains.dokka' type 'org.jetbrains.dokka.gradle.DokkaTask' property 'unsuppressedSourceSets.$6.sourceLinks.$0.remoteUrl' has @Input annotation used on type 'java.net.URL' or a property of this type. Reason: Type 'java.net.URL' is not supported on properties annotated with @Input because Java Serialization can be inconsistent for this type. For more information, please refer to https://docs.gradle.org/8.3/userguide/validation_problems.html#unsupported_value_type in the Gradle documentation.
2023-09-16T00:26:16.3669200Z   - In plugin 'org.jetbrains.dokka' type 'org.jetbrains.dokka.gradle.DokkaTask' property 'unsuppressedSourceSets.$7.sourceLinks.$0.remoteUrl' has @Input annotation used on type 'java.net.URL' or a property of this type. Reason: Type 'java.net.URL' is not supported on properties annotated with @Input because Java Serialization can be inconsistent for this type. For more information, please refer to https://docs.gradle.org/8.3/userguide/validation_problems.html#unsupported_value_type in the Gradle documentation.
2023-09-16T00:26:16.3672540Z   - In plugin 'org.jetbrains.dokka' type 'org.jetbrains.dokka.gradle.DokkaTask' property 'unsuppressedSourceSets.$8.sourceLinks.$0.remoteUrl' has @Input annotation used on type 'java.net.URL' or a property of this type. Reason: Type 'java.net.URL' is not supported on properties annotated with @Input because Java Serialization can be inconsistent for this type. For more information, please refer to https://docs.gradle.org/8.3/userguide/validation_problems.html#unsupported_value_type in the Gradle documentation.
2023-09-16T00:26:16.3676290Z   - In plugin 'org.jetbrains.dokka' type 'org.jetbrains.dokka.gradle.DokkaTask' property 'unsuppressedSourceSets.$9.sourceLinks.$0.remoteUrl' has @Input annotation used on type 'java.net.URL' or a property of this type. Reason: Type 'java.net.URL' is not supported on properties annotated with @Input because Java Serialization can be inconsistent for this type. For more information, please refer to https://docs.gradle.org/8.3/userguide/validation_problems.html#unsupported_value_type in the Gradle documentation.
2023-09-16T00:26:16.3679640Z   - In plugin 'org.jetbrains.dokka' type 'org.jetbrains.dokka.gradle.DokkaTask' property 'unsuppressedSourceSets.$10.sourceLinks.$0.remoteUrl' has @Input annotation used on type 'java.net.URL' or a property of this type. Reason: Type 'java.net.URL' is not supported on properties annotated with @Input because Java Serialization can be inconsistent for this type. For more information, please refer to https://docs.gradle.org/8.3/userguide/validation_problems.html#unsupported_value_type in the Gradle documentation.
2023-09-16T00:26:16.3682930Z   - In plugin 'org.jetbrains.dokka' type 'org.jetbrains.dokka.gradle.DokkaTask' property 'unsuppressedSourceSets.$11.sourceLinks.$0.remoteUrl' has @Input annotation used on type 'java.net.URL' or a property of this type. Reason: Type 'java.net.URL' is not supported on properties annotated with @Input because Java Serialization can be inconsistent for this type. For more information, please refer to https://docs.gradle.org/8.3/userguide/validation_problems.html#unsupported_value_type in the Gradle documentation.
2023-09-16T00:26:16.3686190Z   - In plugin 'org.jetbrains.dokka' type 'org.jetbrains.dokka.gradle.DokkaTask' property 'unsuppressedSourceSets.$12.sourceLinks.$0.remoteUrl' has @Input annotation used on type 'java.net.URL' or a property of this type. Reason: Type 'java.net.URL' is not supported on properties annotated with @Input because Java Serialization can be inconsistent for this type. For more information, please refer to https://docs.gradle.org/8.3/userguide/validation_problems.html#unsupported_value_type in the Gradle documentation.
2023-09-16T00:26:16.3689450Z   - In plugin 'org.jetbrains.dokka' type 'org.jetbrains.dokka.gradle.DokkaTask' property 'unsuppressedSourceSets.$13.sourceLinks.$0.remoteUrl' has @Input annotation used on type 'java.net.URL' or a property of this type. Reason: Type 'java.net.URL' is not supported on properties annotated with @Input because Java Serialization can be inconsistent for this type. For more information, please refer to https://docs.gradle.org/8.3/userguide/validation_problems.html#unsupported_value_type in the Gradle documentation.
2023-09-16T00:26:16.3693380Z   - In plugin 'org.jetbrains.dokka' type 'org.jetbrains.dokka.gradle.DokkaTask' property 'unsuppressedSourceSets.$14.sourceLinks.$0.remoteUrl' has @Input annotation used on type 'java.net.URL' or a property of this type. Reason: Type 'java.net.URL' is not supported on properties annotated with @Input because Java Serialization can be inconsistent for this type. For more information, please refer to https://docs.gradle.org/8.3/userguide/validation_problems.html#unsupported_value_type in the Gradle documentation.
2023-09-16T00:26:19.5815790Z Initializing plugins
2023-09-16T00:26:19.7972310Z Dokka is performing: documentation for spotify-api-kotlin
2023-09-16T00:26:19.7998140Z Validity check
2023-09-16T00:26:19.8020700Z Creating documentation models
2023-09-16T00:27:04.2795050Z Transforming documentation model before merging
2023-09-16T00:27:04.7035640Z Merging documentation models
2023-09-16T00:27:04.7060110Z Transforming documentation model after merging
2023-09-16T00:27:04.8969580Z Creating pages
2023-09-16T00:27:06.8691320Z Transforming pages
2023-09-16T00:27:07.7030320Z Rendering
2023-09-16T00:27:39.6375220Z Running post-actions
2023-09-16T00:27:39.6474480Z 
2023-09-16T00:27:42.6424410Z 
2023-09-16T00:27:42.6525690Z > Task :dokkaJar
2023-09-16T00:27:48.3798390Z > Task :signAndroidPublication
2023-09-16T00:27:53.3939080Z > Task :signIosArm64Publication
2023-09-16T00:27:57.2668070Z > Task :signIosX64Publication
2023-09-16T00:27:57.2670840Z > Task :jsMainClasses
2023-09-16T00:27:57.3785880Z > Task :jsPublicPackageJson
2023-09-16T00:27:57.5900820Z > Task :jsJar
2023-09-16T00:27:57.5901880Z > Task :jsSourcesJar
2023-09-16T00:27:57.5968770Z > Task :generateMetadataFileForJsPublication
2023-09-16T00:27:57.5971690Z > Task :generatePomFileForJsPublication
2023-09-16T00:28:01.2027470Z > Task :signJsPublication
2023-09-16T00:28:02.3993170Z > Task :jvmProcessResources NO-SOURCE
2023-09-16T00:28:02.4093970Z > Task :jvmSourcesJar
2023-09-16T00:28:02.4193230Z > Task :generatePomFileForJvmPublication
2023-09-16T00:28:02.4293690Z > Task :compileCommonJvmLikeMainKotlinMetadata SKIPPED
2023-09-16T00:28:04.2670540Z 
2023-09-16T00:28:04.2685690Z > Task :compileDesktopMainKotlinMetadata
2023-09-16T00:28:04.2770420Z Downloading native dependencies (LLVM, sysroot etc). This is a one-time action performed only on the first run of the compiler.
2023-09-16T00:28:04.2783940Z 
2023-09-16T00:28:04.2795160Z (KonanProperies) Downloading dependency: https://download.jetbrains.com/kotlin/native/x86_64-unknown-linux-gnu-gcc-8.3.0-glibc-2.19-kernel-4.9-2.tar.gz (0/101793914). 
2023-09-16T00:28:04.2896120Z (KonanProperies) Downloading dependency: https://download.jetbrains.com/kotlin/native/x86_64-unknown-linux-gnu-gcc-8.3.0-glibc-2.19-kernel-4.9-2.tar.gz (101793914/101793914). Done.
2023-09-16T00:28:04.2942110Z Extracting dependency: /Users/runner/.konan/cache/x86_64-unknown-linux-gnu-gcc-8.3.0-glibc-2.19-kernel-4.9-2.tar.gz into /Users/runner/.konan/dependencies
2023-09-16T00:28:07.2962850Z 
2023-09-16T00:28:07.2982450Z > Task :generateProjectStructureMetadata
2023-09-16T00:28:07.2996590Z > Task :metadataCommonJvmLikeMainProcessResources NO-SOURCE
2023-09-16T00:28:07.3092840Z > Task :metadataCommonJvmLikeMainClasses UP-TO-DATE
2023-09-16T00:28:07.3101120Z > Task :metadataDesktopMainProcessResources NO-SOURCE
2023-09-16T00:28:07.3105360Z > Task :metadataDesktopMainClasses
2023-09-16T00:28:07.3157170Z > Task :allMetadataJar
2023-09-16T00:28:07.3215190Z > Task :buildKotlinToolingMetadata
2023-09-16T00:28:07.3664630Z > Task :sourcesJar
2023-09-16T00:28:07.3743950Z > Task :generateMetadataFileForKotlinMultiplatformPublication
2023-09-16T00:28:07.3799860Z > Task :generatePomFileForKotlinMultiplatformPublication
2023-09-16T00:28:14.0871530Z > Task :signKotlinMultiplatformPublication
2023-09-16T00:28:31.2083160Z > Task :compileKotlinJvm
2023-09-16T00:28:41.7660640Z w: file:///Users/runner/work/spotify-web-api-kotlin/spotify-web-api-kotlin/src/commonMain/kotlin/com.***.spotify/utils/Utils.kt:20:39 Parameter 'catchInternalServerError' is never used
2023-09-16T00:28:41.7661520Z 
2023-09-16T00:28:41.7665600Z > Task :compileKotlinLinuxX64
2023-09-16T00:28:41.7765940Z 
2023-09-16T00:28:41.7780950Z > Task :linuxX64SourcesJar
2023-09-16T00:28:41.9815000Z > Task :generateMetadataFileForLinuxX64Publication
2023-09-16T00:28:41.9838590Z > Task :generatePomFileForLinuxX64Publication
2023-09-16T00:28:46.4643330Z > Task :signLinuxX64Publication
2023-09-16T00:28:52.0105230Z > Task :signMacosX64Publication
2023-09-16T00:28:53.8704410Z 
2023-09-16T00:28:53.8805920Z > Task :compileKotlinJvm
2023-09-16T00:28:53.8908420Z w: file:///Users/runner/work/spotify-web-api-kotlin/spotify-web-api-kotlin/src/commonMain/kotlin/com.***.spotify/utils/Utils.kt:20:39 Parameter 'catchInternalServerError' is never used
2023-09-16T00:28:54.2916840Z 
2023-09-16T00:28:54.2973340Z > Task :compileKotlinMingwX64
2023-09-16T00:28:54.3014260Z Downloading native dependencies (LLVM, sysroot etc). This is a one-time action performed only on the first run of the compiler.
2023-09-16T00:28:54.3042610Z 
2023-09-16T00:28:54.3141490Z (KonanProperies) Downloading dependency: https://download.jetbrains.com/kotlin/native/msys2-mingw-w64-x86_64-2.tar.gz (0/132131559). 
2023-09-16T00:28:54.3146200Z (KonanProperies) Downloading dependency: https://download.jetbrains.com/kotlin/native/msys2-mingw-w64-x86_64-2.tar.gz (116468879/132131559). 
2023-09-16T00:28:54.3155260Z (KonanProperies) Downloading dependency: https://download.jetbrains.com/kotlin/native/msys2-mingw-w64-x86_64-2.tar.gz (132131559/132131559). Done.
2023-09-16T00:28:54.3163910Z Extracting dependency: /Users/runner/.konan/cache/msys2-mingw-w64-x86_64-2.tar.gz into /Users/runner/.konan/dependencies
2023-09-16T00:29:08.8668660Z w: file:///Users/runner/work/spotify-web-api-kotlin/spotify-web-api-kotlin/src/commonMain/kotlin/com.***.spotify/utils/Utils.kt:20:39 Parameter 'catchInternalServerError' is never used
2023-09-16T00:29:08.8669480Z 
2023-09-16T00:29:08.8670350Z > Task :jvmMainClasses
2023-09-16T00:29:09.0512650Z > Task :jvmJar
2023-09-16T00:29:09.1409600Z > Task :generateMetadataFileForJvmPublication
2023-09-16T00:29:12.2635360Z > Task :signJvmPublication
2023-09-16T00:29:12.2636240Z > Task :mingwX64SourcesJar
2023-09-16T00:29:12.3639130Z > Task :generateMetadataFileForMingwX64Publication
2023-09-16T00:29:12.3639950Z > Task :generatePomFileForMingwX64Publication
2023-09-16T00:29:15.6321820Z > Task :signMingwX64Publication
2023-09-16T00:29:25.4900880Z > Task :publishMacosX64PublicationToNexusRepository
2023-09-16T00:29:27.3966560Z > Task :publishIosX64PublicationToNexusRepository
2023-09-16T00:29:29.4888430Z > Task :publishIosArm64PublicationToNexusRepository
2023-09-16T00:29:29.6020600Z 
2023-09-16T00:29:29.6021980Z Deprecated Gradle features were used in this build, making it incompatible with Gradle 9.0.
2023-09-16T00:29:29.6026750Z 
2023-09-16T00:29:29.6028120Z You can use '--warning-mode all' to show the individual deprecation warnings and determine if they come from your own scripts or plugins.
2023-09-16T00:29:29.6029180Z 
2023-09-16T00:29:29.6030140Z For more on this, please refer to https://docs.gradle.org/8.3/userguide/command_line_interface.html#sec:command_line_warnings in the Gradle documentation.
2023-09-16T00:29:29.6031180Z 
2023-09-16T00:29:29.6032020Z Execution optimizations have been disabled for 1 invalid unit(s) of work during this build to ensure correctness.
2023-09-16T00:29:29.6033310Z Please consult deprecation warnings for more details.
2023-09-16T00:29:29.6034060Z 
2023-09-16T00:29:29.6034450Z BUILD SUCCESSFUL in 11m 45s
2023-09-16T00:29:29.6035100Z 113 actionable tasks: 113 executed
2023-09-16T00:29:31.4989980Z Post job cleanup.
2023-09-16T00:29:31.7236820Z Post job cleanup.
2023-09-16T00:29:31.9077200Z [command]/usr/local/bin/git version
2023-09-16T00:29:31.9863900Z git version 2.42.0
2023-09-16T00:29:31.9939700Z Copying '/Users/runner/.gitconfig' to '/Users/runner/work/_temp/ecd6dc92-26cc-4787-9582-e9475430d8e5/.gitconfig'
2023-09-16T00:29:31.9960090Z Temporarily overriding HOME='/Users/runner/work/_temp/ecd6dc92-26cc-4787-9582-e9475430d8e5' before making global git config changes
2023-09-16T00:29:31.9961400Z Adding repository directory to the temporary git global config as a safe directory
2023-09-16T00:29:31.9970050Z [command]/usr/local/bin/git config --global --add safe.directory /Users/runner/work/spotify-web-api-kotlin/spotify-web-api-kotlin
2023-09-16T00:29:32.0124360Z [command]/usr/local/bin/git config --local --name-only --get-regexp core\.sshCommand
2023-09-16T00:29:32.0230810Z [command]/usr/local/bin/git submodule foreach --recursive sh -c "git config --local --name-only --get-regexp 'core\.sshCommand' && git config --local --unset-all 'core.sshCommand' || :"
2023-09-16T00:29:32.1774530Z [command]/usr/local/bin/git config --local --name-only --get-regexp http\.https\:\/\/github\.com\/\.extraheader
2023-09-16T00:29:32.1867220Z http.https://github.com/.extraheader
2023-09-16T00:29:32.1887870Z [command]/usr/local/bin/git config --local --unset-all http.https://github.com/.extraheader
2023-09-16T00:29:32.2011660Z [command]/usr/local/bin/git submodule foreach --recursive sh -c "git config --local --name-only --get-regexp 'http\.https\:\/\/github\.com\/\.extraheader' && git config --local --unset-all 'http.https://github.com/.extraheader' || :"
2023-09-16T00:29:32.3591940Z Cleaning up orphan processes
2023-09-16T00:29:32.6417280Z Terminate orphan process: pid (1366) (java)
2023-09-16T00:29:32.9309110Z Terminate orphan process: pid (1020) (java)
