2023-11-12T08:29:05.6480632Z Requested labels: ubuntu-latest
2023-11-12T08:29:05.6480978Z Job defined at: basdijkstra/rest-assured-net/.github/workflows/ci.yml@refs/heads/main
2023-11-12T08:29:05.6481100Z Waiting for a runner to pick up this job...
2023-11-12T08:29:06.6792652Z Job is waiting for a hosted runner to come online.
2023-11-12T08:29:10.2535996Z Job is about to start running on the hosted runner: GitHub Actions 3 (hosted)
2023-11-12T08:29:12.7192824Z Current runner version: '2.311.0'
2023-11-12T08:29:12.7226138Z ##[group]Operating System
2023-11-12T08:29:12.7226969Z Ubuntu
2023-11-12T08:29:12.7227586Z 22.04.3
2023-11-12T08:29:12.7228070Z LTS
2023-11-12T08:29:12.7228491Z ##[endgroup]
2023-11-12T08:29:12.7229078Z ##[group]Runner Image
2023-11-12T08:29:12.7229710Z Image: ubuntu-22.04
2023-11-12T08:29:12.7230230Z Version: 20231030.2.0
2023-11-12T08:29:12.7231685Z Included Software: https://github.com/actions/runner-images/blob/ubuntu22/20231030.2/images/linux/Ubuntu2204-Readme.md
2023-11-12T08:29:12.7233709Z Image Release: https://github.com/actions/runner-images/releases/tag/ubuntu22%2F20231030.2
2023-11-12T08:29:12.7234873Z ##[endgroup]
2023-11-12T08:29:12.7235511Z ##[group]Runner Image Provisioner
2023-11-12T08:29:12.7236197Z 2.0.312.1
2023-11-12T08:29:12.7236643Z ##[endgroup]
2023-11-12T08:29:12.7239702Z ##[group]GITHUB_TOKEN Permissions
2023-11-12T08:29:12.7241961Z Actions: write
2023-11-12T08:29:12.7242656Z Checks: write
2023-11-12T08:29:12.7243446Z Contents: write
2023-11-12T08:29:12.7244148Z Deployments: write
2023-11-12T08:29:12.7244722Z Discussions: write
2023-11-12T08:29:12.7245221Z Issues: write
2023-11-12T08:29:12.7245811Z Metadata: read
2023-11-12T08:29:12.7246356Z Packages: write
2023-11-12T08:29:12.7246858Z Pages: write
2023-11-12T08:29:12.7247447Z PullRequests: write
2023-11-12T08:29:12.7248051Z RepositoryProjects: write
2023-11-12T08:29:12.7248673Z SecurityEvents: write
2023-11-12T08:29:12.7249342Z Statuses: write
2023-11-12T08:29:12.7249885Z ##[endgroup]
2023-11-12T08:29:12.7253796Z Secret source: Actions
2023-11-12T08:29:12.7254755Z Prepare workflow directory
2023-11-12T08:29:12.8014433Z Prepare all required actions
2023-11-12T08:29:12.8207627Z Getting action download info
2023-11-12T08:29:13.0199751Z Download action repository 'actions/checkout@v3' (SHA:f43a0e5ff2bd294095638e18286ca9a3d1956744)
2023-11-12T08:29:13.1646503Z Download action repository 'actions/setup-dotnet@v3' (SHA:3447fd6a9f9e57506b15f895c5b76d3b197dc7c2)
2023-11-12T08:29:13.9275191Z Complete job name: build (6.0.x)
2023-11-12T08:29:14.0351769Z ##[group]Run actions/checkout@v3
2023-11-12T08:29:14.0352402Z with:
2023-11-12T08:29:14.0352864Z   repository: basdijkstra/rest-assured-net
2023-11-12T08:29:14.0353874Z   token: ***
2023-11-12T08:29:14.0354283Z   ssh-strict: true
2023-11-12T08:29:14.0354761Z   persist-credentials: true
2023-11-12T08:29:14.0355291Z   clean: true
2023-11-12T08:29:14.0355734Z   sparse-checkout-cone-mode: true
2023-11-12T08:29:14.0356322Z   fetch-depth: 1
2023-11-12T08:29:14.0356748Z   fetch-tags: false
2023-11-12T08:29:14.0357178Z   lfs: false
2023-11-12T08:29:14.0357590Z   submodules: false
2023-11-12T08:29:14.0358060Z   set-safe-directory: true
2023-11-12T08:29:14.0358549Z ##[endgroup]
2023-11-12T08:29:14.3129781Z Syncing repository: basdijkstra/rest-assured-net
2023-11-12T08:29:14.3132583Z ##[group]Getting Git version info
2023-11-12T08:29:14.3133556Z Working directory is '/home/runner/work/rest-assured-net/rest-assured-net'
2023-11-12T08:29:14.3136024Z [command]/usr/bin/git version
2023-11-12T08:29:14.3203747Z git version 2.42.0
2023-11-12T08:29:14.3232994Z ##[endgroup]
2023-11-12T08:29:14.3251912Z Temporarily overriding HOME='/home/runner/work/_temp/6b4cde34-f3b7-4334-892d-3212cafbb81b' before making global git config changes
2023-11-12T08:29:14.3253366Z Adding repository directory to the temporary git global config as a safe directory
2023-11-12T08:29:14.3256597Z [command]/usr/bin/git config --global --add safe.directory /home/runner/work/rest-assured-net/rest-assured-net
2023-11-12T08:29:14.3306097Z Deleting the contents of '/home/runner/work/rest-assured-net/rest-assured-net'
2023-11-12T08:29:14.3310971Z ##[group]Initializing the repository
2023-11-12T08:29:14.3315169Z [command]/usr/bin/git init /home/runner/work/rest-assured-net/rest-assured-net
2023-11-12T08:29:14.3399833Z hint: Using 'master' as the name for the initial branch. This default branch name
2023-11-12T08:29:14.3401108Z hint: is subject to change. To configure the initial branch name to use in all
2023-11-12T08:29:14.3402682Z hint: of your new repositories, which will suppress this warning, call:
2023-11-12T08:29:14.3403442Z hint: 
2023-11-12T08:29:14.3404427Z hint: 	git config --global init.defaultBranch <name>
2023-11-12T08:29:14.3405073Z hint: 
2023-11-12T08:29:14.3406055Z hint: Names commonly chosen instead of 'master' are 'main', 'trunk' and
2023-11-12T08:29:14.3407183Z hint: 'development'. The just-created branch can be renamed via this command:
2023-11-12T08:29:14.3407976Z hint: 
2023-11-12T08:29:14.3408745Z hint: 	git branch -m <name>
2023-11-12T08:29:14.3416370Z Initialized empty Git repository in /home/runner/work/rest-assured-net/rest-assured-net/.git/
2023-11-12T08:29:14.3426487Z [command]/usr/bin/git remote add origin https://github.com/basdijkstra/rest-assured-net
2023-11-12T08:29:14.3478627Z ##[endgroup]
2023-11-12T08:29:14.3480756Z ##[group]Disabling automatic garbage collection
2023-11-12T08:29:14.3488695Z [command]/usr/bin/git config --local gc.auto 0
2023-11-12T08:29:14.3530113Z ##[endgroup]
2023-11-12T08:29:14.3530978Z ##[group]Setting up auth
2023-11-12T08:29:14.3537847Z [command]/usr/bin/git config --local --name-only --get-regexp core\.sshCommand
2023-11-12T08:29:14.3578532Z [command]/usr/bin/git submodule foreach --recursive sh -c "git config --local --name-only --get-regexp 'core\.sshCommand' && git config --local --unset-all 'core.sshCommand' || :"
2023-11-12T08:29:14.3973040Z [command]/usr/bin/git config --local --name-only --get-regexp http\.https\:\/\/github\.com\/\.extraheader
2023-11-12T08:29:14.4010869Z [command]/usr/bin/git submodule foreach --recursive sh -c "git config --local --name-only --get-regexp 'http\.https\:\/\/github\.com\/\.extraheader' && git config --local --unset-all 'http.https://github.com/.extraheader' || :"
2023-11-12T08:29:14.4266565Z [command]/usr/bin/git config --local http.https://github.com/.extraheader AUTHORIZATION: basic ***
2023-11-12T08:29:14.4313065Z ##[endgroup]
2023-11-12T08:29:14.4313850Z ##[group]Fetching the repository
2023-11-12T08:29:14.4324970Z [command]/usr/bin/git -c protocol.version=2 fetch --no-tags --prune --progress --no-recurse-submodules --depth=1 origin +12915491c3b9baecb84e92c72b05ab59f7042953:refs/remotes/origin/main
2023-11-12T08:29:14.7825955Z remote: Enumerating objects: 103, done.        
2023-11-12T08:29:14.7826901Z remote: Counting objects:   0% (1/103)        
2023-11-12T08:29:14.7827579Z remote: Counting objects:   1% (2/103)        
2023-11-12T08:29:14.7828239Z remote: Counting objects:   2% (3/103)        
2023-11-12T08:29:14.7828875Z remote: Counting objects:   3% (4/103)        
2023-11-12T08:29:14.7829537Z remote: Counting objects:   4% (5/103)        
2023-11-12T08:29:14.7830187Z remote: Counting objects:   5% (6/103)        
2023-11-12T08:29:14.7830815Z remote: Counting objects:   6% (7/103)        
2023-11-12T08:29:14.7831468Z remote: Counting objects:   7% (8/103)        
2023-11-12T08:29:14.7832113Z remote: Counting objects:   8% (9/103)        
2023-11-12T08:29:14.7832780Z remote: Counting objects:   9% (10/103)        
2023-11-12T08:29:14.7833508Z remote: Counting objects:  10% (11/103)        
2023-11-12T08:29:14.7834172Z remote: Counting objects:  11% (12/103)        
2023-11-12T08:29:14.7834813Z remote: Counting objects:  12% (13/103)        
2023-11-12T08:29:14.7835466Z remote: Counting objects:  13% (14/103)        
2023-11-12T08:29:14.7836172Z remote: Counting objects:  14% (15/103)        
2023-11-12T08:29:14.7836830Z remote: Counting objects:  15% (16/103)        
2023-11-12T08:29:14.7837471Z remote: Counting objects:  16% (17/103)        
2023-11-12T08:29:14.7838182Z remote: Counting objects:  17% (18/103)        
2023-11-12T08:29:14.7838765Z remote: Counting objects:  18% (19/103)        
2023-11-12T08:29:14.7839324Z remote: Counting objects:  19% (20/103)        
2023-11-12T08:29:14.7839896Z remote: Counting objects:  20% (21/103)        
2023-11-12T08:29:14.7840458Z remote: Counting objects:  21% (22/103)        
2023-11-12T08:29:14.7841011Z remote: Counting objects:  22% (23/103)        
2023-11-12T08:29:14.7842055Z remote: Counting objects:  23% (24/103)        
2023-11-12T08:29:14.7842630Z remote: Counting objects:  24% (25/103)        
2023-11-12T08:29:14.7843192Z remote: Counting objects:  25% (26/103)        
2023-11-12T08:29:14.7843765Z remote: Counting objects:  26% (27/103)        
2023-11-12T08:29:14.7844344Z remote: Counting objects:  27% (28/103)        
2023-11-12T08:29:14.7844910Z remote: Counting objects:  28% (29/103)        
2023-11-12T08:29:14.7845477Z remote: Counting objects:  29% (30/103)        
2023-11-12T08:29:14.7846043Z remote: Counting objects:  30% (31/103)        
2023-11-12T08:29:14.7846597Z remote: Counting objects:  31% (32/103)        
2023-11-12T08:29:14.7847175Z remote: Counting objects:  32% (33/103)        
2023-11-12T08:29:14.7847744Z remote: Counting objects:  33% (34/103)        
2023-11-12T08:29:14.7848300Z remote: Counting objects:  34% (36/103)        
2023-11-12T08:29:14.7848864Z remote: Counting objects:  35% (37/103)        
2023-11-12T08:29:14.7849437Z remote: Counting objects:  36% (38/103)        
2023-11-12T08:29:14.7850013Z remote: Counting objects:  37% (39/103)        
2023-11-12T08:29:14.7850568Z remote: Counting objects:  38% (40/103)        
2023-11-12T08:29:14.7851134Z remote: Counting objects:  39% (41/103)        
2023-11-12T08:29:14.7851697Z remote: Counting objects:  40% (42/103)        
2023-11-12T08:29:14.7852249Z remote: Counting objects:  41% (43/103)        
2023-11-12T08:29:14.7852813Z remote: Counting objects:  42% (44/103)        
2023-11-12T08:29:14.7853378Z remote: Counting objects:  43% (45/103)        
2023-11-12T08:29:14.7853929Z remote: Counting objects:  44% (46/103)        
2023-11-12T08:29:14.7854501Z remote: Counting objects:  45% (47/103)        
2023-11-12T08:29:14.7855070Z remote: Counting objects:  46% (48/103)        
2023-11-12T08:29:14.7855624Z remote: Counting objects:  47% (49/103)        
2023-11-12T08:29:14.7856222Z remote: Counting objects:  48% (50/103)        
2023-11-12T08:29:14.7856787Z remote: Counting objects:  49% (51/103)        
2023-11-12T08:29:14.7857485Z remote: Counting objects:  50% (52/103)        
2023-11-12T08:29:14.7858068Z remote: Counting objects:  51% (53/103)        
2023-11-12T08:29:14.7858850Z remote: Counting objects:  52% (54/103)        
2023-11-12T08:29:14.7859413Z remote: Counting objects:  53% (55/103)        
2023-11-12T08:29:14.7859985Z remote: Counting objects:  54% (56/103)        
2023-11-12T08:29:14.7860566Z remote: Counting objects:  55% (57/103)        
2023-11-12T08:29:14.7861132Z remote: Counting objects:  56% (58/103)        
2023-11-12T08:29:14.7861701Z remote: Counting objects:  57% (59/103)        
2023-11-12T08:29:14.7862275Z remote: Counting objects:  58% (60/103)        
2023-11-12T08:29:14.7862825Z remote: Counting objects:  59% (61/103)        
2023-11-12T08:29:14.7863388Z remote: Counting objects:  60% (62/103)        
2023-11-12T08:29:14.7863951Z remote: Counting objects:  61% (63/103)        
2023-11-12T08:29:14.7864517Z remote: Counting objects:  62% (64/103)        
2023-11-12T08:29:14.7865088Z remote: Counting objects:  63% (65/103)        
2023-11-12T08:29:14.7865686Z remote: Counting objects:  64% (66/103)        
2023-11-12T08:29:14.7866253Z remote: Counting objects:  65% (67/103)        
2023-11-12T08:29:14.7866817Z remote: Counting objects:  66% (68/103)        
2023-11-12T08:29:14.7867378Z remote: Counting objects:  67% (70/103)        
2023-11-12T08:29:14.7868063Z remote: Counting objects:  68% (71/103)        
2023-11-12T08:29:14.7868639Z remote: Counting objects:  69% (72/103)        
2023-11-12T08:29:14.7869193Z remote: Counting objects:  70% (73/103)        
2023-11-12T08:29:14.7869764Z remote: Counting objects:  71% (74/103)        
2023-11-12T08:29:14.7870330Z remote: Counting objects:  72% (75/103)        
2023-11-12T08:29:14.7870879Z remote: Counting objects:  73% (76/103)        
2023-11-12T08:29:14.7871453Z remote: Counting objects:  74% (77/103)        
2023-11-12T08:29:14.7872017Z remote: Counting objects:  75% (78/103)        
2023-11-12T08:29:14.7872749Z remote: Counting objects:  76% (79/103)        
2023-11-12T08:29:14.7873321Z remote: Counting objects:  77% (80/103)        
2023-11-12T08:29:14.7873891Z remote: Counting objects:  78% (81/103)        
2023-11-12T08:29:14.7874443Z remote: Counting objects:  79% (82/103)        
2023-11-12T08:29:14.7875012Z remote: Counting objects:  80% (83/103)        
2023-11-12T08:29:14.7875580Z remote: Counting objects:  81% (84/103)        
2023-11-12T08:29:14.7876132Z remote: Counting objects:  82% (85/103)        
2023-11-12T08:29:14.7876708Z remote: Counting objects:  83% (86/103)        
2023-11-12T08:29:14.7877277Z remote: Counting objects:  84% (87/103)        
2023-11-12T08:29:14.7877830Z remote: Counting objects:  85% (88/103)        
2023-11-12T08:29:14.7878407Z remote: Counting objects:  86% (89/103)        
2023-11-12T08:29:14.7878970Z remote: Counting objects:  87% (90/103)        
2023-11-12T08:29:14.7879531Z remote: Counting objects:  88% (91/103)        
2023-11-12T08:29:14.7880081Z remote: Counting objects:  89% (92/103)        
2023-11-12T08:29:14.7880663Z remote: Counting objects:  90% (93/103)        
2023-11-12T08:29:14.7881230Z remote: Counting objects:  91% (94/103)        
2023-11-12T08:29:14.7881779Z remote: Counting objects:  92% (95/103)        
2023-11-12T08:29:14.7882346Z remote: Counting objects:  93% (96/103)        
2023-11-12T08:29:14.7882913Z remote: Counting objects:  94% (97/103)        
2023-11-12T08:29:14.7883466Z remote: Counting objects:  95% (98/103)        
2023-11-12T08:29:14.7884048Z remote: Counting objects:  96% (99/103)        
2023-11-12T08:29:14.7884621Z remote: Counting objects:  97% (100/103)        
2023-11-12T08:29:14.7885195Z remote: Counting objects:  98% (101/103)        
2023-11-12T08:29:14.7885781Z remote: Counting objects:  99% (102/103)        
2023-11-12T08:29:14.7886366Z remote: Counting objects: 100% (103/103)        
2023-11-12T08:29:14.7886977Z remote: Counting objects: 100% (103/103), done.        
2023-11-12T08:29:14.7887615Z remote: Compressing objects:   1% (1/95)        
2023-11-12T08:29:14.7888356Z remote: Compressing objects:   2% (2/95)        
2023-11-12T08:29:14.7888947Z remote: Compressing objects:   3% (3/95)        
2023-11-12T08:29:14.7995829Z remote: Compressing objects:   4% (4/95)        
2023-11-12T08:29:14.7996519Z remote: Compressing objects:   5% (5/95)        
2023-11-12T08:29:14.7997126Z remote: Compressing objects:   6% (6/95)        
2023-11-12T08:29:14.7997709Z remote: Compressing objects:   7% (7/95)        
2023-11-12T08:29:14.7998308Z remote: Compressing objects:   8% (8/95)        
2023-11-12T08:29:14.7998895Z remote: Compressing objects:   9% (9/95)        
2023-11-12T08:29:14.7999484Z remote: Compressing objects:  10% (10/95)        
2023-11-12T08:29:14.8000098Z remote: Compressing objects:  11% (11/95)        
2023-11-12T08:29:14.8000707Z remote: Compressing objects:  12% (12/95)        
2023-11-12T08:29:14.8001295Z remote: Compressing objects:  13% (13/95)        
2023-11-12T08:29:14.8001892Z remote: Compressing objects:  14% (14/95)        
2023-11-12T08:29:14.8002536Z remote: Compressing objects:  15% (15/95)        
2023-11-12T08:29:14.8003139Z remote: Compressing objects:  16% (16/95)        
2023-11-12T08:29:14.8003891Z remote: Compressing objects:  17% (17/95)        
2023-11-12T08:29:14.8005048Z remote: Compressing objects:  18% (18/95)        
2023-11-12T08:29:14.8005675Z remote: Compressing objects:  20% (19/95)        
2023-11-12T08:29:14.8006254Z remote: Compressing objects:  21% (20/95)        
2023-11-12T08:29:14.8006856Z remote: Compressing objects:  22% (21/95)        
2023-11-12T08:29:14.8007463Z remote: Compressing objects:  23% (22/95)        
2023-11-12T08:29:14.8008042Z remote: Compressing objects:  24% (23/95)        
2023-11-12T08:29:14.8008645Z remote: Compressing objects:  25% (24/95)        
2023-11-12T08:29:14.8009241Z remote: Compressing objects:  26% (25/95)        
2023-11-12T08:29:14.8009825Z remote: Compressing objects:  27% (26/95)        
2023-11-12T08:29:14.8010425Z remote: Compressing objects:  28% (27/95)        
2023-11-12T08:29:14.8011410Z remote: Compressing objects:  29% (28/95)        
2023-11-12T08:29:14.8011991Z remote: Compressing objects:  30% (29/95)        
2023-11-12T08:29:14.8012589Z remote: Compressing objects:  31% (30/95)        
2023-11-12T08:29:14.8013196Z remote: Compressing objects:  32% (31/95)        
2023-11-12T08:29:14.8013776Z remote: Compressing objects:  33% (32/95)        
2023-11-12T08:29:14.8014372Z remote: Compressing objects:  34% (33/95)        
2023-11-12T08:29:14.8015229Z remote: Compressing objects:  35% (34/95)        
2023-11-12T08:29:14.8015949Z remote: Compressing objects:  36% (35/95)        
2023-11-12T08:29:14.8016698Z remote: Compressing objects:  37% (36/95)        
2023-11-12T08:29:14.8017742Z remote: Compressing objects:  38% (37/95)        
2023-11-12T08:29:14.8018664Z remote: Compressing objects:  40% (38/95)        
2023-11-12T08:29:14.8019406Z remote: Compressing objects:  41% (39/95)        
2023-11-12T08:29:14.8020166Z remote: Compressing objects:  42% (40/95)        
2023-11-12T08:29:14.8020909Z remote: Compressing objects:  43% (41/95)        
2023-11-12T08:29:14.8021642Z remote: Compressing objects:  44% (42/95)        
2023-11-12T08:29:14.8022393Z remote: Compressing objects:  45% (43/95)        
2023-11-12T08:29:14.8023120Z remote: Compressing objects:  46% (44/95)        
2023-11-12T08:29:14.8023831Z remote: Compressing objects:  47% (45/95)        
2023-11-12T08:29:14.8024557Z remote: Compressing objects:  48% (46/95)        
2023-11-12T08:29:14.8025290Z remote: Compressing objects:  49% (47/95)        
2023-11-12T08:29:14.8026023Z remote: Compressing objects:  50% (48/95)        
2023-11-12T08:29:14.8026745Z remote: Compressing objects:  51% (49/95)        
2023-11-12T08:29:14.8075128Z remote: Compressing objects:  52% (50/95)        
2023-11-12T08:29:14.8078295Z remote: Compressing objects:  53% (51/95)        
2023-11-12T08:29:14.8079004Z remote: Compressing objects:  54% (52/95)        
2023-11-12T08:29:14.8079827Z remote: Compressing objects:  55% (53/95)        
2023-11-12T08:29:14.8080891Z remote: Compressing objects:  56% (54/95)        
2023-11-12T08:29:14.8081586Z remote: Compressing objects:  57% (55/95)        
2023-11-12T08:29:14.8082371Z remote: Compressing objects:  58% (56/95)        
2023-11-12T08:29:14.8083096Z remote: Compressing objects:  60% (57/95)        
2023-11-12T08:29:14.8083757Z remote: Compressing objects:  61% (58/95)        
2023-11-12T08:29:14.8084530Z remote: Compressing objects:  62% (59/95)        
2023-11-12T08:29:14.8085261Z remote: Compressing objects:  63% (60/95)        
2023-11-12T08:29:14.8086181Z remote: Compressing objects:  64% (61/95)        
2023-11-12T08:29:14.8086966Z remote: Compressing objects:  65% (62/95)        
2023-11-12T08:29:14.8087693Z remote: Compressing objects:  66% (63/95)        
2023-11-12T08:29:14.8088380Z remote: Compressing objects:  67% (64/95)        
2023-11-12T08:29:14.8089155Z remote: Compressing objects:  68% (65/95)        
2023-11-12T08:29:14.8089884Z remote: Compressing objects:  69% (66/95)        
2023-11-12T08:29:14.8090557Z remote: Compressing objects:  70% (67/95)        
2023-11-12T08:29:14.8091331Z remote: Compressing objects:  71% (68/95)        
2023-11-12T08:29:14.8092062Z remote: Compressing objects:  72% (69/95)        
2023-11-12T08:29:14.8092717Z remote: Compressing objects:  73% (70/95)        
2023-11-12T08:29:14.8093478Z remote: Compressing objects:  74% (71/95)        
2023-11-12T08:29:14.8094197Z remote: Compressing objects:  75% (72/95)        
2023-11-12T08:29:14.8094899Z remote: Compressing objects:  76% (73/95)        
2023-11-12T08:29:14.8095622Z remote: Compressing objects:  77% (74/95)        
2023-11-12T08:29:14.8096328Z remote: Compressing objects:  78% (75/95)        
2023-11-12T08:29:14.8097056Z remote: Compressing objects:  80% (76/95)        
2023-11-12T08:29:14.8097802Z remote: Compressing objects:  81% (77/95)        
2023-11-12T08:29:14.8098638Z remote: Compressing objects:  82% (78/95)        
2023-11-12T08:29:14.8099603Z remote: Compressing objects:  83% (79/95)        
2023-11-12T08:29:14.8100623Z remote: Compressing objects:  84% (80/95)        
2023-11-12T08:29:14.8101340Z remote: Compressing objects:  85% (81/95)        
2023-11-12T08:29:14.8102058Z remote: Compressing objects:  86% (82/95)        
2023-11-12T08:29:14.8106132Z remote: Compressing objects:  87% (83/95)        
2023-11-12T08:29:14.8106884Z remote: Compressing objects:  88% (84/95)        
2023-11-12T08:29:14.8107622Z remote: Compressing objects:  89% (85/95)        
2023-11-12T08:29:14.8117129Z remote: Compressing objects:  90% (86/95)        
2023-11-12T08:29:14.8117982Z remote: Compressing objects:  91% (87/95)        
2023-11-12T08:29:14.8118720Z remote: Compressing objects:  92% (88/95)        
2023-11-12T08:29:14.8119463Z remote: Compressing objects:  93% (89/95)        
2023-11-12T08:29:14.8120182Z remote: Compressing objects:  94% (90/95)        
2023-11-12T08:29:14.8120936Z remote: Compressing objects:  95% (91/95)        
2023-11-12T08:29:14.8121853Z remote: Compressing objects:  96% (92/95)        
2023-11-12T08:29:14.8122618Z remote: Compressing objects:  97% (93/95)        
2023-11-12T08:29:14.8123276Z remote: Compressing objects:  98% (94/95)        
2023-11-12T08:29:14.8124065Z remote: Compressing objects: 100% (95/95)        
2023-11-12T08:29:14.8124839Z remote: Compressing objects: 100% (95/95), done.        
2023-11-12T08:29:14.8125577Z Receiving objects:   0% (1/103)
2023-11-12T08:29:14.8126156Z Receiving objects:   1% (2/103)
2023-11-12T08:29:14.8126752Z Receiving objects:   2% (3/103)
2023-11-12T08:29:14.8127317Z Receiving objects:   3% (4/103)
2023-11-12T08:29:14.8127881Z Receiving objects:   4% (5/103)
2023-11-12T08:29:14.8128443Z Receiving objects:   5% (6/103)
2023-11-12T08:29:14.8128990Z Receiving objects:   6% (7/103)
2023-11-12T08:29:14.8129567Z Receiving objects:   7% (8/103)
2023-11-12T08:29:14.8130128Z Receiving objects:   8% (9/103)
2023-11-12T08:29:14.8130684Z Receiving objects:   9% (10/103)
2023-11-12T08:29:14.8131267Z Receiving objects:  10% (11/103)
2023-11-12T08:29:14.8132064Z Receiving objects:  11% (12/103)
2023-11-12T08:29:14.8132633Z Receiving objects:  12% (13/103)
2023-11-12T08:29:14.8133277Z Receiving objects:  13% (14/103)
2023-11-12T08:29:14.8133834Z Receiving objects:  14% (15/103)
2023-11-12T08:29:14.8134400Z Receiving objects:  15% (16/103)
2023-11-12T08:29:14.8267716Z Receiving objects:  16% (17/103)
2023-11-12T08:29:14.8268394Z Receiving objects:  17% (18/103)
2023-11-12T08:29:14.8268982Z Receiving objects:  18% (19/103)
2023-11-12T08:29:14.8269678Z Receiving objects:  19% (20/103)
2023-11-12T08:29:14.8271064Z Receiving objects:  20% (21/103)
2023-11-12T08:29:14.8272300Z Receiving objects:  21% (22/103)
2023-11-12T08:29:14.8272961Z Receiving objects:  22% (23/103)
2023-11-12T08:29:14.8273520Z Receiving objects:  23% (24/103)
2023-11-12T08:29:14.8275263Z Receiving objects:  24% (25/103)
2023-11-12T08:29:14.8284362Z Receiving objects:  25% (26/103)
2023-11-12T08:29:14.8285109Z Receiving objects:  26% (27/103)
2023-11-12T08:29:14.8285790Z Receiving objects:  27% (28/103)
2023-11-12T08:29:14.8286502Z Receiving objects:  28% (29/103)
2023-11-12T08:29:14.8287170Z Receiving objects:  29% (30/103)
2023-11-12T08:29:14.8287825Z Receiving objects:  30% (31/103)
2023-11-12T08:29:14.8288470Z Receiving objects:  31% (32/103)
2023-11-12T08:29:14.8289110Z Receiving objects:  32% (33/103)
2023-11-12T08:29:14.8389938Z Receiving objects:  33% (34/103)
2023-11-12T08:29:14.8442739Z Receiving objects:  34% (36/103)
2023-11-12T08:29:14.8445918Z Receiving objects:  35% (37/103)
2023-11-12T08:29:14.8448908Z Receiving objects:  36% (38/103)
2023-11-12T08:29:14.8452072Z Receiving objects:  37% (39/103)
2023-11-12T08:29:14.8454290Z Receiving objects:  38% (40/103)
2023-11-12T08:29:14.8457727Z Receiving objects:  39% (41/103)
2023-11-12T08:29:14.8460358Z Receiving objects:  40% (42/103)
2023-11-12T08:29:14.8462413Z Receiving objects:  41% (43/103)
2023-11-12T08:29:14.8463262Z Receiving objects:  42% (44/103)
2023-11-12T08:29:14.8464028Z Receiving objects:  43% (45/103)
2023-11-12T08:29:14.8465382Z Receiving objects:  44% (46/103)
2023-11-12T08:29:14.8466308Z Receiving objects:  45% (47/103)
2023-11-12T08:29:14.8467194Z Receiving objects:  46% (48/103)
2023-11-12T08:29:14.8468332Z Receiving objects:  47% (49/103)
2023-11-12T08:29:14.8469421Z Receiving objects:  48% (50/103)
2023-11-12T08:29:14.8471009Z Receiving objects:  49% (51/103)
2023-11-12T08:29:14.8502738Z Receiving objects:  50% (52/103)
2023-11-12T08:29:14.8503683Z Receiving objects:  51% (53/103)
2023-11-12T08:29:14.8504278Z Receiving objects:  52% (54/103)
2023-11-12T08:29:14.8504798Z Receiving objects:  53% (55/103)
2023-11-12T08:29:14.8505418Z Receiving objects:  54% (56/103)
2023-11-12T08:29:14.8505993Z Receiving objects:  55% (57/103)
2023-11-12T08:29:14.8506507Z Receiving objects:  56% (58/103)
2023-11-12T08:29:14.8507123Z Receiving objects:  57% (59/103)
2023-11-12T08:29:14.8507697Z Receiving objects:  58% (60/103)
2023-11-12T08:29:14.8508202Z Receiving objects:  59% (61/103)
2023-11-12T08:29:14.8508840Z Receiving objects:  60% (62/103)
2023-11-12T08:29:14.8509428Z Receiving objects:  61% (63/103)
2023-11-12T08:29:14.8509939Z Receiving objects:  62% (64/103)
2023-11-12T08:29:14.8510581Z Receiving objects:  63% (65/103)
2023-11-12T08:29:14.8511150Z Receiving objects:  64% (66/103)
2023-11-12T08:29:14.8511653Z Receiving objects:  65% (67/103)
2023-11-12T08:29:14.8512262Z Receiving objects:  66% (68/103)
2023-11-12T08:29:14.8512839Z Receiving objects:  67% (70/103)
2023-11-12T08:29:14.8513343Z Receiving objects:  68% (71/103)
2023-11-12T08:29:14.8513968Z Receiving objects:  69% (72/103)
2023-11-12T08:29:14.8514521Z Receiving objects:  70% (73/103)
2023-11-12T08:29:14.8515027Z Receiving objects:  71% (74/103)
2023-11-12T08:29:14.8555037Z Receiving objects:  72% (75/103)
2023-11-12T08:29:14.8555689Z Receiving objects:  73% (76/103)
2023-11-12T08:29:14.8556215Z Receiving objects:  74% (77/103)
2023-11-12T08:29:14.8556986Z Receiving objects:  75% (78/103)
2023-11-12T08:29:14.8557550Z Receiving objects:  76% (79/103)
2023-11-12T08:29:14.8558333Z Receiving objects:  77% (80/103)
2023-11-12T08:29:14.8558984Z Receiving objects:  78% (81/103)
2023-11-12T08:29:14.8559541Z Receiving objects:  79% (82/103)
2023-11-12T08:29:14.8560057Z Receiving objects:  80% (83/103)
2023-11-12T08:29:14.8560720Z Receiving objects:  81% (84/103)
2023-11-12T08:29:14.8561273Z Receiving objects:  82% (85/103)
2023-11-12T08:29:14.8561789Z Receiving objects:  83% (86/103)
2023-11-12T08:29:14.8562439Z Receiving objects:  84% (87/103)
2023-11-12T08:29:14.8562993Z Receiving objects:  85% (88/103)
2023-11-12T08:29:14.8563527Z Receiving objects:  86% (89/103)
2023-11-12T08:29:14.8564147Z Receiving objects:  87% (90/103)
2023-11-12T08:29:14.8655111Z Receiving objects:  88% (91/103)
2023-11-12T08:29:14.8656421Z remote: Total 103 (delta 55), reused 24 (delta 7), pack-reused 0        
2023-11-12T08:29:14.8657224Z Receiving objects:  89% (92/103)
2023-11-12T08:29:14.8657796Z Receiving objects:  90% (93/103)
2023-11-12T08:29:14.8658601Z Receiving objects:  91% (94/103)
2023-11-12T08:29:14.8792700Z Receiving objects:  92% (95/103)
2023-11-12T08:29:14.8793204Z Receiving objects:  93% (96/103)
2023-11-12T08:29:14.8793664Z Receiving objects:  94% (97/103)
2023-11-12T08:29:14.8794111Z Receiving objects:  95% (98/103)
2023-11-12T08:29:14.8794541Z Receiving objects:  96% (99/103)
2023-11-12T08:29:14.8794991Z Receiving objects:  97% (100/103)
2023-11-12T08:29:14.8795442Z Receiving objects:  98% (101/103)
2023-11-12T08:29:14.8795880Z Receiving objects:  99% (102/103)
2023-11-12T08:29:14.8796337Z Receiving objects: 100% (103/103)
2023-11-12T08:29:14.8796933Z Receiving objects: 100% (103/103), 84.71 KiB | 1.73 MiB/s, done.
2023-11-12T08:29:14.8797560Z Resolving deltas:   0% (0/55)
2023-11-12T08:29:14.8797990Z Resolving deltas:   1% (1/55)
2023-11-12T08:29:14.8798422Z Resolving deltas:   3% (2/55)
2023-11-12T08:29:14.8798838Z Resolving deltas:   5% (3/55)
2023-11-12T08:29:14.8799264Z Resolving deltas:   7% (4/55)
2023-11-12T08:29:14.8799683Z Resolving deltas:   9% (5/55)
2023-11-12T08:29:14.8800370Z Resolving deltas:  10% (6/55)
2023-11-12T08:29:14.8800792Z Resolving deltas:  12% (7/55)
2023-11-12T08:29:14.8801215Z Resolving deltas:  14% (8/55)
2023-11-12T08:29:14.8801622Z Resolving deltas:  16% (9/55)
2023-11-12T08:29:14.8802049Z Resolving deltas:  18% (10/55)
2023-11-12T08:29:14.8802479Z Resolving deltas:  20% (11/55)
2023-11-12T08:29:14.8802896Z Resolving deltas:  21% (12/55)
2023-11-12T08:29:14.8803323Z Resolving deltas:  23% (13/55)
2023-11-12T08:29:14.8803753Z Resolving deltas:  25% (14/55)
2023-11-12T08:29:14.8804164Z Resolving deltas:  27% (15/55)
2023-11-12T08:29:14.8804591Z Resolving deltas:  29% (16/55)
2023-11-12T08:29:14.8805017Z Resolving deltas:  30% (17/55)
2023-11-12T08:29:14.8805489Z Resolving deltas:  32% (18/55)
2023-11-12T08:29:14.8805915Z Resolving deltas:  34% (19/55)
2023-11-12T08:29:14.8806334Z Resolving deltas:  36% (20/55)
2023-11-12T08:29:14.8806743Z Resolving deltas:  38% (21/55)
2023-11-12T08:29:14.8807173Z Resolving deltas:  40% (22/55)
2023-11-12T08:29:14.8807594Z Resolving deltas:  41% (23/55)
2023-11-12T08:29:14.8807997Z Resolving deltas:  43% (24/55)
2023-11-12T08:29:14.8808405Z Resolving deltas:  45% (25/55)
2023-11-12T08:29:14.8808816Z Resolving deltas:  47% (26/55)
2023-11-12T08:29:14.8809226Z Resolving deltas:  49% (27/55)
2023-11-12T08:29:14.8809648Z Resolving deltas:  50% (28/55)
2023-11-12T08:29:14.8810067Z Resolving deltas:  52% (29/55)
2023-11-12T08:29:14.8810475Z Resolving deltas:  54% (30/55)
2023-11-12T08:29:14.8810893Z Resolving deltas:  56% (31/55)
2023-11-12T08:29:14.8811311Z Resolving deltas:  58% (32/55)
2023-11-12T08:29:14.8811707Z Resolving deltas:  60% (33/55)
2023-11-12T08:29:14.8812119Z Resolving deltas:  61% (34/55)
2023-11-12T08:29:14.8812540Z Resolving deltas:  63% (35/55)
2023-11-12T08:29:14.8812941Z Resolving deltas:  65% (36/55)
2023-11-12T08:29:14.8813364Z Resolving deltas:  67% (37/55)
2023-11-12T08:29:14.8813785Z Resolving deltas:  69% (38/55)
2023-11-12T08:29:14.8814191Z Resolving deltas:  70% (39/55)
2023-11-12T08:29:14.8814763Z Resolving deltas:  72% (40/55)
2023-11-12T08:29:14.8815189Z Resolving deltas:  74% (41/55)
2023-11-12T08:29:14.8815585Z Resolving deltas:  76% (42/55)
2023-11-12T08:29:14.8816001Z Resolving deltas:  78% (43/55)
2023-11-12T08:29:14.8816428Z Resolving deltas:  80% (44/55)
2023-11-12T08:29:14.8816834Z Resolving deltas:  81% (45/55)
2023-11-12T08:29:14.8817287Z Resolving deltas:  83% (46/55)
2023-11-12T08:29:14.8817707Z Resolving deltas:  85% (47/55)
2023-11-12T08:29:14.8859301Z Resolving deltas:  87% (48/55)
2023-11-12T08:29:14.8859894Z Resolving deltas:  89% (49/55)
2023-11-12T08:29:14.8860403Z Resolving deltas:  90% (50/55)
2023-11-12T08:29:14.8860908Z Resolving deltas:  92% (51/55)
2023-11-12T08:29:14.8861431Z Resolving deltas:  94% (52/55)
2023-11-12T08:29:14.8861943Z Resolving deltas:  96% (53/55)
2023-11-12T08:29:14.8862436Z Resolving deltas:  98% (54/55)
2023-11-12T08:29:14.8862929Z Resolving deltas: 100% (55/55)
2023-11-12T08:29:14.8864011Z Resolving deltas: 100% (55/55), done.
2023-11-12T08:29:14.8864909Z From https://github.com/basdijkstra/rest-assured-net
2023-11-12T08:29:14.8865809Z  * [new ref]         12915491c3b9baecb84e92c72b05ab59f7042953 -> origin/main
2023-11-12T08:29:14.8867709Z ##[endgroup]
2023-11-12T08:29:14.8868313Z ##[group]Determining the checkout info
2023-11-12T08:29:14.8869020Z ##[endgroup]
2023-11-12T08:29:14.8869595Z ##[group]Checking out the ref
2023-11-12T08:29:14.8870418Z [command]/usr/bin/git checkout --progress --force -B main refs/remotes/origin/main
2023-11-12T08:29:14.8947879Z Switched to a new branch 'main'
2023-11-12T08:29:14.8949100Z branch 'main' set up to track 'origin/main'.
2023-11-12T08:29:14.8956158Z ##[endgroup]
2023-11-12T08:29:14.8999563Z [command]/usr/bin/git log -1 --format='%H'
2023-11-12T08:29:14.9073865Z '12915491c3b9baecb84e92c72b05ab59f7042953'
2023-11-12T08:29:14.9442004Z ##[group]Run actions/setup-dotnet@v3
2023-11-12T08:29:14.9442489Z with:
2023-11-12T08:29:14.9442781Z   dotnet-version: 6.0.x
2023-11-12T08:29:14.9443157Z   cache: false
2023-11-12T08:29:14.9443676Z ##[endgroup]
2023-11-12T08:29:15.1581770Z [command]/home/runner/work/_actions/actions/setup-dotnet/v3/externals/install-dotnet.sh --channel 6.0
2023-11-12T08:29:16.0180749Z dotnet-install: .NET Core SDK with version '6.0.416' is already installed.
2023-11-12T08:29:16.0381754Z ##[group]Run dotnet --list-sdks
2023-11-12T08:29:16.0382292Z [36;1mdotnet --list-sdks[0m
2023-11-12T08:29:16.0440605Z shell: /usr/bin/bash -e {0}
2023-11-12T08:29:16.0441039Z env:
2023-11-12T08:29:16.0441344Z   DOTNET_ROOT: /usr/share/dotnet
2023-11-12T08:29:16.0441774Z ##[endgroup]
2023-11-12T08:29:16.1475093Z 6.0.416 [/usr/share/dotnet/sdk]
2023-11-12T08:29:16.1475913Z 7.0.113 [/usr/share/dotnet/sdk]
2023-11-12T08:29:16.1477901Z 7.0.203 [/usr/share/dotnet/sdk]
2023-11-12T08:29:16.1478489Z 7.0.310 [/usr/share/dotnet/sdk]
2023-11-12T08:29:16.1478995Z 7.0.403 [/usr/share/dotnet/sdk]
2023-11-12T08:29:16.1519921Z ##[group]Run dotnet restore
2023-11-12T08:29:16.1520355Z [36;1mdotnet restore[0m
2023-11-12T08:29:16.1558650Z shell: /usr/bin/bash -e {0}
2023-11-12T08:29:16.1559059Z env:
2023-11-12T08:29:16.1559354Z   DOTNET_ROOT: /usr/share/dotnet
2023-11-12T08:29:16.1559776Z ##[endgroup]
2023-11-12T08:29:22.3468705Z   Determining projects to restore...
2023-11-12T08:29:26.1305984Z   Restored /home/runner/work/rest-assured-net/rest-assured-net/RestAssured.Net.DemoService/RestAssured.Net.DemoService.csproj (in 1.55 sec).
2023-11-12T08:29:27.5651619Z   Restored /home/runner/work/rest-assured-net/rest-assured-net/RestAssured.Net/RestAssured.Net.csproj (in 3 sec).
2023-11-12T08:29:28.9509246Z   Restored /home/runner/work/rest-assured-net/rest-assured-net/RestAssured.Net.Tests/RestAssured.Net.Tests.csproj (in 2.8 sec).
2023-11-12T08:29:29.0890108Z ##[group]Run dotnet build --framework net6.0 --no-restore
2023-11-12T08:29:29.0890846Z [36;1mdotnet build --framework net6.0 --no-restore[0m
2023-11-12T08:29:29.0934022Z shell: /usr/bin/bash -e {0}
2023-11-12T08:29:29.0934439Z env:
2023-11-12T08:29:29.0934742Z   DOTNET_ROOT: /usr/share/dotnet
2023-11-12T08:29:29.0935189Z ##[endgroup]
2023-11-12T08:29:29.3463228Z MSBuild version 17.7.3+4fca21998 for .NET
2023-11-12T08:29:37.0557775Z ##[warning]/home/runner/work/rest-assured-net/rest-assured-net/RestAssured.Net/Request/Builders/RequestSpecBuilder.cs(58,178): warning CS8604: Possible null reference argument for parameter 'proxy' in 'RequestSpecification.RequestSpecification(string scheme, string host, int port, string baseUri, string basePath, IEnumerable<KeyValuePair<string, string>> queryParams, TimeSpan? timeout, ProductInfoHeaderValue? userAgent, IWebProxy proxy, Dictionary<string, object> headers, AuthenticationHeaderValue authenticationHeader, string contentType, Encoding contentEncoding, bool disableSslCertificateValidation, RequestLogLevel requestLogLevel, JsonSerializerSettings jsonSerializerSettings, List<string> sensitiveRequestHeadersAndCookies)'. [/home/runner/work/rest-assured-net/rest-assured-net/RestAssured.Net/RestAssured.Net.csproj::TargetFramework=net6.0]
2023-11-12T08:29:37.0584944Z ##[warning]/home/runner/work/rest-assured-net/rest-assured-net/RestAssured.Net/Request/Builders/RequestSpecBuilder.cs(58,204): warning CS8604: Possible null reference argument for parameter 'authenticationHeader' in 'RequestSpecification.RequestSpecification(string scheme, string host, int port, string baseUri, string basePath, IEnumerable<KeyValuePair<string, string>> queryParams, TimeSpan? timeout, ProductInfoHeaderValue? userAgent, IWebProxy proxy, Dictionary<string, object> headers, AuthenticationHeaderValue authenticationHeader, string contentType, Encoding contentEncoding, bool disableSslCertificateValidation, RequestLogLevel requestLogLevel, JsonSerializerSettings jsonSerializerSettings, List<string> sensitiveRequestHeadersAndCookies)'. [/home/runner/work/rest-assured-net/rest-assured-net/RestAssured.Net/RestAssured.Net.csproj::TargetFramework=net6.0]
2023-11-12T08:29:37.0604309Z ##[warning]/home/runner/work/rest-assured-net/rest-assured-net/RestAssured.Net/Request/Builders/RequestSpecBuilder.cs(58,231): warning CS8604: Possible null reference argument for parameter 'contentType' in 'RequestSpecification.RequestSpecification(string scheme, string host, int port, string baseUri, string basePath, IEnumerable<KeyValuePair<string, string>> queryParams, TimeSpan? timeout, ProductInfoHeaderValue? userAgent, IWebProxy proxy, Dictionary<string, object> headers, AuthenticationHeaderValue authenticationHeader, string contentType, Encoding contentEncoding, bool disableSslCertificateValidation, RequestLogLevel requestLogLevel, JsonSerializerSettings jsonSerializerSettings, List<string> sensitiveRequestHeadersAndCookies)'. [/home/runner/work/rest-assured-net/rest-assured-net/RestAssured.Net/RestAssured.Net.csproj::TargetFramework=net6.0]
2023-11-12T08:29:37.0623426Z ##[warning]/home/runner/work/rest-assured-net/rest-assured-net/RestAssured.Net/Request/Builders/RequestSpecBuilder.cs(58,255): warning CS8604: Possible null reference argument for parameter 'contentEncoding' in 'RequestSpecification.RequestSpecification(string scheme, string host, int port, string baseUri, string basePath, IEnumerable<KeyValuePair<string, string>> queryParams, TimeSpan? timeout, ProductInfoHeaderValue? userAgent, IWebProxy proxy, Dictionary<string, object> headers, AuthenticationHeaderValue authenticationHeader, string contentType, Encoding contentEncoding, bool disableSslCertificateValidation, RequestLogLevel requestLogLevel, JsonSerializerSettings jsonSerializerSettings, List<string> sensitiveRequestHeadersAndCookies)'. [/home/runner/work/rest-assured-net/rest-assured-net/RestAssured.Net/RestAssured.Net.csproj::TargetFramework=net6.0]
2023-11-12T08:29:37.0634494Z ##[warning]/home/runner/work/rest-assured-net/rest-assured-net/RestAssured.Net/Request/Builders/RequestSpecBuilder.cs(45,53): warning CS0649: Field 'RequestSpecBuilder.authenticationHeader' is never assigned to, and will always have its default value null [/home/runner/work/rest-assured-net/rest-assured-net/RestAssured.Net/RestAssured.Net.csproj::TargetFramework=net6.0]
2023-11-12T08:29:37.0641694Z ##[warning]/home/runner/work/rest-assured-net/rest-assured-net/RestAssured.Net/Request/Builders/RequestSpecBuilder.cs(43,37): warning CS0649: Field 'RequestSpecBuilder.proxy' is never assigned to, and will always have its default value null [/home/runner/work/rest-assured-net/rest-assured-net/RestAssured.Net/RestAssured.Net.csproj::TargetFramework=net6.0]
2023-11-12T08:29:37.0648639Z ##[warning]/home/runner/work/rest-assured-net/rest-assured-net/RestAssured.Net/Request/Builders/RequestSpecBuilder.cs(41,36): warning CS0649: Field 'RequestSpecBuilder.timeout' is never assigned to, and will always have its default value [/home/runner/work/rest-assured-net/rest-assured-net/RestAssured.Net/RestAssured.Net.csproj::TargetFramework=net6.0]
2023-11-12T08:29:37.0655607Z ##[warning]/home/runner/work/rest-assured-net/rest-assured-net/RestAssured.Net/Request/Builders/RequestSpecBuilder.cs(42,50): warning CS0649: Field 'RequestSpecBuilder.userAgent' is never assigned to, and will always have its default value null [/home/runner/work/rest-assured-net/rest-assured-net/RestAssured.Net/RestAssured.Net.csproj::TargetFramework=net6.0]
2023-11-12T08:29:37.1458721Z   RestAssured.Net -> /home/runner/work/rest-assured-net/rest-assured-net/RestAssured.Net/bin/Debug/net6.0/RestAssured.Net.dll
2023-11-12T08:29:37.4162030Z   RestAssured.Net.DemoService -> /home/runner/work/rest-assured-net/rest-assured-net/RestAssured.Net.DemoService/bin/Debug/net6.0/RestAssured.Net.DemoService.dll
2023-11-12T08:29:39.4886313Z ##[warning]/home/runner/work/rest-assured-net/rest-assured-net/RestAssured.Net.Tests/UserAgentTests.cs(39,41): warning CS0618: 'RequestSpecBuilder.WithScheme(string)' is obsolete: 'Please use WithBaseUri() instead. This method will be removed in RestAssured.Net 5.0.0' [/home/runner/work/rest-assured-net/rest-assured-net/RestAssured.Net.Tests/RestAssured.Net.Tests.csproj::TargetFramework=net6.0]
2023-11-12T08:29:39.4895051Z ##[warning]/home/runner/work/rest-assured-net/rest-assured-net/RestAssured.Net.Tests/UserAgentTests.cs(39,41): warning CS0618: 'RequestSpecBuilder.WithHostName(string)' is obsolete: 'Please use WithBaseUri() instead. This method will be removed in RestAssured.Net 5.0.0' [/home/runner/work/rest-assured-net/rest-assured-net/RestAssured.Net.Tests/RestAssured.Net.Tests.csproj::TargetFramework=net6.0]
2023-11-12T08:29:39.4904258Z ##[warning]/home/runner/work/rest-assured-net/rest-assured-net/RestAssured.Net.Tests/TimeoutTests.cs(40,41): warning CS0618: 'RequestSpecBuilder.WithScheme(string)' is obsolete: 'Please use WithBaseUri() instead. This method will be removed in RestAssured.Net 5.0.0' [/home/runner/work/rest-assured-net/rest-assured-net/RestAssured.Net.Tests/RestAssured.Net.Tests.csproj::TargetFramework=net6.0]
2023-11-12T08:29:39.4940302Z ##[warning]/home/runner/work/rest-assured-net/rest-assured-net/RestAssured.Net.Tests/TimeoutTests.cs(40,41): warning CS0618: 'RequestSpecBuilder.WithHostName(string)' is obsolete: 'Please use WithBaseUri() instead. This method will be removed in RestAssured.Net 5.0.0' [/home/runner/work/rest-assured-net/rest-assured-net/RestAssured.Net.Tests/RestAssured.Net.Tests.csproj::TargetFramework=net6.0]
2023-11-12T08:29:39.4949867Z ##[warning]/home/runner/work/rest-assured-net/rest-assured-net/RestAssured.Net.Tests/RequestSpecificationTests.cs(140,50): warning CS0618: 'RequestSpecBuilder.WithHostName(string)' is obsolete: 'Please use WithBaseUri() instead. This method will be removed in RestAssured.Net 5.0.0' [/home/runner/work/rest-assured-net/rest-assured-net/RestAssured.Net.Tests/RestAssured.Net.Tests.csproj::TargetFramework=net6.0]
2023-11-12T08:29:39.4959229Z ##[warning]/home/runner/work/rest-assured-net/rest-assured-net/RestAssured.Net.Tests/QueryParameterTests.cs(44,41): warning CS0618: 'RequestSpecBuilder.WithScheme(string)' is obsolete: 'Please use WithBaseUri() instead. This method will be removed in RestAssured.Net 5.0.0' [/home/runner/work/rest-assured-net/rest-assured-net/RestAssured.Net.Tests/RestAssured.Net.Tests.csproj::TargetFramework=net6.0]
2023-11-12T08:29:39.4967386Z ##[warning]/home/runner/work/rest-assured-net/rest-assured-net/RestAssured.Net.Tests/QueryParameterTests.cs(44,41): warning CS0618: 'RequestSpecBuilder.WithHostName(string)' is obsolete: 'Please use WithBaseUri() instead. This method will be removed in RestAssured.Net 5.0.0' [/home/runner/work/rest-assured-net/rest-assured-net/RestAssured.Net.Tests/RestAssured.Net.Tests.csproj::TargetFramework=net6.0]
2023-11-12T08:29:39.4976179Z ##[warning]/home/runner/work/rest-assured-net/rest-assured-net/RestAssured.Net.Tests/QueryParameterTests.cs(119,13): warning CS0618: 'ExecutableRequest.QueryParams(Dictionary<string, object>)' is obsolete: 'Please use QueryParams(IEnumerable<KeyValuePair<string, object>>) instead. This method will be removed in version 5.0.0' [/home/runner/work/rest-assured-net/rest-assured-net/RestAssured.Net.Tests/RestAssured.Net.Tests.csproj::TargetFramework=net6.0]
2023-11-12T08:29:39.5789345Z   RestAssured.Net.Tests -> /home/runner/work/rest-assured-net/rest-assured-net/RestAssured.Net.Tests/bin/Debug/net6.0/RestAssured.Net.Tests.dll
2023-11-12T08:29:39.6865997Z 
2023-11-12T08:29:39.6866885Z Build succeeded.
2023-11-12T08:29:39.6867432Z 
2023-11-12T08:29:39.6880215Z ##[warning]/home/runner/work/rest-assured-net/rest-assured-net/RestAssured.Net/Request/Builders/RequestSpecBuilder.cs(58,178): warning CS8604: Possible null reference argument for parameter 'proxy' in 'RequestSpecification.RequestSpecification(string scheme, string host, int port, string baseUri, string basePath, IEnumerable<KeyValuePair<string, string>> queryParams, TimeSpan? timeout, ProductInfoHeaderValue? userAgent, IWebProxy proxy, Dictionary<string, object> headers, AuthenticationHeaderValue authenticationHeader, string contentType, Encoding contentEncoding, bool disableSslCertificateValidation, RequestLogLevel requestLogLevel, JsonSerializerSettings jsonSerializerSettings, List<string> sensitiveRequestHeadersAndCookies)'. [/home/runner/work/rest-assured-net/rest-assured-net/RestAssured.Net/RestAssured.Net.csproj::TargetFramework=net6.0]
2023-11-12T08:29:39.6900146Z ##[warning]/home/runner/work/rest-assured-net/rest-assured-net/RestAssured.Net/Request/Builders/RequestSpecBuilder.cs(58,204): warning CS8604: Possible null reference argument for parameter 'authenticationHeader' in 'RequestSpecification.RequestSpecification(string scheme, string host, int port, string baseUri, string basePath, IEnumerable<KeyValuePair<string, string>> queryParams, TimeSpan? timeout, ProductInfoHeaderValue? userAgent, IWebProxy proxy, Dictionary<string, object> headers, AuthenticationHeaderValue authenticationHeader, string contentType, Encoding contentEncoding, bool disableSslCertificateValidation, RequestLogLevel requestLogLevel, JsonSerializerSettings jsonSerializerSettings, List<string> sensitiveRequestHeadersAndCookies)'. [/home/runner/work/rest-assured-net/rest-assured-net/RestAssured.Net/RestAssured.Net.csproj::TargetFramework=net6.0]
2023-11-12T08:29:39.6921760Z ##[warning]/home/runner/work/rest-assured-net/rest-assured-net/RestAssured.Net/Request/Builders/RequestSpecBuilder.cs(58,231): warning CS8604: Possible null reference argument for parameter 'contentType' in 'RequestSpecification.RequestSpecification(string scheme, string host, int port, string baseUri, string basePath, IEnumerable<KeyValuePair<string, string>> queryParams, TimeSpan? timeout, ProductInfoHeaderValue? userAgent, IWebProxy proxy, Dictionary<string, object> headers, AuthenticationHeaderValue authenticationHeader, string contentType, Encoding contentEncoding, bool disableSslCertificateValidation, RequestLogLevel requestLogLevel, JsonSerializerSettings jsonSerializerSettings, List<string> sensitiveRequestHeadersAndCookies)'. [/home/runner/work/rest-assured-net/rest-assured-net/RestAssured.Net/RestAssured.Net.csproj::TargetFramework=net6.0]
2023-11-12T08:29:39.7007990Z ##[warning]/home/runner/work/rest-assured-net/rest-assured-net/RestAssured.Net/Request/Builders/RequestSpecBuilder.cs(58,255): warning CS8604: Possible null reference argument for parameter 'contentEncoding' in 'RequestSpecification.RequestSpecification(string scheme, string host, int port, string baseUri, string basePath, IEnumerable<KeyValuePair<string, string>> queryParams, TimeSpan? timeout, ProductInfoHeaderValue? userAgent, IWebProxy proxy, Dictionary<string, object> headers, AuthenticationHeaderValue authenticationHeader, string contentType, Encoding contentEncoding, bool disableSslCertificateValidation, RequestLogLevel requestLogLevel, JsonSerializerSettings jsonSerializerSettings, List<string> sensitiveRequestHeadersAndCookies)'. [/home/runner/work/rest-assured-net/rest-assured-net/RestAssured.Net/RestAssured.Net.csproj::TargetFramework=net6.0]
2023-11-12T08:29:39.7019384Z ##[warning]/home/runner/work/rest-assured-net/rest-assured-net/RestAssured.Net/Request/Builders/RequestSpecBuilder.cs(45,53): warning CS0649: Field 'RequestSpecBuilder.authenticationHeader' is never assigned to, and will always have its default value null [/home/runner/work/rest-assured-net/rest-assured-net/RestAssured.Net/RestAssured.Net.csproj::TargetFramework=net6.0]
2023-11-12T08:29:39.7026546Z ##[warning]/home/runner/work/rest-assured-net/rest-assured-net/RestAssured.Net/Request/Builders/RequestSpecBuilder.cs(43,37): warning CS0649: Field 'RequestSpecBuilder.proxy' is never assigned to, and will always have its default value null [/home/runner/work/rest-assured-net/rest-assured-net/RestAssured.Net/RestAssured.Net.csproj::TargetFramework=net6.0]
2023-11-12T08:29:39.7033558Z ##[warning]/home/runner/work/rest-assured-net/rest-assured-net/RestAssured.Net/Request/Builders/RequestSpecBuilder.cs(41,36): warning CS0649: Field 'RequestSpecBuilder.timeout' is never assigned to, and will always have its default value [/home/runner/work/rest-assured-net/rest-assured-net/RestAssured.Net/RestAssured.Net.csproj::TargetFramework=net6.0]
2023-11-12T08:29:39.7040602Z ##[warning]/home/runner/work/rest-assured-net/rest-assured-net/RestAssured.Net/Request/Builders/RequestSpecBuilder.cs(42,50): warning CS0649: Field 'RequestSpecBuilder.userAgent' is never assigned to, and will always have its default value null [/home/runner/work/rest-assured-net/rest-assured-net/RestAssured.Net/RestAssured.Net.csproj::TargetFramework=net6.0]
2023-11-12T08:29:39.7048579Z ##[warning]/home/runner/work/rest-assured-net/rest-assured-net/RestAssured.Net.Tests/UserAgentTests.cs(39,41): warning CS0618: 'RequestSpecBuilder.WithScheme(string)' is obsolete: 'Please use WithBaseUri() instead. This method will be removed in RestAssured.Net 5.0.0' [/home/runner/work/rest-assured-net/rest-assured-net/RestAssured.Net.Tests/RestAssured.Net.Tests.csproj::TargetFramework=net6.0]
2023-11-12T08:29:39.7056502Z ##[warning]/home/runner/work/rest-assured-net/rest-assured-net/RestAssured.Net.Tests/UserAgentTests.cs(39,41): warning CS0618: 'RequestSpecBuilder.WithHostName(string)' is obsolete: 'Please use WithBaseUri() instead. This method will be removed in RestAssured.Net 5.0.0' [/home/runner/work/rest-assured-net/rest-assured-net/RestAssured.Net.Tests/RestAssured.Net.Tests.csproj::TargetFramework=net6.0]
2023-11-12T08:29:39.7230027Z ##[warning]/home/runner/work/rest-assured-net/rest-assured-net/RestAssured.Net.Tests/TimeoutTests.cs(40,41): warning CS0618: 'RequestSpecBuilder.WithScheme(string)' is obsolete: 'Please use WithBaseUri() instead. This method will be removed in RestAssured.Net 5.0.0' [/home/runner/work/rest-assured-net/rest-assured-net/RestAssured.Net.Tests/RestAssured.Net.Tests.csproj::TargetFramework=net6.0]
2023-11-12T08:29:39.7238252Z ##[warning]/home/runner/work/rest-assured-net/rest-assured-net/RestAssured.Net.Tests/TimeoutTests.cs(40,41): warning CS0618: 'RequestSpecBuilder.WithHostName(string)' is obsolete: 'Please use WithBaseUri() instead. This method will be removed in RestAssured.Net 5.0.0' [/home/runner/work/rest-assured-net/rest-assured-net/RestAssured.Net.Tests/RestAssured.Net.Tests.csproj::TargetFramework=net6.0]
2023-11-12T08:29:39.7287051Z ##[warning]/home/runner/work/rest-assured-net/rest-assured-net/RestAssured.Net.Tests/RequestSpecificationTests.cs(140,50): warning CS0618: 'RequestSpecBuilder.WithHostName(string)' is obsolete: 'Please use WithBaseUri() instead. This method will be removed in RestAssured.Net 5.0.0' [/home/runner/work/rest-assured-net/rest-assured-net/RestAssured.Net.Tests/RestAssured.Net.Tests.csproj::TargetFramework=net6.0]
2023-11-12T08:29:39.7331571Z ##[warning]/home/runner/work/rest-assured-net/rest-assured-net/RestAssured.Net.Tests/QueryParameterTests.cs(44,41): warning CS0618: 'RequestSpecBuilder.WithScheme(string)' is obsolete: 'Please use WithBaseUri() instead. This method will be removed in RestAssured.Net 5.0.0' [/home/runner/work/rest-assured-net/rest-assured-net/RestAssured.Net.Tests/RestAssured.Net.Tests.csproj::TargetFramework=net6.0]
2023-11-12T08:29:39.7416749Z ##[warning]/home/runner/work/rest-assured-net/rest-assured-net/RestAssured.Net.Tests/QueryParameterTests.cs(44,41): warning CS0618: 'RequestSpecBuilder.WithHostName(string)' is obsolete: 'Please use WithBaseUri() instead. This method will be removed in RestAssured.Net 5.0.0' [/home/runner/work/rest-assured-net/rest-assured-net/RestAssured.Net.Tests/RestAssured.Net.Tests.csproj::TargetFramework=net6.0]
2023-11-12T08:29:39.7428728Z ##[warning]/home/runner/work/rest-assured-net/rest-assured-net/RestAssured.Net.Tests/QueryParameterTests.cs(119,13): warning CS0618: 'ExecutableRequest.QueryParams(Dictionary<string, object>)' is obsolete: 'Please use QueryParams(IEnumerable<KeyValuePair<string, object>>) instead. This method will be removed in version 5.0.0' [/home/runner/work/rest-assured-net/rest-assured-net/RestAssured.Net.Tests/RestAssured.Net.Tests.csproj::TargetFramework=net6.0]
2023-11-12T08:29:39.7432681Z     16 Warning(s)
2023-11-12T08:29:39.7433006Z     0 Error(s)
2023-11-12T08:29:39.7433219Z 
2023-11-12T08:29:39.7433375Z Time Elapsed 00:00:10.13
2023-11-12T08:29:39.7532831Z ##[group]Run dotnet test --framework net6.0 --no-restore --no-build --verbosity normal
2023-11-12T08:29:39.7533904Z [36;1mdotnet test --framework net6.0 --no-restore --no-build --verbosity normal[0m
2023-11-12T08:29:39.7573669Z shell: /usr/bin/bash -e {0}
2023-11-12T08:29:39.7574067Z env:
2023-11-12T08:29:39.7574373Z   DOTNET_ROOT: /usr/share/dotnet
2023-11-12T08:29:39.7574795Z ##[endgroup]
2023-11-12T08:29:40.2613994Z Build started 11/12/2023 08:29:40.
2023-11-12T08:29:40.7736207Z      1>Project "/home/runner/work/rest-assured-net/rest-assured-net/RestAssured.Net.sln" on node 1 (VSTest target(s)).
2023-11-12T08:29:40.7737670Z      1>ValidateSolutionConfiguration:
2023-11-12T08:29:40.7739206Z          Building solution configuration "Debug|Any CPU".
2023-11-12T08:29:41.7250946Z Test run for /home/runner/work/rest-assured-net/rest-assured-net/RestAssured.Net.Tests/bin/Debug/net6.0/RestAssured.Net.Tests.dll (.NETCoreApp,Version=v6.0)
2023-11-12T08:29:42.0027793Z Microsoft (R) Test Execution Command Line Tool Version 17.7.2 (x64)
2023-11-12T08:29:42.0028953Z Copyright (c) Microsoft Corporation.  All rights reserved.
2023-11-12T08:29:42.0091472Z 
2023-11-12T08:29:42.5687543Z Starting test execution, please wait...
2023-11-12T08:29:42.6333711Z A total of 1 test files matched the specified pattern.
2023-11-12T08:29:46.2569059Z NUnit Adapter 4.5.0.0: Test execution started
2023-11-12T08:29:46.2844014Z Running all tests in /home/runner/work/rest-assured-net/rest-assured-net/RestAssured.Net.Tests/bin/Debug/net6.0/RestAssured.Net.Tests.dll
2023-11-12T08:29:46.5780855Z    NUnit3TestExecutor discovered 192 of 192 NUnit test cases using Current Discovery mode, Non-Explicit run
2023-11-12T08:29:48.9339788Z   Passed BasicAuthenticationDetailsCanBeSupplied [1 s]
2023-11-12T08:29:48.9342051Z   Passed OAuth2AuthenticationTokenCanBeSupplied [9 ms]
2023-11-12T08:29:48.9345682Z   Passed CookieAsStringWithASingleValueCanBeSupplied [12 ms]
2023-11-12T08:29:48.9346620Z   Passed CookieCollectionWithASingleCookieCanBeSupplied [6 ms]
2023-11-12T08:29:48.9347489Z   Passed CookieObjectWithASingleValueCanBeSupplied [6 ms]
2023-11-12T08:29:48.9348154Z   Passed HttpGetCanBeUsed [600 ms]
2023-11-12T08:29:48.9349003Z   Passed CustomJsonSerializerSettingsCanBeSuppliedInRequestSpecification [34 ms]
2023-11-12T08:29:48.9350162Z   Passed CustomJsonSerializerSettingsCanBeSuppliedInTestBody [5 ms]
2023-11-12T08:29:48.9351243Z   Passed CustomJsonSerializerSettingsCanBeSuppliedWhenDeserializing [25 ms]
2023-11-12T08:29:49.8552479Z   Passed FormDataCanBeSupplied [34 ms]
2023-11-12T08:29:49.8553665Z   Passed ParameterizedGraphQLQueryCanBeSupplied [34 ms]
2023-11-12T08:29:49.8555038Z   Passed SimpleGraphQLQueryCanBeSupplied [11 ms]
2023-11-12T08:29:49.8557011Z   Passed HttpsEndpointsCanBeInvokedWithoutExplicitlyDisablingSslVerification [591 ms]
2023-11-12T08:29:49.8558223Z   Passed SslVerificationCanBeDisabledPerRequest [80 ms]
2023-11-12T08:29:49.8561733Z   Passed SslVerificationCanBeDisabledPerRequestUsingDeprecatedMethod [72 ms]
2023-11-12T08:29:49.8566187Z   Passed SslVerificationCanBeDisabledThroughRequestSpecification [69 ms]
2023-11-12T08:29:49.8569923Z   Passed HTTP GET is allowed [16 ms]
2023-11-12T08:29:49.8573351Z   Passed HTTP POST is not allowed [18 ms]
2023-11-12T08:29:49.9359408Z   Passed HTTP PUT is not allowed [16 ms]
2023-11-12T08:29:49.9360432Z   Passed HTTP PATCH is not allowed [14 ms]
2023-11-12T08:29:49.9361544Z   Passed HTTP DELETE is not allowed [13 ms]
2023-11-12T08:29:49.9362138Z   Passed HTTP HEAD is allowed [13 ms]
2023-11-12T08:29:49.9362657Z   Passed HTTP OPTIONS is allowed [13 ms]
2023-11-12T08:29:49.9363183Z   Passed HttpDeleteCanBeUsed [4 ms]
2023-11-12T08:29:49.9363666Z   Passed HttpGetCanBeUsed [4 ms]
2023-11-12T08:29:49.9364140Z   Passed HttpHeadCanBeUsed [4 ms]
2023-11-12T08:29:49.9364627Z   Passed HttpOptionsCanBeUsed [4 ms]
2023-11-12T08:29:50.3956322Z   Passed HttpPatchCanBeUsed [6 ms]
2023-11-12T08:29:50.3957261Z   Passed HttpPostCanBeUsed [4 ms]
2023-11-12T08:29:50.3966957Z   Passed HttpPutCanBeUsed [4 ms]
2023-11-12T08:29:50.3968020Z   Passed AnonymousObjectCanBeSerializedToJson [6 ms]
2023-11-12T08:29:50.3968906Z   Passed DictionaryCanBeSerializedToJson [4 ms]
2023-11-12T08:29:50.3969550Z   Passed ObjectCanBeSerializedToJson [8 ms]
2023-11-12T08:29:50.3970483Z   Passed ObjectCanBeSerializedToXml [261 ms]
2023-11-12T08:29:50.3971221Z   Passed UnableToSerializeThrowsTheExpectedException [9 ms]
2023-11-12T08:29:50.3972128Z   Passed JsonSchemaCanBeSuppliedAndVerifiedAsJsonSchema [149 ms]
2023-11-12T08:29:50.4580466Z GET http://localhost:9876/log-no-response-body
2023-11-12T08:29:50.4591461Z Content-Type: application/json; charset=utf-8
2023-11-12T08:29:50.4592296Z Content-Length: 0
2023-11-12T08:29:50.4592796Z 
2023-11-12T08:29:50.4685163Z HTTP 200 (OK)
2023-11-12T08:29:50.4685672Z Content-Type: 
2023-11-12T08:29:50.4686057Z Content-Length: 0
2023-11-12T08:29:50.4687048Z Date: Sun, 12 Nov 2023 08:29:50 GMT
2023-11-12T08:29:50.4687504Z Server: Kestrel
2023-11-12T08:29:50.4687900Z Response time: 2.4884 ms
2023-11-12T08:29:50.4688160Z 
2023-11-12T08:29:50.5012853Z GET http://localhost:9876/log-json-response
2023-11-12T08:29:50.5014040Z Content-Type: application/json; charset=utf-8
2023-11-12T08:29:50.5014923Z Content-Length: 29
2023-11-12T08:29:50.5015845Z Accept: application/json
2023-11-12T08:29:50.5016356Z CustomHeader: custom header value
2023-11-12T08:29:50.5016798Z {
2023-11-12T08:29:50.5017065Z   "id": 1,
2023-11-12T08:29:50.5017356Z   "user": "John Doe"
2023-11-12T08:29:50.5017691Z }
2023-11-12T08:29:50.5017836Z 
2023-11-12T08:29:50.5113930Z GET http://localhost:9876/log-xml-response
2023-11-12T08:29:50.5114963Z Content-Type: application/xml; charset=utf-8
2023-11-12T08:29:50.5115705Z Content-Length: 456
2023-11-12T08:29:50.5117272Z <Location xmlns:xsi="http://www.w3.org/2001/XMLSchema-instance" xmlns:xsd="http://www.w3.org/2001/XMLSchema">
2023-11-12T08:29:50.5118293Z   <Country>United States</Country>
2023-11-12T08:29:50.5118741Z   <State>California</State>
2023-11-12T08:29:50.5119185Z   <ZipCode>90210</ZipCode>
2023-11-12T08:29:50.5119559Z   <Places>
2023-11-12T08:29:50.5119835Z     <Place>
2023-11-12T08:29:50.5120151Z       <Name>Sun City</Name>
2023-11-12T08:29:50.5120581Z       <Inhabitants>100000</Inhabitants>
2023-11-12T08:29:50.5121066Z       <IsCapital>true</IsCapital>
2023-11-12T08:29:50.5121487Z     </Place>
2023-11-12T08:29:50.5121786Z     <Place>
2023-11-12T08:29:50.5122096Z       <Name>Pleasure Meadow</Name>
2023-11-12T08:29:50.5122559Z       <Inhabitants>50000</Inhabitants>
2023-11-12T08:29:50.5123034Z       <IsCapital>false</IsCapital>
2023-11-12T08:29:50.5123442Z     </Place>
2023-11-12T08:29:50.5123740Z   </Places>
2023-11-12T08:29:50.5124035Z </Location>
2023-11-12T08:29:50.5124209Z 
2023-11-12T08:29:50.5210384Z   Passed JsonSchemaCanBeSuppliedAndVerifiedAsString [10 ms]
2023-11-12T08:29:50.5211353Z   Passed MismatchWithJsonSchemaThrowsTheExpectedException [19 ms]
2023-11-12T08:29:50.5212370Z   Passed SupplyingInvalidJsonSchemaThrowsTheExpectedException [11 ms]
2023-11-12T08:29:50.5213450Z   Passed UnexpectedResponseContentTypeThrowsTheExpectedException [11 ms]
2023-11-12T08:29:50.5214469Z   Passed NoRequestBodyDoesntThrowNullReferenceException [8 ms]
2023-11-12T08:29:50.5215393Z   Passed NoResponseBodyDoesntThrowNullReferenceException [9 ms]
2023-11-12T08:29:50.5216365Z   Passed RequestDetailsCanBeWrittenToStandardOutputForJson [32 ms]
2023-11-12T08:29:50.5217330Z   Passed RequestDetailsCanBeWrittenToStandardOutputForXml [10 ms]
2023-11-12T08:29:50.5218527Z   Passed ResponseBodyDetailsAreLoggedIfVerificationFails [6 ms]
2023-11-12T08:29:50.5317386Z HTTP 404 (NotFound)
2023-11-12T08:29:50.5317982Z Content-Type: text/plain
2023-11-12T08:29:50.5318438Z Content-Length: 56
2023-11-12T08:29:50.5318832Z Date: Sun, 12 Nov 2023 08:29:50 GMT
2023-11-12T08:29:50.5319278Z Server: Kestrel
2023-11-12T08:29:50.5319667Z Transfer-Encoding: chunked
2023-11-12T08:29:50.5320237Z The resource you requested was not found on this server.
2023-11-12T08:29:50.5320847Z Response time: 4.0875 ms
2023-11-12T08:29:50.5321497Z 
2023-11-12T08:29:50.5440380Z HTTP 200 (OK)
2023-11-12T08:29:50.5441272Z Content-Type: text/plain
2023-11-12T08:29:50.5441755Z Content-Length: 17
2023-11-12T08:29:50.5442165Z Date: Sun, 12 Nov 2023 08:29:50 GMT
2023-11-12T08:29:50.5442936Z Server: Kestrel
2023-11-12T08:29:50.5443376Z Set-Cookie: Auth=123; httponly; secure
2023-11-12T08:29:50.5443923Z Transfer-Encoding: chunked
2023-11-12T08:29:50.5444627Z Cookie: Auth=123, Domain: localhost, HTTP-only: True, Secure: True
2023-11-12T08:29:50.5445250Z Cookies are nice!
2023-11-12T08:29:50.5445615Z Response time: 2.9158 ms
2023-11-12T08:29:50.5445870Z 
2023-11-12T08:29:50.5505599Z HTTP 200 (OK)
2023-11-12T08:29:50.5506164Z Content-Type: application/json
2023-11-12T08:29:50.5506654Z Content-Length: 198
2023-11-12T08:29:50.5507051Z Date: Sun, 12 Nov 2023 08:29:50 GMT
2023-11-12T08:29:50.5507500Z Server: Kestrel
2023-11-12T08:29:50.5507906Z Transfer-Encoding: chunked
2023-11-12T08:29:50.5508286Z {
2023-11-12T08:29:50.5508596Z   "Country": "United States",
2023-11-12T08:29:50.5509001Z   "State": "California",
2023-11-12T08:29:50.5509385Z   "ZipCode": 90210,
2023-11-12T08:29:50.5509726Z   "Places": [
2023-11-12T08:29:50.5510008Z     {
2023-11-12T08:29:50.5510302Z       "Name": "Sun City",
2023-11-12T08:29:50.5510703Z       "Inhabitants": 100000,
2023-11-12T08:29:50.5511097Z       "IsCapital": true
2023-11-12T08:29:50.5511445Z     },
2023-11-12T08:29:50.5511714Z     {
2023-11-12T08:29:50.5512003Z       "Name": "Pleasure Meadow",
2023-11-12T08:29:50.5512438Z       "Inhabitants": 50000,
2023-11-12T08:29:50.5512832Z       "IsCapital": false
2023-11-12T08:29:50.5513172Z     }
2023-11-12T08:29:50.5513432Z   ]
2023-11-12T08:29:50.5513674Z }
2023-11-12T08:29:50.5513978Z Response time: 2.2896 ms
2023-11-12T08:29:50.5514231Z 
2023-11-12T08:29:50.5582327Z HTTP 200 (OK)
2023-11-12T08:29:50.5582868Z Content-Type: application/xml
2023-11-12T08:29:50.5583361Z Content-Length: 456
2023-11-12T08:29:50.5583766Z Date: Sun, 12 Nov 2023 08:29:50 GMT
2023-11-12T08:29:50.5584222Z Server: Kestrel
2023-11-12T08:29:50.5584669Z Transfer-Encoding: chunked
2023-11-12T08:29:50.5585754Z <Location xmlns:xsi="http://www.w3.org/2001/XMLSchema-instance" xmlns:xsd="http://www.w3.org/2001/XMLSchema">
2023-11-12T08:29:50.5586734Z   <Country>United States</Country>
2023-11-12T08:29:50.5587175Z   <State>California</State>
2023-11-12T08:29:50.5587576Z   <ZipCode>90210</ZipCode>
2023-11-12T08:29:50.5587952Z   <Places>
2023-11-12T08:29:50.5588229Z     <Place>
2023-11-12T08:29:50.5588543Z       <Name>Sun City</Name>
2023-11-12T08:29:50.5588965Z       <Inhabitants>100000</Inhabitants>
2023-11-12T08:29:50.5589440Z       <IsCapital>true</IsCapital>
2023-11-12T08:29:50.5589857Z     </Place>
2023-11-12T08:29:50.5590153Z     <Place>
2023-11-12T08:29:50.5590464Z       <Name>Pleasure Meadow</Name>
2023-11-12T08:29:50.5590931Z       <Inhabitants>50000</Inhabitants>
2023-11-12T08:29:50.5591404Z       <IsCapital>false</IsCapital>
2023-11-12T08:29:50.5591811Z     </Place>
2023-11-12T08:29:50.5592109Z   </Places>
2023-11-12T08:29:50.5592406Z </Location>
2023-11-12T08:29:50.5592720Z Response time: 2.6496 ms
2023-11-12T08:29:50.5592992Z 
2023-11-12T08:29:50.5669305Z GET http://localhost:9876/masking-sensitive-data
2023-11-12T08:29:50.5670442Z Content-Type: application/json; charset=utf-8
2023-11-12T08:29:50.5671028Z Content-Length: 0
2023-11-12T08:29:50.5671509Z NonsensitiveRequestHeader: This one is printed
2023-11-12T08:29:50.5672100Z SensitiveRequestHeader: *****
2023-11-12T08:29:50.5672582Z AnotherSensitiveRequestHeader: *****
2023-11-12T08:29:50.5672951Z 
2023-11-12T08:29:50.5735780Z GET http://localhost:9876/masking-sensitive-data
2023-11-12T08:29:50.5736531Z Content-Type: application/json; charset=utf-8
2023-11-12T08:29:50.5737084Z Content-Length: 0
2023-11-12T08:29:50.5737557Z NonsensitiveRequestHeader: This one is printed
2023-11-12T08:29:50.5738150Z SensitiveRequestHeader: *****
2023-11-12T08:29:50.5738803Z 
2023-11-12T08:29:50.5790288Z HTTP 200 (OK)
2023-11-12T08:29:50.5790792Z Content-Type: text/plain
2023-11-12T08:29:50.5791590Z Content-Length: 13
2023-11-12T08:29:50.5791996Z Date: Sun, 12 Nov 2023 08:29:50 GMT
2023-11-12T08:29:50.5792425Z Server: Kestrel
2023-11-12T08:29:50.5793290Z Set-Cookie: SensitiveResponseCookie=some_secret_value, NonSensitiveResponseCookie=123
2023-11-12T08:29:50.5794349Z Transfer-Encoding: chunked
2023-11-12T08:29:50.5794865Z NonSensitiveResponseHeader: This one is printed
2023-11-12T08:29:50.5795464Z SensitiveResponseHeader: *****
2023-11-12T08:29:50.5796369Z Cookie: SensitiveResponseCookie=*****, Domain: localhost, HTTP-only: False, Secure: False
2023-11-12T08:29:50.5797653Z Cookie: NonSensitiveResponseCookie=123, Domain: localhost, HTTP-only: False, Secure: False
2023-11-12T08:29:50.5798475Z Response data
2023-11-12T08:29:50.5798822Z Response time: 2.473 ms
2023-11-12T08:29:50.5799071Z 
2023-11-12T08:29:50.5859746Z GET http://localhost:9876/masking-sensitive-data
2023-11-12T08:29:50.5860511Z Content-Type: application/json; charset=utf-8
2023-11-12T08:29:50.5861067Z Content-Length: 0
2023-11-12T08:29:50.5862007Z Cookie: NonsensitiveRequestCookie=This one is printed, Domain: , HTTP-only: False, Secure: False
2023-11-12T08:29:50.5863262Z Cookie: SensitiveRequestCookie=*****, Domain: , HTTP-only: False, Secure: False
2023-11-12T08:29:50.5863887Z 
2023-11-12T08:29:50.5869892Z   Passed ResponseBodyDetailsAreLoggedOnlyOnErrorResponseCode [9 ms]
2023-11-12T08:29:50.5870893Z   Passed ResponseBodyDetailsAreNotLoggedOnOkResponseCode [5 ms]
2023-11-12T08:29:50.5871666Z   Passed ResponseCookieDetailsAreLogged [6 ms]
2023-11-12T08:29:50.5872474Z   Passed ResponseDetailsCanBeWrittenToStandardOutputForJson [6 ms]
2023-11-12T08:29:50.5873455Z   Passed ResponseDetailsCanBeWrittenToStandardOutputForXml [7 ms]
2023-11-12T08:29:50.5874336Z   Passed MultipleSensitiveRequestHeadersAreMasked [7 ms]
2023-11-12T08:29:50.5875335Z   Passed SensitiveHeaderAndCookieNamesCanBeDefinedInRequestSpecification [5 ms]
2023-11-12T08:29:50.5876381Z   Passed SensitiveResponseHeadersAndCookiesAreMasked [4 ms]
2023-11-12T08:29:50.5877176Z   Passed SingleSensitiveRequestCookieIsMasked [4 ms]
2023-11-12T08:29:50.5922189Z GET http://localhost:9876/masking-sensitive-data
2023-11-12T08:29:50.5922951Z Content-Type: application/json; charset=utf-8
2023-11-12T08:29:50.5923533Z Content-Length: 0
2023-11-12T08:29:50.5923990Z NonsensitiveRequestHeader: This one is printed
2023-11-12T08:29:50.5924580Z SensitiveRequestHeader: *****
2023-11-12T08:29:50.5924879Z 
2023-11-12T08:29:50.9334140Z   Passed SingleSensitiveRequestHeaderIsMasked [6 ms]
2023-11-12T08:29:50.9335565Z   Passed MultiPartFormDataWithCustomControlNameAndCustomContentTypeCanBeSupplied [93 ms]
2023-11-12T08:29:50.9337311Z   Passed MultiPartFormDataWithDefaultControlNameAndAutoDetectedContentTypeCanBeSupplied [48 ms]
2023-11-12T08:29:50.9338886Z   Passed MultipleFilesCanBeSupplied [23 ms]
2023-11-12T08:29:50.9339894Z   Passed UploadingNonExistentFileThrowsTheExpectedException [11 ms]
2023-11-12T08:29:50.9392786Z   Passed MultiplePathParameterCanBeSpecifiedSequentially [133 ms]
2023-11-12T08:29:50.9393845Z   Passed MultiplePathParameterCanBeSpecifiedUsingADictionary [6 ms]
2023-11-12T08:29:50.9397373Z   Passed SinglePathParameterCanBeSpecified [4 ms]
2023-11-12T08:29:50.9398332Z   Passed MultipleQueryParametersCanBeSpecifiedInSeparateCalls [15 ms]
2023-11-12T08:29:51.0053966Z   Passed MultipleQueryParametersCanBeSpecifiedUsingADictionary [8 ms]
2023-11-12T08:29:51.0055486Z   Passed MultipleQueryParametersCanBeSpecifiedUsingAListOfKeyValuePairs [6 ms]
2023-11-12T08:29:51.0056767Z   Passed MultipleQueryParameterValuesCanBeSpecified [8 ms]
2023-11-12T08:29:51.0057861Z   Passed QueryParametersAreAddedToRelativePathCorrectly [7 ms]
2023-11-12T08:29:51.0060330Z   Passed SingleQueryParameterCanBeSpecified [6 ms]
2023-11-12T08:29:51.0061268Z   Passed SingleQueryParameterWithCommaSeparatedValuesCanBeSpecified [8 ms]
2023-11-12T08:29:51.0062198Z   Passed JsonStringRequestBodyCanBeSupplied [7 ms]
2023-11-12T08:29:51.0062872Z   Passed Sending small plaintext request body [6 ms]
2023-11-12T08:29:51.0063920Z   Passed Sending medium plaintext request body [11 ms]
2023-11-12T08:29:51.1242715Z GET http://localhost:9876/api/request-specification?param_name=param_value&another_param_name=another_param_value
2023-11-12T08:29:51.1267733Z Content-Type: application/json; charset=utf-8
2023-11-12T08:29:51.1269017Z Content-Length: 0
2023-11-12T08:29:51.1269372Z 
2023-11-12T08:29:51.1269858Z   Passed Sending large plaintext request body [44 ms]
2023-11-12T08:29:51.1270654Z   Passed AcceptHeaderCanBeSuppliedAsString [8 ms]
2023-11-12T08:29:51.1341335Z   Passed ContentTypeHeaderCanBeSuppliedAsString [7 ms]
2023-11-12T08:29:51.1342055Z   Passed EncodingCanBeSupplied [7 ms]
2023-11-12T08:29:51.1342681Z   Passed HeaderWithASingleValueCanBeSupplied [9 ms]
2023-11-12T08:29:51.1343421Z   Passed HeaderWithMultipleValuesCanBeSupplied [12 ms]
2023-11-12T08:29:51.1344152Z   Passed Works with a leading / in the endpoint [8 ms]
2023-11-12T08:29:51.1344831Z   Passed Works without a leading / in the endpoint [7 ms]
2023-11-12T08:29:51.1345724Z   Passed With base path in request specification, works with a leading / [8 ms]
2023-11-12T08:29:51.1400244Z GET http://localhost:9876/api/request-specification?param_name=param_value&another_param_name=another_param_value
2023-11-12T08:29:51.1401445Z Content-Type: application/json; charset=utf-8
2023-11-12T08:29:51.1402016Z Content-Length: 0
2023-11-12T08:29:51.1402249Z 
2023-11-12T08:29:51.2069043Z   Passed With base path in request specification, works without a leading / [9 ms]
2023-11-12T08:29:51.2070332Z   Passed InvalidBaseUriThrowsTheExpectedException [5 ms]
2023-11-12T08:29:51.2071378Z   Passed RequestSpecificationWithHeadersCanBeUsed [10 ms]
2023-11-12T08:29:51.2072400Z   Passed RequestSpecificationWithOAuth2CanBeUsed [5 ms]
2023-11-12T08:29:51.2073555Z   Passed UsingSchemeInHostNameThrowsTheExpectedException [4 ms]
2023-11-12T08:29:51.2075770Z   Passed ObjectCanBeDeserializedFromJson [14 ms]
2023-11-12T08:29:51.2076701Z   Passed ObjectCanBeDeserializedFromJsonAfterVerifications [5 ms]
2023-11-12T08:29:51.2078566Z   Passed ObjectCanBeDeserializedFromJsonUsingDeserializeToOverridingContentTypeHeader [5 ms]
2023-11-12T08:29:51.2079719Z   Passed ObjectCanBeDeserializedFromXml [15 ms]
2023-11-12T08:29:51.3147680Z   Passed ObjectCanBeDeserializedFromXmlUsingDeserializeToOverridingContentTypeHeader [9 ms]
2023-11-12T08:29:51.3149306Z   Passed UnableToDeserializeThrowsTheExpectedException [6 ms]
2023-11-12T08:29:51.3150623Z   Passed ElementValueNotMatchingMatcherTypeThrowsTheExpectedException [32 ms]
2023-11-12T08:29:51.3151974Z   Passed HtmlResponseBodyCanBeVerifiedUsingNHamcrestMatcher [7 ms]
2023-11-12T08:29:51.3153273Z   Passed HtmlResponseBodyElementCanBeVerifiedUsingNHamcrestMatcher [7 ms]
2023-11-12T08:29:51.3154989Z   Passed HtmlResponseBodyElementCanBeVerifiedUsingNHamcrestMatcherOverridingResponseContentTypeHeader [7 ms]
2023-11-12T08:29:51.3156559Z   Passed NoXPathResultsThrowsTheExpectedException [7 ms]
2023-11-12T08:29:51.3157843Z   Passed BooleanElementNHamcrestMatcherMismatchThrowsTheExpectedException [16 ms]
2023-11-12T08:29:51.3240578Z   Passed IntegerElementNHamcrestMatcherMismatchThrowsTheExpectedException [9 ms]
2023-11-12T08:29:51.4081112Z   Passed JsonResponseBodyElementBooleanValueCanBeVerifiedUsingNHamcrestMatcher [15 ms]
2023-11-12T08:29:51.4083228Z   Passed JsonResponseBodyElementCollectionCanBeVerifiedUsingNHamcrestMatcher [15 ms]
2023-11-12T08:29:51.4085015Z   Passed JsonResponseBodyElementCollectionCanBeVerifiedUsingNHamcrestMatcherOverridingResponseContentTypeHeader [9 ms]
2023-11-12T08:29:51.4086909Z   Passed JsonResponseBodyElementCollectionNHamcrestMatcherMisMatchThrowsTheExpectedException [8 ms]
2023-11-12T08:29:51.4088426Z   Passed JsonResponseBodyElementIntegerValueCanBeVerifiedUsingNHamcrestMatcher [6 ms]
2023-11-12T08:29:51.4089894Z   Passed JsonResponseBodyElementStringValueCanBeVerifiedOverridingContentTypeHeaderValue [7 ms]
2023-11-12T08:29:51.4091353Z   Passed JsonResponseBodyElementStringValueCanBeVerifiedUsingNHamcrestMatcher [8 ms]
2023-11-12T08:29:51.4092829Z   Passed NoJsonPathResultsThrowsTheExpectedException [11 ms]
2023-11-12T08:29:51.4093893Z   Passed StringElementNHamcrestMatcherMismatchThrowsTheExpectedException [6 ms]
2023-11-12T08:29:51.4358909Z HTTP 200 (OK)
2023-11-12T08:29:51.4360486Z Content-Type: application/json
2023-11-12T08:29:51.4361311Z Content-Length: 193
2023-11-12T08:29:51.4364423Z Date: Sun, 12 Nov 2023 08:29:51 GMT
2023-11-12T08:29:51.4365002Z Server: Kestrel
2023-11-12T08:29:51.4365560Z Transfer-Encoding: chunked
2023-11-12T08:29:51.4366150Z {
2023-11-12T08:29:51.4366885Z   "Country": "Brazil",
2023-11-12T08:29:51.4367317Z   "State": "New Mexico",
2023-11-12T08:29:51.4367714Z   "ZipCode": 54099,
2023-11-12T08:29:51.4368055Z   "Places": [
2023-11-12T08:29:51.4368349Z     {
2023-11-12T08:29:51.4368654Z       "Name": "Reyestown",
2023-11-12T08:29:51.4369060Z       "Inhabitants": 131811,
2023-11-12T08:29:51.4369455Z       "IsCapital": true
2023-11-12T08:29:51.4369804Z     },
2023-11-12T08:29:51.4370072Z     {
2023-11-12T08:29:51.4370374Z       "Name": "Lake Chloefurt",
2023-11-12T08:29:51.4370814Z       "Inhabitants": 91917098,
2023-11-12T08:29:51.4371230Z       "IsCapital": true
2023-11-12T08:29:51.4371562Z     }
2023-11-12T08:29:51.4371822Z   ]
2023-11-12T08:29:51.4372076Z }
2023-11-12T08:29:51.4372379Z Response time: 2.6627 ms
2023-11-12T08:29:51.4372646Z 
2023-11-12T08:29:51.4793830Z   Passed FailingResponseBodyLengthVerificationThrowsTheExpectedException [13 ms]
2023-11-12T08:29:51.4795102Z   Passed ResponseBodyCanBeExtracted [7 ms]
2023-11-12T08:29:51.4795998Z   Passed ResponseBodyLengthCanBeVerified [5 ms]
2023-11-12T08:29:51.4797085Z   Passed ActualBodyNotEqualToExpectedThrowsTheExpectedException [10 ms]
2023-11-12T08:29:51.4798458Z   Passed ActualBodyNotMatchingNHamcrestMatcherThrowsTheExpectedException [11 ms]
2023-11-12T08:29:51.4799875Z   Passed CannotHandleResponseContentTypeThrowsTheExpectedException [6 ms]
2023-11-12T08:29:51.4801010Z   Passed JsonStringResponseBodyCanBeVerified [5 ms]
2023-11-12T08:29:51.4802168Z   Passed JsonStringResponseBodyCanBeVerifiedUsingNHamcrestMatcher [4 ms]
2023-11-12T08:29:51.4803347Z   Passed PlaintextResponseBodyCanBeVerified("small") [4 ms]
2023-11-12T08:29:51.5409617Z   Passed PlaintextResponseBodyCanBeVerified("medium") [8 ms]
2023-11-12T08:29:51.5410565Z   Passed PlaintextResponseBodyCanBeVerified("large") [5 ms]
2023-11-12T08:29:51.5411391Z   Passed PlaintextResponseBodyCanBeVerified("xlarge") [9 ms]
2023-11-12T08:29:51.5412398Z   Passed ElementValueNotMatchingMatcherTypeThrowsTheExpectedException [13 ms]
2023-11-12T08:29:51.5413415Z   Passed NoXPathResultsThrowsTheExpectedException [5 ms]
2023-11-12T08:29:51.5414481Z   Passed XmlResponseBodyElementBooleanValueCanBeVerifiedUsingNHamcrestMatcher [4 ms]
2023-11-12T08:29:51.5415789Z   Passed XmlResponseBodyElementCollectionCanBeVerifiedUsingNHamcrestMatcher [4 ms]
2023-11-12T08:29:51.5417491Z   Passed XmlResponseBodyElementCollectionCanBeVerifiedUsingNHamcrestMatcherOverridingResponseContentTypeHeader [5 ms]
2023-11-12T08:29:51.5419935Z   Passed XmlResponseBodyElementCollectionNHamcrestMatcherMisMatchThrowsTheExpectedException [5 ms]
2023-11-12T08:29:51.5898503Z   Passed XmlResponseBodyElementIntegerValueCanBeVerifiedUsingNHamcrestMatcher [6 ms]
2023-11-12T08:29:51.5900282Z   Passed XmlResponseBodyElementStringValueCanBeVerifiedOverridingResponseContentTypeHeader [5 ms]
2023-11-12T08:29:51.5901806Z   Passed XmlResponseBodyElementStringValueCanBeVerifiedUsingNHamcrestMatcher [6 ms]
2023-11-12T08:29:51.5903026Z   Passed CookieNotFoundThrowsTheExpectedExceptionWhenExtracting [5 ms]
2023-11-12T08:29:51.5904087Z   Passed CookieNotFoundThrowsTheExpectedExceptionWhenVerifying [5 ms]
2023-11-12T08:29:51.5905169Z   Passed CookieValueMismatchThrowsTheExpectedExceptionWhenVerifying [4 ms]
2023-11-12T08:29:51.5906083Z   Passed GenericCookieValueCanBeExtracted [5 ms]
2023-11-12T08:29:51.5906739Z   Passed GenericCookieValueCanBeVerified [4 ms]
2023-11-12T08:29:51.5907433Z   Passed HttpOnlySecureCookieValueCanBeExtracted [4 ms]
2023-11-12T08:29:51.6403951Z   Passed HttpOnlySecureCookieValueCanBeVerified [6 ms]
2023-11-12T08:29:51.6405180Z   Passed ContentTypeHeaderValueNotMatchingNHamcrestMatcherThrowsTheExpectedException [5 ms]
2023-11-12T08:29:51.6406717Z   Passed HeaderValueNotMatchingTheSpecifiedNHamcrestMatcherThrowsTheExpectedException [5 ms]
2023-11-12T08:29:51.6408134Z   Passed HeaderWithIncorrectValueThrowsTheExpectedException [5 ms]
2023-11-12T08:29:51.6409184Z   Passed IncorrectContentTypeHeaderValueThrowsTheExpectedException [5 ms]
2023-11-12T08:29:51.6410125Z   Passed MultipleResponseHeadersCanBeVerified [5 ms]
2023-11-12T08:29:51.6410910Z   Passed NotFoundHeaderThrowsTheExpectedException [5 ms]
2023-11-12T08:29:51.6411672Z   Passed ResponseContentTypeHeaderCanBeVerified [5 ms]
2023-11-12T08:29:51.6412629Z   Passed ResponseContentTypeHeaderCanBeVerifiedUsingNHamcrestMatcher [5 ms]
2023-11-12T08:29:51.7004761Z   Passed SingleResponseHeaderCanBeVerified [7 ms]
2023-11-12T08:29:51.7005721Z   Passed SingleResponseHeaderCanBeVerifiedUsingNHamcrestMatcher [5 ms]
2023-11-12T08:29:51.7006732Z   Passed HtmlResponseBodyElementValueCanBeExtracted [7 ms]
2023-11-12T08:29:51.7007849Z   Passed HtmlResponseBodyElementValueCanBeExtractedOverridingResponseContentType [5 ms]
2023-11-12T08:29:51.7009020Z   Passed HtmlResponseBodyMultipleElementsCanBeExtracted [4 ms]
2023-11-12T08:29:51.7009887Z   Passed NoXPathResultsThrowsTheExpectedException [4 ms]
2023-11-12T08:29:51.7010595Z   Passed EntireResponseCanBeExtracted [6 ms]
2023-11-12T08:29:51.7011399Z   Passed HeaderNotFoundInResponseThrowsTheExpectedException [12 ms]
2023-11-12T08:29:51.7012372Z   Passed JsonResponseBodyElementBooleanValueCanBeExtracted [5 ms]
2023-11-12T08:29:51.7462096Z   Passed JsonResponseBodyElementIntegerValueCanBeExtracted [7 ms]
2023-11-12T08:29:51.7463140Z   Passed JsonResponseBodyElementStringValueCanBeExtracted [4 ms]
2023-11-12T08:29:51.7464371Z   Passed JsonResponseBodyElementStringValueCanBeExtractedOverridingResponseContentType [5 ms]
2023-11-12T08:29:51.7465835Z   Passed JsonResponseBodyElementValueCanBeExtractedAsListWithSingleItem [4 ms]
2023-11-12T08:29:51.7466908Z   Passed JsonResponseBodyMultipleElementsCanBeExtracted [4 ms]
2023-11-12T08:29:51.7467790Z   Passed NoJsonPathResultsThrowsTheExpectedException [4 ms]
2023-11-12T08:29:51.7468535Z   Passed ResponseHeaderCanBeExtracted [4 ms]
2023-11-12T08:29:51.7469404Z   Passed StatusCodeIndicatingClientSideErrorCanBeVerifiedAsInteger [4 ms]
2023-11-12T08:29:51.7470528Z   Passed StatusCodeIndicatingServerSideErrorCanBeVerifiedAsInteger [4 ms]
2023-11-12T08:29:52.4032322Z   Passed StatusCodeIndicatingSuccessCanBeVerifiedAsHttpStatusCode [7 ms]
2023-11-12T08:29:52.4033929Z   Passed StatusCodeIndicatingSuccessCanBeVerifiedAsInteger [4 ms]
2023-11-12T08:29:52.4035396Z   Passed StatusCodeIndicatingSuccessCanBeVerifiedUsingNHamcrestEqualToMatcher [4 ms]
2023-11-12T08:29:52.4037032Z   Passed StatusCodeVerificationWithMismatchingNHamcrestMatcherThrowsTheExpectedException [4 ms]
2023-11-12T08:29:52.4038618Z   Passed FailingResponseTimeVerificationThrowsTheExpectedException [206 ms]
2023-11-12T08:29:52.4039690Z   Passed ResponseTimeCanBeExtracted [206 ms]
2023-11-12T08:29:52.4040581Z   Passed ResponseTimeCanBeVerified [206 ms]
2023-11-12T08:29:52.4041788Z   Passed NoXPathResultsThrowsTheExpectedException [9 ms]
2023-11-12T08:29:52.4042675Z   Passed XmlResponseBodyElementValueCanBeExtracted [6 ms]
2023-11-12T08:29:52.6453645Z GET https://localhost:8443/ssl-endpoint
2023-11-12T08:29:52.6454709Z Content-Type: application/json; charset=utf-8
2023-11-12T08:29:52.6455553Z Content-Length: 0
2023-11-12T08:29:52.6456121Z HTTP 200 (OK)
2023-11-12T08:29:52.6456726Z Content-Type: 
2023-11-12T08:29:52.6457226Z Content-Length: 0
2023-11-12T08:29:52.6457775Z Date: Sun, 12 Nov 2023 08:29:52 GMT
2023-11-12T08:29:52.6458700Z Server: Kestrel
2023-11-12T08:29:52.6459220Z Response time: 7.8545 ms
2023-11-12T08:29:52.6459945Z GET https://localhost:8443/ssl-endpoint
2023-11-12T08:29:52.6461274Z Content-Type: application/json; charset=utf-8
2023-11-12T08:29:52.6461899Z Content-Length: 0
2023-11-12T08:29:52.6462641Z HTTP 200 (OK)
2023-11-12T08:29:52.6463000Z Content-Type: 
2023-11-12T08:29:52.6463371Z Content-Length: 0
2023-11-12T08:29:52.6463759Z Date: Sun, 12 Nov 2023 08:29:52 GMT
2023-11-12T08:29:52.6464187Z Server: Kestrel
2023-11-12T08:29:52.6464714Z Response time: 7.9873 ms
2023-11-12T08:29:52.6465238Z GET https://localhost:8443/ssl-endpoint
2023-11-12T08:29:52.6465880Z Content-Type: application/json; charset=utf-8
2023-11-12T08:29:52.6466433Z Content-Length: 0
2023-11-12T08:29:52.6466768Z HTTP 200 (OK)
2023-11-12T08:29:52.6467105Z Content-Type: 
2023-11-12T08:29:52.6467471Z Content-Length: 0
2023-11-12T08:29:52.6467898Z Date: Sun, 12 Nov 2023 08:29:52 GMT
2023-11-12T08:29:52.6468320Z Server: Kestrel
2023-11-12T08:29:52.6468675Z Response time: 8.5745 ms
2023-11-12T08:29:52.6468928Z 
2023-11-12T08:29:52.6519417Z HTTP 200 (OK)
2023-11-12T08:29:52.6520168Z Content-Type: 
2023-11-12T08:29:52.6520859Z Content-Length: 0
2023-11-12T08:29:52.6521432Z Date: Sun, 12 Nov 2023 08:29:52 GMT
2023-11-12T08:29:52.6522054Z Server: Kestrel
2023-11-12T08:29:52.6522610Z Response time: 2.1208 ms
2023-11-12T08:29:52.6523665Z 
2023-11-12T08:29:52.6565212Z GET http://localhost:9876/timeout-ok
2023-11-12T08:29:52.6566184Z Content-Type: application/json; charset=utf-8
2023-11-12T08:29:52.6566923Z Content-Length: 0
2023-11-12T08:29:52.6567516Z HTTP 200 (OK)
2023-11-12T08:29:52.6570343Z Content-Type: 
2023-11-12T08:29:52.6570842Z Content-Length: 0
2023-11-12T08:29:52.6571437Z Date: Sun, 12 Nov 2023 08:29:52 GMT
2023-11-12T08:29:52.6573236Z Server: Kestrel
2023-11-12T08:29:52.6573662Z Response time: 2.0628 ms
2023-11-12T08:29:52.6573930Z 
2023-11-12T08:29:53.9049384Z   Passed XmlResponseBodyElementValueCanBeExtractedAsListWithSingleItem [11 ms]
2023-11-12T08:29:53.9051348Z   Passed XmlResponseBodyElementValueCanBeExtractedOverridingResponseContentType [11 ms]
2023-11-12T08:29:53.9052884Z   Passed XmlResponseBodyMultipleElementsCanBeExtracted [10 ms]
2023-11-12T08:29:53.9054210Z   Passed SslVerificationCanBeDisabledUsingStaticConfiguration [204 ms]
2023-11-12T08:29:53.9055539Z   Passed CustomTimeoutCanBeSuppliedInRequestSpecification [6 ms]
2023-11-12T08:29:53.9056636Z   Passed CustomTimeoutCanBeSuppliedInTest [4 ms]
2023-11-12T08:29:55.6613223Z   Passed TimeoutInRequestSpecificationExceededThrowsTheExpectedException [3 s]
2023-11-12T08:29:58.6698720Z GET http://localhost:9876/timeout-nok
2023-11-12T08:29:58.6699604Z Content-Type: application/json; charset=utf-8
2023-11-12T08:29:58.6700236Z Content-Length: 0
2023-11-12T08:29:58.6700506Z 
2023-11-12T08:29:58.6713503Z   Passed TimeoutInTestExceededThrowsTheExpectedException [3 s]
2023-11-12T08:29:58.6800447Z HTTP 200 (OK)
2023-11-12T08:29:58.6801385Z Content-Type: 
2023-11-12T08:29:58.6801824Z Content-Length: 0
2023-11-12T08:29:58.6802242Z Date: Sun, 12 Nov 2023 08:29:58 GMT
2023-11-12T08:29:58.6802686Z Server: Kestrel
2023-11-12T08:29:58.6803054Z Response time: 4.5761 ms
2023-11-12T08:29:58.6803310Z 
2023-11-12T08:29:58.6869449Z GET http://localhost:9876/user-agent
2023-11-12T08:29:58.6870157Z Content-Type: application/json; charset=utf-8
2023-11-12T08:29:58.6870720Z Content-Length: 0
2023-11-12T08:29:58.6871137Z User-Agent: MyUserAgent/1.0
2023-11-12T08:29:58.6871537Z HTTP 200 (OK)
2023-11-12T08:29:58.6871892Z Content-Type: 
2023-11-12T08:29:58.6872262Z Content-Length: 0
2023-11-12T08:29:58.6872647Z Date: Sun, 12 Nov 2023 08:29:58 GMT
2023-11-12T08:29:58.6873082Z Server: Kestrel
2023-11-12T08:29:58.6873426Z Response time: 3.9605 ms
2023-11-12T08:29:58.6873694Z 
2023-11-12T08:29:58.6933267Z GET http://localhost:9876/user-agent
2023-11-12T08:29:58.6934233Z Content-Type: application/json; charset=utf-8
2023-11-12T08:29:58.6934998Z Content-Length: 0
2023-11-12T08:29:58.6935871Z User-Agent: MyUserAgent/1.0
2023-11-12T08:29:58.6936416Z HTTP 200 (OK)
2023-11-12T08:29:58.6936890Z Content-Type: 
2023-11-12T08:29:58.6937530Z Content-Length: 0
2023-11-12T08:29:58.6938615Z Date: Sun, 12 Nov 2023 08:29:58 GMT
2023-11-12T08:29:58.6939134Z Server: Kestrel
2023-11-12T08:29:58.6939963Z Response time: 4.0986 ms
2023-11-12T08:29:58.6940237Z 
2023-11-12T08:29:58.7117649Z POST http://localhost:9876/xml-serialization
2023-11-12T08:29:58.7118616Z Content-Type: application/xml; charset=utf-8
2023-11-12T08:29:58.7119364Z Content-Length: 535
2023-11-12T08:29:58.7121019Z <Location xmlns:xsi="http://www.w3.org/2001/XMLSchema-instance" xmlns:xsd="http://www.w3.org/2001/XMLSchema">
2023-11-12T08:29:58.7122154Z   <Country>United States</Country>
2023-11-12T08:29:58.7122946Z   <State>California</State>
2023-11-12T08:29:58.7123416Z   <ZipCode>90210</ZipCode>
2023-11-12T08:29:58.7123793Z   <Places>
2023-11-12T08:29:58.7124110Z     <Place>
2023-11-12T08:29:58.7124538Z       <Name>Sun City</Name>
2023-11-12T08:29:58.7124953Z       <Inhabitants>100000</Inhabitants>
2023-11-12T08:29:58.7125449Z       <IsCapital>true</IsCapital>
2023-11-12T08:29:58.7125875Z     </Place>
2023-11-12T08:29:58.7126166Z     <Place>
2023-11-12T08:29:58.7126497Z       <Name>Pleasure Meadow</Name>
2023-11-12T08:29:58.7126983Z       <Inhabitants>50000</Inhabitants>
2023-11-12T08:29:58.7127447Z       <IsCapital>false</IsCapital>
2023-11-12T08:29:58.7127872Z     </Place>
2023-11-12T08:29:58.7128174Z   </Places>
2023-11-12T08:29:58.7128450Z </Location>
2023-11-12T08:29:58.7128778Z HTTP 201 (Created)
2023-11-12T08:29:58.7129261Z Content-Type: 
2023-11-12T08:29:58.7129619Z Content-Length: 0
2023-11-12T08:29:58.7130007Z Date: Sun, 12 Nov 2023 08:29:58 GMT
2023-11-12T08:29:58.7130445Z Server: Kestrel
2023-11-12T08:29:58.7130802Z Response time: 3.3077 ms
2023-11-12T08:29:58.7131071Z 
2023-11-12T08:29:58.7490221Z GET http://localhost:9876/xml-schema-validation
2023-11-12T08:29:58.7507482Z Content-Type: application/json; charset=utf-8
2023-11-12T08:29:58.7508415Z Content-Length: 0
2023-11-12T08:29:58.7509007Z HTTP 200 (OK)
2023-11-12T08:29:58.7509843Z Content-Type: application/xml
2023-11-12T08:29:58.7510956Z Content-Length: 456
2023-11-12T08:29:58.7511463Z Date: Sun, 12 Nov 2023 08:29:58 GMT
2023-11-12T08:29:58.7511985Z Server: Kestrel
2023-11-12T08:29:58.7512493Z Transfer-Encoding: chunked
2023-11-12T08:29:58.7513736Z <Location xmlns:xsi="http://www.w3.org/2001/XMLSchema-instance" xmlns:xsd="http://www.w3.org/2001/XMLSchema">
2023-11-12T08:29:58.7514863Z   <Country>United States</Country>
2023-11-12T08:29:58.7515401Z   <State>California</State>
2023-11-12T08:29:58.7515849Z   <ZipCode>90210</ZipCode>
2023-11-12T08:29:58.7516276Z   <Places>
2023-11-12T08:29:58.7516605Z     <Place>
2023-11-12T08:29:58.7516950Z       <Name>Sun City</Name>
2023-11-12T08:29:58.7517434Z       <Inhabitants>100000</Inhabitants>
2023-11-12T08:29:58.7517990Z       <IsCapital>true</IsCapital>
2023-11-12T08:29:58.7518457Z     </Place>
2023-11-12T08:29:58.7518796Z     <Place>
2023-11-12T08:29:58.7519182Z       <Name>Pleasure Meadow</Name>
2023-11-12T08:29:58.7519699Z       <Inhabitants>50000</Inhabitants>
2023-11-12T08:29:58.7520251Z       <IsCapital>false</IsCapital>
2023-11-12T08:29:58.7520734Z     </Place>
2023-11-12T08:29:58.7521058Z   </Places>
2023-11-12T08:29:58.7521393Z </Location>
2023-11-12T08:29:58.7521775Z Response time: 2.3166 ms
2023-11-12T08:29:58.7522067Z 
2023-11-12T08:29:58.7617868Z GET http://localhost:9876/non-matching-dtd-validation
2023-11-12T08:29:58.7619259Z Content-Type: application/json; charset=utf-8
2023-11-12T08:29:58.7620022Z Content-Length: 0
2023-11-12T08:29:58.7620679Z HTTP 200 (OK)
2023-11-12T08:29:58.7621235Z Content-Type: application/xml
2023-11-12T08:29:58.7621730Z Content-Length: 575
2023-11-12T08:29:58.7622153Z Date: Sun, 12 Nov 2023 08:29:58 GMT
2023-11-12T08:29:58.7622583Z Server: Kestrel
2023-11-12T08:29:58.7622993Z Transfer-Encoding: chunked
2023-11-12T08:29:58.7623386Z <!DOCTYPE store [
2023-11-12T08:29:58.7623742Z               <!ELEMENT store (item)*> 
2023-11-12T08:29:58.7624271Z               <!ELEMENT item (name,dept,price)>
2023-11-12T08:29:58.7624834Z               <!ATTLIST item type CDATA #REQUIRED>
2023-11-12T08:29:58.7625393Z               <!ATTLIST item ISBN CDATA #REQUIRED>
2023-11-12T08:29:58.7625971Z               <!ELEMENT name (#PCDATA)>
2023-11-12T08:29:58.7626829Z               <!ELEMENT price (#PCDATA)>]>
2023-11-12T08:29:58.7627292Z <store>
2023-11-12T08:29:58.7627690Z   <item type="supplies" ISBN="2-3631-4">
2023-11-12T08:29:58.7628174Z     <name>paint</name>
2023-11-12T08:29:58.7628731Z     <dept>interior design</dept>
2023-11-12T08:29:58.7629175Z     <price>16.95</price>
2023-11-12T08:29:58.7629534Z   </item>
2023-11-12T08:29:58.7629802Z </store>
2023-11-12T08:29:58.7630125Z Response time: 3.0376 ms
2023-11-12T08:29:58.7630377Z 
2023-11-12T08:29:58.7769144Z GET http://localhost:9876/xml-schema-validation
2023-11-12T08:29:58.7770155Z Content-Type: application/json; charset=utf-8
2023-11-12T08:29:58.7770924Z Content-Length: 0
2023-11-12T08:29:58.7771481Z HTTP 200 (OK)
2023-11-12T08:29:58.7772081Z Content-Type: application/xml
2023-11-12T08:29:58.7772753Z Content-Length: 456
2023-11-12T08:29:58.7773398Z Date: Sun, 12 Nov 2023 08:29:58 GMT
2023-11-12T08:29:58.7773960Z Server: Kestrel
2023-11-12T08:29:58.7774506Z Transfer-Encoding: chunked
2023-11-12T08:29:58.7775699Z <Location xmlns:xsi="http://www.w3.org/2001/XMLSchema-instance" xmlns:xsd="http://www.w3.org/2001/XMLSchema">
2023-11-12T08:29:58.7776824Z   <Country>United States</Country>
2023-11-12T08:29:58.7777573Z   <State>California</State>
2023-11-12T08:29:58.7778147Z   <ZipCode>90210</ZipCode>
2023-11-12T08:29:58.7778761Z   <Places>
2023-11-12T08:29:58.7793170Z     <Place>
2023-11-12T08:29:58.7794004Z       <Name>Sun City</Name>
2023-11-12T08:29:58.7794491Z       <Inhabitants>100000</Inhabitants>
2023-11-12T08:29:58.7794981Z       <IsCapital>true</IsCapital>
2023-11-12T08:29:58.7795431Z     </Place>
2023-11-12T08:29:58.7795748Z     <Place>
2023-11-12T08:29:58.7796068Z       <Name>Pleasure Meadow</Name>
2023-11-12T08:29:58.7796536Z       <Inhabitants>50000</Inhabitants>
2023-11-12T08:29:58.7797013Z       <IsCapital>false</IsCapital>
2023-11-12T08:29:58.7797422Z     </Place>
2023-11-12T08:29:58.7797723Z   </Places>
2023-11-12T08:29:58.7798011Z </Location>
2023-11-12T08:29:58.7798344Z Response time: 2.2789 ms
2023-11-12T08:29:58.7798613Z 
2023-11-12T08:29:58.7855647Z GET http://localhost:9876/xml-schema-unexpected-content-type
2023-11-12T08:29:58.7856493Z Content-Type: application/json; charset=utf-8
2023-11-12T08:29:58.7857054Z Content-Length: 0
2023-11-12T08:29:58.7862075Z HTTP 200 (OK)
2023-11-12T08:29:58.7862552Z Content-Type: application/something
2023-11-12T08:29:58.7863034Z Content-Length: 9
2023-11-12T08:29:58.7863425Z Date: Sun, 12 Nov 2023 08:29:58 GMT
2023-11-12T08:29:58.7863875Z Server: Kestrel
2023-11-12T08:29:58.7864262Z Transfer-Encoding: chunked
2023-11-12T08:29:58.7864645Z Something
2023-11-12T08:29:58.7864970Z Response time: 3.0032 ms
2023-11-12T08:29:58.7865228Z 
2023-11-12T08:29:58.7865720Z   Passed CustomUserAgentCanBeSuppliedThroughRequestSpecification [9 ms]
2023-11-12T08:29:58.7866909Z   Passed CustomUserAgentCanBeSuppliedUsingProductInfoHeaderValueInTest [6 ms]
2023-11-12T08:29:58.7868177Z   Passed CustomUserAgentCanBeSuppliedUsingProductNameAndProductVersionInTest [6 ms]
2023-11-12T08:29:58.7869173Z   Passed ObjectCanBeSerializedToXml [16 ms]
2023-11-12T08:29:58.7869880Z   Passed UnableToSerializeThrowsTheExpectedException [4 ms]
2023-11-12T08:29:58.7870858Z   Passed IncorrectlyFormattedXmlSchemaThrowsTheExpectedException [32 ms]
2023-11-12T08:29:58.7871898Z   Passed MismatchWithInlineDtdThrowsTheExpectedException [12 ms]
2023-11-12T08:29:58.7872831Z   Passed MismatchWithXmlSchemaThrowsTheExpectedException [14 ms]
2023-11-12T08:29:58.7874012Z   Passed UnexpectedResponseContentTypeThrowsTheExpectedExceptionWhenValidatingDtd [7 ms]
2023-11-12T08:29:58.7923396Z GET http://localhost:9876/xml-schema-unexpected-content-type
2023-11-12T08:29:58.7924230Z Content-Type: application/json; charset=utf-8
2023-11-12T08:29:58.7924774Z Content-Length: 0
2023-11-12T08:29:58.7926437Z HTTP 200 (OK)
2023-11-12T08:29:58.7926924Z Content-Type: application/something
2023-11-12T08:29:58.7927403Z Content-Length: 9
2023-11-12T08:29:58.7927792Z Date: Sun, 12 Nov 2023 08:29:58 GMT
2023-11-12T08:29:58.7928600Z Server: Kestrel
2023-11-12T08:29:58.7929011Z Transfer-Encoding: chunked
2023-11-12T08:29:58.7929399Z Something
2023-11-12T08:29:58.7929727Z Response time: 3.8351 ms
2023-11-12T08:29:58.7929983Z 
2023-11-12T08:29:58.7984056Z GET http://localhost:9876/matching-dtd-validation
2023-11-12T08:29:58.7986115Z Content-Type: application/json; charset=utf-8
2023-11-12T08:29:58.7986689Z Content-Length: 0
2023-11-12T08:29:58.7987014Z HTTP 200 (OK)
2023-11-12T08:29:58.7987431Z Content-Type: application/xml
2023-11-12T08:29:58.7988185Z Content-Length: 615
2023-11-12T08:29:58.7989321Z Date: Sun, 12 Nov 2023 08:29:58 GMT
2023-11-12T08:29:58.7989766Z Server: Kestrel
2023-11-12T08:29:58.7990177Z Transfer-Encoding: chunked
2023-11-12T08:29:58.7990564Z <!DOCTYPE store [
2023-11-12T08:29:58.7990936Z               <!ELEMENT store (item)*> 
2023-11-12T08:29:58.7991470Z               <!ELEMENT item (name,dept,price)>
2023-11-12T08:29:58.7992024Z               <!ATTLIST item type CDATA #REQUIRED>
2023-11-12T08:29:58.7992608Z               <!ATTLIST item ISBN CDATA #REQUIRED>
2023-11-12T08:29:58.7993147Z               <!ELEMENT name (#PCDATA)>
2023-11-12T08:29:58.7993618Z               <!ELEMENT dept (#PCDATA)>
2023-11-12T08:29:58.7994112Z               <!ELEMENT price (#PCDATA)>]>
2023-11-12T08:29:58.7994582Z <store>
2023-11-12T08:29:58.7994954Z   <item type="supplies" ISBN="2-3631-4">
2023-11-12T08:29:58.7995429Z     <name>paint</name>
2023-11-12T08:29:58.7995817Z     <dept>interior design</dept>
2023-11-12T08:29:58.7996234Z     <price>16.95</price>
2023-11-12T08:29:58.7996592Z   </item>
2023-11-12T08:29:58.7996869Z </store>
2023-11-12T08:29:58.7997179Z Response time: 2.4223 ms
2023-11-12T08:29:58.7997446Z 
2023-11-12T08:29:58.8066336Z GET http://localhost:9876/xml-schema-validation
2023-11-12T08:29:58.8067089Z Content-Type: application/json; charset=utf-8
2023-11-12T08:29:58.8067653Z Content-Length: 0
2023-11-12T08:29:58.8067982Z HTTP 200 (OK)
2023-11-12T08:29:58.8068389Z Content-Type: application/xml
2023-11-12T08:29:58.8068881Z Content-Length: 456
2023-11-12T08:29:58.8069264Z Date: Sun, 12 Nov 2023 08:29:58 GMT
2023-11-12T08:29:58.8069707Z Server: Kestrel
2023-11-12T08:29:58.8070105Z Transfer-Encoding: chunked
2023-11-12T08:29:58.8071172Z <Location xmlns:xsi="http://www.w3.org/2001/XMLSchema-instance" xmlns:xsd="http://www.w3.org/2001/XMLSchema">
2023-11-12T08:29:58.8072160Z   <Country>United States</Country>
2023-11-12T08:29:58.8072618Z   <State>California</State>
2023-11-12T08:29:58.8073012Z   <ZipCode>90210</ZipCode>
2023-11-12T08:29:58.8073385Z   <Places>
2023-11-12T08:29:58.8073672Z     <Place>
2023-11-12T08:29:58.8073969Z       <Name>Sun City</Name>
2023-11-12T08:29:58.8074389Z       <Inhabitants>100000</Inhabitants>
2023-11-12T08:29:58.8074878Z       <IsCapital>true</IsCapital>
2023-11-12T08:29:58.8075285Z     </Place>
2023-11-12T08:29:58.8075582Z     <Place>
2023-11-12T08:29:58.8075906Z       <Name>Pleasure Meadow</Name>
2023-11-12T08:29:58.8076358Z       <Inhabitants>50000</Inhabitants>
2023-11-12T08:29:58.8076842Z       <IsCapital>false</IsCapital>
2023-11-12T08:29:58.8077264Z     </Place>
2023-11-12T08:29:58.8077551Z   </Places>
2023-11-12T08:29:58.8077845Z </Location>
2023-11-12T08:29:58.8078177Z Response time: 2.3157 ms
2023-11-12T08:29:58.8078436Z 
2023-11-12T08:29:58.8125038Z GET http://localhost:9876/xml-schema-validation
2023-11-12T08:29:58.8125784Z Content-Type: application/json; charset=utf-8
2023-11-12T08:29:58.8126337Z Content-Length: 0
2023-11-12T08:29:58.8126663Z HTTP 200 (OK)
2023-11-12T08:29:58.8127069Z Content-Type: application/xml
2023-11-12T08:29:58.8127538Z Content-Length: 456
2023-11-12T08:29:58.8127918Z Date: Sun, 12 Nov 2023 08:29:58 GMT
2023-11-12T08:29:58.8128355Z Server: Kestrel
2023-11-12T08:29:58.8128756Z Transfer-Encoding: chunked
2023-11-12T08:29:58.8129817Z <Location xmlns:xsi="http://www.w3.org/2001/XMLSchema-instance" xmlns:xsd="http://www.w3.org/2001/XMLSchema">
2023-11-12T08:29:58.8130789Z   <Country>United States</Country>
2023-11-12T08:29:58.8131246Z   <State>California</State>
2023-11-12T08:29:58.8131927Z   <ZipCode>90210</ZipCode>
2023-11-12T08:29:58.8132309Z   <Places>
2023-11-12T08:29:58.8132602Z     <Place>
2023-11-12T08:29:58.8132904Z       <Name>Sun City</Name>
2023-11-12T08:29:58.8133369Z       <Inhabitants>100000</Inhabitants>
2023-11-12T08:29:58.8134360Z       <IsCapital>true</IsCapital>
2023-11-12T08:29:58.8134773Z     </Place>
2023-11-12T08:29:58.8135074Z     <Place>
2023-11-12T08:29:58.8135407Z       <Name>Pleasure Meadow</Name>
2023-11-12T08:29:58.8135865Z       <Inhabitants>50000</Inhabitants>
2023-11-12T08:29:58.8136346Z       <IsCapital>false</IsCapital>
2023-11-12T08:29:58.8136767Z     </Place>
2023-11-12T08:29:58.8137054Z   </Places>
2023-11-12T08:29:58.8137341Z </Location>
2023-11-12T08:29:58.8137671Z Response time: 2.2642 ms
2023-11-12T08:29:58.8137927Z 
2023-11-12T08:29:58.8253308Z NUnit Adapter 4.5.0.0: Test execution complete
2023-11-12T08:29:58.8865573Z   Passed UnexpectedResponseContentTypeThrowsTheExpectedExceptionWhenValidatingXsd [6 ms]
2023-11-12T08:29:58.8867044Z   Passed XmlResponseCanBeVerifiedAgainstInlineDtd [6 ms]
2023-11-12T08:29:58.8868021Z   Passed XmlSchemaCanBeSuppliedAndVerifiedAsString [7 ms]
2023-11-12T08:29:58.8869063Z   Passed XmlSchemaCanBeSuppliedAndVerifiedAsXmlSchemaSet [5 ms]
2023-11-12T08:29:58.8923060Z 
2023-11-12T08:29:58.8979825Z Test Run Successful.
2023-11-12T08:29:58.8980565Z Total tests: 192
2023-11-12T08:29:58.8981329Z      Passed: 192
2023-11-12T08:29:58.8984433Z  Total time: 16.2591 Seconds
2023-11-12T08:29:58.9305816Z      1>Done Building Project "/home/runner/work/rest-assured-net/rest-assured-net/RestAssured.Net.sln" (VSTest target(s)).
2023-11-12T08:29:58.9468971Z 
2023-11-12T08:29:58.9469495Z Build succeeded.
2023-11-12T08:29:58.9470175Z     0 Warning(s)
2023-11-12T08:29:58.9470929Z     0 Error(s)
2023-11-12T08:29:58.9471202Z 
2023-11-12T08:29:58.9471371Z Time Elapsed 00:00:18.68
2023-11-12T08:29:59.0221979Z Post job cleanup.
2023-11-12T08:29:59.2034131Z Post job cleanup.
2023-11-12T08:29:59.3099109Z [command]/usr/bin/git version
2023-11-12T08:29:59.3170406Z git version 2.42.0
2023-11-12T08:29:59.3213201Z Temporarily overriding HOME='/home/runner/work/_temp/d112d630-f28a-429e-8613-53834570deb2' before making global git config changes
2023-11-12T08:29:59.3219337Z Adding repository directory to the temporary git global config as a safe directory
2023-11-12T08:29:59.3229303Z [command]/usr/bin/git config --global --add safe.directory /home/runner/work/rest-assured-net/rest-assured-net
2023-11-12T08:29:59.3284301Z [command]/usr/bin/git config --local --name-only --get-regexp core\.sshCommand
2023-11-12T08:29:59.3334239Z [command]/usr/bin/git submodule foreach --recursive sh -c "git config --local --name-only --get-regexp 'core\.sshCommand' && git config --local --unset-all 'core.sshCommand' || :"
2023-11-12T08:29:59.3606625Z [command]/usr/bin/git config --local --name-only --get-regexp http\.https\:\/\/github\.com\/\.extraheader
2023-11-12T08:29:59.3625096Z http.https://github.com/.extraheader
2023-11-12T08:29:59.3654000Z [command]/usr/bin/git config --local --unset-all http.https://github.com/.extraheader
2023-11-12T08:29:59.3699748Z [command]/usr/bin/git submodule foreach --recursive sh -c "git config --local --name-only --get-regexp 'http\.https\:\/\/github\.com\/\.extraheader' && git config --local --unset-all 'http.https://github.com/.extraheader' || :"
2023-11-12T08:29:59.4207339Z Cleaning up orphan processes
2023-11-12T08:29:59.4572098Z Terminate orphan process: pid (1952) (dotnet)
