2023-09-24T14:49:33.6982385Z Requested labels: ubuntu-latest
2023-09-24T14:49:33.6982720Z Job defined at: Aircoookie/WLED/.github/workflows/wled-ci.yml@refs/heads/main
2023-09-24T14:49:33.6982877Z Waiting for a runner to pick up this job...
2023-09-24T14:49:33.9895042Z Job is waiting for a hosted runner to come online.
2023-09-24T14:49:37.5597052Z Job is about to start running on the hosted runner: GitHub Actions 6 (hosted)
2023-09-24T14:49:39.9918316Z Current runner version: '2.309.0'
2023-09-24T14:49:39.9946764Z ##[group]Operating System
2023-09-24T14:49:39.9947579Z Ubuntu
2023-09-24T14:49:39.9947849Z 22.04.3
2023-09-24T14:49:39.9948160Z LTS
2023-09-24T14:49:39.9948482Z ##[endgroup]
2023-09-24T14:49:39.9948773Z ##[group]Runner Image
2023-09-24T14:49:39.9949252Z Image: ubuntu-22.04
2023-09-24T14:49:39.9949609Z Version: 20230917.1.0
2023-09-24T14:49:39.9950118Z Included Software: https://github.com/actions/runner-images/blob/ubuntu22/20230917.1/images/linux/Ubuntu2204-Readme.md
2023-09-24T14:49:39.9950805Z Image Release: https://github.com/actions/runner-images/releases/tag/ubuntu22%2F20230917.1
2023-09-24T14:49:39.9951362Z ##[endgroup]
2023-09-24T14:49:39.9951699Z ##[group]Runner Image Provisioner
2023-09-24T14:49:39.9952066Z 2.0.310.1
2023-09-24T14:49:39.9952389Z ##[endgroup]
2023-09-24T14:49:39.9953397Z ##[group]GITHUB_TOKEN Permissions
2023-09-24T14:49:39.9955304Z Actions: write
2023-09-24T14:49:39.9955618Z Checks: write
2023-09-24T14:49:39.9956241Z Contents: write
2023-09-24T14:49:39.9956794Z Deployments: write
2023-09-24T14:49:39.9957164Z Discussions: write
2023-09-24T14:49:39.9957529Z Issues: write
2023-09-24T14:49:39.9957817Z Metadata: read
2023-09-24T14:49:39.9958233Z Packages: write
2023-09-24T14:49:39.9958581Z Pages: write
2023-09-24T14:49:39.9958879Z PullRequests: write
2023-09-24T14:49:39.9959283Z RepositoryProjects: write
2023-09-24T14:49:39.9959737Z SecurityEvents: write
2023-09-24T14:49:39.9960053Z Statuses: write
2023-09-24T14:49:39.9960394Z ##[endgroup]
2023-09-24T14:49:39.9964452Z Secret source: Actions
2023-09-24T14:49:39.9964937Z Prepare workflow directory
2023-09-24T14:49:40.0724077Z Prepare all required actions
2023-09-24T14:49:40.0919791Z Getting action download info
2023-09-24T14:49:40.3104988Z Download action repository 'actions/checkout@v3' (SHA:f43a0e5ff2bd294095638e18286ca9a3d1956744)
2023-09-24T14:49:41.1913916Z Download action repository 'actions/cache@v3' (SHA:704facf57e6136b1bc63b828d79edcd491f0ee84)
2023-09-24T14:49:42.1436940Z Download action repository 'actions/setup-python@v4' (SHA:61a6322f88396a6271a6ee3565807d608ecaddd1)
2023-09-24T14:49:43.0485862Z Download action repository 'actions/upload-artifact@v2' (SHA:82c141cc518b40d92cc801eee768e7aafc9c2fa2)
2023-09-24T14:49:43.8816013Z Complete job name: Build Enviornments (esp32dev)
2023-09-24T14:49:43.9797654Z ##[group]Run actions/checkout@v3
2023-09-24T14:49:43.9797976Z with:
2023-09-24T14:49:43.9798208Z   repository: Aircoookie/WLED
2023-09-24T14:49:43.9798733Z   token: ***
2023-09-24T14:49:43.9798976Z   ssh-strict: true
2023-09-24T14:49:43.9799238Z   persist-credentials: true
2023-09-24T14:49:43.9799477Z   clean: true
2023-09-24T14:49:43.9799726Z   sparse-checkout-cone-mode: true
2023-09-24T14:49:43.9799994Z   fetch-depth: 1
2023-09-24T14:49:43.9800204Z   fetch-tags: false
2023-09-24T14:49:43.9800431Z   lfs: false
2023-09-24T14:49:43.9800662Z   submodules: false
2023-09-24T14:49:43.9800892Z   set-safe-directory: true
2023-09-24T14:49:43.9801381Z ##[endgroup]
2023-09-24T14:49:44.2190130Z Syncing repository: Aircoookie/WLED
2023-09-24T14:49:44.2191963Z ##[group]Getting Git version info
2023-09-24T14:49:44.2192586Z Working directory is '/home/runner/work/WLED/WLED'
2023-09-24T14:49:44.2193151Z [command]/usr/bin/git version
2023-09-24T14:49:44.2206334Z git version 2.42.0
2023-09-24T14:49:44.2235841Z ##[endgroup]
2023-09-24T14:49:44.2253598Z Temporarily overriding HOME='/home/runner/work/_temp/c226a9bb-9034-43b8-9604-26fb8918a63b' before making global git config changes
2023-09-24T14:49:44.2256515Z Adding repository directory to the temporary git global config as a safe directory
2023-09-24T14:49:44.2260793Z [command]/usr/bin/git config --global --add safe.directory /home/runner/work/WLED/WLED
2023-09-24T14:49:44.2308686Z Deleting the contents of '/home/runner/work/WLED/WLED'
2023-09-24T14:49:44.2313560Z ##[group]Initializing the repository
2023-09-24T14:49:44.2317523Z [command]/usr/bin/git init /home/runner/work/WLED/WLED
2023-09-24T14:49:44.2392841Z hint: Using 'master' as the name for the initial branch. This default branch name
2023-09-24T14:49:44.2393924Z hint: is subject to change. To configure the initial branch name to use in all
2023-09-24T14:49:44.2395007Z hint: of your new repositories, which will suppress this warning, call:
2023-09-24T14:49:44.2395386Z hint: 
2023-09-24T14:49:44.2395892Z hint: 	git config --global init.defaultBranch <name>
2023-09-24T14:49:44.2396159Z hint: 
2023-09-24T14:49:44.2396545Z hint: Names commonly chosen instead of 'master' are 'main', 'trunk' and
2023-09-24T14:49:44.2397052Z hint: 'development'. The just-created branch can be renamed via this command:
2023-09-24T14:49:44.2397357Z hint: 
2023-09-24T14:49:44.2397622Z hint: 	git branch -m <name>
2023-09-24T14:49:44.2408828Z Initialized empty Git repository in /home/runner/work/WLED/WLED/.git/
2023-09-24T14:49:44.2422452Z [command]/usr/bin/git remote add origin https://github.com/Aircoookie/WLED
2023-09-24T14:49:44.2471235Z ##[endgroup]
2023-09-24T14:49:44.2473280Z ##[group]Disabling automatic garbage collection
2023-09-24T14:49:44.2479279Z [command]/usr/bin/git config --local gc.auto 0
2023-09-24T14:49:44.2519965Z ##[endgroup]
2023-09-24T14:49:44.2520426Z ##[group]Setting up auth
2023-09-24T14:49:44.2531049Z [command]/usr/bin/git config --local --name-only --get-regexp core\.sshCommand
2023-09-24T14:49:44.2569785Z [command]/usr/bin/git submodule foreach --recursive sh -c "git config --local --name-only --get-regexp 'core\.sshCommand' && git config --local --unset-all 'core.sshCommand' || :"
2023-09-24T14:49:44.2924250Z [command]/usr/bin/git config --local --name-only --get-regexp http\.https\:\/\/github\.com\/\.extraheader
2023-09-24T14:49:44.2963811Z [command]/usr/bin/git submodule foreach --recursive sh -c "git config --local --name-only --get-regexp 'http\.https\:\/\/github\.com\/\.extraheader' && git config --local --unset-all 'http.https://github.com/.extraheader' || :"
2023-09-24T14:49:44.3228405Z [command]/usr/bin/git config --local http.https://github.com/.extraheader AUTHORIZATION: basic ***
2023-09-24T14:49:44.3274716Z ##[endgroup]
2023-09-24T14:49:44.3275551Z ##[group]Fetching the repository
2023-09-24T14:49:44.3288772Z [command]/usr/bin/git -c protocol.version=2 fetch --no-tags --prune --progress --no-recurse-submodules --depth=1 origin +5eadbe7ecd21fedc60d1fec7066c382014e9b968:refs/remotes/origin/main
2023-09-24T14:49:44.7496666Z remote: Enumerating objects: 496, done.        
2023-09-24T14:49:44.7497018Z remote: Counting objects:   0% (1/496)        
2023-09-24T14:49:44.7498066Z remote: Counting objects:   1% (5/496)        
2023-09-24T14:49:44.7498436Z remote: Counting objects:   2% (10/496)        
2023-09-24T14:49:44.7498729Z remote: Counting objects:   3% (15/496)        
2023-09-24T14:49:44.7499032Z remote: Counting objects:   4% (20/496)        
2023-09-24T14:49:44.7499336Z remote: Counting objects:   5% (25/496)        
2023-09-24T14:49:44.7499625Z remote: Counting objects:   6% (30/496)        
2023-09-24T14:49:44.7499922Z remote: Counting objects:   7% (35/496)        
2023-09-24T14:49:44.7500246Z remote: Counting objects:   8% (40/496)        
2023-09-24T14:49:44.7500533Z remote: Counting objects:   9% (45/496)        
2023-09-24T14:49:44.7500829Z remote: Counting objects:  10% (50/496)        
2023-09-24T14:49:44.7501122Z remote: Counting objects:  11% (55/496)        
2023-09-24T14:49:44.7501426Z remote: Counting objects:  12% (60/496)        
2023-09-24T14:49:44.7501708Z remote: Counting objects:  13% (65/496)        
2023-09-24T14:49:44.7501999Z remote: Counting objects:  14% (70/496)        
2023-09-24T14:49:44.7502290Z remote: Counting objects:  15% (75/496)        
2023-09-24T14:49:44.7502568Z remote: Counting objects:  16% (80/496)        
2023-09-24T14:49:44.7502860Z remote: Counting objects:  17% (85/496)        
2023-09-24T14:49:44.7503151Z remote: Counting objects:  18% (90/496)        
2023-09-24T14:49:44.7503430Z remote: Counting objects:  19% (95/496)        
2023-09-24T14:49:44.7503724Z remote: Counting objects:  20% (100/496)        
2023-09-24T14:49:44.7504025Z remote: Counting objects:  21% (105/496)        
2023-09-24T14:49:44.7504607Z remote: Counting objects:  22% (110/496)        
2023-09-24T14:49:44.7504908Z remote: Counting objects:  23% (115/496)        
2023-09-24T14:49:44.7505201Z remote: Counting objects:  24% (120/496)        
2023-09-24T14:49:44.7505506Z remote: Counting objects:  25% (124/496)        
2023-09-24T14:49:44.7505788Z remote: Counting objects:  26% (129/496)        
2023-09-24T14:49:44.7506195Z remote: Counting objects:  27% (134/496)        
2023-09-24T14:49:44.7506509Z remote: Counting objects:  28% (139/496)        
2023-09-24T14:49:44.7506805Z remote: Counting objects:  29% (144/496)        
2023-09-24T14:49:44.7507086Z remote: Counting objects:  30% (149/496)        
2023-09-24T14:49:44.7507378Z remote: Counting objects:  31% (154/496)        
2023-09-24T14:49:44.7507672Z remote: Counting objects:  32% (159/496)        
2023-09-24T14:49:44.7507953Z remote: Counting objects:  33% (164/496)        
2023-09-24T14:49:44.7508244Z remote: Counting objects:  34% (169/496)        
2023-09-24T14:49:44.7508549Z remote: Counting objects:  35% (174/496)        
2023-09-24T14:49:44.7508831Z remote: Counting objects:  36% (179/496)        
2023-09-24T14:49:44.7509127Z remote: Counting objects:  37% (184/496)        
2023-09-24T14:49:44.7509424Z remote: Counting objects:  38% (189/496)        
2023-09-24T14:49:44.7509717Z remote: Counting objects:  39% (194/496)        
2023-09-24T14:49:44.7509997Z remote: Counting objects:  40% (199/496)        
2023-09-24T14:49:44.7510287Z remote: Counting objects:  41% (204/496)        
2023-09-24T14:49:44.7510582Z remote: Counting objects:  42% (209/496)        
2023-09-24T14:49:44.7510861Z remote: Counting objects:  43% (214/496)        
2023-09-24T14:49:44.7511151Z remote: Counting objects:  44% (219/496)        
2023-09-24T14:49:44.7511444Z remote: Counting objects:  45% (224/496)        
2023-09-24T14:49:44.7511727Z remote: Counting objects:  46% (229/496)        
2023-09-24T14:49:44.7512018Z remote: Counting objects:  47% (234/496)        
2023-09-24T14:49:44.7512319Z remote: Counting objects:  48% (239/496)        
2023-09-24T14:49:44.7512598Z remote: Counting objects:  49% (244/496)        
2023-09-24T14:49:44.7512890Z remote: Counting objects:  50% (248/496)        
2023-09-24T14:49:44.7513324Z remote: Counting objects:  51% (253/496)        
2023-09-24T14:49:44.7513627Z remote: Counting objects:  52% (258/496)        
2023-09-24T14:49:44.7513908Z remote: Counting objects:  53% (263/496)        
2023-09-24T14:49:44.7514201Z remote: Counting objects:  54% (268/496)        
2023-09-24T14:49:44.7514496Z remote: Counting objects:  55% (273/496)        
2023-09-24T14:49:44.7514777Z remote: Counting objects:  56% (278/496)        
2023-09-24T14:49:44.7515068Z remote: Counting objects:  57% (283/496)        
2023-09-24T14:49:44.7515367Z remote: Counting objects:  58% (288/496)        
2023-09-24T14:49:44.7515729Z remote: Counting objects:  59% (293/496)        
2023-09-24T14:49:44.7516045Z remote: Counting objects:  60% (298/496)        
2023-09-24T14:49:44.7516346Z remote: Counting objects:  61% (303/496)        
2023-09-24T14:49:44.7516638Z remote: Counting objects:  62% (308/496)        
2023-09-24T14:49:44.7516916Z remote: Counting objects:  63% (313/496)        
2023-09-24T14:49:44.7517210Z remote: Counting objects:  64% (318/496)        
2023-09-24T14:49:44.7517509Z remote: Counting objects:  65% (323/496)        
2023-09-24T14:49:44.7517788Z remote: Counting objects:  66% (328/496)        
2023-09-24T14:49:44.7518156Z remote: Counting objects:  67% (333/496)        
2023-09-24T14:49:44.7518447Z remote: Counting objects:  68% (338/496)        
2023-09-24T14:49:44.7518723Z remote: Counting objects:  69% (343/496)        
2023-09-24T14:49:44.7519011Z remote: Counting objects:  70% (348/496)        
2023-09-24T14:49:44.7519305Z remote: Counting objects:  71% (353/496)        
2023-09-24T14:49:44.7519583Z remote: Counting objects:  72% (358/496)        
2023-09-24T14:49:44.7519872Z remote: Counting objects:  73% (363/496)        
2023-09-24T14:49:44.7520283Z remote: Counting objects:  74% (368/496)        
2023-09-24T14:49:44.7520573Z remote: Counting objects:  75% (372/496)        
2023-09-24T14:49:44.7520855Z remote: Counting objects:  76% (377/496)        
2023-09-24T14:49:44.7521413Z remote: Counting objects:  77% (382/496)        
2023-09-24T14:49:44.7521720Z remote: Counting objects:  78% (387/496)        
2023-09-24T14:49:44.7522004Z remote: Counting objects:  79% (392/496)        
2023-09-24T14:49:44.7522300Z remote: Counting objects:  80% (397/496)        
2023-09-24T14:49:44.7522593Z remote: Counting objects:  81% (402/496)        
2023-09-24T14:49:44.7522875Z remote: Counting objects:  82% (407/496)        
2023-09-24T14:49:44.7523167Z remote: Counting objects:  83% (412/496)        
2023-09-24T14:49:44.7523467Z remote: Counting objects:  84% (417/496)        
2023-09-24T14:49:44.7523750Z remote: Counting objects:  85% (422/496)        
2023-09-24T14:49:44.7524044Z remote: Counting objects:  86% (427/496)        
2023-09-24T14:49:44.7524347Z remote: Counting objects:  87% (432/496)        
2023-09-24T14:49:44.7524641Z remote: Counting objects:  88% (437/496)        
2023-09-24T14:49:44.7524922Z remote: Counting objects:  89% (442/496)        
2023-09-24T14:49:44.7525213Z remote: Counting objects:  90% (447/496)        
2023-09-24T14:49:44.7525513Z remote: Counting objects:  91% (452/496)        
2023-09-24T14:49:44.7525793Z remote: Counting objects:  92% (457/496)        
2023-09-24T14:49:44.7526084Z remote: Counting objects:  93% (462/496)        
2023-09-24T14:49:44.7526379Z remote: Counting objects:  94% (467/496)        
2023-09-24T14:49:44.7526655Z remote: Counting objects:  95% (472/496)        
2023-09-24T14:49:44.7526945Z remote: Counting objects:  96% (477/496)        
2023-09-24T14:49:44.7527240Z remote: Counting objects:  97% (482/496)        
2023-09-24T14:49:44.7527519Z remote: Counting objects:  98% (487/496)        
2023-09-24T14:49:44.7527813Z remote: Counting objects:  99% (492/496)        
2023-09-24T14:49:44.7528112Z remote: Counting objects: 100% (496/496)        
2023-09-24T14:49:44.7528421Z remote: Counting objects: 100% (496/496), done.        
2023-09-24T14:49:44.7528735Z remote: Compressing objects:   0% (1/448)        
2023-09-24T14:49:44.7529053Z remote: Compressing objects:   1% (5/448)        
2023-09-24T14:49:44.7529502Z remote: Compressing objects:   2% (9/448)        
2023-09-24T14:49:44.7529814Z remote: Compressing objects:   3% (14/448)        
2023-09-24T14:49:44.7530134Z remote: Compressing objects:   4% (18/448)        
2023-09-24T14:49:44.7531682Z remote: Compressing objects:   5% (23/448)        
2023-09-24T14:49:44.7532004Z remote: Compressing objects:   6% (27/448)        
2023-09-24T14:49:44.7532305Z remote: Compressing objects:   7% (32/448)        
2023-09-24T14:49:44.7532617Z remote: Compressing objects:   8% (36/448)        
2023-09-24T14:49:44.7532928Z remote: Compressing objects:   9% (41/448)        
2023-09-24T14:49:44.7533243Z remote: Compressing objects:  10% (45/448)        
2023-09-24T14:49:44.7533549Z remote: Compressing objects:  11% (50/448)        
2023-09-24T14:49:44.7533858Z remote: Compressing objects:  12% (54/448)        
2023-09-24T14:49:44.7534166Z remote: Compressing objects:  13% (59/448)        
2023-09-24T14:49:44.7534469Z remote: Compressing objects:  14% (63/448)        
2023-09-24T14:49:44.7534777Z remote: Compressing objects:  15% (68/448)        
2023-09-24T14:49:44.7535082Z remote: Compressing objects:  16% (72/448)        
2023-09-24T14:49:44.7535373Z remote: Compressing objects:  17% (77/448)        
2023-09-24T14:49:44.7535707Z remote: Compressing objects:  18% (81/448)        
2023-09-24T14:49:44.7536016Z remote: Compressing objects:  19% (86/448)        
2023-09-24T14:49:44.7536309Z remote: Compressing objects:  20% (90/448)        
2023-09-24T14:49:44.7536612Z remote: Compressing objects:  21% (95/448)        
2023-09-24T14:49:44.7536916Z remote: Compressing objects:  22% (99/448)        
2023-09-24T14:49:44.7537226Z remote: Compressing objects:  23% (104/448)        
2023-09-24T14:49:44.7537691Z remote: Compressing objects:  24% (108/448)        
2023-09-24T14:49:44.7538010Z remote: Compressing objects:  25% (112/448)        
2023-09-24T14:49:44.7538321Z remote: Compressing objects:  26% (117/448)        
2023-09-24T14:49:44.7538625Z remote: Compressing objects:  27% (121/448)        
2023-09-24T14:49:44.7538941Z remote: Compressing objects:  28% (126/448)        
2023-09-24T14:49:44.7539254Z remote: Compressing objects:  29% (130/448)        
2023-09-24T14:49:44.7539553Z remote: Compressing objects:  30% (135/448)        
2023-09-24T14:49:44.7539865Z remote: Compressing objects:  31% (139/448)        
2023-09-24T14:49:44.7540175Z remote: Compressing objects:  32% (144/448)        
2023-09-24T14:49:44.7540489Z remote: Compressing objects:  33% (148/448)        
2023-09-24T14:49:44.7540785Z remote: Compressing objects:  34% (153/448)        
2023-09-24T14:49:44.7541097Z remote: Compressing objects:  35% (157/448)        
2023-09-24T14:49:44.7541407Z remote: Compressing objects:  36% (162/448)        
2023-09-24T14:49:44.7541712Z remote: Compressing objects:  37% (166/448)        
2023-09-24T14:49:44.7542023Z remote: Compressing objects:  38% (171/448)        
2023-09-24T14:49:44.7542331Z remote: Compressing objects:  39% (175/448)        
2023-09-24T14:49:44.7542635Z remote: Compressing objects:  40% (180/448)        
2023-09-24T14:49:44.7542946Z remote: Compressing objects:  41% (184/448)        
2023-09-24T14:49:44.7543254Z remote: Compressing objects:  42% (189/448)        
2023-09-24T14:49:44.7543563Z remote: Compressing objects:  43% (193/448)        
2023-09-24T14:49:44.7543855Z remote: Compressing objects:  44% (198/448)        
2023-09-24T14:49:44.7544163Z remote: Compressing objects:  45% (202/448)        
2023-09-24T14:49:44.7544472Z remote: Compressing objects:  46% (207/448)        
2023-09-24T14:49:44.7544768Z remote: Compressing objects:  47% (211/448)        
2023-09-24T14:49:44.7545076Z remote: Compressing objects:  48% (216/448)        
2023-09-24T14:49:44.7545389Z remote: Compressing objects:  49% (220/448)        
2023-09-24T14:49:44.7545683Z remote: Compressing objects:  50% (224/448)        
2023-09-24T14:49:44.7545990Z remote: Compressing objects:  51% (229/448)        
2023-09-24T14:49:44.7546294Z remote: Compressing objects:  52% (233/448)        
2023-09-24T14:49:44.7546722Z remote: Compressing objects:  53% (238/448)        
2023-09-24T14:49:44.7547038Z remote: Compressing objects:  54% (242/448)        
2023-09-24T14:49:44.7547332Z remote: Compressing objects:  55% (247/448)        
2023-09-24T14:49:44.7547641Z remote: Compressing objects:  56% (251/448)        
2023-09-24T14:49:44.7547950Z remote: Compressing objects:  57% (256/448)        
2023-09-24T14:49:44.7548247Z remote: Compressing objects:  58% (260/448)        
2023-09-24T14:49:44.7548553Z remote: Compressing objects:  59% (265/448)        
2023-09-24T14:49:44.7548861Z remote: Compressing objects:  60% (269/448)        
2023-09-24T14:49:44.7549168Z remote: Compressing objects:  61% (274/448)        
2023-09-24T14:49:44.7549468Z remote: Compressing objects:  62% (278/448)        
2023-09-24T14:49:44.7549775Z remote: Compressing objects:  63% (283/448)        
2023-09-24T14:49:44.7550081Z remote: Compressing objects:  64% (287/448)        
2023-09-24T14:49:44.7550380Z remote: Compressing objects:  65% (292/448)        
2023-09-24T14:49:44.7550687Z remote: Compressing objects:  66% (296/448)        
2023-09-24T14:49:44.7550994Z remote: Compressing objects:  67% (301/448)        
2023-09-24T14:49:44.7551287Z remote: Compressing objects:  68% (305/448)        
2023-09-24T14:49:44.7551592Z remote: Compressing objects:  69% (310/448)        
2023-09-24T14:49:44.7551900Z remote: Compressing objects:  70% (314/448)        
2023-09-24T14:49:44.7552204Z remote: Compressing objects:  71% (319/448)        
2023-09-24T14:49:44.7552498Z remote: Compressing objects:  72% (323/448)        
2023-09-24T14:49:44.7552802Z remote: Compressing objects:  73% (328/448)        
2023-09-24T14:49:44.7553108Z remote: Compressing objects:  74% (332/448)        
2023-09-24T14:49:44.7553513Z remote: Compressing objects:  75% (336/448)        
2023-09-24T14:49:44.7553819Z remote: Compressing objects:  76% (341/448)        
2023-09-24T14:49:44.7554124Z remote: Compressing objects:  77% (345/448)        
2023-09-24T14:49:44.7554420Z remote: Compressing objects:  78% (350/448)        
2023-09-24T14:49:44.7554725Z remote: Compressing objects:  79% (354/448)        
2023-09-24T14:49:44.7555032Z remote: Compressing objects:  80% (359/448)        
2023-09-24T14:49:44.7555327Z remote: Compressing objects:  81% (363/448)        
2023-09-24T14:49:44.7555830Z remote: Compressing objects:  82% (368/448)        
2023-09-24T14:49:44.7556142Z remote: Compressing objects:  83% (372/448)        
2023-09-24T14:49:44.7556450Z remote: Compressing objects:  84% (377/448)        
2023-09-24T14:49:44.7556743Z remote: Compressing objects:  85% (381/448)        
2023-09-24T14:49:44.7557049Z remote: Compressing objects:  86% (386/448)        
2023-09-24T14:49:44.7557362Z remote: Compressing objects:  87% (390/448)        
2023-09-24T14:49:44.7557658Z remote: Compressing objects:  88% (395/448)        
2023-09-24T14:49:44.7557965Z remote: Compressing objects:  89% (399/448)        
2023-09-24T14:49:44.7558275Z remote: Compressing objects:  90% (404/448)        
2023-09-24T14:49:44.7558570Z remote: Compressing objects:  91% (408/448)        
2023-09-24T14:49:44.7558878Z remote: Compressing objects:  92% (413/448)        
2023-09-24T14:49:44.7559184Z remote: Compressing objects:  93% (417/448)        
2023-09-24T14:49:44.7559491Z remote: Compressing objects:  94% (422/448)        
2023-09-24T14:49:44.7559785Z remote: Compressing objects:  95% (426/448)        
2023-09-24T14:49:44.7560093Z remote: Compressing objects:  96% (431/448)        
2023-09-24T14:49:44.7560401Z remote: Compressing objects:  97% (435/448)        
2023-09-24T14:49:44.7560695Z remote: Compressing objects:  98% (440/448)        
2023-09-24T14:49:44.7561003Z remote: Compressing objects:  99% (444/448)        
2023-09-24T14:49:44.7561496Z remote: Compressing objects: 100% (448/448)        
2023-09-24T14:49:44.7561812Z remote: Compressing objects: 100% (448/448), done.        
2023-09-24T14:49:44.7562115Z Receiving objects:   0% (1/496)
2023-09-24T14:49:44.7562525Z Receiving objects:   1% (5/496)
2023-09-24T14:49:44.7562785Z Receiving objects:   2% (10/496)
2023-09-24T14:49:44.7563052Z Receiving objects:   3% (15/496)
2023-09-24T14:49:44.8047799Z Receiving objects:   4% (20/496)
2023-09-24T14:49:45.0494614Z Receiving objects:   5% (25/496)
2023-09-24T14:49:45.0512153Z Receiving objects:   6% (30/496)
2023-09-24T14:49:45.0523916Z Receiving objects:   7% (35/496)
2023-09-24T14:49:45.0531640Z Receiving objects:   8% (40/496)
2023-09-24T14:49:45.0536886Z Receiving objects:   9% (45/496)
2023-09-24T14:49:45.0540992Z Receiving objects:  10% (50/496)
2023-09-24T14:49:45.0547250Z Receiving objects:  11% (55/496)
2023-09-24T14:49:45.0552184Z Receiving objects:  12% (60/496)
2023-09-24T14:49:45.0557907Z Receiving objects:  13% (65/496)
2023-09-24T14:49:45.0572297Z Receiving objects:  14% (70/496)
2023-09-24T14:49:45.0580520Z Receiving objects:  15% (75/496)
2023-09-24T14:49:45.0603748Z Receiving objects:  16% (80/496)
2023-09-24T14:49:45.0890881Z Receiving objects:  17% (85/496)
2023-09-24T14:49:45.0897202Z Receiving objects:  18% (90/496)
2023-09-24T14:49:45.0904764Z Receiving objects:  19% (95/496)
2023-09-24T14:49:45.0912839Z Receiving objects:  20% (100/496)
2023-09-24T14:49:45.0943659Z Receiving objects:  21% (105/496)
2023-09-24T14:49:45.0993042Z Receiving objects:  22% (110/496)
2023-09-24T14:49:45.0997923Z Receiving objects:  23% (115/496)
2023-09-24T14:49:45.1003540Z Receiving objects:  24% (120/496)
2023-09-24T14:49:45.1011124Z Receiving objects:  25% (124/496)
2023-09-24T14:49:45.1030824Z Receiving objects:  26% (129/496)
2023-09-24T14:49:45.1040318Z Receiving objects:  27% (134/496)
2023-09-24T14:49:45.1060762Z Receiving objects:  28% (139/496)
2023-09-24T14:49:45.1068176Z Receiving objects:  29% (144/496)
2023-09-24T14:49:45.1074575Z Receiving objects:  30% (149/496)
2023-09-24T14:49:45.1080045Z Receiving objects:  31% (154/496)
2023-09-24T14:49:45.1087707Z Receiving objects:  32% (159/496)
2023-09-24T14:49:45.1167789Z Receiving objects:  33% (164/496)
2023-09-24T14:49:45.1754079Z Receiving objects:  34% (169/496)
2023-09-24T14:49:45.2227219Z Receiving objects:  35% (174/496)
2023-09-24T14:49:45.2238180Z Receiving objects:  36% (179/496)
2023-09-24T14:49:45.2263742Z Receiving objects:  37% (184/496)
2023-09-24T14:49:45.2367090Z Receiving objects:  38% (189/496)
2023-09-24T14:49:45.2430611Z Receiving objects:  39% (194/496)
2023-09-24T14:49:45.2437142Z Receiving objects:  40% (199/496)
2023-09-24T14:49:45.2443668Z Receiving objects:  41% (204/496)
2023-09-24T14:49:45.2452562Z Receiving objects:  42% (209/496)
2023-09-24T14:49:45.2457590Z Receiving objects:  43% (214/496)
2023-09-24T14:49:45.2465950Z Receiving objects:  44% (219/496)
2023-09-24T14:49:45.2472125Z Receiving objects:  45% (224/496)
2023-09-24T14:49:45.2479666Z Receiving objects:  46% (229/496)
2023-09-24T14:49:45.2486918Z Receiving objects:  47% (234/496)
2023-09-24T14:49:45.2495510Z Receiving objects:  48% (239/496)
2023-09-24T14:49:45.2500685Z Receiving objects:  49% (244/496)
2023-09-24T14:49:45.2506418Z Receiving objects:  50% (248/496)
2023-09-24T14:49:45.2513380Z Receiving objects:  51% (253/496)
2023-09-24T14:49:45.2530482Z Receiving objects:  52% (258/496)
2023-09-24T14:49:45.2535804Z Receiving objects:  53% (263/496), 6.86 MiB | 13.72 MiB/s
2023-09-24T14:49:45.2541749Z Receiving objects:  54% (268/496), 6.86 MiB | 13.72 MiB/s
2023-09-24T14:49:45.2548313Z Receiving objects:  55% (273/496), 6.86 MiB | 13.72 MiB/s
2023-09-24T14:49:45.2559702Z Receiving objects:  56% (278/496), 6.86 MiB | 13.72 MiB/s
2023-09-24T14:49:45.2564974Z Receiving objects:  57% (283/496), 6.86 MiB | 13.72 MiB/s
2023-09-24T14:49:45.2573776Z Receiving objects:  58% (288/496), 6.86 MiB | 13.72 MiB/s
2023-09-24T14:49:45.2625000Z Receiving objects:  59% (293/496), 6.86 MiB | 13.72 MiB/s
2023-09-24T14:49:45.2645242Z Receiving objects:  60% (298/496), 6.86 MiB | 13.72 MiB/s
2023-09-24T14:49:45.2669333Z Receiving objects:  61% (303/496), 6.86 MiB | 13.72 MiB/s
2023-09-24T14:49:45.2677487Z Receiving objects:  62% (308/496), 6.86 MiB | 13.72 MiB/s
2023-09-24T14:49:45.2687953Z Receiving objects:  63% (313/496), 6.86 MiB | 13.72 MiB/s
2023-09-24T14:49:45.2693924Z Receiving objects:  64% (318/496), 6.86 MiB | 13.72 MiB/s
2023-09-24T14:49:45.2701813Z Receiving objects:  65% (323/496), 6.86 MiB | 13.72 MiB/s
2023-09-24T14:49:45.2735591Z Receiving objects:  66% (328/496), 6.86 MiB | 13.72 MiB/s
2023-09-24T14:49:45.2740975Z Receiving objects:  67% (333/496), 6.86 MiB | 13.72 MiB/s
2023-09-24T14:49:45.2751012Z Receiving objects:  68% (338/496), 6.86 MiB | 13.72 MiB/s
2023-09-24T14:49:45.2763397Z Receiving objects:  69% (343/496), 6.86 MiB | 13.72 MiB/s
2023-09-24T14:49:45.2776572Z Receiving objects:  70% (348/496), 6.86 MiB | 13.72 MiB/s
2023-09-24T14:49:45.2785637Z Receiving objects:  71% (353/496), 6.86 MiB | 13.72 MiB/s
2023-09-24T14:49:45.2797546Z Receiving objects:  72% (358/496), 6.86 MiB | 13.72 MiB/s
2023-09-24T14:49:45.2806002Z Receiving objects:  73% (363/496), 6.86 MiB | 13.72 MiB/s
2023-09-24T14:49:45.2828248Z Receiving objects:  74% (368/496), 6.86 MiB | 13.72 MiB/s
2023-09-24T14:49:45.2900317Z Receiving objects:  75% (372/496), 6.86 MiB | 13.72 MiB/s
2023-09-24T14:49:45.2915450Z Receiving objects:  76% (377/496), 6.86 MiB | 13.72 MiB/s
2023-09-24T14:49:45.2923677Z Receiving objects:  77% (382/496), 6.86 MiB | 13.72 MiB/s
2023-09-24T14:49:45.2933762Z Receiving objects:  78% (387/496), 6.86 MiB | 13.72 MiB/s
2023-09-24T14:49:45.2943404Z Receiving objects:  79% (392/496), 6.86 MiB | 13.72 MiB/s
2023-09-24T14:49:45.2956078Z Receiving objects:  80% (397/496), 6.86 MiB | 13.72 MiB/s
2023-09-24T14:49:45.2961341Z Receiving objects:  81% (402/496), 6.86 MiB | 13.72 MiB/s
2023-09-24T14:49:45.2966229Z Receiving objects:  82% (407/496), 6.86 MiB | 13.72 MiB/s
2023-09-24T14:49:45.2970506Z Receiving objects:  83% (412/496), 6.86 MiB | 13.72 MiB/s
2023-09-24T14:49:45.2974764Z Receiving objects:  84% (417/496), 6.86 MiB | 13.72 MiB/s
2023-09-24T14:49:45.2978989Z Receiving objects:  85% (422/496), 6.86 MiB | 13.72 MiB/s
2023-09-24T14:49:45.2983423Z Receiving objects:  86% (427/496), 6.86 MiB | 13.72 MiB/s
2023-09-24T14:49:45.2987946Z Receiving objects:  87% (432/496), 6.86 MiB | 13.72 MiB/s
2023-09-24T14:49:45.2994741Z Receiving objects:  88% (437/496), 6.86 MiB | 13.72 MiB/s
2023-09-24T14:49:45.3004523Z Receiving objects:  89% (442/496), 6.86 MiB | 13.72 MiB/s
2023-09-24T14:49:45.3055794Z Receiving objects:  90% (447/496), 6.86 MiB | 13.72 MiB/s
2023-09-24T14:49:45.3061433Z Receiving objects:  91% (452/496), 6.86 MiB | 13.72 MiB/s
2023-09-24T14:49:45.3068447Z Receiving objects:  92% (457/496), 6.86 MiB | 13.72 MiB/s
2023-09-24T14:49:45.3074268Z Receiving objects:  93% (462/496), 6.86 MiB | 13.72 MiB/s
2023-09-24T14:49:45.3080357Z Receiving objects:  94% (467/496), 6.86 MiB | 13.72 MiB/s
2023-09-24T14:49:45.3090892Z Receiving objects:  95% (472/496), 6.86 MiB | 13.72 MiB/s
2023-09-24T14:49:45.3102851Z Receiving objects:  96% (477/496), 6.86 MiB | 13.72 MiB/s
2023-09-24T14:49:45.3104657Z remote: Total 496 (delta 36), reused 430 (delta 34), pack-reused 0        
2023-09-24T14:49:45.3116977Z Receiving objects:  97% (482/496), 6.86 MiB | 13.72 MiB/s
2023-09-24T14:49:45.3125201Z Receiving objects:  98% (487/496), 6.86 MiB | 13.72 MiB/s
2023-09-24T14:49:45.3132959Z Receiving objects:  99% (492/496), 6.86 MiB | 13.72 MiB/s
2023-09-24T14:49:45.3133902Z Receiving objects: 100% (496/496), 6.86 MiB | 13.72 MiB/s
2023-09-24T14:49:45.3134333Z Receiving objects: 100% (496/496), 7.69 MiB | 13.72 MiB/s, done.
2023-09-24T14:49:45.3145667Z Resolving deltas:   0% (0/36)
2023-09-24T14:49:45.3146396Z Resolving deltas:   2% (1/36)
2023-09-24T14:49:45.3147023Z Resolving deltas:   5% (2/36)
2023-09-24T14:49:45.3147397Z Resolving deltas:   8% (3/36)
2023-09-24T14:49:45.3150552Z Resolving deltas:  11% (4/36)
2023-09-24T14:49:45.3151102Z Resolving deltas:  13% (5/36)
2023-09-24T14:49:45.3151768Z Resolving deltas:  16% (6/36)
2023-09-24T14:49:45.3152074Z Resolving deltas:  19% (7/36)
2023-09-24T14:49:45.3152419Z Resolving deltas:  22% (8/36)
2023-09-24T14:49:45.3153190Z Resolving deltas:  25% (9/36)
2023-09-24T14:49:45.3153781Z Resolving deltas:  27% (10/36)
2023-09-24T14:49:45.3154082Z Resolving deltas:  30% (11/36)
2023-09-24T14:49:45.3156289Z Resolving deltas:  33% (12/36)
2023-09-24T14:49:45.3157926Z Resolving deltas:  36% (13/36)
2023-09-24T14:49:45.3158494Z Resolving deltas:  38% (14/36)
2023-09-24T14:49:45.3160765Z Resolving deltas:  41% (15/36)
2023-09-24T14:49:45.3161496Z Resolving deltas:  44% (16/36)
2023-09-24T14:49:45.3167030Z Resolving deltas:  47% (17/36)
2023-09-24T14:49:45.3175263Z Resolving deltas:  50% (18/36)
2023-09-24T14:49:45.3175852Z Resolving deltas:  52% (19/36)
2023-09-24T14:49:45.3176822Z Resolving deltas:  55% (20/36)
2023-09-24T14:49:45.3177439Z Resolving deltas:  58% (21/36)
2023-09-24T14:49:45.3177787Z Resolving deltas:  61% (22/36)
2023-09-24T14:49:45.3178240Z Resolving deltas:  63% (23/36)
2023-09-24T14:49:45.3178580Z Resolving deltas:  66% (24/36)
2023-09-24T14:49:45.3178864Z Resolving deltas:  69% (25/36)
2023-09-24T14:49:45.3179212Z Resolving deltas:  72% (26/36)
2023-09-24T14:49:45.3179640Z Resolving deltas:  75% (27/36)
2023-09-24T14:49:45.3179927Z Resolving deltas:  77% (28/36)
2023-09-24T14:49:45.3180261Z Resolving deltas:  80% (29/36)
2023-09-24T14:49:45.3180603Z Resolving deltas:  83% (30/36)
2023-09-24T14:49:45.3183569Z Resolving deltas:  86% (31/36)
2023-09-24T14:49:45.3189866Z Resolving deltas:  88% (32/36)
2023-09-24T14:49:45.3195371Z Resolving deltas:  91% (33/36)
2023-09-24T14:49:45.3198988Z Resolving deltas:  94% (34/36)
2023-09-24T14:49:45.3203436Z Resolving deltas:  97% (35/36)
2023-09-24T14:49:45.3204609Z Resolving deltas: 100% (36/36)
2023-09-24T14:49:45.3206228Z Resolving deltas: 100% (36/36), done.
2023-09-24T14:49:45.3407736Z From https://github.com/Aircoookie/WLED
2023-09-24T14:49:45.3408892Z  * [new ref]         5eadbe7ecd21fedc60d1fec7066c382014e9b968 -> origin/main
2023-09-24T14:49:45.3461703Z ##[endgroup]
2023-09-24T14:49:45.3462434Z ##[group]Determining the checkout info
2023-09-24T14:49:45.3463103Z ##[endgroup]
2023-09-24T14:49:45.3463943Z ##[group]Checking out the ref
2023-09-24T14:49:45.3464879Z [command]/usr/bin/git checkout --progress --force -B main refs/remotes/origin/main
2023-09-24T14:49:45.4058290Z Switched to a new branch 'main'
2023-09-24T14:49:45.4064507Z branch 'main' set up to track 'origin/main'.
2023-09-24T14:49:45.4070821Z ##[endgroup]
2023-09-24T14:49:45.4122332Z [command]/usr/bin/git log -1 --format='%H'
2023-09-24T14:49:45.4155370Z '5eadbe7ecd21fedc60d1fec7066c382014e9b968'
2023-09-24T14:49:45.6128596Z ##[group]Run actions/cache@v3
2023-09-24T14:49:45.6128914Z with:
2023-09-24T14:49:45.6129248Z   path: ~/.cache/pip
2023-09-24T14:49:45.6129753Z   key: Linux-pip-81ff51cfad9e9eb735c6b16e2b137bb04b536de75d900d6b02aa29724c130501
2023-09-24T14:49:45.6130175Z   restore-keys: Linux-pip-

2023-09-24T14:49:45.6130611Z   enableCrossOsArchive: false
2023-09-24T14:49:45.6130962Z   fail-on-cache-miss: false
2023-09-24T14:49:45.6131229Z   lookup-only: false
2023-09-24T14:49:45.6131509Z ##[endgroup]
2023-09-24T14:49:46.5738482Z Cache Size: ~4 MB (3959889 B)
2023-09-24T14:49:46.5768832Z [command]/usr/bin/tar -xf /home/runner/work/_temp/f9dc7726-0406-4a87-a598-2659316ebc70/cache.tzst -P -C /home/runner/work/WLED/WLED --use-compress-program unzstd
2023-09-24T14:49:46.5992975Z Cache restored successfully
2023-09-24T14:49:46.6218726Z Cache restored from key: Linux-pip-81ff51cfad9e9eb735c6b16e2b137bb04b536de75d900d6b02aa29724c130501
2023-09-24T14:49:46.7677348Z ##[group]Run actions/cache@v3
2023-09-24T14:49:46.7677612Z with:
2023-09-24T14:49:46.7677835Z   path: ~/.platformio
2023-09-24T14:49:46.7678073Z   key: Linux-
2023-09-24T14:49:46.7678326Z   enableCrossOsArchive: false
2023-09-24T14:49:46.7678601Z   fail-on-cache-miss: false
2023-09-24T14:49:46.7678844Z   lookup-only: false
2023-09-24T14:49:46.7679096Z ##[endgroup]
2023-09-24T14:49:48.1958332Z Received 96468992 of 201123108 (48.0%), 92.0 MBs/sec
2023-09-24T14:49:48.7071337Z Cache Size: ~192 MB (201123108 B)
2023-09-24T14:49:48.7259529Z [command]/usr/bin/tar -xf /home/runner/work/_temp/207e82a2-fb29-415e-89ba-96087220e52c/cache.tzst -P -C /home/runner/work/WLED/WLED --use-compress-program unzstd
2023-09-24T14:49:49.1968393Z Received 201123108 of 201123108 (100.0%), 95.9 MBs/sec
2023-09-24T14:49:49.5032967Z Cache restored successfully
2023-09-24T14:49:49.5417862Z Cache restored from key: Linux-
2023-09-24T14:49:49.5552740Z ##[group]Run actions/setup-python@v4
2023-09-24T14:49:49.5553028Z with:
2023-09-24T14:49:49.5553268Z   python-version: 3.9
2023-09-24T14:49:49.5553529Z   check-latest: false
2023-09-24T14:49:49.5553953Z   token: ***
2023-09-24T14:49:49.5554210Z   update-environment: true
2023-09-24T14:49:49.5554489Z   allow-prereleases: false
2023-09-24T14:49:49.5554747Z ##[endgroup]
2023-09-24T14:49:49.7283952Z ##[group]Installed versions
2023-09-24T14:49:49.7368142Z Successfully set up CPython (3.9.18)
2023-09-24T14:49:49.7368758Z ##[endgroup]
2023-09-24T14:49:49.7491196Z ##[group]Run pip install -r requirements.txt
2023-09-24T14:49:49.7491642Z [36;1mpip install -r requirements.txt[0m
2023-09-24T14:49:49.7558457Z shell: /usr/bin/bash -e {0}
2023-09-24T14:49:49.7558733Z env:
2023-09-24T14:49:49.7559055Z   pythonLocation: /opt/hostedtoolcache/Python/3.9.18/x64
2023-09-24T14:49:49.7559464Z   PKG_CONFIG_PATH: /opt/hostedtoolcache/Python/3.9.18/x64/lib/pkgconfig
2023-09-24T14:49:49.7559859Z   Python_ROOT_DIR: /opt/hostedtoolcache/Python/3.9.18/x64
2023-09-24T14:49:49.7560216Z   Python2_ROOT_DIR: /opt/hostedtoolcache/Python/3.9.18/x64
2023-09-24T14:49:49.7560580Z   Python3_ROOT_DIR: /opt/hostedtoolcache/Python/3.9.18/x64
2023-09-24T14:49:49.7560952Z   LD_LIBRARY_PATH: /opt/hostedtoolcache/Python/3.9.18/x64/lib
2023-09-24T14:49:49.7561477Z ##[endgroup]
2023-09-24T14:49:50.6924784Z Collecting aiofiles==22.1.0 (from -r requirements.txt (line 7))
2023-09-24T14:49:50.6953058Z   Using cached aiofiles-22.1.0-py3-none-any.whl (14 kB)
2023-09-24T14:49:50.7316133Z Collecting ajsonrpc==1.2.0 (from -r requirements.txt (line 9))
2023-09-24T14:49:50.7339921Z   Using cached ajsonrpc-1.2.0-py3-none-any.whl (22 kB)
2023-09-24T14:49:50.7897439Z Collecting anyio==3.6.2 (from -r requirements.txt (line 11))
2023-09-24T14:49:50.7965182Z   Using cached anyio-3.6.2-py3-none-any.whl (80 kB)
2023-09-24T14:49:50.8337492Z Collecting bottle==0.12.25 (from -r requirements.txt (line 13))
2023-09-24T14:49:50.8366257Z   Using cached bottle-0.12.25-py3-none-any.whl (90 kB)
2023-09-24T14:49:50.8847044Z Collecting certifi==2023.7.22 (from -r requirements.txt (line 15))
2023-09-24T14:49:50.8852300Z   Obtaining dependency information for certifi==2023.7.22 from https://files.pythonhosted.org/packages/4c/dd/2234eab22353ffc7d94e8d13177aaa050113286e93e7b40eae01fbf7c3d9/certifi-2023.7.22-py3-none-any.whl.metadata
2023-09-24T14:49:50.8880208Z   Using cached certifi-2023.7.22-py3-none-any.whl.metadata (2.2 kB)
2023-09-24T14:49:51.0298198Z Collecting charset-normalizer==3.1.0 (from -r requirements.txt (line 17))
2023-09-24T14:49:51.0330907Z   Using cached charset_normalizer-3.1.0-cp39-cp39-manylinux_2_17_x86_64.manylinux2014_x86_64.whl (199 kB)
2023-09-24T14:49:51.0889915Z Collecting click==8.1.3 (from -r requirements.txt (line 19))
2023-09-24T14:49:51.0918650Z   Using cached click-8.1.3-py3-none-any.whl (96 kB)
2023-09-24T14:49:51.1361498Z Collecting colorama==0.4.6 (from -r requirements.txt (line 23))
2023-09-24T14:49:51.1385810Z   Using cached colorama-0.4.6-py2.py3-none-any.whl (25 kB)
2023-09-24T14:49:51.1700176Z Collecting h11==0.14.0 (from -r requirements.txt (line 25))
2023-09-24T14:49:51.1723000Z   Using cached h11-0.14.0-py3-none-any.whl (58 kB)
2023-09-24T14:49:51.2083770Z Collecting idna==3.4 (from -r requirements.txt (line 29))
2023-09-24T14:49:51.2106659Z   Using cached idna-3.4-py3-none-any.whl (61 kB)
2023-09-24T14:49:51.2994390Z Collecting marshmallow==3.19.0 (from -r requirements.txt (line 33))
2023-09-24T14:49:51.3017898Z   Using cached marshmallow-3.19.0-py3-none-any.whl (49 kB)
2023-09-24T14:49:51.3504951Z Collecting packaging==23.1 (from -r requirements.txt (line 35))
2023-09-24T14:49:51.3527427Z   Using cached packaging-23.1-py3-none-any.whl (48 kB)
2023-09-24T14:49:51.4106286Z Collecting platformio==6.1.6 (from -r requirements.txt (line 37))
2023-09-24T14:49:51.4107416Z   Using cached platformio-6.1.6-py3-none-any.whl
2023-09-24T14:49:51.4490018Z Collecting pyelftools==0.29 (from -r requirements.txt (line 39))
2023-09-24T14:49:51.4516644Z   Using cached pyelftools-0.29-py2.py3-none-any.whl (174 kB)
2023-09-24T14:49:51.4941231Z Collecting pyserial==3.5 (from -r requirements.txt (line 41))
2023-09-24T14:49:51.4964465Z   Using cached pyserial-3.5-py2.py3-none-any.whl (90 kB)
2023-09-24T14:49:51.5697193Z Collecting requests==2.31.0 (from -r requirements.txt (line 43))
2023-09-24T14:49:51.5700659Z   Obtaining dependency information for requests==2.31.0 from https://files.pythonhosted.org/packages/70/8e/0e2d847013cb52cd35b38c009bb167a1a26b2ce6cd6965bf26b47bc0bf44/requests-2.31.0-py3-none-any.whl.metadata
2023-09-24T14:49:51.5725103Z   Using cached requests-2.31.0-py3-none-any.whl.metadata (4.6 kB)
2023-09-24T14:49:51.6103256Z Collecting semantic-version==2.10.0 (from -r requirements.txt (line 45))
2023-09-24T14:49:51.6125293Z   Using cached semantic_version-2.10.0-py2.py3-none-any.whl (15 kB)
2023-09-24T14:49:51.6425025Z Collecting sniffio==1.3.0 (from -r requirements.txt (line 47))
2023-09-24T14:49:51.6448561Z   Using cached sniffio-1.3.0-py3-none-any.whl (10 kB)
2023-09-24T14:49:51.7075641Z Collecting starlette==0.23.1 (from -r requirements.txt (line 49))
2023-09-24T14:49:51.7100112Z   Using cached starlette-0.23.1-py3-none-any.whl (64 kB)
2023-09-24T14:49:51.7423947Z Collecting tabulate==0.9.0 (from -r requirements.txt (line 51))
2023-09-24T14:49:51.7445911Z   Using cached tabulate-0.9.0-py3-none-any.whl (35 kB)
2023-09-24T14:49:51.8170778Z Collecting urllib3==1.26.15 (from -r requirements.txt (line 53))
2023-09-24T14:49:51.8195745Z   Using cached urllib3-1.26.15-py2.py3-none-any.whl (140 kB)
2023-09-24T14:49:51.8909789Z Collecting uvicorn==0.20.0 (from -r requirements.txt (line 55))
2023-09-24T14:49:51.8933832Z   Using cached uvicorn-0.20.0-py3-none-any.whl (56 kB)
2023-09-24T14:49:51.9268024Z Collecting wsproto==1.2.0 (from -r requirements.txt (line 57))
2023-09-24T14:49:51.9288963Z   Using cached wsproto-1.2.0-py3-none-any.whl (24 kB)
2023-09-24T14:49:52.2067261Z Collecting typing-extensions>=3.10.0 (from starlette==0.23.1->-r requirements.txt (line 49))
2023-09-24T14:49:52.2068469Z   Obtaining dependency information for typing-extensions>=3.10.0 from https://files.pythonhosted.org/packages/24/21/7d397a4b7934ff4028987914ac1044d3b7d52712f30e2ac7a2ae5bc86dd0/typing_extensions-4.8.0-py3-none-any.whl.metadata
2023-09-24T14:49:52.3244855Z   Downloading typing_extensions-4.8.0-py3-none-any.whl.metadata (3.0 kB)
2023-09-24T14:49:52.4485068Z Using cached certifi-2023.7.22-py3-none-any.whl (158 kB)
2023-09-24T14:49:52.4511219Z Using cached requests-2.31.0-py3-none-any.whl (62 kB)
2023-09-24T14:49:52.4677160Z Downloading typing_extensions-4.8.0-py3-none-any.whl (31 kB)
2023-09-24T14:49:52.6474404Z Installing collected packages: pyserial, pyelftools, bottle, urllib3, typing-extensions, tabulate, sniffio, semantic-version, packaging, idna, h11, colorama, click, charset-normalizer, certifi, ajsonrpc, aiofiles, wsproto, uvicorn, requests, marshmallow, anyio, starlette, platformio
2023-09-24T14:49:54.0057352Z Successfully installed aiofiles-22.1.0 ajsonrpc-1.2.0 anyio-3.6.2 bottle-0.12.25 certifi-2023.7.22 charset-normalizer-3.1.0 click-8.1.3 colorama-0.4.6 h11-0.14.0 idna-3.4 marshmallow-3.19.0 packaging-23.1 platformio-6.1.6 pyelftools-0.29 pyserial-3.5 requests-2.31.0 semantic-version-2.10.0 sniffio-1.3.0 starlette-0.23.1 tabulate-0.9.0 typing-extensions-4.8.0 urllib3-1.26.15 uvicorn-0.20.0 wsproto-1.2.0
2023-09-24T14:49:54.2570357Z 
2023-09-24T14:49:54.2571549Z [notice] A new release of pip is available: 23.0.1 -> 23.2.1
2023-09-24T14:49:54.2619518Z [notice] To update, run: pip install --upgrade pip
2023-09-24T14:49:54.3959307Z ##[group]Run pio run -e esp32dev
2023-09-24T14:49:54.3959637Z [36;1mpio run -e esp32dev[0m
2023-09-24T14:49:54.4021744Z shell: /usr/bin/bash -e {0}
2023-09-24T14:49:54.4022028Z env:
2023-09-24T14:49:54.4022343Z   pythonLocation: /opt/hostedtoolcache/Python/3.9.18/x64
2023-09-24T14:49:54.4022747Z   PKG_CONFIG_PATH: /opt/hostedtoolcache/Python/3.9.18/x64/lib/pkgconfig
2023-09-24T14:49:54.4023138Z   Python_ROOT_DIR: /opt/hostedtoolcache/Python/3.9.18/x64
2023-09-24T14:49:54.4023505Z   Python2_ROOT_DIR: /opt/hostedtoolcache/Python/3.9.18/x64
2023-09-24T14:49:54.4023872Z   Python3_ROOT_DIR: /opt/hostedtoolcache/Python/3.9.18/x64
2023-09-24T14:49:54.4024244Z   LD_LIBRARY_PATH: /opt/hostedtoolcache/Python/3.9.18/x64/lib
2023-09-24T14:49:54.4024539Z   WLED_RELEASE: true
2023-09-24T14:49:54.4024780Z ##[endgroup]
2023-09-24T14:49:54.8069178Z Processing esp32dev (board: esp32dev; platform: espressif32@3.5.0; framework: arduino)
2023-09-24T14:49:54.8070468Z --------------------------------------------------------------------------------
2023-09-24T14:49:54.8262295Z Library Manager: Installing git+https://github.com/lorol/LITTLEFS.git
2023-09-24T14:49:54.8359746Z git version 2.42.0
2023-09-24T14:49:54.8398958Z Cloning into '/home/runner/.platformio/.cache/tmp/pkg-installing-keln4p_a'...
2023-09-24T14:49:56.0499407Z Library Manager: LittleFS_esp32@1.0.6+sha.f0817ca has been installed!
2023-09-24T14:49:56.0512157Z Library Manager: Installing git+https://github.com/pbolduc/AsyncTCP.git @ 1.2.0
2023-09-24T14:49:56.0551855Z git version 2.42.0
2023-09-24T14:49:56.0590578Z Cloning into '/home/runner/.platformio/.cache/tmp/pkg-installing-ruj84hzo'...
2023-09-24T14:49:56.5824318Z Library Manager: AsyncTCP@1.2.0+sha.38b8475 has been installed!
2023-09-24T14:49:56.5831328Z Library Manager: Installing fastled/FastLED @ 3.6.0
2023-09-24T14:50:00.0358120Z Downloading 0% 10% 20% 30% 40% 50% 60% 70% 80% 90% 100%
2023-09-24T14:50:00.1114115Z Unpacking
2023-09-24T14:50:00.1774222Z Library Manager: FastLED@3.6.0 has been installed!
2023-09-24T14:50:00.1785171Z Library Manager: Installing makuna/NeoPixelBus @ 2.7.5
2023-09-24T14:50:02.8138276Z Downloading 0% 10% 20% 30% 40% 50% 60% 70% 80% 90% 100%
2023-09-24T14:50:02.8412952Z Unpacking
2023-09-24T14:50:02.9053964Z Library Manager: NeoPixelBus@2.7.5 has been installed!
2023-09-24T14:50:02.9057667Z Library Manager: Resolving dependencies...
2023-09-24T14:50:02.9091230Z Library Manager: Installing SPI
2023-09-24T14:50:03.5624419Z Library Manager: Installing git+https://github.com/Aircoookie/ESPAsyncWebServer.git @ ~2.0.7
2023-09-24T14:50:03.5671412Z git version 2.42.0
2023-09-24T14:50:03.5714457Z Cloning into '/home/runner/.platformio/.cache/tmp/pkg-installing-3o61fld9'...
2023-09-24T14:50:04.3469577Z Library Manager: ESPAsyncWebServerAircoookie@2.0.7+sha.b9349dc has been installed!
2023-09-24T14:50:04.3472233Z Library Manager: Resolving dependencies...
2023-09-24T14:50:04.7683803Z Verbose mode can be enabled via `-v, --verbose` option
2023-09-24T14:50:04.7804114Z CONFIGURATION: https://docs.platformio.org/page/boards/espressif32/esp32dev.html
2023-09-24T14:50:04.7805233Z PLATFORM: Espressif 32 (3.5.0) > Espressif ESP32 Dev Module
2023-09-24T14:50:04.7806126Z HARDWARE: ESP32 240MHz, 320KB RAM, 4MB Flash
2023-09-24T14:50:04.7807142Z DEBUG: Current (esp-prog) External (esp-prog, iot-bus-jtag, jlink, minimodule, olimex-arm-usb-ocd, olimex-arm-usb-ocd-h, olimex-arm-usb-tiny-h, olimex-jtag-tiny, tumpa)
2023-09-24T14:50:04.7807654Z PACKAGES: 
2023-09-24T14:50:04.7808064Z  - framework-arduinoespressif32 @ 0.0.0+sha.4b0c087 
2023-09-24T14:50:04.7808481Z  - tool-esptoolpy @ 1.30100.210531 (3.1.0) 
2023-09-24T14:50:04.7808845Z  - toolchain-xtensa32 @ 2.50200.97 (5.2.0)
2023-09-24T14:50:04.7856057Z Converting wled00.ino
2023-09-24T14:50:04.8232190Z LDF: Library Dependency Finder -> https://bit.ly/configure-pio-ldf
2023-09-24T14:50:04.8233184Z LDF Modes: Finder ~ chain, Compatibility ~ strict
2023-09-24T14:50:04.9287606Z Library Manager: Installing IRremoteESP8266 @ 2.8.2
2023-09-24T14:50:09.4859340Z Downloading 0% 10% 20% 30% 40% 50% 60% 70% 80% 90% 100%
2023-09-24T14:50:09.5513405Z Unpacking
2023-09-24T14:50:09.6761896Z Library Manager: IRremoteESP8266@2.8.2 has been installed!
2023-09-24T14:50:09.7528071Z Found 34 compatible libraries
2023-09-24T14:50:09.7528750Z Scanning dependencies...
2023-09-24T14:50:10.9803780Z Dependency Graph
2023-09-24T14:50:10.9837842Z |-- LittleFS_esp32 @ 1.0.6+sha.f0817ca
2023-09-24T14:50:10.9838160Z |   |-- FS @ 1.0
2023-09-24T14:50:10.9838473Z |-- AsyncTCP @ 1.2.0+sha.38b8475
2023-09-24T14:50:10.9838790Z |-- FastLED @ 3.6.0
2023-09-24T14:50:10.9839056Z |   |-- SPI @ 1.0
2023-09-24T14:50:10.9839368Z |-- IRremoteESP8266 @ 2.8.2
2023-09-24T14:50:10.9839670Z |-- NeoPixelBus @ 2.7.5
2023-09-24T14:50:10.9839944Z |   |-- SPI @ 1.0
2023-09-24T14:50:10.9840301Z |-- ESPAsyncWebServerAircoookie @ 2.0.7+sha.b9349dc
2023-09-24T14:50:10.9840686Z |   |-- AsyncTCP @ 1.2.0+sha.38b8475
2023-09-24T14:50:10.9841002Z |   |-- FS @ 1.0
2023-09-24T14:50:10.9841363Z |   |-- WiFi @ 1.0
2023-09-24T14:50:10.9841627Z |-- Wire @ 1.0.1
2023-09-24T14:50:10.9841896Z |-- SD(esp32) @ 1.0.5
2023-09-24T14:50:10.9842161Z |   |-- FS @ 1.0
2023-09-24T14:50:10.9842421Z |   |-- SPI @ 1.0
2023-09-24T14:50:10.9842677Z |-- SD_MMC @ 1.0
2023-09-24T14:50:10.9842926Z |   |-- FS @ 1.0
2023-09-24T14:50:10.9843173Z |-- SPI @ 1.0
2023-09-24T14:50:10.9843430Z |-- EEPROM @ 1.0.3
2023-09-24T14:50:10.9843709Z |-- ArduinoOTA @ 1.0
2023-09-24T14:50:10.9843974Z |   |-- Update @ 1.0
2023-09-24T14:50:10.9844239Z |   |-- WiFi @ 1.0
2023-09-24T14:50:10.9844511Z |   |-- ESPmDNS @ 1.0
2023-09-24T14:50:10.9844788Z |   |   |-- WiFi @ 1.0
2023-09-24T14:50:10.9845064Z |-- DNSServer @ 1.1.0
2023-09-24T14:50:10.9845333Z |   |-- WiFi @ 1.0
2023-09-24T14:50:10.9845594Z |-- ESPmDNS @ 1.0
2023-09-24T14:50:10.9845857Z |   |-- WiFi @ 1.0
2023-09-24T14:50:10.9846109Z |-- WiFi @ 1.0
2023-09-24T14:50:10.9846390Z |-- ESP32 Async UDP @ 1.0.0
2023-09-24T14:50:10.9847052Z |-- WebServer @ 1.0
2023-09-24T14:50:10.9847324Z |   |-- WiFi @ 1.0
2023-09-24T14:50:10.9847588Z |   |-- FS @ 1.0
2023-09-24T14:50:11.0871229Z Building in release mode
2023-09-24T14:50:11.3153425Z Compiling .pio/build/esp32dev/libeb3/FastLED/FastLED.cpp.o
2023-09-24T14:50:11.3230815Z Compiling .pio/build/esp32dev/libeb3/FastLED/bitswap.cpp.o
2023-09-24T14:50:11.8644405Z Compiling .pio/build/esp32dev/libeb3/FastLED/colorpalettes.cpp.o
2023-09-24T14:50:11.9247652Z Compiling .pio/build/esp32dev/libeb3/FastLED/colorutils.cpp.o
2023-09-24T14:50:12.3965097Z Compiling .pio/build/esp32dev/libeb3/FastLED/hsv2rgb.cpp.o
2023-09-24T14:50:12.7325167Z Compiling .pio/build/esp32dev/libeb3/FastLED/lib8tion.cpp.o
2023-09-24T14:50:12.9924421Z Compiling .pio/build/esp32dev/libeb3/FastLED/noise.cpp.o
2023-09-24T14:50:13.2564741Z Compiling .pio/build/esp32dev/libeb3/FastLED/platforms.cpp.o
2023-09-24T14:50:13.2965807Z Compiling .pio/build/esp32dev/libeb3/FastLED/platforms/esp/32/clockless_rmt_esp32.cpp.o
2023-09-24T14:50:13.8604887Z Compiling .pio/build/esp32dev/libeb3/FastLED/power_mgt.cpp.o
2023-09-24T14:50:13.8924637Z Compiling .pio/build/esp32dev/libeb3/FastLED/wiring.cpp.o
2023-09-24T14:50:14.6896639Z Compiling .pio/build/esp32dev/src/FX.cpp.o
2023-09-24T14:50:14.7044075Z Compiling .pio/build/esp32dev/src/FX_2Dfcn.cpp.o
2023-09-24T14:50:16.4644386Z Compiling .pio/build/esp32dev/src/FX_fcn.cpp.o
2023-09-24T14:50:18.7324299Z Compiling .pio/build/esp32dev/src/alexa.cpp.o
2023-09-24T14:50:20.2544626Z Compiling .pio/build/esp32dev/src/bus_manager.cpp.o
2023-09-24T14:50:20.2661891Z Compiling .pio/build/esp32dev/src/button.cpp.o
2023-09-24T14:50:21.5995748Z Compiling .pio/build/esp32dev/src/cfg.cpp.o
2023-09-24T14:50:22.1124574Z Compiling .pio/build/esp32dev/src/colors.cpp.o
2023-09-24T14:50:23.3924448Z Compiling .pio/build/esp32dev/src/dmx.cpp.o
2023-09-24T14:50:24.5604503Z Compiling .pio/build/esp32dev/src/e131.cpp.o
2023-09-24T14:50:25.0684776Z Compiling .pio/build/esp32dev/src/file.cpp.o
2023-09-24T14:50:25.8964117Z Compiling .pio/build/esp32dev/src/hue.cpp.o
2023-09-24T14:50:26.6924838Z Compiling .pio/build/esp32dev/src/improv.cpp.o
2023-09-24T14:50:27.4958157Z Compiling .pio/build/esp32dev/src/ir.cpp.o
2023-09-24T14:50:27.9404512Z Compiling .pio/build/esp32dev/src/json.cpp.o
2023-09-24T14:50:29.1828133Z Compiling .pio/build/esp32dev/src/led.cpp.o
2023-09-24T14:50:30.4704086Z Compiling .pio/build/esp32dev/src/lx_parser.cpp.o
2023-09-24T14:50:30.8007572Z Compiling .pio/build/esp32dev/src/mqtt.cpp.o
2023-09-24T14:50:31.6854207Z Compiling .pio/build/esp32dev/src/net_debug.cpp.o
2023-09-24T14:50:32.2376635Z Compiling .pio/build/esp32dev/src/network.cpp.o
2023-09-24T14:50:32.8723241Z Compiling .pio/build/esp32dev/src/ntp.cpp.o
2023-09-24T14:50:33.4244192Z Compiling .pio/build/esp32dev/src/overlay.cpp.o
2023-09-24T14:50:34.2171725Z Compiling .pio/build/esp32dev/src/pin_manager.cpp.o
2023-09-24T14:50:34.6489960Z Compiling .pio/build/esp32dev/src/playlist.cpp.o
2023-09-24T14:50:35.4479069Z Compiling .pio/build/esp32dev/src/presets.cpp.o
2023-09-24T14:50:36.0525004Z Compiling .pio/build/esp32dev/src/remote.cpp.o
2023-09-24T14:50:37.2484414Z Compiling .pio/build/esp32dev/src/set.cpp.o
2023-09-24T14:50:37.2725334Z Compiling .pio/build/esp32dev/src/src/dependencies/async-mqtt-client/AsyncMqttClient.cpp.o
2023-09-24T14:50:39.1715305Z Compiling .pio/build/esp32dev/src/src/dependencies/async-mqtt-client/AsyncMqttClient/Packets/ConnAckPacket.cpp.o
2023-09-24T14:50:39.4463581Z Compiling .pio/build/esp32dev/src/src/dependencies/async-mqtt-client/AsyncMqttClient/Packets/PingRespPacket.cpp.o
2023-09-24T14:50:39.6232798Z Compiling .pio/build/esp32dev/src/src/dependencies/async-mqtt-client/AsyncMqttClient/Packets/PubAckPacket.cpp.o
2023-09-24T14:50:39.8924702Z Compiling .pio/build/esp32dev/src/src/dependencies/async-mqtt-client/AsyncMqttClient/Packets/PubCompPacket.cpp.o
2023-09-24T14:50:40.0764920Z Compiling .pio/build/esp32dev/src/src/dependencies/async-mqtt-client/AsyncMqttClient/Packets/PubRecPacket.cpp.o
2023-09-24T14:50:40.3445129Z Compiling .pio/build/esp32dev/src/src/dependencies/async-mqtt-client/AsyncMqttClient/Packets/PubRelPacket.cpp.o
2023-09-24T14:50:40.5259472Z Compiling .pio/build/esp32dev/src/src/dependencies/async-mqtt-client/AsyncMqttClient/Packets/PublishPacket.cpp.o
2023-09-24T14:50:40.8038151Z Compiling .pio/build/esp32dev/src/src/dependencies/async-mqtt-client/AsyncMqttClient/Packets/SubAckPacket.cpp.o
2023-09-24T14:50:41.0128930Z Compiling .pio/build/esp32dev/src/src/dependencies/async-mqtt-client/AsyncMqttClient/Packets/UnsubAckPacket.cpp.o
2023-09-24T14:50:41.2604527Z Compiling .pio/build/esp32dev/src/src/dependencies/dmx/ESPDMX.cpp.o
2023-09-24T14:50:41.2925224Z Compiling .pio/build/esp32dev/src/src/dependencies/dmx/SparkFunDMX.cpp.o
2023-09-24T14:50:41.4724555Z Compiling .pio/build/esp32dev/src/src/dependencies/e131/ESPAsyncE131.cpp.o
2023-09-24T14:50:41.7204871Z Compiling .pio/build/esp32dev/src/src/dependencies/espalexa/EspalexaDevice.cpp.o
2023-09-24T14:50:42.1164299Z Compiling .pio/build/esp32dev/src/src/dependencies/network/Network.cpp.o
2023-09-24T14:50:42.3205063Z Compiling .pio/build/esp32dev/src/src/dependencies/time/DS1307RTC.cpp.o
2023-09-24T14:50:42.5165183Z Compiling .pio/build/esp32dev/src/src/dependencies/time/DateStrings.cpp.o
2023-09-24T14:50:42.5764938Z Compiling .pio/build/esp32dev/src/src/dependencies/time/Time.cpp.o
2023-09-24T14:50:42.6484551Z Compiling .pio/build/esp32dev/src/src/dependencies/timezone/Timezone.cpp.o
2023-09-24T14:50:43.0404462Z Compiling .pio/build/esp32dev/src/udp.cpp.o
2023-09-24T14:50:43.0884680Z Compiling .pio/build/esp32dev/src/um_manager.cpp.o
2023-09-24T14:50:44.3324627Z Compiling .pio/build/esp32dev/src/usermod.cpp.o
2023-09-24T14:50:44.8444300Z Compiling .pio/build/esp32dev/src/usermods_list.cpp.o
2023-09-24T14:50:45.5023879Z Compiling .pio/build/esp32dev/src/util.cpp.o
2023-09-24T14:50:46.0125721Z Compiling .pio/build/esp32dev/src/wled.cpp.o
2023-09-24T14:50:46.9719064Z Compiling .pio/build/esp32dev/src/wled00.ino.cpp.o
2023-09-24T14:50:47.6364441Z Compiling .pio/build/esp32dev/src/wled_eeprom.cpp.o
2023-09-24T14:50:47.6725641Z Compiling .pio/build/esp32dev/src/wled_math.cpp.o
2023-09-24T14:50:48.1004538Z Compiling .pio/build/esp32dev/src/wled_serial.cpp.o
2023-09-24T14:50:48.1644461Z Compiling .pio/build/esp32dev/src/wled_server.cpp.o
2023-09-24T14:50:49.6004689Z Compiling .pio/build/esp32dev/src/ws.cpp.o
2023-09-24T14:50:50.6752695Z Compiling .pio/build/esp32dev/src/xml.cpp.o
2023-09-24T14:50:51.1804757Z Generating partitions .pio/build/esp32dev/partitions.bin
2023-09-24T14:50:51.2844735Z Compiling .pio/build/esp32dev/lib7aa/FS/FS.cpp.o
2023-09-24T14:50:51.8604343Z Compiling .pio/build/esp32dev/lib7aa/FS/vfs_api.cpp.o
2023-09-24T14:50:52.3304424Z Compiling .pio/build/esp32dev/lib4dc/LittleFS_esp32/LITTLEFS.cpp.o
2023-09-24T14:50:52.5164539Z Archiving .pio/build/esp32dev/lib7aa/libFS.a
2023-09-24T14:50:52.5286583Z Indexing .pio/build/esp32dev/lib7aa/libFS.a
2023-09-24T14:50:52.5707453Z Compiling .pio/build/esp32dev/lib4dc/LittleFS_esp32/esp_littlefs.c.o
2023-09-24T14:50:52.8673799Z Compiling .pio/build/esp32dev/lib4dc/LittleFS_esp32/lfs.c.o
2023-09-24T14:50:52.9127847Z Compiling .pio/build/esp32dev/lib4dc/LittleFS_esp32/lfs_util.c.o
2023-09-24T14:50:52.9725117Z Compiling .pio/build/esp32dev/lib4dc/LittleFS_esp32/littlefs_api.c.o
2023-09-24T14:50:53.2077229Z Compiling .pio/build/esp32dev/lib740/AsyncTCP/AsyncTCP.cpp.o
2023-09-24T14:50:53.6278334Z Archiving .pio/build/esp32dev/lib4dc/libLittleFS_esp32.a
2023-09-24T14:50:53.6426320Z Indexing .pio/build/esp32dev/lib4dc/libLittleFS_esp32.a
2023-09-24T14:50:53.6770136Z Compiling .pio/build/esp32dev/lib30b/SPI/SPI.cpp.o
2023-09-24T14:50:53.7755010Z Archiving .pio/build/esp32dev/lib30b/libSPI.a
2023-09-24T14:50:53.7844626Z Indexing .pio/build/esp32dev/lib30b/libSPI.a
2023-09-24T14:50:53.8644234Z Compiling .pio/build/esp32dev/lib9f3/IRremoteESP8266/IRac.cpp.o
2023-09-24T14:50:54.0587865Z Archiving .pio/build/esp32dev/lib740/libAsyncTCP.a
2023-09-24T14:50:54.0673926Z Indexing .pio/build/esp32dev/lib740/libAsyncTCP.a
2023-09-24T14:50:54.0924285Z Compiling .pio/build/esp32dev/lib9f3/IRremoteESP8266/IRrecv.cpp.o
2023-09-24T14:50:54.4924890Z Compiling .pio/build/esp32dev/lib9f3/IRremoteESP8266/IRsend.cpp.o
2023-09-24T14:50:54.6924735Z Compiling .pio/build/esp32dev/lib9f3/IRremoteESP8266/IRtext.cpp.o
2023-09-24T14:50:54.9923226Z Compiling .pio/build/esp32dev/lib9f3/IRremoteESP8266/IRtimer.cpp.o
2023-09-24T14:50:55.1285575Z Compiling .pio/build/esp32dev/lib9f3/IRremoteESP8266/IRutils.cpp.o
2023-09-24T14:50:55.4005498Z Compiling .pio/build/esp32dev/lib9f3/IRremoteESP8266/ir_Airton.cpp.o
2023-09-24T14:50:55.9057299Z Compiling .pio/build/esp32dev/lib9f3/IRremoteESP8266/ir_Airwell.cpp.o
2023-09-24T14:50:55.9244327Z Compiling .pio/build/esp32dev/lib9f3/IRremoteESP8266/ir_Aiwa.cpp.o
2023-09-24T14:50:56.3332680Z Compiling .pio/build/esp32dev/lib9f3/IRremoteESP8266/ir_Amcor.cpp.o
2023-09-24T14:50:56.3725098Z Compiling .pio/build/esp32dev/lib9f3/IRremoteESP8266/ir_Argo.cpp.o
2023-09-24T14:50:56.8163181Z Compiling .pio/build/esp32dev/lib9f3/IRremoteESP8266/ir_Arris.cpp.o
2023-09-24T14:50:56.8843356Z Compiling .pio/build/esp32dev/lib9f3/IRremoteESP8266/ir_Bose.cpp.o
2023-09-24T14:50:57.2395442Z Compiling .pio/build/esp32dev/lib9f3/IRremoteESP8266/ir_Carrier.cpp.o
2023-09-24T14:50:57.2923246Z Compiling .pio/build/esp32dev/lib9f3/IRremoteESP8266/ir_Coolix.cpp.o
2023-09-24T14:50:57.8085930Z Compiling .pio/build/esp32dev/lib9f3/IRremoteESP8266/ir_Corona.cpp.o
2023-09-24T14:50:57.8363211Z Compiling .pio/build/esp32dev/lib9f3/IRremoteESP8266/ir_Daikin.cpp.o
2023-09-24T14:50:58.3844748Z Compiling .pio/build/esp32dev/lib9f3/IRremoteESP8266/ir_Delonghi.cpp.o
2023-09-24T14:50:58.8764450Z Compiling .pio/build/esp32dev/lib9f3/IRremoteESP8266/ir_Denon.cpp.o
2023-09-24T14:50:59.2045299Z Compiling .pio/build/esp32dev/lib9f3/IRremoteESP8266/ir_Dish.cpp.o
2023-09-24T14:50:59.2844602Z Compiling .pio/build/esp32dev/lib9f3/IRremoteESP8266/ir_Doshisha.cpp.o
2023-09-24T14:50:59.6124828Z Compiling .pio/build/esp32dev/lib9f3/IRremoteESP8266/ir_Ecoclim.cpp.o
2023-09-24T14:50:59.6988142Z Compiling .pio/build/esp32dev/lib9f3/IRremoteESP8266/ir_Electra.cpp.o
2023-09-24T14:51:00.1925179Z Compiling .pio/build/esp32dev/lib9f3/IRremoteESP8266/ir_EliteScreens.cpp.o
2023-09-24T14:51:00.2205047Z Compiling .pio/build/esp32dev/lib9f3/IRremoteESP8266/ir_Epson.cpp.o
2023-09-24T14:51:00.5991910Z Compiling .pio/build/esp32dev/lib9f3/IRremoteESP8266/ir_Fujitsu.cpp.o
2023-09-24T14:51:00.6324508Z Compiling .pio/build/esp32dev/lib9f3/IRremoteESP8266/ir_GICable.cpp.o
2023-09-24T14:51:01.0518699Z Compiling .pio/build/esp32dev/lib9f3/IRremoteESP8266/ir_GlobalCache.cpp.o
2023-09-24T14:51:01.2362512Z Compiling .pio/build/esp32dev/lib9f3/IRremoteESP8266/ir_Goodweather.cpp.o
2023-09-24T14:51:01.3084918Z Compiling .pio/build/esp32dev/lib9f3/IRremoteESP8266/ir_Gree.cpp.o
2023-09-24T14:51:01.7403381Z Compiling .pio/build/esp32dev/lib9f3/IRremoteESP8266/ir_Haier.cpp.o
2023-09-24T14:51:01.8965262Z Compiling .pio/build/esp32dev/lib9f3/IRremoteESP8266/ir_Hitachi.cpp.o
2023-09-24T14:51:02.5004511Z Compiling .pio/build/esp32dev/lib9f3/IRremoteESP8266/ir_Inax.cpp.o
2023-09-24T14:51:02.7356520Z Compiling .pio/build/esp32dev/lib9f3/IRremoteESP8266/ir_JVC.cpp.o
2023-09-24T14:51:02.9164858Z Compiling .pio/build/esp32dev/lib9f3/IRremoteESP8266/ir_Kelon.cpp.o
2023-09-24T14:51:03.1524268Z Compiling .pio/build/esp32dev/lib9f3/IRremoteESP8266/ir_Kelvinator.cpp.o
2023-09-24T14:51:03.4404589Z Compiling .pio/build/esp32dev/lib9f3/IRremoteESP8266/ir_LG.cpp.o
2023-09-24T14:51:03.7844594Z Compiling .pio/build/esp32dev/lib9f3/IRremoteESP8266/ir_Lasertag.cpp.o
2023-09-24T14:51:04.1004415Z Compiling .pio/build/esp32dev/lib9f3/IRremoteESP8266/ir_Lego.cpp.o
2023-09-24T14:51:04.1964368Z Compiling .pio/build/esp32dev/lib9f3/IRremoteESP8266/ir_Lutron.cpp.o
2023-09-24T14:51:04.5164652Z Compiling .pio/build/esp32dev/lib9f3/IRremoteESP8266/ir_MWM.cpp.o
2023-09-24T14:51:04.6164715Z Compiling .pio/build/esp32dev/lib9f3/IRremoteESP8266/ir_Magiquest.cpp.o
2023-09-24T14:51:04.9324533Z Compiling .pio/build/esp32dev/lib9f3/IRremoteESP8266/ir_Metz.cpp.o
2023-09-24T14:51:05.0284508Z Compiling .pio/build/esp32dev/lib9f3/IRremoteESP8266/ir_Midea.cpp.o
2023-09-24T14:51:05.3404556Z Compiling .pio/build/esp32dev/lib9f3/IRremoteESP8266/ir_MilesTag2.cpp.o
2023-09-24T14:51:05.6445210Z Compiling .pio/build/esp32dev/lib9f3/IRremoteESP8266/ir_Mirage.cpp.o
2023-09-24T14:51:05.7449738Z Compiling .pio/build/esp32dev/lib9f3/IRremoteESP8266/ir_Mitsubishi.cpp.o
2023-09-24T14:51:06.0573979Z Compiling .pio/build/esp32dev/lib9f3/IRremoteESP8266/ir_MitsubishiHeavy.cpp.o
2023-09-24T14:51:06.4845085Z Compiling .pio/build/esp32dev/lib9f3/IRremoteESP8266/ir_Multibrackets.cpp.o
2023-09-24T14:51:06.7214166Z Compiling .pio/build/esp32dev/lib9f3/IRremoteESP8266/ir_NEC.cpp.o
2023-09-24T14:51:06.8965107Z Compiling .pio/build/esp32dev/lib9f3/IRremoteESP8266/ir_Neoclima.cpp.o
2023-09-24T14:51:07.1525832Z Compiling .pio/build/esp32dev/lib9f3/IRremoteESP8266/ir_Nikai.cpp.o
2023-09-24T14:51:07.4763246Z Compiling .pio/build/esp32dev/lib9f3/IRremoteESP8266/ir_Panasonic.cpp.o
2023-09-24T14:51:07.5604963Z Compiling .pio/build/esp32dev/lib9f3/IRremoteESP8266/ir_Pioneer.cpp.o
2023-09-24T14:51:07.9644983Z Compiling .pio/build/esp32dev/lib9f3/IRremoteESP8266/ir_Pronto.cpp.o
2023-09-24T14:51:08.0846160Z Compiling .pio/build/esp32dev/lib9f3/IRremoteESP8266/ir_RC5_RC6.cpp.o
2023-09-24T14:51:08.2325176Z Compiling .pio/build/esp32dev/lib9f3/IRremoteESP8266/ir_RCMM.cpp.o
2023-09-24T14:51:08.5625307Z Compiling .pio/build/esp32dev/lib9f3/IRremoteESP8266/ir_Rhoss.cpp.o
2023-09-24T14:51:08.6484850Z Compiling .pio/build/esp32dev/lib9f3/IRremoteESP8266/ir_Samsung.cpp.o
2023-09-24T14:51:09.0364537Z Compiling .pio/build/esp32dev/lib9f3/IRremoteESP8266/ir_Sanyo.cpp.o
2023-09-24T14:51:09.2764506Z Compiling .pio/build/esp32dev/lib9f3/IRremoteESP8266/ir_Sharp.cpp.o
2023-09-24T14:51:09.6244447Z Compiling .pio/build/esp32dev/lib9f3/IRremoteESP8266/ir_Sherwood.cpp.o
2023-09-24T14:51:09.8684461Z Compiling .pio/build/esp32dev/lib9f3/IRremoteESP8266/ir_Sony.cpp.o
2023-09-24T14:51:09.8924801Z Compiling .pio/build/esp32dev/lib9f3/IRremoteESP8266/ir_Symphony.cpp.o
2023-09-24T14:51:10.3063230Z Compiling .pio/build/esp32dev/lib9f3/IRremoteESP8266/ir_Tcl.cpp.o
2023-09-24T14:51:10.3204344Z Compiling .pio/build/esp32dev/lib9f3/IRremoteESP8266/ir_Technibel.cpp.o
2023-09-24T14:51:10.8204757Z Compiling .pio/build/esp32dev/lib9f3/IRremoteESP8266/ir_Teco.cpp.o
2023-09-24T14:51:10.8724855Z Compiling .pio/build/esp32dev/lib9f3/IRremoteESP8266/ir_Teknopoint.cpp.o
2023-09-24T14:51:11.2804675Z Compiling .pio/build/esp32dev/lib9f3/IRremoteESP8266/ir_Toshiba.cpp.o
2023-09-24T14:51:11.3339849Z Compiling .pio/build/esp32dev/lib9f3/IRremoteESP8266/ir_Transcold.cpp.o
2023-09-24T14:51:11.8204608Z Compiling .pio/build/esp32dev/lib9f3/IRremoteESP8266/ir_Trotec.cpp.o
2023-09-24T14:51:11.8390827Z Compiling .pio/build/esp32dev/lib9f3/IRremoteESP8266/ir_Truma.cpp.o
2023-09-24T14:51:12.3285214Z Compiling .pio/build/esp32dev/lib9f3/IRremoteESP8266/ir_Vestel.cpp.o
2023-09-24T14:51:12.3764743Z Compiling .pio/build/esp32dev/lib9f3/IRremoteESP8266/ir_Voltas.cpp.o
2023-09-24T14:51:12.9078297Z Compiling .pio/build/esp32dev/lib9f3/IRremoteESP8266/ir_Whirlpool.cpp.o
2023-09-24T14:51:12.9444662Z Compiling .pio/build/esp32dev/lib9f3/IRremoteESP8266/ir_Whynter.cpp.o
2023-09-24T14:51:13.3484612Z Compiling .pio/build/esp32dev/lib9f3/IRremoteESP8266/ir_Xmp.cpp.o
2023-09-24T14:51:13.4764480Z Compiling .pio/build/esp32dev/lib9f3/IRremoteESP8266/ir_Zepeal.cpp.o
2023-09-24T14:51:13.8638601Z Compiling .pio/build/esp32dev/lib30f/NeoPixelBus/internal/animations/NeoPixelAnimator.cpp.o
2023-09-24T14:51:13.8897236Z Archiving .pio/build/esp32dev/lib9f3/libIRremoteESP8266.a
2023-09-24T14:51:14.0408371Z Indexing .pio/build/esp32dev/lib9f3/libIRremoteESP8266.a
2023-09-24T14:51:14.4164363Z Compiling .pio/build/esp32dev/lib30f/NeoPixelBus/internal/colors/HsbColor.cpp.o
2023-09-24T14:51:14.4964436Z Compiling .pio/build/esp32dev/lib30f/NeoPixelBus/internal/colors/HslColor.cpp.o
2023-09-24T14:51:14.8405272Z Compiling .pio/build/esp32dev/lib30f/NeoPixelBus/internal/colors/HtmlColor.cpp.o
2023-09-24T14:51:14.9091475Z Compiling .pio/build/esp32dev/lib30f/NeoPixelBus/internal/colors/HtmlColorNameStrings.cpp.o
2023-09-24T14:51:15.2524616Z Compiling .pio/build/esp32dev/lib30f/NeoPixelBus/internal/colors/HtmlColorNames.cpp.o
2023-09-24T14:51:15.3092834Z Compiling .pio/build/esp32dev/lib30f/NeoPixelBus/internal/colors/HtmlColorShortNames.cpp.o
2023-09-24T14:51:15.6677226Z Compiling .pio/build/esp32dev/lib30f/NeoPixelBus/internal/colors/NeoGammaDynamicTableMethod.cpp.o
2023-09-24T14:51:15.7164614Z Compiling .pio/build/esp32dev/lib30f/NeoPixelBus/internal/colors/NeoGammaTableMethod.cpp.o
2023-09-24T14:51:16.1182163Z Compiling .pio/build/esp32dev/lib30f/NeoPixelBus/internal/colors/Rgb48Color.cpp.o
2023-09-24T14:51:16.1404357Z Compiling .pio/build/esp32dev/lib30f/NeoPixelBus/internal/colors/RgbColor.cpp.o
2023-09-24T14:51:16.5764569Z Compiling .pio/build/esp32dev/lib30f/NeoPixelBus/internal/colors/RgbColorBase.cpp.o
2023-09-24T14:51:16.6086557Z Compiling .pio/build/esp32dev/lib30f/NeoPixelBus/internal/colors/Rgbw64Color.cpp.o
2023-09-24T14:51:17.0164802Z Compiling .pio/build/esp32dev/lib30f/NeoPixelBus/internal/colors/RgbwColor.cpp.o
2023-09-24T14:51:17.0844826Z Compiling .pio/build/esp32dev/lib30f/NeoPixelBus/internal/colors/SegmentDigit.cpp.o
2023-09-24T14:51:17.4765226Z Compiling .pio/build/esp32dev/lib30f/NeoPixelBus/internal/methods/Esp32_i2s.c.o
2023-09-24T14:51:17.5405034Z Compiling .pio/build/esp32dev/lib30f/NeoPixelBus/internal/methods/NeoEsp32RmtMethod.cpp.o
2023-09-24T14:51:17.7684446Z Compiling .pio/build/esp32dev/lib30f/NeoPixelBus/internal/methods/NeoEsp8266I2sMethodCore.cpp.o
2023-09-24T14:51:18.0444448Z Compiling .pio/build/esp32dev/lib30f/NeoPixelBus/internal/methods/NeoEsp8266UartMethod.cpp.o
2023-09-24T14:51:18.0804498Z Compiling .pio/build/esp32dev/lib30f/NeoPixelBus/internal/methods/NeoEspBitBangMethod.cpp.o
2023-09-24T14:51:18.1724706Z Compiling .pio/build/esp32dev/lib30f/NeoPixelBus/internal/methods/NeoPixelAvr.c.o
2023-09-24T14:51:18.2925200Z Compiling .pio/build/esp32dev/lib989/WiFi/ETH.cpp.o
2023-09-24T14:51:18.4924447Z Archiving .pio/build/esp32dev/lib30f/libNeoPixelBus.a
2023-09-24T14:51:18.5324823Z Indexing .pio/build/esp32dev/lib30f/libNeoPixelBus.a
2023-09-24T14:51:18.6364759Z Compiling .pio/build/esp32dev/lib989/WiFi/WiFi.cpp.o
2023-09-24T14:51:18.8684763Z Compiling .pio/build/esp32dev/lib989/WiFi/WiFiAP.cpp.o
2023-09-24T14:51:19.1485186Z Compiling .pio/build/esp32dev/lib989/WiFi/WiFiClient.cpp.o
2023-09-24T14:51:19.4268090Z Compiling .pio/build/esp32dev/lib989/WiFi/WiFiGeneric.cpp.o
2023-09-24T14:51:19.8764428Z Compiling .pio/build/esp32dev/lib989/WiFi/WiFiMulti.cpp.o
2023-09-24T14:51:20.1964908Z Compiling .pio/build/esp32dev/lib989/WiFi/WiFiSTA.cpp.o
2023-09-24T14:51:20.4644710Z Compiling .pio/build/esp32dev/lib989/WiFi/WiFiScan.cpp.o
2023-09-24T14:51:20.8124637Z Compiling .pio/build/esp32dev/lib989/WiFi/WiFiServer.cpp.o
2023-09-24T14:51:21.0005453Z Compiling .pio/build/esp32dev/lib989/WiFi/WiFiUdp.cpp.o
2023-09-24T14:51:21.3989422Z Compiling .pio/build/esp32dev/lib24b/ESPAsyncWebServerAircoookie/AsyncEventSource.cpp.o
2023-09-24T14:51:21.4923355Z Archiving .pio/build/esp32dev/lib989/libWiFi.a
2023-09-24T14:51:21.5204647Z Indexing .pio/build/esp32dev/lib989/libWiFi.a
2023-09-24T14:51:21.6000700Z Compiling .pio/build/esp32dev/lib24b/ESPAsyncWebServerAircoookie/AsyncWebSocket.cpp.o
2023-09-24T14:51:22.3396558Z Compiling .pio/build/esp32dev/lib24b/ESPAsyncWebServerAircoookie/SPIFFSEditor.cpp.o
2023-09-24T14:51:22.9285283Z Compiling .pio/build/esp32dev/lib24b/ESPAsyncWebServerAircoookie/WebAuthentication.cpp.o
2023-09-24T14:51:23.1411405Z Compiling .pio/build/esp32dev/lib24b/ESPAsyncWebServerAircoookie/WebHandlers.cpp.o
2023-09-24T14:51:23.4445130Z Compiling .pio/build/esp32dev/lib24b/ESPAsyncWebServerAircoookie/WebRequest.cpp.o
2023-09-24T14:51:23.9266575Z Compiling .pio/build/esp32dev/lib24b/ESPAsyncWebServerAircoookie/WebResponses.cpp.o
2023-09-24T14:51:24.8111930Z Compiling .pio/build/esp32dev/lib24b/ESPAsyncWebServerAircoookie/WebServer.cpp.o
2023-09-24T14:51:25.1291948Z Compiling .pio/build/esp32dev/liba33/Wire/Wire.cpp.o
2023-09-24T14:51:25.5928143Z Archiving .pio/build/esp32dev/liba33/libWire.a
2023-09-24T14:51:25.6036116Z Indexing .pio/build/esp32dev/liba33/libWire.a
2023-09-24T14:51:25.6738126Z Compiling .pio/build/esp32dev/lib770/SD/SD.cpp.o
2023-09-24T14:51:25.7104129Z Archiving .pio/build/esp32dev/lib24b/libESPAsyncWebServerAircoookie.a
2023-09-24T14:51:25.7378730Z Indexing .pio/build/esp32dev/lib24b/libESPAsyncWebServerAircoookie.a
2023-09-24T14:51:25.8124519Z Compiling .pio/build/esp32dev/lib770/SD/sd_diskio.cpp.o
2023-09-24T14:51:26.1946914Z Compiling .pio/build/esp32dev/lib770/SD/sd_diskio_crc.c.o
2023-09-24T14:51:26.2946664Z Compiling .pio/build/esp32dev/libc3a/SD_MMC/SD_MMC.cpp.o
2023-09-24T14:51:26.4008825Z Archiving .pio/build/esp32dev/lib770/libSD.a
2023-09-24T14:51:26.4141494Z Indexing .pio/build/esp32dev/lib770/libSD.a
2023-09-24T14:51:26.4825029Z Compiling .pio/build/esp32dev/libc24/EEPROM/EEPROM.cpp.o
2023-09-24T14:51:26.8480977Z Archiving .pio/build/esp32dev/libc3a/libSD_MMC.a
2023-09-24T14:51:26.8572643Z Indexing .pio/build/esp32dev/libc3a/libSD_MMC.a
2023-09-24T14:51:26.9284500Z Compiling .pio/build/esp32dev/lib4b6/Update/HttpsOTAUpdate.cpp.o
2023-09-24T14:51:27.0231242Z Archiving .pio/build/esp32dev/libc24/libEEPROM.a
2023-09-24T14:51:27.0332001Z Indexing .pio/build/esp32dev/libc24/libEEPROM.a
2023-09-24T14:51:27.0565416Z Compiling .pio/build/esp32dev/lib4b6/Update/Updater.cpp.o
2023-09-24T14:51:27.4039000Z Compiling .pio/build/esp32dev/lib4b6/ESPmDNS/ESPmDNS.cpp.o
2023-09-24T14:51:27.6230404Z Archiving .pio/build/esp32dev/lib4b6/libUpdate.a
2023-09-24T14:51:27.6324733Z Indexing .pio/build/esp32dev/lib4b6/libUpdate.a
2023-09-24T14:51:27.7232927Z Compiling .pio/build/esp32dev/lib134/ArduinoOTA/ArduinoOTA.cpp.o
2023-09-24T14:51:27.9843239Z Archiving .pio/build/esp32dev/lib4b6/libESPmDNS.a
2023-09-24T14:51:27.9919250Z Indexing .pio/build/esp32dev/lib4b6/libESPmDNS.a
2023-09-24T14:51:28.0644914Z Compiling .pio/build/esp32dev/lib147/DNSServer/DNSServer.cpp.o
2023-09-24T14:51:28.4284684Z Archiving .pio/build/esp32dev/lib134/libArduinoOTA.a
2023-09-24T14:51:28.4384789Z Indexing .pio/build/esp32dev/lib134/libArduinoOTA.a
2023-09-24T14:51:28.5391000Z Compiling .pio/build/esp32dev/lib59e/AsyncUDP/AsyncUDP.cpp.o
2023-09-24T14:51:28.5560706Z Archiving .pio/build/esp32dev/lib147/libDNSServer.a
2023-09-24T14:51:28.5646370Z Indexing .pio/build/esp32dev/lib147/libDNSServer.a
2023-09-24T14:51:28.6524697Z Compiling .pio/build/esp32dev/lib1ce/WebServer/Parsing.cpp.o
2023-09-24T14:51:29.3324814Z Archiving .pio/build/esp32dev/lib59e/libAsyncUDP.a
2023-09-24T14:51:29.3443567Z Indexing .pio/build/esp32dev/lib59e/libAsyncUDP.a
2023-09-24T14:51:29.3724580Z Compiling .pio/build/esp32dev/lib1ce/WebServer/WebServer.cpp.o
2023-09-24T14:51:29.5045150Z Compiling .pio/build/esp32dev/lib1ce/WebServer/detail/mimetable.cpp.o
2023-09-24T14:51:29.5363691Z Archiving .pio/build/esp32dev/libFrameworkArduinoVariant.a
2023-09-24T14:51:29.5429121Z Indexing .pio/build/esp32dev/libFrameworkArduinoVariant.a
2023-09-24T14:51:29.6107603Z Compiling .pio/build/esp32dev/FrameworkArduino/Esp.cpp.o
2023-09-24T14:51:30.1804466Z Compiling .pio/build/esp32dev/FrameworkArduino/FunctionalInterrupt.cpp.o
2023-09-24T14:51:30.4371938Z Archiving .pio/build/esp32dev/lib1ce/libWebServer.a
2023-09-24T14:51:30.4501177Z Indexing .pio/build/esp32dev/lib1ce/libWebServer.a
2023-09-24T14:51:30.4764502Z Compiling .pio/build/esp32dev/FrameworkArduino/HardwareSerial.cpp.o
2023-09-24T14:51:30.6254705Z Compiling .pio/build/esp32dev/FrameworkArduino/IPAddress.cpp.o
2023-09-24T14:51:30.6964640Z Compiling .pio/build/esp32dev/FrameworkArduino/IPv6Address.cpp.o
2023-09-24T14:51:31.0905079Z Compiling .pio/build/esp32dev/FrameworkArduino/MD5Builder.cpp.o
2023-09-24T14:51:31.1205798Z Compiling .pio/build/esp32dev/FrameworkArduino/Print.cpp.o
2023-09-24T14:51:31.5108059Z Compiling .pio/build/esp32dev/FrameworkArduino/Stream.cpp.o
2023-09-24T14:51:31.6119848Z Compiling .pio/build/esp32dev/FrameworkArduino/StreamString.cpp.o
2023-09-24T14:51:31.9484438Z Compiling .pio/build/esp32dev/FrameworkArduino/WMath.cpp.o
2023-09-24T14:51:32.0347406Z Compiling .pio/build/esp32dev/FrameworkArduino/WString.cpp.o
2023-09-24T14:51:32.0902414Z Compiling .pio/build/esp32dev/FrameworkArduino/base64.cpp.o
2023-09-24T14:51:32.5085636Z Compiling .pio/build/esp32dev/FrameworkArduino/cbuf.cpp.o
2023-09-24T14:51:32.6004652Z Compiling .pio/build/esp32dev/FrameworkArduino/esp32-hal-adc.c.o
2023-09-24T14:51:32.6887750Z Compiling .pio/build/esp32dev/FrameworkArduino/esp32-hal-bt.c.o
2023-09-24T14:51:32.8204975Z Compiling .pio/build/esp32dev/FrameworkArduino/esp32-hal-cpu.c.o
2023-09-24T14:51:32.8485023Z Compiling .pio/build/esp32dev/FrameworkArduino/esp32-hal-dac.c.o
2023-09-24T14:51:33.0096569Z Compiling .pio/build/esp32dev/FrameworkArduino/esp32-hal-gpio.c.o
2023-09-24T14:51:33.0390488Z Compiling .pio/build/esp32dev/FrameworkArduino/esp32-hal-i2c.c.o
2023-09-24T14:51:33.2157921Z Compiling .pio/build/esp32dev/FrameworkArduino/esp32-hal-ledc.c.o
2023-09-24T14:51:33.4692175Z Compiling .pio/build/esp32dev/FrameworkArduino/esp32-hal-log.c.o
2023-09-24T14:51:33.4924783Z Compiling .pio/build/esp32dev/FrameworkArduino/esp32-hal-matrix.c.o
2023-09-24T14:51:33.5320566Z Compiling .pio/build/esp32dev/FrameworkArduino/esp32-hal-misc.c.o
2023-09-24T14:51:33.6396300Z Compiling .pio/build/esp32dev/FrameworkArduino/esp32-hal-psram.c.o
2023-09-24T14:51:33.7285494Z Compiling .pio/build/esp32dev/FrameworkArduino/esp32-hal-rmt.c.o
2023-09-24T14:51:33.7885498Z Compiling .pio/build/esp32dev/FrameworkArduino/esp32-hal-sigmadelta.c.o
2023-09-24T14:51:33.9525398Z Compiling .pio/build/esp32dev/FrameworkArduino/esp32-hal-spi.c.o
2023-09-24T14:51:34.0153647Z /home/runner/.platformio/packages/framework-arduinoespressif32/cores/esp32/esp32-hal-spi.c: In function 'spiTransferBytesNL':
2023-09-24T14:51:34.0160725Z /home/runner/.platformio/packages/framework-arduinoespressif32/cores/esp32/esp32-hal-spi.c:922:39: warning: initialization from incompatible pointer type [-Wincompatible-pointer-types]
2023-09-24T14:51:34.0168910Z                  uint8_t * last_out8 = &result[c_longs-1];
2023-09-24T14:51:34.0169651Z                                        ^
2023-09-24T14:51:34.0175311Z /home/runner/.platformio/packages/framework-arduinoespressif32/cores/esp32/esp32-hal-spi.c:923:40: warning: initialization from incompatible pointer type [-Wincompatible-pointer-types]
2023-09-24T14:51:34.0176120Z                  uint8_t * last_data8 = &last_data;
2023-09-24T14:51:34.0176916Z                                         ^
2023-09-24T14:51:34.0792036Z Compiling .pio/build/esp32dev/FrameworkArduino/esp32-hal-time.c.o
2023-09-24T14:51:34.2605672Z Compiling .pio/build/esp32dev/FrameworkArduino/esp32-hal-timer.c.o
2023-09-24T14:51:34.4039647Z Compiling .pio/build/esp32dev/FrameworkArduino/esp32-hal-touch.c.o
2023-09-24T14:51:34.5152130Z Compiling .pio/build/esp32dev/FrameworkArduino/esp32-hal-uart.c.o
2023-09-24T14:51:34.5964932Z Compiling .pio/build/esp32dev/FrameworkArduino/libb64/cdecode.c.o
2023-09-24T14:51:34.6525134Z Compiling .pio/build/esp32dev/FrameworkArduino/libb64/cencode.c.o
2023-09-24T14:51:34.7007563Z Compiling .pio/build/esp32dev/FrameworkArduino/main.cpp.o
2023-09-24T14:51:34.8103616Z Compiling .pio/build/esp32dev/FrameworkArduino/stdlib_noniso.c.o
2023-09-24T14:51:34.8884918Z Compiling .pio/build/esp32dev/FrameworkArduino/wiring_pulse.c.o
2023-09-24T14:51:35.0405135Z Compiling .pio/build/esp32dev/FrameworkArduino/wiring_shift.c.o
2023-09-24T14:51:35.1887050Z Archiving .pio/build/esp32dev/libFrameworkArduino.a
2023-09-24T14:51:35.2462920Z Indexing .pio/build/esp32dev/libFrameworkArduino.a
2023-09-24T14:51:35.4081548Z Linking .pio/build/esp32dev/firmware.elf
2023-09-24T14:51:42.9354995Z Retrieving maximum program size .pio/build/esp32dev/firmware.elf
2023-09-24T14:51:42.9358609Z Checking size .pio/build/esp32dev/firmware.elf
2023-09-24T14:51:42.9546305Z Advanced Memory Usage is available via "PlatformIO Home > Project Inspect"
2023-09-24T14:51:42.9547195Z RAM:   [==        ]  22.1% (used 72388 bytes from 327680 bytes)
2023-09-24T14:51:42.9548487Z Flash: [========  ]  80.9% (used 1272789 bytes from 1572864 bytes)
2023-09-24T14:51:42.9571892Z Building .pio/build/esp32dev/firmware.bin
2023-09-24T14:51:43.2357605Z esptool.py v3.1
2023-09-24T14:51:43.2358188Z Merged 1 ELF section
2023-09-24T14:51:43.2441325Z bin_rename_copy([".pio/build/esp32dev/firmware.bin"], [".pio/build/esp32dev/firmware.elf"])
2023-09-24T14:51:43.2464730Z bin_gzip([".pio/build/esp32dev/firmware.bin"], [".pio/build/esp32dev/firmware.elf"])
2023-09-24T14:51:43.6728555Z ======================== [SUCCESS] Took 108.87 seconds ========================
2023-09-24T14:51:43.6729304Z 
2023-09-24T14:51:43.6736682Z Environment    Status    Duration
2023-09-24T14:51:43.6737494Z -------------  --------  ------------
2023-09-24T14:51:43.6738050Z esp32dev       SUCCESS   00:01:48.865
2023-09-24T14:51:43.6738549Z ========================= 1 succeeded in 00:01:48.865 =========================
2023-09-24T14:51:44.8441915Z 
2023-09-24T14:51:44.8442900Z ********************************************************************************
2023-09-24T14:51:44.8443885Z There is a new version 6.1.11 of PlatformIO available.
2023-09-24T14:51:44.8445052Z Please upgrade it via `platformio upgrade` or `pip install -U platformio` command.
2023-09-24T14:51:44.8445998Z Changes: https://docs.platformio.org/en/latest/history.html
2023-09-24T14:51:44.8446598Z ********************************************************************************
2023-09-24T14:51:44.8446993Z 
2023-09-24T14:51:44.8537612Z 
2023-09-24T14:51:44.8538204Z ********************************************************************************
2023-09-24T14:51:44.8538910Z We found 1.24MB of unnecessary PlatformIO system data (temporary files, unnecessary packages, etc.).
2023-09-24T14:51:44.8539804Z Use `pio system prune --dry-run` to list them or `pio system prune` to save disk space.
2023-09-24T14:51:44.8909284Z ##[group]Run actions/upload-artifact@v2
2023-09-24T14:51:44.8909632Z with:
2023-09-24T14:51:44.8909876Z   name: firmware-esp32dev
2023-09-24T14:51:44.8910260Z   path: build_output/firmware/*.bin
build_output/firmware/*.gz

2023-09-24T14:51:44.8910587Z   if-no-files-found: warn
2023-09-24T14:51:44.8910844Z env:
2023-09-24T14:51:44.8911142Z   pythonLocation: /opt/hostedtoolcache/Python/3.9.18/x64
2023-09-24T14:51:44.8911552Z   PKG_CONFIG_PATH: /opt/hostedtoolcache/Python/3.9.18/x64/lib/pkgconfig
2023-09-24T14:51:44.8911923Z   Python_ROOT_DIR: /opt/hostedtoolcache/Python/3.9.18/x64
2023-09-24T14:51:44.8912293Z   Python2_ROOT_DIR: /opt/hostedtoolcache/Python/3.9.18/x64
2023-09-24T14:51:44.8912661Z   Python3_ROOT_DIR: /opt/hostedtoolcache/Python/3.9.18/x64
2023-09-24T14:51:44.8913027Z   LD_LIBRARY_PATH: /opt/hostedtoolcache/Python/3.9.18/x64/lib
2023-09-24T14:51:44.8913327Z ##[endgroup]
2023-09-24T14:51:44.9600084Z With the provided path, there will be 2 files uploaded
2023-09-24T14:51:44.9603352Z Starting artifact upload
2023-09-24T14:51:44.9604316Z For more detailed logs during the artifact upload process, enable step-debugging: https://docs.github.com/actions/monitoring-and-troubleshooting-workflows/enabling-debug-logging#enabling-step-debug-logging
2023-09-24T14:51:44.9605128Z Artifact name is valid!
2023-09-24T14:51:45.1041614Z Container for artifact "firmware-esp32dev" successfully created. Starting upload of file(s)
2023-09-24T14:51:45.8613650Z Total size of all the files uploaded is 1690241 bytes
2023-09-24T14:51:45.8614162Z File upload process has finished. Finalizing the artifact upload
2023-09-24T14:51:46.0191702Z Artifact has been finalized. All files have been successfully uploaded!
2023-09-24T14:51:46.0192033Z 
2023-09-24T14:51:46.0192275Z The raw size of all the files that were specified for upload is 2117418 bytes
2023-09-24T14:51:46.0192974Z The size of all the files that were uploaded is 1690241 bytes. This takes into account any gzip compression used to reduce the upload size, time and storage
2023-09-24T14:51:46.0193391Z 
2023-09-24T14:51:46.0194081Z Note: The size of downloaded zips can differ significantly from the reported size. For more information see: https://github.com/actions/upload-artifact#zipped-artifact-downloads 
2023-09-24T14:51:46.0195017Z 
2023-09-24T14:51:46.0195323Z Artifact firmware-esp32dev has been successfully uploaded!
2023-09-24T14:51:46.0289649Z Post job cleanup.
2023-09-24T14:51:46.4252209Z Post job cleanup.
2023-09-24T14:51:46.5837446Z Cache hit occurred on the primary key Linux-, not saving cache.
2023-09-24T14:51:46.8573228Z Post job cleanup.
2023-09-24T14:51:47.0099638Z Cache hit occurred on the primary key Linux-pip-81ff51cfad9e9eb735c6b16e2b137bb04b536de75d900d6b02aa29724c130501, not saving cache.
2023-09-24T14:51:47.0233689Z Post job cleanup.
2023-09-24T14:51:47.1351103Z [command]/usr/bin/git version
2023-09-24T14:51:47.1407652Z git version 2.42.0
2023-09-24T14:51:47.1462503Z Temporarily overriding HOME='/home/runner/work/_temp/c6e47cde-6037-4251-a8ee-b085aa41a9b9' before making global git config changes
2023-09-24T14:51:47.1466186Z Adding repository directory to the temporary git global config as a safe directory
2023-09-24T14:51:47.1473966Z [command]/usr/bin/git config --global --add safe.directory /home/runner/work/WLED/WLED
2023-09-24T14:51:47.1526595Z [command]/usr/bin/git config --local --name-only --get-regexp core\.sshCommand
2023-09-24T14:51:47.1574938Z [command]/usr/bin/git submodule foreach --recursive sh -c "git config --local --name-only --get-regexp 'core\.sshCommand' && git config --local --unset-all 'core.sshCommand' || :"
2023-09-24T14:51:47.1854651Z [command]/usr/bin/git config --local --name-only --get-regexp http\.https\:\/\/github\.com\/\.extraheader
2023-09-24T14:51:47.1893909Z http.https://github.com/.extraheader
2023-09-24T14:51:47.1908277Z [command]/usr/bin/git config --local --unset-all http.https://github.com/.extraheader
2023-09-24T14:51:47.1951569Z [command]/usr/bin/git submodule foreach --recursive sh -c "git config --local --name-only --get-regexp 'http\.https\:\/\/github\.com\/\.extraheader' && git config --local --unset-all 'http.https://github.com/.extraheader' || :"
2023-09-24T14:51:47.2485438Z Cleaning up orphan processes
