2023-09-24T14:49:33.6833200Z Requested labels: ubuntu-latest
2023-09-24T14:49:33.6833493Z Job defined at: Aircoookie/WLED/.github/workflows/wled-ci.yml@refs/heads/main
2023-09-24T14:49:33.6833600Z Waiting for a runner to pick up this job...
2023-09-24T14:49:33.9646345Z Job is waiting for a hosted runner to come online.
2023-09-24T14:49:36.4175864Z Job is about to start running on the hosted runner: GitHub Actions 5 (hosted)
2023-09-24T14:49:38.7763853Z Current runner version: '2.309.0'
2023-09-24T14:49:38.7794157Z ##[group]Operating System
2023-09-24T14:49:38.7794814Z Ubuntu
2023-09-24T14:49:38.7795093Z 22.04.3
2023-09-24T14:49:38.7795443Z LTS
2023-09-24T14:49:38.7795779Z ##[endgroup]
2023-09-24T14:49:38.7796189Z ##[group]Runner Image
2023-09-24T14:49:38.7796593Z Image: ubuntu-22.04
2023-09-24T14:49:38.7796968Z Version: 20230917.1.0
2023-09-24T14:49:38.7797527Z Included Software: https://github.com/actions/runner-images/blob/ubuntu22/20230917.1/images/linux/Ubuntu2204-Readme.md
2023-09-24T14:49:38.7798284Z Image Release: https://github.com/actions/runner-images/releases/tag/ubuntu22%2F20230917.1
2023-09-24T14:49:38.7798894Z ##[endgroup]
2023-09-24T14:49:38.7799297Z ##[group]Runner Image Provisioner
2023-09-24T14:49:38.7799660Z 2.0.299.1
2023-09-24T14:49:38.7800009Z ##[endgroup]
2023-09-24T14:49:38.7801197Z ##[group]GITHUB_TOKEN Permissions
2023-09-24T14:49:38.7803112Z Actions: write
2023-09-24T14:49:38.7803476Z Checks: write
2023-09-24T14:49:38.7804215Z Contents: write
2023-09-24T14:49:38.7804934Z Deployments: write
2023-09-24T14:49:38.7805334Z Discussions: write
2023-09-24T14:49:38.7805708Z Issues: write
2023-09-24T14:49:38.7806093Z Metadata: read
2023-09-24T14:49:38.7806459Z Packages: write
2023-09-24T14:49:38.7806841Z Pages: write
2023-09-24T14:49:38.7807164Z PullRequests: write
2023-09-24T14:49:38.7807587Z RepositoryProjects: write
2023-09-24T14:49:38.7808090Z SecurityEvents: write
2023-09-24T14:49:38.7808435Z Statuses: write
2023-09-24T14:49:38.7808802Z ##[endgroup]
2023-09-24T14:49:38.7812620Z Secret source: Actions
2023-09-24T14:49:38.7813171Z Prepare workflow directory
2023-09-24T14:49:38.8573033Z Prepare all required actions
2023-09-24T14:49:38.8767546Z Getting action download info
2023-09-24T14:49:39.0611301Z Download action repository 'actions/checkout@v3' (SHA:f43a0e5ff2bd294095638e18286ca9a3d1956744)
2023-09-24T14:49:39.4296100Z Download action repository 'actions/cache@v3' (SHA:704facf57e6136b1bc63b828d79edcd491f0ee84)
2023-09-24T14:49:39.7563715Z Download action repository 'actions/setup-python@v4' (SHA:61a6322f88396a6271a6ee3565807d608ecaddd1)
2023-09-24T14:49:40.0092756Z Download action repository 'actions/upload-artifact@v2' (SHA:82c141cc518b40d92cc801eee768e7aafc9c2fa2)
2023-09-24T14:49:40.3456963Z Complete job name: Build Enviornments (esp32dev_audioreactive)
2023-09-24T14:49:40.4579417Z ##[group]Run actions/checkout@v3
2023-09-24T14:49:40.4579772Z with:
2023-09-24T14:49:40.4580054Z   repository: Aircoookie/WLED
2023-09-24T14:49:40.4580623Z   token: ***
2023-09-24T14:49:40.4580890Z   ssh-strict: true
2023-09-24T14:49:40.4581176Z   persist-credentials: true
2023-09-24T14:49:40.4581456Z   clean: true
2023-09-24T14:49:40.4581754Z   sparse-checkout-cone-mode: true
2023-09-24T14:49:40.4582059Z   fetch-depth: 1
2023-09-24T14:49:40.4582317Z   fetch-tags: false
2023-09-24T14:49:40.4582569Z   lfs: false
2023-09-24T14:49:40.4582815Z   submodules: false
2023-09-24T14:49:40.4583096Z   set-safe-directory: true
2023-09-24T14:49:40.4583374Z ##[endgroup]
2023-09-24T14:49:40.7143867Z Syncing repository: Aircoookie/WLED
2023-09-24T14:49:40.7146031Z ##[group]Getting Git version info
2023-09-24T14:49:40.7146774Z Working directory is '/home/runner/work/WLED/WLED'
2023-09-24T14:49:40.7147934Z [command]/usr/bin/git version
2023-09-24T14:49:40.7363877Z git version 2.42.0
2023-09-24T14:49:40.7365795Z ##[endgroup]
2023-09-24T14:49:40.7379446Z Temporarily overriding HOME='/home/runner/work/_temp/71a8c8f7-941e-4fb2-abc3-bf71830edf03' before making global git config changes
2023-09-24T14:49:40.7380004Z Adding repository directory to the temporary git global config as a safe directory
2023-09-24T14:49:40.7380565Z [command]/usr/bin/git config --global --add safe.directory /home/runner/work/WLED/WLED
2023-09-24T14:49:40.7382241Z Deleting the contents of '/home/runner/work/WLED/WLED'
2023-09-24T14:49:40.7382856Z ##[group]Initializing the repository
2023-09-24T14:49:40.7383176Z [command]/usr/bin/git init /home/runner/work/WLED/WLED
2023-09-24T14:49:40.7448259Z hint: Using 'master' as the name for the initial branch. This default branch name
2023-09-24T14:49:40.7500563Z hint: is subject to change. To configure the initial branch name to use in all
2023-09-24T14:49:40.7501074Z hint: of your new repositories, which will suppress this warning, call:
2023-09-24T14:49:40.7501392Z hint: 
2023-09-24T14:49:40.7501853Z hint: 	git config --global init.defaultBranch <name>
2023-09-24T14:49:40.7502133Z hint: 
2023-09-24T14:49:40.7502525Z hint: Names commonly chosen instead of 'master' are 'main', 'trunk' and
2023-09-24T14:49:40.7503031Z hint: 'development'. The just-created branch can be renamed via this command:
2023-09-24T14:49:40.7503331Z hint: 
2023-09-24T14:49:40.7503602Z hint: 	git branch -m <name>
2023-09-24T14:49:40.7503942Z Initialized empty Git repository in /home/runner/work/WLED/WLED/.git/
2023-09-24T14:49:40.7504848Z [command]/usr/bin/git remote add origin https://github.com/Aircoookie/WLED
2023-09-24T14:49:40.7662874Z ##[endgroup]
2023-09-24T14:49:40.7666280Z ##[group]Disabling automatic garbage collection
2023-09-24T14:49:40.7666890Z [command]/usr/bin/git config --local gc.auto 0
2023-09-24T14:49:40.7667734Z ##[endgroup]
2023-09-24T14:49:40.7668280Z ##[group]Setting up auth
2023-09-24T14:49:40.7668736Z [command]/usr/bin/git config --local --name-only --get-regexp core\.sshCommand
2023-09-24T14:49:40.7669868Z [command]/usr/bin/git submodule foreach --recursive sh -c "git config --local --name-only --get-regexp 'core\.sshCommand' && git config --local --unset-all 'core.sshCommand' || :"
2023-09-24T14:49:40.8164667Z [command]/usr/bin/git config --local --name-only --get-regexp http\.https\:\/\/github\.com\/\.extraheader
2023-09-24T14:49:40.8202446Z [command]/usr/bin/git submodule foreach --recursive sh -c "git config --local --name-only --get-regexp 'http\.https\:\/\/github\.com\/\.extraheader' && git config --local --unset-all 'http.https://github.com/.extraheader' || :"
2023-09-24T14:49:40.8474465Z [command]/usr/bin/git config --local http.https://github.com/.extraheader AUTHORIZATION: basic ***
2023-09-24T14:49:40.8510128Z ##[endgroup]
2023-09-24T14:49:40.8511101Z ##[group]Fetching the repository
2023-09-24T14:49:40.8526627Z [command]/usr/bin/git -c protocol.version=2 fetch --no-tags --prune --progress --no-recurse-submodules --depth=1 origin +5eadbe7ecd21fedc60d1fec7066c382014e9b968:refs/remotes/origin/main
2023-09-24T14:49:41.0720962Z remote: Enumerating objects: 496, done.        
2023-09-24T14:49:41.0721814Z remote: Counting objects:   0% (1/496)        
2023-09-24T14:49:41.0723180Z remote: Counting objects:   1% (5/496)        
2023-09-24T14:49:41.0723661Z remote: Counting objects:   2% (10/496)        
2023-09-24T14:49:41.0724143Z remote: Counting objects:   3% (15/496)        
2023-09-24T14:49:41.0724937Z remote: Counting objects:   4% (20/496)        
2023-09-24T14:49:41.0726548Z remote: Counting objects:   5% (25/496)        
2023-09-24T14:49:41.0727034Z remote: Counting objects:   6% (30/496)        
2023-09-24T14:49:41.0727512Z remote: Counting objects:   7% (35/496)        
2023-09-24T14:49:41.0728014Z remote: Counting objects:   8% (40/496)        
2023-09-24T14:49:41.0729271Z remote: Counting objects:   9% (45/496)        
2023-09-24T14:49:41.0729703Z remote: Counting objects:  10% (50/496)        
2023-09-24T14:49:41.0730059Z remote: Counting objects:  11% (55/496)        
2023-09-24T14:49:41.0730451Z remote: Counting objects:  12% (60/496)        
2023-09-24T14:49:41.0730780Z remote: Counting objects:  13% (65/496)        
2023-09-24T14:49:41.0731129Z remote: Counting objects:  14% (70/496)        
2023-09-24T14:49:41.0731474Z remote: Counting objects:  15% (75/496)        
2023-09-24T14:49:41.0731816Z remote: Counting objects:  16% (80/496)        
2023-09-24T14:49:41.0732243Z remote: Counting objects:  17% (85/496)        
2023-09-24T14:49:41.0732581Z remote: Counting objects:  18% (90/496)        
2023-09-24T14:49:41.0732918Z remote: Counting objects:  19% (95/496)        
2023-09-24T14:49:41.0733253Z remote: Counting objects:  20% (100/496)        
2023-09-24T14:49:41.0733996Z remote: Counting objects:  21% (105/496)        
2023-09-24T14:49:41.0734345Z remote: Counting objects:  22% (110/496)        
2023-09-24T14:49:41.0734679Z remote: Counting objects:  23% (115/496)        
2023-09-24T14:49:41.0735017Z remote: Counting objects:  24% (120/496)        
2023-09-24T14:49:41.0735364Z remote: Counting objects:  25% (124/496)        
2023-09-24T14:49:41.0735693Z remote: Counting objects:  26% (129/496)        
2023-09-24T14:49:41.0736107Z remote: Counting objects:  27% (134/496)        
2023-09-24T14:49:41.0736400Z remote: Counting objects:  28% (139/496)        
2023-09-24T14:49:41.0736696Z remote: Counting objects:  29% (144/496)        
2023-09-24T14:49:41.0736980Z remote: Counting objects:  30% (149/496)        
2023-09-24T14:49:41.0737278Z remote: Counting objects:  31% (154/496)        
2023-09-24T14:49:41.0737576Z remote: Counting objects:  32% (159/496)        
2023-09-24T14:49:41.0737858Z remote: Counting objects:  33% (164/496)        
2023-09-24T14:49:41.0738148Z remote: Counting objects:  34% (169/496)        
2023-09-24T14:49:41.0738452Z remote: Counting objects:  35% (174/496)        
2023-09-24T14:49:41.0738732Z remote: Counting objects:  36% (179/496)        
2023-09-24T14:49:41.0739027Z remote: Counting objects:  37% (184/496)        
2023-09-24T14:49:41.0739327Z remote: Counting objects:  38% (189/496)        
2023-09-24T14:49:41.0739617Z remote: Counting objects:  39% (194/496)        
2023-09-24T14:49:41.0739899Z remote: Counting objects:  40% (199/496)        
2023-09-24T14:49:41.0740188Z remote: Counting objects:  41% (204/496)        
2023-09-24T14:49:41.0740477Z remote: Counting objects:  42% (209/496)        
2023-09-24T14:49:41.0740822Z remote: Counting objects:  43% (214/496)        
2023-09-24T14:49:41.0741104Z remote: Counting objects:  44% (219/496)        
2023-09-24T14:49:41.0741394Z remote: Counting objects:  45% (224/496)        
2023-09-24T14:49:41.0741686Z remote: Counting objects:  46% (229/496)        
2023-09-24T14:49:41.0741967Z remote: Counting objects:  47% (234/496)        
2023-09-24T14:49:41.0742273Z remote: Counting objects:  48% (239/496)        
2023-09-24T14:49:41.0742567Z remote: Counting objects:  49% (244/496)        
2023-09-24T14:49:41.0742850Z remote: Counting objects:  50% (248/496)        
2023-09-24T14:49:41.0743322Z remote: Counting objects:  51% (253/496)        
2023-09-24T14:49:41.0743629Z remote: Counting objects:  52% (258/496)        
2023-09-24T14:49:41.0743922Z remote: Counting objects:  53% (263/496)        
2023-09-24T14:49:41.0744201Z remote: Counting objects:  54% (268/496)        
2023-09-24T14:49:41.0744499Z remote: Counting objects:  55% (273/496)        
2023-09-24T14:49:41.0744796Z remote: Counting objects:  56% (278/496)        
2023-09-24T14:49:41.0745079Z remote: Counting objects:  57% (283/496)        
2023-09-24T14:49:41.0745376Z remote: Counting objects:  58% (288/496)        
2023-09-24T14:49:41.0745674Z remote: Counting objects:  59% (293/496)        
2023-09-24T14:49:41.0745951Z remote: Counting objects:  60% (298/496)        
2023-09-24T14:49:41.0746245Z remote: Counting objects:  61% (303/496)        
2023-09-24T14:49:41.0746537Z remote: Counting objects:  62% (308/496)        
2023-09-24T14:49:41.0746814Z remote: Counting objects:  63% (313/496)        
2023-09-24T14:49:41.0747125Z remote: Counting objects:  64% (318/496)        
2023-09-24T14:49:41.0747420Z remote: Counting objects:  65% (323/496)        
2023-09-24T14:49:41.0747714Z remote: Counting objects:  66% (328/496)        
2023-09-24T14:49:41.0747995Z remote: Counting objects:  67% (333/496)        
2023-09-24T14:49:41.0748284Z remote: Counting objects:  68% (338/496)        
2023-09-24T14:49:41.0748623Z remote: Counting objects:  69% (343/496)        
2023-09-24T14:49:41.0748919Z remote: Counting objects:  70% (348/496)        
2023-09-24T14:49:41.0749197Z remote: Counting objects:  71% (353/496)        
2023-09-24T14:49:41.0749493Z remote: Counting objects:  72% (358/496)        
2023-09-24T14:49:41.0749791Z remote: Counting objects:  73% (363/496)        
2023-09-24T14:49:41.0750203Z remote: Counting objects:  74% (368/496)        
2023-09-24T14:49:41.0750492Z remote: Counting objects:  75% (372/496)        
2023-09-24T14:49:41.0750788Z remote: Counting objects:  76% (377/496)        
2023-09-24T14:49:41.0751066Z remote: Counting objects:  77% (382/496)        
2023-09-24T14:49:41.0751367Z remote: Counting objects:  78% (387/496)        
2023-09-24T14:49:41.0751663Z remote: Counting objects:  79% (392/496)        
2023-09-24T14:49:41.0751954Z remote: Counting objects:  80% (397/496)        
2023-09-24T14:49:41.0752241Z remote: Counting objects:  81% (402/496)        
2023-09-24T14:49:41.0752540Z remote: Counting objects:  82% (407/496)        
2023-09-24T14:49:41.0752829Z remote: Counting objects:  83% (412/496)        
2023-09-24T14:49:41.0753109Z remote: Counting objects:  84% (417/496)        
2023-09-24T14:49:41.0753406Z remote: Counting objects:  85% (422/496)        
2023-09-24T14:49:41.0753701Z remote: Counting objects:  86% (427/496)        
2023-09-24T14:49:41.0753985Z remote: Counting objects:  87% (432/496)        
2023-09-24T14:49:41.0754277Z remote: Counting objects:  88% (437/496)        
2023-09-24T14:49:41.0754565Z remote: Counting objects:  89% (442/496)        
2023-09-24T14:49:41.0754843Z remote: Counting objects:  90% (447/496)        
2023-09-24T14:49:41.0755144Z remote: Counting objects:  91% (452/496)        
2023-09-24T14:49:41.0755438Z remote: Counting objects:  92% (457/496)        
2023-09-24T14:49:41.0755733Z remote: Counting objects:  93% (462/496)        
2023-09-24T14:49:41.0756012Z remote: Counting objects:  94% (467/496)        
2023-09-24T14:49:41.0756300Z remote: Counting objects:  95% (472/496)        
2023-09-24T14:49:41.0756594Z remote: Counting objects:  96% (477/496)        
2023-09-24T14:49:41.0756872Z remote: Counting objects:  97% (482/496)        
2023-09-24T14:49:41.0757160Z remote: Counting objects:  98% (487/496)        
2023-09-24T14:49:41.0757455Z remote: Counting objects:  99% (492/496)        
2023-09-24T14:49:41.0757738Z remote: Counting objects: 100% (496/496)        
2023-09-24T14:49:41.0758046Z remote: Counting objects: 100% (496/496), done.        
2023-09-24T14:49:41.0758381Z remote: Compressing objects:   0% (1/448)        
2023-09-24T14:49:41.0758688Z remote: Compressing objects:   1% (5/448)        
2023-09-24T14:49:41.0759122Z remote: Compressing objects:   2% (9/448)        
2023-09-24T14:49:41.0759451Z remote: Compressing objects:   3% (14/448)        
2023-09-24T14:49:41.0759766Z remote: Compressing objects:   4% (18/448)        
2023-09-24T14:49:41.0760066Z remote: Compressing objects:   5% (23/448)        
2023-09-24T14:49:41.0760382Z remote: Compressing objects:   6% (27/448)        
2023-09-24T14:49:41.0760704Z remote: Compressing objects:   7% (32/448)        
2023-09-24T14:49:41.0761002Z remote: Compressing objects:   8% (36/448)        
2023-09-24T14:49:41.0770874Z remote: Compressing objects:   9% (41/448)        
2023-09-24T14:49:41.0774186Z remote: Compressing objects:  10% (45/448)        
2023-09-24T14:49:41.0774542Z remote: Compressing objects:  11% (50/448)        
2023-09-24T14:49:41.0774840Z remote: Compressing objects:  12% (54/448)        
2023-09-24T14:49:41.0785516Z remote: Compressing objects:  13% (59/448)        
2023-09-24T14:49:41.0828239Z remote: Compressing objects:  14% (63/448)        
2023-09-24T14:49:41.0871758Z remote: Compressing objects:  15% (68/448)        
2023-09-24T14:49:41.0879433Z remote: Compressing objects:  16% (72/448)        
2023-09-24T14:49:41.0881963Z remote: Compressing objects:  17% (77/448)        
2023-09-24T14:49:41.0882417Z remote: Compressing objects:  18% (81/448)        
2023-09-24T14:49:41.0896280Z remote: Compressing objects:  19% (86/448)        
2023-09-24T14:49:41.0923532Z remote: Compressing objects:  20% (90/448)        
2023-09-24T14:49:41.0924114Z remote: Compressing objects:  21% (95/448)        
2023-09-24T14:49:41.0924717Z remote: Compressing objects:  22% (99/448)        
2023-09-24T14:49:41.0949105Z remote: Compressing objects:  23% (104/448)        
2023-09-24T14:49:41.0955372Z remote: Compressing objects:  24% (108/448)        
2023-09-24T14:49:41.0980070Z remote: Compressing objects:  25% (112/448)        
2023-09-24T14:49:41.0980637Z remote: Compressing objects:  26% (117/448)        
2023-09-24T14:49:41.0989448Z remote: Compressing objects:  27% (121/448)        
2023-09-24T14:49:41.0992547Z remote: Compressing objects:  28% (126/448)        
2023-09-24T14:49:41.1045426Z remote: Compressing objects:  29% (130/448)        
2023-09-24T14:49:41.1046153Z remote: Compressing objects:  30% (135/448)        
2023-09-24T14:49:41.1046964Z remote: Compressing objects:  31% (139/448)        
2023-09-24T14:49:41.1047485Z remote: Compressing objects:  32% (144/448)        
2023-09-24T14:49:41.1048187Z remote: Compressing objects:  33% (148/448)        
2023-09-24T14:49:41.1048724Z remote: Compressing objects:  34% (153/448)        
2023-09-24T14:49:41.1063728Z remote: Compressing objects:  35% (157/448)        
2023-09-24T14:49:41.1064376Z remote: Compressing objects:  36% (162/448)        
2023-09-24T14:49:41.1065141Z remote: Compressing objects:  37% (166/448)        
2023-09-24T14:49:41.1065667Z remote: Compressing objects:  38% (171/448)        
2023-09-24T14:49:41.1066369Z remote: Compressing objects:  39% (175/448)        
2023-09-24T14:49:41.1066880Z remote: Compressing objects:  40% (180/448)        
2023-09-24T14:49:41.1067560Z remote: Compressing objects:  41% (184/448)        
2023-09-24T14:49:41.1068054Z remote: Compressing objects:  42% (189/448)        
2023-09-24T14:49:41.1068744Z remote: Compressing objects:  43% (193/448)        
2023-09-24T14:49:41.1069216Z remote: Compressing objects:  44% (198/448)        
2023-09-24T14:49:41.1069906Z remote: Compressing objects:  45% (202/448)        
2023-09-24T14:49:41.1070395Z remote: Compressing objects:  46% (207/448)        
2023-09-24T14:49:41.1071087Z remote: Compressing objects:  47% (211/448)        
2023-09-24T14:49:41.1071566Z remote: Compressing objects:  48% (216/448)        
2023-09-24T14:49:41.1072294Z remote: Compressing objects:  49% (220/448)        
2023-09-24T14:49:41.1072805Z remote: Compressing objects:  50% (224/448)        
2023-09-24T14:49:41.1073884Z remote: Compressing objects:  51% (229/448)        
2023-09-24T14:49:41.1074189Z remote: Compressing objects:  52% (233/448)        
2023-09-24T14:49:41.1074798Z remote: Compressing objects:  53% (238/448)        
2023-09-24T14:49:41.1075125Z remote: Compressing objects:  54% (242/448)        
2023-09-24T14:49:41.1075423Z remote: Compressing objects:  55% (247/448)        
2023-09-24T14:49:41.1075736Z remote: Compressing objects:  56% (251/448)        
2023-09-24T14:49:41.1076048Z remote: Compressing objects:  57% (256/448)        
2023-09-24T14:49:41.1076356Z remote: Compressing objects:  58% (260/448)        
2023-09-24T14:49:41.1085845Z remote: Compressing objects:  59% (265/448)        
2023-09-24T14:49:41.1091894Z remote: Compressing objects:  60% (269/448)        
2023-09-24T14:49:41.1104856Z remote: Compressing objects:  61% (274/448)        
2023-09-24T14:49:41.1110340Z remote: Compressing objects:  62% (278/448)        
2023-09-24T14:49:41.1112076Z remote: Compressing objects:  63% (283/448)        
2023-09-24T14:49:41.1136884Z remote: Compressing objects:  64% (287/448)        
2023-09-24T14:49:41.1172853Z remote: Compressing objects:  65% (292/448)        
2023-09-24T14:49:41.1179882Z remote: Compressing objects:  66% (296/448)        
2023-09-24T14:49:41.1226801Z remote: Compressing objects:  67% (301/448)        
2023-09-24T14:49:41.1228763Z remote: Compressing objects:  68% (305/448)        
2023-09-24T14:49:41.1251273Z remote: Compressing objects:  69% (310/448)        
2023-09-24T14:49:41.1259601Z remote: Compressing objects:  70% (314/448)        
2023-09-24T14:49:41.1278602Z remote: Compressing objects:  71% (319/448)        
2023-09-24T14:49:41.1294436Z remote: Compressing objects:  72% (323/448)        
2023-09-24T14:49:41.1318687Z remote: Compressing objects:  73% (328/448)        
2023-09-24T14:49:41.1337464Z remote: Compressing objects:  74% (332/448)        
2023-09-24T14:49:41.1388275Z remote: Compressing objects:  75% (336/448)        
2023-09-24T14:49:41.1390717Z remote: Compressing objects:  76% (341/448)        
2023-09-24T14:49:41.1420670Z remote: Compressing objects:  77% (345/448)        
2023-09-24T14:49:41.1426550Z remote: Compressing objects:  78% (350/448)        
2023-09-24T14:49:41.1429364Z remote: Compressing objects:  79% (354/448)        
2023-09-24T14:49:41.1431547Z remote: Compressing objects:  80% (359/448)        
2023-09-24T14:49:41.1433534Z remote: Compressing objects:  81% (363/448)        
2023-09-24T14:49:41.1435541Z remote: Compressing objects:  82% (368/448)        
2023-09-24T14:49:41.1437493Z remote: Compressing objects:  83% (372/448)        
2023-09-24T14:49:41.1439479Z remote: Compressing objects:  84% (377/448)        
2023-09-24T14:49:41.1441407Z remote: Compressing objects:  85% (381/448)        
2023-09-24T14:49:41.1443391Z remote: Compressing objects:  86% (386/448)        
2023-09-24T14:49:41.1445665Z remote: Compressing objects:  87% (390/448)        
2023-09-24T14:49:41.1449491Z remote: Compressing objects:  88% (395/448)        
2023-09-24T14:49:41.1452733Z remote: Compressing objects:  89% (399/448)        
2023-09-24T14:49:41.1455000Z remote: Compressing objects:  90% (404/448)        
2023-09-24T14:49:41.1456992Z remote: Compressing objects:  91% (408/448)        
2023-09-24T14:49:41.1458958Z remote: Compressing objects:  92% (413/448)        
2023-09-24T14:49:41.1460927Z remote: Compressing objects:  93% (417/448)        
2023-09-24T14:49:41.1462843Z remote: Compressing objects:  94% (422/448)        
2023-09-24T14:49:41.1464840Z remote: Compressing objects:  95% (426/448)        
2023-09-24T14:49:41.1466802Z remote: Compressing objects:  96% (431/448)        
2023-09-24T14:49:41.1468752Z remote: Compressing objects:  97% (435/448)        
2023-09-24T14:49:41.1470734Z remote: Compressing objects:  98% (440/448)        
2023-09-24T14:49:41.1473586Z remote: Compressing objects:  99% (444/448)        
2023-09-24T14:49:41.1475822Z remote: Compressing objects: 100% (448/448)        
2023-09-24T14:49:41.1476189Z remote: Compressing objects: 100% (448/448), done.        
2023-09-24T14:49:41.1512542Z Receiving objects:   0% (1/496)
2023-09-24T14:49:41.1516198Z Receiving objects:   1% (5/496)
2023-09-24T14:49:41.1520276Z Receiving objects:   2% (10/496)
2023-09-24T14:49:41.1523504Z Receiving objects:   3% (15/496)
2023-09-24T14:49:41.1534769Z Receiving objects:   4% (20/496)
2023-09-24T14:49:41.2489727Z Receiving objects:   5% (25/496)
2023-09-24T14:49:41.2508550Z Receiving objects:   6% (30/496)
2023-09-24T14:49:41.2518939Z Receiving objects:   7% (35/496)
2023-09-24T14:49:41.2537660Z Receiving objects:   8% (40/496)
2023-09-24T14:49:41.2541930Z Receiving objects:   9% (45/496)
2023-09-24T14:49:41.2545111Z Receiving objects:  10% (50/496)
2023-09-24T14:49:41.2550320Z Receiving objects:  11% (55/496)
2023-09-24T14:49:41.2554280Z Receiving objects:  12% (60/496)
2023-09-24T14:49:41.2559038Z Receiving objects:  13% (65/496)
2023-09-24T14:49:41.2565758Z Receiving objects:  14% (70/496)
2023-09-24T14:49:41.2570883Z Receiving objects:  15% (75/496)
2023-09-24T14:49:41.2606754Z Receiving objects:  16% (80/496)
2023-09-24T14:49:41.2666938Z Receiving objects:  17% (85/496)
2023-09-24T14:49:41.2671693Z Receiving objects:  18% (90/496)
2023-09-24T14:49:41.2678039Z Receiving objects:  19% (95/496)
2023-09-24T14:49:41.2683401Z Receiving objects:  20% (100/496)
2023-09-24T14:49:41.2763306Z Receiving objects:  21% (105/496)
2023-09-24T14:49:41.2838656Z Receiving objects:  22% (110/496)
2023-09-24T14:49:41.2842649Z Receiving objects:  23% (115/496)
2023-09-24T14:49:41.2847310Z Receiving objects:  24% (120/496)
2023-09-24T14:49:41.2851151Z Receiving objects:  25% (124/496)
2023-09-24T14:49:41.2879403Z Receiving objects:  26% (129/496)
2023-09-24T14:49:41.2885529Z Receiving objects:  27% (134/496)
2023-09-24T14:49:41.2893132Z Receiving objects:  28% (139/496)
2023-09-24T14:49:41.2898737Z Receiving objects:  29% (144/496)
2023-09-24T14:49:41.2902828Z Receiving objects:  30% (149/496)
2023-09-24T14:49:41.2907370Z Receiving objects:  31% (154/496)
2023-09-24T14:49:41.2912876Z Receiving objects:  32% (159/496)
2023-09-24T14:49:41.2946742Z Receiving objects:  33% (164/496)
2023-09-24T14:49:41.3751654Z Receiving objects:  34% (169/496)
2023-09-24T14:49:41.4050045Z Receiving objects:  35% (174/496)
2023-09-24T14:49:41.4062815Z Receiving objects:  36% (179/496)
2023-09-24T14:49:41.4084242Z Receiving objects:  37% (184/496)
2023-09-24T14:49:41.4200021Z Receiving objects:  38% (189/496)
2023-09-24T14:49:41.4270865Z Receiving objects:  39% (194/496)
2023-09-24T14:49:41.4278230Z Receiving objects:  40% (199/496)
2023-09-24T14:49:41.4285885Z Receiving objects:  41% (204/496)
2023-09-24T14:49:41.4296518Z Receiving objects:  42% (209/496)
2023-09-24T14:49:41.4302727Z Receiving objects:  43% (214/496)
2023-09-24T14:49:41.4311749Z Receiving objects:  44% (219/496)
2023-09-24T14:49:41.4318022Z Receiving objects:  45% (224/496)
2023-09-24T14:49:41.4325580Z Receiving objects:  46% (229/496)
2023-09-24T14:49:41.4333043Z Receiving objects:  47% (234/496)
2023-09-24T14:49:41.4341683Z Receiving objects:  48% (239/496)
2023-09-24T14:49:41.4347607Z Receiving objects:  49% (244/496)
2023-09-24T14:49:41.4353651Z Receiving objects:  50% (248/496)
2023-09-24T14:49:41.4360634Z Receiving objects:  51% (253/496)
2023-09-24T14:49:41.4379441Z Receiving objects:  52% (258/496)
2023-09-24T14:49:41.4385853Z Receiving objects:  53% (263/496)
2023-09-24T14:49:41.4391485Z Receiving objects:  54% (268/496)
2023-09-24T14:49:41.4397906Z Receiving objects:  55% (273/496)
2023-09-24T14:49:41.4409570Z Receiving objects:  56% (278/496)
2023-09-24T14:49:41.4414697Z Receiving objects:  57% (283/496)
2023-09-24T14:49:41.4422942Z Receiving objects:  58% (288/496)
2023-09-24T14:49:41.4471685Z Receiving objects:  59% (293/496)
2023-09-24T14:49:41.4491604Z Receiving objects:  60% (298/496)
2023-09-24T14:49:41.4510805Z Receiving objects:  61% (303/496)
2023-09-24T14:49:41.4518950Z Receiving objects:  62% (308/496)
2023-09-24T14:49:41.4528560Z Receiving objects:  63% (313/496)
2023-09-24T14:49:41.4535073Z Receiving objects:  64% (318/496)
2023-09-24T14:49:41.4542781Z Receiving objects:  65% (323/496)
2023-09-24T14:49:41.4568908Z Receiving objects:  66% (328/496)
2023-09-24T14:49:41.4574507Z Receiving objects:  67% (333/496)
2023-09-24T14:49:41.4584263Z Receiving objects:  68% (338/496)
2023-09-24T14:49:41.4596309Z Receiving objects:  69% (343/496)
2023-09-24T14:49:41.4608889Z Receiving objects:  70% (348/496)
2023-09-24T14:49:41.4618536Z Receiving objects:  71% (353/496)
2023-09-24T14:49:41.4630909Z Receiving objects:  72% (358/496)
2023-09-24T14:49:41.4638656Z Receiving objects:  73% (363/496)
2023-09-24T14:49:41.4661730Z Receiving objects:  74% (368/496)
2023-09-24T14:49:41.4732729Z Receiving objects:  75% (372/496)
2023-09-24T14:49:41.4748048Z Receiving objects:  76% (377/496)
2023-09-24T14:49:41.4755340Z Receiving objects:  77% (382/496)
2023-09-24T14:49:41.4765927Z Receiving objects:  78% (387/496)
2023-09-24T14:49:41.4775272Z Receiving objects:  79% (392/496)
2023-09-24T14:49:41.4787943Z Receiving objects:  80% (397/496)
2023-09-24T14:49:41.4792841Z Receiving objects:  81% (402/496)
2023-09-24T14:49:41.4797659Z Receiving objects:  82% (407/496)
2023-09-24T14:49:41.4801500Z Receiving objects:  83% (412/496)
2023-09-24T14:49:41.4805977Z Receiving objects:  84% (417/496)
2023-09-24T14:49:41.4810131Z Receiving objects:  85% (422/496)
2023-09-24T14:49:41.4815007Z Receiving objects:  86% (427/496)
2023-09-24T14:49:41.4819546Z Receiving objects:  87% (432/496)
2023-09-24T14:49:41.4826360Z Receiving objects:  88% (437/496)
2023-09-24T14:49:41.4835309Z Receiving objects:  89% (442/496)
2023-09-24T14:49:41.4878300Z Receiving objects:  90% (447/496)
2023-09-24T14:49:41.4878892Z Receiving objects:  91% (452/496)
2023-09-24T14:49:41.4879296Z Receiving objects:  92% (457/496)
2023-09-24T14:49:41.4881250Z Receiving objects:  93% (462/496)
2023-09-24T14:49:41.4881910Z Receiving objects:  94% (467/496)
2023-09-24T14:49:41.4888018Z Receiving objects:  95% (472/496)
2023-09-24T14:49:41.4890084Z Receiving objects:  96% (477/496)
2023-09-24T14:49:41.4891218Z remote: Total 496 (delta 36), reused 430 (delta 34), pack-reused 0        
2023-09-24T14:49:41.4902636Z Receiving objects:  97% (482/496)
2023-09-24T14:49:41.4909866Z Receiving objects:  98% (487/496)
2023-09-24T14:49:41.4917867Z Receiving objects:  99% (492/496)
2023-09-24T14:49:41.4918459Z Receiving objects: 100% (496/496)
2023-09-24T14:49:41.4919222Z Receiving objects: 100% (496/496), 7.69 MiB | 22.57 MiB/s, done.
2023-09-24T14:49:41.4924960Z Resolving deltas:   0% (0/36)
2023-09-24T14:49:41.4925513Z Resolving deltas:   2% (1/36)
2023-09-24T14:49:41.4925976Z Resolving deltas:   5% (2/36)
2023-09-24T14:49:41.4927655Z Resolving deltas:   8% (3/36)
2023-09-24T14:49:41.4931436Z Resolving deltas:  11% (4/36)
2023-09-24T14:49:41.4931985Z Resolving deltas:  13% (5/36)
2023-09-24T14:49:41.4932472Z Resolving deltas:  16% (6/36)
2023-09-24T14:49:41.4932931Z Resolving deltas:  19% (7/36)
2023-09-24T14:49:41.4933310Z Resolving deltas:  22% (8/36)
2023-09-24T14:49:41.4933880Z Resolving deltas:  25% (9/36)
2023-09-24T14:49:41.4934253Z Resolving deltas:  27% (10/36)
2023-09-24T14:49:41.4934681Z Resolving deltas:  30% (11/36)
2023-09-24T14:49:41.4935120Z Resolving deltas:  33% (12/36)
2023-09-24T14:49:41.4940574Z Resolving deltas:  36% (13/36)
2023-09-24T14:49:41.4941145Z Resolving deltas:  38% (14/36)
2023-09-24T14:49:41.4941627Z Resolving deltas:  41% (15/36)
2023-09-24T14:49:41.4946413Z Resolving deltas:  44% (16/36)
2023-09-24T14:49:41.4947065Z Resolving deltas:  47% (17/36)
2023-09-24T14:49:41.4947502Z Resolving deltas:  50% (18/36)
2023-09-24T14:49:41.4947950Z Resolving deltas:  52% (19/36)
2023-09-24T14:49:41.4948367Z Resolving deltas:  55% (20/36)
2023-09-24T14:49:41.4948748Z Resolving deltas:  58% (21/36)
2023-09-24T14:49:41.4949233Z Resolving deltas:  61% (22/36)
2023-09-24T14:49:41.4949659Z Resolving deltas:  63% (23/36)
2023-09-24T14:49:41.4950098Z Resolving deltas:  66% (24/36)
2023-09-24T14:49:41.4950533Z Resolving deltas:  69% (25/36)
2023-09-24T14:49:41.4950916Z Resolving deltas:  72% (26/36)
2023-09-24T14:49:41.4951360Z Resolving deltas:  75% (27/36)
2023-09-24T14:49:41.4951780Z Resolving deltas:  77% (28/36)
2023-09-24T14:49:41.4952437Z Resolving deltas:  80% (29/36)
2023-09-24T14:49:41.4952880Z Resolving deltas:  83% (30/36)
2023-09-24T14:49:41.4955514Z Resolving deltas:  86% (31/36)
2023-09-24T14:49:41.4959377Z Resolving deltas:  88% (32/36)
2023-09-24T14:49:41.4961435Z Resolving deltas:  91% (33/36)
2023-09-24T14:49:41.4966005Z Resolving deltas:  94% (34/36)
2023-09-24T14:49:41.4967331Z Resolving deltas:  97% (35/36)
2023-09-24T14:49:41.4968005Z Resolving deltas: 100% (36/36)
2023-09-24T14:49:41.4968445Z Resolving deltas: 100% (36/36), done.
2023-09-24T14:49:41.5175429Z From https://github.com/Aircoookie/WLED
2023-09-24T14:49:41.5177521Z  * [new ref]         5eadbe7ecd21fedc60d1fec7066c382014e9b968 -> origin/main
2023-09-24T14:49:41.5204347Z ##[endgroup]
2023-09-24T14:49:41.5206396Z ##[group]Determining the checkout info
2023-09-24T14:49:41.5208215Z ##[endgroup]
2023-09-24T14:49:41.5210091Z ##[group]Checking out the ref
2023-09-24T14:49:41.5211970Z [command]/usr/bin/git checkout --progress --force -B main refs/remotes/origin/main
2023-09-24T14:49:41.5815165Z Switched to a new branch 'main'
2023-09-24T14:49:41.5822565Z branch 'main' set up to track 'origin/main'.
2023-09-24T14:49:41.5829579Z ##[endgroup]
2023-09-24T14:49:41.5878398Z [command]/usr/bin/git log -1 --format='%H'
2023-09-24T14:49:41.5912924Z '5eadbe7ecd21fedc60d1fec7066c382014e9b968'
2023-09-24T14:49:41.7808236Z ##[group]Run actions/cache@v3
2023-09-24T14:49:41.7808601Z with:
2023-09-24T14:49:41.7808920Z   path: ~/.cache/pip
2023-09-24T14:49:41.7809424Z   key: Linux-pip-81ff51cfad9e9eb735c6b16e2b137bb04b536de75d900d6b02aa29724c130501
2023-09-24T14:49:41.7809891Z   restore-keys: Linux-pip-

2023-09-24T14:49:41.7810238Z   enableCrossOsArchive: false
2023-09-24T14:49:41.7810546Z   fail-on-cache-miss: false
2023-09-24T14:49:41.7811041Z   lookup-only: false
2023-09-24T14:49:41.7811387Z ##[endgroup]
2023-09-24T14:49:42.2974402Z Cache Size: ~4 MB (3959889 B)
2023-09-24T14:49:42.2976362Z [command]/usr/bin/tar -xf /home/runner/work/_temp/7d79fdcf-00ac-496c-8035-391c44e6b787/cache.tzst -P -C /home/runner/work/WLED/WLED --use-compress-program unzstd
2023-09-24T14:49:42.3241649Z Cache restored successfully
2023-09-24T14:49:42.3483432Z Cache restored from key: Linux-pip-81ff51cfad9e9eb735c6b16e2b137bb04b536de75d900d6b02aa29724c130501
2023-09-24T14:49:42.4843589Z ##[group]Run actions/cache@v3
2023-09-24T14:49:42.4843884Z with:
2023-09-24T14:49:42.4844098Z   path: ~/.platformio
2023-09-24T14:49:42.4844337Z   key: Linux-
2023-09-24T14:49:42.4844780Z   enableCrossOsArchive: false
2023-09-24T14:49:42.4845063Z   fail-on-cache-miss: false
2023-09-24T14:49:42.4845325Z   lookup-only: false
2023-09-24T14:49:42.4845546Z ##[endgroup]
2023-09-24T14:49:43.7372204Z Cache Size: ~192 MB (201123108 B)
2023-09-24T14:49:43.7518578Z [command]/usr/bin/tar -xf /home/runner/work/_temp/f87521f7-8c91-424f-8179-e3262bcf93c1/cache.tzst -P -C /home/runner/work/WLED/WLED --use-compress-program unzstd
2023-09-24T14:49:43.7647117Z Received 201123108 of 201123108 (100.0%), 191.6 MBs/sec
2023-09-24T14:49:44.5865540Z Cache restored successfully
2023-09-24T14:49:44.6258335Z Cache restored from key: Linux-
2023-09-24T14:49:44.6939915Z ##[group]Run actions/setup-python@v4
2023-09-24T14:49:44.6940240Z with:
2023-09-24T14:49:44.6940513Z   python-version: 3.9
2023-09-24T14:49:44.6940814Z   check-latest: false
2023-09-24T14:49:44.6941255Z   token: ***
2023-09-24T14:49:44.6941545Z   update-environment: true
2023-09-24T14:49:44.6941861Z   allow-prereleases: false
2023-09-24T14:49:44.6942155Z ##[endgroup]
2023-09-24T14:49:44.8695150Z ##[group]Installed versions
2023-09-24T14:49:44.8783251Z Successfully set up CPython (3.9.18)
2023-09-24T14:49:44.8783834Z ##[endgroup]
2023-09-24T14:49:44.8898926Z ##[group]Run pip install -r requirements.txt
2023-09-24T14:49:44.8899354Z [36;1mpip install -r requirements.txt[0m
2023-09-24T14:49:44.8979457Z shell: /usr/bin/bash -e {0}
2023-09-24T14:49:44.8979735Z env:
2023-09-24T14:49:44.8980051Z   pythonLocation: /opt/hostedtoolcache/Python/3.9.18/x64
2023-09-24T14:49:44.8980453Z   PKG_CONFIG_PATH: /opt/hostedtoolcache/Python/3.9.18/x64/lib/pkgconfig
2023-09-24T14:49:44.8980843Z   Python_ROOT_DIR: /opt/hostedtoolcache/Python/3.9.18/x64
2023-09-24T14:49:44.8981215Z   Python2_ROOT_DIR: /opt/hostedtoolcache/Python/3.9.18/x64
2023-09-24T14:49:44.8981575Z   Python3_ROOT_DIR: /opt/hostedtoolcache/Python/3.9.18/x64
2023-09-24T14:49:44.8981943Z   LD_LIBRARY_PATH: /opt/hostedtoolcache/Python/3.9.18/x64/lib
2023-09-24T14:49:44.8982247Z ##[endgroup]
2023-09-24T14:49:45.8860651Z Collecting aiofiles==22.1.0 (from -r requirements.txt (line 7))
2023-09-24T14:49:45.8888911Z   Using cached aiofiles-22.1.0-py3-none-any.whl (14 kB)
2023-09-24T14:49:45.9158375Z Collecting ajsonrpc==1.2.0 (from -r requirements.txt (line 9))
2023-09-24T14:49:45.9182091Z   Using cached ajsonrpc-1.2.0-py3-none-any.whl (22 kB)
2023-09-24T14:49:45.9648484Z Collecting anyio==3.6.2 (from -r requirements.txt (line 11))
2023-09-24T14:49:45.9675272Z   Using cached anyio-3.6.2-py3-none-any.whl (80 kB)
2023-09-24T14:49:45.9999101Z Collecting bottle==0.12.25 (from -r requirements.txt (line 13))
2023-09-24T14:49:46.0034215Z   Using cached bottle-0.12.25-py3-none-any.whl (90 kB)
2023-09-24T14:49:46.0419251Z Collecting certifi==2023.7.22 (from -r requirements.txt (line 15))
2023-09-24T14:49:46.0424314Z   Obtaining dependency information for certifi==2023.7.22 from https://files.pythonhosted.org/packages/4c/dd/2234eab22353ffc7d94e8d13177aaa050113286e93e7b40eae01fbf7c3d9/certifi-2023.7.22-py3-none-any.whl.metadata
2023-09-24T14:49:46.0450376Z   Using cached certifi-2023.7.22-py3-none-any.whl.metadata (2.2 kB)
2023-09-24T14:49:46.1776208Z Collecting charset-normalizer==3.1.0 (from -r requirements.txt (line 17))
2023-09-24T14:49:46.1805472Z   Using cached charset_normalizer-3.1.0-cp39-cp39-manylinux_2_17_x86_64.manylinux2014_x86_64.whl (199 kB)
2023-09-24T14:49:46.2267408Z Collecting click==8.1.3 (from -r requirements.txt (line 19))
2023-09-24T14:49:46.2289787Z   Using cached click-8.1.3-py3-none-any.whl (96 kB)
2023-09-24T14:49:46.2635718Z Collecting colorama==0.4.6 (from -r requirements.txt (line 23))
2023-09-24T14:49:46.2659193Z   Using cached colorama-0.4.6-py2.py3-none-any.whl (25 kB)
2023-09-24T14:49:46.2898123Z Collecting h11==0.14.0 (from -r requirements.txt (line 25))
2023-09-24T14:49:46.2920433Z   Using cached h11-0.14.0-py3-none-any.whl (58 kB)
2023-09-24T14:49:46.3195737Z Collecting idna==3.4 (from -r requirements.txt (line 29))
2023-09-24T14:49:46.3220801Z   Using cached idna-3.4-py3-none-any.whl (61 kB)
2023-09-24T14:49:46.4042634Z Collecting marshmallow==3.19.0 (from -r requirements.txt (line 33))
2023-09-24T14:49:46.4077852Z   Using cached marshmallow-3.19.0-py3-none-any.whl (49 kB)
2023-09-24T14:49:46.4496076Z Collecting packaging==23.1 (from -r requirements.txt (line 35))
2023-09-24T14:49:46.4522052Z   Using cached packaging-23.1-py3-none-any.whl (48 kB)
2023-09-24T14:49:46.5006895Z Collecting platformio==6.1.6 (from -r requirements.txt (line 37))
2023-09-24T14:49:46.5007500Z   Using cached platformio-6.1.6-py3-none-any.whl
2023-09-24T14:49:46.5303070Z Collecting pyelftools==0.29 (from -r requirements.txt (line 39))
2023-09-24T14:49:46.5328129Z   Using cached pyelftools-0.29-py2.py3-none-any.whl (174 kB)
2023-09-24T14:49:46.5566296Z Collecting pyserial==3.5 (from -r requirements.txt (line 41))
2023-09-24T14:49:46.5588108Z   Using cached pyserial-3.5-py2.py3-none-any.whl (90 kB)
2023-09-24T14:49:46.6179162Z Collecting requests==2.31.0 (from -r requirements.txt (line 43))
2023-09-24T14:49:46.6180760Z   Obtaining dependency information for requests==2.31.0 from https://files.pythonhosted.org/packages/70/8e/0e2d847013cb52cd35b38c009bb167a1a26b2ce6cd6965bf26b47bc0bf44/requests-2.31.0-py3-none-any.whl.metadata
2023-09-24T14:49:46.6202145Z   Using cached requests-2.31.0-py3-none-any.whl.metadata (4.6 kB)
2023-09-24T14:49:46.6482561Z Collecting semantic-version==2.10.0 (from -r requirements.txt (line 45))
2023-09-24T14:49:46.6504762Z   Using cached semantic_version-2.10.0-py2.py3-none-any.whl (15 kB)
2023-09-24T14:49:46.6709160Z Collecting sniffio==1.3.0 (from -r requirements.txt (line 47))
2023-09-24T14:49:46.6728712Z   Using cached sniffio-1.3.0-py3-none-any.whl (10 kB)
2023-09-24T14:49:46.7332641Z Collecting starlette==0.23.1 (from -r requirements.txt (line 49))
2023-09-24T14:49:46.7356357Z   Using cached starlette-0.23.1-py3-none-any.whl (64 kB)
2023-09-24T14:49:46.7696912Z Collecting tabulate==0.9.0 (from -r requirements.txt (line 51))
2023-09-24T14:49:46.7721269Z   Using cached tabulate-0.9.0-py3-none-any.whl (35 kB)
2023-09-24T14:49:46.8510010Z Collecting urllib3==1.26.15 (from -r requirements.txt (line 53))
2023-09-24T14:49:46.8537747Z   Using cached urllib3-1.26.15-py2.py3-none-any.whl (140 kB)
2023-09-24T14:49:46.9038418Z Collecting uvicorn==0.20.0 (from -r requirements.txt (line 55))
2023-09-24T14:49:46.9065560Z   Using cached uvicorn-0.20.0-py3-none-any.whl (56 kB)
2023-09-24T14:49:46.9305196Z Collecting wsproto==1.2.0 (from -r requirements.txt (line 57))
2023-09-24T14:49:46.9328726Z   Using cached wsproto-1.2.0-py3-none-any.whl (24 kB)
2023-09-24T14:49:47.2007380Z Collecting typing-extensions>=3.10.0 (from starlette==0.23.1->-r requirements.txt (line 49))
2023-09-24T14:49:47.2012851Z   Obtaining dependency information for typing-extensions>=3.10.0 from https://files.pythonhosted.org/packages/24/21/7d397a4b7934ff4028987914ac1044d3b7d52712f30e2ac7a2ae5bc86dd0/typing_extensions-4.8.0-py3-none-any.whl.metadata
2023-09-24T14:49:47.3093310Z   Downloading typing_extensions-4.8.0-py3-none-any.whl.metadata (3.0 kB)
2023-09-24T14:49:47.4304818Z Using cached certifi-2023.7.22-py3-none-any.whl (158 kB)
2023-09-24T14:49:47.4332251Z Using cached requests-2.31.0-py3-none-any.whl (62 kB)
2023-09-24T14:49:47.4419449Z Downloading typing_extensions-4.8.0-py3-none-any.whl (31 kB)
2023-09-24T14:49:47.6138879Z Installing collected packages: pyserial, pyelftools, bottle, urllib3, typing-extensions, tabulate, sniffio, semantic-version, packaging, idna, h11, colorama, click, charset-normalizer, certifi, ajsonrpc, aiofiles, wsproto, uvicorn, requests, marshmallow, anyio, starlette, platformio
2023-09-24T14:49:48.9611575Z Successfully installed aiofiles-22.1.0 ajsonrpc-1.2.0 anyio-3.6.2 bottle-0.12.25 certifi-2023.7.22 charset-normalizer-3.1.0 click-8.1.3 colorama-0.4.6 h11-0.14.0 idna-3.4 marshmallow-3.19.0 packaging-23.1 platformio-6.1.6 pyelftools-0.29 pyserial-3.5 requests-2.31.0 semantic-version-2.10.0 sniffio-1.3.0 starlette-0.23.1 tabulate-0.9.0 typing-extensions-4.8.0 urllib3-1.26.15 uvicorn-0.20.0 wsproto-1.2.0
2023-09-24T14:49:49.1858880Z 
2023-09-24T14:49:49.1860123Z [notice] A new release of pip is available: 23.0.1 -> 23.2.1
2023-09-24T14:49:49.1861047Z [notice] To update, run: pip install --upgrade pip
2023-09-24T14:49:49.3061559Z ##[group]Run pio run -e esp32dev_audioreactive
2023-09-24T14:49:49.3061960Z [36;1mpio run -e esp32dev_audioreactive[0m
2023-09-24T14:49:49.3123700Z shell: /usr/bin/bash -e {0}
2023-09-24T14:49:49.3123958Z env:
2023-09-24T14:49:49.3124250Z   pythonLocation: /opt/hostedtoolcache/Python/3.9.18/x64
2023-09-24T14:49:49.3124779Z   PKG_CONFIG_PATH: /opt/hostedtoolcache/Python/3.9.18/x64/lib/pkgconfig
2023-09-24T14:49:49.3125171Z   Python_ROOT_DIR: /opt/hostedtoolcache/Python/3.9.18/x64
2023-09-24T14:49:49.3125537Z   Python2_ROOT_DIR: /opt/hostedtoolcache/Python/3.9.18/x64
2023-09-24T14:49:49.3125898Z   Python3_ROOT_DIR: /opt/hostedtoolcache/Python/3.9.18/x64
2023-09-24T14:49:49.3126270Z   LD_LIBRARY_PATH: /opt/hostedtoolcache/Python/3.9.18/x64/lib
2023-09-24T14:49:49.3126576Z   WLED_RELEASE: true
2023-09-24T14:49:49.3126822Z ##[endgroup]
2023-09-24T14:49:49.5870296Z Processing esp32dev_audioreactive (board: esp32dev; platform: espressif32@3.5.0; framework: arduino)
2023-09-24T14:49:49.5878890Z --------------------------------------------------------------------------------
2023-09-24T14:49:49.6056441Z Library Manager: Installing git+https://github.com/lorol/LITTLEFS.git
2023-09-24T14:49:49.6187346Z git version 2.42.0
2023-09-24T14:49:49.6309390Z Cloning into '/home/runner/.platformio/.cache/tmp/pkg-installing-gd1pghni'...
2023-09-24T14:49:50.6084146Z Library Manager: LittleFS_esp32@1.0.6+sha.f0817ca has been installed!
2023-09-24T14:49:50.6095508Z Library Manager: Installing git+https://github.com/pbolduc/AsyncTCP.git @ 1.2.0
2023-09-24T14:49:50.6132669Z git version 2.42.0
2023-09-24T14:49:50.6170986Z Cloning into '/home/runner/.platformio/.cache/tmp/pkg-installing-rhv3zvwh'...
2023-09-24T14:49:51.0238983Z Library Manager: AsyncTCP@1.2.0+sha.38b8475 has been installed!
2023-09-24T14:49:51.0246598Z Library Manager: Installing fastled/FastLED @ 3.6.0
2023-09-24T14:49:53.9376854Z Downloading 0% 10% 20% 30% 40% 50% 60% 70% 80% 90% 100%
2023-09-24T14:49:54.0127814Z Unpacking
2023-09-24T14:49:54.0811498Z Library Manager: FastLED@3.6.0 has been installed!
2023-09-24T14:49:54.0820297Z Library Manager: Installing makuna/NeoPixelBus @ 2.7.5
2023-09-24T14:49:56.3396482Z Downloading 0% 10% 20% 30% 40% 50% 60% 70% 80% 90% 100%
2023-09-24T14:49:56.3673311Z Unpacking
2023-09-24T14:49:56.4321610Z Library Manager: NeoPixelBus@2.7.5 has been installed!
2023-09-24T14:49:56.4323925Z Library Manager: Resolving dependencies...
2023-09-24T14:49:56.4356752Z Library Manager: Installing SPI
2023-09-24T14:49:57.0406650Z Library Manager: Installing git+https://github.com/Aircoookie/ESPAsyncWebServer.git @ ~2.0.7
2023-09-24T14:49:57.0449801Z git version 2.42.0
2023-09-24T14:49:57.0495337Z Cloning into '/home/runner/.platformio/.cache/tmp/pkg-installing-hjanvj1p'...
2023-09-24T14:49:57.3263583Z Library Manager: ESPAsyncWebServerAircoookie@2.0.7+sha.b9349dc has been installed!
2023-09-24T14:49:57.3273155Z Library Manager: Resolving dependencies...
2023-09-24T14:49:57.3283268Z Library Manager: Installing git+https://github.com/kosme/arduinoFFT#develop @ ^1.9.2
2023-09-24T14:49:57.3323820Z git version 2.42.0
2023-09-24T14:49:57.3366353Z Cloning into '/home/runner/.platformio/.cache/tmp/pkg-installing-a39xzz0m'...
2023-09-24T14:49:57.5736282Z Library Manager: arduinoFFT@1.9.2+sha.419d7b0 has been installed!
2023-09-24T14:49:57.8968452Z Verbose mode can be enabled via `-v, --verbose` option
2023-09-24T14:49:57.9089879Z CONFIGURATION: https://docs.platformio.org/page/boards/espressif32/esp32dev.html
2023-09-24T14:49:57.9090538Z PLATFORM: Espressif 32 (3.5.0) > Espressif ESP32 Dev Module
2023-09-24T14:49:57.9090984Z HARDWARE: ESP32 240MHz, 320KB RAM, 4MB Flash
2023-09-24T14:49:57.9092771Z DEBUG: Current (esp-prog) External (esp-prog, iot-bus-jtag, jlink, minimodule, olimex-arm-usb-ocd, olimex-arm-usb-ocd-h, olimex-arm-usb-tiny-h, olimex-jtag-tiny, tumpa)
2023-09-24T14:49:57.9093667Z PACKAGES: 
2023-09-24T14:49:57.9094598Z  - framework-arduinoespressif32 @ 0.0.0+sha.4b0c087 
2023-09-24T14:49:57.9095650Z  - tool-esptoolpy @ 1.30100.210531 (3.1.0) 
2023-09-24T14:49:57.9096583Z  - toolchain-xtensa32 @ 2.50200.97 (5.2.0)
2023-09-24T14:49:57.9136979Z Converting wled00.ino
2023-09-24T14:49:57.9508461Z LDF: Library Dependency Finder -> https://bit.ly/configure-pio-ldf
2023-09-24T14:49:57.9510069Z LDF Modes: Finder ~ chain, Compatibility ~ strict
2023-09-24T14:49:58.0624116Z Library Manager: Installing IRremoteESP8266 @ 2.8.2
2023-09-24T14:50:01.8722091Z Downloading 0% 10% 20% 30% 40% 50% 60% 70% 80% 90% 100%
2023-09-24T14:50:01.9379502Z Unpacking
2023-09-24T14:50:02.0658294Z Library Manager: IRremoteESP8266@2.8.2 has been installed!
2023-09-24T14:50:02.1452701Z Found 35 compatible libraries
2023-09-24T14:50:02.1453615Z Scanning dependencies...
2023-09-24T14:50:03.4190417Z Dependency Graph
2023-09-24T14:50:03.4191086Z |-- LittleFS_esp32 @ 1.0.6+sha.f0817ca
2023-09-24T14:50:03.4191418Z |   |-- FS @ 1.0
2023-09-24T14:50:03.4191716Z |-- AsyncTCP @ 1.2.0+sha.38b8475
2023-09-24T14:50:03.4192039Z |-- FastLED @ 3.6.0
2023-09-24T14:50:03.4192350Z |   |-- SPI @ 1.0
2023-09-24T14:50:03.4192654Z |-- IRremoteESP8266 @ 2.8.2
2023-09-24T14:50:03.4192973Z |-- NeoPixelBus @ 2.7.5
2023-09-24T14:50:03.4193247Z |   |-- SPI @ 1.0
2023-09-24T14:50:03.4193616Z |-- ESPAsyncWebServerAircoookie @ 2.0.7+sha.b9349dc
2023-09-24T14:50:03.4193998Z |   |-- AsyncTCP @ 1.2.0+sha.38b8475
2023-09-24T14:50:03.4194285Z |   |-- FS @ 1.0
2023-09-24T14:50:03.4194548Z |   |-- WiFi @ 1.0
2023-09-24T14:50:03.4194855Z |-- arduinoFFT @ 1.9.2+sha.419d7b0
2023-09-24T14:50:03.4195141Z |-- Wire @ 1.0.1
2023-09-24T14:50:03.4195409Z |-- SD(esp32) @ 1.0.5
2023-09-24T14:50:03.4195679Z |   |-- FS @ 1.0
2023-09-24T14:50:03.4195937Z |   |-- SPI @ 1.0
2023-09-24T14:50:03.4196183Z |-- SD_MMC @ 1.0
2023-09-24T14:50:03.4196442Z |   |-- FS @ 1.0
2023-09-24T14:50:03.4196691Z |-- SPI @ 1.0
2023-09-24T14:50:03.4196950Z |-- EEPROM @ 1.0.3
2023-09-24T14:50:03.4197229Z |-- ArduinoOTA @ 1.0
2023-09-24T14:50:03.4197508Z |   |-- Update @ 1.0
2023-09-24T14:50:03.4197775Z |   |-- WiFi @ 1.0
2023-09-24T14:50:03.4198060Z |   |-- ESPmDNS @ 1.0
2023-09-24T14:50:03.4198345Z |   |   |-- WiFi @ 1.0
2023-09-24T14:50:03.4198636Z |-- DNSServer @ 1.1.0
2023-09-24T14:50:03.4198908Z |   |-- WiFi @ 1.0
2023-09-24T14:50:03.4199171Z |-- ESPmDNS @ 1.0
2023-09-24T14:50:03.4199435Z |   |-- WiFi @ 1.0
2023-09-24T14:50:03.4199679Z |-- WiFi @ 1.0
2023-09-24T14:50:03.4199965Z |-- ESP32 Async UDP @ 1.0.0
2023-09-24T14:50:03.4200253Z |-- WebServer @ 1.0
2023-09-24T14:50:03.4200520Z |   |-- WiFi @ 1.0
2023-09-24T14:50:03.4200780Z |   |-- FS @ 1.0
2023-09-24T14:50:03.5239683Z Building in release mode
2023-09-24T14:50:03.7500406Z Compiling .pio/build/esp32dev_audioreactive/lib90f/FastLED/FastLED.cpp.o
2023-09-24T14:50:03.7592911Z Compiling .pio/build/esp32dev_audioreactive/lib90f/FastLED/bitswap.cpp.o
2023-09-24T14:50:04.3008764Z Compiling .pio/build/esp32dev_audioreactive/lib90f/FastLED/colorpalettes.cpp.o
2023-09-24T14:50:04.3647208Z Compiling .pio/build/esp32dev_audioreactive/lib90f/FastLED/colorutils.cpp.o
2023-09-24T14:50:04.8329019Z Compiling .pio/build/esp32dev_audioreactive/lib90f/FastLED/hsv2rgb.cpp.o
2023-09-24T14:50:05.2768514Z Compiling .pio/build/esp32dev_audioreactive/lib90f/FastLED/lib8tion.cpp.o
2023-09-24T14:50:05.4327904Z Compiling .pio/build/esp32dev_audioreactive/lib90f/FastLED/noise.cpp.o
2023-09-24T14:50:05.8168131Z Compiling .pio/build/esp32dev_audioreactive/lib90f/FastLED/platforms.cpp.o
2023-09-24T14:50:05.8488132Z Compiling .pio/build/esp32dev_audioreactive/lib90f/FastLED/platforms/esp/32/clockless_rmt_esp32.cpp.o
2023-09-24T14:50:06.2959717Z Compiling .pio/build/esp32dev_audioreactive/lib90f/FastLED/power_mgt.cpp.o
2023-09-24T14:50:06.4469458Z Compiling .pio/build/esp32dev_audioreactive/lib90f/FastLED/wiring.cpp.o
2023-09-24T14:50:07.1144395Z Compiling .pio/build/esp32dev_audioreactive/src/FX.cpp.o
2023-09-24T14:50:07.1577677Z Compiling .pio/build/esp32dev_audioreactive/src/FX_2Dfcn.cpp.o
2023-09-24T14:50:08.8008521Z Compiling .pio/build/esp32dev_audioreactive/src/FX_fcn.cpp.o
2023-09-24T14:50:11.0488167Z Compiling .pio/build/esp32dev_audioreactive/src/alexa.cpp.o
2023-09-24T14:50:12.4081023Z Compiling .pio/build/esp32dev_audioreactive/src/bus_manager.cpp.o
2023-09-24T14:50:12.4969215Z Compiling .pio/build/esp32dev_audioreactive/src/button.cpp.o
2023-09-24T14:50:13.7847561Z Compiling .pio/build/esp32dev_audioreactive/src/cfg.cpp.o
2023-09-24T14:50:14.2608094Z Compiling .pio/build/esp32dev_audioreactive/src/colors.cpp.o
2023-09-24T14:50:15.5568474Z Compiling .pio/build/esp32dev_audioreactive/src/dmx.cpp.o
2023-09-24T14:50:16.7687870Z Compiling .pio/build/esp32dev_audioreactive/src/e131.cpp.o
2023-09-24T14:50:17.2050132Z Compiling .pio/build/esp32dev_audioreactive/src/file.cpp.o
2023-09-24T14:50:18.0927957Z Compiling .pio/build/esp32dev_audioreactive/src/hue.cpp.o
2023-09-24T14:50:18.7847750Z Compiling .pio/build/esp32dev_audioreactive/src/improv.cpp.o
2023-09-24T14:50:19.6571276Z Compiling .pio/build/esp32dev_audioreactive/src/ir.cpp.o
2023-09-24T14:50:20.0048426Z Compiling .pio/build/esp32dev_audioreactive/src/json.cpp.o
2023-09-24T14:50:21.3546800Z Compiling .pio/build/esp32dev_audioreactive/src/led.cpp.o
2023-09-24T14:50:22.6915967Z Compiling .pio/build/esp32dev_audioreactive/src/lx_parser.cpp.o
2023-09-24T14:50:22.7927973Z Compiling .pio/build/esp32dev_audioreactive/src/mqtt.cpp.o
2023-09-24T14:50:23.9007812Z Compiling .pio/build/esp32dev_audioreactive/src/net_debug.cpp.o
2023-09-24T14:50:24.2328057Z Compiling .pio/build/esp32dev_audioreactive/src/network.cpp.o
2023-09-24T14:50:25.0967612Z Compiling .pio/build/esp32dev_audioreactive/src/ntp.cpp.o
2023-09-24T14:50:25.4247578Z Compiling .pio/build/esp32dev_audioreactive/src/overlay.cpp.o
2023-09-24T14:50:26.4368421Z Compiling .pio/build/esp32dev_audioreactive/src/pin_manager.cpp.o
2023-09-24T14:50:26.6846633Z Compiling .pio/build/esp32dev_audioreactive/src/playlist.cpp.o
2023-09-24T14:50:27.6702782Z Compiling .pio/build/esp32dev_audioreactive/src/presets.cpp.o
2023-09-24T14:50:28.1048637Z Compiling .pio/build/esp32dev_audioreactive/src/remote.cpp.o
2023-09-24T14:50:29.3088173Z Compiling .pio/build/esp32dev_audioreactive/src/set.cpp.o
2023-09-24T14:50:29.4167067Z Compiling .pio/build/esp32dev_audioreactive/src/src/dependencies/async-mqtt-client/AsyncMqttClient.cpp.o
2023-09-24T14:50:31.2835081Z Compiling .pio/build/esp32dev_audioreactive/src/src/dependencies/async-mqtt-client/AsyncMqttClient/Packets/ConnAckPacket.cpp.o
2023-09-24T14:50:31.5248744Z Compiling .pio/build/esp32dev_audioreactive/src/src/dependencies/async-mqtt-client/AsyncMqttClient/Packets/PingRespPacket.cpp.o
2023-09-24T14:50:31.7408934Z Compiling .pio/build/esp32dev_audioreactive/src/src/dependencies/async-mqtt-client/AsyncMqttClient/Packets/PubAckPacket.cpp.o
2023-09-24T14:50:31.9768729Z Compiling .pio/build/esp32dev_audioreactive/src/src/dependencies/async-mqtt-client/AsyncMqttClient/Packets/PubCompPacket.cpp.o
2023-09-24T14:50:32.2008938Z Compiling .pio/build/esp32dev_audioreactive/src/src/dependencies/async-mqtt-client/AsyncMqttClient/Packets/PubRecPacket.cpp.o
2023-09-24T14:50:32.4128337Z Compiling .pio/build/esp32dev_audioreactive/src/src/dependencies/async-mqtt-client/AsyncMqttClient/Packets/PubRelPacket.cpp.o
2023-09-24T14:50:32.6528586Z Compiling .pio/build/esp32dev_audioreactive/src/src/dependencies/async-mqtt-client/AsyncMqttClient/Packets/PublishPacket.cpp.o
2023-09-24T14:50:32.8877184Z Compiling .pio/build/esp32dev_audioreactive/src/src/dependencies/async-mqtt-client/AsyncMqttClient/Packets/SubAckPacket.cpp.o
2023-09-24T14:50:33.1488684Z Compiling .pio/build/esp32dev_audioreactive/src/src/dependencies/async-mqtt-client/AsyncMqttClient/Packets/UnsubAckPacket.cpp.o
2023-09-24T14:50:33.3507096Z Compiling .pio/build/esp32dev_audioreactive/src/src/dependencies/dmx/ESPDMX.cpp.o
2023-09-24T14:50:33.3807869Z Compiling .pio/build/esp32dev_audioreactive/src/src/dependencies/dmx/SparkFunDMX.cpp.o
2023-09-24T14:50:33.6128618Z Compiling .pio/build/esp32dev_audioreactive/src/src/dependencies/e131/ESPAsyncE131.cpp.o
2023-09-24T14:50:33.8128263Z Compiling .pio/build/esp32dev_audioreactive/src/src/dependencies/espalexa/EspalexaDevice.cpp.o
2023-09-24T14:50:34.2368441Z Compiling .pio/build/esp32dev_audioreactive/src/src/dependencies/network/Network.cpp.o
2023-09-24T14:50:34.4209036Z Compiling .pio/build/esp32dev_audioreactive/src/src/dependencies/time/DS1307RTC.cpp.o
2023-09-24T14:50:34.6247925Z Compiling .pio/build/esp32dev_audioreactive/src/src/dependencies/time/DateStrings.cpp.o
2023-09-24T14:50:34.6847941Z Compiling .pio/build/esp32dev_audioreactive/src/src/dependencies/time/Time.cpp.o
2023-09-24T14:50:34.7647647Z Compiling .pio/build/esp32dev_audioreactive/src/src/dependencies/timezone/Timezone.cpp.o
2023-09-24T14:50:35.1527942Z Compiling .pio/build/esp32dev_audioreactive/src/udp.cpp.o
2023-09-24T14:50:35.1927885Z Compiling .pio/build/esp32dev_audioreactive/src/um_manager.cpp.o
2023-09-24T14:50:36.4327878Z Compiling .pio/build/esp32dev_audioreactive/src/usermod.cpp.o
2023-09-24T14:50:37.0248053Z Compiling .pio/build/esp32dev_audioreactive/src/usermods_list.cpp.o
2023-09-24T14:50:37.6151385Z Compiling .pio/build/esp32dev_audioreactive/src/util.cpp.o
2023-09-24T14:50:39.1245108Z Compiling .pio/build/esp32dev_audioreactive/src/wled.cpp.o
2023-09-24T14:50:39.2530393Z Compiling .pio/build/esp32dev_audioreactive/src/wled00.ino.cpp.o
2023-09-24T14:50:40.4399576Z Compiling .pio/build/esp32dev_audioreactive/src/wled_eeprom.cpp.o
2023-09-24T14:50:40.4770776Z Compiling .pio/build/esp32dev_audioreactive/src/wled_math.cpp.o
2023-09-24T14:50:40.7437805Z Compiling .pio/build/esp32dev_audioreactive/src/wled_serial.cpp.o
2023-09-24T14:50:40.9328397Z Compiling .pio/build/esp32dev_audioreactive/src/wled_server.cpp.o
2023-09-24T14:50:42.2327805Z Compiling .pio/build/esp32dev_audioreactive/src/ws.cpp.o
2023-09-24T14:50:43.3965108Z Compiling .pio/build/esp32dev_audioreactive/src/xml.cpp.o
2023-09-24T14:50:43.8048447Z Generating partitions .pio/build/esp32dev_audioreactive/partitions.bin
2023-09-24T14:50:43.9047828Z Compiling .pio/build/esp32dev_audioreactive/lib7aa/FS/FS.cpp.o
2023-09-24T14:50:44.4841284Z Compiling .pio/build/esp32dev_audioreactive/lib7aa/FS/vfs_api.cpp.o
2023-09-24T14:50:45.0327930Z Compiling .pio/build/esp32dev_audioreactive/lib8a7/LittleFS_esp32/LITTLEFS.cpp.o
2023-09-24T14:50:45.1449071Z Archiving .pio/build/esp32dev_audioreactive/lib7aa/libFS.a
2023-09-24T14:50:45.1593479Z Indexing .pio/build/esp32dev_audioreactive/lib7aa/libFS.a
2023-09-24T14:50:45.2007894Z Compiling .pio/build/esp32dev_audioreactive/lib8a7/LittleFS_esp32/esp_littlefs.c.o
2023-09-24T14:50:45.5488512Z Compiling .pio/build/esp32dev_audioreactive/lib8a7/LittleFS_esp32/lfs.c.o
2023-09-24T14:50:45.5770742Z Compiling .pio/build/esp32dev_audioreactive/lib8a7/LittleFS_esp32/lfs_util.c.o
2023-09-24T14:50:45.6328599Z Compiling .pio/build/esp32dev_audioreactive/lib8a7/LittleFS_esp32/littlefs_api.c.o
2023-09-24T14:50:45.8647930Z Compiling .pio/build/esp32dev_audioreactive/lib676/AsyncTCP/AsyncTCP.cpp.o
2023-09-24T14:50:46.3327062Z Archiving .pio/build/esp32dev_audioreactive/lib8a7/libLittleFS_esp32.a
2023-09-24T14:50:46.3489320Z Indexing .pio/build/esp32dev_audioreactive/lib8a7/libLittleFS_esp32.a
2023-09-24T14:50:46.3888063Z Compiling .pio/build/esp32dev_audioreactive/lib30b/SPI/SPI.cpp.o
2023-09-24T14:50:46.4908811Z Archiving .pio/build/esp32dev_audioreactive/lib30b/libSPI.a
2023-09-24T14:50:46.4974069Z Indexing .pio/build/esp32dev_audioreactive/lib30b/libSPI.a
2023-09-24T14:50:46.5807900Z Compiling .pio/build/esp32dev_audioreactive/lib6b0/IRremoteESP8266/IRac.cpp.o
2023-09-24T14:50:46.7182129Z Archiving .pio/build/esp32dev_audioreactive/lib676/libAsyncTCP.a
2023-09-24T14:50:46.7300127Z Indexing .pio/build/esp32dev_audioreactive/lib676/libAsyncTCP.a
2023-09-24T14:50:46.7520546Z Compiling .pio/build/esp32dev_audioreactive/lib6b0/IRremoteESP8266/IRrecv.cpp.o
2023-09-24T14:50:47.2448617Z Compiling .pio/build/esp32dev_audioreactive/lib6b0/IRremoteESP8266/IRsend.cpp.o
2023-09-24T14:50:47.3514162Z Compiling .pio/build/esp32dev_audioreactive/lib6b0/IRremoteESP8266/IRtext.cpp.o
2023-09-24T14:50:47.7607852Z Compiling .pio/build/esp32dev_audioreactive/lib6b0/IRremoteESP8266/IRtimer.cpp.o
2023-09-24T14:50:47.7870917Z Compiling .pio/build/esp32dev_audioreactive/lib6b0/IRremoteESP8266/IRutils.cpp.o
2023-09-24T14:50:48.1768701Z Compiling .pio/build/esp32dev_audioreactive/lib6b0/IRremoteESP8266/ir_Airton.cpp.o
2023-09-24T14:50:48.5833257Z Compiling .pio/build/esp32dev_audioreactive/lib6b0/IRremoteESP8266/ir_Airwell.cpp.o
2023-09-24T14:50:48.7072854Z Compiling .pio/build/esp32dev_audioreactive/lib6b0/IRremoteESP8266/ir_Aiwa.cpp.o
2023-09-24T14:50:49.0576624Z Compiling .pio/build/esp32dev_audioreactive/lib6b0/IRremoteESP8266/ir_Amcor.cpp.o
2023-09-24T14:50:49.1327962Z Compiling .pio/build/esp32dev_audioreactive/lib6b0/IRremoteESP8266/ir_Argo.cpp.o
2023-09-24T14:50:49.5248024Z Compiling .pio/build/esp32dev_audioreactive/lib6b0/IRremoteESP8266/ir_Arris.cpp.o
2023-09-24T14:50:49.6408008Z Compiling .pio/build/esp32dev_audioreactive/lib6b0/IRremoteESP8266/ir_Bose.cpp.o
2023-09-24T14:50:49.9421783Z Compiling .pio/build/esp32dev_audioreactive/lib6b0/IRremoteESP8266/ir_Carrier.cpp.o
2023-09-24T14:50:50.0648026Z Compiling .pio/build/esp32dev_audioreactive/lib6b0/IRremoteESP8266/ir_Coolix.cpp.o
2023-09-24T14:50:50.5258475Z Compiling .pio/build/esp32dev_audioreactive/lib6b0/IRremoteESP8266/ir_Corona.cpp.o
2023-09-24T14:50:50.6408107Z Compiling .pio/build/esp32dev_audioreactive/lib6b0/IRremoteESP8266/ir_Daikin.cpp.o
2023-09-24T14:50:51.1248037Z Compiling .pio/build/esp32dev_audioreactive/lib6b0/IRremoteESP8266/ir_Delonghi.cpp.o
2023-09-24T14:50:51.6568629Z Compiling .pio/build/esp32dev_audioreactive/lib6b0/IRremoteESP8266/ir_Denon.cpp.o
2023-09-24T14:50:52.0528488Z Compiling .pio/build/esp32dev_audioreactive/lib6b0/IRremoteESP8266/ir_Dish.cpp.o
2023-09-24T14:50:52.0855280Z Compiling .pio/build/esp32dev_audioreactive/lib6b0/IRremoteESP8266/ir_Doshisha.cpp.o
2023-09-24T14:50:52.5127710Z Compiling .pio/build/esp32dev_audioreactive/lib6b0/IRremoteESP8266/ir_Ecoclim.cpp.o
2023-09-24T14:50:52.5288497Z Compiling .pio/build/esp32dev_audioreactive/lib6b0/IRremoteESP8266/ir_Electra.cpp.o
2023-09-24T14:50:53.1129948Z Compiling .pio/build/esp32dev_audioreactive/lib6b0/IRremoteESP8266/ir_EliteScreens.cpp.o
2023-09-24T14:50:53.1612030Z Compiling .pio/build/esp32dev_audioreactive/lib6b0/IRremoteESP8266/ir_Epson.cpp.o
2023-09-24T14:50:53.5531831Z Compiling .pio/build/esp32dev_audioreactive/lib6b0/IRremoteESP8266/ir_Fujitsu.cpp.o
2023-09-24T14:50:53.5863950Z Compiling .pio/build/esp32dev_audioreactive/lib6b0/IRremoteESP8266/ir_GICable.cpp.o
2023-09-24T14:50:54.0090147Z Compiling .pio/build/esp32dev_audioreactive/lib6b0/IRremoteESP8266/ir_GlobalCache.cpp.o
2023-09-24T14:50:54.1963507Z Compiling .pio/build/esp32dev_audioreactive/lib6b0/IRremoteESP8266/ir_Goodweather.cpp.o
2023-09-24T14:50:54.2726838Z Compiling .pio/build/esp32dev_audioreactive/lib6b0/IRremoteESP8266/ir_Gree.cpp.o
2023-09-24T14:50:54.7406876Z Compiling .pio/build/esp32dev_audioreactive/lib6b0/IRremoteESP8266/ir_Haier.cpp.o
2023-09-24T14:50:54.8849029Z Compiling .pio/build/esp32dev_audioreactive/lib6b0/IRremoteESP8266/ir_Hitachi.cpp.o
2023-09-24T14:50:55.5048334Z Compiling .pio/build/esp32dev_audioreactive/lib6b0/IRremoteESP8266/ir_Inax.cpp.o
2023-09-24T14:50:55.7207866Z Compiling .pio/build/esp32dev_audioreactive/lib6b0/IRremoteESP8266/ir_JVC.cpp.o
2023-09-24T14:50:55.9287854Z Compiling .pio/build/esp32dev_audioreactive/lib6b0/IRremoteESP8266/ir_Kelon.cpp.o
2023-09-24T14:50:56.1408769Z Compiling .pio/build/esp32dev_audioreactive/lib6b0/IRremoteESP8266/ir_Kelvinator.cpp.o
2023-09-24T14:50:56.4567949Z Compiling .pio/build/esp32dev_audioreactive/lib6b0/IRremoteESP8266/ir_LG.cpp.o
2023-09-24T14:50:56.7328181Z Compiling .pio/build/esp32dev_audioreactive/lib6b0/IRremoteESP8266/ir_Lasertag.cpp.o
2023-09-24T14:50:57.1128065Z Compiling .pio/build/esp32dev_audioreactive/lib6b0/IRremoteESP8266/ir_Lego.cpp.o
2023-09-24T14:50:57.1367882Z Compiling .pio/build/esp32dev_audioreactive/lib6b0/IRremoteESP8266/ir_Lutron.cpp.o
2023-09-24T14:50:57.5299344Z Compiling .pio/build/esp32dev_audioreactive/lib6b0/IRremoteESP8266/ir_MWM.cpp.o
2023-09-24T14:50:57.5562111Z Compiling .pio/build/esp32dev_audioreactive/lib6b0/IRremoteESP8266/ir_Magiquest.cpp.o
2023-09-24T14:50:57.9448956Z Compiling .pio/build/esp32dev_audioreactive/lib6b0/IRremoteESP8266/ir_Metz.cpp.o
2023-09-24T14:50:58.0168279Z Compiling .pio/build/esp32dev_audioreactive/lib6b0/IRremoteESP8266/ir_Midea.cpp.o
2023-09-24T14:50:58.4087946Z Compiling .pio/build/esp32dev_audioreactive/lib6b0/IRremoteESP8266/ir_MilesTag2.cpp.o
2023-09-24T14:50:58.6438039Z Compiling .pio/build/esp32dev_audioreactive/lib6b0/IRremoteESP8266/ir_Mirage.cpp.o
2023-09-24T14:50:58.8247980Z Compiling .pio/build/esp32dev_audioreactive/lib6b0/IRremoteESP8266/ir_Mitsubishi.cpp.o
2023-09-24T14:50:59.0723765Z Compiling .pio/build/esp32dev_audioreactive/lib6b0/IRremoteESP8266/ir_MitsubishiHeavy.cpp.o
2023-09-24T14:50:59.5647884Z Compiling .pio/build/esp32dev_audioreactive/lib6b0/IRremoteESP8266/ir_Multibrackets.cpp.o
2023-09-24T14:50:59.7368232Z Compiling .pio/build/esp32dev_audioreactive/lib6b0/IRremoteESP8266/ir_NEC.cpp.o
2023-09-24T14:50:59.9648062Z Compiling .pio/build/esp32dev_audioreactive/lib6b0/IRremoteESP8266/ir_Neoclima.cpp.o
2023-09-24T14:51:00.1641700Z Compiling .pio/build/esp32dev_audioreactive/lib6b0/IRremoteESP8266/ir_Nikai.cpp.o
2023-09-24T14:51:00.5210439Z Compiling .pio/build/esp32dev_audioreactive/lib6b0/IRremoteESP8266/ir_Panasonic.cpp.o
2023-09-24T14:51:00.5722220Z Compiling .pio/build/esp32dev_audioreactive/lib6b0/IRremoteESP8266/ir_Pioneer.cpp.o
2023-09-24T14:51:00.9847920Z Compiling .pio/build/esp32dev_audioreactive/lib6b0/IRremoteESP8266/ir_Pronto.cpp.o
2023-09-24T14:51:01.1727989Z Compiling .pio/build/esp32dev_audioreactive/lib6b0/IRremoteESP8266/ir_RC5_RC6.cpp.o
2023-09-24T14:51:01.2568096Z Compiling .pio/build/esp32dev_audioreactive/lib6b0/IRremoteESP8266/ir_RCMM.cpp.o
2023-09-24T14:51:01.5928545Z Compiling .pio/build/esp32dev_audioreactive/lib6b0/IRremoteESP8266/ir_Rhoss.cpp.o
2023-09-24T14:51:01.6688022Z Compiling .pio/build/esp32dev_audioreactive/lib6b0/IRremoteESP8266/ir_Samsung.cpp.o
2023-09-24T14:51:02.0727982Z Compiling .pio/build/esp32dev_audioreactive/lib6b0/IRremoteESP8266/ir_Sanyo.cpp.o
2023-09-24T14:51:02.3007851Z Compiling .pio/build/esp32dev_audioreactive/lib6b0/IRremoteESP8266/ir_Sharp.cpp.o
2023-09-24T14:51:02.6848287Z Compiling .pio/build/esp32dev_audioreactive/lib6b0/IRremoteESP8266/ir_Sherwood.cpp.o
2023-09-24T14:51:02.8967914Z Compiling .pio/build/esp32dev_audioreactive/lib6b0/IRremoteESP8266/ir_Sony.cpp.o
2023-09-24T14:51:02.9528016Z Compiling .pio/build/esp32dev_audioreactive/lib6b0/IRremoteESP8266/ir_Symphony.cpp.o
2023-09-24T14:51:03.3288477Z Compiling .pio/build/esp32dev_audioreactive/lib6b0/IRremoteESP8266/ir_Tcl.cpp.o
2023-09-24T14:51:03.3726777Z Compiling .pio/build/esp32dev_audioreactive/lib6b0/IRremoteESP8266/ir_Technibel.cpp.o
2023-09-24T14:51:03.8780540Z Compiling .pio/build/esp32dev_audioreactive/lib6b0/IRremoteESP8266/ir_Teco.cpp.o
2023-09-24T14:51:03.9004860Z Compiling .pio/build/esp32dev_audioreactive/lib6b0/IRremoteESP8266/ir_Teknopoint.cpp.o
2023-09-24T14:51:04.2926907Z Compiling .pio/build/esp32dev_audioreactive/lib6b0/IRremoteESP8266/ir_Toshiba.cpp.o
2023-09-24T14:51:04.3848738Z Compiling .pio/build/esp32dev_audioreactive/lib6b0/IRremoteESP8266/ir_Transcold.cpp.o
2023-09-24T14:51:04.8113349Z Compiling .pio/build/esp32dev_audioreactive/lib6b0/IRremoteESP8266/ir_Trotec.cpp.o
2023-09-24T14:51:04.8927039Z Compiling .pio/build/esp32dev_audioreactive/lib6b0/IRremoteESP8266/ir_Truma.cpp.o
2023-09-24T14:51:05.3647479Z Compiling .pio/build/esp32dev_audioreactive/lib6b0/IRremoteESP8266/ir_Vestel.cpp.o
2023-09-24T14:51:05.3878418Z Compiling .pio/build/esp32dev_audioreactive/lib6b0/IRremoteESP8266/ir_Voltas.cpp.o
2023-09-24T14:51:05.9488697Z Compiling .pio/build/esp32dev_audioreactive/lib6b0/IRremoteESP8266/ir_Whirlpool.cpp.o
2023-09-24T14:51:05.9966987Z Compiling .pio/build/esp32dev_audioreactive/lib6b0/IRremoteESP8266/ir_Whynter.cpp.o
2023-09-24T14:51:06.3929120Z Compiling .pio/build/esp32dev_audioreactive/lib6b0/IRremoteESP8266/ir_Xmp.cpp.o
2023-09-24T14:51:06.5129217Z Compiling .pio/build/esp32dev_audioreactive/lib6b0/IRremoteESP8266/ir_Zepeal.cpp.o
2023-09-24T14:51:06.8925373Z Compiling .pio/build/esp32dev_audioreactive/lib705/NeoPixelBus/internal/animations/NeoPixelAnimator.cpp.o
2023-09-24T14:51:06.9191651Z Archiving .pio/build/esp32dev_audioreactive/lib6b0/libIRremoteESP8266.a
2023-09-24T14:51:07.0688116Z Indexing .pio/build/esp32dev_audioreactive/lib6b0/libIRremoteESP8266.a
2023-09-24T14:51:07.4728060Z Compiling .pio/build/esp32dev_audioreactive/lib705/NeoPixelBus/internal/colors/HsbColor.cpp.o
2023-09-24T14:51:07.5133994Z Compiling .pio/build/esp32dev_audioreactive/lib705/NeoPixelBus/internal/colors/HslColor.cpp.o
2023-09-24T14:51:07.8928626Z Compiling .pio/build/esp32dev_audioreactive/lib705/NeoPixelBus/internal/colors/HtmlColor.cpp.o
2023-09-24T14:51:07.9167180Z Compiling .pio/build/esp32dev_audioreactive/lib705/NeoPixelBus/internal/colors/HtmlColorNameStrings.cpp.o
2023-09-24T14:51:08.3067210Z Compiling .pio/build/esp32dev_audioreactive/lib705/NeoPixelBus/internal/colors/HtmlColorNames.cpp.o
2023-09-24T14:51:08.3287833Z Compiling .pio/build/esp32dev_audioreactive/lib705/NeoPixelBus/internal/colors/HtmlColorShortNames.cpp.o
2023-09-24T14:51:08.7048110Z Compiling .pio/build/esp32dev_audioreactive/lib705/NeoPixelBus/internal/colors/NeoGammaDynamicTableMethod.cpp.o
2023-09-24T14:51:08.7368709Z Compiling .pio/build/esp32dev_audioreactive/lib705/NeoPixelBus/internal/colors/NeoGammaTableMethod.cpp.o
2023-09-24T14:51:09.1234260Z Compiling .pio/build/esp32dev_audioreactive/lib705/NeoPixelBus/internal/colors/Rgb48Color.cpp.o
2023-09-24T14:51:09.1405094Z Compiling .pio/build/esp32dev_audioreactive/lib705/NeoPixelBus/internal/colors/RgbColor.cpp.o
2023-09-24T14:51:09.5668936Z Compiling .pio/build/esp32dev_audioreactive/lib705/NeoPixelBus/internal/colors/RgbColorBase.cpp.o
2023-09-24T14:51:09.5888087Z Compiling .pio/build/esp32dev_audioreactive/lib705/NeoPixelBus/internal/colors/Rgbw64Color.cpp.o
2023-09-24T14:51:09.9768444Z Compiling .pio/build/esp32dev_audioreactive/lib705/NeoPixelBus/internal/colors/RgbwColor.cpp.o
2023-09-24T14:51:10.0448787Z Compiling .pio/build/esp32dev_audioreactive/lib705/NeoPixelBus/internal/colors/SegmentDigit.cpp.o
2023-09-24T14:51:10.4078859Z Compiling .pio/build/esp32dev_audioreactive/lib705/NeoPixelBus/internal/methods/Esp32_i2s.c.o
2023-09-24T14:51:10.4927923Z Compiling .pio/build/esp32dev_audioreactive/lib705/NeoPixelBus/internal/methods/NeoEsp32RmtMethod.cpp.o
2023-09-24T14:51:10.6767987Z Compiling .pio/build/esp32dev_audioreactive/lib705/NeoPixelBus/internal/methods/NeoEsp8266I2sMethodCore.cpp.o
2023-09-24T14:51:10.9846202Z Compiling .pio/build/esp32dev_audioreactive/lib705/NeoPixelBus/internal/methods/NeoEsp8266UartMethod.cpp.o
2023-09-24T14:51:11.0168222Z Compiling .pio/build/esp32dev_audioreactive/lib705/NeoPixelBus/internal/methods/NeoEspBitBangMethod.cpp.o
2023-09-24T14:51:11.0717957Z Compiling .pio/build/esp32dev_audioreactive/lib705/NeoPixelBus/internal/methods/NeoPixelAvr.c.o
2023-09-24T14:51:11.1687956Z Compiling .pio/build/esp32dev_audioreactive/lib989/WiFi/ETH.cpp.o
2023-09-24T14:51:11.4207560Z Archiving .pio/build/esp32dev_audioreactive/lib705/libNeoPixelBus.a
2023-09-24T14:51:11.4598052Z Indexing .pio/build/esp32dev_audioreactive/lib705/libNeoPixelBus.a
2023-09-24T14:51:11.5646166Z Compiling .pio/build/esp32dev_audioreactive/lib989/WiFi/WiFi.cpp.o
2023-09-24T14:51:11.7198905Z Compiling .pio/build/esp32dev_audioreactive/lib989/WiFi/WiFiAP.cpp.o
2023-09-24T14:51:12.0758384Z Compiling .pio/build/esp32dev_audioreactive/lib989/WiFi/WiFiClient.cpp.o
2023-09-24T14:51:12.2607865Z Compiling .pio/build/esp32dev_audioreactive/lib989/WiFi/WiFiGeneric.cpp.o
2023-09-24T14:51:12.7688414Z Compiling .pio/build/esp32dev_audioreactive/lib989/WiFi/WiFiMulti.cpp.o
2023-09-24T14:51:13.0287988Z Compiling .pio/build/esp32dev_audioreactive/lib989/WiFi/WiFiSTA.cpp.o
2023-09-24T14:51:13.3368517Z Compiling .pio/build/esp32dev_audioreactive/lib989/WiFi/WiFiScan.cpp.o
2023-09-24T14:51:13.6448565Z Compiling .pio/build/esp32dev_audioreactive/lib989/WiFi/WiFiServer.cpp.o
2023-09-24T14:51:13.8723224Z Compiling .pio/build/esp32dev_audioreactive/lib989/WiFi/WiFiUdp.cpp.o
2023-09-24T14:51:14.2168762Z Compiling .pio/build/esp32dev_audioreactive/lib119/ESPAsyncWebServerAircoookie/AsyncEventSource.cpp.o
2023-09-24T14:51:14.3462165Z Archiving .pio/build/esp32dev_audioreactive/lib989/libWiFi.a
2023-09-24T14:51:14.3728851Z Indexing .pio/build/esp32dev_audioreactive/lib989/libWiFi.a
2023-09-24T14:51:14.4488647Z Compiling .pio/build/esp32dev_audioreactive/lib119/ESPAsyncWebServerAircoookie/AsyncWebSocket.cpp.o
2023-09-24T14:51:15.1775515Z Compiling .pio/build/esp32dev_audioreactive/lib119/ESPAsyncWebServerAircoookie/SPIFFSEditor.cpp.o
2023-09-24T14:51:15.7888674Z Compiling .pio/build/esp32dev_audioreactive/lib119/ESPAsyncWebServerAircoookie/WebAuthentication.cpp.o
2023-09-24T14:51:15.9848933Z Compiling .pio/build/esp32dev_audioreactive/lib119/ESPAsyncWebServerAircoookie/WebHandlers.cpp.o
2023-09-24T14:51:16.3008024Z Compiling .pio/build/esp32dev_audioreactive/lib119/ESPAsyncWebServerAircoookie/WebRequest.cpp.o
2023-09-24T14:51:16.7768130Z Compiling .pio/build/esp32dev_audioreactive/lib119/ESPAsyncWebServerAircoookie/WebResponses.cpp.o
2023-09-24T14:51:17.6608870Z Compiling .pio/build/esp32dev_audioreactive/lib119/ESPAsyncWebServerAircoookie/WebServer.cpp.o
2023-09-24T14:51:17.9955153Z Compiling .pio/build/esp32dev_audioreactive/liba33/Wire/Wire.cpp.o
2023-09-24T14:51:18.4768304Z Archiving .pio/build/esp32dev_audioreactive/liba33/libWire.a
2023-09-24T14:51:18.4891145Z Indexing .pio/build/esp32dev_audioreactive/liba33/libWire.a
2023-09-24T14:51:18.5629285Z Compiling .pio/build/esp32dev_audioreactive/lib770/SD/SD.cpp.o
2023-09-24T14:51:18.5826272Z Archiving .pio/build/esp32dev_audioreactive/lib119/libESPAsyncWebServerAircoookie.a
2023-09-24T14:51:18.6201268Z Indexing .pio/build/esp32dev_audioreactive/lib119/libESPAsyncWebServerAircoookie.a
2023-09-24T14:51:18.6928202Z Compiling .pio/build/esp32dev_audioreactive/lib770/SD/sd_diskio.cpp.o
2023-09-24T14:51:19.0888460Z Compiling .pio/build/esp32dev_audioreactive/lib770/SD/sd_diskio_crc.c.o
2023-09-24T14:51:19.1885283Z Compiling .pio/build/esp32dev_audioreactive/libc3a/SD_MMC/SD_MMC.cpp.o
2023-09-24T14:51:19.2806241Z Archiving .pio/build/esp32dev_audioreactive/lib770/libSD.a
2023-09-24T14:51:19.2926531Z Indexing .pio/build/esp32dev_audioreactive/lib770/libSD.a
2023-09-24T14:51:19.3606161Z Compiling .pio/build/esp32dev_audioreactive/libc24/EEPROM/EEPROM.cpp.o
2023-09-24T14:51:19.7286840Z Archiving .pio/build/esp32dev_audioreactive/libc3a/libSD_MMC.a
2023-09-24T14:51:19.7366121Z Indexing .pio/build/esp32dev_audioreactive/libc3a/libSD_MMC.a
2023-09-24T14:51:19.8125056Z Compiling .pio/build/esp32dev_audioreactive/lib4b6/Update/HttpsOTAUpdate.cpp.o
2023-09-24T14:51:19.9156689Z Archiving .pio/build/esp32dev_audioreactive/libc24/libEEPROM.a
2023-09-24T14:51:19.9247210Z Indexing .pio/build/esp32dev_audioreactive/libc24/libEEPROM.a
2023-09-24T14:51:19.9501604Z Compiling .pio/build/esp32dev_audioreactive/lib4b6/Update/Updater.cpp.o
2023-09-24T14:51:20.3045154Z Compiling .pio/build/esp32dev_audioreactive/lib4b6/ESPmDNS/ESPmDNS.cpp.o
2023-09-24T14:51:20.4853406Z Archiving .pio/build/esp32dev_audioreactive/lib4b6/libUpdate.a
2023-09-24T14:51:20.4974042Z Indexing .pio/build/esp32dev_audioreactive/lib4b6/libUpdate.a
2023-09-24T14:51:20.5888141Z Compiling .pio/build/esp32dev_audioreactive/lib134/ArduinoOTA/ArduinoOTA.cpp.o
2023-09-24T14:51:20.8991482Z Archiving .pio/build/esp32dev_audioreactive/lib4b6/libESPmDNS.a
2023-09-24T14:51:20.9051802Z Indexing .pio/build/esp32dev_audioreactive/lib4b6/libESPmDNS.a
2023-09-24T14:51:20.9808152Z Compiling .pio/build/esp32dev_audioreactive/lib147/DNSServer/DNSServer.cpp.o
2023-09-24T14:51:21.3046579Z Archiving .pio/build/esp32dev_audioreactive/lib134/libArduinoOTA.a
2023-09-24T14:51:21.3136114Z Indexing .pio/build/esp32dev_audioreactive/lib134/libArduinoOTA.a
2023-09-24T14:51:21.4124245Z Compiling .pio/build/esp32dev_audioreactive/lib59e/AsyncUDP/AsyncUDP.cpp.o
2023-09-24T14:51:21.4528722Z Archiving .pio/build/esp32dev_audioreactive/lib147/libDNSServer.a
2023-09-24T14:51:21.4608351Z Indexing .pio/build/esp32dev_audioreactive/lib147/libDNSServer.a
2023-09-24T14:51:21.5528074Z Compiling .pio/build/esp32dev_audioreactive/lib1ce/WebServer/Parsing.cpp.o
2023-09-24T14:51:22.1859916Z Archiving .pio/build/esp32dev_audioreactive/lib59e/libAsyncUDP.a
2023-09-24T14:51:22.1955299Z Indexing .pio/build/esp32dev_audioreactive/lib59e/libAsyncUDP.a
2023-09-24T14:51:22.2490720Z Compiling .pio/build/esp32dev_audioreactive/lib1ce/WebServer/WebServer.cpp.o
2023-09-24T14:51:22.4008750Z Compiling .pio/build/esp32dev_audioreactive/lib1ce/WebServer/detail/mimetable.cpp.o
2023-09-24T14:51:22.4887746Z Archiving .pio/build/esp32dev_audioreactive/libFrameworkArduinoVariant.a
2023-09-24T14:51:22.4953241Z Indexing .pio/build/esp32dev_audioreactive/libFrameworkArduinoVariant.a
2023-09-24T14:51:22.5608074Z Compiling .pio/build/esp32dev_audioreactive/FrameworkArduino/Esp.cpp.o
2023-09-24T14:51:23.1328630Z Compiling .pio/build/esp32dev_audioreactive/FrameworkArduino/FunctionalInterrupt.cpp.o
2023-09-24T14:51:23.3087988Z Archiving .pio/build/esp32dev_audioreactive/lib1ce/libWebServer.a
2023-09-24T14:51:23.3230696Z Indexing .pio/build/esp32dev_audioreactive/lib1ce/libWebServer.a
2023-09-24T14:51:23.3487823Z Compiling .pio/build/esp32dev_audioreactive/FrameworkArduino/HardwareSerial.cpp.o
2023-09-24T14:51:23.5638258Z Compiling .pio/build/esp32dev_audioreactive/FrameworkArduino/IPAddress.cpp.o
2023-09-24T14:51:23.5887775Z Compiling .pio/build/esp32dev_audioreactive/FrameworkArduino/IPv6Address.cpp.o
2023-09-24T14:51:23.9878366Z Compiling .pio/build/esp32dev_audioreactive/FrameworkArduino/MD5Builder.cpp.o
2023-09-24T14:51:24.0127932Z Compiling .pio/build/esp32dev_audioreactive/FrameworkArduino/Print.cpp.o
2023-09-24T14:51:24.4167997Z Compiling .pio/build/esp32dev_audioreactive/FrameworkArduino/Stream.cpp.o
2023-09-24T14:51:24.5119886Z Compiling .pio/build/esp32dev_audioreactive/FrameworkArduino/StreamString.cpp.o
2023-09-24T14:51:24.8808313Z Compiling .pio/build/esp32dev_audioreactive/FrameworkArduino/WMath.cpp.o
2023-09-24T14:51:24.9446532Z Compiling .pio/build/esp32dev_audioreactive/FrameworkArduino/WString.cpp.o
2023-09-24T14:51:25.0247139Z Compiling .pio/build/esp32dev_audioreactive/FrameworkArduino/base64.cpp.o
2023-09-24T14:51:25.4328921Z Compiling .pio/build/esp32dev_audioreactive/FrameworkArduino/cbuf.cpp.o
2023-09-24T14:51:25.5248717Z Compiling .pio/build/esp32dev_audioreactive/FrameworkArduino/esp32-hal-adc.c.o
2023-09-24T14:51:25.6033933Z Compiling .pio/build/esp32dev_audioreactive/FrameworkArduino/esp32-hal-bt.c.o
2023-09-24T14:51:25.7328848Z Compiling .pio/build/esp32dev_audioreactive/FrameworkArduino/esp32-hal-cpu.c.o
2023-09-24T14:51:25.7566959Z Compiling .pio/build/esp32dev_audioreactive/FrameworkArduino/esp32-hal-dac.c.o
2023-09-24T14:51:25.9244014Z Compiling .pio/build/esp32dev_audioreactive/FrameworkArduino/esp32-hal-gpio.c.o
2023-09-24T14:51:25.9487987Z Compiling .pio/build/esp32dev_audioreactive/FrameworkArduino/esp32-hal-i2c.c.o
2023-09-24T14:51:26.1250462Z Compiling .pio/build/esp32dev_audioreactive/FrameworkArduino/esp32-hal-ledc.c.o
2023-09-24T14:51:26.3488262Z Compiling .pio/build/esp32dev_audioreactive/FrameworkArduino/esp32-hal-log.c.o
2023-09-24T14:51:26.3705395Z Compiling .pio/build/esp32dev_audioreactive/FrameworkArduino/esp32-hal-matrix.c.o
2023-09-24T14:51:26.4168205Z Compiling .pio/build/esp32dev_audioreactive/FrameworkArduino/esp32-hal-misc.c.o
2023-09-24T14:51:26.5208207Z Compiling .pio/build/esp32dev_audioreactive/FrameworkArduino/esp32-hal-psram.c.o
2023-09-24T14:51:26.6168851Z Compiling .pio/build/esp32dev_audioreactive/FrameworkArduino/esp32-hal-rmt.c.o
2023-09-24T14:51:26.6694248Z Compiling .pio/build/esp32dev_audioreactive/FrameworkArduino/esp32-hal-sigmadelta.c.o
2023-09-24T14:51:26.8368906Z Compiling .pio/build/esp32dev_audioreactive/FrameworkArduino/esp32-hal-spi.c.o
2023-09-24T14:51:26.8950750Z /home/runner/.platformio/packages/framework-arduinoespressif32/cores/esp32/esp32-hal-spi.c: In function 'spiTransferBytesNL':
2023-09-24T14:51:26.8958358Z /home/runner/.platformio/packages/framework-arduinoespressif32/cores/esp32/esp32-hal-spi.c:922:39: warning: initialization from incompatible pointer type [-Wincompatible-pointer-types]
2023-09-24T14:51:26.8959458Z                  uint8_t * last_out8 = &result[c_longs-1];
2023-09-24T14:51:26.8960271Z                                        ^
2023-09-24T14:51:26.8966095Z /home/runner/.platformio/packages/framework-arduinoespressif32/cores/esp32/esp32-hal-spi.c:923:40: warning: initialization from incompatible pointer type [-Wincompatible-pointer-types]
2023-09-24T14:51:26.8966695Z                  uint8_t * last_data8 = &last_data;
2023-09-24T14:51:26.8966995Z                                         ^
2023-09-24T14:51:26.9608508Z Compiling .pio/build/esp32dev_audioreactive/FrameworkArduino/esp32-hal-time.c.o
2023-09-24T14:51:27.1410452Z Compiling .pio/build/esp32dev_audioreactive/FrameworkArduino/esp32-hal-timer.c.o
2023-09-24T14:51:27.2728865Z Compiling .pio/build/esp32dev_audioreactive/FrameworkArduino/esp32-hal-touch.c.o
2023-09-24T14:51:27.3876248Z Compiling .pio/build/esp32dev_audioreactive/FrameworkArduino/esp32-hal-uart.c.o
2023-09-24T14:51:27.4648764Z Compiling .pio/build/esp32dev_audioreactive/FrameworkArduino/libb64/cdecode.c.o
2023-09-24T14:51:27.5208234Z Compiling .pio/build/esp32dev_audioreactive/FrameworkArduino/libb64/cencode.c.o
2023-09-24T14:51:27.5726943Z Compiling .pio/build/esp32dev_audioreactive/FrameworkArduino/main.cpp.o
2023-09-24T14:51:27.6767841Z Compiling .pio/build/esp32dev_audioreactive/FrameworkArduino/stdlib_noniso.c.o
2023-09-24T14:51:27.7527686Z Compiling .pio/build/esp32dev_audioreactive/FrameworkArduino/wiring_pulse.c.o
2023-09-24T14:51:27.9050328Z Compiling .pio/build/esp32dev_audioreactive/FrameworkArduino/wiring_shift.c.o
2023-09-24T14:51:28.0537630Z Archiving .pio/build/esp32dev_audioreactive/libFrameworkArduino.a
2023-09-24T14:51:28.1113143Z Indexing .pio/build/esp32dev_audioreactive/libFrameworkArduino.a
2023-09-24T14:51:28.2747028Z Linking .pio/build/esp32dev_audioreactive/firmware.elf
2023-09-24T14:51:36.1204755Z Retrieving maximum program size .pio/build/esp32dev_audioreactive/firmware.elf
2023-09-24T14:51:36.1208879Z Checking size .pio/build/esp32dev_audioreactive/firmware.elf
2023-09-24T14:51:36.1380207Z Advanced Memory Usage is available via "PlatformIO Home > Project Inspect"
2023-09-24T14:51:36.1398484Z RAM:   [==        ]  24.1% (used 78876 bytes from 327680 bytes)
2023-09-24T14:51:36.1399181Z Flash: [========  ]  83.4% (used 1311421 bytes from 1572864 bytes)
2023-09-24T14:51:36.1406134Z Building .pio/build/esp32dev_audioreactive/firmware.bin
2023-09-24T14:51:36.4357424Z esptool.py v3.1
2023-09-24T14:51:36.4357751Z Merged 1 ELF section
2023-09-24T14:51:36.4442346Z bin_rename_copy([".pio/build/esp32dev_audioreactive/firmware.bin"], [".pio/build/esp32dev_audioreactive/firmware.elf"])
2023-09-24T14:51:36.4467933Z bin_gzip([".pio/build/esp32dev_audioreactive/firmware.bin"], [".pio/build/esp32dev_audioreactive/firmware.elf"])
2023-09-24T14:51:36.8954822Z ======================== [SUCCESS] Took 107.31 seconds ========================
2023-09-24T14:51:36.8957669Z 
2023-09-24T14:51:36.8964238Z Environment             Status    Duration
2023-09-24T14:51:36.8968403Z ----------------------  --------  ------------
2023-09-24T14:51:36.8968726Z esp32dev_audioreactive  SUCCESS   00:01:47.307
2023-09-24T14:51:36.8969073Z ========================= 1 succeeded in 00:01:47.307 =========================
2023-09-24T14:51:37.8908623Z 
2023-09-24T14:51:37.8909370Z ********************************************************************************
2023-09-24T14:51:37.8910010Z There is a new version 6.1.11 of PlatformIO available.
2023-09-24T14:51:37.8911062Z Please upgrade it via `platformio upgrade` or `pip install -U platformio` command.
2023-09-24T14:51:37.8911716Z Changes: https://docs.platformio.org/en/latest/history.html
2023-09-24T14:51:37.8912235Z ********************************************************************************
2023-09-24T14:51:37.8912527Z 
2023-09-24T14:51:37.9002654Z 
2023-09-24T14:51:37.9003655Z ********************************************************************************
2023-09-24T14:51:37.9004391Z We found 1.24MB of unnecessary PlatformIO system data (temporary files, unnecessary packages, etc.).
2023-09-24T14:51:37.9005657Z Use `pio system prune --dry-run` to list them or `pio system prune` to save disk space.
2023-09-24T14:51:37.9363230Z ##[group]Run actions/upload-artifact@v2
2023-09-24T14:51:37.9363541Z with:
2023-09-24T14:51:37.9363813Z   name: firmware-esp32dev_audioreactive
2023-09-24T14:51:37.9364171Z   path: build_output/firmware/*.bin
build_output/firmware/*.gz

2023-09-24T14:51:37.9364664Z   if-no-files-found: warn
2023-09-24T14:51:37.9364922Z env:
2023-09-24T14:51:37.9365226Z   pythonLocation: /opt/hostedtoolcache/Python/3.9.18/x64
2023-09-24T14:51:37.9365625Z   PKG_CONFIG_PATH: /opt/hostedtoolcache/Python/3.9.18/x64/lib/pkgconfig
2023-09-24T14:51:37.9366013Z   Python_ROOT_DIR: /opt/hostedtoolcache/Python/3.9.18/x64
2023-09-24T14:51:37.9366370Z   Python2_ROOT_DIR: /opt/hostedtoolcache/Python/3.9.18/x64
2023-09-24T14:51:37.9366734Z   Python3_ROOT_DIR: /opt/hostedtoolcache/Python/3.9.18/x64
2023-09-24T14:51:37.9367108Z   LD_LIBRARY_PATH: /opt/hostedtoolcache/Python/3.9.18/x64/lib
2023-09-24T14:51:37.9367418Z ##[endgroup]
2023-09-24T14:51:38.0051569Z With the provided path, there will be 2 files uploaded
2023-09-24T14:51:38.0054642Z Starting artifact upload
2023-09-24T14:51:38.0055715Z For more detailed logs during the artifact upload process, enable step-debugging: https://docs.github.com/actions/monitoring-and-troubleshooting-workflows/enabling-debug-logging#enabling-step-debug-logging
2023-09-24T14:51:38.0056460Z Artifact name is valid!
2023-09-24T14:51:38.0806884Z Container for artifact "firmware-esp32dev_audioreactive" successfully created. Starting upload of file(s)
2023-09-24T14:51:38.3710650Z Total size of all the files uploaded is 1741246 bytes
2023-09-24T14:51:38.3711158Z File upload process has finished. Finalizing the artifact upload
2023-09-24T14:51:38.4167092Z Artifact has been finalized. All files have been successfully uploaded!
2023-09-24T14:51:38.4167437Z 
2023-09-24T14:51:38.4167682Z The raw size of all the files that were specified for upload is 2181546 bytes
2023-09-24T14:51:38.4168396Z The size of all the files that were uploaded is 1741246 bytes. This takes into account any gzip compression used to reduce the upload size, time and storage
2023-09-24T14:51:38.4168808Z 
2023-09-24T14:51:38.4169492Z Note: The size of downloaded zips can differ significantly from the reported size. For more information see: https://github.com/actions/upload-artifact#zipped-artifact-downloads 
2023-09-24T14:51:38.4169976Z 
2023-09-24T14:51:38.4170316Z Artifact firmware-esp32dev_audioreactive has been successfully uploaded!
2023-09-24T14:51:38.4262097Z Post job cleanup.
2023-09-24T14:51:38.8314178Z Post job cleanup.
2023-09-24T14:51:38.9853427Z Cache hit occurred on the primary key Linux-, not saving cache.
2023-09-24T14:51:39.2506922Z Post job cleanup.
2023-09-24T14:51:39.4081517Z Cache hit occurred on the primary key Linux-pip-81ff51cfad9e9eb735c6b16e2b137bb04b536de75d900d6b02aa29724c130501, not saving cache.
2023-09-24T14:51:39.4192665Z Post job cleanup.
2023-09-24T14:51:39.6175764Z [command]/usr/bin/git version
2023-09-24T14:51:39.6176782Z git version 2.42.0
2023-09-24T14:51:39.6180856Z Temporarily overriding HOME='/home/runner/work/_temp/a233e410-28e2-408d-99cd-c2f6d4eda22d' before making global git config changes
2023-09-24T14:51:39.6181502Z Adding repository directory to the temporary git global config as a safe directory
2023-09-24T14:51:39.6182176Z [command]/usr/bin/git config --global --add safe.directory /home/runner/work/WLED/WLED
2023-09-24T14:51:39.6183360Z [command]/usr/bin/git config --local --name-only --get-regexp core\.sshCommand
2023-09-24T14:51:39.6184739Z [command]/usr/bin/git submodule foreach --recursive sh -c "git config --local --name-only --get-regexp 'core\.sshCommand' && git config --local --unset-all 'core.sshCommand' || :"
2023-09-24T14:51:39.6186080Z [command]/usr/bin/git config --local --name-only --get-regexp http\.https\:\/\/github\.com\/\.extraheader
2023-09-24T14:51:39.6186668Z http.https://github.com/.extraheader
2023-09-24T14:51:39.6187829Z [command]/usr/bin/git config --local --unset-all http.https://github.com/.extraheader
2023-09-24T14:51:39.6190209Z [command]/usr/bin/git submodule foreach --recursive sh -c "git config --local --name-only --get-regexp 'http\.https\:\/\/github\.com\/\.extraheader' && git config --local --unset-all 'http.https://github.com/.extraheader' || :"
2023-09-24T14:51:39.6381197Z Cleaning up orphan processes
