2023-09-24T15:00:01.0864752Z Requested labels: ubuntu-latest
2023-09-24T15:00:01.0865063Z Job defined at: Aircoookie/WLED/.github/workflows/wled-ci.yml@refs/heads/0_15
2023-09-24T15:00:01.0865200Z Waiting for a runner to pick up this job...
2023-09-24T15:00:01.5248116Z Job is waiting for a hosted runner to come online.
2023-09-24T15:00:03.7534882Z Job is about to start running on the hosted runner: GitHub Actions 8 (hosted)
2023-09-24T15:00:06.1263326Z Current runner version: '2.309.0'
2023-09-24T15:00:06.1293247Z ##[group]Operating System
2023-09-24T15:00:06.1293956Z Ubuntu
2023-09-24T15:00:06.1294245Z 22.04.3
2023-09-24T15:00:06.1294552Z LTS
2023-09-24T15:00:06.1294827Z ##[endgroup]
2023-09-24T15:00:06.1295178Z ##[group]Runner Image
2023-09-24T15:00:06.1295653Z Image: ubuntu-22.04
2023-09-24T15:00:06.1296035Z Version: 20230917.1.0
2023-09-24T15:00:06.1296555Z Included Software: https://github.com/actions/runner-images/blob/ubuntu22/20230917.1/images/linux/Ubuntu2204-Readme.md
2023-09-24T15:00:06.1297243Z Image Release: https://github.com/actions/runner-images/releases/tag/ubuntu22%2F20230917.1
2023-09-24T15:00:06.1297784Z ##[endgroup]
2023-09-24T15:00:06.1298142Z ##[group]Runner Image Provisioner
2023-09-24T15:00:06.1298510Z 2.0.299.1
2023-09-24T15:00:06.1298826Z ##[endgroup]
2023-09-24T15:00:06.1299833Z ##[group]GITHUB_TOKEN Permissions
2023-09-24T15:00:06.1301702Z Actions: write
2023-09-24T15:00:06.1302022Z Checks: write
2023-09-24T15:00:06.1302583Z Contents: write
2023-09-24T15:00:06.1303147Z Deployments: write
2023-09-24T15:00:06.1303519Z Discussions: write
2023-09-24T15:00:06.1303823Z Issues: write
2023-09-24T15:00:06.1304176Z Metadata: read
2023-09-24T15:00:06.1304595Z Packages: write
2023-09-24T15:00:06.1304918Z Pages: write
2023-09-24T15:00:06.1305269Z PullRequests: write
2023-09-24T15:00:06.1305658Z RepositoryProjects: write
2023-09-24T15:00:06.1306019Z SecurityEvents: write
2023-09-24T15:00:06.1306439Z Statuses: write
2023-09-24T15:00:06.1306789Z ##[endgroup]
2023-09-24T15:00:06.1310342Z Secret source: Actions
2023-09-24T15:00:06.1310960Z Prepare workflow directory
2023-09-24T15:00:06.2062093Z Prepare all required actions
2023-09-24T15:00:06.2262897Z Getting action download info
2023-09-24T15:00:06.4365584Z Download action repository 'actions/checkout@v3' (SHA:f43a0e5ff2bd294095638e18286ca9a3d1956744)
2023-09-24T15:00:06.8506816Z Download action repository 'actions/cache@v3' (SHA:704facf57e6136b1bc63b828d79edcd491f0ee84)
2023-09-24T15:00:07.1675225Z Download action repository 'actions/setup-python@v4' (SHA:61a6322f88396a6271a6ee3565807d608ecaddd1)
2023-09-24T15:00:07.4263593Z Download action repository 'actions/upload-artifact@v2' (SHA:82c141cc518b40d92cc801eee768e7aafc9c2fa2)
2023-09-24T15:00:07.7888581Z Complete job name: Build Enviornments (esp32s3dev_8MB_PSRAM_opi)
2023-09-24T15:00:07.8859015Z ##[group]Run actions/checkout@v3
2023-09-24T15:00:07.8859340Z with:
2023-09-24T15:00:07.8859571Z   repository: Aircoookie/WLED
2023-09-24T15:00:07.8860082Z   token: ***
2023-09-24T15:00:07.8860320Z   ssh-strict: true
2023-09-24T15:00:07.8860569Z   persist-credentials: true
2023-09-24T15:00:07.8860817Z   clean: true
2023-09-24T15:00:07.8861077Z   sparse-checkout-cone-mode: true
2023-09-24T15:00:07.8861329Z   fetch-depth: 1
2023-09-24T15:00:07.8861565Z   fetch-tags: false
2023-09-24T15:00:07.8861794Z   lfs: false
2023-09-24T15:00:07.8862018Z   submodules: false
2023-09-24T15:00:07.8862267Z   set-safe-directory: true
2023-09-24T15:00:07.8862513Z ##[endgroup]
2023-09-24T15:00:08.1713361Z Syncing repository: Aircoookie/WLED
2023-09-24T15:00:08.1715120Z ##[group]Getting Git version info
2023-09-24T15:00:08.1715690Z Working directory is '/home/runner/work/WLED/WLED'
2023-09-24T15:00:08.1716256Z [command]/usr/bin/git version
2023-09-24T15:00:08.1853611Z git version 2.42.0
2023-09-24T15:00:08.1870400Z ##[endgroup]
2023-09-24T15:00:08.1890098Z Temporarily overriding HOME='/home/runner/work/_temp/c65204c5-6f3e-49bb-8279-67db4c31fccf' before making global git config changes
2023-09-24T15:00:08.1891781Z Adding repository directory to the temporary git global config as a safe directory
2023-09-24T15:00:08.1898027Z [command]/usr/bin/git config --global --add safe.directory /home/runner/work/WLED/WLED
2023-09-24T15:00:08.1950226Z Deleting the contents of '/home/runner/work/WLED/WLED'
2023-09-24T15:00:08.1956300Z ##[group]Initializing the repository
2023-09-24T15:00:08.1961394Z [command]/usr/bin/git init /home/runner/work/WLED/WLED
2023-09-24T15:00:08.2094315Z hint: Using 'master' as the name for the initial branch. This default branch name
2023-09-24T15:00:08.2095470Z hint: is subject to change. To configure the initial branch name to use in all
2023-09-24T15:00:08.2096040Z hint: of your new repositories, which will suppress this warning, call:
2023-09-24T15:00:08.2096446Z hint: 
2023-09-24T15:00:08.2097368Z hint: 	git config --global init.defaultBranch <name>
2023-09-24T15:00:08.2097747Z hint: 
2023-09-24T15:00:08.2098621Z hint: Names commonly chosen instead of 'master' are 'main', 'trunk' and
2023-09-24T15:00:08.2099239Z hint: 'development'. The just-created branch can be renamed via this command:
2023-09-24T15:00:08.2099646Z hint: 
2023-09-24T15:00:08.2100389Z hint: 	git branch -m <name>
2023-09-24T15:00:08.2101114Z Initialized empty Git repository in /home/runner/work/WLED/WLED/.git/
2023-09-24T15:00:08.2108807Z [command]/usr/bin/git remote add origin https://github.com/Aircoookie/WLED
2023-09-24T15:00:08.2157331Z ##[endgroup]
2023-09-24T15:00:08.2157923Z ##[group]Disabling automatic garbage collection
2023-09-24T15:00:08.2163706Z [command]/usr/bin/git config --local gc.auto 0
2023-09-24T15:00:08.2227669Z ##[endgroup]
2023-09-24T15:00:08.2228345Z ##[group]Setting up auth
2023-09-24T15:00:08.2229386Z [command]/usr/bin/git config --local --name-only --get-regexp core\.sshCommand
2023-09-24T15:00:08.2255790Z [command]/usr/bin/git submodule foreach --recursive sh -c "git config --local --name-only --get-regexp 'core\.sshCommand' && git config --local --unset-all 'core.sshCommand' || :"
2023-09-24T15:00:08.2732947Z [command]/usr/bin/git config --local --name-only --get-regexp http\.https\:\/\/github\.com\/\.extraheader
2023-09-24T15:00:08.2762353Z [command]/usr/bin/git submodule foreach --recursive sh -c "git config --local --name-only --get-regexp 'http\.https\:\/\/github\.com\/\.extraheader' && git config --local --unset-all 'http.https://github.com/.extraheader' || :"
2023-09-24T15:00:08.3026666Z [command]/usr/bin/git config --local http.https://github.com/.extraheader AUTHORIZATION: basic ***
2023-09-24T15:00:08.3074502Z ##[endgroup]
2023-09-24T15:00:08.3075345Z ##[group]Fetching the repository
2023-09-24T15:00:08.3084580Z [command]/usr/bin/git -c protocol.version=2 fetch --no-tags --prune --progress --no-recurse-submodules --depth=1 origin +d011ca0626851668fbedcae187952ae61b64b4b9:refs/remotes/origin/0_15
2023-09-24T15:00:08.5567877Z remote: Enumerating objects: 496, done.        
2023-09-24T15:00:08.5573886Z remote: Counting objects:   0% (1/496)        
2023-09-24T15:00:08.5574749Z remote: Counting objects:   1% (5/496)        
2023-09-24T15:00:08.5575352Z remote: Counting objects:   2% (10/496)        
2023-09-24T15:00:08.5575922Z remote: Counting objects:   3% (15/496)        
2023-09-24T15:00:08.5576487Z remote: Counting objects:   4% (20/496)        
2023-09-24T15:00:08.5577054Z remote: Counting objects:   5% (25/496)        
2023-09-24T15:00:08.5577516Z remote: Counting objects:   6% (30/496)        
2023-09-24T15:00:08.5578359Z remote: Counting objects:   7% (35/496)        
2023-09-24T15:00:08.5578950Z remote: Counting objects:   8% (40/496)        
2023-09-24T15:00:08.5579516Z remote: Counting objects:   9% (45/496)        
2023-09-24T15:00:08.5580064Z remote: Counting objects:  10% (50/496)        
2023-09-24T15:00:08.5581179Z remote: Counting objects:  11% (55/496)        
2023-09-24T15:00:08.5581681Z remote: Counting objects:  12% (60/496)        
2023-09-24T15:00:08.5582318Z remote: Counting objects:  13% (65/496)        
2023-09-24T15:00:08.5582802Z remote: Counting objects:  14% (70/496)        
2023-09-24T15:00:08.5583389Z remote: Counting objects:  15% (75/496)        
2023-09-24T15:00:08.5584018Z remote: Counting objects:  16% (80/496)        
2023-09-24T15:00:08.5584527Z remote: Counting objects:  17% (85/496)        
2023-09-24T15:00:08.5585081Z remote: Counting objects:  18% (90/496)        
2023-09-24T15:00:08.5585577Z remote: Counting objects:  19% (95/496)        
2023-09-24T15:00:08.5586139Z remote: Counting objects:  20% (100/496)        
2023-09-24T15:00:08.5586913Z remote: Counting objects:  21% (105/496)        
2023-09-24T15:00:08.5587426Z remote: Counting objects:  22% (110/496)        
2023-09-24T15:00:08.5587986Z remote: Counting objects:  23% (115/496)        
2023-09-24T15:00:08.5588516Z remote: Counting objects:  24% (120/496)        
2023-09-24T15:00:08.5589081Z remote: Counting objects:  25% (124/496)        
2023-09-24T15:00:08.5589552Z remote: Counting objects:  26% (129/496)        
2023-09-24T15:00:08.5590139Z remote: Counting objects:  27% (134/496)        
2023-09-24T15:00:08.5590987Z remote: Counting objects:  28% (139/496)        
2023-09-24T15:00:08.5591558Z remote: Counting objects:  29% (144/496)        
2023-09-24T15:00:08.5591956Z remote: Counting objects:  30% (149/496)        
2023-09-24T15:00:08.5592553Z remote: Counting objects:  31% (154/496)        
2023-09-24T15:00:08.5593073Z remote: Counting objects:  32% (159/496)        
2023-09-24T15:00:08.5593649Z remote: Counting objects:  33% (164/496)        
2023-09-24T15:00:08.5594194Z remote: Counting objects:  34% (169/496)        
2023-09-24T15:00:08.5594720Z remote: Counting objects:  35% (174/496)        
2023-09-24T15:00:08.5595232Z remote: Counting objects:  36% (179/496)        
2023-09-24T15:00:08.5595744Z remote: Counting objects:  37% (184/496)        
2023-09-24T15:00:08.5596341Z remote: Counting objects:  38% (189/496)        
2023-09-24T15:00:08.5596837Z remote: Counting objects:  39% (194/496)        
2023-09-24T15:00:08.5597366Z remote: Counting objects:  40% (199/496)        
2023-09-24T15:00:08.5597945Z remote: Counting objects:  41% (204/496)        
2023-09-24T15:00:08.5600090Z remote: Counting objects:  42% (209/496)        
2023-09-24T15:00:08.5600409Z remote: Counting objects:  43% (214/496)        
2023-09-24T15:00:08.5601042Z remote: Counting objects:  44% (219/496)        
2023-09-24T15:00:08.5601351Z remote: Counting objects:  45% (224/496)        
2023-09-24T15:00:08.5601996Z remote: Counting objects:  46% (229/496)        
2023-09-24T15:00:08.5602293Z remote: Counting objects:  47% (234/496)        
2023-09-24T15:00:08.5602623Z remote: Counting objects:  48% (239/496)        
2023-09-24T15:00:08.5602915Z remote: Counting objects:  49% (244/496)        
2023-09-24T15:00:08.5603204Z remote: Counting objects:  50% (248/496)        
2023-09-24T15:00:08.5603743Z remote: Counting objects:  51% (253/496)        
2023-09-24T15:00:08.5604045Z remote: Counting objects:  52% (258/496)        
2023-09-24T15:00:08.5604342Z remote: Counting objects:  53% (263/496)        
2023-09-24T15:00:08.5604623Z remote: Counting objects:  54% (268/496)        
2023-09-24T15:00:08.5604913Z remote: Counting objects:  55% (273/496)        
2023-09-24T15:00:08.5605207Z remote: Counting objects:  56% (278/496)        
2023-09-24T15:00:08.5605489Z remote: Counting objects:  57% (283/496)        
2023-09-24T15:00:08.5605783Z remote: Counting objects:  58% (288/496)        
2023-09-24T15:00:08.5606076Z remote: Counting objects:  59% (293/496)        
2023-09-24T15:00:08.5606372Z remote: Counting objects:  60% (298/496)        
2023-09-24T15:00:08.5606656Z remote: Counting objects:  61% (303/496)        
2023-09-24T15:00:08.5606944Z remote: Counting objects:  62% (308/496)        
2023-09-24T15:00:08.5607239Z remote: Counting objects:  63% (313/496)        
2023-09-24T15:00:08.5607523Z remote: Counting objects:  64% (318/496)        
2023-09-24T15:00:08.5607939Z remote: Counting objects:  65% (323/496)        
2023-09-24T15:00:08.5608237Z remote: Counting objects:  66% (328/496)        
2023-09-24T15:00:08.5608526Z remote: Counting objects:  67% (333/496)        
2023-09-24T15:00:08.5608805Z remote: Counting objects:  68% (338/496)        
2023-09-24T15:00:08.5609097Z remote: Counting objects:  69% (343/496)        
2023-09-24T15:00:08.5609386Z remote: Counting objects:  70% (348/496)        
2023-09-24T15:00:08.5609668Z remote: Counting objects:  71% (353/496)        
2023-09-24T15:00:08.5609962Z remote: Counting objects:  72% (358/496)        
2023-09-24T15:00:08.5610257Z remote: Counting objects:  73% (363/496)        
2023-09-24T15:00:08.5610666Z remote: Counting objects:  74% (368/496)        
2023-09-24T15:00:08.5610956Z remote: Counting objects:  75% (372/496)        
2023-09-24T15:00:08.5611243Z remote: Counting objects:  76% (377/496)        
2023-09-24T15:00:08.5611542Z remote: Counting objects:  77% (382/496)        
2023-09-24T15:00:08.5611826Z remote: Counting objects:  78% (387/496)        
2023-09-24T15:00:08.5612115Z remote: Counting objects:  79% (392/496)        
2023-09-24T15:00:08.5612555Z remote: Counting objects:  80% (397/496)        
2023-09-24T15:00:08.5612843Z remote: Counting objects:  81% (402/496)        
2023-09-24T15:00:08.5613130Z remote: Counting objects:  82% (407/496)        
2023-09-24T15:00:08.5613421Z remote: Counting objects:  83% (412/496)        
2023-09-24T15:00:08.5613699Z remote: Counting objects:  84% (417/496)        
2023-09-24T15:00:08.5613990Z remote: Counting objects:  85% (422/496)        
2023-09-24T15:00:08.5614281Z remote: Counting objects:  86% (427/496)        
2023-09-24T15:00:08.5614577Z remote: Counting objects:  87% (432/496)        
2023-09-24T15:00:08.5614860Z remote: Counting objects:  88% (437/496)        
2023-09-24T15:00:08.5615151Z remote: Counting objects:  89% (442/496)        
2023-09-24T15:00:08.5615442Z remote: Counting objects:  90% (447/496)        
2023-09-24T15:00:08.5615730Z remote: Counting objects:  91% (452/496)        
2023-09-24T15:00:08.5616021Z remote: Counting objects:  92% (457/496)        
2023-09-24T15:00:08.5616311Z remote: Counting objects:  93% (462/496)        
2023-09-24T15:00:08.5616619Z remote: Counting objects:  94% (467/496)        
2023-09-24T15:00:08.5616911Z remote: Counting objects:  95% (472/496)        
2023-09-24T15:00:08.5617205Z remote: Counting objects:  96% (477/496)        
2023-09-24T15:00:08.5617484Z remote: Counting objects:  97% (482/496)        
2023-09-24T15:00:08.5617775Z remote: Counting objects:  98% (487/496)        
2023-09-24T15:00:08.5618072Z remote: Counting objects:  99% (492/496)        
2023-09-24T15:00:08.5618376Z remote: Counting objects: 100% (496/496)        
2023-09-24T15:00:08.5618922Z remote: Counting objects: 100% (496/496), done.        
2023-09-24T15:00:08.5619258Z remote: Compressing objects:   0% (1/448)        
2023-09-24T15:00:08.5619578Z remote: Compressing objects:   1% (5/448)        
2023-09-24T15:00:08.5620045Z remote: Compressing objects:   2% (9/448)        
2023-09-24T15:00:08.5620399Z remote: Compressing objects:   3% (14/448)        
2023-09-24T15:00:08.5621102Z remote: Compressing objects:   4% (18/448)        
2023-09-24T15:00:08.5621443Z remote: Compressing objects:   5% (23/448)        
2023-09-24T15:00:08.5622098Z remote: Compressing objects:   6% (27/448)        
2023-09-24T15:00:08.5622676Z remote: Compressing objects:   7% (32/448)        
2023-09-24T15:00:08.5623401Z remote: Compressing objects:   8% (36/448)        
2023-09-24T15:00:08.5623793Z remote: Compressing objects:   9% (41/448)        
2023-09-24T15:00:08.5624379Z remote: Compressing objects:  10% (45/448)        
2023-09-24T15:00:08.5624948Z remote: Compressing objects:  11% (50/448)        
2023-09-24T15:00:08.5625259Z remote: Compressing objects:  12% (54/448)        
2023-09-24T15:00:08.5643256Z remote: Compressing objects:  13% (59/448)        
2023-09-24T15:00:08.5695337Z remote: Compressing objects:  14% (63/448)        
2023-09-24T15:00:08.5757508Z remote: Compressing objects:  15% (68/448)        
2023-09-24T15:00:08.5768277Z remote: Compressing objects:  16% (72/448)        
2023-09-24T15:00:08.5771071Z remote: Compressing objects:  17% (77/448)        
2023-09-24T15:00:08.5777034Z remote: Compressing objects:  18% (81/448)        
2023-09-24T15:00:08.5795164Z remote: Compressing objects:  19% (86/448)        
2023-09-24T15:00:08.5831983Z remote: Compressing objects:  20% (90/448)        
2023-09-24T15:00:08.5832346Z remote: Compressing objects:  21% (95/448)        
2023-09-24T15:00:08.5832651Z remote: Compressing objects:  22% (99/448)        
2023-09-24T15:00:08.5866034Z remote: Compressing objects:  23% (104/448)        
2023-09-24T15:00:08.5875762Z remote: Compressing objects:  24% (108/448)        
2023-09-24T15:00:08.5906927Z remote: Compressing objects:  25% (112/448)        
2023-09-24T15:00:08.5907401Z remote: Compressing objects:  26% (117/448)        
2023-09-24T15:00:08.5919664Z remote: Compressing objects:  27% (121/448)        
2023-09-24T15:00:08.5920249Z remote: Compressing objects:  28% (126/448)        
2023-09-24T15:00:08.5945307Z remote: Compressing objects:  29% (130/448)        
2023-09-24T15:00:08.5955747Z remote: Compressing objects:  30% (135/448)        
2023-09-24T15:00:08.5966525Z remote: Compressing objects:  31% (139/448)        
2023-09-24T15:00:08.5981518Z remote: Compressing objects:  32% (144/448)        
2023-09-24T15:00:08.5985641Z remote: Compressing objects:  33% (148/448)        
2023-09-24T15:00:08.5986098Z remote: Compressing objects:  34% (153/448)        
2023-09-24T15:00:08.6004114Z remote: Compressing objects:  35% (157/448)        
2023-09-24T15:00:08.6004505Z remote: Compressing objects:  36% (162/448)        
2023-09-24T15:00:08.6004810Z remote: Compressing objects:  37% (166/448)        
2023-09-24T15:00:08.6005123Z remote: Compressing objects:  38% (171/448)        
2023-09-24T15:00:08.6005433Z remote: Compressing objects:  39% (175/448)        
2023-09-24T15:00:08.6005901Z remote: Compressing objects:  40% (180/448)        
2023-09-24T15:00:08.6006218Z remote: Compressing objects:  41% (184/448)        
2023-09-24T15:00:08.6006530Z remote: Compressing objects:  42% (189/448)        
2023-09-24T15:00:08.6007200Z remote: Compressing objects:  43% (193/448)        
2023-09-24T15:00:08.6007633Z remote: Compressing objects:  44% (198/448)        
2023-09-24T15:00:08.6007946Z remote: Compressing objects:  45% (202/448)        
2023-09-24T15:00:08.6008379Z remote: Compressing objects:  46% (207/448)        
2023-09-24T15:00:08.6008720Z remote: Compressing objects:  47% (211/448)        
2023-09-24T15:00:08.6009029Z remote: Compressing objects:  48% (216/448)        
2023-09-24T15:00:08.6009353Z remote: Compressing objects:  49% (220/448)        
2023-09-24T15:00:08.6009648Z remote: Compressing objects:  50% (224/448)        
2023-09-24T15:00:08.6009999Z remote: Compressing objects:  51% (229/448)        
2023-09-24T15:00:08.6010309Z remote: Compressing objects:  52% (233/448)        
2023-09-24T15:00:08.6010982Z remote: Compressing objects:  53% (238/448)        
2023-09-24T15:00:08.6011302Z remote: Compressing objects:  54% (242/448)        
2023-09-24T15:00:08.6011794Z remote: Compressing objects:  55% (247/448)        
2023-09-24T15:00:08.6013132Z remote: Compressing objects:  56% (251/448)        
2023-09-24T15:00:08.6013607Z remote: Compressing objects:  57% (256/448)        
2023-09-24T15:00:08.6014208Z remote: Compressing objects:  58% (260/448)        
2023-09-24T15:00:08.6061885Z remote: Compressing objects:  59% (265/448)        
2023-09-24T15:00:08.6062332Z remote: Compressing objects:  60% (269/448)        
2023-09-24T15:00:08.6079621Z remote: Compressing objects:  61% (274/448)        
2023-09-24T15:00:08.6080122Z remote: Compressing objects:  62% (278/448)        
2023-09-24T15:00:08.6084653Z remote: Compressing objects:  63% (283/448)        
2023-09-24T15:00:08.6115749Z remote: Compressing objects:  64% (287/448)        
2023-09-24T15:00:08.6142978Z remote: Compressing objects:  65% (292/448)        
2023-09-24T15:00:08.6155492Z remote: Compressing objects:  66% (296/448)        
2023-09-24T15:00:08.6208294Z remote: Compressing objects:  67% (301/448)        
2023-09-24T15:00:08.6209399Z remote: Compressing objects:  68% (305/448)        
2023-09-24T15:00:08.6231486Z remote: Compressing objects:  69% (310/448)        
2023-09-24T15:00:08.6236729Z remote: Compressing objects:  70% (314/448)        
2023-09-24T15:00:08.6273174Z remote: Compressing objects:  71% (319/448)        
2023-09-24T15:00:08.6297244Z remote: Compressing objects:  72% (323/448)        
2023-09-24T15:00:08.6328089Z remote: Compressing objects:  73% (328/448)        
2023-09-24T15:00:08.6360180Z remote: Compressing objects:  74% (332/448)        
2023-09-24T15:00:08.6436505Z remote: Compressing objects:  75% (336/448)        
2023-09-24T15:00:08.6436990Z remote: Compressing objects:  76% (341/448)        
2023-09-24T15:00:08.6463280Z remote: Compressing objects:  77% (345/448)        
2023-09-24T15:00:08.6469776Z remote: Compressing objects:  78% (350/448)        
2023-09-24T15:00:08.6470544Z remote: Compressing objects:  79% (354/448)        
2023-09-24T15:00:08.6473950Z remote: Compressing objects:  80% (359/448)        
2023-09-24T15:00:08.6474429Z remote: Compressing objects:  81% (363/448)        
2023-09-24T15:00:08.6475003Z remote: Compressing objects:  82% (368/448)        
2023-09-24T15:00:08.6475581Z remote: Compressing objects:  83% (372/448)        
2023-09-24T15:00:08.6476379Z remote: Compressing objects:  84% (377/448)        
2023-09-24T15:00:08.6476766Z remote: Compressing objects:  85% (381/448)        
2023-09-24T15:00:08.6477109Z remote: Compressing objects:  86% (386/448)        
2023-09-24T15:00:08.6477532Z remote: Compressing objects:  87% (390/448)        
2023-09-24T15:00:08.6478218Z remote: Compressing objects:  88% (395/448)        
2023-09-24T15:00:08.6479087Z remote: Compressing objects:  89% (399/448)        
2023-09-24T15:00:08.6479540Z remote: Compressing objects:  90% (404/448)        
2023-09-24T15:00:08.6480114Z remote: Compressing objects:  91% (408/448)        
2023-09-24T15:00:08.6480565Z remote: Compressing objects:  92% (413/448)        
2023-09-24T15:00:08.6481291Z remote: Compressing objects:  93% (417/448)        
2023-09-24T15:00:08.6481781Z remote: Compressing objects:  94% (422/448)        
2023-09-24T15:00:08.6482259Z remote: Compressing objects:  95% (426/448)        
2023-09-24T15:00:08.6482679Z remote: Compressing objects:  96% (431/448)        
2023-09-24T15:00:08.6483315Z remote: Compressing objects:  97% (435/448)        
2023-09-24T15:00:08.6483908Z remote: Compressing objects:  98% (440/448)        
2023-09-24T15:00:08.6484385Z remote: Compressing objects:  99% (444/448)        
2023-09-24T15:00:08.6484821Z remote: Compressing objects: 100% (448/448)        
2023-09-24T15:00:08.6485609Z remote: Compressing objects: 100% (448/448), done.        
2023-09-24T15:00:08.6531672Z Receiving objects:   0% (1/496)
2023-09-24T15:00:08.6532697Z Receiving objects:   1% (5/496)
2023-09-24T15:00:08.6535479Z Receiving objects:   2% (10/496)
2023-09-24T15:00:08.6535987Z Receiving objects:   3% (15/496)
2023-09-24T15:00:08.6561317Z Receiving objects:   4% (20/496)
2023-09-24T15:00:08.7609873Z Receiving objects:   5% (25/496)
2023-09-24T15:00:08.7616221Z Receiving objects:   6% (30/496)
2023-09-24T15:00:08.7662885Z Receiving objects:   7% (35/496)
2023-09-24T15:00:08.7666354Z Receiving objects:   8% (40/496)
2023-09-24T15:00:08.7668011Z Receiving objects:   9% (45/496)
2023-09-24T15:00:08.7669035Z Receiving objects:  10% (50/496)
2023-09-24T15:00:08.7670534Z Receiving objects:  11% (55/496)
2023-09-24T15:00:08.7672127Z Receiving objects:  12% (60/496)
2023-09-24T15:00:08.7674222Z Receiving objects:  13% (65/496)
2023-09-24T15:00:08.7678397Z Receiving objects:  14% (70/496)
2023-09-24T15:00:08.7679896Z Receiving objects:  15% (75/496)
2023-09-24T15:00:08.7729546Z Receiving objects:  16% (80/496)
2023-09-24T15:00:08.7793989Z Receiving objects:  17% (85/496)
2023-09-24T15:00:08.7839090Z Receiving objects:  18% (90/496)
2023-09-24T15:00:08.7839891Z Receiving objects:  19% (95/496)
2023-09-24T15:00:08.7841845Z Receiving objects:  20% (100/496)
2023-09-24T15:00:08.7901753Z Receiving objects:  21% (105/496)
2023-09-24T15:00:08.8015432Z Receiving objects:  22% (110/496)
2023-09-24T15:00:08.8016178Z Receiving objects:  23% (115/496)
2023-09-24T15:00:08.8018472Z Receiving objects:  24% (120/496)
2023-09-24T15:00:08.8020381Z Receiving objects:  25% (124/496)
2023-09-24T15:00:08.8025130Z Receiving objects:  26% (129/496)
2023-09-24T15:00:08.8028426Z Receiving objects:  27% (134/496)
2023-09-24T15:00:08.8033777Z Receiving objects:  28% (139/496)
2023-09-24T15:00:08.8037146Z Receiving objects:  29% (144/496)
2023-09-24T15:00:08.8038188Z Receiving objects:  30% (149/496)
2023-09-24T15:00:08.8041397Z Receiving objects:  31% (154/496)
2023-09-24T15:00:08.8065129Z Receiving objects:  32% (159/496)
2023-09-24T15:00:08.8126118Z Receiving objects:  33% (164/496)
2023-09-24T15:00:08.8999027Z Receiving objects:  34% (169/496)
2023-09-24T15:00:08.9332229Z Receiving objects:  35% (174/496)
2023-09-24T15:00:08.9336400Z Receiving objects:  36% (179/496)
2023-09-24T15:00:08.9356607Z Receiving objects:  37% (184/496)
2023-09-24T15:00:08.9466151Z Receiving objects:  38% (189/496)
2023-09-24T15:00:08.9535588Z Receiving objects:  39% (194/496)
2023-09-24T15:00:08.9538259Z Receiving objects:  40% (199/496)
2023-09-24T15:00:08.9542862Z Receiving objects:  41% (204/496)
2023-09-24T15:00:08.9549260Z Receiving objects:  42% (209/496)
2023-09-24T15:00:08.9552670Z Receiving objects:  43% (214/496)
2023-09-24T15:00:08.9557883Z Receiving objects:  44% (219/496)
2023-09-24T15:00:08.9562921Z Receiving objects:  45% (224/496)
2023-09-24T15:00:08.9565936Z Receiving objects:  46% (229/496)
2023-09-24T15:00:08.9570366Z Receiving objects:  47% (234/496)
2023-09-24T15:00:08.9575722Z Receiving objects:  48% (239/496)
2023-09-24T15:00:08.9578686Z Receiving objects:  49% (244/496)
2023-09-24T15:00:08.9582309Z Receiving objects:  50% (248/496)
2023-09-24T15:00:08.9587353Z Receiving objects:  51% (253/496)
2023-09-24T15:00:08.9602164Z Receiving objects:  52% (258/496)
2023-09-24T15:00:08.9605937Z Receiving objects:  53% (263/496)
2023-09-24T15:00:08.9608662Z Receiving objects:  54% (268/496)
2023-09-24T15:00:08.9613175Z Receiving objects:  55% (273/496)
2023-09-24T15:00:08.9621672Z Receiving objects:  56% (278/496)
2023-09-24T15:00:08.9623895Z Receiving objects:  57% (283/496)
2023-09-24T15:00:08.9628333Z Receiving objects:  58% (288/496)
2023-09-24T15:00:08.9674389Z Receiving objects:  59% (293/496)
2023-09-24T15:00:08.9690490Z Receiving objects:  60% (298/496)
2023-09-24T15:00:08.9707059Z Receiving objects:  61% (303/496)
2023-09-24T15:00:08.9711588Z Receiving objects:  62% (308/496)
2023-09-24T15:00:08.9718370Z Receiving objects:  63% (313/496)
2023-09-24T15:00:08.9720324Z Receiving objects:  64% (318/496)
2023-09-24T15:00:08.9725119Z Receiving objects:  65% (323/496)
2023-09-24T15:00:08.9748149Z Receiving objects:  66% (328/496)
2023-09-24T15:00:08.9750180Z Receiving objects:  67% (333/496)
2023-09-24T15:00:08.9756536Z Receiving objects:  68% (338/496)
2023-09-24T15:00:08.9765500Z Receiving objects:  69% (343/496)
2023-09-24T15:00:08.9775186Z Receiving objects:  70% (348/496)
2023-09-24T15:00:08.9781364Z Receiving objects:  71% (353/496)
2023-09-24T15:00:08.9791121Z Receiving objects:  72% (358/496)
2023-09-24T15:00:08.9795340Z Receiving objects:  73% (363/496)
2023-09-24T15:00:08.9816064Z Receiving objects:  74% (368/496)
2023-09-24T15:00:08.9884932Z Receiving objects:  75% (372/496)
2023-09-24T15:00:08.9897182Z Receiving objects:  76% (377/496)
2023-09-24T15:00:08.9901034Z Receiving objects:  77% (382/496)
2023-09-24T15:00:08.9907715Z Receiving objects:  78% (387/496)
2023-09-24T15:00:08.9914252Z Receiving objects:  79% (392/496)
2023-09-24T15:00:08.9922732Z Receiving objects:  80% (397/496)
2023-09-24T15:00:08.9924528Z Receiving objects:  81% (402/496)
2023-09-24T15:00:08.9925686Z Receiving objects:  82% (407/496)
2023-09-24T15:00:08.9927472Z Receiving objects:  83% (412/496)
2023-09-24T15:00:08.9928416Z Receiving objects:  84% (417/496)
2023-09-24T15:00:08.9929301Z Receiving objects:  85% (422/496)
2023-09-24T15:00:08.9929996Z Receiving objects:  86% (427/496)
2023-09-24T15:00:08.9931585Z Receiving objects:  87% (432/496)
2023-09-24T15:00:08.9935202Z Receiving objects:  88% (437/496)
2023-09-24T15:00:08.9941338Z Receiving objects:  89% (442/496)
2023-09-24T15:00:08.9989519Z Receiving objects:  90% (447/496)
2023-09-24T15:00:08.9991291Z Receiving objects:  91% (452/496)
2023-09-24T15:00:08.9995122Z Receiving objects:  92% (457/496)
2023-09-24T15:00:08.9997327Z Receiving objects:  93% (462/496)
2023-09-24T15:00:09.0000749Z Receiving objects:  94% (467/496)
2023-09-24T15:00:09.0007282Z Receiving objects:  95% (472/496)
2023-09-24T15:00:09.0011453Z Receiving objects:  96% (477/496)
2023-09-24T15:00:09.0012589Z remote: Total 496 (delta 36), reused 429 (delta 34), pack-reused 0        
2023-09-24T15:00:09.0024672Z Receiving objects:  97% (482/496)
2023-09-24T15:00:09.0031551Z Receiving objects:  98% (487/496)
2023-09-24T15:00:09.0038850Z Receiving objects:  99% (492/496)
2023-09-24T15:00:09.0039573Z Receiving objects: 100% (496/496)
2023-09-24T15:00:09.0040253Z Receiving objects: 100% (496/496), 7.70 MiB | 21.95 MiB/s, done.
2023-09-24T15:00:09.0047498Z Resolving deltas:   0% (0/36)
2023-09-24T15:00:09.0048111Z Resolving deltas:   2% (1/36)
2023-09-24T15:00:09.0048622Z Resolving deltas:   5% (2/36)
2023-09-24T15:00:09.0049151Z Resolving deltas:   8% (3/36)
2023-09-24T15:00:09.0051082Z Resolving deltas:  11% (4/36)
2023-09-24T15:00:09.0052144Z Resolving deltas:  13% (5/36)
2023-09-24T15:00:09.0053297Z Resolving deltas:  16% (6/36)
2023-09-24T15:00:09.0054414Z Resolving deltas:  19% (7/36)
2023-09-24T15:00:09.0055524Z Resolving deltas:  22% (8/36)
2023-09-24T15:00:09.0056341Z Resolving deltas:  25% (9/36)
2023-09-24T15:00:09.0057420Z Resolving deltas:  27% (10/36)
2023-09-24T15:00:09.0058251Z Resolving deltas:  30% (11/36)
2023-09-24T15:00:09.0059539Z Resolving deltas:  33% (12/36)
2023-09-24T15:00:09.0060551Z Resolving deltas:  36% (13/36)
2023-09-24T15:00:09.0061871Z Resolving deltas:  38% (14/36)
2023-09-24T15:00:09.0062777Z Resolving deltas:  41% (15/36)
2023-09-24T15:00:09.0063859Z Resolving deltas:  44% (16/36)
2023-09-24T15:00:09.0076292Z Resolving deltas:  47% (17/36)
2023-09-24T15:00:09.0076990Z Resolving deltas:  50% (18/36)
2023-09-24T15:00:09.0077717Z Resolving deltas:  52% (19/36)
2023-09-24T15:00:09.0078313Z Resolving deltas:  55% (20/36)
2023-09-24T15:00:09.0078866Z Resolving deltas:  58% (21/36)
2023-09-24T15:00:09.0079332Z Resolving deltas:  61% (22/36)
2023-09-24T15:00:09.0080100Z Resolving deltas:  63% (23/36)
2023-09-24T15:00:09.0081308Z Resolving deltas:  66% (24/36)
2023-09-24T15:00:09.0081916Z Resolving deltas:  69% (25/36)
2023-09-24T15:00:09.0082399Z Resolving deltas:  72% (26/36)
2023-09-24T15:00:09.0082912Z Resolving deltas:  75% (27/36)
2023-09-24T15:00:09.0083503Z Resolving deltas:  77% (28/36)
2023-09-24T15:00:09.0084244Z Resolving deltas:  80% (29/36)
2023-09-24T15:00:09.0084690Z Resolving deltas:  83% (30/36)
2023-09-24T15:00:09.0085146Z Resolving deltas:  86% (31/36)
2023-09-24T15:00:09.0091271Z Resolving deltas:  88% (32/36)
2023-09-24T15:00:09.0097952Z Resolving deltas:  91% (33/36)
2023-09-24T15:00:09.0105850Z Resolving deltas:  94% (34/36)
2023-09-24T15:00:09.0113875Z Resolving deltas:  97% (35/36)
2023-09-24T15:00:09.0122697Z Resolving deltas: 100% (36/36)
2023-09-24T15:00:09.0123511Z Resolving deltas: 100% (36/36), done.
2023-09-24T15:00:09.0331037Z From https://github.com/Aircoookie/WLED
2023-09-24T15:00:09.0332235Z  * [new ref]         d011ca0626851668fbedcae187952ae61b64b4b9 -> origin/0_15
2023-09-24T15:00:09.0377831Z ##[endgroup]
2023-09-24T15:00:09.0378708Z ##[group]Determining the checkout info
2023-09-24T15:00:09.0379507Z ##[endgroup]
2023-09-24T15:00:09.0380299Z ##[group]Checking out the ref
2023-09-24T15:00:09.0381278Z [command]/usr/bin/git checkout --progress --force -B 0_15 refs/remotes/origin/0_15
2023-09-24T15:00:09.1013736Z Switched to a new branch '0_15'
2023-09-24T15:00:09.1014820Z branch '0_15' set up to track 'origin/0_15'.
2023-09-24T15:00:09.1027523Z ##[endgroup]
2023-09-24T15:00:09.1079140Z [command]/usr/bin/git log -1 --format='%H'
2023-09-24T15:00:09.1117065Z 'd011ca0626851668fbedcae187952ae61b64b4b9'
2023-09-24T15:00:09.3141902Z ##[group]Run actions/cache@v3
2023-09-24T15:00:09.3142163Z with:
2023-09-24T15:00:09.3142393Z   path: ~/.cache/pip
2023-09-24T15:00:09.3142783Z   key: Linux-pip-81ff51cfad9e9eb735c6b16e2b137bb04b536de75d900d6b02aa29724c130501
2023-09-24T15:00:09.3143169Z   restore-keys: Linux-pip-

2023-09-24T15:00:09.3143445Z   enableCrossOsArchive: false
2023-09-24T15:00:09.3143934Z   fail-on-cache-miss: false
2023-09-24T15:00:09.3144166Z   lookup-only: false
2023-09-24T15:00:09.3144400Z ##[endgroup]
2023-09-24T15:00:09.7756476Z Cache Size: ~4 MB (3959889 B)
2023-09-24T15:00:09.7787572Z [command]/usr/bin/tar -xf /home/runner/work/_temp/c537ac65-9884-4b81-b323-2261007ff050/cache.tzst -P -C /home/runner/work/WLED/WLED --use-compress-program unzstd
2023-09-24T15:00:09.8081748Z Cache restored successfully
2023-09-24T15:00:09.8345669Z Cache restored from key: Linux-pip-81ff51cfad9e9eb735c6b16e2b137bb04b536de75d900d6b02aa29724c130501
2023-09-24T15:00:09.9732972Z ##[group]Run actions/cache@v3
2023-09-24T15:00:09.9733259Z with:
2023-09-24T15:00:09.9733487Z   path: ~/.platformio
2023-09-24T15:00:09.9733721Z   key: Linux-
2023-09-24T15:00:09.9733969Z   enableCrossOsArchive: false
2023-09-24T15:00:09.9734232Z   fail-on-cache-miss: false
2023-09-24T15:00:09.9734485Z   lookup-only: false
2023-09-24T15:00:09.9734718Z ##[endgroup]
2023-09-24T15:00:11.2493567Z Cache Size: ~192 MB (201123108 B)
2023-09-24T15:00:11.2541407Z [command]/usr/bin/tar -xf /home/runner/work/_temp/6ae92bf2-7425-41e6-828a-f64bbbc3db9d/cache.tzst -P -C /home/runner/work/WLED/WLED --use-compress-program unzstd
2023-09-24T15:00:11.2644097Z Received 201123108 of 201123108 (100.0%), 191.6 MBs/sec
2023-09-24T15:00:12.0615040Z Cache restored successfully
2023-09-24T15:00:12.1005218Z Cache restored from key: Linux-
2023-09-24T15:00:12.1153300Z ##[group]Run actions/setup-python@v4
2023-09-24T15:00:12.1153589Z with:
2023-09-24T15:00:12.1153822Z   python-version: 3.9
2023-09-24T15:00:12.1154066Z   check-latest: false
2023-09-24T15:00:12.1154493Z   token: ***
2023-09-24T15:00:12.1154745Z   update-environment: true
2023-09-24T15:00:12.1155020Z   allow-prereleases: false
2023-09-24T15:00:12.1155281Z ##[endgroup]
2023-09-24T15:00:12.2928197Z ##[group]Installed versions
2023-09-24T15:00:12.3011195Z Successfully set up CPython (3.9.18)
2023-09-24T15:00:12.3011828Z ##[endgroup]
2023-09-24T15:00:12.3138245Z ##[group]Run pip install -r requirements.txt
2023-09-24T15:00:12.3138686Z [36;1mpip install -r requirements.txt[0m
2023-09-24T15:00:12.3207622Z shell: /usr/bin/bash -e {0}
2023-09-24T15:00:12.3207907Z env:
2023-09-24T15:00:12.3208223Z   pythonLocation: /opt/hostedtoolcache/Python/3.9.18/x64
2023-09-24T15:00:12.3208627Z   PKG_CONFIG_PATH: /opt/hostedtoolcache/Python/3.9.18/x64/lib/pkgconfig
2023-09-24T15:00:12.3209012Z   Python_ROOT_DIR: /opt/hostedtoolcache/Python/3.9.18/x64
2023-09-24T15:00:12.3209363Z   Python2_ROOT_DIR: /opt/hostedtoolcache/Python/3.9.18/x64
2023-09-24T15:00:12.3209720Z   Python3_ROOT_DIR: /opt/hostedtoolcache/Python/3.9.18/x64
2023-09-24T15:00:12.3210083Z   LD_LIBRARY_PATH: /opt/hostedtoolcache/Python/3.9.18/x64/lib
2023-09-24T15:00:12.3210387Z ##[endgroup]
2023-09-24T15:00:15.2403937Z Collecting aiofiles==22.1.0 (from -r requirements.txt (line 7))
2023-09-24T15:00:15.2428968Z   Using cached aiofiles-22.1.0-py3-none-any.whl (14 kB)
2023-09-24T15:00:15.2695104Z Collecting ajsonrpc==1.2.0 (from -r requirements.txt (line 9))
2023-09-24T15:00:15.2718129Z   Using cached ajsonrpc-1.2.0-py3-none-any.whl (22 kB)
2023-09-24T15:00:15.3196925Z Collecting anyio==3.6.2 (from -r requirements.txt (line 11))
2023-09-24T15:00:15.3220511Z   Using cached anyio-3.6.2-py3-none-any.whl (80 kB)
2023-09-24T15:00:15.3542783Z Collecting bottle==0.12.25 (from -r requirements.txt (line 13))
2023-09-24T15:00:15.3566641Z   Using cached bottle-0.12.25-py3-none-any.whl (90 kB)
2023-09-24T15:00:15.3948890Z Collecting certifi==2023.7.22 (from -r requirements.txt (line 15))
2023-09-24T15:00:15.3951561Z   Obtaining dependency information for certifi==2023.7.22 from https://files.pythonhosted.org/packages/4c/dd/2234eab22353ffc7d94e8d13177aaa050113286e93e7b40eae01fbf7c3d9/certifi-2023.7.22-py3-none-any.whl.metadata
2023-09-24T15:00:15.3973620Z   Using cached certifi-2023.7.22-py3-none-any.whl.metadata (2.2 kB)
2023-09-24T15:00:15.5301184Z Collecting charset-normalizer==3.1.0 (from -r requirements.txt (line 17))
2023-09-24T15:00:15.5329271Z   Using cached charset_normalizer-3.1.0-cp39-cp39-manylinux_2_17_x86_64.manylinux2014_x86_64.whl (199 kB)
2023-09-24T15:00:15.5796480Z Collecting click==8.1.3 (from -r requirements.txt (line 19))
2023-09-24T15:00:15.5818197Z   Using cached click-8.1.3-py3-none-any.whl (96 kB)
2023-09-24T15:00:15.6167957Z Collecting colorama==0.4.6 (from -r requirements.txt (line 23))
2023-09-24T15:00:15.6189276Z   Using cached colorama-0.4.6-py2.py3-none-any.whl (25 kB)
2023-09-24T15:00:15.6422081Z Collecting h11==0.14.0 (from -r requirements.txt (line 25))
2023-09-24T15:00:15.6444309Z   Using cached h11-0.14.0-py3-none-any.whl (58 kB)
2023-09-24T15:00:15.6719328Z Collecting idna==3.4 (from -r requirements.txt (line 29))
2023-09-24T15:00:15.6740030Z   Using cached idna-3.4-py3-none-any.whl (61 kB)
2023-09-24T15:00:15.7552801Z Collecting marshmallow==3.19.0 (from -r requirements.txt (line 33))
2023-09-24T15:00:15.7576037Z   Using cached marshmallow-3.19.0-py3-none-any.whl (49 kB)
2023-09-24T15:00:15.8009023Z Collecting packaging==23.1 (from -r requirements.txt (line 35))
2023-09-24T15:00:15.8032947Z   Using cached packaging-23.1-py3-none-any.whl (48 kB)
2023-09-24T15:00:15.8535920Z Collecting platformio==6.1.6 (from -r requirements.txt (line 37))
2023-09-24T15:00:15.8537111Z   Using cached platformio-6.1.6-py3-none-any.whl
2023-09-24T15:00:15.8867300Z Collecting pyelftools==0.29 (from -r requirements.txt (line 39))
2023-09-24T15:00:15.8893571Z   Using cached pyelftools-0.29-py2.py3-none-any.whl (174 kB)
2023-09-24T15:00:15.9134590Z Collecting pyserial==3.5 (from -r requirements.txt (line 41))
2023-09-24T15:00:15.9157660Z   Using cached pyserial-3.5-py2.py3-none-any.whl (90 kB)
2023-09-24T15:00:15.9753420Z Collecting requests==2.31.0 (from -r requirements.txt (line 43))
2023-09-24T15:00:15.9755651Z   Obtaining dependency information for requests==2.31.0 from https://files.pythonhosted.org/packages/70/8e/0e2d847013cb52cd35b38c009bb167a1a26b2ce6cd6965bf26b47bc0bf44/requests-2.31.0-py3-none-any.whl.metadata
2023-09-24T15:00:15.9779848Z   Using cached requests-2.31.0-py3-none-any.whl.metadata (4.6 kB)
2023-09-24T15:00:16.0095562Z Collecting semantic-version==2.10.0 (from -r requirements.txt (line 45))
2023-09-24T15:00:16.0119607Z   Using cached semantic_version-2.10.0-py2.py3-none-any.whl (15 kB)
2023-09-24T15:00:16.0340746Z Collecting sniffio==1.3.0 (from -r requirements.txt (line 47))
2023-09-24T15:00:16.0362308Z   Using cached sniffio-1.3.0-py3-none-any.whl (10 kB)
2023-09-24T15:00:16.0885221Z Collecting starlette==0.23.1 (from -r requirements.txt (line 49))
2023-09-24T15:00:16.0910667Z   Using cached starlette-0.23.1-py3-none-any.whl (64 kB)
2023-09-24T15:00:16.1161280Z Collecting tabulate==0.9.0 (from -r requirements.txt (line 51))
2023-09-24T15:00:16.1185052Z   Using cached tabulate-0.9.0-py3-none-any.whl (35 kB)
2023-09-24T15:00:16.1833415Z Collecting urllib3==1.26.15 (from -r requirements.txt (line 53))
2023-09-24T15:00:16.1859592Z   Using cached urllib3-1.26.15-py2.py3-none-any.whl (140 kB)
2023-09-24T15:00:16.2382855Z Collecting uvicorn==0.20.0 (from -r requirements.txt (line 55))
2023-09-24T15:00:16.2407953Z   Using cached uvicorn-0.20.0-py3-none-any.whl (56 kB)
2023-09-24T15:00:16.2666873Z Collecting wsproto==1.2.0 (from -r requirements.txt (line 57))
2023-09-24T15:00:16.2693182Z   Using cached wsproto-1.2.0-py3-none-any.whl (24 kB)
2023-09-24T15:00:16.5382061Z Collecting typing-extensions>=3.10.0 (from starlette==0.23.1->-r requirements.txt (line 49))
2023-09-24T15:00:16.5384065Z   Obtaining dependency information for typing-extensions>=3.10.0 from https://files.pythonhosted.org/packages/24/21/7d397a4b7934ff4028987914ac1044d3b7d52712f30e2ac7a2ae5bc86dd0/typing_extensions-4.8.0-py3-none-any.whl.metadata
2023-09-24T15:00:16.6415168Z   Downloading typing_extensions-4.8.0-py3-none-any.whl.metadata (3.0 kB)
2023-09-24T15:00:16.7545875Z Using cached certifi-2023.7.22-py3-none-any.whl (158 kB)
2023-09-24T15:00:16.7571801Z Using cached requests-2.31.0-py3-none-any.whl (62 kB)
2023-09-24T15:00:16.7660654Z Downloading typing_extensions-4.8.0-py3-none-any.whl (31 kB)
2023-09-24T15:00:16.9728629Z Installing collected packages: pyserial, pyelftools, bottle, urllib3, typing-extensions, tabulate, sniffio, semantic-version, packaging, idna, h11, colorama, click, charset-normalizer, certifi, ajsonrpc, aiofiles, wsproto, uvicorn, requests, marshmallow, anyio, starlette, platformio
2023-09-24T15:00:19.2741910Z Successfully installed aiofiles-22.1.0 ajsonrpc-1.2.0 anyio-3.6.2 bottle-0.12.25 certifi-2023.7.22 charset-normalizer-3.1.0 click-8.1.3 colorama-0.4.6 h11-0.14.0 idna-3.4 marshmallow-3.19.0 packaging-23.1 platformio-6.1.6 pyelftools-0.29 pyserial-3.5 requests-2.31.0 semantic-version-2.10.0 sniffio-1.3.0 starlette-0.23.1 tabulate-0.9.0 typing-extensions-4.8.0 urllib3-1.26.15 uvicorn-0.20.0 wsproto-1.2.0
2023-09-24T15:00:19.4977648Z 
2023-09-24T15:00:19.4978797Z [notice] A new release of pip is available: 23.0.1 -> 23.2.1
2023-09-24T15:00:19.4979488Z [notice] To update, run: pip install --upgrade pip
2023-09-24T15:00:19.6158156Z ##[group]Run pio run -e esp32s3dev_8MB_PSRAM_opi
2023-09-24T15:00:19.6158549Z [36;1mpio run -e esp32s3dev_8MB_PSRAM_opi[0m
2023-09-24T15:00:19.6221850Z shell: /usr/bin/bash -e {0}
2023-09-24T15:00:19.6222106Z env:
2023-09-24T15:00:19.6222421Z   pythonLocation: /opt/hostedtoolcache/Python/3.9.18/x64
2023-09-24T15:00:19.6222820Z   PKG_CONFIG_PATH: /opt/hostedtoolcache/Python/3.9.18/x64/lib/pkgconfig
2023-09-24T15:00:19.6223205Z   Python_ROOT_DIR: /opt/hostedtoolcache/Python/3.9.18/x64
2023-09-24T15:00:19.6223572Z   Python2_ROOT_DIR: /opt/hostedtoolcache/Python/3.9.18/x64
2023-09-24T15:00:19.6223929Z   Python3_ROOT_DIR: /opt/hostedtoolcache/Python/3.9.18/x64
2023-09-24T15:00:19.6224279Z   LD_LIBRARY_PATH: /opt/hostedtoolcache/Python/3.9.18/x64/lib
2023-09-24T15:00:19.6224582Z   WLED_RELEASE: true
2023-09-24T15:00:19.6224814Z ##[endgroup]
2023-09-24T15:00:20.0763905Z Processing esp32s3dev_8MB_PSRAM_opi (board: esp32-s3-devkitc-1; platform: espressif32@5.3.0; framework: arduino)
2023-09-24T15:00:20.0766626Z --------------------------------------------------------------------------------
2023-09-24T15:00:20.0789178Z Platform Manager: Installing espressif32 @ 5.3.0
2023-09-24T15:00:23.7151882Z Downloading 0% 10% 20% 30% 40% 50% 60% 70% 80% 90% 100%
2023-09-24T15:00:23.8112399Z Unpacking
2023-09-24T15:00:24.0768437Z Platform Manager: espressif32@5.3.0 has been installed!
2023-09-24T15:00:24.0915478Z Tool Manager: Installing espressif/toolchain-xtensa-esp32s3 @ 8.4.0+2021r2-patch5
2023-09-24T15:00:26.6372702Z Downloading 0% 10% 20% 30% 40% 50% 60% 70% 80% 90% 100%
2023-09-24T15:00:28.3229897Z Unpacking
2023-09-24T15:00:30.5671131Z Tool Manager: toolchain-xtensa-esp32s3@8.4.0+2021r2-patch5 has been installed!
2023-09-24T15:00:30.5692650Z Tool Manager: Installing espressif/toolchain-riscv32-esp @ 8.4.0+2021r2-patch5
2023-09-24T15:00:33.6270316Z Downloading 0% 10% 20% 30% 40% 50% 60% 70% 80% 90% 100%
2023-09-24T15:00:38.3322239Z Unpacking
2023-09-24T15:00:46.0739728Z Tool Manager: toolchain-riscv32-esp@8.4.0+2021r2-patch5 has been installed!
2023-09-24T15:00:46.0763519Z Tool Manager: Installing platformio/framework-arduinoespressif32 @ ~3.20006.0
2023-09-24T15:00:49.4276270Z Downloading 0% 10% 20% 30% 40% 50% 60% 70% 80% 90% 100%
2023-09-24T15:00:57.4815817Z Unpacking
2023-09-24T15:01:08.3680377Z Tool Manager: framework-arduinoespressif32@3.20006.221224 has been installed!
2023-09-24T15:01:08.3715789Z Tool Manager: Installing platformio/tool-esptoolpy @ ~1.40400.0
2023-09-24T15:01:10.2482809Z Downloading 0% 10% 20% 30% 40% 50% 60% 70% 80% 90% 100%
2023-09-24T15:01:10.2815961Z Unpacking
2023-09-24T15:01:10.3787998Z Tool Manager: tool-esptoolpy@1.40400.0 has been installed!
2023-09-24T15:01:10.3847974Z Library Manager: Installing git+https://github.com/pbolduc/AsyncTCP.git @ 1.2.0
2023-09-24T15:01:10.3938734Z git version 2.42.0
2023-09-24T15:01:10.3983707Z Cloning into '/home/runner/.platformio/.cache/tmp/pkg-installing-dbrakrf9'...
2023-09-24T15:01:10.6652973Z Library Manager: AsyncTCP@1.2.0+sha.38b8475 has been installed!
2023-09-24T15:01:10.6668382Z Library Manager: Installing fastled/FastLED @ 3.6.0
2023-09-24T15:01:13.0449647Z Downloading 0% 10% 20% 30% 40% 50% 60% 70% 80% 90% 100%
2023-09-24T15:01:13.0746609Z Unpacking
2023-09-24T15:01:13.1404930Z Library Manager: FastLED@3.6.0 has been installed!
2023-09-24T15:01:13.1412691Z Library Manager: Installing makuna/NeoPixelBus @ 2.7.5
2023-09-24T15:01:15.4098297Z Downloading 0% 10% 20% 30% 40% 50% 60% 70% 80% 90% 100%
2023-09-24T15:01:15.5141925Z Unpacking
2023-09-24T15:01:15.5796075Z Library Manager: NeoPixelBus@2.7.5 has been installed!
2023-09-24T15:01:15.5799436Z Library Manager: Resolving dependencies...
2023-09-24T15:01:15.6007612Z Library Manager: Installing git+https://github.com/Aircoookie/ESPAsyncWebServer.git @ ~2.0.7
2023-09-24T15:01:15.6049969Z git version 2.42.0
2023-09-24T15:01:15.6093464Z Cloning into '/home/runner/.platformio/.cache/tmp/pkg-installing-wfusbeub'...
2023-09-24T15:01:16.5388342Z Library Manager: ESPAsyncWebServerAircoookie@2.0.7+sha.b9349dc has been installed!
2023-09-24T15:01:16.5398402Z Library Manager: Resolving dependencies...
2023-09-24T15:01:16.5425876Z Library Manager: Installing git+https://github.com/blazoncek/QuickESPNow.git#optional-debug
2023-09-24T15:01:16.5468736Z git version 2.42.0
2023-09-24T15:01:16.5509845Z Cloning into '/home/runner/.platformio/.cache/tmp/pkg-installing-zqtr8eg2'...
2023-09-24T15:01:16.9367043Z Library Manager: QuickEspNow@0.6.2+sha.b357ffa has been installed!
2023-09-24T15:01:17.4774113Z Verbose mode can be enabled via `-v, --verbose` option
2023-09-24T15:01:17.4944310Z CONFIGURATION: https://docs.platformio.org/page/boards/espressif32/esp32-s3-devkitc-1.html
2023-09-24T15:01:17.4945017Z PLATFORM: Espressif 32 (5.3.0) > Espressif ESP32-S3-DevKitC-1-N8 (8 MB QD, No PSRAM)
2023-09-24T15:01:17.4945422Z HARDWARE: ESP32S3 240MHz, 320KB RAM, 8MB Flash
2023-09-24T15:01:17.4946293Z DEBUG: Current (esp-builtin) On-board (esp-builtin) External (cmsis-dap, esp-bridge, esp-prog, iot-bus-jtag, jlink, minimodule, olimex-arm-usb-ocd, olimex-arm-usb-ocd-h, olimex-arm-usb-tiny-h, olimex-jtag-tiny, tumpa)
2023-09-24T15:01:17.4946865Z PACKAGES: 
2023-09-24T15:01:17.4947251Z  - framework-arduinoespressif32 @ 3.20006.221224 (2.0.6) 
2023-09-24T15:01:17.4947643Z  - tool-esptoolpy @ 1.40400.0 (4.4.0) 
2023-09-24T15:01:17.4948029Z  - toolchain-riscv32-esp @ 8.4.0+2021r2-patch5 
2023-09-24T15:01:17.4948432Z  - toolchain-xtensa-esp32s3 @ 8.4.0+2021r2-patch5
2023-09-24T15:01:17.4989344Z Converting wled00.ino
2023-09-24T15:01:17.5451784Z LDF: Library Dependency Finder -> https://bit.ly/configure-pio-ldf
2023-09-24T15:01:17.5452530Z LDF Modes: Finder ~ chain, Compatibility ~ strict
2023-09-24T15:01:17.7077381Z Library Manager: Installing IRremoteESP8266 @ 2.8.2
2023-09-24T15:01:21.5247208Z Downloading 0% 10% 20% 30% 40% 50% 60% 70% 80% 90% 100%
2023-09-24T15:01:21.5897499Z Unpacking
2023-09-24T15:01:21.7139996Z Library Manager: IRremoteESP8266@2.8.2 has been installed!
2023-09-24T15:01:21.8486099Z Found 39 compatible libraries
2023-09-24T15:01:21.8486512Z Scanning dependencies...
2023-09-24T15:01:23.2556452Z Dependency Graph
2023-09-24T15:01:23.2557531Z |-- AsyncTCP @ 1.2.0+sha.38b8475
2023-09-24T15:01:23.2559179Z |-- FastLED @ 3.6.0
2023-09-24T15:01:23.2559500Z |   |-- SPI @ 2.0.0
2023-09-24T15:01:23.2560602Z |-- IRremoteESP8266 @ 2.8.2
2023-09-24T15:01:23.2563016Z |-- NeoPixelBus @ 2.7.5
2023-09-24T15:01:23.2564275Z |   |-- SPI @ 2.0.0
2023-09-24T15:01:23.2566860Z |-- ESPAsyncWebServerAircoookie @ 2.0.7+sha.b9349dc
2023-09-24T15:01:23.2568977Z |   |-- AsyncTCP @ 1.2.0+sha.38b8475
2023-09-24T15:01:23.2570368Z |   |-- FS @ 2.0.0
2023-09-24T15:01:23.2571629Z |   |-- WiFi @ 2.0.0
2023-09-24T15:01:23.2573108Z |   |-- LittleFS @ 2.0.0
2023-09-24T15:01:23.2574366Z |   |   |-- FS @ 2.0.0
2023-09-24T15:01:23.2576436Z |-- QuickEspNow @ 0.6.2+sha.b357ffa
2023-09-24T15:01:23.2577703Z |-- Wire @ 2.0.0
2023-09-24T15:01:23.2579050Z |-- SD @ 2.0.0
2023-09-24T15:01:23.2580113Z |   |-- FS @ 2.0.0
2023-09-24T15:01:23.2581416Z |   |-- SPI @ 2.0.0
2023-09-24T15:01:23.2582602Z |-- SD_MMC @ 2.0.0
2023-09-24T15:01:23.2583799Z |   |-- FS @ 2.0.0
2023-09-24T15:01:23.2608794Z |-- SPI @ 2.0.0
2023-09-24T15:01:23.2609067Z |-- EEPROM @ 2.0.0
2023-09-24T15:01:23.2609336Z |-- ArduinoOTA @ 2.0.0
2023-09-24T15:01:23.2609622Z |   |-- Update @ 2.0.0
2023-09-24T15:01:23.2609903Z |   |-- WiFi @ 2.0.0
2023-09-24T15:01:23.2610184Z |   |-- ESPmDNS @ 2.0.0
2023-09-24T15:01:23.2610465Z |   |   |-- WiFi @ 2.0.0
2023-09-24T15:01:23.2610750Z |-- DNSServer @ 2.0.0
2023-09-24T15:01:23.2611025Z |   |-- WiFi @ 2.0.0
2023-09-24T15:01:23.2611292Z |-- ESPmDNS @ 2.0.0
2023-09-24T15:01:23.2611558Z |   |-- WiFi @ 2.0.0
2023-09-24T15:01:23.2611823Z |-- Ethernet @ 2.0.0
2023-09-24T15:01:23.2612089Z |   |-- WiFi @ 2.0.0
2023-09-24T15:01:23.2612457Z |-- LittleFS @ 2.0.0
2023-09-24T15:01:23.2612726Z |   |-- FS @ 2.0.0
2023-09-24T15:01:23.2612968Z |-- WiFi @ 2.0.0
2023-09-24T15:01:23.2613256Z |-- ESP32 Async UDP @ 2.0.0
2023-09-24T15:01:23.2613555Z |-- WebServer @ 2.0.0
2023-09-24T15:01:23.2614065Z |   |-- WiFi @ 2.0.0
2023-09-24T15:01:23.2614349Z |   |-- FS @ 2.0.0
2023-09-24T15:01:23.4116577Z Building in release mode
2023-09-24T15:01:23.9495810Z Compiling .pio/build/esp32s3dev_8MB_PSRAM_opi/libb9b/FastLED/FastLED.cpp.o
2023-09-24T15:01:23.9735836Z Compiling .pio/build/esp32s3dev_8MB_PSRAM_opi/libb9b/FastLED/bitswap.cpp.o
2023-09-24T15:01:24.5376081Z Compiling .pio/build/esp32s3dev_8MB_PSRAM_opi/libb9b/FastLED/colorpalettes.cpp.o
2023-09-24T15:01:24.6076359Z Compiling .pio/build/esp32s3dev_8MB_PSRAM_opi/libb9b/FastLED/colorutils.cpp.o
2023-09-24T15:01:25.0856639Z Compiling .pio/build/esp32s3dev_8MB_PSRAM_opi/libb9b/FastLED/hsv2rgb.cpp.o
2023-09-24T15:01:25.5053899Z Compiling .pio/build/esp32s3dev_8MB_PSRAM_opi/libb9b/FastLED/lib8tion.cpp.o
2023-09-24T15:01:25.7175591Z Compiling .pio/build/esp32s3dev_8MB_PSRAM_opi/libb9b/FastLED/noise.cpp.o
2023-09-24T15:01:26.0533990Z Compiling .pio/build/esp32s3dev_8MB_PSRAM_opi/libb9b/FastLED/platforms.cpp.o
2023-09-24T15:01:26.1014120Z Compiling .pio/build/esp32s3dev_8MB_PSRAM_opi/libb9b/FastLED/platforms/esp/32/clockless_rmt_esp32.cpp.o
2023-09-24T15:01:26.6655750Z Compiling .pio/build/esp32s3dev_8MB_PSRAM_opi/libb9b/FastLED/power_mgt.cpp.o
2023-09-24T15:01:26.7308659Z Compiling .pio/build/esp32s3dev_8MB_PSRAM_opi/libb9b/FastLED/wiring.cpp.o
2023-09-24T15:01:27.6531366Z Compiling .pio/build/esp32s3dev_8MB_PSRAM_opi/src/FX.cpp.o
2023-09-24T15:01:27.7056311Z Compiling .pio/build/esp32s3dev_8MB_PSRAM_opi/src/FX_2Dfcn.cpp.o
2023-09-24T15:01:29.4255596Z Compiling .pio/build/esp32s3dev_8MB_PSRAM_opi/src/FX_fcn.cpp.o
2023-09-24T15:01:31.7723440Z Compiling .pio/build/esp32s3dev_8MB_PSRAM_opi/src/alexa.cpp.o
2023-09-24T15:01:33.6255341Z Compiling .pio/build/esp32s3dev_8MB_PSRAM_opi/src/bus_manager.cpp.o
2023-09-24T15:01:34.0652191Z Compiling .pio/build/esp32s3dev_8MB_PSRAM_opi/src/button.cpp.o
2023-09-24T15:01:35.2158436Z Compiling .pio/build/esp32s3dev_8MB_PSRAM_opi/src/cfg.cpp.o
2023-09-24T15:01:35.3655531Z Compiling .pio/build/esp32s3dev_8MB_PSRAM_opi/src/colors.cpp.o
2023-09-24T15:01:36.7095088Z Compiling .pio/build/esp32s3dev_8MB_PSRAM_opi/src/dmx.cpp.o
2023-09-24T15:01:37.9112999Z Compiling .pio/build/esp32s3dev_8MB_PSRAM_opi/src/e131.cpp.o
2023-09-24T15:01:39.0077445Z Compiling .pio/build/esp32s3dev_8MB_PSRAM_opi/src/file.cpp.o
2023-09-24T15:01:39.2807611Z Compiling .pio/build/esp32s3dev_8MB_PSRAM_opi/src/hue.cpp.o
2023-09-24T15:01:40.7215569Z Compiling .pio/build/esp32s3dev_8MB_PSRAM_opi/src/improv.cpp.o
2023-09-24T15:01:40.9254384Z Compiling .pio/build/esp32s3dev_8MB_PSRAM_opi/src/ir.cpp.o
2023-09-24T15:01:42.0095695Z Compiling .pio/build/esp32s3dev_8MB_PSRAM_opi/src/json.cpp.o
2023-09-24T15:01:42.7126053Z Compiling .pio/build/esp32s3dev_8MB_PSRAM_opi/src/led.cpp.o
2023-09-24T15:01:44.0011887Z Compiling .pio/build/esp32s3dev_8MB_PSRAM_opi/src/lx_parser.cpp.o
2023-09-24T15:01:45.2295546Z Compiling .pio/build/esp32s3dev_8MB_PSRAM_opi/src/mqtt.cpp.o
2023-09-24T15:01:45.2935643Z Compiling .pio/build/esp32s3dev_8MB_PSRAM_opi/src/net_debug.cpp.o
2023-09-24T15:01:46.5055607Z Compiling .pio/build/esp32s3dev_8MB_PSRAM_opi/src/network.cpp.o
2023-09-24T15:01:46.7095575Z Compiling .pio/build/esp32s3dev_8MB_PSRAM_opi/src/ntp.cpp.o
2023-09-24T15:01:47.7175522Z Compiling .pio/build/esp32s3dev_8MB_PSRAM_opi/src/overlay.cpp.o
2023-09-24T15:01:48.0935672Z Compiling .pio/build/esp32s3dev_8MB_PSRAM_opi/src/pin_manager.cpp.o
2023-09-24T15:01:48.9698589Z Compiling .pio/build/esp32s3dev_8MB_PSRAM_opi/src/playlist.cpp.o
2023-09-24T15:01:49.3775539Z Compiling .pio/build/esp32s3dev_8MB_PSRAM_opi/src/presets.cpp.o
2023-09-24T15:01:50.4778561Z Compiling .pio/build/esp32s3dev_8MB_PSRAM_opi/src/remote.cpp.o
2023-09-24T15:01:51.3415511Z Compiling .pio/build/esp32s3dev_8MB_PSRAM_opi/src/set.cpp.o
2023-09-24T15:01:51.7030125Z Compiling .pio/build/esp32s3dev_8MB_PSRAM_opi/src/src/dependencies/async-mqtt-client/AsyncMqttClient.cpp.o
2023-09-24T15:01:53.7616306Z Compiling .pio/build/esp32s3dev_8MB_PSRAM_opi/src/src/dependencies/async-mqtt-client/AsyncMqttClient/Packets/ConnAckPacket.cpp.o
2023-09-24T15:01:53.8016565Z Compiling .pio/build/esp32s3dev_8MB_PSRAM_opi/src/src/dependencies/async-mqtt-client/AsyncMqttClient/Packets/PingRespPacket.cpp.o
2023-09-24T15:01:54.2563039Z Compiling .pio/build/esp32s3dev_8MB_PSRAM_opi/src/src/dependencies/async-mqtt-client/AsyncMqttClient/Packets/PubAckPacket.cpp.o
2023-09-24T15:01:54.2856208Z Compiling .pio/build/esp32s3dev_8MB_PSRAM_opi/src/src/dependencies/async-mqtt-client/AsyncMqttClient/Packets/PubCompPacket.cpp.o
2023-09-24T15:01:54.7336111Z Compiling .pio/build/esp32s3dev_8MB_PSRAM_opi/src/src/dependencies/async-mqtt-client/AsyncMqttClient/Packets/PubRecPacket.cpp.o
2023-09-24T15:01:54.7696206Z Compiling .pio/build/esp32s3dev_8MB_PSRAM_opi/src/src/dependencies/async-mqtt-client/AsyncMqttClient/Packets/PubRelPacket.cpp.o
2023-09-24T15:01:55.2296196Z Compiling .pio/build/esp32s3dev_8MB_PSRAM_opi/src/src/dependencies/async-mqtt-client/AsyncMqttClient/Packets/PublishPacket.cpp.o
2023-09-24T15:01:55.2896184Z Compiling .pio/build/esp32s3dev_8MB_PSRAM_opi/src/src/dependencies/async-mqtt-client/AsyncMqttClient/Packets/SubAckPacket.cpp.o
2023-09-24T15:01:55.7456245Z Compiling .pio/build/esp32s3dev_8MB_PSRAM_opi/src/src/dependencies/async-mqtt-client/AsyncMqttClient/Packets/UnsubAckPacket.cpp.o
2023-09-24T15:01:55.7735452Z Compiling .pio/build/esp32s3dev_8MB_PSRAM_opi/src/src/dependencies/dmx/ESPDMX.cpp.o
2023-09-24T15:01:55.8135507Z Compiling .pio/build/esp32s3dev_8MB_PSRAM_opi/src/src/dependencies/dmx/SparkFunDMX.cpp.o
2023-09-24T15:01:56.2255784Z Compiling .pio/build/esp32s3dev_8MB_PSRAM_opi/src/src/dependencies/e131/ESPAsyncE131.cpp.o
2023-09-24T15:01:56.2895463Z Compiling .pio/build/esp32s3dev_8MB_PSRAM_opi/src/src/dependencies/espalexa/EspalexaDevice.cpp.o
2023-09-24T15:01:56.8784184Z Compiling .pio/build/esp32s3dev_8MB_PSRAM_opi/src/src/dependencies/network/Network.cpp.o
2023-09-24T15:01:56.9135610Z Compiling .pio/build/esp32s3dev_8MB_PSRAM_opi/src/src/dependencies/time/DS1307RTC.cpp.o
2023-09-24T15:01:57.1215479Z Compiling .pio/build/esp32s3dev_8MB_PSRAM_opi/src/src/dependencies/time/DateStrings.cpp.o
2023-09-24T15:01:57.2216410Z Compiling .pio/build/esp32s3dev_8MB_PSRAM_opi/src/src/dependencies/time/Time.cpp.o
2023-09-24T15:01:57.4335821Z Compiling .pio/build/esp32s3dev_8MB_PSRAM_opi/src/src/dependencies/timezone/Timezone.cpp.o
2023-09-24T15:01:57.7375583Z Compiling .pio/build/esp32s3dev_8MB_PSRAM_opi/src/udp.cpp.o
2023-09-24T15:01:57.9307302Z Compiling .pio/build/esp32s3dev_8MB_PSRAM_opi/src/um_manager.cpp.o
2023-09-24T15:01:59.2055495Z Compiling .pio/build/esp32s3dev_8MB_PSRAM_opi/src/usermod.cpp.o
2023-09-24T15:01:59.8775678Z Compiling .pio/build/esp32s3dev_8MB_PSRAM_opi/src/usermods_list.cpp.o
2023-09-24T15:02:00.4183801Z Compiling .pio/build/esp32s3dev_8MB_PSRAM_opi/src/util.cpp.o
2023-09-24T15:02:01.0975602Z Compiling .pio/build/esp32s3dev_8MB_PSRAM_opi/src/wled.cpp.o
2023-09-24T15:02:01.9815542Z Compiling .pio/build/esp32s3dev_8MB_PSRAM_opi/src/wled00.ino.cpp.o
2023-09-24T15:02:02.7214646Z Compiling .pio/build/esp32s3dev_8MB_PSRAM_opi/src/wled_eeprom.cpp.o
2023-09-24T15:02:02.7656023Z Compiling .pio/build/esp32s3dev_8MB_PSRAM_opi/src/wled_math.cpp.o
2023-09-24T15:02:03.2088611Z Compiling .pio/build/esp32s3dev_8MB_PSRAM_opi/src/wled_serial.cpp.o
2023-09-24T15:02:03.2694474Z Compiling .pio/build/esp32s3dev_8MB_PSRAM_opi/src/wled_server.cpp.o
2023-09-24T15:02:04.8935592Z Compiling .pio/build/esp32s3dev_8MB_PSRAM_opi/src/ws.cpp.o
2023-09-24T15:02:05.9215553Z Compiling .pio/build/esp32s3dev_8MB_PSRAM_opi/src/xml.cpp.o
2023-09-24T15:02:06.6175270Z Building .pio/build/esp32s3dev_8MB_PSRAM_opi/bootloader.bin
2023-09-24T15:02:06.7237637Z esptool.py v4.4
2023-09-24T15:02:06.7238462Z Creating esp32s3 image...
2023-09-24T15:02:06.7238874Z Merged 1 ELF section
2023-09-24T15:02:06.7239666Z Successfully created esp32s3 image.
2023-09-24T15:02:06.7392908Z Generating partitions .pio/build/esp32s3dev_8MB_PSRAM_opi/partitions.bin
2023-09-24T15:02:07.0119596Z Compiling .pio/build/esp32s3dev_8MB_PSRAM_opi/lib3a3/AsyncTCP/AsyncTCP.cpp.o
2023-09-24T15:02:07.7696007Z Compiling .pio/build/esp32s3dev_8MB_PSRAM_opi/lib30b/SPI/SPI.cpp.o
2023-09-24T15:02:07.8913005Z Archiving .pio/build/esp32s3dev_8MB_PSRAM_opi/lib3a3/libAsyncTCP.a
2023-09-24T15:02:07.8998995Z Indexing .pio/build/esp32s3dev_8MB_PSRAM_opi/lib3a3/libAsyncTCP.a
2023-09-24T15:02:08.1095862Z Compiling .pio/build/esp32s3dev_8MB_PSRAM_opi/lib714/IRremoteESP8266/IRac.cpp.o
2023-09-24T15:02:08.1287905Z Archiving .pio/build/esp32s3dev_8MB_PSRAM_opi/lib30b/libSPI.a
2023-09-24T15:02:08.1329701Z Indexing .pio/build/esp32s3dev_8MB_PSRAM_opi/lib30b/libSPI.a
2023-09-24T15:02:08.1574820Z Compiling .pio/build/esp32s3dev_8MB_PSRAM_opi/lib714/IRremoteESP8266/IRrecv.cpp.o
2023-09-24T15:02:08.8255905Z Compiling .pio/build/esp32s3dev_8MB_PSRAM_opi/lib714/IRremoteESP8266/IRsend.cpp.o
2023-09-24T15:02:08.8536047Z Compiling .pio/build/esp32s3dev_8MB_PSRAM_opi/lib714/IRremoteESP8266/IRtext.cpp.o
2023-09-24T15:02:09.3335647Z Compiling .pio/build/esp32s3dev_8MB_PSRAM_opi/lib714/IRremoteESP8266/IRtimer.cpp.o
2023-09-24T15:02:09.4096326Z Compiling .pio/build/esp32s3dev_8MB_PSRAM_opi/lib714/IRremoteESP8266/IRutils.cpp.o
2023-09-24T15:02:09.7976626Z Compiling .pio/build/esp32s3dev_8MB_PSRAM_opi/lib714/IRremoteESP8266/ir_Airton.cpp.o
2023-09-24T15:02:10.3022622Z Compiling .pio/build/esp32s3dev_8MB_PSRAM_opi/lib714/IRremoteESP8266/ir_Airwell.cpp.o
2023-09-24T15:02:10.3695877Z Compiling .pio/build/esp32s3dev_8MB_PSRAM_opi/lib714/IRremoteESP8266/ir_Aiwa.cpp.o
2023-09-24T15:02:10.8256864Z Compiling .pio/build/esp32s3dev_8MB_PSRAM_opi/lib714/IRremoteESP8266/ir_Amcor.cpp.o
2023-09-24T15:02:10.8535696Z Compiling .pio/build/esp32s3dev_8MB_PSRAM_opi/lib714/IRremoteESP8266/ir_Argo.cpp.o
2023-09-24T15:02:11.3554405Z Compiling .pio/build/esp32s3dev_8MB_PSRAM_opi/lib714/IRremoteESP8266/ir_Arris.cpp.o
2023-09-24T15:02:11.4190496Z Compiling .pio/build/esp32s3dev_8MB_PSRAM_opi/lib714/IRremoteESP8266/ir_Bose.cpp.o
2023-09-24T15:02:11.8215689Z Compiling .pio/build/esp32s3dev_8MB_PSRAM_opi/lib714/IRremoteESP8266/ir_Carrier.cpp.o
2023-09-24T15:02:11.8735716Z Compiling .pio/build/esp32s3dev_8MB_PSRAM_opi/lib714/IRremoteESP8266/ir_Coolix.cpp.o
2023-09-24T15:02:12.4496103Z Compiling .pio/build/esp32s3dev_8MB_PSRAM_opi/lib714/IRremoteESP8266/ir_Corona.cpp.o
2023-09-24T15:02:12.4936206Z Compiling .pio/build/esp32s3dev_8MB_PSRAM_opi/lib714/IRremoteESP8266/ir_Daikin.cpp.o
2023-09-24T15:02:13.0935911Z Compiling .pio/build/esp32s3dev_8MB_PSRAM_opi/lib714/IRremoteESP8266/ir_Delonghi.cpp.o
2023-09-24T15:02:13.6655737Z Compiling .pio/build/esp32s3dev_8MB_PSRAM_opi/lib714/IRremoteESP8266/ir_Denon.cpp.o
2023-09-24T15:02:13.9415794Z Compiling .pio/build/esp32s3dev_8MB_PSRAM_opi/lib714/IRremoteESP8266/ir_Dish.cpp.o
2023-09-24T15:02:14.1215379Z Compiling .pio/build/esp32s3dev_8MB_PSRAM_opi/lib714/IRremoteESP8266/ir_Doshisha.cpp.o
2023-09-24T15:02:14.4015790Z Compiling .pio/build/esp32s3dev_8MB_PSRAM_opi/lib714/IRremoteESP8266/ir_Ecoclim.cpp.o
2023-09-24T15:02:14.5735779Z Compiling .pio/build/esp32s3dev_8MB_PSRAM_opi/lib714/IRremoteESP8266/ir_Electra.cpp.o
2023-09-24T15:02:15.0341239Z Compiling .pio/build/esp32s3dev_8MB_PSRAM_opi/lib714/IRremoteESP8266/ir_EliteScreens.cpp.o
2023-09-24T15:02:15.1535652Z Compiling .pio/build/esp32s3dev_8MB_PSRAM_opi/lib714/IRremoteESP8266/ir_Epson.cpp.o
2023-09-24T15:02:15.4975646Z Compiling .pio/build/esp32s3dev_8MB_PSRAM_opi/lib714/IRremoteESP8266/ir_Fujitsu.cpp.o
2023-09-24T15:02:15.6095604Z Compiling .pio/build/esp32s3dev_8MB_PSRAM_opi/lib714/IRremoteESP8266/ir_GICable.cpp.o
2023-09-24T15:02:16.0551278Z Compiling .pio/build/esp32s3dev_8MB_PSRAM_opi/lib714/IRremoteESP8266/ir_GlobalCache.cpp.o
2023-09-24T15:02:16.1894022Z Compiling .pio/build/esp32s3dev_8MB_PSRAM_opi/lib714/IRremoteESP8266/ir_Goodweather.cpp.o
2023-09-24T15:02:16.2295969Z Compiling .pio/build/esp32s3dev_8MB_PSRAM_opi/lib714/IRremoteESP8266/ir_Gree.cpp.o
2023-09-24T15:02:16.7474902Z Compiling .pio/build/esp32s3dev_8MB_PSRAM_opi/lib714/IRremoteESP8266/ir_Haier.cpp.o
2023-09-24T15:02:16.8735687Z Compiling .pio/build/esp32s3dev_8MB_PSRAM_opi/lib714/IRremoteESP8266/ir_Hitachi.cpp.o
2023-09-24T15:02:17.5556970Z Compiling .pio/build/esp32s3dev_8MB_PSRAM_opi/lib714/IRremoteESP8266/ir_Inax.cpp.o
2023-09-24T15:02:17.7775865Z Compiling .pio/build/esp32s3dev_8MB_PSRAM_opi/lib714/IRremoteESP8266/ir_JVC.cpp.o
2023-09-24T15:02:18.0244114Z Compiling .pio/build/esp32s3dev_8MB_PSRAM_opi/lib714/IRremoteESP8266/ir_Kelon.cpp.o
2023-09-24T15:02:18.2536053Z Compiling .pio/build/esp32s3dev_8MB_PSRAM_opi/lib714/IRremoteESP8266/ir_Kelvinator.cpp.o
2023-09-24T15:02:18.6125881Z Compiling .pio/build/esp32s3dev_8MB_PSRAM_opi/lib714/IRremoteESP8266/ir_LG.cpp.o
2023-09-24T15:02:18.9135809Z Compiling .pio/build/esp32s3dev_8MB_PSRAM_opi/lib714/IRremoteESP8266/ir_Lasertag.cpp.o
2023-09-24T15:02:19.3496574Z Compiling .pio/build/esp32s3dev_8MB_PSRAM_opi/lib714/IRremoteESP8266/ir_Lego.cpp.o
2023-09-24T15:02:19.3776146Z Compiling .pio/build/esp32s3dev_8MB_PSRAM_opi/lib714/IRremoteESP8266/ir_Lutron.cpp.o
2023-09-24T15:02:19.8216158Z Compiling .pio/build/esp32s3dev_8MB_PSRAM_opi/lib714/IRremoteESP8266/ir_MWM.cpp.o
2023-09-24T15:02:19.8456405Z Compiling .pio/build/esp32s3dev_8MB_PSRAM_opi/lib714/IRremoteESP8266/ir_Magiquest.cpp.o
2023-09-24T15:02:20.2856041Z Compiling .pio/build/esp32s3dev_8MB_PSRAM_opi/lib714/IRremoteESP8266/ir_Metz.cpp.o
2023-09-24T15:02:20.3119454Z Compiling .pio/build/esp32s3dev_8MB_PSRAM_opi/lib714/IRremoteESP8266/ir_Midea.cpp.o
2023-09-24T15:02:20.7535862Z Compiling .pio/build/esp32s3dev_8MB_PSRAM_opi/lib714/IRremoteESP8266/ir_MilesTag2.cpp.o
2023-09-24T15:02:21.0015869Z Compiling .pio/build/esp32s3dev_8MB_PSRAM_opi/lib714/IRremoteESP8266/ir_Mirage.cpp.o
2023-09-24T15:02:21.2175874Z Compiling .pio/build/esp32s3dev_8MB_PSRAM_opi/lib714/IRremoteESP8266/ir_Mitsubishi.cpp.o
2023-09-24T15:02:21.4709522Z Compiling .pio/build/esp32s3dev_8MB_PSRAM_opi/lib714/IRremoteESP8266/ir_MitsubishiHeavy.cpp.o
2023-09-24T15:02:22.0124325Z Compiling .pio/build/esp32s3dev_8MB_PSRAM_opi/lib714/IRremoteESP8266/ir_Multibrackets.cpp.o
2023-09-24T15:02:22.1935680Z Compiling .pio/build/esp32s3dev_8MB_PSRAM_opi/lib714/IRremoteESP8266/ir_NEC.cpp.o
2023-09-24T15:02:22.4696408Z Compiling .pio/build/esp32s3dev_8MB_PSRAM_opi/lib714/IRremoteESP8266/ir_Neoclima.cpp.o
2023-09-24T15:02:22.6672356Z Compiling .pio/build/esp32s3dev_8MB_PSRAM_opi/lib714/IRremoteESP8266/ir_Nikai.cpp.o
2023-09-24T15:02:23.0975742Z Compiling .pio/build/esp32s3dev_8MB_PSRAM_opi/lib714/IRremoteESP8266/ir_Panasonic.cpp.o
2023-09-24T15:02:23.1286797Z Compiling .pio/build/esp32s3dev_8MB_PSRAM_opi/lib714/IRremoteESP8266/ir_Pioneer.cpp.o
2023-09-24T15:02:23.5896109Z Compiling .pio/build/esp32s3dev_8MB_PSRAM_opi/lib714/IRremoteESP8266/ir_Pronto.cpp.o
2023-09-24T15:02:23.8091004Z Compiling .pio/build/esp32s3dev_8MB_PSRAM_opi/lib714/IRremoteESP8266/ir_RC5_RC6.cpp.o
2023-09-24T15:02:23.8335674Z Compiling .pio/build/esp32s3dev_8MB_PSRAM_opi/lib714/IRremoteESP8266/ir_RCMM.cpp.o
2023-09-24T15:02:24.2763962Z Compiling .pio/build/esp32s3dev_8MB_PSRAM_opi/lib714/IRremoteESP8266/ir_Rhoss.cpp.o
2023-09-24T15:02:24.3055933Z Compiling .pio/build/esp32s3dev_8MB_PSRAM_opi/lib714/IRremoteESP8266/ir_Samsung.cpp.o
2023-09-24T15:02:24.8142240Z Compiling .pio/build/esp32s3dev_8MB_PSRAM_opi/lib714/IRremoteESP8266/ir_Sanyo.cpp.o
2023-09-24T15:02:24.9976430Z Compiling .pio/build/esp32s3dev_8MB_PSRAM_opi/lib714/IRremoteESP8266/ir_Sharp.cpp.o
2023-09-24T15:02:25.4536400Z Compiling .pio/build/esp32s3dev_8MB_PSRAM_opi/lib714/IRremoteESP8266/ir_Sherwood.cpp.o
2023-09-24T15:02:25.6255820Z Compiling .pio/build/esp32s3dev_8MB_PSRAM_opi/lib714/IRremoteESP8266/ir_Sony.cpp.o
2023-09-24T15:02:25.6575664Z Compiling .pio/build/esp32s3dev_8MB_PSRAM_opi/lib714/IRremoteESP8266/ir_Symphony.cpp.o
2023-09-24T15:02:26.1226493Z Compiling .pio/build/esp32s3dev_8MB_PSRAM_opi/lib714/IRremoteESP8266/ir_Tcl.cpp.o
2023-09-24T15:02:26.1415624Z Compiling .pio/build/esp32s3dev_8MB_PSRAM_opi/lib714/IRremoteESP8266/ir_Technibel.cpp.o
2023-09-24T15:02:26.6935535Z Compiling .pio/build/esp32s3dev_8MB_PSRAM_opi/lib714/IRremoteESP8266/ir_Teco.cpp.o
2023-09-24T15:02:26.7415707Z Compiling .pio/build/esp32s3dev_8MB_PSRAM_opi/lib714/IRremoteESP8266/ir_Teknopoint.cpp.o
2023-09-24T15:02:27.2016767Z Compiling .pio/build/esp32s3dev_8MB_PSRAM_opi/lib714/IRremoteESP8266/ir_Toshiba.cpp.o
2023-09-24T15:02:27.2455864Z Compiling .pio/build/esp32s3dev_8MB_PSRAM_opi/lib714/IRremoteESP8266/ir_Transcold.cpp.o
2023-09-24T15:02:27.8053528Z Compiling .pio/build/esp32s3dev_8MB_PSRAM_opi/lib714/IRremoteESP8266/ir_Trotec.cpp.o
2023-09-24T15:02:27.8181401Z Compiling .pio/build/esp32s3dev_8MB_PSRAM_opi/lib714/IRremoteESP8266/ir_Truma.cpp.o
2023-09-24T15:02:28.3493996Z Compiling .pio/build/esp32s3dev_8MB_PSRAM_opi/lib714/IRremoteESP8266/ir_Vestel.cpp.o
2023-09-24T15:02:28.4096492Z Compiling .pio/build/esp32s3dev_8MB_PSRAM_opi/lib714/IRremoteESP8266/ir_Voltas.cpp.o
2023-09-24T15:02:29.0176204Z Compiling .pio/build/esp32s3dev_8MB_PSRAM_opi/lib714/IRremoteESP8266/ir_Whirlpool.cpp.o
2023-09-24T15:02:29.0735627Z Compiling .pio/build/esp32s3dev_8MB_PSRAM_opi/lib714/IRremoteESP8266/ir_Whynter.cpp.o
2023-09-24T15:02:29.5335692Z Compiling .pio/build/esp32s3dev_8MB_PSRAM_opi/lib714/IRremoteESP8266/ir_Xmp.cpp.o
2023-09-24T15:02:29.6354921Z Compiling .pio/build/esp32s3dev_8MB_PSRAM_opi/lib714/IRremoteESP8266/ir_Zepeal.cpp.o
2023-09-24T15:02:30.2763779Z Compiling .pio/build/esp32s3dev_8MB_PSRAM_opi/libb37/NeoPixelBus/internal/animations/NeoPixelAnimator.cpp.o
2023-09-24T15:02:30.3056357Z Archiving .pio/build/esp32s3dev_8MB_PSRAM_opi/lib714/libIRremoteESP8266.a
2023-09-24T15:02:30.3453844Z Indexing .pio/build/esp32s3dev_8MB_PSRAM_opi/lib714/libIRremoteESP8266.a
2023-09-24T15:02:30.4335822Z Compiling .pio/build/esp32s3dev_8MB_PSRAM_opi/libb37/NeoPixelBus/internal/colors/HsbColor.cpp.o
2023-09-24T15:02:30.8998446Z Compiling .pio/build/esp32s3dev_8MB_PSRAM_opi/libb37/NeoPixelBus/internal/colors/HslColor.cpp.o
2023-09-24T15:02:30.9304296Z Compiling .pio/build/esp32s3dev_8MB_PSRAM_opi/libb37/NeoPixelBus/internal/colors/HtmlColor.cpp.o
2023-09-24T15:02:31.3724407Z Compiling .pio/build/esp32s3dev_8MB_PSRAM_opi/libb37/NeoPixelBus/internal/colors/HtmlColorNameStrings.cpp.o
2023-09-24T15:02:31.4015860Z Compiling .pio/build/esp32s3dev_8MB_PSRAM_opi/libb37/NeoPixelBus/internal/colors/HtmlColorNames.cpp.o
2023-09-24T15:02:31.8216323Z Compiling .pio/build/esp32s3dev_8MB_PSRAM_opi/libb37/NeoPixelBus/internal/colors/HtmlColorShortNames.cpp.o
2023-09-24T15:02:31.8536061Z Compiling .pio/build/esp32s3dev_8MB_PSRAM_opi/libb37/NeoPixelBus/internal/colors/NeoGammaDynamicTableMethod.cpp.o
2023-09-24T15:02:32.2779683Z Compiling .pio/build/esp32s3dev_8MB_PSRAM_opi/libb37/NeoPixelBus/internal/colors/NeoGammaTableMethod.cpp.o
2023-09-24T15:02:32.3095458Z Compiling .pio/build/esp32s3dev_8MB_PSRAM_opi/libb37/NeoPixelBus/internal/colors/Rgb48Color.cpp.o
2023-09-24T15:02:32.7258019Z Compiling .pio/build/esp32s3dev_8MB_PSRAM_opi/libb37/NeoPixelBus/internal/colors/RgbColor.cpp.o
2023-09-24T15:02:32.8095767Z Compiling .pio/build/esp32s3dev_8MB_PSRAM_opi/libb37/NeoPixelBus/internal/colors/RgbColorBase.cpp.o
2023-09-24T15:02:33.2375674Z Compiling .pio/build/esp32s3dev_8MB_PSRAM_opi/libb37/NeoPixelBus/internal/colors/Rgbw64Color.cpp.o
2023-09-24T15:02:33.2895804Z Compiling .pio/build/esp32s3dev_8MB_PSRAM_opi/libb37/NeoPixelBus/internal/colors/RgbwColor.cpp.o
2023-09-24T15:02:33.7495610Z Compiling .pio/build/esp32s3dev_8MB_PSRAM_opi/libb37/NeoPixelBus/internal/colors/SegmentDigit.cpp.o
2023-09-24T15:02:33.8335705Z Compiling .pio/build/esp32s3dev_8MB_PSRAM_opi/libb37/NeoPixelBus/internal/methods/Esp32_i2s.c.o
2023-09-24T15:02:33.8775681Z Compiling .pio/build/esp32s3dev_8MB_PSRAM_opi/libb37/NeoPixelBus/internal/methods/NeoEsp32RmtMethod.cpp.o
2023-09-24T15:02:34.2495724Z Compiling .pio/build/esp32s3dev_8MB_PSRAM_opi/libb37/NeoPixelBus/internal/methods/NeoEsp8266I2sMethodCore.cpp.o
2023-09-24T15:02:34.3813307Z Compiling .pio/build/esp32s3dev_8MB_PSRAM_opi/libb37/NeoPixelBus/internal/methods/NeoEsp8266UartMethod.cpp.o
2023-09-24T15:02:34.4295736Z Compiling .pio/build/esp32s3dev_8MB_PSRAM_opi/libb37/NeoPixelBus/internal/methods/NeoEspBitBangMethod.cpp.o
2023-09-24T15:02:34.6935648Z Compiling .pio/build/esp32s3dev_8MB_PSRAM_opi/libb37/NeoPixelBus/internal/methods/NeoPixelAvr.c.o
2023-09-24T15:02:34.9071758Z Compiling .pio/build/esp32s3dev_8MB_PSRAM_opi/lib7aa/FS/FS.cpp.o
2023-09-24T15:02:34.9277270Z Archiving .pio/build/esp32s3dev_8MB_PSRAM_opi/libb37/libNeoPixelBus.a
2023-09-24T15:02:34.9422382Z Indexing .pio/build/esp32s3dev_8MB_PSRAM_opi/libb37/libNeoPixelBus.a
2023-09-24T15:02:34.9775428Z Compiling .pio/build/esp32s3dev_8MB_PSRAM_opi/lib7aa/FS/vfs_api.cpp.o
2023-09-24T15:02:35.7090064Z Compiling .pio/build/esp32s3dev_8MB_PSRAM_opi/lib989/WiFi/WiFi.cpp.o
2023-09-24T15:02:35.7300778Z Archiving .pio/build/esp32s3dev_8MB_PSRAM_opi/lib7aa/libFS.a
2023-09-24T15:02:35.7375940Z Indexing .pio/build/esp32s3dev_8MB_PSRAM_opi/lib7aa/libFS.a
2023-09-24T15:02:35.7656011Z Compiling .pio/build/esp32s3dev_8MB_PSRAM_opi/lib989/WiFi/WiFiAP.cpp.o
2023-09-24T15:02:36.2695204Z Compiling .pio/build/esp32s3dev_8MB_PSRAM_opi/lib989/WiFi/WiFiClient.cpp.o
2023-09-24T15:02:36.3855710Z Compiling .pio/build/esp32s3dev_8MB_PSRAM_opi/lib989/WiFi/WiFiGeneric.cpp.o
2023-09-24T15:02:37.0632969Z Compiling .pio/build/esp32s3dev_8MB_PSRAM_opi/lib989/WiFi/WiFiMulti.cpp.o
2023-09-24T15:02:37.3335615Z Compiling .pio/build/esp32s3dev_8MB_PSRAM_opi/lib989/WiFi/WiFiSTA.cpp.o
2023-09-24T15:02:37.6903569Z Compiling .pio/build/esp32s3dev_8MB_PSRAM_opi/lib989/WiFi/WiFiScan.cpp.o
2023-09-24T15:02:38.0095697Z Compiling .pio/build/esp32s3dev_8MB_PSRAM_opi/lib989/WiFi/WiFiServer.cpp.o
2023-09-24T15:02:38.2495630Z Compiling .pio/build/esp32s3dev_8MB_PSRAM_opi/lib989/WiFi/WiFiUdp.cpp.o
2023-09-24T15:02:38.7695606Z Compiling .pio/build/esp32s3dev_8MB_PSRAM_opi/lib620/LittleFS/LittleFS.cpp.o
2023-09-24T15:02:38.7855197Z Archiving .pio/build/esp32s3dev_8MB_PSRAM_opi/lib989/libWiFi.a
2023-09-24T15:02:38.7952771Z Indexing .pio/build/esp32s3dev_8MB_PSRAM_opi/lib989/libWiFi.a
2023-09-24T15:02:39.0044121Z Compiling .pio/build/esp32s3dev_8MB_PSRAM_opi/lib826/ESPAsyncWebServerAircoookie/AsyncEventSource.cpp.o
2023-09-24T15:02:39.3336557Z Archiving .pio/build/esp32s3dev_8MB_PSRAM_opi/lib620/libLittleFS.a
2023-09-24T15:02:39.3415137Z Indexing .pio/build/esp32s3dev_8MB_PSRAM_opi/lib620/libLittleFS.a
2023-09-24T15:02:39.3807662Z Compiling .pio/build/esp32s3dev_8MB_PSRAM_opi/lib826/ESPAsyncWebServerAircoookie/AsyncWebSocket.cpp.o
2023-09-24T15:02:39.9625951Z Compiling .pio/build/esp32s3dev_8MB_PSRAM_opi/lib826/ESPAsyncWebServerAircoookie/SPIFFSEditor.cpp.o
2023-09-24T15:02:40.7583035Z Compiling .pio/build/esp32s3dev_8MB_PSRAM_opi/lib826/ESPAsyncWebServerAircoookie/WebAuthentication.cpp.o
2023-09-24T15:02:40.7855437Z Compiling .pio/build/esp32s3dev_8MB_PSRAM_opi/lib826/ESPAsyncWebServerAircoookie/WebHandlers.cpp.o
2023-09-24T15:02:41.3215949Z Compiling .pio/build/esp32s3dev_8MB_PSRAM_opi/lib826/ESPAsyncWebServerAircoookie/WebRequest.cpp.o
2023-09-24T15:02:41.5895642Z Compiling .pio/build/esp32s3dev_8MB_PSRAM_opi/lib826/ESPAsyncWebServerAircoookie/WebResponses.cpp.o
2023-09-24T15:02:42.7735710Z Compiling .pio/build/esp32s3dev_8MB_PSRAM_opi/lib826/ESPAsyncWebServerAircoookie/WebServer.cpp.o
2023-09-24T15:02:43.0255695Z Compiling .pio/build/esp32s3dev_8MB_PSRAM_opi/libe98/QuickEspNow/QuickEspNow_esp32.cpp.o
2023-09-24T15:02:43.5696135Z Compiling .pio/build/esp32s3dev_8MB_PSRAM_opi/libe98/QuickEspNow/QuickEspNow_esp8266.cpp.o
2023-09-24T15:02:43.6850720Z Archiving .pio/build/esp32s3dev_8MB_PSRAM_opi/lib826/libESPAsyncWebServerAircoookie.a
2023-09-24T15:02:43.7021036Z Indexing .pio/build/esp32s3dev_8MB_PSRAM_opi/lib826/libESPAsyncWebServerAircoookie.a
2023-09-24T15:02:43.9160553Z Compiling .pio/build/esp32s3dev_8MB_PSRAM_opi/liba33/Wire/Wire.cpp.o
2023-09-24T15:02:44.0216114Z Archiving .pio/build/esp32s3dev_8MB_PSRAM_opi/libe98/libQuickEspNow.a
2023-09-24T15:02:44.0316581Z Indexing .pio/build/esp32s3dev_8MB_PSRAM_opi/libe98/libQuickEspNow.a
2023-09-24T15:02:44.2335587Z Compiling .pio/build/esp32s3dev_8MB_PSRAM_opi/lib770/SD/SD.cpp.o
2023-09-24T15:02:44.4786085Z Archiving .pio/build/esp32s3dev_8MB_PSRAM_opi/liba33/libWire.a
2023-09-24T15:02:44.4886130Z Indexing .pio/build/esp32s3dev_8MB_PSRAM_opi/liba33/libWire.a
2023-09-24T15:02:44.5337927Z Compiling .pio/build/esp32s3dev_8MB_PSRAM_opi/lib770/SD/sd_diskio.cpp.o
2023-09-24T15:02:44.8095632Z Compiling .pio/build/esp32s3dev_8MB_PSRAM_opi/lib770/SD/sd_diskio_crc.c.o
2023-09-24T15:02:45.0735727Z Compiling .pio/build/esp32s3dev_8MB_PSRAM_opi/libc3a/SD_MMC/SD_MMC.cpp.o
2023-09-24T15:02:45.1870714Z Archiving .pio/build/esp32s3dev_8MB_PSRAM_opi/lib770/libSD.a
2023-09-24T15:02:45.1977776Z Indexing .pio/build/esp32s3dev_8MB_PSRAM_opi/lib770/libSD.a
2023-09-24T15:02:45.3881539Z Compiling .pio/build/esp32s3dev_8MB_PSRAM_opi/libc24/EEPROM/EEPROM.cpp.o
2023-09-24T15:02:45.6775737Z Archiving .pio/build/esp32s3dev_8MB_PSRAM_opi/libc3a/libSD_MMC.a
2023-09-24T15:02:45.6850159Z Indexing .pio/build/esp32s3dev_8MB_PSRAM_opi/libc3a/libSD_MMC.a
2023-09-24T15:02:45.9615670Z Compiling .pio/build/esp32s3dev_8MB_PSRAM_opi/lib4b6/Update/HttpsOTAUpdate.cpp.o
2023-09-24T15:02:45.9922453Z Archiving .pio/build/esp32s3dev_8MB_PSRAM_opi/libc24/libEEPROM.a
2023-09-24T15:02:46.0015720Z Indexing .pio/build/esp32s3dev_8MB_PSRAM_opi/libc24/libEEPROM.a
2023-09-24T15:02:46.0656024Z Compiling .pio/build/esp32s3dev_8MB_PSRAM_opi/lib4b6/Update/Updater.cpp.o
2023-09-24T15:02:46.3118478Z Compiling .pio/build/esp32s3dev_8MB_PSRAM_opi/lib4b6/ESPmDNS/ESPmDNS.cpp.o
2023-09-24T15:02:46.6489181Z Archiving .pio/build/esp32s3dev_8MB_PSRAM_opi/lib4b6/libUpdate.a
2023-09-24T15:02:46.6565562Z Indexing .pio/build/esp32s3dev_8MB_PSRAM_opi/lib4b6/libUpdate.a
2023-09-24T15:02:46.8615575Z Compiling .pio/build/esp32s3dev_8MB_PSRAM_opi/lib134/ArduinoOTA/ArduinoOTA.cpp.o
2023-09-24T15:02:46.9173175Z Archiving .pio/build/esp32s3dev_8MB_PSRAM_opi/lib4b6/libESPmDNS.a
2023-09-24T15:02:46.9251795Z Indexing .pio/build/esp32s3dev_8MB_PSRAM_opi/lib4b6/libESPmDNS.a
2023-09-24T15:02:47.1189922Z Compiling .pio/build/esp32s3dev_8MB_PSRAM_opi/lib147/DNSServer/DNSServer.cpp.o
2023-09-24T15:02:47.5618969Z Archiving .pio/build/esp32s3dev_8MB_PSRAM_opi/lib134/libArduinoOTA.a
2023-09-24T15:02:47.5721842Z Indexing .pio/build/esp32s3dev_8MB_PSRAM_opi/lib134/libArduinoOTA.a
2023-09-24T15:02:47.7771850Z Compiling .pio/build/esp32s3dev_8MB_PSRAM_opi/lib720/Ethernet/ETH.cpp.o
2023-09-24T15:02:47.7969820Z Archiving .pio/build/esp32s3dev_8MB_PSRAM_opi/lib147/libDNSServer.a
2023-09-24T15:02:47.8064847Z Indexing .pio/build/esp32s3dev_8MB_PSRAM_opi/lib147/libDNSServer.a
2023-09-24T15:02:48.0289274Z Compiling .pio/build/esp32s3dev_8MB_PSRAM_opi/lib59e/AsyncUDP/AsyncUDP.cpp.o
2023-09-24T15:02:48.3575681Z Archiving .pio/build/esp32s3dev_8MB_PSRAM_opi/lib720/libEthernet.a
2023-09-24T15:02:48.3667740Z Indexing .pio/build/esp32s3dev_8MB_PSRAM_opi/lib720/libEthernet.a
2023-09-24T15:02:48.5695722Z Compiling .pio/build/esp32s3dev_8MB_PSRAM_opi/lib1ce/WebServer/Parsing.cpp.o
2023-09-24T15:02:48.8229500Z Archiving .pio/build/esp32s3dev_8MB_PSRAM_opi/lib59e/libAsyncUDP.a
2023-09-24T15:02:48.8316278Z Indexing .pio/build/esp32s3dev_8MB_PSRAM_opi/lib59e/libAsyncUDP.a
2023-09-24T15:02:48.8603762Z Compiling .pio/build/esp32s3dev_8MB_PSRAM_opi/lib1ce/WebServer/WebServer.cpp.o
2023-09-24T15:02:49.4856496Z Compiling .pio/build/esp32s3dev_8MB_PSRAM_opi/lib1ce/WebServer/detail/mimetable.cpp.o
2023-09-24T15:02:49.7135526Z Compiling .pio/build/esp32s3dev_8MB_PSRAM_opi/FrameworkArduino/Esp.cpp.o
2023-09-24T15:02:49.9947970Z Archiving .pio/build/esp32s3dev_8MB_PSRAM_opi/lib1ce/libWebServer.a
2023-09-24T15:02:50.0054258Z Indexing .pio/build/esp32s3dev_8MB_PSRAM_opi/lib1ce/libWebServer.a
2023-09-24T15:02:50.0316229Z Compiling .pio/build/esp32s3dev_8MB_PSRAM_opi/FrameworkArduino/FirmwareMSC.cpp.o
2023-09-24T15:02:50.3192711Z Compiling .pio/build/esp32s3dev_8MB_PSRAM_opi/FrameworkArduino/FunctionalInterrupt.cpp.o
2023-09-24T15:02:50.3533533Z Compiling .pio/build/esp32s3dev_8MB_PSRAM_opi/FrameworkArduino/HWCDC.cpp.o
2023-09-24T15:02:50.6653345Z Compiling .pio/build/esp32s3dev_8MB_PSRAM_opi/FrameworkArduino/HardwareSerial.cpp.o
2023-09-24T15:02:50.7935630Z Compiling .pio/build/esp32s3dev_8MB_PSRAM_opi/FrameworkArduino/IPAddress.cpp.o
2023-09-24T15:02:51.2213526Z Compiling .pio/build/esp32s3dev_8MB_PSRAM_opi/FrameworkArduino/IPv6Address.cpp.o
2023-09-24T15:02:51.2735912Z Compiling .pio/build/esp32s3dev_8MB_PSRAM_opi/FrameworkArduino/MD5Builder.cpp.o
2023-09-24T15:02:51.6969533Z Compiling .pio/build/esp32s3dev_8MB_PSRAM_opi/FrameworkArduino/Print.cpp.o
2023-09-24T15:02:51.7535902Z Compiling .pio/build/esp32s3dev_8MB_PSRAM_opi/FrameworkArduino/Stream.cpp.o
2023-09-24T15:02:52.2495944Z Compiling .pio/build/esp32s3dev_8MB_PSRAM_opi/FrameworkArduino/StreamString.cpp.o
2023-09-24T15:02:52.2775524Z Compiling .pio/build/esp32s3dev_8MB_PSRAM_opi/FrameworkArduino/Tone.cpp.o
2023-09-24T15:02:52.7833088Z Compiling .pio/build/esp32s3dev_8MB_PSRAM_opi/FrameworkArduino/USB.cpp.o
2023-09-24T15:02:52.8135741Z Compiling .pio/build/esp32s3dev_8MB_PSRAM_opi/FrameworkArduino/USBCDC.cpp.o
2023-09-24T15:02:53.1215854Z Compiling .pio/build/esp32s3dev_8MB_PSRAM_opi/FrameworkArduino/USBMSC.cpp.o
2023-09-24T15:02:53.1815938Z Compiling .pio/build/esp32s3dev_8MB_PSRAM_opi/FrameworkArduino/WMath.cpp.o
2023-09-24T15:02:53.2855777Z Compiling .pio/build/esp32s3dev_8MB_PSRAM_opi/FrameworkArduino/WString.cpp.o
2023-09-24T15:02:53.3695772Z Compiling .pio/build/esp32s3dev_8MB_PSRAM_opi/FrameworkArduino/base64.cpp.o
2023-09-24T15:02:53.8215521Z Compiling .pio/build/esp32s3dev_8MB_PSRAM_opi/FrameworkArduino/cbuf.cpp.o
2023-09-24T15:02:53.9496054Z Compiling .pio/build/esp32s3dev_8MB_PSRAM_opi/FrameworkArduino/esp32-hal-adc.c.o
2023-09-24T15:02:54.1016114Z Compiling .pio/build/esp32s3dev_8MB_PSRAM_opi/FrameworkArduino/esp32-hal-bt.c.o
2023-09-24T15:02:54.1455514Z Compiling .pio/build/esp32s3dev_8MB_PSRAM_opi/FrameworkArduino/esp32-hal-cpu.c.o
2023-09-24T15:02:54.2416149Z Compiling .pio/build/esp32s3dev_8MB_PSRAM_opi/FrameworkArduino/esp32-hal-dac.c.o
2023-09-24T15:02:54.3238993Z Compiling .pio/build/esp32s3dev_8MB_PSRAM_opi/FrameworkArduino/esp32-hal-gpio.c.o
2023-09-24T15:02:54.3655964Z Compiling .pio/build/esp32s3dev_8MB_PSRAM_opi/FrameworkArduino/esp32-hal-i2c-slave.c.o
2023-09-24T15:02:54.5173891Z Compiling .pio/build/esp32s3dev_8MB_PSRAM_opi/FrameworkArduino/esp32-hal-i2c.c.o
2023-09-24T15:02:54.6455455Z Compiling .pio/build/esp32s3dev_8MB_PSRAM_opi/FrameworkArduino/esp32-hal-ledc.c.o
2023-09-24T15:02:54.7015815Z Compiling .pio/build/esp32s3dev_8MB_PSRAM_opi/FrameworkArduino/esp32-hal-matrix.c.o
2023-09-24T15:02:54.8124682Z Compiling .pio/build/esp32s3dev_8MB_PSRAM_opi/FrameworkArduino/esp32-hal-misc.c.o
2023-09-24T15:02:54.8495846Z Compiling .pio/build/esp32s3dev_8MB_PSRAM_opi/FrameworkArduino/esp32-hal-psram.c.o
2023-09-24T15:02:54.9746596Z Compiling .pio/build/esp32s3dev_8MB_PSRAM_opi/FrameworkArduino/esp32-hal-rgb-led.c.o
2023-09-24T15:02:55.0018907Z Compiling .pio/build/esp32s3dev_8MB_PSRAM_opi/FrameworkArduino/esp32-hal-rmt.c.o
2023-09-24T15:02:55.1135999Z Compiling .pio/build/esp32s3dev_8MB_PSRAM_opi/FrameworkArduino/esp32-hal-sigmadelta.c.o
2023-09-24T15:02:55.2438552Z Compiling .pio/build/esp32s3dev_8MB_PSRAM_opi/FrameworkArduino/esp32-hal-spi.c.o
2023-09-24T15:02:55.2815940Z Compiling .pio/build/esp32s3dev_8MB_PSRAM_opi/FrameworkArduino/esp32-hal-time.c.o
2023-09-24T15:02:55.4535970Z Compiling .pio/build/esp32s3dev_8MB_PSRAM_opi/FrameworkArduino/esp32-hal-timer.c.o
2023-09-24T15:02:55.6730998Z Compiling .pio/build/esp32s3dev_8MB_PSRAM_opi/FrameworkArduino/esp32-hal-tinyusb.c.o
2023-09-24T15:02:55.7055750Z Compiling .pio/build/esp32s3dev_8MB_PSRAM_opi/FrameworkArduino/esp32-hal-touch.c.o
2023-09-24T15:02:55.8575944Z Compiling .pio/build/esp32s3dev_8MB_PSRAM_opi/FrameworkArduino/esp32-hal-uart.c.o
2023-09-24T15:02:55.9655789Z Compiling .pio/build/esp32s3dev_8MB_PSRAM_opi/FrameworkArduino/firmware_msc_fat.c.o
2023-09-24T15:02:56.0975705Z Compiling .pio/build/esp32s3dev_8MB_PSRAM_opi/FrameworkArduino/libb64/cdecode.c.o
2023-09-24T15:02:56.1507011Z Compiling .pio/build/esp32s3dev_8MB_PSRAM_opi/FrameworkArduino/libb64/cencode.c.o
2023-09-24T15:02:56.1816002Z Compiling .pio/build/esp32s3dev_8MB_PSRAM_opi/FrameworkArduino/main.cpp.o
2023-09-24T15:02:56.2136009Z Compiling .pio/build/esp32s3dev_8MB_PSRAM_opi/FrameworkArduino/stdlib_noniso.c.o
2023-09-24T15:02:56.3416247Z Compiling .pio/build/esp32s3dev_8MB_PSRAM_opi/FrameworkArduino/wiring_pulse.c.o
2023-09-24T15:02:56.4696065Z Compiling .pio/build/esp32s3dev_8MB_PSRAM_opi/FrameworkArduino/wiring_shift.c.o
2023-09-24T15:02:56.6242019Z Archiving .pio/build/esp32s3dev_8MB_PSRAM_opi/libFrameworkArduino.a
2023-09-24T15:02:56.6424243Z Indexing .pio/build/esp32s3dev_8MB_PSRAM_opi/libFrameworkArduino.a
2023-09-24T15:02:56.7146714Z Linking .pio/build/esp32s3dev_8MB_PSRAM_opi/firmware.elf
2023-09-24T15:03:05.0251002Z Retrieving maximum program size .pio/build/esp32s3dev_8MB_PSRAM_opi/firmware.elf
2023-09-24T15:03:05.0254282Z Checking size .pio/build/esp32s3dev_8MB_PSRAM_opi/firmware.elf
2023-09-24T15:03:05.0425239Z Advanced Memory Usage is available via "PlatformIO Home > Project Inspect"
2023-09-24T15:03:05.0426025Z RAM:   [==        ]  24.3% (used 79528 bytes from 327680 bytes)
2023-09-24T15:03:05.0451912Z Flash: [=======   ]  65.1% (used 1366101 bytes from 2097152 bytes)
2023-09-24T15:03:05.0455950Z Building .pio/build/esp32s3dev_8MB_PSRAM_opi/firmware.bin
2023-09-24T15:03:05.3009496Z esptool.py v4.4
2023-09-24T15:03:05.3010364Z Creating esp32s3 image...
2023-09-24T15:03:05.3011173Z Merged 2 ELF sections
2023-09-24T15:03:05.3011501Z Successfully created esp32s3 image.
2023-09-24T15:03:05.3095708Z bin_rename_copy([".pio/build/esp32s3dev_8MB_PSRAM_opi/firmware.bin"], [".pio/build/esp32s3dev_8MB_PSRAM_opi/firmware.elf"])
2023-09-24T15:03:05.3109761Z bin_gzip([".pio/build/esp32s3dev_8MB_PSRAM_opi/firmware.bin"], [".pio/build/esp32s3dev_8MB_PSRAM_opi/firmware.elf"])
2023-09-24T15:03:05.8907335Z ======================== [SUCCESS] Took 165.81 seconds ========================
2023-09-24T15:03:05.8908166Z 
2023-09-24T15:03:05.8916909Z Environment               Status    Duration
2023-09-24T15:03:05.8917751Z ------------------------  --------  ------------
2023-09-24T15:03:05.8931607Z esp32s3dev_8MB_PSRAM_opi  SUCCESS   00:02:45.813
2023-09-24T15:03:05.8932856Z ========================= 1 succeeded in 00:02:45.813 =========================
2023-09-24T15:03:06.8864031Z 
2023-09-24T15:03:06.8864973Z ********************************************************************************
2023-09-24T15:03:06.8865853Z There is a new version 6.1.11 of PlatformIO available.
2023-09-24T15:03:06.8869990Z Please upgrade it via `platformio upgrade` or `pip install -U platformio` command.
2023-09-24T15:03:06.8870713Z Changes: https://docs.platformio.org/en/latest/history.html
2023-09-24T15:03:06.8921183Z ********************************************************************************
2023-09-24T15:03:06.8921417Z 
2023-09-24T15:03:06.9055153Z 
2023-09-24T15:03:06.9055708Z ********************************************************************************
2023-09-24T15:03:06.9056233Z We found 491.76MB of unnecessary PlatformIO system data (temporary files, unnecessary packages, etc.).
2023-09-24T15:03:06.9057084Z Use `pio system prune --dry-run` to list them or `pio system prune` to save disk space.
2023-09-24T15:03:06.9438845Z ##[group]Run actions/upload-artifact@v2
2023-09-24T15:03:06.9439150Z with:
2023-09-24T15:03:06.9439418Z   name: firmware-esp32s3dev_8MB_PSRAM_opi
2023-09-24T15:03:06.9440022Z   path: build_output/firmware/*.bin
build_output/firmware/*.gz

2023-09-24T15:03:06.9440350Z   if-no-files-found: warn
2023-09-24T15:03:06.9440605Z env:
2023-09-24T15:03:06.9440900Z   pythonLocation: /opt/hostedtoolcache/Python/3.9.18/x64
2023-09-24T15:03:06.9441297Z   PKG_CONFIG_PATH: /opt/hostedtoolcache/Python/3.9.18/x64/lib/pkgconfig
2023-09-24T15:03:06.9441681Z   Python_ROOT_DIR: /opt/hostedtoolcache/Python/3.9.18/x64
2023-09-24T15:03:06.9442043Z   Python2_ROOT_DIR: /opt/hostedtoolcache/Python/3.9.18/x64
2023-09-24T15:03:06.9442403Z   Python3_ROOT_DIR: /opt/hostedtoolcache/Python/3.9.18/x64
2023-09-24T15:03:06.9442765Z   LD_LIBRARY_PATH: /opt/hostedtoolcache/Python/3.9.18/x64/lib
2023-09-24T15:03:06.9443097Z ##[endgroup]
2023-09-24T15:03:07.0122903Z With the provided path, there will be 2 files uploaded
2023-09-24T15:03:07.0125846Z Starting artifact upload
2023-09-24T15:03:07.0126905Z For more detailed logs during the artifact upload process, enable step-debugging: https://docs.github.com/actions/monitoring-and-troubleshooting-workflows/enabling-debug-logging#enabling-step-debug-logging
2023-09-24T15:03:07.0127795Z Artifact name is valid!
2023-09-24T15:03:07.0930890Z Container for artifact "firmware-esp32s3dev_8MB_PSRAM_opi" successfully created. Starting upload of file(s)
2023-09-24T15:03:07.3749027Z Total size of all the files uploaded is 1841185 bytes
2023-09-24T15:03:07.3749699Z File upload process has finished. Finalizing the artifact upload
2023-09-24T15:03:07.4463464Z Artifact has been finalized. All files have been successfully uploaded!
2023-09-24T15:03:07.4463916Z 
2023-09-24T15:03:07.4464244Z The raw size of all the files that were specified for upload is 2286672 bytes
2023-09-24T15:03:07.4465091Z The size of all the files that were uploaded is 1841185 bytes. This takes into account any gzip compression used to reduce the upload size, time and storage
2023-09-24T15:03:07.4465600Z 
2023-09-24T15:03:07.4466403Z Note: The size of downloaded zips can differ significantly from the reported size. For more information see: https://github.com/actions/upload-artifact#zipped-artifact-downloads 
2023-09-24T15:03:07.4466993Z 
2023-09-24T15:03:07.4467423Z Artifact firmware-esp32s3dev_8MB_PSRAM_opi has been successfully uploaded!
2023-09-24T15:03:07.4566787Z Post job cleanup.
2023-09-24T15:03:07.8742620Z Post job cleanup.
2023-09-24T15:03:08.0365430Z Cache hit occurred on the primary key Linux-, not saving cache.
2023-09-24T15:03:08.3216319Z Post job cleanup.
2023-09-24T15:03:08.4733756Z Cache hit occurred on the primary key Linux-pip-81ff51cfad9e9eb735c6b16e2b137bb04b536de75d900d6b02aa29724c130501, not saving cache.
2023-09-24T15:03:08.4880240Z Post job cleanup.
2023-09-24T15:03:08.5966653Z [command]/usr/bin/git version
2023-09-24T15:03:08.6025812Z git version 2.42.0
2023-09-24T15:03:08.6083751Z Temporarily overriding HOME='/home/runner/work/_temp/f0561045-170c-47e0-a835-fcbed54d9737' before making global git config changes
2023-09-24T15:03:08.6087381Z Adding repository directory to the temporary git global config as a safe directory
2023-09-24T15:03:08.6095811Z [command]/usr/bin/git config --global --add safe.directory /home/runner/work/WLED/WLED
2023-09-24T15:03:08.6150160Z [command]/usr/bin/git config --local --name-only --get-regexp core\.sshCommand
2023-09-24T15:03:08.6197777Z [command]/usr/bin/git submodule foreach --recursive sh -c "git config --local --name-only --get-regexp 'core\.sshCommand' && git config --local --unset-all 'core.sshCommand' || :"
2023-09-24T15:03:08.6465610Z [command]/usr/bin/git config --local --name-only --get-regexp http\.https\:\/\/github\.com\/\.extraheader
2023-09-24T15:03:08.6501236Z http.https://github.com/.extraheader
2023-09-24T15:03:08.6516423Z [command]/usr/bin/git config --local --unset-all http.https://github.com/.extraheader
2023-09-24T15:03:08.6561325Z [command]/usr/bin/git submodule foreach --recursive sh -c "git config --local --name-only --get-regexp 'http\.https\:\/\/github\.com\/\.extraheader' && git config --local --unset-all 'http.https://github.com/.extraheader' || :"
2023-09-24T15:03:08.7194263Z Cleaning up orphan processes
