2023-09-24T15:00:01.0939543Z Requested labels: ubuntu-latest
2023-09-24T15:00:01.0939831Z Job defined at: Aircoookie/WLED/.github/workflows/wled-ci.yml@refs/heads/0_15
2023-09-24T15:00:01.0939942Z Waiting for a runner to pick up this job...
2023-09-24T15:00:01.6125215Z Job is waiting for a hosted runner to come online.
2023-09-24T15:00:04.6487547Z Job is about to start running on the hosted runner: GitHub Actions 9 (hosted)
2023-09-24T15:00:07.8498951Z Current runner version: '2.309.0'
2023-09-24T15:00:07.8540656Z ##[group]Operating System
2023-09-24T15:00:07.8541339Z Ubuntu
2023-09-24T15:00:07.8541622Z 22.04.3
2023-09-24T15:00:07.8542393Z LTS
2023-09-24T15:00:07.8542759Z ##[endgroup]
2023-09-24T15:00:07.8543088Z ##[group]Runner Image
2023-09-24T15:00:07.8543517Z Image: ubuntu-22.04
2023-09-24T15:00:07.8544050Z Version: 20230917.1.0
2023-09-24T15:00:07.8544619Z Included Software: https://github.com/actions/runner-images/blob/ubuntu22/20230917.1/images/linux/Ubuntu2204-Readme.md
2023-09-24T15:00:07.8545653Z Image Release: https://github.com/actions/runner-images/releases/tag/ubuntu22%2F20230917.1
2023-09-24T15:00:07.8546502Z ##[endgroup]
2023-09-24T15:00:07.8546898Z ##[group]Runner Image Provisioner
2023-09-24T15:00:07.8547323Z 2.0.299.1
2023-09-24T15:00:07.8547668Z ##[endgroup]
2023-09-24T15:00:07.8548728Z ##[group]GITHUB_TOKEN Permissions
2023-09-24T15:00:07.8550832Z Actions: write
2023-09-24T15:00:07.8551339Z Checks: write
2023-09-24T15:00:07.8551982Z Contents: write
2023-09-24T15:00:07.8552455Z Deployments: write
2023-09-24T15:00:07.8552941Z Discussions: write
2023-09-24T15:00:07.8553307Z Issues: write
2023-09-24T15:00:07.8553846Z Metadata: read
2023-09-24T15:00:07.8554230Z Packages: write
2023-09-24T15:00:07.8554691Z Pages: write
2023-09-24T15:00:07.8555023Z PullRequests: write
2023-09-24T15:00:07.8555616Z RepositoryProjects: write
2023-09-24T15:00:07.8556036Z SecurityEvents: write
2023-09-24T15:00:07.8556360Z Statuses: write
2023-09-24T15:00:07.8557018Z ##[endgroup]
2023-09-24T15:00:07.8562492Z Secret source: Actions
2023-09-24T15:00:07.8563443Z Prepare workflow directory
2023-09-24T15:00:07.9481387Z Prepare all required actions
2023-09-24T15:00:07.9723833Z Getting action download info
2023-09-24T15:00:08.2040118Z Download action repository 'actions/checkout@v3' (SHA:f43a0e5ff2bd294095638e18286ca9a3d1956744)
2023-09-24T15:00:08.8754884Z Download action repository 'actions/cache@v3' (SHA:704facf57e6136b1bc63b828d79edcd491f0ee84)
2023-09-24T15:00:09.4970015Z Download action repository 'actions/setup-python@v4' (SHA:61a6322f88396a6271a6ee3565807d608ecaddd1)
2023-09-24T15:00:10.0777423Z Download action repository 'actions/upload-artifact@v2' (SHA:82c141cc518b40d92cc801eee768e7aafc9c2fa2)
2023-09-24T15:00:10.6664112Z Complete job name: Build Enviornments (esp8266_2m)
2023-09-24T15:00:10.7898769Z ##[group]Run actions/checkout@v3
2023-09-24T15:00:10.7899234Z with:
2023-09-24T15:00:10.7899448Z   repository: Aircoookie/WLED
2023-09-24T15:00:10.7899878Z   token: ***
2023-09-24T15:00:10.7900109Z   ssh-strict: true
2023-09-24T15:00:10.7900347Z   persist-credentials: true
2023-09-24T15:00:10.7900570Z   clean: true
2023-09-24T15:00:10.7900806Z   sparse-checkout-cone-mode: true
2023-09-24T15:00:10.7901061Z   fetch-depth: 1
2023-09-24T15:00:10.7901264Z   fetch-tags: false
2023-09-24T15:00:10.7901470Z   lfs: false
2023-09-24T15:00:10.7901828Z   submodules: false
2023-09-24T15:00:10.7902045Z   set-safe-directory: true
2023-09-24T15:00:10.7902261Z ##[endgroup]
2023-09-24T15:00:11.1447118Z Syncing repository: Aircoookie/WLED
2023-09-24T15:00:11.1448786Z ##[group]Getting Git version info
2023-09-24T15:00:11.1449630Z Working directory is '/home/runner/work/WLED/WLED'
2023-09-24T15:00:11.1450152Z [command]/usr/bin/git version
2023-09-24T15:00:11.1451753Z git version 2.42.0
2023-09-24T15:00:11.1453243Z ##[endgroup]
2023-09-24T15:00:11.1467419Z Temporarily overriding HOME='/home/runner/work/_temp/fadc6acf-9ba1-4158-8942-e62b085438f1' before making global git config changes
2023-09-24T15:00:11.1467874Z Adding repository directory to the temporary git global config as a safe directory
2023-09-24T15:00:11.1468345Z [command]/usr/bin/git config --global --add safe.directory /home/runner/work/WLED/WLED
2023-09-24T15:00:11.1511440Z Deleting the contents of '/home/runner/work/WLED/WLED'
2023-09-24T15:00:11.1518654Z ##[group]Initializing the repository
2023-09-24T15:00:11.1523301Z [command]/usr/bin/git init /home/runner/work/WLED/WLED
2023-09-24T15:00:11.1620731Z hint: Using 'master' as the name for the initial branch. This default branch name
2023-09-24T15:00:11.1622053Z hint: is subject to change. To configure the initial branch name to use in all
2023-09-24T15:00:11.1622782Z hint: of your new repositories, which will suppress this warning, call:
2023-09-24T15:00:11.1623776Z hint: 
2023-09-24T15:00:11.1624546Z hint: 	git config --global init.defaultBranch <name>
2023-09-24T15:00:11.1624828Z hint: 
2023-09-24T15:00:11.1625284Z hint: Names commonly chosen instead of 'master' are 'main', 'trunk' and
2023-09-24T15:00:11.1630879Z hint: 'development'. The just-created branch can be renamed via this command:
2023-09-24T15:00:11.1631533Z hint: 
2023-09-24T15:00:11.1632025Z hint: 	git branch -m <name>
2023-09-24T15:00:11.1646059Z Initialized empty Git repository in /home/runner/work/WLED/WLED/.git/
2023-09-24T15:00:11.1659838Z [command]/usr/bin/git remote add origin https://github.com/Aircoookie/WLED
2023-09-24T15:00:11.1717104Z ##[endgroup]
2023-09-24T15:00:11.1717985Z ##[group]Disabling automatic garbage collection
2023-09-24T15:00:11.1718484Z [command]/usr/bin/git config --local gc.auto 0
2023-09-24T15:00:11.1755161Z ##[endgroup]
2023-09-24T15:00:11.1755842Z ##[group]Setting up auth
2023-09-24T15:00:11.1763111Z [command]/usr/bin/git config --local --name-only --get-regexp core\.sshCommand
2023-09-24T15:00:11.1805705Z [command]/usr/bin/git submodule foreach --recursive sh -c "git config --local --name-only --get-regexp 'core\.sshCommand' && git config --local --unset-all 'core.sshCommand' || :"
2023-09-24T15:00:11.2348212Z [command]/usr/bin/git config --local --name-only --get-regexp http\.https\:\/\/github\.com\/\.extraheader
2023-09-24T15:00:11.2401809Z [command]/usr/bin/git submodule foreach --recursive sh -c "git config --local --name-only --get-regexp 'http\.https\:\/\/github\.com\/\.extraheader' && git config --local --unset-all 'http.https://github.com/.extraheader' || :"
2023-09-24T15:00:11.2758264Z [command]/usr/bin/git config --local http.https://github.com/.extraheader AUTHORIZATION: basic ***
2023-09-24T15:00:11.2805487Z ##[endgroup]
2023-09-24T15:00:11.2805936Z ##[group]Fetching the repository
2023-09-24T15:00:11.2823734Z [command]/usr/bin/git -c protocol.version=2 fetch --no-tags --prune --progress --no-recurse-submodules --depth=1 origin +d011ca0626851668fbedcae187952ae61b64b4b9:refs/remotes/origin/0_15
2023-09-24T15:00:11.6748496Z remote: Enumerating objects: 496, done.        
2023-09-24T15:00:11.6749391Z remote: Counting objects:   0% (1/496)        
2023-09-24T15:00:11.6750690Z remote: Counting objects:   1% (5/496)        
2023-09-24T15:00:11.6751319Z remote: Counting objects:   2% (10/496)        
2023-09-24T15:00:11.6751658Z remote: Counting objects:   3% (15/496)        
2023-09-24T15:00:11.6753168Z remote: Counting objects:   4% (20/496)        
2023-09-24T15:00:11.6753516Z remote: Counting objects:   5% (25/496)        
2023-09-24T15:00:11.6753847Z remote: Counting objects:   6% (30/496)        
2023-09-24T15:00:11.6754475Z remote: Counting objects:   7% (35/496)        
2023-09-24T15:00:11.6754769Z remote: Counting objects:   8% (40/496)        
2023-09-24T15:00:11.6755033Z remote: Counting objects:   9% (45/496)        
2023-09-24T15:00:11.6755280Z remote: Counting objects:  10% (50/496)        
2023-09-24T15:00:11.6755536Z remote: Counting objects:  11% (55/496)        
2023-09-24T15:00:11.6761192Z remote: Counting objects:  12% (60/496)        
2023-09-24T15:00:11.6761499Z remote: Counting objects:  13% (65/496)        
2023-09-24T15:00:11.6761788Z remote: Counting objects:  14% (70/496)        
2023-09-24T15:00:11.6762404Z remote: Counting objects:  15% (75/496)        
2023-09-24T15:00:11.6762664Z remote: Counting objects:  16% (80/496)        
2023-09-24T15:00:11.6762902Z remote: Counting objects:  17% (85/496)        
2023-09-24T15:00:11.6763157Z remote: Counting objects:  18% (90/496)        
2023-09-24T15:00:11.6763404Z remote: Counting objects:  19% (95/496)        
2023-09-24T15:00:11.6763645Z remote: Counting objects:  20% (100/496)        
2023-09-24T15:00:11.6763904Z remote: Counting objects:  21% (105/496)        
2023-09-24T15:00:11.6764500Z remote: Counting objects:  22% (110/496)        
2023-09-24T15:00:11.6764739Z remote: Counting objects:  23% (115/496)        
2023-09-24T15:00:11.6764992Z remote: Counting objects:  24% (120/496)        
2023-09-24T15:00:11.6765251Z remote: Counting objects:  25% (124/496)        
2023-09-24T15:00:11.6765496Z remote: Counting objects:  26% (129/496)        
2023-09-24T15:00:11.6765744Z remote: Counting objects:  27% (134/496)        
2023-09-24T15:00:11.6765995Z remote: Counting objects:  28% (139/496)        
2023-09-24T15:00:11.6766245Z remote: Counting objects:  29% (144/496)        
2023-09-24T15:00:11.6766482Z remote: Counting objects:  30% (149/496)        
2023-09-24T15:00:11.6766733Z remote: Counting objects:  31% (154/496)        
2023-09-24T15:00:11.6766981Z remote: Counting objects:  32% (159/496)        
2023-09-24T15:00:11.6767217Z remote: Counting objects:  33% (164/496)        
2023-09-24T15:00:11.6767466Z remote: Counting objects:  34% (169/496)        
2023-09-24T15:00:11.6767880Z remote: Counting objects:  35% (174/496)        
2023-09-24T15:00:11.6768100Z remote: Counting objects:  36% (179/496)        
2023-09-24T15:00:11.6768338Z remote: Counting objects:  37% (184/496)        
2023-09-24T15:00:11.6768584Z remote: Counting objects:  38% (189/496)        
2023-09-24T15:00:11.6768808Z remote: Counting objects:  39% (194/496)        
2023-09-24T15:00:11.6769051Z remote: Counting objects:  40% (199/496)        
2023-09-24T15:00:11.6769501Z remote: Counting objects:  41% (204/496)        
2023-09-24T15:00:11.6770112Z remote: Counting objects:  42% (209/496)        
2023-09-24T15:00:11.6770368Z remote: Counting objects:  43% (214/496)        
2023-09-24T15:00:11.6770637Z remote: Counting objects:  44% (219/496)        
2023-09-24T15:00:11.6770907Z remote: Counting objects:  45% (224/496)        
2023-09-24T15:00:11.6771163Z remote: Counting objects:  46% (229/496)        
2023-09-24T15:00:11.6771433Z remote: Counting objects:  47% (234/496)        
2023-09-24T15:00:11.6771708Z remote: Counting objects:  48% (239/496)        
2023-09-24T15:00:11.6771961Z remote: Counting objects:  49% (244/496)        
2023-09-24T15:00:11.6772229Z remote: Counting objects:  50% (248/496)        
2023-09-24T15:00:11.6773061Z remote: Counting objects:  51% (253/496)        
2023-09-24T15:00:11.6773521Z remote: Counting objects:  52% (258/496)        
2023-09-24T15:00:11.6774917Z remote: Counting objects:  53% (263/496)        
2023-09-24T15:00:11.6775219Z remote: Counting objects:  54% (268/496)        
2023-09-24T15:00:11.6775487Z remote: Counting objects:  55% (273/496)        
2023-09-24T15:00:11.6775736Z remote: Counting objects:  56% (278/496)        
2023-09-24T15:00:11.6775994Z remote: Counting objects:  57% (283/496)        
2023-09-24T15:00:11.6776255Z remote: Counting objects:  58% (288/496)        
2023-09-24T15:00:11.6776500Z remote: Counting objects:  59% (293/496)        
2023-09-24T15:00:11.6776756Z remote: Counting objects:  60% (298/496)        
2023-09-24T15:00:11.6777198Z remote: Counting objects:  61% (303/496)        
2023-09-24T15:00:11.6777594Z remote: Counting objects:  62% (308/496)        
2023-09-24T15:00:11.6777831Z remote: Counting objects:  63% (313/496)        
2023-09-24T15:00:11.6778756Z remote: Counting objects:  64% (318/496)        
2023-09-24T15:00:11.6779023Z remote: Counting objects:  65% (323/496)        
2023-09-24T15:00:11.6779272Z remote: Counting objects:  66% (328/496)        
2023-09-24T15:00:11.6779530Z remote: Counting objects:  67% (333/496)        
2023-09-24T15:00:11.6779789Z remote: Counting objects:  68% (338/496)        
2023-09-24T15:00:11.6780232Z remote: Counting objects:  69% (343/496)        
2023-09-24T15:00:11.6780480Z remote: Counting objects:  70% (348/496)        
2023-09-24T15:00:11.6780743Z remote: Counting objects:  71% (353/496)        
2023-09-24T15:00:11.6781509Z remote: Counting objects:  72% (358/496)        
2023-09-24T15:00:11.6781939Z remote: Counting objects:  73% (363/496)        
2023-09-24T15:00:11.6782501Z remote: Counting objects:  74% (368/496)        
2023-09-24T15:00:11.6782784Z remote: Counting objects:  75% (372/496)        
2023-09-24T15:00:11.6783049Z remote: Counting objects:  76% (377/496)        
2023-09-24T15:00:11.6783329Z remote: Counting objects:  77% (382/496)        
2023-09-24T15:00:11.6783614Z remote: Counting objects:  78% (387/496)        
2023-09-24T15:00:11.6783880Z remote: Counting objects:  79% (392/496)        
2023-09-24T15:00:11.6784163Z remote: Counting objects:  80% (397/496)        
2023-09-24T15:00:11.6784443Z remote: Counting objects:  81% (402/496)        
2023-09-24T15:00:11.6784724Z remote: Counting objects:  82% (407/496)        
2023-09-24T15:00:11.6785143Z remote: Counting objects:  83% (412/496)        
2023-09-24T15:00:11.6785562Z remote: Counting objects:  84% (417/496)        
2023-09-24T15:00:11.6785809Z remote: Counting objects:  85% (422/496)        
2023-09-24T15:00:11.6786042Z remote: Counting objects:  86% (427/496)        
2023-09-24T15:00:11.6786299Z remote: Counting objects:  87% (432/496)        
2023-09-24T15:00:11.6786549Z remote: Counting objects:  88% (437/496)        
2023-09-24T15:00:11.6786783Z remote: Counting objects:  89% (442/496)        
2023-09-24T15:00:11.6787032Z remote: Counting objects:  90% (447/496)        
2023-09-24T15:00:11.6787284Z remote: Counting objects:  91% (452/496)        
2023-09-24T15:00:11.6787522Z remote: Counting objects:  92% (457/496)        
2023-09-24T15:00:11.6787774Z remote: Counting objects:  93% (462/496)        
2023-09-24T15:00:11.6788022Z remote: Counting objects:  94% (467/496)        
2023-09-24T15:00:11.6788509Z remote: Counting objects:  95% (472/496)        
2023-09-24T15:00:11.6788941Z remote: Counting objects:  96% (477/496)        
2023-09-24T15:00:11.6789183Z remote: Counting objects:  97% (482/496)        
2023-09-24T15:00:11.6789434Z remote: Counting objects:  98% (487/496)        
2023-09-24T15:00:11.6789682Z remote: Counting objects:  99% (492/496)        
2023-09-24T15:00:11.6789926Z remote: Counting objects: 100% (496/496)        
2023-09-24T15:00:11.6790189Z remote: Counting objects: 100% (496/496), done.        
2023-09-24T15:00:11.6790470Z remote: Compressing objects:   0% (1/448)        
2023-09-24T15:00:11.6790966Z remote: Compressing objects:   1% (5/448)        
2023-09-24T15:00:11.6791404Z remote: Compressing objects:   2% (9/448)        
2023-09-24T15:00:11.6791697Z remote: Compressing objects:   3% (14/448)        
2023-09-24T15:00:11.6791973Z remote: Compressing objects:   4% (18/448)        
2023-09-24T15:00:11.6792231Z remote: Compressing objects:   5% (23/448)        
2023-09-24T15:00:11.6792504Z remote: Compressing objects:   6% (27/448)        
2023-09-24T15:00:11.6793126Z remote: Compressing objects:   7% (32/448)        
2023-09-24T15:00:11.6793415Z remote: Compressing objects:   8% (36/448)        
2023-09-24T15:00:11.6793718Z remote: Compressing objects:   9% (41/448)        
2023-09-24T15:00:11.6794020Z remote: Compressing objects:  10% (45/448)        
2023-09-24T15:00:11.6794312Z remote: Compressing objects:  11% (50/448)        
2023-09-24T15:00:11.6794611Z remote: Compressing objects:  12% (54/448)        
2023-09-24T15:00:11.6794916Z remote: Compressing objects:  13% (59/448)        
2023-09-24T15:00:11.6795206Z remote: Compressing objects:  14% (63/448)        
2023-09-24T15:00:11.6795515Z remote: Compressing objects:  15% (68/448)        
2023-09-24T15:00:11.6795816Z remote: Compressing objects:  16% (72/448)        
2023-09-24T15:00:11.6796120Z remote: Compressing objects:  17% (77/448)        
2023-09-24T15:00:11.6796568Z remote: Compressing objects:  18% (81/448)        
2023-09-24T15:00:11.6797012Z remote: Compressing objects:  19% (86/448)        
2023-09-24T15:00:11.6797284Z remote: Compressing objects:  20% (90/448)        
2023-09-24T15:00:11.6797536Z remote: Compressing objects:  21% (95/448)        
2023-09-24T15:00:11.6797801Z remote: Compressing objects:  22% (99/448)        
2023-09-24T15:00:11.6798072Z remote: Compressing objects:  23% (104/448)        
2023-09-24T15:00:11.6798677Z remote: Compressing objects:  24% (108/448)        
2023-09-24T15:00:11.6798961Z remote: Compressing objects:  25% (112/448)        
2023-09-24T15:00:11.6799243Z remote: Compressing objects:  26% (117/448)        
2023-09-24T15:00:11.6799530Z remote: Compressing objects:  27% (121/448)        
2023-09-24T15:00:11.6799796Z remote: Compressing objects:  28% (126/448)        
2023-09-24T15:00:11.6800077Z remote: Compressing objects:  29% (130/448)        
2023-09-24T15:00:11.6800352Z remote: Compressing objects:  30% (135/448)        
2023-09-24T15:00:11.6800613Z remote: Compressing objects:  31% (139/448)        
2023-09-24T15:00:11.6800890Z remote: Compressing objects:  32% (144/448)        
2023-09-24T15:00:11.6801169Z remote: Compressing objects:  33% (148/448)        
2023-09-24T15:00:11.6801429Z remote: Compressing objects:  34% (153/448)        
2023-09-24T15:00:11.6801863Z remote: Compressing objects:  35% (157/448)        
2023-09-24T15:00:11.6802131Z remote: Compressing objects:  36% (162/448)        
2023-09-24T15:00:11.6802395Z remote: Compressing objects:  37% (166/448)        
2023-09-24T15:00:11.6802665Z remote: Compressing objects:  38% (171/448)        
2023-09-24T15:00:11.6802935Z remote: Compressing objects:  39% (175/448)        
2023-09-24T15:00:11.6803209Z remote: Compressing objects:  40% (180/448)        
2023-09-24T15:00:11.6803463Z remote: Compressing objects:  41% (184/448)        
2023-09-24T15:00:11.6803732Z remote: Compressing objects:  42% (189/448)        
2023-09-24T15:00:11.6804172Z remote: Compressing objects:  43% (193/448)        
2023-09-24T15:00:11.6804855Z remote: Compressing objects:  44% (198/448)        
2023-09-24T15:00:11.6805161Z remote: Compressing objects:  45% (202/448)        
2023-09-24T15:00:11.6805465Z remote: Compressing objects:  46% (207/448)        
2023-09-24T15:00:11.6805753Z remote: Compressing objects:  47% (211/448)        
2023-09-24T15:00:11.6806058Z remote: Compressing objects:  48% (216/448)        
2023-09-24T15:00:11.6806364Z remote: Compressing objects:  49% (220/448)        
2023-09-24T15:00:11.6806662Z remote: Compressing objects:  50% (224/448)        
2023-09-24T15:00:11.6806949Z remote: Compressing objects:  51% (229/448)        
2023-09-24T15:00:11.6807252Z remote: Compressing objects:  52% (233/448)        
2023-09-24T15:00:11.6807678Z remote: Compressing objects:  53% (238/448)        
2023-09-24T15:00:11.6808174Z remote: Compressing objects:  54% (242/448)        
2023-09-24T15:00:11.6808790Z remote: Compressing objects:  55% (247/448)        
2023-09-24T15:00:11.6809295Z remote: Compressing objects:  56% (251/448)        
2023-09-24T15:00:11.6809557Z remote: Compressing objects:  57% (256/448)        
2023-09-24T15:00:11.6809831Z remote: Compressing objects:  58% (260/448)        
2023-09-24T15:00:11.6810108Z remote: Compressing objects:  59% (265/448)        
2023-09-24T15:00:11.6810371Z remote: Compressing objects:  60% (269/448)        
2023-09-24T15:00:11.6810647Z remote: Compressing objects:  61% (274/448)        
2023-09-24T15:00:11.6810930Z remote: Compressing objects:  62% (278/448)        
2023-09-24T15:00:11.6811204Z remote: Compressing objects:  63% (283/448)        
2023-09-24T15:00:11.6811465Z remote: Compressing objects:  64% (287/448)        
2023-09-24T15:00:11.6811747Z remote: Compressing objects:  65% (292/448)        
2023-09-24T15:00:11.6812024Z remote: Compressing objects:  66% (296/448)        
2023-09-24T15:00:11.6812441Z remote: Compressing objects:  67% (301/448)        
2023-09-24T15:00:11.6812707Z remote: Compressing objects:  68% (305/448)        
2023-09-24T15:00:11.6812976Z remote: Compressing objects:  69% (310/448)        
2023-09-24T15:00:11.6813231Z remote: Compressing objects:  70% (314/448)        
2023-09-24T15:00:11.6813499Z remote: Compressing objects:  71% (319/448)        
2023-09-24T15:00:11.6813768Z remote: Compressing objects:  72% (323/448)        
2023-09-24T15:00:11.6814036Z remote: Compressing objects:  73% (328/448)        
2023-09-24T15:00:11.6814455Z remote: Compressing objects:  74% (332/448)        
2023-09-24T15:00:11.6814845Z remote: Compressing objects:  75% (336/448)        
2023-09-24T15:00:11.6815107Z remote: Compressing objects:  76% (341/448)        
2023-09-24T15:00:11.6815353Z remote: Compressing objects:  77% (345/448)        
2023-09-24T15:00:11.6815796Z remote: Compressing objects:  78% (350/448)        
2023-09-24T15:00:11.6816256Z remote: Compressing objects:  79% (354/448)        
2023-09-24T15:00:11.6816535Z remote: Compressing objects:  80% (359/448)        
2023-09-24T15:00:11.6816834Z remote: Compressing objects:  81% (363/448)        
2023-09-24T15:00:11.6817127Z remote: Compressing objects:  82% (368/448)        
2023-09-24T15:00:11.6817423Z remote: Compressing objects:  83% (372/448)        
2023-09-24T15:00:11.6817703Z remote: Compressing objects:  84% (377/448)        
2023-09-24T15:00:11.6818384Z remote: Compressing objects:  85% (381/448)        
2023-09-24T15:00:11.6818706Z remote: Compressing objects:  86% (386/448)        
2023-09-24T15:00:11.6819003Z remote: Compressing objects:  87% (390/448)        
2023-09-24T15:00:11.6819308Z remote: Compressing objects:  88% (395/448)        
2023-09-24T15:00:11.6819776Z remote: Compressing objects:  89% (399/448)        
2023-09-24T15:00:11.6820267Z remote: Compressing objects:  90% (404/448)        
2023-09-24T15:00:11.6820573Z remote: Compressing objects:  91% (408/448)        
2023-09-24T15:00:11.6820859Z remote: Compressing objects:  92% (413/448)        
2023-09-24T15:00:11.6821166Z remote: Compressing objects:  93% (417/448)        
2023-09-24T15:00:11.6821630Z remote: Compressing objects:  94% (422/448)        
2023-09-24T15:00:11.6821910Z remote: Compressing objects:  95% (426/448)        
2023-09-24T15:00:11.6822202Z remote: Compressing objects:  96% (431/448)        
2023-09-24T15:00:11.6822493Z remote: Compressing objects:  97% (435/448)        
2023-09-24T15:00:11.6822769Z remote: Compressing objects:  98% (440/448)        
2023-09-24T15:00:11.6823063Z remote: Compressing objects:  99% (444/448)        
2023-09-24T15:00:11.6823360Z remote: Compressing objects: 100% (448/448)        
2023-09-24T15:00:11.6823669Z remote: Compressing objects: 100% (448/448), done.        
2023-09-24T15:00:11.6968104Z Receiving objects:   0% (1/496)
2023-09-24T15:00:11.6969220Z Receiving objects:   1% (5/496)
2023-09-24T15:00:11.6969504Z Receiving objects:   2% (10/496)
2023-09-24T15:00:11.6969732Z Receiving objects:   3% (15/496)
2023-09-24T15:00:11.7131667Z Receiving objects:   4% (20/496)
2023-09-24T15:00:11.7915326Z Receiving objects:   5% (25/496)
2023-09-24T15:00:11.7926519Z Receiving objects:   6% (30/496)
2023-09-24T15:00:11.7932955Z Receiving objects:   7% (35/496)
2023-09-24T15:00:11.7939167Z Receiving objects:   8% (40/496)
2023-09-24T15:00:11.7939926Z Receiving objects:   9% (45/496)
2023-09-24T15:00:11.7941041Z Receiving objects:  10% (50/496)
2023-09-24T15:00:11.7943203Z Receiving objects:  11% (55/496)
2023-09-24T15:00:11.7945131Z Receiving objects:  12% (60/496)
2023-09-24T15:00:11.7948048Z Receiving objects:  13% (65/496)
2023-09-24T15:00:11.7953447Z Receiving objects:  14% (70/496)
2023-09-24T15:00:11.7956136Z Receiving objects:  15% (75/496)
2023-09-24T15:00:11.7980318Z Receiving objects:  16% (80/496)
2023-09-24T15:00:11.8008340Z Receiving objects:  17% (85/496)
2023-09-24T15:00:11.8009990Z Receiving objects:  18% (90/496)
2023-09-24T15:00:11.8014521Z Receiving objects:  19% (95/496)
2023-09-24T15:00:11.8018607Z Receiving objects:  20% (100/496)
2023-09-24T15:00:11.8069591Z Receiving objects:  21% (105/496)
2023-09-24T15:00:11.8146820Z Receiving objects:  22% (110/496)
2023-09-24T15:00:11.8148573Z Receiving objects:  23% (115/496)
2023-09-24T15:00:11.8149663Z Receiving objects:  24% (120/496)
2023-09-24T15:00:11.8151371Z Receiving objects:  25% (124/496)
2023-09-24T15:00:11.8152802Z Receiving objects:  26% (129/496)
2023-09-24T15:00:11.8153400Z Receiving objects:  27% (134/496)
2023-09-24T15:00:11.8159491Z Receiving objects:  28% (139/496)
2023-09-24T15:00:11.8162824Z Receiving objects:  29% (144/496)
2023-09-24T15:00:11.8164677Z Receiving objects:  30% (149/496)
2023-09-24T15:00:11.8166812Z Receiving objects:  31% (154/496)
2023-09-24T15:00:11.8172908Z Receiving objects:  32% (159/496)
2023-09-24T15:00:11.8212973Z Receiving objects:  33% (164/496)
2023-09-24T15:00:11.8852887Z Receiving objects:  34% (169/496)
2023-09-24T15:00:11.9164418Z Receiving objects:  35% (174/496)
2023-09-24T15:00:11.9167097Z Receiving objects:  36% (179/496)
2023-09-24T15:00:11.9185653Z Receiving objects:  37% (184/496)
2023-09-24T15:00:11.9312718Z Receiving objects:  38% (189/496)
2023-09-24T15:00:11.9384266Z Receiving objects:  39% (194/496)
2023-09-24T15:00:11.9388761Z Receiving objects:  40% (199/496)
2023-09-24T15:00:11.9389315Z Receiving objects:  41% (204/496)
2023-09-24T15:00:11.9393146Z Receiving objects:  42% (209/496)
2023-09-24T15:00:11.9396529Z Receiving objects:  43% (214/496)
2023-09-24T15:00:11.9399376Z Receiving objects:  44% (219/496)
2023-09-24T15:00:11.9402840Z Receiving objects:  45% (224/496)
2023-09-24T15:00:11.9404931Z Receiving objects:  46% (229/496)
2023-09-24T15:00:11.9408978Z Receiving objects:  47% (234/496)
2023-09-24T15:00:11.9413575Z Receiving objects:  48% (239/496)
2023-09-24T15:00:11.9416104Z Receiving objects:  49% (244/496)
2023-09-24T15:00:11.9419091Z Receiving objects:  50% (248/496)
2023-09-24T15:00:11.9422131Z Receiving objects:  51% (253/496)
2023-09-24T15:00:11.9435944Z Receiving objects:  52% (258/496)
2023-09-24T15:00:11.9438898Z Receiving objects:  53% (263/496)
2023-09-24T15:00:11.9441354Z Receiving objects:  54% (268/496)
2023-09-24T15:00:11.9445064Z Receiving objects:  55% (273/496)
2023-09-24T15:00:11.9453970Z Receiving objects:  56% (278/496)
2023-09-24T15:00:11.9456768Z Receiving objects:  57% (283/496)
2023-09-24T15:00:11.9461206Z Receiving objects:  58% (288/496)
2023-09-24T15:00:11.9510849Z Receiving objects:  59% (293/496)
2023-09-24T15:00:11.9527531Z Receiving objects:  60% (298/496)
2023-09-24T15:00:11.9544158Z Receiving objects:  61% (303/496)
2023-09-24T15:00:11.9548051Z Receiving objects:  62% (308/496)
2023-09-24T15:00:11.9555606Z Receiving objects:  63% (313/496)
2023-09-24T15:00:11.9558157Z Receiving objects:  64% (318/496)
2023-09-24T15:00:11.9561960Z Receiving objects:  65% (323/496)
2023-09-24T15:00:11.9584574Z Receiving objects:  66% (328/496)
2023-09-24T15:00:11.9587814Z Receiving objects:  67% (333/496)
2023-09-24T15:00:11.9596671Z Receiving objects:  68% (338/496)
2023-09-24T15:00:11.9602253Z Receiving objects:  69% (343/496)
2023-09-24T15:00:11.9615225Z Receiving objects:  70% (348/496)
2023-09-24T15:00:11.9621258Z Receiving objects:  71% (353/496)
2023-09-24T15:00:11.9630937Z Receiving objects:  72% (358/496)
2023-09-24T15:00:11.9634029Z Receiving objects:  73% (363/496)
2023-09-24T15:00:11.9653528Z Receiving objects:  74% (368/496)
2023-09-24T15:00:11.9726794Z Receiving objects:  75% (372/496)
2023-09-24T15:00:11.9738632Z Receiving objects:  76% (377/496)
2023-09-24T15:00:11.9741294Z Receiving objects:  77% (382/496)
2023-09-24T15:00:11.9748221Z Receiving objects:  78% (387/496)
2023-09-24T15:00:11.9754263Z Receiving objects:  79% (392/496)
2023-09-24T15:00:11.9762176Z Receiving objects:  80% (397/496)
2023-09-24T15:00:11.9764310Z Receiving objects:  81% (402/496)
2023-09-24T15:00:11.9765572Z Receiving objects:  82% (407/496)
2023-09-24T15:00:11.9771494Z Receiving objects:  83% (412/496)
2023-09-24T15:00:11.9772213Z Receiving objects:  84% (417/496)
2023-09-24T15:00:11.9773179Z Receiving objects:  85% (422/496)
2023-09-24T15:00:11.9774443Z Receiving objects:  86% (427/496)
2023-09-24T15:00:11.9775062Z Receiving objects:  87% (432/496)
2023-09-24T15:00:11.9775556Z Receiving objects:  88% (437/496)
2023-09-24T15:00:11.9781922Z Receiving objects:  89% (442/496)
2023-09-24T15:00:11.9832721Z Receiving objects:  90% (447/496)
2023-09-24T15:00:11.9835129Z Receiving objects:  91% (452/496)
2023-09-24T15:00:11.9839108Z Receiving objects:  92% (457/496)
2023-09-24T15:00:11.9839827Z Receiving objects:  93% (462/496)
2023-09-24T15:00:11.9842937Z Receiving objects:  94% (467/496)
2023-09-24T15:00:11.9846562Z Receiving objects:  95% (472/496)
2023-09-24T15:00:11.9851285Z Receiving objects:  96% (477/496)
2023-09-24T15:00:11.9851924Z remote: Total 496 (delta 36), reused 427 (delta 34), pack-reused 0        
2023-09-24T15:00:11.9866192Z Receiving objects:  97% (482/496)
2023-09-24T15:00:11.9874304Z Receiving objects:  98% (487/496)
2023-09-24T15:00:11.9882411Z Receiving objects:  99% (492/496)
2023-09-24T15:00:11.9884051Z Receiving objects: 100% (496/496)
2023-09-24T15:00:11.9884525Z Receiving objects: 100% (496/496), 7.70 MiB | 26.36 MiB/s, done.
2023-09-24T15:00:11.9897144Z Resolving deltas:   0% (0/36)
2023-09-24T15:00:11.9900928Z Resolving deltas:   2% (1/36)
2023-09-24T15:00:11.9905944Z Resolving deltas:   5% (2/36)
2023-09-24T15:00:11.9909660Z Resolving deltas:   8% (3/36)
2023-09-24T15:00:11.9914591Z Resolving deltas:  11% (4/36)
2023-09-24T15:00:11.9920641Z Resolving deltas:  13% (5/36)
2023-09-24T15:00:11.9925986Z Resolving deltas:  16% (6/36)
2023-09-24T15:00:11.9933099Z Resolving deltas:  19% (7/36)
2023-09-24T15:00:11.9938234Z Resolving deltas:  22% (8/36)
2023-09-24T15:00:11.9942957Z Resolving deltas:  25% (9/36)
2023-09-24T15:00:11.9947003Z Resolving deltas:  27% (10/36)
2023-09-24T15:00:11.9951996Z Resolving deltas:  30% (11/36)
2023-09-24T15:00:11.9956408Z Resolving deltas:  33% (12/36)
2023-09-24T15:00:11.9961283Z Resolving deltas:  36% (13/36)
2023-09-24T15:00:11.9967935Z Resolving deltas:  38% (14/36)
2023-09-24T15:00:11.9972470Z Resolving deltas:  41% (15/36)
2023-09-24T15:00:11.9977581Z Resolving deltas:  44% (16/36)
2023-09-24T15:00:11.9996697Z Resolving deltas:  47% (17/36)
2023-09-24T15:00:12.0002183Z Resolving deltas:  50% (18/36)
2023-09-24T15:00:12.0006950Z Resolving deltas:  52% (19/36)
2023-09-24T15:00:12.0011458Z Resolving deltas:  55% (20/36)
2023-09-24T15:00:12.0015578Z Resolving deltas:  58% (21/36)
2023-09-24T15:00:12.0021132Z Resolving deltas:  61% (22/36)
2023-09-24T15:00:12.0026992Z Resolving deltas:  63% (23/36)
2023-09-24T15:00:12.0028295Z Resolving deltas:  66% (24/36)
2023-09-24T15:00:12.0029221Z Resolving deltas:  69% (25/36)
2023-09-24T15:00:12.0137404Z Resolving deltas:  72% (26/36)
2023-09-24T15:00:12.0137798Z Resolving deltas:  75% (27/36)
2023-09-24T15:00:12.0138345Z Resolving deltas:  77% (28/36)
2023-09-24T15:00:12.0139459Z Resolving deltas:  80% (29/36)
2023-09-24T15:00:12.0140184Z Resolving deltas:  83% (30/36)
2023-09-24T15:00:12.0140563Z Resolving deltas:  86% (31/36)
2023-09-24T15:00:12.0140875Z Resolving deltas:  88% (32/36)
2023-09-24T15:00:12.0141267Z Resolving deltas:  91% (33/36)
2023-09-24T15:00:12.0141631Z Resolving deltas:  94% (34/36)
2023-09-24T15:00:12.0142058Z Resolving deltas:  97% (35/36)
2023-09-24T15:00:12.0142426Z Resolving deltas: 100% (36/36)
2023-09-24T15:00:12.0142821Z Resolving deltas: 100% (36/36), done.
2023-09-24T15:00:12.0290686Z From https://github.com/Aircoookie/WLED
2023-09-24T15:00:12.0293054Z  * [new ref]         d011ca0626851668fbedcae187952ae61b64b4b9 -> origin/0_15
2023-09-24T15:00:12.0340769Z ##[endgroup]
2023-09-24T15:00:12.0341795Z ##[group]Determining the checkout info
2023-09-24T15:00:12.0342476Z ##[endgroup]
2023-09-24T15:00:12.0343042Z ##[group]Checking out the ref
2023-09-24T15:00:12.0343702Z [command]/usr/bin/git checkout --progress --force -B 0_15 refs/remotes/origin/0_15
2023-09-24T15:00:12.1076999Z Switched to a new branch '0_15'
2023-09-24T15:00:12.1083064Z branch '0_15' set up to track 'origin/0_15'.
2023-09-24T15:00:12.1118777Z ##[endgroup]
2023-09-24T15:00:12.1157701Z [command]/usr/bin/git log -1 --format='%H'
2023-09-24T15:00:12.1194680Z 'd011ca0626851668fbedcae187952ae61b64b4b9'
2023-09-24T15:00:12.3643581Z ##[group]Run actions/cache@v3
2023-09-24T15:00:12.3644050Z with:
2023-09-24T15:00:12.3644327Z   path: ~/.cache/pip
2023-09-24T15:00:12.3644703Z   key: Linux-pip-81ff51cfad9e9eb735c6b16e2b137bb04b536de75d900d6b02aa29724c130501
2023-09-24T15:00:12.3645847Z   restore-keys: Linux-pip-

2023-09-24T15:00:12.3646142Z   enableCrossOsArchive: false
2023-09-24T15:00:12.3646624Z   fail-on-cache-miss: false
2023-09-24T15:00:12.3647225Z   lookup-only: false
2023-09-24T15:00:12.3647494Z ##[endgroup]
2023-09-24T15:00:14.1441859Z Received 0 of 3959889 (0.0%), 0.0 MBs/sec
2023-09-24T15:00:14.3895813Z Cache Size: ~4 MB (3959889 B)
2023-09-24T15:00:14.3933354Z [command]/usr/bin/tar -xf /home/runner/work/_temp/91dc1c08-2735-45e6-9589-74f90bf651b3/cache.tzst -P -C /home/runner/work/WLED/WLED --use-compress-program unzstd
2023-09-24T15:00:14.4204123Z Cache restored successfully
2023-09-24T15:00:14.4585919Z Cache restored from key: Linux-pip-81ff51cfad9e9eb735c6b16e2b137bb04b536de75d900d6b02aa29724c130501
2023-09-24T15:00:14.6319282Z ##[group]Run actions/cache@v3
2023-09-24T15:00:14.6319655Z with:
2023-09-24T15:00:14.6319944Z   path: ~/.platformio
2023-09-24T15:00:14.6320330Z   key: Linux-
2023-09-24T15:00:14.6320627Z   enableCrossOsArchive: false
2023-09-24T15:00:14.6320892Z   fail-on-cache-miss: false
2023-09-24T15:00:14.6321197Z   lookup-only: false
2023-09-24T15:00:14.6321831Z ##[endgroup]
2023-09-24T15:00:16.4004886Z Received 0 of 201123108 (0.0%), 0.0 MBs/sec
2023-09-24T15:00:17.4007358Z Received 92274688 of 201123108 (45.9%), 44.0 MBs/sec
2023-09-24T15:00:18.2301345Z Cache Size: ~192 MB (201123108 B)
2023-09-24T15:00:18.2482144Z [command]/usr/bin/tar -xf /home/runner/work/_temp/8e83f450-8d16-428a-9718-4bddcf95812a/cache.tzst -P -C /home/runner/work/WLED/WLED --use-compress-program unzstd
2023-09-24T15:00:18.4019358Z Received 201123108 of 201123108 (100.0%), 63.9 MBs/sec
2023-09-24T15:00:19.3199443Z Cache restored successfully
2023-09-24T15:00:19.3655405Z Cache restored from key: Linux-
2023-09-24T15:00:19.3841610Z ##[group]Run actions/setup-python@v4
2023-09-24T15:00:19.3842269Z with:
2023-09-24T15:00:19.3842581Z   python-version: 3.9
2023-09-24T15:00:19.3842892Z   check-latest: false
2023-09-24T15:00:19.3843362Z   token: ***
2023-09-24T15:00:19.3843758Z   update-environment: true
2023-09-24T15:00:19.3844099Z   allow-prereleases: false
2023-09-24T15:00:19.3844403Z ##[endgroup]
2023-09-24T15:00:19.5903802Z ##[group]Installed versions
2023-09-24T15:00:19.6037266Z Successfully set up CPython (3.9.18)
2023-09-24T15:00:19.6038295Z ##[endgroup]
2023-09-24T15:00:19.6266241Z ##[group]Run pip install -r requirements.txt
2023-09-24T15:00:19.6266655Z [36;1mpip install -r requirements.txt[0m
2023-09-24T15:00:19.6339530Z shell: /usr/bin/bash -e {0}
2023-09-24T15:00:19.6339804Z env:
2023-09-24T15:00:19.6340114Z   pythonLocation: /opt/hostedtoolcache/Python/3.9.18/x64
2023-09-24T15:00:19.6340505Z   PKG_CONFIG_PATH: /opt/hostedtoolcache/Python/3.9.18/x64/lib/pkgconfig
2023-09-24T15:00:19.6340882Z   Python_ROOT_DIR: /opt/hostedtoolcache/Python/3.9.18/x64
2023-09-24T15:00:19.6341241Z   Python2_ROOT_DIR: /opt/hostedtoolcache/Python/3.9.18/x64
2023-09-24T15:00:19.6341594Z   Python3_ROOT_DIR: /opt/hostedtoolcache/Python/3.9.18/x64
2023-09-24T15:00:19.6342104Z   LD_LIBRARY_PATH: /opt/hostedtoolcache/Python/3.9.18/x64/lib
2023-09-24T15:00:19.6342729Z ##[endgroup]
2023-09-24T15:00:20.8401284Z Collecting aiofiles==22.1.0 (from -r requirements.txt (line 7))
2023-09-24T15:00:20.8429327Z   Using cached aiofiles-22.1.0-py3-none-any.whl (14 kB)
2023-09-24T15:00:20.8683800Z Collecting ajsonrpc==1.2.0 (from -r requirements.txt (line 9))
2023-09-24T15:00:20.8713522Z   Using cached ajsonrpc-1.2.0-py3-none-any.whl (22 kB)
2023-09-24T15:00:20.9194156Z Collecting anyio==3.6.2 (from -r requirements.txt (line 11))
2023-09-24T15:00:20.9225220Z   Using cached anyio-3.6.2-py3-none-any.whl (80 kB)
2023-09-24T15:00:20.9558525Z Collecting bottle==0.12.25 (from -r requirements.txt (line 13))
2023-09-24T15:00:20.9584166Z   Using cached bottle-0.12.25-py3-none-any.whl (90 kB)
2023-09-24T15:00:21.0010850Z Collecting certifi==2023.7.22 (from -r requirements.txt (line 15))
2023-09-24T15:00:21.0013684Z   Obtaining dependency information for certifi==2023.7.22 from https://files.pythonhosted.org/packages/4c/dd/2234eab22353ffc7d94e8d13177aaa050113286e93e7b40eae01fbf7c3d9/certifi-2023.7.22-py3-none-any.whl.metadata
2023-09-24T15:00:21.0042060Z   Using cached certifi-2023.7.22-py3-none-any.whl.metadata (2.2 kB)
2023-09-24T15:00:21.1654175Z Collecting charset-normalizer==3.1.0 (from -r requirements.txt (line 17))
2023-09-24T15:00:21.1685328Z   Using cached charset_normalizer-3.1.0-cp39-cp39-manylinux_2_17_x86_64.manylinux2014_x86_64.whl (199 kB)
2023-09-24T15:00:21.2165178Z Collecting click==8.1.3 (from -r requirements.txt (line 19))
2023-09-24T15:00:21.2193696Z   Using cached click-8.1.3-py3-none-any.whl (96 kB)
2023-09-24T15:00:21.2559630Z Collecting colorama==0.4.6 (from -r requirements.txt (line 23))
2023-09-24T15:00:21.2583725Z   Using cached colorama-0.4.6-py2.py3-none-any.whl (25 kB)
2023-09-24T15:00:21.2810269Z Collecting h11==0.14.0 (from -r requirements.txt (line 25))
2023-09-24T15:00:21.2836914Z   Using cached h11-0.14.0-py3-none-any.whl (58 kB)
2023-09-24T15:00:21.3120067Z Collecting idna==3.4 (from -r requirements.txt (line 29))
2023-09-24T15:00:21.3147581Z   Using cached idna-3.4-py3-none-any.whl (61 kB)
2023-09-24T15:00:21.4110777Z Collecting marshmallow==3.19.0 (from -r requirements.txt (line 33))
2023-09-24T15:00:21.4138811Z   Using cached marshmallow-3.19.0-py3-none-any.whl (49 kB)
2023-09-24T15:00:21.4595822Z Collecting packaging==23.1 (from -r requirements.txt (line 35))
2023-09-24T15:00:21.4621765Z   Using cached packaging-23.1-py3-none-any.whl (48 kB)
2023-09-24T15:00:21.5110605Z Collecting platformio==6.1.6 (from -r requirements.txt (line 37))
2023-09-24T15:00:21.5111325Z   Using cached platformio-6.1.6-py3-none-any.whl
2023-09-24T15:00:21.5435159Z Collecting pyelftools==0.29 (from -r requirements.txt (line 39))
2023-09-24T15:00:21.5466404Z   Using cached pyelftools-0.29-py2.py3-none-any.whl (174 kB)
2023-09-24T15:00:21.5718117Z Collecting pyserial==3.5 (from -r requirements.txt (line 41))
2023-09-24T15:00:21.5743210Z   Using cached pyserial-3.5-py2.py3-none-any.whl (90 kB)
2023-09-24T15:00:21.6431502Z Collecting requests==2.31.0 (from -r requirements.txt (line 43))
2023-09-24T15:00:21.6435819Z   Obtaining dependency information for requests==2.31.0 from https://files.pythonhosted.org/packages/70/8e/0e2d847013cb52cd35b38c009bb167a1a26b2ce6cd6965bf26b47bc0bf44/requests-2.31.0-py3-none-any.whl.metadata
2023-09-24T15:00:21.6462771Z   Using cached requests-2.31.0-py3-none-any.whl.metadata (4.6 kB)
2023-09-24T15:00:21.6756880Z Collecting semantic-version==2.10.0 (from -r requirements.txt (line 45))
2023-09-24T15:00:21.6781840Z   Using cached semantic_version-2.10.0-py2.py3-none-any.whl (15 kB)
2023-09-24T15:00:21.6972530Z Collecting sniffio==1.3.0 (from -r requirements.txt (line 47))
2023-09-24T15:00:21.6997346Z   Using cached sniffio-1.3.0-py3-none-any.whl (10 kB)
2023-09-24T15:00:21.7557098Z Collecting starlette==0.23.1 (from -r requirements.txt (line 49))
2023-09-24T15:00:21.7586569Z   Using cached starlette-0.23.1-py3-none-any.whl (64 kB)
2023-09-24T15:00:21.7839175Z Collecting tabulate==0.9.0 (from -r requirements.txt (line 51))
2023-09-24T15:00:21.7865315Z   Using cached tabulate-0.9.0-py3-none-any.whl (35 kB)
2023-09-24T15:00:21.8611111Z Collecting urllib3==1.26.15 (from -r requirements.txt (line 53))
2023-09-24T15:00:21.8647211Z   Using cached urllib3-1.26.15-py2.py3-none-any.whl (140 kB)
2023-09-24T15:00:21.9271958Z Collecting uvicorn==0.20.0 (from -r requirements.txt (line 55))
2023-09-24T15:00:21.9300020Z   Using cached uvicorn-0.20.0-py3-none-any.whl (56 kB)
2023-09-24T15:00:21.9568142Z Collecting wsproto==1.2.0 (from -r requirements.txt (line 57))
2023-09-24T15:00:21.9601283Z   Using cached wsproto-1.2.0-py3-none-any.whl (24 kB)
2023-09-24T15:00:22.2972316Z Collecting typing-extensions>=3.10.0 (from starlette==0.23.1->-r requirements.txt (line 49))
2023-09-24T15:00:22.2976814Z   Obtaining dependency information for typing-extensions>=3.10.0 from https://files.pythonhosted.org/packages/24/21/7d397a4b7934ff4028987914ac1044d3b7d52712f30e2ac7a2ae5bc86dd0/typing_extensions-4.8.0-py3-none-any.whl.metadata
2023-09-24T15:00:22.3989043Z   Downloading typing_extensions-4.8.0-py3-none-any.whl.metadata (3.0 kB)
2023-09-24T15:00:22.5329892Z Using cached certifi-2023.7.22-py3-none-any.whl (158 kB)
2023-09-24T15:00:22.5363044Z Using cached requests-2.31.0-py3-none-any.whl (62 kB)
2023-09-24T15:00:22.5418308Z Downloading typing_extensions-4.8.0-py3-none-any.whl (31 kB)
2023-09-24T15:00:22.7478215Z Installing collected packages: pyserial, pyelftools, bottle, urllib3, typing-extensions, tabulate, sniffio, semantic-version, packaging, idna, h11, colorama, click, charset-normalizer, certifi, ajsonrpc, aiofiles, wsproto, uvicorn, requests, marshmallow, anyio, starlette, platformio
2023-09-24T15:00:24.3867900Z Successfully installed aiofiles-22.1.0 ajsonrpc-1.2.0 anyio-3.6.2 bottle-0.12.25 certifi-2023.7.22 charset-normalizer-3.1.0 click-8.1.3 colorama-0.4.6 h11-0.14.0 idna-3.4 marshmallow-3.19.0 packaging-23.1 platformio-6.1.6 pyelftools-0.29 pyserial-3.5 requests-2.31.0 semantic-version-2.10.0 sniffio-1.3.0 starlette-0.23.1 tabulate-0.9.0 typing-extensions-4.8.0 urllib3-1.26.15 uvicorn-0.20.0 wsproto-1.2.0
2023-09-24T15:00:24.9488819Z 
2023-09-24T15:00:24.9489938Z [notice] A new release of pip is available: 23.0.1 -> 23.2.1
2023-09-24T15:00:24.9490684Z [notice] To update, run: pip install --upgrade pip
2023-09-24T15:00:25.0922621Z ##[group]Run pio run -e esp8266_2m
2023-09-24T15:00:25.0923041Z [36;1mpio run -e esp8266_2m[0m
2023-09-24T15:00:25.1010511Z shell: /usr/bin/bash -e {0}
2023-09-24T15:00:25.1010809Z env:
2023-09-24T15:00:25.1011156Z   pythonLocation: /opt/hostedtoolcache/Python/3.9.18/x64
2023-09-24T15:00:25.1011593Z   PKG_CONFIG_PATH: /opt/hostedtoolcache/Python/3.9.18/x64/lib/pkgconfig
2023-09-24T15:00:25.1012013Z   Python_ROOT_DIR: /opt/hostedtoolcache/Python/3.9.18/x64
2023-09-24T15:00:25.1012409Z   Python2_ROOT_DIR: /opt/hostedtoolcache/Python/3.9.18/x64
2023-09-24T15:00:25.1012952Z   Python3_ROOT_DIR: /opt/hostedtoolcache/Python/3.9.18/x64
2023-09-24T15:00:25.1013335Z   LD_LIBRARY_PATH: /opt/hostedtoolcache/Python/3.9.18/x64/lib
2023-09-24T15:00:25.1013656Z   WLED_RELEASE: true
2023-09-24T15:00:25.1013912Z ##[endgroup]
2023-09-24T15:00:26.1273304Z Processing esp8266_2m (board: esp_wroom_02; platform: espressif8266@4.2.0; framework: arduino)
2023-09-24T15:00:26.1274351Z --------------------------------------------------------------------------------
2023-09-24T15:00:26.1298814Z Platform Manager: Installing espressif8266 @ 4.2.0
2023-09-24T15:00:30.1958444Z Downloading 0% 10% 20% 30% 40%
2023-09-24T15:00:30.2508404Z Unpacking
2023-09-24T15:00:30.3007932Z Platform Manager: espressif8266@4.2.0 has been installed!
2023-09-24T15:00:30.3150723Z Tool Manager: Installing platformio/toolchain-xtensa @ ~2.100300.220621
2023-09-24T15:00:34.2089141Z Downloading 0% 10% 20% 30% 40% 50% 60% 70% 80% 90% 100%
2023-09-24T15:00:36.2389303Z Unpacking
2023-09-24T15:00:39.0018804Z Tool Manager: toolchain-xtensa@2.100300.220621 has been installed!
2023-09-24T15:00:39.0047921Z Tool Manager: Installing platformio/framework-arduinoespressif8266 @ *
2023-09-24T15:00:41.7039719Z Downloading 0% 10% 20% 30% 40% 50% 60% 70% 80% 90% 100%
2023-09-24T15:00:42.8631342Z Unpacking
2023-09-24T15:00:44.9449030Z Tool Manager: framework-arduinoespressif8266@3.30102.0 has been installed!
2023-09-24T15:00:44.9477477Z Tool Manager: Installing platformio/tool-esptool @ *
2023-09-24T15:00:47.1809737Z Downloading 0% 10% 20%
2023-09-24T15:00:47.1864593Z Unpacking
2023-09-24T15:00:47.1895669Z Tool Manager: tool-esptool@1.413.0 has been installed!
2023-09-24T15:00:47.1987114Z Library Manager: Installing fastled/FastLED @ 3.6.0
2023-09-24T15:00:50.2072287Z Downloading 0% 10% 20% 30% 40% 50% 60% 70% 80% 90% 100%
2023-09-24T15:00:50.2411956Z Unpacking
2023-09-24T15:00:50.3293860Z Library Manager: FastLED@3.6.0 has been installed!
2023-09-24T15:00:50.3307266Z Library Manager: Installing makuna/NeoPixelBus @ 2.7.5
2023-09-24T15:00:53.0763237Z Downloading 0% 10% 20% 30% 40% 50% 60% 70% 80% 90% 100%
2023-09-24T15:00:53.1117286Z Unpacking
2023-09-24T15:00:53.2043448Z Library Manager: NeoPixelBus@2.7.5 has been installed!
2023-09-24T15:00:53.2045359Z Library Manager: Resolving dependencies...
2023-09-24T15:00:53.2300027Z Library Manager: Installing git+https://github.com/Aircoookie/ESPAsyncWebServer.git @ ~2.0.7
2023-09-24T15:00:53.2381724Z git version 2.42.0
2023-09-24T15:00:53.2425056Z Cloning into '/home/runner/.platformio/.cache/tmp/pkg-installing-z9abkzxj'...
2023-09-24T15:00:53.8675552Z Library Manager: ESPAsyncWebServerAircoookie@2.0.7+sha.b9349dc has been installed!
2023-09-24T15:00:53.8678318Z Library Manager: Resolving dependencies...
2023-09-24T15:00:53.8685421Z Library Manager: Installing ESPAsyncTCP
2023-09-24T15:00:56.2902959Z Downloading 0% 10% 20% 30% 40% 50%
2023-09-24T15:00:56.2987655Z Unpacking
2023-09-24T15:00:56.3157341Z Library Manager: ESPAsyncTCP@1.2.2 has been installed!
2023-09-24T15:00:56.3174877Z Library Manager: Installing git+https://github.com/blazoncek/QuickESPNow.git#optional-debug
2023-09-24T15:00:56.3227188Z git version 2.42.0
2023-09-24T15:00:56.3272561Z Cloning into '/home/runner/.platformio/.cache/tmp/pkg-installing-xg4n5lxn'...
2023-09-24T15:00:56.8645993Z Library Manager: QuickEspNow@0.6.2+sha.b357ffa has been installed!
2023-09-24T15:00:57.2596119Z Verbose mode can be enabled via `-v, --verbose` option
2023-09-24T15:00:57.2800970Z CONFIGURATION: https://docs.platformio.org/page/boards/espressif8266/esp_wroom_02.html
2023-09-24T15:00:57.2801841Z PLATFORM: Espressif 8266 (4.2.0) > Espressif ESP-WROOM-02
2023-09-24T15:00:57.2802728Z HARDWARE: ESP8266 80MHz, 80KB RAM, 2MB Flash
2023-09-24T15:00:57.2803155Z PACKAGES: 
2023-09-24T15:00:57.2803521Z  - framework-arduinoespressif8266 @ 3.30102.0 (3.1.2) 
2023-09-24T15:00:57.2803890Z  - tool-esptool @ 1.413.0 (4.13) 
2023-09-24T15:00:57.2805166Z  - tool-esptoolpy @ 1.30100.210531 (3.1.0) 
2023-09-24T15:00:57.2805689Z  - toolchain-xtensa @ 2.100300.220621 (10.3.0)
2023-09-24T15:00:57.2858652Z Converting wled00.ino
2023-09-24T15:00:57.3514903Z LDF: Library Dependency Finder -> https://bit.ly/configure-pio-ldf
2023-09-24T15:00:57.3515493Z LDF Modes: Finder ~ chain, Compatibility ~ strict
2023-09-24T15:00:57.5014525Z Library Manager: Installing ESPAsyncUDP
2023-09-24T15:01:00.2719050Z Downloading 0% 10% 20%
2023-09-24T15:01:00.2792550Z Unpacking
2023-09-24T15:01:00.2888925Z Library Manager: ESPAsyncUDP@0.0.0-alpha+sha.697c75a025 has been installed!
2023-09-24T15:01:00.2907837Z Library Manager: Installing IRremoteESP8266 @ 2.8.2
2023-09-24T15:01:04.3633148Z Downloading 0% 10% 20% 30% 40% 50% 60% 70% 80% 90% 100%
2023-09-24T15:01:04.4467031Z Unpacking
2023-09-24T15:01:04.6118516Z Library Manager: IRremoteESP8266@2.8.2 has been installed!
2023-09-24T15:01:04.7162076Z Found 44 compatible libraries
2023-09-24T15:01:04.7162774Z Scanning dependencies...
2023-09-24T15:01:06.5433037Z Dependency Graph
2023-09-24T15:01:06.5434393Z |-- ESPAsyncTCP @ 1.2.2
2023-09-24T15:01:06.5438435Z |-- ESPAsyncUDP @ 0.0.0-alpha+sha.697c75a025
2023-09-24T15:01:06.5440052Z |-- FastLED @ 3.6.0
2023-09-24T15:01:06.5441800Z |   |-- EspSoftwareSerial @ 8.0.1
2023-09-24T15:01:06.5443798Z |   |-- SPI @ 1.0
2023-09-24T15:01:06.5447033Z |-- IRremoteESP8266 @ 2.8.2
2023-09-24T15:01:06.5449476Z |-- NeoPixelBus @ 2.7.5
2023-09-24T15:01:06.5451225Z |   |-- SPI @ 1.0
2023-09-24T15:01:06.5455124Z |-- ESPAsyncWebServerAircoookie @ 2.0.7+sha.b9349dc
2023-09-24T15:01:06.5456697Z |   |-- ESPAsyncTCP @ 1.2.2
2023-09-24T15:01:06.5458718Z |   |-- Hash @ 1.0
2023-09-24T15:01:06.5460367Z |   |-- ESP8266WiFi @ 1.0
2023-09-24T15:01:06.5462111Z |   |-- LittleFS @ 0.1.0
2023-09-24T15:01:06.5465166Z |-- QuickEspNow @ 0.6.2+sha.b357ffa
2023-09-24T15:01:06.5466633Z |   |-- ESP8266WiFi @ 1.0
2023-09-24T15:01:06.5489736Z |-- Wire @ 1.0
2023-09-24T15:01:06.5491742Z |-- SD @ 2.0.0
2023-09-24T15:01:06.5493940Z |   |-- SDFS @ 0.1.0
2023-09-24T15:01:06.5495819Z |   |   |-- SPI @ 1.0
2023-09-24T15:01:06.5498286Z |   |   |-- ESP8266SdFat @ 2.1.1
2023-09-24T15:01:06.5499877Z |   |   |   |-- SPI @ 1.0
2023-09-24T15:01:06.5501403Z |-- SPI @ 1.0
2023-09-24T15:01:06.5504136Z |-- EEPROM @ 1.0
2023-09-24T15:01:06.5505765Z |-- ArduinoOTA @ 1.0
2023-09-24T15:01:06.5507736Z |   |-- ESP8266WiFi @ 1.0
2023-09-24T15:01:06.5509678Z |   |-- ESP8266mDNS @ 1.2
2023-09-24T15:01:06.5511273Z |   |   |-- ESP8266WiFi @ 1.0
2023-09-24T15:01:06.5513009Z |-- DNSServer @ 1.1.1
2023-09-24T15:01:06.5515734Z |   |-- ESP8266WiFi @ 1.0
2023-09-24T15:01:06.5518127Z |-- ESP8266WiFi @ 1.0
2023-09-24T15:01:06.5520144Z |-- ESP8266mDNS @ 1.2
2023-09-24T15:01:06.5521779Z |   |-- ESP8266WiFi @ 1.0
2023-09-24T15:01:06.5523840Z |-- LittleFS @ 0.1.0
2023-09-24T15:01:06.5525701Z |-- ESP8266WebServer @ 1.0
2023-09-24T15:01:06.5527447Z |   |-- ESP8266WiFi @ 1.0
2023-09-24T15:01:06.6965814Z Building in release mode
2023-09-24T15:01:06.8090478Z Compiling .pio/build/esp8266_2m/lib107/FastLED/FastLED.cpp.o
2023-09-24T15:01:06.8225113Z Compiling .pio/build/esp8266_2m/lib107/FastLED/bitswap.cpp.o
2023-09-24T15:01:07.5074413Z Compiling .pio/build/esp8266_2m/lib107/FastLED/colorpalettes.cpp.o
2023-09-24T15:01:07.5741294Z Compiling .pio/build/esp8266_2m/lib107/FastLED/colorutils.cpp.o
2023-09-24T15:01:08.1584263Z Compiling .pio/build/esp8266_2m/lib107/FastLED/hsv2rgb.cpp.o
2023-09-24T15:01:08.5621795Z Compiling .pio/build/esp8266_2m/lib107/FastLED/lib8tion.cpp.o
2023-09-24T15:01:08.9542365Z Compiling .pio/build/esp8266_2m/lib107/FastLED/noise.cpp.o
2023-09-24T15:01:09.2341661Z Compiling .pio/build/esp8266_2m/lib107/FastLED/platforms.cpp.o
2023-09-24T15:01:09.2659754Z Compiling .pio/build/esp8266_2m/lib107/FastLED/platforms/esp/32/clockless_rmt_esp32.cpp.o
2023-09-24T15:01:09.2936415Z Compiling .pio/build/esp8266_2m/lib107/FastLED/power_mgt.cpp.o
2023-09-24T15:01:09.9821582Z Compiling .pio/build/esp8266_2m/lib107/FastLED/wiring.cpp.o
2023-09-24T15:01:10.1341319Z Compiling .pio/build/esp8266_2m/src/FX.cpp.o
2023-09-24T15:01:10.6613132Z Compiling .pio/build/esp8266_2m/src/FX_2Dfcn.cpp.o
2023-09-24T15:01:11.6623448Z wled00/FX.cpp: In function 'uint16_t mode_meteor()':
2023-09-24T15:01:11.6624448Z wled00/FX.cpp:2279:21: warning: comparison of integer expressions of different signedness: 'int' and 'const unsigned int' [-Wsign-compare]
2023-09-24T15:01:11.6625123Z  2279 |   for (int j = 0; j < meteorSize; j++) {
2023-09-24T15:01:11.6626143Z       |                   ~~^~~~~~~~~~~~
2023-09-24T15:01:11.6644974Z wled00/FX.cpp: In function 'uint16_t mode_meteor_smooth()':
2023-09-24T15:01:11.6645642Z wled00/FX.cpp:2318:21: warning: comparison of integer expressions of different signedness: 'int' and 'const unsigned int' [-Wsign-compare]
2023-09-24T15:01:11.6646095Z  2318 |   for (int j = 0; j < meteorSize; j++) {
2023-09-24T15:01:11.6646379Z       |                   ~~^~~~~~~~~~~~
2023-09-24T15:01:13.2141719Z Compiling .pio/build/esp8266_2m/src/FX_fcn.cpp.o
2023-09-24T15:01:16.2941290Z Compiling .pio/build/esp8266_2m/src/alexa.cpp.o
2023-09-24T15:01:16.9821379Z Compiling .pio/build/esp8266_2m/src/bus_manager.cpp.o
2023-09-24T15:01:18.3741628Z Compiling .pio/build/esp8266_2m/src/button.cpp.o
2023-09-24T15:01:19.2061646Z Compiling .pio/build/esp8266_2m/src/cfg.cpp.o
2023-09-24T15:01:20.3442678Z Compiling .pio/build/esp8266_2m/src/colors.cpp.o
2023-09-24T15:01:22.2660834Z Compiling .pio/build/esp8266_2m/src/dmx.cpp.o
2023-09-24T15:01:23.0543858Z Compiling .pio/build/esp8266_2m/src/e131.cpp.o
2023-09-24T15:01:24.0901690Z Compiling .pio/build/esp8266_2m/src/file.cpp.o
2023-09-24T15:01:25.0861777Z Compiling .pio/build/esp8266_2m/src/hue.cpp.o
2023-09-24T15:01:26.3301824Z Compiling .pio/build/esp8266_2m/src/improv.cpp.o
2023-09-24T15:01:27.3461329Z Compiling .pio/build/esp8266_2m/src/ir.cpp.o
2023-09-24T15:01:28.3582715Z Compiling .pio/build/esp8266_2m/src/json.cpp.o
2023-09-24T15:01:29.7501914Z Compiling .pio/build/esp8266_2m/src/led.cpp.o
2023-09-24T15:01:31.6626247Z Compiling .pio/build/esp8266_2m/src/lx_parser.cpp.o
2023-09-24T15:01:31.6818353Z Compiling .pio/build/esp8266_2m/src/mqtt.cpp.o
2023-09-24T15:01:33.5101046Z Compiling .pio/build/esp8266_2m/src/net_debug.cpp.o
2023-09-24T15:01:33.7420435Z Compiling .pio/build/esp8266_2m/src/network.cpp.o
2023-09-24T15:01:35.2845480Z Compiling .pio/build/esp8266_2m/src/ntp.cpp.o
2023-09-24T15:01:35.5522342Z Compiling .pio/build/esp8266_2m/src/overlay.cpp.o
2023-09-24T15:01:37.2865125Z Compiling .pio/build/esp8266_2m/src/pin_manager.cpp.o
2023-09-24T15:01:37.4181756Z Compiling .pio/build/esp8266_2m/src/playlist.cpp.o
2023-09-24T15:01:39.1551924Z Compiling .pio/build/esp8266_2m/src/presets.cpp.o
2023-09-24T15:01:39.4981899Z Compiling .pio/build/esp8266_2m/src/remote.cpp.o
2023-09-24T15:01:41.3412914Z Compiling .pio/build/esp8266_2m/src/set.cpp.o
2023-09-24T15:01:41.3780756Z Compiling .pio/build/esp8266_2m/src/src/dependencies/async-mqtt-client/AsyncMqttClient.cpp.o
2023-09-24T15:01:43.2903642Z Compiling .pio/build/esp8266_2m/src/src/dependencies/async-mqtt-client/AsyncMqttClient/Packets/ConnAckPacket.cpp.o
2023-09-24T15:01:43.8741653Z Compiling .pio/build/esp8266_2m/src/src/dependencies/async-mqtt-client/AsyncMqttClient/Packets/PingRespPacket.cpp.o
2023-09-24T15:01:44.0661859Z Compiling .pio/build/esp8266_2m/src/src/dependencies/async-mqtt-client/AsyncMqttClient/Packets/PubAckPacket.cpp.o
2023-09-24T15:01:44.4902673Z Compiling .pio/build/esp8266_2m/src/src/dependencies/async-mqtt-client/AsyncMqttClient/Packets/PubCompPacket.cpp.o
2023-09-24T15:01:44.6703085Z Compiling .pio/build/esp8266_2m/src/src/dependencies/async-mqtt-client/AsyncMqttClient/Packets/PubRecPacket.cpp.o
2023-09-24T15:01:45.0542791Z Compiling .pio/build/esp8266_2m/src/src/dependencies/async-mqtt-client/AsyncMqttClient/Packets/PubRelPacket.cpp.o
2023-09-24T15:01:45.2445274Z Compiling .pio/build/esp8266_2m/src/src/dependencies/async-mqtt-client/AsyncMqttClient/Packets/PublishPacket.cpp.o
2023-09-24T15:01:45.6421989Z Compiling .pio/build/esp8266_2m/src/src/dependencies/async-mqtt-client/AsyncMqttClient/Packets/SubAckPacket.cpp.o
2023-09-24T15:01:45.8489711Z Compiling .pio/build/esp8266_2m/src/src/dependencies/async-mqtt-client/AsyncMqttClient/Packets/UnsubAckPacket.cpp.o
2023-09-24T15:01:46.2062098Z Compiling .pio/build/esp8266_2m/src/src/dependencies/dmx/ESPDMX.cpp.o
2023-09-24T15:01:46.4162531Z Compiling .pio/build/esp8266_2m/src/src/dependencies/dmx/SparkFunDMX.cpp.o
2023-09-24T15:01:46.4501513Z Compiling .pio/build/esp8266_2m/src/src/dependencies/e131/ESPAsyncE131.cpp.o
2023-09-24T15:01:46.7941690Z Compiling .pio/build/esp8266_2m/src/src/dependencies/espalexa/EspalexaDevice.cpp.o
2023-09-24T15:01:47.3281129Z Compiling .pio/build/esp8266_2m/src/src/dependencies/network/Network.cpp.o
2023-09-24T15:01:47.5381355Z Compiling .pio/build/esp8266_2m/src/src/dependencies/time/DS1307RTC.cpp.o
2023-09-24T15:01:47.9661660Z Compiling .pio/build/esp8266_2m/src/src/dependencies/time/DateStrings.cpp.o
2023-09-24T15:01:47.9929337Z In file included from /home/runner/.platformio/packages/toolchain-xtensa/xtensa-lx106-elf/include/string.h:175,
2023-09-24T15:01:47.9930154Z                  from wled00/src/dependencies/time/DateStrings.cpp:22:
2023-09-24T15:01:47.9930984Z wled00/src/dependencies/time/DateStrings.cpp: In function 'char* monthStr(uint8_t)':
2023-09-24T15:01:48.0020461Z wled00/src/dependencies/time/DateStrings.cpp:72:22: warning: cast to pointer from integer of different size [-Wint-to-pointer-cast]
2023-09-24T15:01:48.0020987Z    72 |     strcpy_P(buffer, (PGM_P)pgm_read_word(&(monthNames_P[month])));
2023-09-24T15:01:48.0021340Z       |                      ^
2023-09-24T15:01:48.0021764Z wled00/src/dependencies/time/DateStrings.cpp: In function 'char* dayStr(uint8_t)':
2023-09-24T15:01:48.0022367Z wled00/src/dependencies/time/DateStrings.cpp:86:21: warning: cast to pointer from integer of different size [-Wint-to-pointer-cast]
2023-09-24T15:01:48.0022813Z    86 |    strcpy_P(buffer, (PGM_P)pgm_read_word(&(dayNames_P[day])));
2023-09-24T15:01:48.0023095Z       |                     ^
2023-09-24T15:01:48.0424164Z Compiling .pio/build/esp8266_2m/src/src/dependencies/time/Time.cpp.o
2023-09-24T15:01:48.1382153Z Compiling .pio/build/esp8266_2m/src/src/dependencies/timezone/Timezone.cpp.o
2023-09-24T15:01:48.6741823Z Compiling .pio/build/esp8266_2m/src/udp.cpp.o
2023-09-24T15:01:48.8101640Z Compiling .pio/build/esp8266_2m/src/um_manager.cpp.o
2023-09-24T15:01:50.6741895Z Compiling .pio/build/esp8266_2m/src/usermod.cpp.o
2023-09-24T15:01:51.2381400Z Compiling .pio/build/esp8266_2m/src/usermods_list.cpp.o
2023-09-24T15:01:52.4422048Z Compiling .pio/build/esp8266_2m/src/util.cpp.o
2023-09-24T15:01:53.0261922Z Compiling .pio/build/esp8266_2m/src/wled.cpp.o
2023-09-24T15:01:54.5323302Z Compiling .pio/build/esp8266_2m/src/wled00.ino.cpp.o
2023-09-24T15:01:55.2061891Z Compiling .pio/build/esp8266_2m/src/wled_eeprom.cpp.o
2023-09-24T15:01:55.2381550Z Compiling .pio/build/esp8266_2m/src/wled_math.cpp.o
2023-09-24T15:01:55.8481960Z Compiling .pio/build/esp8266_2m/src/wled_serial.cpp.o
2023-09-24T15:01:56.3461516Z Compiling .pio/build/esp8266_2m/src/wled_server.cpp.o
2023-09-24T15:01:58.0101435Z Compiling .pio/build/esp8266_2m/src/ws.cpp.o
2023-09-24T15:01:59.3860837Z Compiling .pio/build/esp8266_2m/src/xml.cpp.o
2023-09-24T15:02:00.2029234Z Generating LD script .pio/build/esp8266_2m/ld/local.eagle.app.v6.common.ld
2023-09-24T15:02:00.2340467Z Compiling .pio/build/esp8266_2m/lib599/ESPAsyncTCP/AsyncPrinter.cpp.o
2023-09-24T15:02:01.0622024Z Compiling .pio/build/esp8266_2m/lib599/ESPAsyncTCP/ESPAsyncTCP.cpp.o
2023-09-24T15:02:01.6353496Z Compiling .pio/build/esp8266_2m/lib599/ESPAsyncTCP/ESPAsyncTCPbuffer.cpp.o
2023-09-24T15:02:02.0421883Z Compiling .pio/build/esp8266_2m/lib599/ESPAsyncTCP/SyncClient.cpp.o
2023-09-24T15:02:02.4981093Z Compiling .pio/build/esp8266_2m/lib599/ESPAsyncTCP/tcp_axtls.c.o
2023-09-24T15:02:02.5380868Z Compiling .pio/build/esp8266_2m/lib9d3/ESPAsyncUDP/AsyncUDP.cpp.o
2023-09-24T15:02:02.8901108Z Archiving .pio/build/esp8266_2m/lib599/libESPAsyncTCP.a
2023-09-24T15:02:02.9018101Z Indexing .pio/build/esp8266_2m/lib599/libESPAsyncTCP.a
2023-09-24T15:02:02.9221454Z Compiling .pio/build/esp8266_2m/lib350/SoftwareSerial/SoftwareSerial.cpp.o
2023-09-24T15:02:03.3539326Z Archiving .pio/build/esp8266_2m/lib9d3/libESPAsyncUDP.a
2023-09-24T15:02:03.3651208Z Indexing .pio/build/esp8266_2m/lib9d3/libESPAsyncUDP.a
2023-09-24T15:02:03.3864573Z Compiling .pio/build/esp8266_2m/lib16a/SPI/SPI.cpp.o
2023-09-24T15:02:04.0381417Z Archiving .pio/build/esp8266_2m/lib350/libSoftwareSerial.a
2023-09-24T15:02:04.0459803Z Indexing .pio/build/esp8266_2m/lib350/libSoftwareSerial.a
2023-09-24T15:02:04.0927905Z Compiling .pio/build/esp8266_2m/libf4b/IRremoteESP8266/IRac.cpp.o
2023-09-24T15:02:04.1222177Z Archiving .pio/build/esp8266_2m/lib16a/libSPI.a
2023-09-24T15:02:04.1321299Z Indexing .pio/build/esp8266_2m/lib16a/libSPI.a
2023-09-24T15:02:04.1503310Z Compiling .pio/build/esp8266_2m/libf4b/IRremoteESP8266/IRrecv.cpp.o
2023-09-24T15:02:04.9098757Z Compiling .pio/build/esp8266_2m/libf4b/IRremoteESP8266/IRsend.cpp.o
2023-09-24T15:02:04.9503337Z Compiling .pio/build/esp8266_2m/libf4b/IRremoteESP8266/IRtext.cpp.o
2023-09-24T15:02:05.5422486Z Compiling .pio/build/esp8266_2m/libf4b/IRremoteESP8266/IRtimer.cpp.o
2023-09-24T15:02:05.5741753Z Compiling .pio/build/esp8266_2m/libf4b/IRremoteESP8266/IRutils.cpp.o
2023-09-24T15:02:06.1181446Z Compiling .pio/build/esp8266_2m/libf4b/IRremoteESP8266/ir_Airton.cpp.o
2023-09-24T15:02:06.5942538Z Compiling .pio/build/esp8266_2m/libf4b/IRremoteESP8266/ir_Airwell.cpp.o
2023-09-24T15:02:06.7821880Z Compiling .pio/build/esp8266_2m/libf4b/IRremoteESP8266/ir_Aiwa.cpp.o
2023-09-24T15:02:07.2382671Z Compiling .pio/build/esp8266_2m/libf4b/IRremoteESP8266/ir_Amcor.cpp.o
2023-09-24T15:02:07.3501778Z Compiling .pio/build/esp8266_2m/libf4b/IRremoteESP8266/ir_Argo.cpp.o
2023-09-24T15:02:07.8661976Z Compiling .pio/build/esp8266_2m/libf4b/IRremoteESP8266/ir_Arris.cpp.o
2023-09-24T15:02:08.0221280Z Compiling .pio/build/esp8266_2m/libf4b/IRremoteESP8266/ir_Bose.cpp.o
2023-09-24T15:02:08.4301607Z Compiling .pio/build/esp8266_2m/libf4b/IRremoteESP8266/ir_Carrier.cpp.o
2023-09-24T15:02:08.5901472Z Compiling .pio/build/esp8266_2m/libf4b/IRremoteESP8266/ir_Coolix.cpp.o
2023-09-24T15:02:09.1381159Z Compiling .pio/build/esp8266_2m/libf4b/IRremoteESP8266/ir_Corona.cpp.o
2023-09-24T15:02:09.2981356Z Compiling .pio/build/esp8266_2m/libf4b/IRremoteESP8266/ir_Daikin.cpp.o
2023-09-24T15:02:09.9807426Z Compiling .pio/build/esp8266_2m/libf4b/IRremoteESP8266/ir_Delonghi.cpp.o
2023-09-24T15:02:10.6661981Z Compiling .pio/build/esp8266_2m/libf4b/IRremoteESP8266/ir_Denon.cpp.o
2023-09-24T15:02:10.9741546Z Compiling .pio/build/esp8266_2m/libf4b/IRremoteESP8266/ir_Dish.cpp.o
2023-09-24T15:02:11.2462327Z Compiling .pio/build/esp8266_2m/libf4b/IRremoteESP8266/ir_Doshisha.cpp.o
2023-09-24T15:02:11.5382433Z Compiling .pio/build/esp8266_2m/libf4b/IRremoteESP8266/ir_Ecoclim.cpp.o
2023-09-24T15:02:11.8022538Z Compiling .pio/build/esp8266_2m/libf4b/IRremoteESP8266/ir_Electra.cpp.o
2023-09-24T15:02:12.2662121Z Compiling .pio/build/esp8266_2m/libf4b/IRremoteESP8266/ir_EliteScreens.cpp.o
2023-09-24T15:02:12.4903028Z Compiling .pio/build/esp8266_2m/libf4b/IRremoteESP8266/ir_Epson.cpp.o
2023-09-24T15:02:12.8342528Z Compiling .pio/build/esp8266_2m/libf4b/IRremoteESP8266/ir_Fujitsu.cpp.o
2023-09-24T15:02:13.0542552Z Compiling .pio/build/esp8266_2m/libf4b/IRremoteESP8266/ir_GICable.cpp.o
2023-09-24T15:02:13.6271994Z Compiling .pio/build/esp8266_2m/libf4b/IRremoteESP8266/ir_GlobalCache.cpp.o
2023-09-24T15:02:13.6541515Z Compiling .pio/build/esp8266_2m/libf4b/IRremoteESP8266/ir_Goodweather.cpp.o
2023-09-24T15:02:14.0142230Z Compiling .pio/build/esp8266_2m/libf4b/IRremoteESP8266/ir_Gree.cpp.o
2023-09-24T15:02:14.3461928Z Compiling .pio/build/esp8266_2m/libf4b/IRremoteESP8266/ir_Haier.cpp.o
2023-09-24T15:02:14.7534762Z Compiling .pio/build/esp8266_2m/libf4b/IRremoteESP8266/ir_Hitachi.cpp.o
2023-09-24T15:02:15.2661913Z Compiling .pio/build/esp8266_2m/libf4b/IRremoteESP8266/ir_Inax.cpp.o
2023-09-24T15:02:15.7663452Z Compiling .pio/build/esp8266_2m/libf4b/IRremoteESP8266/ir_JVC.cpp.o
2023-09-24T15:02:15.8342038Z Compiling .pio/build/esp8266_2m/libf4b/IRremoteESP8266/ir_Kelon.cpp.o
2023-09-24T15:02:16.3343842Z Compiling .pio/build/esp8266_2m/libf4b/IRremoteESP8266/ir_Kelvinator.cpp.o
2023-09-24T15:02:16.5021267Z Compiling .pio/build/esp8266_2m/libf4b/IRremoteESP8266/ir_LG.cpp.o
2023-09-24T15:02:17.0899916Z Compiling .pio/build/esp8266_2m/libf4b/IRremoteESP8266/ir_Lasertag.cpp.o
2023-09-24T15:02:17.3421042Z Compiling .pio/build/esp8266_2m/libf4b/IRremoteESP8266/ir_Lego.cpp.o
2023-09-24T15:02:17.6621951Z Compiling .pio/build/esp8266_2m/libf4b/IRremoteESP8266/ir_Lutron.cpp.o
2023-09-24T15:02:17.8982655Z Compiling .pio/build/esp8266_2m/libf4b/IRremoteESP8266/ir_MWM.cpp.o
2023-09-24T15:02:18.2569548Z Compiling .pio/build/esp8266_2m/libf4b/IRremoteESP8266/ir_Magiquest.cpp.o
2023-09-24T15:02:18.4941870Z Compiling .pio/build/esp8266_2m/libf4b/IRremoteESP8266/ir_Metz.cpp.o
2023-09-24T15:02:18.8261756Z Compiling .pio/build/esp8266_2m/libf4b/IRremoteESP8266/ir_Midea.cpp.o
2023-09-24T15:02:19.0421304Z Compiling .pio/build/esp8266_2m/libf4b/IRremoteESP8266/ir_MilesTag2.cpp.o
2023-09-24T15:02:19.5987872Z Compiling .pio/build/esp8266_2m/libf4b/IRremoteESP8266/ir_Mirage.cpp.o
2023-09-24T15:02:19.6214185Z Compiling .pio/build/esp8266_2m/libf4b/IRremoteESP8266/ir_Mitsubishi.cpp.o
2023-09-24T15:02:20.2022026Z Compiling .pio/build/esp8266_2m/libf4b/IRremoteESP8266/ir_MitsubishiHeavy.cpp.o
2023-09-24T15:02:20.5204605Z Compiling .pio/build/esp8266_2m/libf4b/IRremoteESP8266/ir_Multibrackets.cpp.o
2023-09-24T15:02:21.0181439Z Compiling .pio/build/esp8266_2m/libf4b/IRremoteESP8266/ir_NEC.cpp.o
2023-09-24T15:02:21.0740857Z Compiling .pio/build/esp8266_2m/libf4b/IRremoteESP8266/ir_Neoclima.cpp.o
2023-09-24T15:02:21.6181516Z Compiling .pio/build/esp8266_2m/libf4b/IRremoteESP8266/ir_Nikai.cpp.o
2023-09-24T15:02:21.7940272Z Compiling .pio/build/esp8266_2m/libf4b/IRremoteESP8266/ir_Panasonic.cpp.o
2023-09-24T15:02:22.1862166Z Compiling .pio/build/esp8266_2m/libf4b/IRremoteESP8266/ir_Pioneer.cpp.o
2023-09-24T15:02:22.5941853Z Compiling .pio/build/esp8266_2m/libf4b/IRremoteESP8266/ir_Pronto.cpp.o
2023-09-24T15:02:22.7342649Z Compiling .pio/build/esp8266_2m/libf4b/IRremoteESP8266/ir_RC5_RC6.cpp.o
2023-09-24T15:02:22.9661382Z Compiling .pio/build/esp8266_2m/libf4b/IRremoteESP8266/ir_RCMM.cpp.o
2023-09-24T15:02:23.2941626Z Compiling .pio/build/esp8266_2m/libf4b/IRremoteESP8266/ir_Rhoss.cpp.o
2023-09-24T15:02:23.5341860Z Compiling .pio/build/esp8266_2m/libf4b/IRremoteESP8266/ir_Samsung.cpp.o
2023-09-24T15:02:23.9302357Z Compiling .pio/build/esp8266_2m/libf4b/IRremoteESP8266/ir_Sanyo.cpp.o
2023-09-24T15:02:24.3702605Z Compiling .pio/build/esp8266_2m/libf4b/IRremoteESP8266/ir_Sharp.cpp.o
2023-09-24T15:02:24.7101258Z Compiling .pio/build/esp8266_2m/libf4b/IRremoteESP8266/ir_Sherwood.cpp.o
2023-09-24T15:02:25.0985642Z Compiling .pio/build/esp8266_2m/libf4b/IRremoteESP8266/ir_Sony.cpp.o
2023-09-24T15:02:25.1480850Z Compiling .pio/build/esp8266_2m/libf4b/IRremoteESP8266/ir_Symphony.cpp.o
2023-09-24T15:02:25.6820174Z Compiling .pio/build/esp8266_2m/libf4b/IRremoteESP8266/ir_Tcl.cpp.o
2023-09-24T15:02:25.7142522Z Compiling .pio/build/esp8266_2m/libf4b/IRremoteESP8266/ir_Technibel.cpp.o
2023-09-24T15:02:26.3703146Z Compiling .pio/build/esp8266_2m/libf4b/IRremoteESP8266/ir_Teco.cpp.o
2023-09-24T15:02:26.3901209Z Compiling .pio/build/esp8266_2m/libf4b/IRremoteESP8266/ir_Teknopoint.cpp.o
2023-09-24T15:02:26.9462714Z Compiling .pio/build/esp8266_2m/libf4b/IRremoteESP8266/ir_Toshiba.cpp.o
2023-09-24T15:02:27.0181417Z Compiling .pio/build/esp8266_2m/libf4b/IRremoteESP8266/ir_Transcold.cpp.o
2023-09-24T15:02:27.6342142Z Compiling .pio/build/esp8266_2m/libf4b/IRremoteESP8266/ir_Trotec.cpp.o
2023-09-24T15:02:27.6901482Z Compiling .pio/build/esp8266_2m/libf4b/IRremoteESP8266/ir_Truma.cpp.o
2023-09-24T15:02:28.3478370Z Compiling .pio/build/esp8266_2m/libf4b/IRremoteESP8266/ir_Vestel.cpp.o
2023-09-24T15:02:28.3621654Z Compiling .pio/build/esp8266_2m/libf4b/IRremoteESP8266/ir_Voltas.cpp.o
2023-09-24T15:02:29.0661718Z Compiling .pio/build/esp8266_2m/libf4b/IRremoteESP8266/ir_Whirlpool.cpp.o
2023-09-24T15:02:29.0913702Z Compiling .pio/build/esp8266_2m/libf4b/IRremoteESP8266/ir_Whynter.cpp.o
2023-09-24T15:02:29.6661351Z Compiling .pio/build/esp8266_2m/libf4b/IRremoteESP8266/ir_Xmp.cpp.o
2023-09-24T15:02:29.8261560Z Compiling .pio/build/esp8266_2m/libf4b/IRremoteESP8266/ir_Zepeal.cpp.o
2023-09-24T15:02:30.3261513Z Compiling .pio/build/esp8266_2m/lib342/NeoPixelBus/internal/animations/NeoPixelAnimator.cpp.o
2023-09-24T15:02:30.4567226Z Archiving .pio/build/esp8266_2m/libf4b/libIRremoteESP8266.a
2023-09-24T15:02:30.4982064Z Indexing .pio/build/esp8266_2m/libf4b/libIRremoteESP8266.a
2023-09-24T15:02:30.5378494Z Compiling .pio/build/esp8266_2m/lib342/NeoPixelBus/internal/colors/HsbColor.cpp.o
2023-09-24T15:02:31.1672118Z Compiling .pio/build/esp8266_2m/lib342/NeoPixelBus/internal/colors/HslColor.cpp.o
2023-09-24T15:02:31.1821346Z Compiling .pio/build/esp8266_2m/lib342/NeoPixelBus/internal/colors/HtmlColor.cpp.o
2023-09-24T15:02:31.7581808Z Compiling .pio/build/esp8266_2m/lib342/NeoPixelBus/internal/colors/HtmlColorNameStrings.cpp.o
2023-09-24T15:02:31.7755727Z Compiling .pio/build/esp8266_2m/lib342/NeoPixelBus/internal/colors/HtmlColorNames.cpp.o
2023-09-24T15:02:32.3612037Z Compiling .pio/build/esp8266_2m/lib342/NeoPixelBus/internal/colors/HtmlColorShortNames.cpp.o
2023-09-24T15:02:32.3780778Z Compiling .pio/build/esp8266_2m/lib342/NeoPixelBus/internal/colors/NeoGammaDynamicTableMethod.cpp.o
2023-09-24T15:02:32.9489790Z Compiling .pio/build/esp8266_2m/lib342/NeoPixelBus/internal/colors/NeoGammaTableMethod.cpp.o
2023-09-24T15:02:32.9661141Z Compiling .pio/build/esp8266_2m/lib342/NeoPixelBus/internal/colors/Rgb48Color.cpp.o
2023-09-24T15:02:33.6181965Z Compiling .pio/build/esp8266_2m/lib342/NeoPixelBus/internal/colors/RgbColor.cpp.o
2023-09-24T15:02:33.6701348Z Compiling .pio/build/esp8266_2m/lib342/NeoPixelBus/internal/colors/RgbColorBase.cpp.o
2023-09-24T15:02:34.2726257Z Compiling .pio/build/esp8266_2m/lib342/NeoPixelBus/internal/colors/Rgbw64Color.cpp.o
2023-09-24T15:02:34.2900890Z Compiling .pio/build/esp8266_2m/lib342/NeoPixelBus/internal/colors/RgbwColor.cpp.o
2023-09-24T15:02:34.9265260Z Compiling .pio/build/esp8266_2m/lib342/NeoPixelBus/internal/colors/SegmentDigit.cpp.o
2023-09-24T15:02:34.9461478Z Compiling .pio/build/esp8266_2m/lib342/NeoPixelBus/internal/methods/Esp32_i2s.c.o
2023-09-24T15:02:34.9802347Z Compiling .pio/build/esp8266_2m/lib342/NeoPixelBus/internal/methods/NeoEsp32RmtMethod.cpp.o
2023-09-24T15:02:35.5402487Z Compiling .pio/build/esp8266_2m/lib342/NeoPixelBus/internal/methods/NeoEsp8266I2sMethodCore.cpp.o
2023-09-24T15:02:35.5580545Z Compiling .pio/build/esp8266_2m/lib342/NeoPixelBus/internal/methods/NeoEsp8266UartMethod.cpp.o
2023-09-24T15:02:36.1261792Z Compiling .pio/build/esp8266_2m/lib342/NeoPixelBus/internal/methods/NeoEspBitBangMethod.cpp.o
2023-09-24T15:02:36.1782772Z Compiling .pio/build/esp8266_2m/lib342/NeoPixelBus/internal/methods/NeoPixelAvr.c.o
2023-09-24T15:02:36.2101896Z Compiling .pio/build/esp8266_2m/libd9c/Hash/Hash.cpp.o
2023-09-24T15:02:36.7061897Z Archiving .pio/build/esp8266_2m/lib342/libNeoPixelBus.a
2023-09-24T15:02:36.7193538Z Indexing .pio/build/esp8266_2m/lib342/libNeoPixelBus.a
2023-09-24T15:02:36.7460740Z Compiling .pio/build/esp8266_2m/lib9e9/ESP8266WiFi/BearSSLHelpers.cpp.o
2023-09-24T15:02:36.7895271Z Archiving .pio/build/esp8266_2m/libd9c/libHash.a
2023-09-24T15:02:36.7980413Z Indexing .pio/build/esp8266_2m/libd9c/libHash.a
2023-09-24T15:02:36.8125959Z Compiling .pio/build/esp8266_2m/lib9e9/ESP8266WiFi/CertStoreBearSSL.cpp.o
2023-09-24T15:02:37.6062176Z Compiling .pio/build/esp8266_2m/lib9e9/ESP8266WiFi/ESP8266WiFi.cpp.o
2023-09-24T15:02:37.9262369Z Compiling .pio/build/esp8266_2m/lib9e9/ESP8266WiFi/ESP8266WiFiAP.cpp.o
2023-09-24T15:02:38.3861432Z Compiling .pio/build/esp8266_2m/lib9e9/ESP8266WiFi/ESP8266WiFiGeneric.cpp.o
2023-09-24T15:02:38.7302066Z Compiling .pio/build/esp8266_2m/lib9e9/ESP8266WiFi/ESP8266WiFiGratuitous.cpp.o
2023-09-24T15:02:39.1712854Z Compiling .pio/build/esp8266_2m/lib9e9/ESP8266WiFi/ESP8266WiFiMulti.cpp.o
2023-09-24T15:02:39.8062123Z Compiling .pio/build/esp8266_2m/lib9e9/ESP8266WiFi/ESP8266WiFiSTA-WPS.cpp.o
2023-09-24T15:02:40.0501802Z Compiling .pio/build/esp8266_2m/lib9e9/ESP8266WiFi/ESP8266WiFiSTA.cpp.o
2023-09-24T15:02:40.5661268Z Compiling .pio/build/esp8266_2m/lib9e9/ESP8266WiFi/ESP8266WiFiScan.cpp.o
2023-09-24T15:02:40.9359995Z Compiling .pio/build/esp8266_2m/lib9e9/ESP8266WiFi/WiFiClient.cpp.o
2023-09-24T15:02:41.4143037Z Compiling .pio/build/esp8266_2m/lib9e9/ESP8266WiFi/WiFiClientSecureBearSSL.cpp.o
2023-09-24T15:02:42.0585094Z Compiling .pio/build/esp8266_2m/lib9e9/ESP8266WiFi/WiFiServer.cpp.o
2023-09-24T15:02:42.9103091Z Compiling .pio/build/esp8266_2m/lib9e9/ESP8266WiFi/WiFiServerSecureBearSSL.cpp.o
2023-09-24T15:02:42.9381998Z Compiling .pio/build/esp8266_2m/lib9e9/ESP8266WiFi/WiFiUdp.cpp.o
2023-09-24T15:02:43.8981746Z Compiling .pio/build/esp8266_2m/lib9e9/ESP8266WiFi/enable_wifi_at_boot_time.cpp.o
2023-09-24T15:02:43.9302074Z Compiling .pio/build/esp8266_2m/libbc1/LittleFS/LittleFS.cpp.o
2023-09-24T15:02:44.6862512Z Archiving .pio/build/esp8266_2m/lib9e9/libESP8266WiFi.a
2023-09-24T15:02:44.7011367Z Indexing .pio/build/esp8266_2m/lib9e9/libESP8266WiFi.a
2023-09-24T15:02:44.7220192Z Compiling .pio/build/esp8266_2m/libbc1/LittleFS/lfs.c.o
2023-09-24T15:02:44.7900093Z In file included from /home/runner/.platformio/packages/framework-arduinoespressif8266/libraries/LittleFS/src/lfs.c:10:
2023-09-24T15:02:44.7902135Z /home/runner/.platformio/packages/framework-arduinoespressif8266/libraries/LittleFS/src/../lib/littlefs/lfs.c:450:13: warning: 'lfs_mlist_isopen' defined but not used [-Wunused-function]
2023-09-24T15:02:44.7903108Z   450 | static bool lfs_mlist_isopen(struct lfs_mlist *head,
2023-09-24T15:02:44.7904176Z       |             ^~~~~~~~~~~~~~~~
2023-09-24T15:02:45.1463937Z Compiling .pio/build/esp8266_2m/libbc1/LittleFS/lfs_util.c.o
2023-09-24T15:02:45.2102227Z Compiling .pio/build/esp8266_2m/libea6/ESPAsyncWebServerAircoookie/AsyncEventSource.cpp.o
2023-09-24T15:02:45.6936419Z Archiving .pio/build/esp8266_2m/libbc1/libLittleFS.a
2023-09-24T15:02:45.7021521Z Indexing .pio/build/esp8266_2m/libbc1/libLittleFS.a
2023-09-24T15:02:45.7261141Z Compiling .pio/build/esp8266_2m/libea6/ESPAsyncWebServerAircoookie/AsyncWebSocket.cpp.o
2023-09-24T15:02:46.4410003Z Compiling .pio/build/esp8266_2m/libea6/ESPAsyncWebServerAircoookie/SPIFFSEditor.cpp.o
2023-09-24T15:02:47.4461571Z Compiling .pio/build/esp8266_2m/libea6/ESPAsyncWebServerAircoookie/WebAuthentication.cpp.o
2023-09-24T15:02:47.5809601Z Compiling .pio/build/esp8266_2m/libea6/ESPAsyncWebServerAircoookie/WebHandlers.cpp.o
2023-09-24T15:02:48.1222498Z Compiling .pio/build/esp8266_2m/libea6/ESPAsyncWebServerAircoookie/WebRequest.cpp.o
2023-09-24T15:02:48.7487479Z Compiling .pio/build/esp8266_2m/libea6/ESPAsyncWebServerAircoookie/WebResponses.cpp.o
2023-09-24T15:02:49.8261334Z Compiling .pio/build/esp8266_2m/libea6/ESPAsyncWebServerAircoookie/WebServer.cpp.o
2023-09-24T15:02:50.1702885Z Compiling .pio/build/esp8266_2m/lib6ec/QuickEspNow/QuickEspNow_esp32.cpp.o
2023-09-24T15:02:50.9542489Z Compiling .pio/build/esp8266_2m/lib6ec/QuickEspNow/QuickEspNow_esp8266.cpp.o
2023-09-24T15:02:50.9782200Z Archiving .pio/build/esp8266_2m/libea6/libESPAsyncWebServerAircoookie.a
2023-09-24T15:02:50.9941259Z Indexing .pio/build/esp8266_2m/libea6/libESPAsyncWebServerAircoookie.a
2023-09-24T15:02:51.0221366Z Compiling .pio/build/esp8266_2m/lib666/Wire/Wire.cpp.o
2023-09-24T15:02:51.6501627Z Archiving .pio/build/esp8266_2m/lib666/libWire.a
2023-09-24T15:02:51.6583527Z Indexing .pio/build/esp8266_2m/lib666/libWire.a
2023-09-24T15:02:51.6861811Z Compiling .pio/build/esp8266_2m/libfe3/ESP8266SdFat/ExFatLib/ExFatDbg.cpp.o
2023-09-24T15:02:51.8138587Z Archiving .pio/build/esp8266_2m/lib6ec/libQuickEspNow.a
2023-09-24T15:02:51.8221423Z Indexing .pio/build/esp8266_2m/lib6ec/libQuickEspNow.a
2023-09-24T15:02:51.8422524Z Compiling .pio/build/esp8266_2m/libfe3/ESP8266SdFat/ExFatLib/ExFatFile.cpp.o
2023-09-24T15:02:52.5022508Z Compiling .pio/build/esp8266_2m/libfe3/ESP8266SdFat/ExFatLib/ExFatFilePrint.cpp.o
2023-09-24T15:02:52.6381812Z Compiling .pio/build/esp8266_2m/libfe3/ESP8266SdFat/ExFatLib/ExFatFileWrite.cpp.o
2023-09-24T15:02:53.1742645Z Compiling .pio/build/esp8266_2m/libfe3/ESP8266SdFat/ExFatLib/ExFatFormatter.cpp.o
2023-09-24T15:02:53.4191652Z Compiling .pio/build/esp8266_2m/libfe3/ESP8266SdFat/ExFatLib/ExFatName.cpp.o
2023-09-24T15:02:53.8821251Z Compiling .pio/build/esp8266_2m/libfe3/ESP8266SdFat/ExFatLib/ExFatPartition.cpp.o
2023-09-24T15:02:54.0942522Z Compiling .pio/build/esp8266_2m/libfe3/ESP8266SdFat/ExFatLib/ExFatVolume.cpp.o
2023-09-24T15:02:54.6341567Z Compiling .pio/build/esp8266_2m/libfe3/ESP8266SdFat/FatLib/FatDbg.cpp.o
2023-09-24T15:02:54.7464575Z Compiling .pio/build/esp8266_2m/libfe3/ESP8266SdFat/FatLib/FatFile.cpp.o
2023-09-24T15:02:55.5787486Z Compiling .pio/build/esp8266_2m/libfe3/ESP8266SdFat/FatLib/FatFileLFN.cpp.o
2023-09-24T15:02:56.0751555Z Compiling .pio/build/esp8266_2m/libfe3/ESP8266SdFat/FatLib/FatFilePrint.cpp.o
2023-09-24T15:02:56.6891219Z Compiling .pio/build/esp8266_2m/libfe3/ESP8266SdFat/FatLib/FatFileSFN.cpp.o
2023-09-24T15:02:56.9506183Z Compiling .pio/build/esp8266_2m/libfe3/ESP8266SdFat/FatLib/FatFormatter.cpp.o
2023-09-24T15:02:57.6505787Z Compiling .pio/build/esp8266_2m/libfe3/ESP8266SdFat/FatLib/FatName.cpp.o
2023-09-24T15:02:57.8031037Z Compiling .pio/build/esp8266_2m/libfe3/ESP8266SdFat/FatLib/FatPartition.cpp.o
2023-09-24T15:02:58.3742514Z Compiling .pio/build/esp8266_2m/libfe3/ESP8266SdFat/FatLib/FatVolume.cpp.o
2023-09-24T15:02:58.5121115Z Compiling .pio/build/esp8266_2m/libfe3/ESP8266SdFat/FreeStack.cpp.o
2023-09-24T15:02:59.0011149Z Compiling .pio/build/esp8266_2m/libfe3/ESP8266SdFat/FsLib/FsFile.cpp.o
2023-09-24T15:02:59.1062218Z Compiling .pio/build/esp8266_2m/libfe3/ESP8266SdFat/FsLib/FsNew.cpp.o
2023-09-24T15:02:59.1461494Z Compiling .pio/build/esp8266_2m/libfe3/ESP8266SdFat/FsLib/FsVolume.cpp.o
2023-09-24T15:02:59.7031795Z Compiling .pio/build/esp8266_2m/libfe3/ESP8266SdFat/MinimumSerial.cpp.o
2023-09-24T15:02:59.8501651Z Compiling .pio/build/esp8266_2m/libfe3/ESP8266SdFat/SdCard/SdCardInfo.cpp.o
2023-09-24T15:03:00.2665506Z Compiling .pio/build/esp8266_2m/libfe3/ESP8266SdFat/SdCard/SdSpiCard.cpp.o
2023-09-24T15:03:00.4661736Z Compiling .pio/build/esp8266_2m/libfe3/ESP8266SdFat/SdCard/SdioTeensy.cpp.o
2023-09-24T15:03:00.4983524Z Compiling .pio/build/esp8266_2m/libfe3/ESP8266SdFat/SpiDriver/SdSpiArtemis.cpp.o
2023-09-24T15:03:00.9919391Z Compiling .pio/build/esp8266_2m/libfe3/ESP8266SdFat/SpiDriver/SdSpiChipSelect.cpp.o
2023-09-24T15:03:01.0779665Z Compiling .pio/build/esp8266_2m/libfe3/ESP8266SdFat/SpiDriver/SdSpiDue.cpp.o
2023-09-24T15:03:01.5582262Z Compiling .pio/build/esp8266_2m/libfe3/ESP8266SdFat/SpiDriver/SdSpiESP.cpp.o
2023-09-24T15:03:01.6422667Z Compiling .pio/build/esp8266_2m/libfe3/ESP8266SdFat/SpiDriver/SdSpiParticle.cpp.o
2023-09-24T15:03:02.1561849Z Compiling .pio/build/esp8266_2m/libfe3/ESP8266SdFat/SpiDriver/SdSpiSTM32.cpp.o
2023-09-24T15:03:02.2141523Z Compiling .pio/build/esp8266_2m/libfe3/ESP8266SdFat/SpiDriver/SdSpiSTM32Core.cpp.o
2023-09-24T15:03:02.7342771Z Compiling .pio/build/esp8266_2m/libfe3/ESP8266SdFat/SpiDriver/SdSpiTeensy3.cpp.o
2023-09-24T15:03:02.7901633Z Compiling .pio/build/esp8266_2m/libfe3/ESP8266SdFat/common/FmtNumber.cpp.o
2023-09-24T15:03:03.1301343Z Compiling .pio/build/esp8266_2m/libfe3/ESP8266SdFat/common/FsCache.cpp.o
2023-09-24T15:03:03.3382282Z Compiling .pio/build/esp8266_2m/libfe3/ESP8266SdFat/common/FsDateTime.cpp.o
2023-09-24T15:03:03.7701963Z Compiling .pio/build/esp8266_2m/libfe3/ESP8266SdFat/common/FsName.cpp.o
2023-09-24T15:03:03.9661718Z Compiling .pio/build/esp8266_2m/libfe3/ESP8266SdFat/common/FsStructs.cpp.o
2023-09-24T15:03:04.0169851Z Compiling .pio/build/esp8266_2m/libfe3/ESP8266SdFat/common/FsUtf.cpp.o
2023-09-24T15:03:04.0779307Z Compiling .pio/build/esp8266_2m/libfe3/ESP8266SdFat/common/upcase.cpp.o
2023-09-24T15:03:04.1301457Z Compiling .pio/build/esp8266_2m/libfe3/ESP8266SdFat/iostream/StdioStream.cpp.o
2023-09-24T15:03:04.3662026Z Compiling .pio/build/esp8266_2m/libfe3/ESP8266SdFat/iostream/StreamBaseClass.cpp.o
2023-09-24T15:03:04.9382120Z Compiling .pio/build/esp8266_2m/libfe3/ESP8266SdFat/iostream/istream.cpp.o
2023-09-24T15:03:05.0783081Z Compiling .pio/build/esp8266_2m/libfe3/ESP8266SdFat/iostream/ostream.cpp.o
2023-09-24T15:03:05.7101777Z Compiling .pio/build/esp8266_2m/lib5b3/SDFS/SDFS.cpp.o
2023-09-24T15:03:05.8237882Z Archiving .pio/build/esp8266_2m/libfe3/libESP8266SdFat.a
2023-09-24T15:03:05.8452088Z Indexing .pio/build/esp8266_2m/libfe3/libESP8266SdFat.a
2023-09-24T15:03:05.8741651Z Compiling .pio/build/esp8266_2m/libdb9/SD/SD.cpp.o
2023-09-24T15:03:06.6221707Z Archiving .pio/build/esp8266_2m/libdb9/libSD.a
2023-09-24T15:03:06.6300452Z Indexing .pio/build/esp8266_2m/libdb9/libSD.a
2023-09-24T15:03:06.6501859Z Compiling .pio/build/esp8266_2m/lib791/EEPROM/EEPROM.cpp.o
2023-09-24T15:03:06.8985873Z Archiving .pio/build/esp8266_2m/lib5b3/libSDFS.a
2023-09-24T15:03:06.9186911Z Indexing .pio/build/esp8266_2m/lib5b3/libSDFS.a
2023-09-24T15:03:06.9501271Z Compiling .pio/build/esp8266_2m/lib6eb/ESP8266mDNS/ESP8266mDNS.cpp.o
2023-09-24T15:03:07.2573570Z Archiving .pio/build/esp8266_2m/lib791/libEEPROM.a
2023-09-24T15:03:07.2644268Z Indexing .pio/build/esp8266_2m/lib791/libEEPROM.a
2023-09-24T15:03:07.2820039Z Compiling .pio/build/esp8266_2m/lib6eb/ESP8266mDNS/LEAmDNS.cpp.o
2023-09-24T15:03:07.8461423Z Compiling .pio/build/esp8266_2m/lib6eb/ESP8266mDNS/LEAmDNS_Control.cpp.o
2023-09-24T15:03:08.6063032Z Compiling .pio/build/esp8266_2m/lib6eb/ESP8266mDNS/LEAmDNS_Helpers.cpp.o
2023-09-24T15:03:09.0661717Z Compiling .pio/build/esp8266_2m/lib6eb/ESP8266mDNS/LEAmDNS_Structs.cpp.o
2023-09-24T15:03:09.7261016Z Compiling .pio/build/esp8266_2m/lib6eb/ESP8266mDNS/LEAmDNS_Transfer.cpp.o
2023-09-24T15:03:10.3562132Z Compiling .pio/build/esp8266_2m/libe12/ArduinoOTA/ArduinoOTA.cpp.o
2023-09-24T15:03:10.9634648Z Archiving .pio/build/esp8266_2m/lib6eb/libESP8266mDNS.a
2023-09-24T15:03:10.9741889Z Indexing .pio/build/esp8266_2m/lib6eb/libESP8266mDNS.a
2023-09-24T15:03:11.0053190Z Compiling .pio/build/esp8266_2m/lib811/DNSServer/DNSServer.cpp.o
2023-09-24T15:03:11.6383156Z Archiving .pio/build/esp8266_2m/libe12/libArduinoOTA.a
2023-09-24T15:03:11.6489982Z Indexing .pio/build/esp8266_2m/libe12/libArduinoOTA.a
2023-09-24T15:03:11.6661927Z Compiling .pio/build/esp8266_2m/libd36/ESP8266WebServer/detail/mimetable.cpp.o
2023-09-24T15:03:11.7552057Z Archiving .pio/build/esp8266_2m/libd36/libESP8266WebServer.a
2023-09-24T15:03:11.7616009Z Indexing .pio/build/esp8266_2m/libd36/libESP8266WebServer.a
2023-09-24T15:03:11.7700079Z Archiving .pio/build/esp8266_2m/libFrameworkArduinoVariant.a
2023-09-24T15:03:11.7770978Z Indexing .pio/build/esp8266_2m/libFrameworkArduinoVariant.a
2023-09-24T15:03:11.8023281Z Compiling .pio/build/esp8266_2m/FrameworkArduino/Crypto.cpp.o
2023-09-24T15:03:11.9261256Z Archiving .pio/build/esp8266_2m/lib811/libDNSServer.a
2023-09-24T15:03:11.9333878Z Indexing .pio/build/esp8266_2m/lib811/libDNSServer.a
2023-09-24T15:03:11.9461078Z Compiling .pio/build/esp8266_2m/FrameworkArduino/Esp-frag.cpp.o
2023-09-24T15:03:12.5262728Z Compiling .pio/build/esp8266_2m/FrameworkArduino/Esp-version.cpp.o
2023-09-24T15:03:12.5583443Z Compiling .pio/build/esp8266_2m/FrameworkArduino/Esp.cpp.o
2023-09-24T15:03:13.1062485Z Compiling .pio/build/esp8266_2m/FrameworkArduino/FS.cpp.o
2023-09-24T15:03:13.4222076Z Compiling .pio/build/esp8266_2m/FrameworkArduino/FSnoop.cpp.o
2023-09-24T15:03:14.0102295Z Compiling .pio/build/esp8266_2m/FrameworkArduino/FunctionalInterrupt.cpp.o
2023-09-24T15:03:14.0583393Z Compiling .pio/build/esp8266_2m/FrameworkArduino/HardwareSerial.cpp.o
2023-09-24T15:03:14.6618782Z Compiling .pio/build/esp8266_2m/FrameworkArduino/IPAddress.cpp.o
2023-09-24T15:03:14.6821575Z Compiling .pio/build/esp8266_2m/FrameworkArduino/LwipDhcpServer-NonOS.cpp.o
2023-09-24T15:03:14.8422968Z Compiling .pio/build/esp8266_2m/FrameworkArduino/LwipDhcpServer.cpp.o
2023-09-24T15:03:15.1741618Z Compiling .pio/build/esp8266_2m/FrameworkArduino/LwipIntf.cpp.o
2023-09-24T15:03:15.3536857Z Compiling .pio/build/esp8266_2m/FrameworkArduino/LwipIntfCB.cpp.o
2023-09-24T15:03:15.6141800Z Compiling .pio/build/esp8266_2m/FrameworkArduino/MD5Builder.cpp.o
2023-09-24T15:03:15.8381432Z Compiling .pio/build/esp8266_2m/FrameworkArduino/Print.cpp.o
2023-09-24T15:03:16.3244821Z Compiling .pio/build/esp8266_2m/FrameworkArduino/Schedule.cpp.o
2023-09-24T15:03:16.4980985Z Compiling .pio/build/esp8266_2m/FrameworkArduino/StackThunk.cpp.o
2023-09-24T15:03:16.5815723Z Compiling .pio/build/esp8266_2m/FrameworkArduino/Stream.cpp.o
2023-09-24T15:03:16.9537289Z Compiling .pio/build/esp8266_2m/FrameworkArduino/StreamSend.cpp.o
2023-09-24T15:03:17.2102567Z Compiling .pio/build/esp8266_2m/FrameworkArduino/Tone.cpp.o
2023-09-24T15:03:17.6782287Z Compiling .pio/build/esp8266_2m/FrameworkArduino/TypeConversion.cpp.o
2023-09-24T15:03:17.8144073Z Compiling .pio/build/esp8266_2m/FrameworkArduino/Updater.cpp.o
2023-09-24T15:03:18.2594664Z Compiling .pio/build/esp8266_2m/FrameworkArduino/WMath.cpp.o
2023-09-24T15:03:18.6701445Z Compiling .pio/build/esp8266_2m/FrameworkArduino/WString.cpp.o
2023-09-24T15:03:18.8221215Z Compiling .pio/build/esp8266_2m/FrameworkArduino/abi.cpp.o
2023-09-24T15:03:19.3980975Z Compiling .pio/build/esp8266_2m/FrameworkArduino/aes_unwrap.cpp.o
2023-09-24T15:03:19.4661385Z Compiling .pio/build/esp8266_2m/FrameworkArduino/base64.cpp.o
2023-09-24T15:03:19.6181767Z Compiling .pio/build/esp8266_2m/FrameworkArduino/cbuf.cpp.o
2023-09-24T15:03:19.7421603Z Compiling .pio/build/esp8266_2m/FrameworkArduino/cont.S.o
2023-09-24T15:03:19.7739203Z Compiling .pio/build/esp8266_2m/FrameworkArduino/cont_util.cpp.o
2023-09-24T15:03:19.8342232Z Compiling .pio/build/esp8266_2m/FrameworkArduino/core_esp8266_app_entry_noextra4k.cpp.o
2023-09-24T15:03:20.0270913Z Compiling .pio/build/esp8266_2m/FrameworkArduino/core_esp8266_eboot_command.cpp.o
2023-09-24T15:03:20.2178581Z Compiling .pio/build/esp8266_2m/FrameworkArduino/core_esp8266_features.cpp.o
2023-09-24T15:03:20.2581181Z Compiling .pio/build/esp8266_2m/FrameworkArduino/core_esp8266_flash_quirks.cpp.o
2023-09-24T15:03:20.3021498Z Compiling .pio/build/esp8266_2m/FrameworkArduino/core_esp8266_flash_utils.cpp.o
2023-09-24T15:03:20.3461695Z Compiling .pio/build/esp8266_2m/FrameworkArduino/core_esp8266_i2s.cpp.o
2023-09-24T15:03:20.4211310Z Compiling .pio/build/esp8266_2m/FrameworkArduino/core_esp8266_main.cpp.o
2023-09-24T15:03:21.0349215Z Compiling .pio/build/esp8266_2m/FrameworkArduino/core_esp8266_non32xfer.cpp.o
2023-09-24T15:03:21.0500890Z Compiling .pio/build/esp8266_2m/FrameworkArduino/core_esp8266_noniso.cpp.o
2023-09-24T15:03:21.3223060Z Compiling .pio/build/esp8266_2m/FrameworkArduino/core_esp8266_phy.cpp.o
2023-09-24T15:03:21.4021699Z Compiling .pio/build/esp8266_2m/FrameworkArduino/core_esp8266_postmortem.cpp.o
2023-09-24T15:03:21.6142404Z Compiling .pio/build/esp8266_2m/FrameworkArduino/core_esp8266_si2c.cpp.o
2023-09-24T15:03:21.8582044Z Compiling .pio/build/esp8266_2m/FrameworkArduino/core_esp8266_sigma_delta.cpp.o
2023-09-24T15:03:22.3670211Z Compiling .pio/build/esp8266_2m/FrameworkArduino/core_esp8266_spi_utils.cpp.o
2023-09-24T15:03:22.4423022Z Compiling .pio/build/esp8266_2m/FrameworkArduino/core_esp8266_timer.cpp.o
2023-09-24T15:03:22.4620101Z Compiling .pio/build/esp8266_2m/FrameworkArduino/core_esp8266_vm.cpp.o
2023-09-24T15:03:22.4860601Z Compiling .pio/build/esp8266_2m/FrameworkArduino/core_esp8266_waveform_phase.cpp.o
2023-09-24T15:03:22.9982813Z Compiling .pio/build/esp8266_2m/FrameworkArduino/core_esp8266_waveform_pwm.cpp.o
2023-09-24T15:03:23.1701983Z Compiling .pio/build/esp8266_2m/FrameworkArduino/core_esp8266_wiring.cpp.o
2023-09-24T15:03:23.7182292Z Compiling .pio/build/esp8266_2m/FrameworkArduino/core_esp8266_wiring_analog.cpp.o
2023-09-24T15:03:23.7622195Z Compiling .pio/build/esp8266_2m/FrameworkArduino/core_esp8266_wiring_digital.cpp.o
2023-09-24T15:03:24.2981904Z Compiling .pio/build/esp8266_2m/FrameworkArduino/core_esp8266_wiring_pulse.cpp.o
2023-09-24T15:03:24.4542923Z Compiling .pio/build/esp8266_2m/FrameworkArduino/core_esp8266_wiring_pwm.cpp.o
2023-09-24T15:03:24.8701212Z Compiling .pio/build/esp8266_2m/FrameworkArduino/core_esp8266_wiring_shift.cpp.o
2023-09-24T15:03:25.0262559Z Compiling .pio/build/esp8266_2m/FrameworkArduino/crc32.cpp.o
2023-09-24T15:03:25.4032303Z Compiling .pio/build/esp8266_2m/FrameworkArduino/debug.cpp.o
2023-09-24T15:03:25.4461718Z Compiling .pio/build/esp8266_2m/FrameworkArduino/exc-c-wrapper-handler.S.o
2023-09-24T15:03:25.4903281Z Compiling .pio/build/esp8266_2m/FrameworkArduino/exc-sethandler.cpp.o
2023-09-24T15:03:25.5742673Z Compiling .pio/build/esp8266_2m/FrameworkArduino/flash_hal.cpp.o
2023-09-24T15:03:25.9861966Z Compiling .pio/build/esp8266_2m/FrameworkArduino/gdb_hooks.cpp.o
2023-09-24T15:03:26.0221670Z Compiling .pio/build/esp8266_2m/FrameworkArduino/heap.cpp.o
2023-09-24T15:03:26.1223332Z Compiling .pio/build/esp8266_2m/FrameworkArduino/hwdt_app_entry.cpp.o
2023-09-24T15:03:26.1436057Z Compiling .pio/build/esp8266_2m/FrameworkArduino/libb64/cdecode.cpp.o
2023-09-24T15:03:26.1606865Z Compiling .pio/build/esp8266_2m/FrameworkArduino/libb64/cencode.cpp.o
2023-09-24T15:03:26.2190226Z Compiling .pio/build/esp8266_2m/FrameworkArduino/libc_replacements.cpp.o
2023-09-24T15:03:26.2341578Z Compiling .pio/build/esp8266_2m/FrameworkArduino/mmu_iram.cpp.o
2023-09-24T15:03:26.5061966Z Compiling .pio/build/esp8266_2m/FrameworkArduino/reboot_uart_dwnld.cpp.o
2023-09-24T15:03:26.5942611Z Compiling .pio/build/esp8266_2m/FrameworkArduino/spiffs/spiffs_cache.cpp.o
2023-09-24T15:03:26.7283229Z Compiling .pio/build/esp8266_2m/FrameworkArduino/spiffs/spiffs_check.cpp.o
2023-09-24T15:03:26.8141917Z Compiling .pio/build/esp8266_2m/FrameworkArduino/spiffs/spiffs_gc.cpp.o
2023-09-24T15:03:27.0596145Z Compiling .pio/build/esp8266_2m/FrameworkArduino/spiffs/spiffs_hydrogen.cpp.o
2023-09-24T15:03:27.0852409Z Compiling .pio/build/esp8266_2m/FrameworkArduino/spiffs/spiffs_nucleus.cpp.o
2023-09-24T15:03:27.4461642Z Compiling .pio/build/esp8266_2m/FrameworkArduino/spiffs_api.cpp.o
2023-09-24T15:03:27.7897503Z Compiling .pio/build/esp8266_2m/FrameworkArduino/sqrt32.cpp.o
2023-09-24T15:03:28.1742235Z Compiling .pio/build/esp8266_2m/FrameworkArduino/stdlib_noniso.cpp.o
2023-09-24T15:03:28.2261279Z Compiling .pio/build/esp8266_2m/FrameworkArduino/time.cpp.o
2023-09-24T15:03:28.4496943Z Compiling .pio/build/esp8266_2m/FrameworkArduino/uart.cpp.o
2023-09-24T15:03:28.9901719Z Compiling .pio/build/esp8266_2m/FrameworkArduino/umm_malloc/umm_info.c.o
2023-09-24T15:03:29.0221962Z Compiling .pio/build/esp8266_2m/FrameworkArduino/umm_malloc/umm_integrity.c.o
2023-09-24T15:03:29.0581523Z Compiling .pio/build/esp8266_2m/FrameworkArduino/umm_malloc/umm_local.c.o
2023-09-24T15:03:29.1021748Z Compiling .pio/build/esp8266_2m/FrameworkArduino/umm_malloc/umm_malloc.cpp.o
2023-09-24T15:03:29.3142464Z Compiling .pio/build/esp8266_2m/FrameworkArduino/umm_malloc/umm_poison.c.o
2023-09-24T15:03:29.3462673Z Compiling .pio/build/esp8266_2m/FrameworkArduino/wpa2_eap_patch.cpp.o
2023-09-24T15:03:29.7354316Z Archiving .pio/build/esp8266_2m/libFrameworkArduino.a
2023-09-24T15:03:29.7655951Z Indexing .pio/build/esp8266_2m/libFrameworkArduino.a
2023-09-24T15:03:29.8971514Z Linking .pio/build/esp8266_2m/firmware.elf
2023-09-24T15:03:32.2200723Z Retrieving maximum program size .pio/build/esp8266_2m/firmware.elf
2023-09-24T15:03:32.2206373Z Checking size .pio/build/esp8266_2m/firmware.elf
2023-09-24T15:03:32.2385356Z Advanced Memory Usage is available via "PlatformIO Home > Project Inspect"
2023-09-24T15:03:32.2411348Z RAM:   [======    ]  59.2% (used 48480 bytes from 81920 bytes)
2023-09-24T15:03:32.2412355Z Flash: [========  ]  82.4% (used 860635 bytes from 1044464 bytes)
2023-09-24T15:03:32.2420837Z Building .pio/build/esp8266_2m/firmware.bin
2023-09-24T15:03:35.6853273Z Creating BIN file ".pio/build/esp8266_2m/firmware.bin" using "/home/runner/.platformio/packages/framework-arduinoespressif8266/bootloaders/eboot/eboot.elf" and ".pio/build/esp8266_2m/firmware.elf"
2023-09-24T15:03:35.6934115Z bin_rename_copy([".pio/build/esp8266_2m/firmware.bin"], [".pio/build/esp8266_2m/firmware.elf"])
2023-09-24T15:03:35.6959790Z bin_gzip([".pio/build/esp8266_2m/firmware.bin"], [".pio/build/esp8266_2m/firmware.elf"])
2023-09-24T15:03:36.0424453Z ======================== [SUCCESS] Took 189.91 seconds ========================
2023-09-24T15:03:36.0427584Z 
2023-09-24T15:03:36.0437982Z Environment    Status    Duration
2023-09-24T15:03:36.0439260Z -------------  --------  ------------
2023-09-24T15:03:36.0439991Z esp8266_2m     SUCCESS   00:03:09.914
2023-09-24T15:03:37.2492715Z ========================= 1 succeeded in 00:03:09.914 =========================
2023-09-24T15:03:37.2492970Z 
2023-09-24T15:03:37.2493449Z ********************************************************************************
2023-09-24T15:03:37.2494331Z There is a new version 6.1.11 of PlatformIO available.
2023-09-24T15:03:37.2497635Z Please upgrade it via `platformio upgrade` or `pip install -U platformio` command.
2023-09-24T15:03:37.2499924Z Changes: https://docs.platformio.org/en/latest/history.html
2023-09-24T15:03:37.2501425Z ********************************************************************************
2023-09-24T15:03:37.2504077Z 
2023-09-24T15:03:37.2727346Z 
2023-09-24T15:03:37.2728197Z ********************************************************************************
2023-09-24T15:03:37.2729356Z We found 107.09MB of unnecessary PlatformIO system data (temporary files, unnecessary packages, etc.).
2023-09-24T15:03:37.2730154Z Use `pio system prune --dry-run` to list them or `pio system prune` to save disk space.
2023-09-24T15:03:37.3146784Z ##[group]Run actions/upload-artifact@v2
2023-09-24T15:03:37.3147113Z with:
2023-09-24T15:03:37.3147361Z   name: firmware-esp8266_2m
2023-09-24T15:03:37.3147699Z   path: build_output/firmware/*.bin
build_output/firmware/*.gz

2023-09-24T15:03:37.3148022Z   if-no-files-found: warn
2023-09-24T15:03:37.3148281Z env:
2023-09-24T15:03:37.3148731Z   pythonLocation: /opt/hostedtoolcache/Python/3.9.18/x64
2023-09-24T15:03:37.3149104Z   PKG_CONFIG_PATH: /opt/hostedtoolcache/Python/3.9.18/x64/lib/pkgconfig
2023-09-24T15:03:37.3149468Z   Python_ROOT_DIR: /opt/hostedtoolcache/Python/3.9.18/x64
2023-09-24T15:03:37.3149799Z   Python2_ROOT_DIR: /opt/hostedtoolcache/Python/3.9.18/x64
2023-09-24T15:03:37.3150297Z   Python3_ROOT_DIR: /opt/hostedtoolcache/Python/3.9.18/x64
2023-09-24T15:03:37.3150633Z   LD_LIBRARY_PATH: /opt/hostedtoolcache/Python/3.9.18/x64/lib
2023-09-24T15:03:37.3150909Z ##[endgroup]
2023-09-24T15:03:37.4015534Z With the provided path, there will be 2 files uploaded
2023-09-24T15:03:37.4020812Z Starting artifact upload
2023-09-24T15:03:37.4021624Z For more detailed logs during the artifact upload process, enable step-debugging: https://docs.github.com/actions/monitoring-and-troubleshooting-workflows/enabling-debug-logging#enabling-step-debug-logging
2023-09-24T15:03:37.4022177Z Artifact name is valid!
2023-09-24T15:03:37.7499415Z Container for artifact "firmware-esp8266_2m" successfully created. Starting upload of file(s)
2023-09-24T15:03:38.3569444Z Total size of all the files uploaded is 1254290 bytes
2023-09-24T15:03:38.3574336Z File upload process has finished. Finalizing the artifact upload
2023-09-24T15:03:38.6369341Z Artifact has been finalized. All files have been successfully uploaded!
2023-09-24T15:03:38.6369615Z 
2023-09-24T15:03:38.6370045Z The raw size of all the files that were specified for upload is 1491824 bytes
2023-09-24T15:03:38.6371174Z The size of all the files that were uploaded is 1254290 bytes. This takes into account any gzip compression used to reduce the upload size, time and storage
2023-09-24T15:03:38.6371566Z 
2023-09-24T15:03:38.6372168Z Note: The size of downloaded zips can differ significantly from the reported size. For more information see: https://github.com/actions/upload-artifact#zipped-artifact-downloads 
2023-09-24T15:03:38.6372568Z 
2023-09-24T15:03:38.6375145Z Artifact firmware-esp8266_2m has been successfully uploaded!
2023-09-24T15:03:38.6497680Z Post job cleanup.
2023-09-24T15:03:39.2137617Z Post job cleanup.
2023-09-24T15:03:39.3947451Z Cache hit occurred on the primary key Linux-, not saving cache.
2023-09-24T15:03:39.7637503Z Post job cleanup.
2023-09-24T15:03:39.9371983Z Cache hit occurred on the primary key Linux-pip-81ff51cfad9e9eb735c6b16e2b137bb04b536de75d900d6b02aa29724c130501, not saving cache.
2023-09-24T15:03:39.9514300Z Post job cleanup.
2023-09-24T15:03:40.0826822Z [command]/usr/bin/git version
2023-09-24T15:03:40.0895344Z git version 2.42.0
2023-09-24T15:03:40.0963433Z Temporarily overriding HOME='/home/runner/work/_temp/78396d3a-dc07-4171-b405-f2c107bc119a' before making global git config changes
2023-09-24T15:03:40.0965178Z Adding repository directory to the temporary git global config as a safe directory
2023-09-24T15:03:40.0972514Z [command]/usr/bin/git config --global --add safe.directory /home/runner/work/WLED/WLED
2023-09-24T15:03:40.1023921Z [command]/usr/bin/git config --local --name-only --get-regexp core\.sshCommand
2023-09-24T15:03:40.1069262Z [command]/usr/bin/git submodule foreach --recursive sh -c "git config --local --name-only --get-regexp 'core\.sshCommand' && git config --local --unset-all 'core.sshCommand' || :"
2023-09-24T15:03:40.1394589Z [command]/usr/bin/git config --local --name-only --get-regexp http\.https\:\/\/github\.com\/\.extraheader
2023-09-24T15:03:40.1435134Z http.https://github.com/.extraheader
2023-09-24T15:03:40.1451940Z [command]/usr/bin/git config --local --unset-all http.https://github.com/.extraheader
2023-09-24T15:03:40.1504326Z [command]/usr/bin/git submodule foreach --recursive sh -c "git config --local --name-only --get-regexp 'http\.https\:\/\/github\.com\/\.extraheader' && git config --local --unset-all 'http.https://github.com/.extraheader' || :"
2023-09-24T15:03:40.2150394Z Cleaning up orphan processes
