2023-09-24T15:00:01.0048726Z Requested labels: ubuntu-latest
2023-09-24T15:00:01.0048962Z Job defined at: Aircoookie/WLED/.github/workflows/wled-ci.yml@refs/heads/0_15
2023-09-24T15:00:01.0049117Z Waiting for a runner to pick up this job...
2023-09-24T15:00:01.3715832Z Job is waiting for a hosted runner to come online.
2023-09-24T15:00:04.6705212Z Job is about to start running on the hosted runner: GitHub Actions 5 (hosted)
2023-09-24T15:00:07.2612539Z Current runner version: '2.309.0'
2023-09-24T15:00:07.2639204Z ##[group]Operating System
2023-09-24T15:00:07.2639769Z Ubuntu
2023-09-24T15:00:07.2640221Z 22.04.3
2023-09-24T15:00:07.2640473Z LTS
2023-09-24T15:00:07.2640781Z ##[endgroup]
2023-09-24T15:00:07.2641137Z ##[group]Runner Image
2023-09-24T15:00:07.2641461Z Image: ubuntu-22.04
2023-09-24T15:00:07.2641912Z Version: 20230917.1.0
2023-09-24T15:00:07.2642465Z Included Software: https://github.com/actions/runner-images/blob/ubuntu22/20230917.1/images/linux/Ubuntu2204-Readme.md
2023-09-24T15:00:07.2643087Z Image Release: https://github.com/actions/runner-images/releases/tag/ubuntu22%2F20230917.1
2023-09-24T15:00:07.2643550Z ##[endgroup]
2023-09-24T15:00:07.2643984Z ##[group]Runner Image Provisioner
2023-09-24T15:00:07.2644296Z 2.0.299.1
2023-09-24T15:00:07.2644614Z ##[endgroup]
2023-09-24T15:00:07.2645613Z ##[group]GITHUB_TOKEN Permissions
2023-09-24T15:00:07.2647727Z Actions: write
2023-09-24T15:00:07.2648121Z Checks: write
2023-09-24T15:00:07.2648636Z Contents: write
2023-09-24T15:00:07.2649105Z Deployments: write
2023-09-24T15:00:07.2649452Z Discussions: write
2023-09-24T15:00:07.2649786Z Issues: write
2023-09-24T15:00:07.2650060Z Metadata: read
2023-09-24T15:00:07.2650398Z Packages: write
2023-09-24T15:00:07.2650771Z Pages: write
2023-09-24T15:00:07.2651054Z PullRequests: write
2023-09-24T15:00:07.2651418Z RepositoryProjects: write
2023-09-24T15:00:07.2651814Z SecurityEvents: write
2023-09-24T15:00:07.2652117Z Statuses: write
2023-09-24T15:00:07.2652504Z ##[endgroup]
2023-09-24T15:00:07.2656032Z Secret source: Actions
2023-09-24T15:00:07.2656480Z Prepare workflow directory
2023-09-24T15:00:07.3415901Z Prepare all required actions
2023-09-24T15:00:07.3606192Z Getting action download info
2023-09-24T15:00:07.5374408Z Download action repository 'actions/checkout@v3' (SHA:f43a0e5ff2bd294095638e18286ca9a3d1956744)
2023-09-24T15:00:07.9062550Z Download action repository 'actions/cache@v3' (SHA:704facf57e6136b1bc63b828d79edcd491f0ee84)
2023-09-24T15:00:08.2131196Z Download action repository 'actions/setup-python@v4' (SHA:61a6322f88396a6271a6ee3565807d608ecaddd1)
2023-09-24T15:00:08.4941573Z Download action repository 'actions/upload-artifact@v2' (SHA:82c141cc518b40d92cc801eee768e7aafc9c2fa2)
2023-09-24T15:00:08.8664217Z Complete job name: Build Enviornments (esp32dev)
2023-09-24T15:00:08.9590017Z ##[group]Run actions/checkout@v3
2023-09-24T15:00:08.9590329Z with:
2023-09-24T15:00:08.9590554Z   repository: Aircoookie/WLED
2023-09-24T15:00:08.9590983Z   token: ***
2023-09-24T15:00:08.9591198Z   ssh-strict: true
2023-09-24T15:00:08.9591430Z   persist-credentials: true
2023-09-24T15:00:08.9591642Z   clean: true
2023-09-24T15:00:08.9591874Z   sparse-checkout-cone-mode: true
2023-09-24T15:00:08.9592116Z   fetch-depth: 1
2023-09-24T15:00:08.9592311Z   fetch-tags: false
2023-09-24T15:00:08.9592512Z   lfs: false
2023-09-24T15:00:08.9592720Z   submodules: false
2023-09-24T15:00:08.9592930Z   set-safe-directory: true
2023-09-24T15:00:08.9593147Z ##[endgroup]
2023-09-24T15:00:09.2033552Z Syncing repository: Aircoookie/WLED
2023-09-24T15:00:09.2035281Z ##[group]Getting Git version info
2023-09-24T15:00:09.2035766Z Working directory is '/home/runner/work/WLED/WLED'
2023-09-24T15:00:09.2036275Z [command]/usr/bin/git version
2023-09-24T15:00:09.2151273Z git version 2.42.0
2023-09-24T15:00:09.2177424Z ##[endgroup]
2023-09-24T15:00:09.2195614Z Temporarily overriding HOME='/home/runner/work/_temp/ee2c20ab-2651-4ea5-a6a1-1b03073a04b7' before making global git config changes
2023-09-24T15:00:09.2196986Z Adding repository directory to the temporary git global config as a safe directory
2023-09-24T15:00:09.2222858Z [command]/usr/bin/git config --global --add safe.directory /home/runner/work/WLED/WLED
2023-09-24T15:00:09.2280693Z Deleting the contents of '/home/runner/work/WLED/WLED'
2023-09-24T15:00:09.2283814Z ##[group]Initializing the repository
2023-09-24T15:00:09.2286451Z [command]/usr/bin/git init /home/runner/work/WLED/WLED
2023-09-24T15:00:09.2388572Z hint: Using 'master' as the name for the initial branch. This default branch name
2023-09-24T15:00:09.2389733Z hint: is subject to change. To configure the initial branch name to use in all
2023-09-24T15:00:09.2390210Z hint: of your new repositories, which will suppress this warning, call:
2023-09-24T15:00:09.2390494Z hint: 
2023-09-24T15:00:09.2390928Z hint: 	git config --global init.defaultBranch <name>
2023-09-24T15:00:09.2391177Z hint: 
2023-09-24T15:00:09.2391524Z hint: Names commonly chosen instead of 'master' are 'main', 'trunk' and
2023-09-24T15:00:09.2391976Z hint: 'development'. The just-created branch can be renamed via this command:
2023-09-24T15:00:09.2392257Z hint: 
2023-09-24T15:00:09.2392501Z hint: 	git branch -m <name>
2023-09-24T15:00:09.2404211Z Initialized empty Git repository in /home/runner/work/WLED/WLED/.git/
2023-09-24T15:00:09.2417791Z [command]/usr/bin/git remote add origin https://github.com/Aircoookie/WLED
2023-09-24T15:00:09.2511352Z ##[endgroup]
2023-09-24T15:00:09.2511778Z ##[group]Disabling automatic garbage collection
2023-09-24T15:00:09.2512255Z [command]/usr/bin/git config --local gc.auto 0
2023-09-24T15:00:09.2512938Z ##[endgroup]
2023-09-24T15:00:09.2513286Z ##[group]Setting up auth
2023-09-24T15:00:09.2516522Z [command]/usr/bin/git config --local --name-only --get-regexp core\.sshCommand
2023-09-24T15:00:09.2550901Z [command]/usr/bin/git submodule foreach --recursive sh -c "git config --local --name-only --get-regexp 'core\.sshCommand' && git config --local --unset-all 'core.sshCommand' || :"
2023-09-24T15:00:09.2943162Z [command]/usr/bin/git config --local --name-only --get-regexp http\.https\:\/\/github\.com\/\.extraheader
2023-09-24T15:00:09.2962589Z [command]/usr/bin/git submodule foreach --recursive sh -c "git config --local --name-only --get-regexp 'http\.https\:\/\/github\.com\/\.extraheader' && git config --local --unset-all 'http.https://github.com/.extraheader' || :"
2023-09-24T15:00:09.3219816Z [command]/usr/bin/git config --local http.https://github.com/.extraheader AUTHORIZATION: basic ***
2023-09-24T15:00:09.3248892Z ##[endgroup]
2023-09-24T15:00:09.3249293Z ##[group]Fetching the repository
2023-09-24T15:00:09.3258835Z [command]/usr/bin/git -c protocol.version=2 fetch --no-tags --prune --progress --no-recurse-submodules --depth=1 origin +d011ca0626851668fbedcae187952ae61b64b4b9:refs/remotes/origin/0_15
2023-09-24T15:00:09.5771670Z remote: Enumerating objects: 496, done.        
2023-09-24T15:00:09.5772291Z remote: Counting objects:   0% (1/496)        
2023-09-24T15:00:09.5772855Z remote: Counting objects:   1% (5/496)        
2023-09-24T15:00:09.5773382Z remote: Counting objects:   2% (10/496)        
2023-09-24T15:00:09.5773904Z remote: Counting objects:   3% (15/496)        
2023-09-24T15:00:09.5774414Z remote: Counting objects:   4% (20/496)        
2023-09-24T15:00:09.5774909Z remote: Counting objects:   5% (25/496)        
2023-09-24T15:00:09.5775423Z remote: Counting objects:   6% (30/496)        
2023-09-24T15:00:09.5775926Z remote: Counting objects:   7% (35/496)        
2023-09-24T15:00:09.5776458Z remote: Counting objects:   8% (40/496)        
2023-09-24T15:00:09.5776952Z remote: Counting objects:   9% (45/496)        
2023-09-24T15:00:09.5777488Z remote: Counting objects:  10% (50/496)        
2023-09-24T15:00:09.5777996Z remote: Counting objects:  11% (55/496)        
2023-09-24T15:00:09.5778523Z remote: Counting objects:  12% (60/496)        
2023-09-24T15:00:09.5779041Z remote: Counting objects:  13% (65/496)        
2023-09-24T15:00:09.5791289Z remote: Counting objects:  14% (70/496)        
2023-09-24T15:00:09.5792546Z remote: Counting objects:  15% (75/496)        
2023-09-24T15:00:09.5792988Z remote: Counting objects:  16% (80/496)        
2023-09-24T15:00:09.5797371Z remote: Counting objects:  17% (85/496)        
2023-09-24T15:00:09.5797965Z remote: Counting objects:  18% (90/496)        
2023-09-24T15:00:09.5798692Z remote: Counting objects:  19% (95/496)        
2023-09-24T15:00:09.5799294Z remote: Counting objects:  20% (100/496)        
2023-09-24T15:00:09.5799866Z remote: Counting objects:  21% (105/496)        
2023-09-24T15:00:09.5800712Z remote: Counting objects:  22% (110/496)        
2023-09-24T15:00:09.5801316Z remote: Counting objects:  23% (115/496)        
2023-09-24T15:00:09.5801916Z remote: Counting objects:  24% (120/496)        
2023-09-24T15:00:09.5802497Z remote: Counting objects:  25% (124/496)        
2023-09-24T15:00:09.5803056Z remote: Counting objects:  26% (129/496)        
2023-09-24T15:00:09.5803697Z remote: Counting objects:  27% (134/496)        
2023-09-24T15:00:09.5804414Z remote: Counting objects:  28% (139/496)        
2023-09-24T15:00:09.5804973Z remote: Counting objects:  29% (144/496)        
2023-09-24T15:00:09.5805600Z remote: Counting objects:  30% (149/496)        
2023-09-24T15:00:09.5806157Z remote: Counting objects:  31% (154/496)        
2023-09-24T15:00:09.5806898Z remote: Counting objects:  32% (159/496)        
2023-09-24T15:00:09.5807581Z remote: Counting objects:  33% (164/496)        
2023-09-24T15:00:09.5808181Z remote: Counting objects:  34% (169/496)        
2023-09-24T15:00:09.5808798Z remote: Counting objects:  35% (174/496)        
2023-09-24T15:00:09.5809356Z remote: Counting objects:  36% (179/496)        
2023-09-24T15:00:09.5809956Z remote: Counting objects:  37% (184/496)        
2023-09-24T15:00:09.5810592Z remote: Counting objects:  38% (189/496)        
2023-09-24T15:00:09.5811123Z remote: Counting objects:  39% (194/496)        
2023-09-24T15:00:09.5811798Z remote: Counting objects:  40% (199/496)        
2023-09-24T15:00:09.5812347Z remote: Counting objects:  41% (204/496)        
2023-09-24T15:00:09.5812980Z remote: Counting objects:  42% (209/496)        
2023-09-24T15:00:09.5813518Z remote: Counting objects:  43% (214/496)        
2023-09-24T15:00:09.5814168Z remote: Counting objects:  44% (219/496)        
2023-09-24T15:00:09.5814710Z remote: Counting objects:  45% (224/496)        
2023-09-24T15:00:09.5815351Z remote: Counting objects:  46% (229/496)        
2023-09-24T15:00:09.5815863Z remote: Counting objects:  47% (234/496)        
2023-09-24T15:00:09.5816381Z remote: Counting objects:  48% (239/496)        
2023-09-24T15:00:09.5816872Z remote: Counting objects:  49% (244/496)        
2023-09-24T15:00:09.5817374Z remote: Counting objects:  50% (248/496)        
2023-09-24T15:00:09.5818242Z remote: Counting objects:  51% (253/496)        
2023-09-24T15:00:09.5818688Z remote: Counting objects:  52% (258/496)        
2023-09-24T15:00:09.5819182Z remote: Counting objects:  53% (263/496)        
2023-09-24T15:00:09.5819691Z remote: Counting objects:  54% (268/496)        
2023-09-24T15:00:09.5820198Z remote: Counting objects:  55% (273/496)        
2023-09-24T15:00:09.5820693Z remote: Counting objects:  56% (278/496)        
2023-09-24T15:00:09.5821182Z remote: Counting objects:  57% (283/496)        
2023-09-24T15:00:09.5821678Z remote: Counting objects:  58% (288/496)        
2023-09-24T15:00:09.5822173Z remote: Counting objects:  59% (293/496)        
2023-09-24T15:00:09.5822668Z remote: Counting objects:  60% (298/496)        
2023-09-24T15:00:09.5823165Z remote: Counting objects:  61% (303/496)        
2023-09-24T15:00:09.5823664Z remote: Counting objects:  62% (308/496)        
2023-09-24T15:00:09.5824170Z remote: Counting objects:  63% (313/496)        
2023-09-24T15:00:09.5824661Z remote: Counting objects:  64% (318/496)        
2023-09-24T15:00:09.5825166Z remote: Counting objects:  65% (323/496)        
2023-09-24T15:00:09.5825667Z remote: Counting objects:  66% (328/496)        
2023-09-24T15:00:09.5826169Z remote: Counting objects:  67% (333/496)        
2023-09-24T15:00:09.5826657Z remote: Counting objects:  68% (338/496)        
2023-09-24T15:00:09.5827154Z remote: Counting objects:  69% (343/496)        
2023-09-24T15:00:09.5829482Z remote: Counting objects:  70% (348/496)        
2023-09-24T15:00:09.5829760Z remote: Counting objects:  71% (353/496)        
2023-09-24T15:00:09.5830008Z remote: Counting objects:  72% (358/496)        
2023-09-24T15:00:09.5830260Z remote: Counting objects:  73% (363/496)        
2023-09-24T15:00:09.5830716Z remote: Counting objects:  74% (368/496)        
2023-09-24T15:00:09.5830968Z remote: Counting objects:  75% (372/496)        
2023-09-24T15:00:09.5831210Z remote: Counting objects:  76% (377/496)        
2023-09-24T15:00:09.5831462Z remote: Counting objects:  77% (382/496)        
2023-09-24T15:00:09.5831724Z remote: Counting objects:  78% (387/496)        
2023-09-24T15:00:09.5831965Z remote: Counting objects:  79% (392/496)        
2023-09-24T15:00:09.5832212Z remote: Counting objects:  80% (397/496)        
2023-09-24T15:00:09.5832463Z remote: Counting objects:  81% (402/496)        
2023-09-24T15:00:09.5832725Z remote: Counting objects:  82% (407/496)        
2023-09-24T15:00:09.5832971Z remote: Counting objects:  83% (412/496)        
2023-09-24T15:00:09.5833222Z remote: Counting objects:  84% (417/496)        
2023-09-24T15:00:09.5833471Z remote: Counting objects:  85% (422/496)        
2023-09-24T15:00:09.5833710Z remote: Counting objects:  86% (427/496)        
2023-09-24T15:00:09.5833967Z remote: Counting objects:  87% (432/496)        
2023-09-24T15:00:09.5834213Z remote: Counting objects:  88% (437/496)        
2023-09-24T15:00:09.5834464Z remote: Counting objects:  89% (442/496)        
2023-09-24T15:00:09.5834703Z remote: Counting objects:  90% (447/496)        
2023-09-24T15:00:09.5834958Z remote: Counting objects:  91% (452/496)        
2023-09-24T15:00:09.5835212Z remote: Counting objects:  92% (457/496)        
2023-09-24T15:00:09.5835452Z remote: Counting objects:  93% (462/496)        
2023-09-24T15:00:09.5835694Z remote: Counting objects:  94% (467/496)        
2023-09-24T15:00:09.5835944Z remote: Counting objects:  95% (472/496)        
2023-09-24T15:00:09.5836183Z remote: Counting objects:  96% (477/496)        
2023-09-24T15:00:09.5836429Z remote: Counting objects:  97% (482/496)        
2023-09-24T15:00:09.5836682Z remote: Counting objects:  98% (487/496)        
2023-09-24T15:00:09.5836920Z remote: Counting objects:  99% (492/496)        
2023-09-24T15:00:09.5837180Z remote: Counting objects: 100% (496/496)        
2023-09-24T15:00:09.5837450Z remote: Counting objects: 100% (496/496), done.        
2023-09-24T15:00:09.5837750Z remote: Compressing objects:   0% (1/448)        
2023-09-24T15:00:09.5838034Z remote: Compressing objects:   1% (5/448)        
2023-09-24T15:00:09.5838434Z remote: Compressing objects:   2% (9/448)        
2023-09-24T15:00:09.5838725Z remote: Compressing objects:   3% (14/448)        
2023-09-24T15:00:09.5839000Z remote: Compressing objects:   4% (18/448)        
2023-09-24T15:00:09.5839278Z remote: Compressing objects:   5% (23/448)        
2023-09-24T15:00:09.5839555Z remote: Compressing objects:   6% (27/448)        
2023-09-24T15:00:09.5839815Z remote: Compressing objects:   7% (32/448)        
2023-09-24T15:00:09.5840092Z remote: Compressing objects:   8% (36/448)        
2023-09-24T15:00:09.5840361Z remote: Compressing objects:   9% (41/448)        
2023-09-24T15:00:09.5840634Z remote: Compressing objects:  10% (45/448)        
2023-09-24T15:00:09.5840902Z remote: Compressing objects:  11% (50/448)        
2023-09-24T15:00:09.5841163Z remote: Compressing objects:  12% (54/448)        
2023-09-24T15:00:09.5841433Z remote: Compressing objects:  13% (59/448)        
2023-09-24T15:00:09.5880290Z remote: Compressing objects:  14% (63/448)        
2023-09-24T15:00:09.5933152Z remote: Compressing objects:  15% (68/448)        
2023-09-24T15:00:09.5948287Z remote: Compressing objects:  16% (72/448)        
2023-09-24T15:00:09.5951839Z remote: Compressing objects:  17% (77/448)        
2023-09-24T15:00:09.5955700Z remote: Compressing objects:  18% (81/448)        
2023-09-24T15:00:09.5972028Z remote: Compressing objects:  19% (86/448)        
2023-09-24T15:00:09.6013768Z remote: Compressing objects:  20% (90/448)        
2023-09-24T15:00:09.6014058Z remote: Compressing objects:  21% (95/448)        
2023-09-24T15:00:09.6014328Z remote: Compressing objects:  22% (99/448)        
2023-09-24T15:00:09.6045277Z remote: Compressing objects:  23% (104/448)        
2023-09-24T15:00:09.6056682Z remote: Compressing objects:  24% (108/448)        
2023-09-24T15:00:09.6078446Z remote: Compressing objects:  25% (112/448)        
2023-09-24T15:00:09.6078749Z remote: Compressing objects:  26% (117/448)        
2023-09-24T15:00:09.6116681Z remote: Compressing objects:  27% (121/448)        
2023-09-24T15:00:09.6117020Z remote: Compressing objects:  28% (126/448)        
2023-09-24T15:00:09.6123768Z remote: Compressing objects:  29% (130/448)        
2023-09-24T15:00:09.6144892Z remote: Compressing objects:  30% (135/448)        
2023-09-24T15:00:09.6149149Z remote: Compressing objects:  31% (139/448)        
2023-09-24T15:00:09.6159977Z remote: Compressing objects:  32% (144/448)        
2023-09-24T15:00:09.6162202Z remote: Compressing objects:  33% (148/448)        
2023-09-24T15:00:09.6165796Z remote: Compressing objects:  34% (153/448)        
2023-09-24T15:00:09.6182097Z remote: Compressing objects:  35% (157/448)        
2023-09-24T15:00:09.6182399Z remote: Compressing objects:  36% (162/448)        
2023-09-24T15:00:09.6183347Z remote: Compressing objects:  37% (166/448)        
2023-09-24T15:00:09.6183866Z remote: Compressing objects:  38% (171/448)        
2023-09-24T15:00:09.6185015Z remote: Compressing objects:  39% (175/448)        
2023-09-24T15:00:09.6185478Z remote: Compressing objects:  40% (180/448)        
2023-09-24T15:00:09.6186793Z remote: Compressing objects:  41% (184/448)        
2023-09-24T15:00:09.6187076Z remote: Compressing objects:  42% (189/448)        
2023-09-24T15:00:09.6187933Z remote: Compressing objects:  43% (193/448)        
2023-09-24T15:00:09.6189439Z remote: Compressing objects:  44% (198/448)        
2023-09-24T15:00:09.6190335Z remote: Compressing objects:  45% (202/448)        
2023-09-24T15:00:09.6190606Z remote: Compressing objects:  46% (207/448)        
2023-09-24T15:00:09.6191467Z remote: Compressing objects:  47% (211/448)        
2023-09-24T15:00:09.6191731Z remote: Compressing objects:  48% (216/448)        
2023-09-24T15:00:09.6192830Z remote: Compressing objects:  49% (220/448)        
2023-09-24T15:00:09.6193410Z remote: Compressing objects:  50% (224/448)        
2023-09-24T15:00:09.6193972Z remote: Compressing objects:  51% (229/448)        
2023-09-24T15:00:09.6194532Z remote: Compressing objects:  52% (233/448)        
2023-09-24T15:00:09.6195314Z remote: Compressing objects:  53% (238/448)        
2023-09-24T15:00:09.6196102Z remote: Compressing objects:  54% (242/448)        
2023-09-24T15:00:09.6196659Z remote: Compressing objects:  55% (247/448)        
2023-09-24T15:00:09.6196934Z remote: Compressing objects:  56% (251/448)        
2023-09-24T15:00:09.6197416Z remote: Compressing objects:  57% (256/448)        
2023-09-24T15:00:09.6198493Z remote: Compressing objects:  58% (260/448)        
2023-09-24T15:00:09.6238551Z remote: Compressing objects:  59% (265/448)        
2023-09-24T15:00:09.6245822Z remote: Compressing objects:  60% (269/448)        
2023-09-24T15:00:09.6259090Z remote: Compressing objects:  61% (274/448)        
2023-09-24T15:00:09.6259536Z remote: Compressing objects:  62% (278/448)        
2023-09-24T15:00:09.6264364Z remote: Compressing objects:  63% (283/448)        
2023-09-24T15:00:09.6299907Z remote: Compressing objects:  64% (287/448)        
2023-09-24T15:00:09.6324453Z remote: Compressing objects:  65% (292/448)        
2023-09-24T15:00:09.6334970Z remote: Compressing objects:  66% (296/448)        
2023-09-24T15:00:09.6391823Z remote: Compressing objects:  67% (301/448)        
2023-09-24T15:00:09.6394354Z remote: Compressing objects:  68% (305/448)        
2023-09-24T15:00:09.6406735Z remote: Compressing objects:  69% (310/448)        
2023-09-24T15:00:09.6416675Z remote: Compressing objects:  70% (314/448)        
2023-09-24T15:00:09.6451951Z remote: Compressing objects:  71% (319/448)        
2023-09-24T15:00:09.6474029Z remote: Compressing objects:  72% (323/448)        
2023-09-24T15:00:09.6513648Z remote: Compressing objects:  73% (328/448)        
2023-09-24T15:00:09.6537748Z remote: Compressing objects:  74% (332/448)        
2023-09-24T15:00:09.6597699Z remote: Compressing objects:  75% (336/448)        
2023-09-24T15:00:09.6604428Z remote: Compressing objects:  76% (341/448)        
2023-09-24T15:00:09.6640541Z remote: Compressing objects:  77% (345/448)        
2023-09-24T15:00:09.6649344Z remote: Compressing objects:  78% (350/448)        
2023-09-24T15:00:09.6649970Z remote: Compressing objects:  79% (354/448)        
2023-09-24T15:00:09.6650267Z remote: Compressing objects:  80% (359/448)        
2023-09-24T15:00:09.6651320Z remote: Compressing objects:  81% (363/448)        
2023-09-24T15:00:09.6651592Z remote: Compressing objects:  82% (368/448)        
2023-09-24T15:00:09.6651865Z remote: Compressing objects:  83% (372/448)        
2023-09-24T15:00:09.6652129Z remote: Compressing objects:  84% (377/448)        
2023-09-24T15:00:09.6652385Z remote: Compressing objects:  85% (381/448)        
2023-09-24T15:00:09.6652650Z remote: Compressing objects:  86% (386/448)        
2023-09-24T15:00:09.6652922Z remote: Compressing objects:  87% (390/448)        
2023-09-24T15:00:09.6653190Z remote: Compressing objects:  88% (395/448)        
2023-09-24T15:00:09.6653546Z remote: Compressing objects:  89% (399/448)        
2023-09-24T15:00:09.6654645Z remote: Compressing objects:  90% (404/448)        
2023-09-24T15:00:09.6655057Z remote: Compressing objects:  91% (408/448)        
2023-09-24T15:00:09.6655902Z remote: Compressing objects:  92% (413/448)        
2023-09-24T15:00:09.6656684Z remote: Compressing objects:  93% (417/448)        
2023-09-24T15:00:09.6657407Z remote: Compressing objects:  94% (422/448)        
2023-09-24T15:00:09.6658172Z remote: Compressing objects:  95% (426/448)        
2023-09-24T15:00:09.6658951Z remote: Compressing objects:  96% (431/448)        
2023-09-24T15:00:09.6659722Z remote: Compressing objects:  97% (435/448)        
2023-09-24T15:00:09.6660457Z remote: Compressing objects:  98% (440/448)        
2023-09-24T15:00:09.6661191Z remote: Compressing objects:  99% (444/448)        
2023-09-24T15:00:09.6661881Z remote: Compressing objects: 100% (448/448)        
2023-09-24T15:00:09.6662706Z remote: Compressing objects: 100% (448/448), done.        
2023-09-24T15:00:09.6705052Z Receiving objects:   0% (1/496)
2023-09-24T15:00:09.6707711Z Receiving objects:   1% (5/496)
2023-09-24T15:00:09.6709209Z Receiving objects:   2% (10/496)
2023-09-24T15:00:09.6710727Z Receiving objects:   3% (15/496)
2023-09-24T15:00:09.6730665Z Receiving objects:   4% (20/496)
2023-09-24T15:00:09.7705245Z Receiving objects:   5% (25/496)
2023-09-24T15:00:09.7765783Z Receiving objects:   6% (30/496)
2023-09-24T15:00:09.7767293Z Receiving objects:   7% (35/496)
2023-09-24T15:00:09.7768080Z Receiving objects:   8% (40/496)
2023-09-24T15:00:09.7769273Z Receiving objects:   9% (45/496)
2023-09-24T15:00:09.7770026Z Receiving objects:  10% (50/496)
2023-09-24T15:00:09.7771202Z Receiving objects:  11% (55/496)
2023-09-24T15:00:09.7772303Z Receiving objects:  12% (60/496)
2023-09-24T15:00:09.7772891Z Receiving objects:  13% (65/496)
2023-09-24T15:00:09.7780364Z Receiving objects:  14% (70/496)
2023-09-24T15:00:09.7782597Z Receiving objects:  15% (75/496)
2023-09-24T15:00:09.7833978Z Receiving objects:  16% (80/496)
2023-09-24T15:00:09.7915387Z Receiving objects:  17% (85/496)
2023-09-24T15:00:09.7926433Z Receiving objects:  18% (90/496)
2023-09-24T15:00:09.7930943Z Receiving objects:  19% (95/496)
2023-09-24T15:00:09.7934001Z Receiving objects:  20% (100/496)
2023-09-24T15:00:09.8014735Z Receiving objects:  21% (105/496)
2023-09-24T15:00:09.8128097Z Receiving objects:  22% (110/496)
2023-09-24T15:00:09.8131904Z Receiving objects:  23% (115/496)
2023-09-24T15:00:09.8136150Z Receiving objects:  24% (120/496)
2023-09-24T15:00:09.8142698Z Receiving objects:  25% (124/496)
2023-09-24T15:00:09.8149823Z Receiving objects:  26% (129/496)
2023-09-24T15:00:09.8157165Z Receiving objects:  27% (134/496)
2023-09-24T15:00:09.8164596Z Receiving objects:  28% (139/496)
2023-09-24T15:00:09.8170258Z Receiving objects:  29% (144/496)
2023-09-24T15:00:09.8174607Z Receiving objects:  30% (149/496)
2023-09-24T15:00:09.8179841Z Receiving objects:  31% (154/496)
2023-09-24T15:00:09.8183631Z Receiving objects:  32% (159/496)
2023-09-24T15:00:09.8230220Z Receiving objects:  33% (164/496)
2023-09-24T15:00:09.9065608Z Receiving objects:  34% (169/496)
2023-09-24T15:00:09.9365556Z Receiving objects:  35% (174/496)
2023-09-24T15:00:09.9367013Z Receiving objects:  36% (179/496)
2023-09-24T15:00:09.9382968Z Receiving objects:  37% (184/496)
2023-09-24T15:00:09.9468252Z Receiving objects:  38% (189/496)
2023-09-24T15:00:09.9527251Z Receiving objects:  39% (194/496)
2023-09-24T15:00:09.9530534Z Receiving objects:  40% (199/496)
2023-09-24T15:00:09.9532891Z Receiving objects:  41% (204/496)
2023-09-24T15:00:09.9537118Z Receiving objects:  42% (209/496)
2023-09-24T15:00:09.9539259Z Receiving objects:  43% (214/496)
2023-09-24T15:00:09.9543694Z Receiving objects:  44% (219/496)
2023-09-24T15:00:09.9546282Z Receiving objects:  45% (224/496)
2023-09-24T15:00:09.9548342Z Receiving objects:  46% (229/496)
2023-09-24T15:00:09.9551958Z Receiving objects:  47% (234/496)
2023-09-24T15:00:09.9555884Z Receiving objects:  48% (239/496)
2023-09-24T15:00:09.9556931Z Receiving objects:  49% (244/496)
2023-09-24T15:00:09.9559261Z Receiving objects:  50% (248/496)
2023-09-24T15:00:09.9562355Z Receiving objects:  51% (253/496)
2023-09-24T15:00:09.9575047Z Receiving objects:  52% (258/496)
2023-09-24T15:00:09.9576098Z Receiving objects:  53% (263/496)
2023-09-24T15:00:09.9578662Z Receiving objects:  54% (268/496)
2023-09-24T15:00:09.9581378Z Receiving objects:  55% (273/496)
2023-09-24T15:00:09.9588771Z Receiving objects:  56% (278/496)
2023-09-24T15:00:09.9590165Z Receiving objects:  57% (283/496)
2023-09-24T15:00:09.9593688Z Receiving objects:  58% (288/496)
2023-09-24T15:00:09.9639497Z Receiving objects:  59% (293/496)
2023-09-24T15:00:09.9654233Z Receiving objects:  60% (298/496)
2023-09-24T15:00:09.9668523Z Receiving objects:  61% (303/496)
2023-09-24T15:00:09.9672181Z Receiving objects:  62% (308/496)
2023-09-24T15:00:09.9677331Z Receiving objects:  63% (313/496)
2023-09-24T15:00:09.9678499Z Receiving objects:  64% (318/496)
2023-09-24T15:00:09.9682439Z Receiving objects:  65% (323/496)
2023-09-24T15:00:09.9702924Z Receiving objects:  66% (328/496)
2023-09-24T15:00:09.9704456Z Receiving objects:  67% (333/496)
2023-09-24T15:00:09.9709188Z Receiving objects:  68% (338/496)
2023-09-24T15:00:09.9716908Z Receiving objects:  69% (343/496)
2023-09-24T15:00:09.9724421Z Receiving objects:  70% (348/496)
2023-09-24T15:00:09.9730280Z Receiving objects:  71% (353/496)
2023-09-24T15:00:09.9738072Z Receiving objects:  72% (358/496)
2023-09-24T15:00:09.9741178Z Receiving objects:  73% (363/496)
2023-09-24T15:00:09.9759089Z Receiving objects:  74% (368/496)
2023-09-24T15:00:09.9821993Z Receiving objects:  75% (372/496)
2023-09-24T15:00:09.9832386Z Receiving objects:  76% (377/496)
2023-09-24T15:00:09.9835349Z Receiving objects:  77% (382/496)
2023-09-24T15:00:09.9841026Z Receiving objects:  78% (387/496)
2023-09-24T15:00:09.9845963Z Receiving objects:  79% (392/496)
2023-09-24T15:00:09.9853613Z Receiving objects:  80% (397/496)
2023-09-24T15:00:09.9855669Z Receiving objects:  81% (402/496)
2023-09-24T15:00:09.9856912Z Receiving objects:  82% (407/496)
2023-09-24T15:00:09.9858037Z Receiving objects:  83% (412/496)
2023-09-24T15:00:09.9859660Z Receiving objects:  84% (417/496)
2023-09-24T15:00:09.9860086Z Receiving objects:  85% (422/496)
2023-09-24T15:00:09.9860394Z Receiving objects:  86% (427/496)
2023-09-24T15:00:09.9860652Z Receiving objects:  87% (432/496)
2023-09-24T15:00:09.9860963Z Receiving objects:  88% (437/496)
2023-09-24T15:00:09.9865511Z Receiving objects:  89% (442/496)
2023-09-24T15:00:09.9884942Z Receiving objects:  90% (447/496)
2023-09-24T15:00:09.9886208Z Receiving objects:  91% (452/496)
2023-09-24T15:00:09.9889596Z Receiving objects:  92% (457/496)
2023-09-24T15:00:09.9890776Z Receiving objects:  93% (462/496)
2023-09-24T15:00:09.9893842Z Receiving objects:  94% (467/496)
2023-09-24T15:00:09.9900281Z Receiving objects:  95% (472/496)
2023-09-24T15:00:09.9902802Z Receiving objects:  96% (477/496)
2023-09-24T15:00:09.9903613Z remote: Total 496 (delta 36), reused 429 (delta 34), pack-reused 0        
2023-09-24T15:00:09.9915099Z Receiving objects:  97% (482/496)
2023-09-24T15:00:09.9921957Z Receiving objects:  98% (487/496)
2023-09-24T15:00:09.9929099Z Receiving objects:  99% (492/496)
2023-09-24T15:00:09.9929596Z Receiving objects: 100% (496/496)
2023-09-24T15:00:09.9930358Z Receiving objects: 100% (496/496), 7.70 MiB | 23.88 MiB/s, done.
2023-09-24T15:00:09.9934979Z Resolving deltas:   0% (0/36)
2023-09-24T15:00:09.9935476Z Resolving deltas:   2% (1/36)
2023-09-24T15:00:09.9936185Z Resolving deltas:   5% (2/36)
2023-09-24T15:00:09.9936688Z Resolving deltas:   8% (3/36)
2023-09-24T15:00:09.9937899Z Resolving deltas:  11% (4/36)
2023-09-24T15:00:09.9938472Z Resolving deltas:  13% (5/36)
2023-09-24T15:00:09.9940473Z Resolving deltas:  16% (6/36)
2023-09-24T15:00:09.9941677Z Resolving deltas:  19% (7/36)
2023-09-24T15:00:09.9942186Z Resolving deltas:  22% (8/36)
2023-09-24T15:00:09.9943290Z Resolving deltas:  25% (9/36)
2023-09-24T15:00:09.9943830Z Resolving deltas:  27% (10/36)
2023-09-24T15:00:09.9945471Z Resolving deltas:  30% (11/36)
2023-09-24T15:00:09.9945965Z Resolving deltas:  33% (12/36)
2023-09-24T15:00:09.9947408Z Resolving deltas:  36% (13/36)
2023-09-24T15:00:09.9948036Z Resolving deltas:  38% (14/36)
2023-09-24T15:00:09.9949511Z Resolving deltas:  41% (15/36)
2023-09-24T15:00:09.9949993Z Resolving deltas:  44% (16/36)
2023-09-24T15:00:09.9950868Z Resolving deltas:  47% (17/36)
2023-09-24T15:00:09.9951474Z Resolving deltas:  50% (18/36)
2023-09-24T15:00:09.9952153Z Resolving deltas:  52% (19/36)
2023-09-24T15:00:09.9952656Z Resolving deltas:  55% (20/36)
2023-09-24T15:00:09.9953368Z Resolving deltas:  58% (21/36)
2023-09-24T15:00:09.9953884Z Resolving deltas:  61% (22/36)
2023-09-24T15:00:09.9954617Z Resolving deltas:  63% (23/36)
2023-09-24T15:00:09.9955127Z Resolving deltas:  66% (24/36)
2023-09-24T15:00:09.9955824Z Resolving deltas:  69% (25/36)
2023-09-24T15:00:09.9956285Z Resolving deltas:  72% (26/36)
2023-09-24T15:00:09.9956969Z Resolving deltas:  75% (27/36)
2023-09-24T15:00:09.9957524Z Resolving deltas:  77% (28/36)
2023-09-24T15:00:09.9958402Z Resolving deltas:  80% (29/36)
2023-09-24T15:00:09.9958861Z Resolving deltas:  83% (30/36)
2023-09-24T15:00:09.9970125Z Resolving deltas:  86% (31/36)
2023-09-24T15:00:09.9974736Z Resolving deltas:  88% (32/36)
2023-09-24T15:00:09.9976585Z Resolving deltas:  91% (33/36)
2023-09-24T15:00:09.9981720Z Resolving deltas:  94% (34/36)
2023-09-24T15:00:09.9986839Z Resolving deltas:  97% (35/36)
2023-09-24T15:00:09.9990705Z Resolving deltas: 100% (36/36)
2023-09-24T15:00:09.9991281Z Resolving deltas: 100% (36/36), done.
2023-09-24T15:00:10.0160184Z From https://github.com/Aircoookie/WLED
2023-09-24T15:00:10.0161186Z  * [new ref]         d011ca0626851668fbedcae187952ae61b64b4b9 -> origin/0_15
2023-09-24T15:00:10.0221993Z ##[endgroup]
2023-09-24T15:00:10.0222762Z ##[group]Determining the checkout info
2023-09-24T15:00:10.0223634Z ##[endgroup]
2023-09-24T15:00:10.0224400Z ##[group]Checking out the ref
2023-09-24T15:00:10.0225432Z [command]/usr/bin/git checkout --progress --force -B 0_15 refs/remotes/origin/0_15
2023-09-24T15:00:10.0817411Z Switched to a new branch '0_15'
2023-09-24T15:00:10.0818366Z branch '0_15' set up to track 'origin/0_15'.
2023-09-24T15:00:10.0843430Z ##[endgroup]
2023-09-24T15:00:10.0889514Z [command]/usr/bin/git log -1 --format='%H'
2023-09-24T15:00:10.0914596Z 'd011ca0626851668fbedcae187952ae61b64b4b9'
2023-09-24T15:00:10.2712448Z ##[group]Run actions/cache@v3
2023-09-24T15:00:10.2712857Z with:
2023-09-24T15:00:10.2713163Z   path: ~/.cache/pip
2023-09-24T15:00:10.2713547Z   key: Linux-pip-81ff51cfad9e9eb735c6b16e2b137bb04b536de75d900d6b02aa29724c130501
2023-09-24T15:00:10.2713977Z   restore-keys: Linux-pip-

2023-09-24T15:00:10.2714387Z   enableCrossOsArchive: false
2023-09-24T15:00:10.2714665Z   fail-on-cache-miss: false
2023-09-24T15:00:10.2715133Z   lookup-only: false
2023-09-24T15:00:10.2715413Z ##[endgroup]
2023-09-24T15:00:10.7069478Z Cache Size: ~4 MB (3959889 B)
2023-09-24T15:00:10.7090411Z [command]/usr/bin/tar -xf /home/runner/work/_temp/12f4ad76-3297-4a10-8879-9c64f5ef7683/cache.tzst -P -C /home/runner/work/WLED/WLED --use-compress-program unzstd
2023-09-24T15:00:10.7293942Z Cache restored successfully
2023-09-24T15:00:10.7520547Z Cache restored from key: Linux-pip-81ff51cfad9e9eb735c6b16e2b137bb04b536de75d900d6b02aa29724c130501
2023-09-24T15:00:10.8822405Z ##[group]Run actions/cache@v3
2023-09-24T15:00:10.8822745Z with:
2023-09-24T15:00:10.8822982Z   path: ~/.platformio
2023-09-24T15:00:10.8823275Z   key: Linux-
2023-09-24T15:00:10.8823585Z   enableCrossOsArchive: false
2023-09-24T15:00:10.8823978Z   fail-on-cache-miss: false
2023-09-24T15:00:10.8824288Z   lookup-only: false
2023-09-24T15:00:10.8824524Z ##[endgroup]
2023-09-24T15:00:12.0008817Z Cache Size: ~192 MB (201123108 B)
2023-09-24T15:00:12.0189062Z [command]/usr/bin/tar -xf /home/runner/work/_temp/9f690ab4-1d44-442b-a512-e573c8f26bdd/cache.tzst -P -C /home/runner/work/WLED/WLED --use-compress-program unzstd
2023-09-24T15:00:12.1691121Z Received 201123108 of 201123108 (100.0%), 191.8 MBs/sec
2023-09-24T15:00:12.7978314Z Cache restored successfully
2023-09-24T15:00:12.8347975Z Cache restored from key: Linux-
2023-09-24T15:00:12.8499785Z ##[group]Run actions/setup-python@v4
2023-09-24T15:00:12.8500126Z with:
2023-09-24T15:00:12.8500499Z   python-version: 3.9
2023-09-24T15:00:12.8500810Z   check-latest: false
2023-09-24T15:00:12.8501234Z   token: ***
2023-09-24T15:00:12.8501530Z   update-environment: true
2023-09-24T15:00:12.8501920Z   allow-prereleases: false
2023-09-24T15:00:12.8502219Z ##[endgroup]
2023-09-24T15:00:13.0242627Z ##[group]Installed versions
2023-09-24T15:00:13.0329827Z Successfully set up CPython (3.9.18)
2023-09-24T15:00:13.0330282Z ##[endgroup]
2023-09-24T15:00:13.0438355Z ##[group]Run pip install -r requirements.txt
2023-09-24T15:00:13.0438764Z [36;1mpip install -r requirements.txt[0m
2023-09-24T15:00:13.0503966Z shell: /usr/bin/bash -e {0}
2023-09-24T15:00:13.0504212Z env:
2023-09-24T15:00:13.0504503Z   pythonLocation: /opt/hostedtoolcache/Python/3.9.18/x64
2023-09-24T15:00:13.0504872Z   PKG_CONFIG_PATH: /opt/hostedtoolcache/Python/3.9.18/x64/lib/pkgconfig
2023-09-24T15:00:13.0505231Z   Python_ROOT_DIR: /opt/hostedtoolcache/Python/3.9.18/x64
2023-09-24T15:00:13.0505558Z   Python2_ROOT_DIR: /opt/hostedtoolcache/Python/3.9.18/x64
2023-09-24T15:00:13.0505885Z   Python3_ROOT_DIR: /opt/hostedtoolcache/Python/3.9.18/x64
2023-09-24T15:00:13.0506217Z   LD_LIBRARY_PATH: /opt/hostedtoolcache/Python/3.9.18/x64/lib
2023-09-24T15:00:13.0506483Z ##[endgroup]
2023-09-24T15:00:13.9779018Z Collecting aiofiles==22.1.0 (from -r requirements.txt (line 7))
2023-09-24T15:00:13.9817436Z   Using cached aiofiles-22.1.0-py3-none-any.whl (14 kB)
2023-09-24T15:00:14.0052850Z Collecting ajsonrpc==1.2.0 (from -r requirements.txt (line 9))
2023-09-24T15:00:14.0054584Z   Using cached ajsonrpc-1.2.0-py3-none-any.whl (22 kB)
2023-09-24T15:00:14.0555872Z Collecting anyio==3.6.2 (from -r requirements.txt (line 11))
2023-09-24T15:00:14.0556384Z   Using cached anyio-3.6.2-py3-none-any.whl (80 kB)
2023-09-24T15:00:14.0850013Z Collecting bottle==0.12.25 (from -r requirements.txt (line 13))
2023-09-24T15:00:14.0850456Z   Using cached bottle-0.12.25-py3-none-any.whl (90 kB)
2023-09-24T15:00:14.1223228Z Collecting certifi==2023.7.22 (from -r requirements.txt (line 15))
2023-09-24T15:00:14.1224043Z   Obtaining dependency information for certifi==2023.7.22 from https://files.pythonhosted.org/packages/4c/dd/2234eab22353ffc7d94e8d13177aaa050113286e93e7b40eae01fbf7c3d9/certifi-2023.7.22-py3-none-any.whl.metadata
2023-09-24T15:00:14.1224706Z   Using cached certifi-2023.7.22-py3-none-any.whl.metadata (2.2 kB)
2023-09-24T15:00:14.2452559Z Collecting charset-normalizer==3.1.0 (from -r requirements.txt (line 17))
2023-09-24T15:00:14.2466319Z   Using cached charset_normalizer-3.1.0-cp39-cp39-manylinux_2_17_x86_64.manylinux2014_x86_64.whl (199 kB)
2023-09-24T15:00:14.2944754Z Collecting click==8.1.3 (from -r requirements.txt (line 19))
2023-09-24T15:00:14.2957571Z   Using cached click-8.1.3-py3-none-any.whl (96 kB)
2023-09-24T15:00:14.3291192Z Collecting colorama==0.4.6 (from -r requirements.txt (line 23))
2023-09-24T15:00:14.3312149Z   Using cached colorama-0.4.6-py2.py3-none-any.whl (25 kB)
2023-09-24T15:00:14.3527863Z Collecting h11==0.14.0 (from -r requirements.txt (line 25))
2023-09-24T15:00:14.3548284Z   Using cached h11-0.14.0-py3-none-any.whl (58 kB)
2023-09-24T15:00:14.3903876Z Collecting idna==3.4 (from -r requirements.txt (line 29))
2023-09-24T15:00:14.3926894Z   Using cached idna-3.4-py3-none-any.whl (61 kB)
2023-09-24T15:00:14.4705757Z Collecting marshmallow==3.19.0 (from -r requirements.txt (line 33))
2023-09-24T15:00:14.4730080Z   Using cached marshmallow-3.19.0-py3-none-any.whl (49 kB)
2023-09-24T15:00:14.5177789Z Collecting packaging==23.1 (from -r requirements.txt (line 35))
2023-09-24T15:00:14.5200698Z   Using cached packaging-23.1-py3-none-any.whl (48 kB)
2023-09-24T15:00:14.5670872Z Collecting platformio==6.1.6 (from -r requirements.txt (line 37))
2023-09-24T15:00:14.5674801Z   Using cached platformio-6.1.6-py3-none-any.whl
2023-09-24T15:00:14.5972408Z Collecting pyelftools==0.29 (from -r requirements.txt (line 39))
2023-09-24T15:00:14.5997879Z   Using cached pyelftools-0.29-py2.py3-none-any.whl (174 kB)
2023-09-24T15:00:14.6228560Z Collecting pyserial==3.5 (from -r requirements.txt (line 41))
2023-09-24T15:00:14.6249569Z   Using cached pyserial-3.5-py2.py3-none-any.whl (90 kB)
2023-09-24T15:00:14.6806985Z Collecting requests==2.31.0 (from -r requirements.txt (line 43))
2023-09-24T15:00:14.6810186Z   Obtaining dependency information for requests==2.31.0 from https://files.pythonhosted.org/packages/70/8e/0e2d847013cb52cd35b38c009bb167a1a26b2ce6cd6965bf26b47bc0bf44/requests-2.31.0-py3-none-any.whl.metadata
2023-09-24T15:00:14.6829580Z   Using cached requests-2.31.0-py3-none-any.whl.metadata (4.6 kB)
2023-09-24T15:00:14.7093939Z Collecting semantic-version==2.10.0 (from -r requirements.txt (line 45))
2023-09-24T15:00:14.7113813Z   Using cached semantic_version-2.10.0-py2.py3-none-any.whl (15 kB)
2023-09-24T15:00:14.7314710Z Collecting sniffio==1.3.0 (from -r requirements.txt (line 47))
2023-09-24T15:00:14.7334894Z   Using cached sniffio-1.3.0-py3-none-any.whl (10 kB)
2023-09-24T15:00:14.7823106Z Collecting starlette==0.23.1 (from -r requirements.txt (line 49))
2023-09-24T15:00:14.7843309Z   Using cached starlette-0.23.1-py3-none-any.whl (64 kB)
2023-09-24T15:00:14.8077128Z Collecting tabulate==0.9.0 (from -r requirements.txt (line 51))
2023-09-24T15:00:14.8097408Z   Using cached tabulate-0.9.0-py3-none-any.whl (35 kB)
2023-09-24T15:00:14.8785669Z Collecting urllib3==1.26.15 (from -r requirements.txt (line 53))
2023-09-24T15:00:14.8805857Z   Using cached urllib3-1.26.15-py2.py3-none-any.whl (140 kB)
2023-09-24T15:00:14.9300428Z Collecting uvicorn==0.20.0 (from -r requirements.txt (line 55))
2023-09-24T15:00:14.9320759Z   Using cached uvicorn-0.20.0-py3-none-any.whl (56 kB)
2023-09-24T15:00:14.9569674Z Collecting wsproto==1.2.0 (from -r requirements.txt (line 57))
2023-09-24T15:00:14.9587804Z   Using cached wsproto-1.2.0-py3-none-any.whl (24 kB)
2023-09-24T15:00:15.1999099Z Collecting typing-extensions>=3.10.0 (from starlette==0.23.1->-r requirements.txt (line 49))
2023-09-24T15:00:15.2000058Z   Obtaining dependency information for typing-extensions>=3.10.0 from https://files.pythonhosted.org/packages/24/21/7d397a4b7934ff4028987914ac1044d3b7d52712f30e2ac7a2ae5bc86dd0/typing_extensions-4.8.0-py3-none-any.whl.metadata
2023-09-24T15:00:15.2977575Z   Downloading typing_extensions-4.8.0-py3-none-any.whl.metadata (3.0 kB)
2023-09-24T15:00:15.3962105Z Using cached certifi-2023.7.22-py3-none-any.whl (158 kB)
2023-09-24T15:00:15.3984019Z Using cached requests-2.31.0-py3-none-any.whl (62 kB)
2023-09-24T15:00:15.4070828Z Downloading typing_extensions-4.8.0-py3-none-any.whl (31 kB)
2023-09-24T15:00:15.5684552Z Installing collected packages: pyserial, pyelftools, bottle, urllib3, typing-extensions, tabulate, sniffio, semantic-version, packaging, idna, h11, colorama, click, charset-normalizer, certifi, ajsonrpc, aiofiles, wsproto, uvicorn, requests, marshmallow, anyio, starlette, platformio
2023-09-24T15:00:16.8388182Z Successfully installed aiofiles-22.1.0 ajsonrpc-1.2.0 anyio-3.6.2 bottle-0.12.25 certifi-2023.7.22 charset-normalizer-3.1.0 click-8.1.3 colorama-0.4.6 h11-0.14.0 idna-3.4 marshmallow-3.19.0 packaging-23.1 platformio-6.1.6 pyelftools-0.29 pyserial-3.5 requests-2.31.0 semantic-version-2.10.0 sniffio-1.3.0 starlette-0.23.1 tabulate-0.9.0 typing-extensions-4.8.0 urllib3-1.26.15 uvicorn-0.20.0 wsproto-1.2.0
2023-09-24T15:00:17.0599726Z 
2023-09-24T15:00:17.0600653Z [notice] A new release of pip is available: 23.0.1 -> 23.2.1
2023-09-24T15:00:17.0601694Z [notice] To update, run: pip install --upgrade pip
2023-09-24T15:00:17.1485613Z ##[group]Run pio run -e esp32dev
2023-09-24T15:00:17.1485916Z [36;1mpio run -e esp32dev[0m
2023-09-24T15:00:17.1545939Z shell: /usr/bin/bash -e {0}
2023-09-24T15:00:17.1546170Z env:
2023-09-24T15:00:17.1546454Z   pythonLocation: /opt/hostedtoolcache/Python/3.9.18/x64
2023-09-24T15:00:17.1546821Z   PKG_CONFIG_PATH: /opt/hostedtoolcache/Python/3.9.18/x64/lib/pkgconfig
2023-09-24T15:00:17.1547177Z   Python_ROOT_DIR: /opt/hostedtoolcache/Python/3.9.18/x64
2023-09-24T15:00:17.1547508Z   Python2_ROOT_DIR: /opt/hostedtoolcache/Python/3.9.18/x64
2023-09-24T15:00:17.1547833Z   Python3_ROOT_DIR: /opt/hostedtoolcache/Python/3.9.18/x64
2023-09-24T15:00:17.1548167Z   LD_LIBRARY_PATH: /opt/hostedtoolcache/Python/3.9.18/x64/lib
2023-09-24T15:00:17.1548445Z   WLED_RELEASE: true
2023-09-24T15:00:17.1548665Z ##[endgroup]
2023-09-24T15:00:17.4718336Z Processing esp32dev (board: esp32dev; platform: espressif32@3.5.0; framework: arduino)
2023-09-24T15:00:17.4719619Z --------------------------------------------------------------------------------
2023-09-24T15:00:17.4890477Z Library Manager: Installing git+https://github.com/lorol/LITTLEFS.git
2023-09-24T15:00:17.4974779Z git version 2.42.0
2023-09-24T15:00:17.5015487Z Cloning into '/home/runner/.platformio/.cache/tmp/pkg-installing-ffhfs9_f'...
2023-09-24T15:00:17.7605457Z Library Manager: LittleFS_esp32@1.0.6+sha.f0817ca has been installed!
2023-09-24T15:00:17.7618392Z Library Manager: Installing git+https://github.com/pbolduc/AsyncTCP.git @ 1.2.0
2023-09-24T15:00:17.7649578Z git version 2.42.0
2023-09-24T15:00:17.7683707Z Cloning into '/home/runner/.platformio/.cache/tmp/pkg-installing-vcac3g7n'...
2023-09-24T15:00:18.0084956Z Library Manager: AsyncTCP@1.2.0+sha.38b8475 has been installed!
2023-09-24T15:00:18.0109381Z Library Manager: Installing fastled/FastLED @ 3.6.0
2023-09-24T15:00:20.7342021Z Downloading 0% 10% 20% 30% 40% 50% 60% 70% 80% 90% 100%
2023-09-24T15:00:20.8174643Z Unpacking
2023-09-24T15:00:20.8782827Z Library Manager: FastLED@3.6.0 has been installed!
2023-09-24T15:00:20.8791573Z Library Manager: Installing makuna/NeoPixelBus @ 2.7.5
2023-09-24T15:00:23.1691659Z Downloading 0% 10% 20% 30% 40% 50% 60% 70% 80% 90% 100%
2023-09-24T15:00:23.1957270Z Unpacking
2023-09-24T15:00:23.2545369Z Library Manager: NeoPixelBus@2.7.5 has been installed!
2023-09-24T15:00:23.2548214Z Library Manager: Resolving dependencies...
2023-09-24T15:00:23.2576173Z Library Manager: Installing SPI
2023-09-24T15:00:23.8612643Z Library Manager: Installing git+https://github.com/Aircoookie/ESPAsyncWebServer.git @ ~2.0.7
2023-09-24T15:00:23.8649758Z git version 2.42.0
2023-09-24T15:00:23.8685285Z Cloning into '/home/runner/.platformio/.cache/tmp/pkg-installing-17s0h4ni'...
2023-09-24T15:00:24.1645505Z Library Manager: ESPAsyncWebServerAircoookie@2.0.7+sha.b9349dc has been installed!
2023-09-24T15:00:24.1651274Z Library Manager: Resolving dependencies...
2023-09-24T15:00:24.1669134Z Library Manager: Installing git+https://github.com/blazoncek/QuickESPNow.git#optional-debug
2023-09-24T15:00:24.1699728Z git version 2.42.0
2023-09-24T15:00:24.1737281Z Cloning into '/home/runner/.platformio/.cache/tmp/pkg-installing-b39aqic4'...
2023-09-24T15:00:24.4604705Z Library Manager: QuickEspNow@0.6.2+sha.b357ffa has been installed!
2023-09-24T15:00:24.8675258Z Verbose mode can be enabled via `-v, --verbose` option
2023-09-24T15:00:24.8783965Z CONFIGURATION: https://docs.platformio.org/page/boards/espressif32/esp32dev.html
2023-09-24T15:00:24.8784667Z PLATFORM: Espressif 32 (3.5.0) > Espressif ESP32 Dev Module
2023-09-24T15:00:24.8785462Z HARDWARE: ESP32 240MHz, 320KB RAM, 4MB Flash
2023-09-24T15:00:24.8786275Z DEBUG: Current (esp-prog) External (esp-prog, iot-bus-jtag, jlink, minimodule, olimex-arm-usb-ocd, olimex-arm-usb-ocd-h, olimex-arm-usb-tiny-h, olimex-jtag-tiny, tumpa)
2023-09-24T15:00:24.8786720Z PACKAGES: 
2023-09-24T15:00:24.8787079Z  - framework-arduinoespressif32 @ 0.0.0+sha.4b0c087 
2023-09-24T15:00:24.8787459Z  - tool-esptoolpy @ 1.30100.210531 (3.1.0) 
2023-09-24T15:00:24.8788079Z  - toolchain-xtensa32 @ 2.50200.97 (5.2.0)
2023-09-24T15:00:24.8827953Z Converting wled00.ino
2023-09-24T15:00:24.9165624Z LDF: Library Dependency Finder -> https://bit.ly/configure-pio-ldf
2023-09-24T15:00:24.9166318Z LDF Modes: Finder ~ chain, Compatibility ~ strict
2023-09-24T15:00:25.0140262Z Library Manager: Installing IRremoteESP8266 @ 2.8.2
2023-09-24T15:00:28.9072989Z Downloading 0% 10% 20% 30% 40% 50% 60% 70% 80% 90% 100%
2023-09-24T15:00:28.9725779Z Unpacking
2023-09-24T15:00:29.0897164Z Library Manager: IRremoteESP8266@2.8.2 has been installed!
2023-09-24T15:00:29.1625821Z Found 35 compatible libraries
2023-09-24T15:00:29.1626132Z Scanning dependencies...
2023-09-24T15:00:30.3565612Z Dependency Graph
2023-09-24T15:00:30.3567921Z |-- LittleFS_esp32 @ 1.0.6+sha.f0817ca
2023-09-24T15:00:30.3568452Z |   |-- FS @ 1.0
2023-09-24T15:00:30.3570303Z |-- AsyncTCP @ 1.2.0+sha.38b8475
2023-09-24T15:00:30.3571475Z |-- FastLED @ 3.6.0
2023-09-24T15:00:30.3571918Z |   |-- SPI @ 1.0
2023-09-24T15:00:30.3573357Z |-- IRremoteESP8266 @ 2.8.2
2023-09-24T15:00:30.3574485Z |-- NeoPixelBus @ 2.7.5
2023-09-24T15:00:30.3575231Z |   |-- SPI @ 1.0
2023-09-24T15:00:30.3576613Z |-- ESPAsyncWebServerAircoookie @ 2.0.7+sha.b9349dc
2023-09-24T15:00:30.3577947Z |   |-- AsyncTCP @ 1.2.0+sha.38b8475
2023-09-24T15:00:30.3579820Z |   |-- FS @ 1.0
2023-09-24T15:00:30.3580186Z |   |-- WiFi @ 1.0
2023-09-24T15:00:30.3580711Z |-- QuickEspNow @ 0.6.2+sha.b357ffa
2023-09-24T15:00:30.3588896Z |-- Wire @ 1.0.1
2023-09-24T15:00:30.3589305Z |-- SD(esp32) @ 1.0.5
2023-09-24T15:00:30.3589721Z |   |-- FS @ 1.0
2023-09-24T15:00:30.3591281Z |   |-- SPI @ 1.0
2023-09-24T15:00:30.3591651Z |-- SD_MMC @ 1.0
2023-09-24T15:00:30.3592003Z |   |-- FS @ 1.0
2023-09-24T15:00:30.3684652Z |-- SPI @ 1.0
2023-09-24T15:00:30.3684918Z |-- EEPROM @ 1.0.3
2023-09-24T15:00:30.3685175Z |-- ArduinoOTA @ 1.0
2023-09-24T15:00:30.3685427Z |   |-- Update @ 1.0
2023-09-24T15:00:30.3685670Z |   |-- WiFi @ 1.0
2023-09-24T15:00:30.3685911Z |   |-- ESPmDNS @ 1.0
2023-09-24T15:00:30.3686175Z |   |   |-- WiFi @ 1.0
2023-09-24T15:00:30.3686425Z |-- DNSServer @ 1.1.0
2023-09-24T15:00:30.3686765Z |   |-- WiFi @ 1.0
2023-09-24T15:00:30.3686998Z |-- ESPmDNS @ 1.0
2023-09-24T15:00:30.3687229Z |   |-- WiFi @ 1.0
2023-09-24T15:00:30.3687454Z |-- WiFi @ 1.0
2023-09-24T15:00:30.3687710Z |-- ESP32 Async UDP @ 1.0.0
2023-09-24T15:00:30.3687970Z |-- WebServer @ 1.0
2023-09-24T15:00:30.3688194Z |   |-- WiFi @ 1.0
2023-09-24T15:00:30.3688415Z |   |-- FS @ 1.0
2023-09-24T15:00:30.4571618Z Building in release mode
2023-09-24T15:00:30.6700090Z Compiling .pio/build/esp32dev/libeb3/FastLED/FastLED.cpp.o
2023-09-24T15:00:30.6779843Z Compiling .pio/build/esp32dev/libeb3/FastLED/bitswap.cpp.o
2023-09-24T15:00:31.1654098Z Compiling .pio/build/esp32dev/libeb3/FastLED/colorpalettes.cpp.o
2023-09-24T15:00:31.2248803Z Compiling .pio/build/esp32dev/libeb3/FastLED/colorutils.cpp.o
2023-09-24T15:00:31.6567979Z Compiling .pio/build/esp32dev/libeb3/FastLED/hsv2rgb.cpp.o
2023-09-24T15:00:31.9849944Z Compiling .pio/build/esp32dev/libeb3/FastLED/lib8tion.cpp.o
2023-09-24T15:00:32.2129641Z Compiling .pio/build/esp32dev/libeb3/FastLED/noise.cpp.o
2023-09-24T15:00:32.4807968Z Compiling .pio/build/esp32dev/libeb3/FastLED/platforms.cpp.o
2023-09-24T15:00:32.5128273Z Compiling .pio/build/esp32dev/libeb3/FastLED/platforms/esp/32/clockless_rmt_esp32.cpp.o
2023-09-24T15:00:33.0162755Z Compiling .pio/build/esp32dev/libeb3/FastLED/power_mgt.cpp.o
2023-09-24T15:00:33.1289849Z Compiling .pio/build/esp32dev/libeb3/FastLED/wiring.cpp.o
2023-09-24T15:00:33.7671784Z Compiling .pio/build/esp32dev/src/FX.cpp.o
2023-09-24T15:00:33.8021973Z Compiling .pio/build/esp32dev/src/FX_2Dfcn.cpp.o
2023-09-24T15:00:35.3329370Z Compiling .pio/build/esp32dev/src/FX_fcn.cpp.o
2023-09-24T15:00:37.3929070Z Compiling .pio/build/esp32dev/src/alexa.cpp.o
2023-09-24T15:00:38.7689139Z Compiling .pio/build/esp32dev/src/bus_manager.cpp.o
2023-09-24T15:00:38.8489014Z Compiling .pio/build/esp32dev/src/button.cpp.o
2023-09-24T15:00:40.0528463Z Compiling .pio/build/esp32dev/src/cfg.cpp.o
2023-09-24T15:00:40.4598743Z Compiling .pio/build/esp32dev/src/colors.cpp.o
2023-09-24T15:00:41.6323337Z Compiling .pio/build/esp32dev/src/dmx.cpp.o
2023-09-24T15:00:42.6929130Z Compiling .pio/build/esp32dev/src/e131.cpp.o
2023-09-24T15:00:43.2249145Z Compiling .pio/build/esp32dev/src/file.cpp.o
2023-09-24T15:00:43.9159886Z Compiling .pio/build/esp32dev/src/hue.cpp.o
2023-09-24T15:00:44.7477999Z Compiling .pio/build/esp32dev/src/improv.cpp.o
2023-09-24T15:00:45.3527024Z Compiling .pio/build/esp32dev/src/ir.cpp.o
2023-09-24T15:00:45.8929640Z Compiling .pio/build/esp32dev/src/json.cpp.o
2023-09-24T15:00:46.9124778Z Compiling .pio/build/esp32dev/src/led.cpp.o
2023-09-24T15:00:48.0893127Z Compiling .pio/build/esp32dev/src/lx_parser.cpp.o
2023-09-24T15:00:48.5289613Z Compiling .pio/build/esp32dev/src/mqtt.cpp.o
2023-09-24T15:00:49.2129360Z Compiling .pio/build/esp32dev/src/net_debug.cpp.o
2023-09-24T15:00:49.8649086Z Compiling .pio/build/esp32dev/src/network.cpp.o
2023-09-24T15:00:50.3072624Z Compiling .pio/build/esp32dev/src/ntp.cpp.o
2023-09-24T15:00:50.9569043Z Compiling .pio/build/esp32dev/src/overlay.cpp.o
2023-09-24T15:00:51.5200850Z Compiling .pio/build/esp32dev/src/pin_manager.cpp.o
2023-09-24T15:00:52.1040342Z Compiling .pio/build/esp32dev/src/playlist.cpp.o
2023-09-24T15:00:52.6678548Z Compiling .pio/build/esp32dev/src/presets.cpp.o
2023-09-24T15:00:53.4523098Z Compiling .pio/build/esp32dev/src/remote.cpp.o
2023-09-24T15:00:54.3076977Z Compiling .pio/build/esp32dev/src/set.cpp.o
2023-09-24T15:00:54.5489973Z Compiling .pio/build/esp32dev/src/src/dependencies/async-mqtt-client/AsyncMqttClient.cpp.o
2023-09-24T15:00:56.2429196Z Compiling .pio/build/esp32dev/src/src/dependencies/async-mqtt-client/AsyncMqttClient/Packets/ConnAckPacket.cpp.o
2023-09-24T15:00:56.3125151Z Compiling .pio/build/esp32dev/src/src/dependencies/async-mqtt-client/AsyncMqttClient/Packets/PingRespPacket.cpp.o
2023-09-24T15:00:56.6729873Z Compiling .pio/build/esp32dev/src/src/dependencies/async-mqtt-client/AsyncMqttClient/Packets/PubAckPacket.cpp.o
2023-09-24T15:00:56.7329671Z Compiling .pio/build/esp32dev/src/src/dependencies/async-mqtt-client/AsyncMqttClient/Packets/PubCompPacket.cpp.o
2023-09-24T15:00:57.1049369Z Compiling .pio/build/esp32dev/src/src/dependencies/async-mqtt-client/AsyncMqttClient/Packets/PubRecPacket.cpp.o
2023-09-24T15:00:57.1650017Z Compiling .pio/build/esp32dev/src/src/dependencies/async-mqtt-client/AsyncMqttClient/Packets/PubRelPacket.cpp.o
2023-09-24T15:00:57.5297280Z Compiling .pio/build/esp32dev/src/src/dependencies/async-mqtt-client/AsyncMqttClient/Packets/PublishPacket.cpp.o
2023-09-24T15:00:57.5929489Z Compiling .pio/build/esp32dev/src/src/dependencies/async-mqtt-client/AsyncMqttClient/Packets/SubAckPacket.cpp.o
2023-09-24T15:00:57.9769927Z Compiling .pio/build/esp32dev/src/src/dependencies/async-mqtt-client/AsyncMqttClient/Packets/UnsubAckPacket.cpp.o
2023-09-24T15:00:58.0191235Z Compiling .pio/build/esp32dev/src/src/dependencies/dmx/ESPDMX.cpp.o
2023-09-24T15:00:58.0515444Z Compiling .pio/build/esp32dev/src/src/dependencies/dmx/SparkFunDMX.cpp.o
2023-09-24T15:00:58.4089119Z Compiling .pio/build/esp32dev/src/src/dependencies/e131/ESPAsyncE131.cpp.o
2023-09-24T15:00:58.4421879Z Compiling .pio/build/esp32dev/src/src/dependencies/espalexa/EspalexaDevice.cpp.o
2023-09-24T15:00:59.0129217Z Compiling .pio/build/esp32dev/src/src/dependencies/network/Network.cpp.o
2023-09-24T15:00:59.0178152Z Compiling .pio/build/esp32dev/src/src/dependencies/time/DS1307RTC.cpp.o
2023-09-24T15:00:59.2009630Z Compiling .pio/build/esp32dev/src/src/dependencies/time/DateStrings.cpp.o
2023-09-24T15:00:59.2569008Z Compiling .pio/build/esp32dev/src/src/dependencies/time/Time.cpp.o
2023-09-24T15:00:59.5129752Z Compiling .pio/build/esp32dev/src/src/dependencies/timezone/Timezone.cpp.o
2023-09-24T15:00:59.6889532Z Compiling .pio/build/esp32dev/src/udp.cpp.o
2023-09-24T15:00:59.9329058Z Compiling .pio/build/esp32dev/src/um_manager.cpp.o
2023-09-24T15:01:01.0608899Z Compiling .pio/build/esp32dev/src/usermod.cpp.o
2023-09-24T15:01:01.4315390Z Compiling .pio/build/esp32dev/src/usermods_list.cpp.o
2023-09-24T15:01:02.1439609Z Compiling .pio/build/esp32dev/src/util.cpp.o
2023-09-24T15:01:02.5208799Z Compiling .pio/build/esp32dev/src/wled.cpp.o
2023-09-24T15:01:03.5249166Z Compiling .pio/build/esp32dev/src/wled00.ino.cpp.o
2023-09-24T15:01:03.9928992Z Compiling .pio/build/esp32dev/src/wled_eeprom.cpp.o
2023-09-24T15:01:04.0248908Z Compiling .pio/build/esp32dev/src/wled_math.cpp.o
2023-09-24T15:01:04.4329085Z Compiling .pio/build/esp32dev/src/wled_serial.cpp.o
2023-09-24T15:01:04.6167388Z Compiling .pio/build/esp32dev/src/wled_server.cpp.o
2023-09-24T15:01:05.8329158Z Compiling .pio/build/esp32dev/src/ws.cpp.o
2023-09-24T15:01:06.9243923Z Compiling .pio/build/esp32dev/src/xml.cpp.o
2023-09-24T15:01:07.3003532Z Generating partitions .pio/build/esp32dev/partitions.bin
2023-09-24T15:01:07.3969246Z Compiling .pio/build/esp32dev/lib7aa/FS/FS.cpp.o
2023-09-24T15:01:07.9569035Z Compiling .pio/build/esp32dev/lib7aa/FS/vfs_api.cpp.o
2023-09-24T15:01:08.4212903Z Compiling .pio/build/esp32dev/lib4dc/LittleFS_esp32/LITTLEFS.cpp.o
2023-09-24T15:01:08.5769017Z Archiving .pio/build/esp32dev/lib7aa/libFS.a
2023-09-24T15:01:08.5879088Z Indexing .pio/build/esp32dev/lib7aa/libFS.a
2023-09-24T15:01:08.6249024Z Compiling .pio/build/esp32dev/lib4dc/LittleFS_esp32/esp_littlefs.c.o
2023-09-24T15:01:08.9168229Z Compiling .pio/build/esp32dev/lib4dc/LittleFS_esp32/lfs.c.o
2023-09-24T15:01:08.9609817Z Compiling .pio/build/esp32dev/lib4dc/LittleFS_esp32/lfs_util.c.o
2023-09-24T15:01:09.0129718Z Compiling .pio/build/esp32dev/lib4dc/LittleFS_esp32/littlefs_api.c.o
2023-09-24T15:01:09.2289659Z Compiling .pio/build/esp32dev/lib740/AsyncTCP/AsyncTCP.cpp.o
2023-09-24T15:01:09.6795679Z Archiving .pio/build/esp32dev/lib4dc/libLittleFS_esp32.a
2023-09-24T15:01:09.6929433Z Indexing .pio/build/esp32dev/lib4dc/libLittleFS_esp32.a
2023-09-24T15:01:09.7262884Z Compiling .pio/build/esp32dev/lib30b/SPI/SPI.cpp.o
2023-09-24T15:01:09.8273454Z Archiving .pio/build/esp32dev/lib30b/libSPI.a
2023-09-24T15:01:09.8354624Z Indexing .pio/build/esp32dev/lib30b/libSPI.a
2023-09-24T15:01:09.9137998Z Compiling .pio/build/esp32dev/lib9f3/IRremoteESP8266/IRac.cpp.o
2023-09-24T15:01:10.0306613Z Archiving .pio/build/esp32dev/lib740/libAsyncTCP.a
2023-09-24T15:01:10.0396924Z Indexing .pio/build/esp32dev/lib740/libAsyncTCP.a
2023-09-24T15:01:10.0608811Z Compiling .pio/build/esp32dev/lib9f3/IRremoteESP8266/IRrecv.cpp.o
2023-09-24T15:01:10.4932316Z Compiling .pio/build/esp32dev/lib9f3/IRremoteESP8266/IRsend.cpp.o
2023-09-24T15:01:10.6289484Z Compiling .pio/build/esp32dev/lib9f3/IRremoteESP8266/IRtext.cpp.o
2023-09-24T15:01:10.9516104Z Compiling .pio/build/esp32dev/lib9f3/IRremoteESP8266/IRtimer.cpp.o
2023-09-24T15:01:11.0289345Z Compiling .pio/build/esp32dev/lib9f3/IRremoteESP8266/IRutils.cpp.o
2023-09-24T15:01:11.3289492Z Compiling .pio/build/esp32dev/lib9f3/IRremoteESP8266/ir_Airton.cpp.o
2023-09-24T15:01:11.7809156Z Compiling .pio/build/esp32dev/lib9f3/IRremoteESP8266/ir_Airwell.cpp.o
2023-09-24T15:01:11.8008946Z Compiling .pio/build/esp32dev/lib9f3/IRremoteESP8266/ir_Aiwa.cpp.o
2023-09-24T15:01:12.1809105Z Compiling .pio/build/esp32dev/lib9f3/IRremoteESP8266/ir_Amcor.cpp.o
2023-09-24T15:01:12.2063344Z Compiling .pio/build/esp32dev/lib9f3/IRremoteESP8266/ir_Argo.cpp.o
2023-09-24T15:01:12.6369568Z Compiling .pio/build/esp32dev/lib9f3/IRremoteESP8266/ir_Arris.cpp.o
2023-09-24T15:01:12.6849095Z Compiling .pio/build/esp32dev/lib9f3/IRremoteESP8266/ir_Bose.cpp.o
2023-09-24T15:01:13.0249125Z Compiling .pio/build/esp32dev/lib9f3/IRremoteESP8266/ir_Carrier.cpp.o
2023-09-24T15:01:13.0569650Z Compiling .pio/build/esp32dev/lib9f3/IRremoteESP8266/ir_Coolix.cpp.o
2023-09-24T15:01:13.5553099Z Compiling .pio/build/esp32dev/lib9f3/IRremoteESP8266/ir_Corona.cpp.o
2023-09-24T15:01:13.5753677Z Compiling .pio/build/esp32dev/lib9f3/IRremoteESP8266/ir_Daikin.cpp.o
2023-09-24T15:01:14.0968989Z Compiling .pio/build/esp32dev/lib9f3/IRremoteESP8266/ir_Delonghi.cpp.o
2023-09-24T15:01:14.5849447Z Compiling .pio/build/esp32dev/lib9f3/IRremoteESP8266/ir_Denon.cpp.o
2023-09-24T15:01:14.8861034Z Compiling .pio/build/esp32dev/lib9f3/IRremoteESP8266/ir_Dish.cpp.o
2023-09-24T15:01:14.9608989Z Compiling .pio/build/esp32dev/lib9f3/IRremoteESP8266/ir_Doshisha.cpp.o
2023-09-24T15:01:15.2649065Z Compiling .pio/build/esp32dev/lib9f3/IRremoteESP8266/ir_Ecoclim.cpp.o
2023-09-24T15:01:15.3480489Z Compiling .pio/build/esp32dev/lib9f3/IRremoteESP8266/ir_Electra.cpp.o
2023-09-24T15:01:15.8203179Z Compiling .pio/build/esp32dev/lib9f3/IRremoteESP8266/ir_EliteScreens.cpp.o
2023-09-24T15:01:15.8409250Z Compiling .pio/build/esp32dev/lib9f3/IRremoteESP8266/ir_Epson.cpp.o
2023-09-24T15:01:16.1958258Z Compiling .pio/build/esp32dev/lib9f3/IRremoteESP8266/ir_Fujitsu.cpp.o
2023-09-24T15:01:16.2329119Z Compiling .pio/build/esp32dev/lib9f3/IRremoteESP8266/ir_GICable.cpp.o
2023-09-24T15:01:16.6129070Z Compiling .pio/build/esp32dev/lib9f3/IRremoteESP8266/ir_GlobalCache.cpp.o
2023-09-24T15:01:16.7969549Z Compiling .pio/build/esp32dev/lib9f3/IRremoteESP8266/ir_Goodweather.cpp.o
2023-09-24T15:01:16.8609408Z Compiling .pio/build/esp32dev/lib9f3/IRremoteESP8266/ir_Gree.cpp.o
2023-09-24T15:01:17.2680418Z Compiling .pio/build/esp32dev/lib9f3/IRremoteESP8266/ir_Haier.cpp.o
2023-09-24T15:01:17.3952692Z Compiling .pio/build/esp32dev/lib9f3/IRremoteESP8266/ir_Hitachi.cpp.o
2023-09-24T15:01:17.9729613Z Compiling .pio/build/esp32dev/lib9f3/IRremoteESP8266/ir_Inax.cpp.o
2023-09-24T15:01:18.1729334Z Compiling .pio/build/esp32dev/lib9f3/IRremoteESP8266/ir_JVC.cpp.o
2023-09-24T15:01:18.3528999Z Compiling .pio/build/esp32dev/lib9f3/IRremoteESP8266/ir_Kelon.cpp.o
2023-09-24T15:01:18.5529022Z Compiling .pio/build/esp32dev/lib9f3/IRremoteESP8266/ir_Kelvinator.cpp.o
2023-09-24T15:01:18.8409228Z Compiling .pio/build/esp32dev/lib9f3/IRremoteESP8266/ir_LG.cpp.o
2023-09-24T15:01:19.1009181Z Compiling .pio/build/esp32dev/lib9f3/IRremoteESP8266/ir_Lasertag.cpp.o
2023-09-24T15:01:19.4489626Z Compiling .pio/build/esp32dev/lib9f3/IRremoteESP8266/ir_Lego.cpp.o
2023-09-24T15:01:19.4848857Z Compiling .pio/build/esp32dev/lib9f3/IRremoteESP8266/ir_Lutron.cpp.o
2023-09-24T15:01:19.8288816Z Compiling .pio/build/esp32dev/lib9f3/IRremoteESP8266/ir_MWM.cpp.o
2023-09-24T15:01:19.8609228Z Compiling .pio/build/esp32dev/lib9f3/IRremoteESP8266/ir_Magiquest.cpp.o
2023-09-24T15:01:20.2089503Z Compiling .pio/build/esp32dev/lib9f3/IRremoteESP8266/ir_Metz.cpp.o
2023-09-24T15:01:20.2488356Z Compiling .pio/build/esp32dev/lib9f3/IRremoteESP8266/ir_Midea.cpp.o
2023-09-24T15:01:20.5853863Z Compiling .pio/build/esp32dev/lib9f3/IRremoteESP8266/ir_MilesTag2.cpp.o
2023-09-24T15:01:20.8408759Z Compiling .pio/build/esp32dev/lib9f3/IRremoteESP8266/ir_Mirage.cpp.o
2023-09-24T15:01:20.9650083Z Compiling .pio/build/esp32dev/lib9f3/IRremoteESP8266/ir_Mitsubishi.cpp.o
2023-09-24T15:01:21.2252178Z Compiling .pio/build/esp32dev/lib9f3/IRremoteESP8266/ir_MitsubishiHeavy.cpp.o
2023-09-24T15:01:21.6529919Z Compiling .pio/build/esp32dev/lib9f3/IRremoteESP8266/ir_Multibrackets.cpp.o
2023-09-24T15:01:21.8509747Z Compiling .pio/build/esp32dev/lib9f3/IRremoteESP8266/ir_NEC.cpp.o
2023-09-24T15:01:22.0292624Z Compiling .pio/build/esp32dev/lib9f3/IRremoteESP8266/ir_Neoclima.cpp.o
2023-09-24T15:01:22.2649544Z Compiling .pio/build/esp32dev/lib9f3/IRremoteESP8266/ir_Nikai.cpp.o
2023-09-24T15:01:22.5690149Z Compiling .pio/build/esp32dev/lib9f3/IRremoteESP8266/ir_Panasonic.cpp.o
2023-09-24T15:01:22.6809737Z Compiling .pio/build/esp32dev/lib9f3/IRremoteESP8266/ir_Pioneer.cpp.o
2023-09-24T15:01:23.0929536Z Compiling .pio/build/esp32dev/lib9f3/IRremoteESP8266/ir_Pronto.cpp.o
2023-09-24T15:01:23.1640053Z Compiling .pio/build/esp32dev/lib9f3/IRremoteESP8266/ir_RC5_RC6.cpp.o
2023-09-24T15:01:23.3489550Z Compiling .pio/build/esp32dev/lib9f3/IRremoteESP8266/ir_RCMM.cpp.o
2023-09-24T15:01:23.5449623Z Compiling .pio/build/esp32dev/lib9f3/IRremoteESP8266/ir_Rhoss.cpp.o
2023-09-24T15:01:23.7329024Z Compiling .pio/build/esp32dev/lib9f3/IRremoteESP8266/ir_Samsung.cpp.o
2023-09-24T15:01:23.9769079Z Compiling .pio/build/esp32dev/lib9f3/IRremoteESP8266/ir_Sanyo.cpp.o
2023-09-24T15:01:24.3254107Z Compiling .pio/build/esp32dev/lib9f3/IRremoteESP8266/ir_Sharp.cpp.o
2023-09-24T15:01:24.5329137Z Compiling .pio/build/esp32dev/lib9f3/IRremoteESP8266/ir_Sherwood.cpp.o
2023-09-24T15:01:24.7865815Z Compiling .pio/build/esp32dev/lib9f3/IRremoteESP8266/ir_Sony.cpp.o
2023-09-24T15:01:24.8849090Z Compiling .pio/build/esp32dev/lib9f3/IRremoteESP8266/ir_Symphony.cpp.o
2023-09-24T15:01:25.1849133Z Compiling .pio/build/esp32dev/lib9f3/IRremoteESP8266/ir_Tcl.cpp.o
2023-09-24T15:01:25.2729040Z Compiling .pio/build/esp32dev/lib9f3/IRremoteESP8266/ir_Technibel.cpp.o
2023-09-24T15:01:25.7089159Z Compiling .pio/build/esp32dev/lib9f3/IRremoteESP8266/ir_Teco.cpp.o
2023-09-24T15:01:25.7484361Z Compiling .pio/build/esp32dev/lib9f3/IRremoteESP8266/ir_Teknopoint.cpp.o
2023-09-24T15:01:26.1529152Z Compiling .pio/build/esp32dev/lib9f3/IRremoteESP8266/ir_Toshiba.cpp.o
2023-09-24T15:01:26.2089309Z Compiling .pio/build/esp32dev/lib9f3/IRremoteESP8266/ir_Transcold.cpp.o
2023-09-24T15:01:26.6489289Z Compiling .pio/build/esp32dev/lib9f3/IRremoteESP8266/ir_Trotec.cpp.o
2023-09-24T15:01:26.6729107Z Compiling .pio/build/esp32dev/lib9f3/IRremoteESP8266/ir_Truma.cpp.o
2023-09-24T15:01:27.1209020Z Compiling .pio/build/esp32dev/lib9f3/IRremoteESP8266/ir_Vestel.cpp.o
2023-09-24T15:01:27.1649607Z Compiling .pio/build/esp32dev/lib9f3/IRremoteESP8266/ir_Voltas.cpp.o
2023-09-24T15:01:27.6569667Z Compiling .pio/build/esp32dev/lib9f3/IRremoteESP8266/ir_Whirlpool.cpp.o
2023-09-24T15:01:27.6968924Z Compiling .pio/build/esp32dev/lib9f3/IRremoteESP8266/ir_Whynter.cpp.o
2023-09-24T15:01:28.0769119Z Compiling .pio/build/esp32dev/lib9f3/IRremoteESP8266/ir_Xmp.cpp.o
2023-09-24T15:01:28.2009087Z Compiling .pio/build/esp32dev/lib9f3/IRremoteESP8266/ir_Zepeal.cpp.o
2023-09-24T15:01:28.5489123Z Compiling .pio/build/esp32dev/lib30f/NeoPixelBus/internal/animations/NeoPixelAnimator.cpp.o
2023-09-24T15:01:28.5820365Z Archiving .pio/build/esp32dev/lib9f3/libIRremoteESP8266.a
2023-09-24T15:01:28.7249191Z Indexing .pio/build/esp32dev/lib9f3/libIRremoteESP8266.a
2023-09-24T15:01:29.0863780Z Compiling .pio/build/esp32dev/lib30f/NeoPixelBus/internal/colors/HsbColor.cpp.o
2023-09-24T15:01:29.1689329Z Compiling .pio/build/esp32dev/lib30f/NeoPixelBus/internal/colors/HslColor.cpp.o
2023-09-24T15:01:29.4829947Z Compiling .pio/build/esp32dev/lib30f/NeoPixelBus/internal/colors/HtmlColor.cpp.o
2023-09-24T15:01:29.5689462Z Compiling .pio/build/esp32dev/lib30f/NeoPixelBus/internal/colors/HtmlColorNameStrings.cpp.o
2023-09-24T15:01:29.8637622Z Compiling .pio/build/esp32dev/lib30f/NeoPixelBus/internal/colors/HtmlColorNames.cpp.o
2023-09-24T15:01:29.9529137Z Compiling .pio/build/esp32dev/lib30f/NeoPixelBus/internal/colors/HtmlColorShortNames.cpp.o
2023-09-24T15:01:30.2418654Z Compiling .pio/build/esp32dev/lib30f/NeoPixelBus/internal/colors/NeoGammaDynamicTableMethod.cpp.o
2023-09-24T15:01:30.3369454Z Compiling .pio/build/esp32dev/lib30f/NeoPixelBus/internal/colors/NeoGammaTableMethod.cpp.o
2023-09-24T15:01:30.6449106Z Compiling .pio/build/esp32dev/lib30f/NeoPixelBus/internal/colors/Rgb48Color.cpp.o
2023-09-24T15:01:30.7089811Z Compiling .pio/build/esp32dev/lib30f/NeoPixelBus/internal/colors/RgbColor.cpp.o
2023-09-24T15:01:31.0540036Z Compiling .pio/build/esp32dev/lib30f/NeoPixelBus/internal/colors/RgbColorBase.cpp.o
2023-09-24T15:01:31.1409574Z Compiling .pio/build/esp32dev/lib30f/NeoPixelBus/internal/colors/Rgbw64Color.cpp.o
2023-09-24T15:01:31.4490680Z Compiling .pio/build/esp32dev/lib30f/NeoPixelBus/internal/colors/RgbwColor.cpp.o
2023-09-24T15:01:31.5609634Z Compiling .pio/build/esp32dev/lib30f/NeoPixelBus/internal/colors/SegmentDigit.cpp.o
2023-09-24T15:01:31.8735252Z Compiling .pio/build/esp32dev/lib30f/NeoPixelBus/internal/methods/Esp32_i2s.c.o
2023-09-24T15:01:31.9928475Z Compiling .pio/build/esp32dev/lib30f/NeoPixelBus/internal/methods/NeoEsp32RmtMethod.cpp.o
2023-09-24T15:01:32.1288634Z Compiling .pio/build/esp32dev/lib30f/NeoPixelBus/internal/methods/NeoEsp8266I2sMethodCore.cpp.o
2023-09-24T15:01:32.4568557Z Compiling .pio/build/esp32dev/lib30f/NeoPixelBus/internal/methods/NeoEsp8266UartMethod.cpp.o
2023-09-24T15:01:32.4828792Z Compiling .pio/build/esp32dev/lib30f/NeoPixelBus/internal/methods/NeoEspBitBangMethod.cpp.o
2023-09-24T15:01:32.5076888Z Compiling .pio/build/esp32dev/lib30f/NeoPixelBus/internal/methods/NeoPixelAvr.c.o
2023-09-24T15:01:32.5968068Z Compiling .pio/build/esp32dev/lib989/WiFi/ETH.cpp.o
2023-09-24T15:01:32.8706307Z Archiving .pio/build/esp32dev/lib30f/libNeoPixelBus.a
2023-09-24T15:01:32.9078602Z Indexing .pio/build/esp32dev/lib30f/libNeoPixelBus.a
2023-09-24T15:01:33.0049271Z Compiling .pio/build/esp32dev/lib989/WiFi/WiFi.cpp.o
2023-09-24T15:01:33.1247799Z Compiling .pio/build/esp32dev/lib989/WiFi/WiFiAP.cpp.o
2023-09-24T15:01:33.4849750Z Compiling .pio/build/esp32dev/lib989/WiFi/WiFiClient.cpp.o
2023-09-24T15:01:33.6489129Z Compiling .pio/build/esp32dev/lib989/WiFi/WiFiGeneric.cpp.o
2023-09-24T15:01:34.1569006Z Compiling .pio/build/esp32dev/lib989/WiFi/WiFiMulti.cpp.o
2023-09-24T15:01:34.3769359Z Compiling .pio/build/esp32dev/lib989/WiFi/WiFiSTA.cpp.o
2023-09-24T15:01:34.7049067Z Compiling .pio/build/esp32dev/lib989/WiFi/WiFiScan.cpp.o
2023-09-24T15:01:34.9823542Z Compiling .pio/build/esp32dev/lib989/WiFi/WiFiServer.cpp.o
2023-09-24T15:01:35.2289472Z Compiling .pio/build/esp32dev/lib989/WiFi/WiFiUdp.cpp.o
2023-09-24T15:01:35.5240316Z Compiling .pio/build/esp32dev/lib24b/ESPAsyncWebServerAircoookie/AsyncEventSource.cpp.o
2023-09-24T15:01:35.6996541Z Archiving .pio/build/esp32dev/lib989/libWiFi.a
2023-09-24T15:01:35.7250644Z Indexing .pio/build/esp32dev/lib989/libWiFi.a
2023-09-24T15:01:35.7987387Z Compiling .pio/build/esp32dev/lib24b/ESPAsyncWebServerAircoookie/AsyncWebSocket.cpp.o
2023-09-24T15:01:36.4213346Z Compiling .pio/build/esp32dev/lib24b/ESPAsyncWebServerAircoookie/SPIFFSEditor.cpp.o
2023-09-24T15:01:37.0826656Z Compiling .pio/build/esp32dev/lib24b/ESPAsyncWebServerAircoookie/WebAuthentication.cpp.o
2023-09-24T15:01:37.1740213Z Compiling .pio/build/esp32dev/lib24b/ESPAsyncWebServerAircoookie/WebHandlers.cpp.o
2023-09-24T15:01:37.5930085Z Compiling .pio/build/esp32dev/lib24b/ESPAsyncWebServerAircoookie/WebRequest.cpp.o
2023-09-24T15:01:37.9049805Z Compiling .pio/build/esp32dev/lib24b/ESPAsyncWebServerAircoookie/WebResponses.cpp.o
2023-09-24T15:01:38.8790833Z Compiling .pio/build/esp32dev/lib24b/ESPAsyncWebServerAircoookie/WebServer.cpp.o
2023-09-24T15:01:39.0609017Z Compiling .pio/build/esp32dev/lib0ee/QuickEspNow/QuickEspNow_esp32.cpp.o
2023-09-24T15:01:39.3325674Z .pio/libdeps/esp32dev/QuickEspNow/src/QuickEspNow_esp32.cpp: In member function 'virtual void QuickEspNow::enableTransmit(bool)':
2023-09-24T15:01:39.3326834Z .pio/libdeps/esp32dev/QuickEspNow/src/QuickEspNow_esp32.cpp:231:28: warning: the address of 'static void QuickEspNow::espnowTxTask_cb(void*)' will always evaluate as 'true' [-Waddress]
2023-09-24T15:01:39.3327385Z          if (espnowTxTask_cb) {
2023-09-24T15:01:39.3327714Z                             ^
2023-09-24T15:01:39.3331613Z .pio/libdeps/esp32dev/QuickEspNow/src/QuickEspNow_esp32.cpp:236:28: warning: the address of 'static void QuickEspNow::espnowTxTask_cb(void*)' will always evaluate as 'true' [-Waddress]
2023-09-24T15:01:39.3332158Z          if (espnowTxTask_cb) {
2023-09-24T15:01:39.3332801Z                             ^
2023-09-24T15:01:39.3349535Z .pio/libdeps/esp32dev/QuickEspNow/src/QuickEspNow_esp32.cpp: In member function 'bool PeerListClass::add_peer(const uint8_t*)':
2023-09-24T15:01:39.3350299Z .pio/libdeps/esp32dev/QuickEspNow/src/QuickEspNow_esp32.cpp:421:13: warning: unused variable 'i' [-Wunused-variable]
2023-09-24T15:01:39.3350768Z      if (int i = peer_exists (mac)) {
2023-09-24T15:01:39.3351089Z              ^
2023-09-24T15:01:39.5449550Z Compiling .pio/build/esp32dev/lib0ee/QuickEspNow/QuickEspNow_esp8266.cpp.o
2023-09-24T15:01:39.7219070Z Archiving .pio/build/esp32dev/lib24b/libESPAsyncWebServerAircoookie.a
2023-09-24T15:01:39.7478860Z Indexing .pio/build/esp32dev/lib24b/libESPAsyncWebServerAircoookie.a
2023-09-24T15:01:39.8560724Z Compiling .pio/build/esp32dev/liba33/Wire/Wire.cpp.o
2023-09-24T15:01:39.9352652Z Archiving .pio/build/esp32dev/lib0ee/libQuickEspNow.a
2023-09-24T15:01:39.9473629Z Indexing .pio/build/esp32dev/lib0ee/libQuickEspNow.a
2023-09-24T15:01:40.0208943Z Compiling .pio/build/esp32dev/lib770/SD/SD.cpp.o
2023-09-24T15:01:40.2920206Z Archiving .pio/build/esp32dev/liba33/libWire.a
2023-09-24T15:01:40.3008993Z Indexing .pio/build/esp32dev/liba33/libWire.a
2023-09-24T15:01:40.3267340Z Compiling .pio/build/esp32dev/lib770/SD/sd_diskio.cpp.o
2023-09-24T15:01:40.5129551Z Compiling .pio/build/esp32dev/lib770/SD/sd_diskio_crc.c.o
2023-09-24T15:01:40.6051248Z Compiling .pio/build/esp32dev/libc3a/SD_MMC/SD_MMC.cpp.o
2023-09-24T15:01:40.8772216Z Archiving .pio/build/esp32dev/lib770/libSD.a
2023-09-24T15:01:40.8893006Z Indexing .pio/build/esp32dev/lib770/libSD.a
2023-09-24T15:01:40.9604193Z Compiling .pio/build/esp32dev/libc24/EEPROM/EEPROM.cpp.o
2023-09-24T15:01:41.1150628Z Archiving .pio/build/esp32dev/libc3a/libSD_MMC.a
2023-09-24T15:01:41.1239828Z Indexing .pio/build/esp32dev/libc3a/libSD_MMC.a
2023-09-24T15:01:41.1953570Z Compiling .pio/build/esp32dev/lib4b6/Update/HttpsOTAUpdate.cpp.o
2023-09-24T15:01:41.4763213Z Archiving .pio/build/esp32dev/libc24/libEEPROM.a
2023-09-24T15:01:41.4845842Z Indexing .pio/build/esp32dev/libc24/libEEPROM.a
2023-09-24T15:01:41.5047576Z Compiling .pio/build/esp32dev/lib4b6/Update/Updater.cpp.o
2023-09-24T15:01:41.6506882Z Compiling .pio/build/esp32dev/lib4b6/ESPmDNS/ESPmDNS.cpp.o
2023-09-24T15:01:42.0089063Z Archiving .pio/build/esp32dev/lib4b6/libUpdate.a
2023-09-24T15:01:42.0199313Z Indexing .pio/build/esp32dev/lib4b6/libUpdate.a
2023-09-24T15:01:42.1044503Z Compiling .pio/build/esp32dev/lib134/ArduinoOTA/ArduinoOTA.cpp.o
2023-09-24T15:01:42.1836986Z Archiving .pio/build/esp32dev/lib4b6/libESPmDNS.a
2023-09-24T15:01:42.1921277Z Indexing .pio/build/esp32dev/lib4b6/libESPmDNS.a
2023-09-24T15:01:42.2649146Z Compiling .pio/build/esp32dev/lib147/DNSServer/DNSServer.cpp.o
2023-09-24T15:01:42.6884515Z Archiving .pio/build/esp32dev/lib147/libDNSServer.a
2023-09-24T15:01:42.6969061Z Indexing .pio/build/esp32dev/lib147/libDNSServer.a
2023-09-24T15:01:42.7842636Z Compiling .pio/build/esp32dev/lib59e/AsyncUDP/AsyncUDP.cpp.o
2023-09-24T15:01:42.8001771Z Archiving .pio/build/esp32dev/lib134/libArduinoOTA.a
2023-09-24T15:01:42.8072942Z Indexing .pio/build/esp32dev/lib134/libArduinoOTA.a
2023-09-24T15:01:42.8848884Z Compiling .pio/build/esp32dev/lib1ce/WebServer/Parsing.cpp.o
2023-09-24T15:01:43.5125923Z Archiving .pio/build/esp32dev/lib59e/libAsyncUDP.a
2023-09-24T15:01:43.5205719Z Indexing .pio/build/esp32dev/lib59e/libAsyncUDP.a
2023-09-24T15:01:43.5479372Z Compiling .pio/build/esp32dev/lib1ce/WebServer/WebServer.cpp.o
2023-09-24T15:01:43.6849073Z Compiling .pio/build/esp32dev/lib1ce/WebServer/detail/mimetable.cpp.o
2023-09-24T15:01:43.7129336Z Archiving .pio/build/esp32dev/libFrameworkArduinoVariant.a
2023-09-24T15:01:43.7197523Z Indexing .pio/build/esp32dev/libFrameworkArduinoVariant.a
2023-09-24T15:01:43.8209008Z Compiling .pio/build/esp32dev/FrameworkArduino/Esp.cpp.o
2023-09-24T15:01:44.3569113Z Compiling .pio/build/esp32dev/FrameworkArduino/FunctionalInterrupt.cpp.o
2023-09-24T15:01:44.6013595Z Archiving .pio/build/esp32dev/lib1ce/libWebServer.a
2023-09-24T15:01:44.6128927Z Indexing .pio/build/esp32dev/lib1ce/libWebServer.a
2023-09-24T15:01:44.6389005Z Compiling .pio/build/esp32dev/FrameworkArduino/HardwareSerial.cpp.o
2023-09-24T15:01:44.7769442Z Compiling .pio/build/esp32dev/FrameworkArduino/IPAddress.cpp.o
2023-09-24T15:01:44.8369356Z Compiling .pio/build/esp32dev/FrameworkArduino/IPv6Address.cpp.o
2023-09-24T15:01:45.1727797Z Compiling .pio/build/esp32dev/FrameworkArduino/MD5Builder.cpp.o
2023-09-24T15:01:45.2288682Z Compiling .pio/build/esp32dev/FrameworkArduino/Print.cpp.o
2023-09-24T15:01:45.5637299Z Compiling .pio/build/esp32dev/FrameworkArduino/Stream.cpp.o
2023-09-24T15:01:45.6969511Z Compiling .pio/build/esp32dev/FrameworkArduino/StreamString.cpp.o
2023-09-24T15:01:46.0049297Z Compiling .pio/build/esp32dev/FrameworkArduino/WMath.cpp.o
2023-09-24T15:01:46.0969608Z Compiling .pio/build/esp32dev/FrameworkArduino/WString.cpp.o
2023-09-24T15:01:46.1369216Z Compiling .pio/build/esp32dev/FrameworkArduino/base64.cpp.o
2023-09-24T15:01:46.5169162Z Compiling .pio/build/esp32dev/FrameworkArduino/cbuf.cpp.o
2023-09-24T15:01:46.6027415Z Compiling .pio/build/esp32dev/FrameworkArduino/esp32-hal-adc.c.o
2023-09-24T15:01:46.7289604Z Compiling .pio/build/esp32dev/FrameworkArduino/esp32-hal-bt.c.o
2023-09-24T15:01:46.7969195Z Compiling .pio/build/esp32dev/FrameworkArduino/esp32-hal-cpu.c.o
2023-09-24T15:01:46.8689296Z Compiling .pio/build/esp32dev/FrameworkArduino/esp32-hal-dac.c.o
2023-09-24T15:01:47.0043256Z Compiling .pio/build/esp32dev/FrameworkArduino/esp32-hal-gpio.c.o
2023-09-24T15:01:47.0249177Z Compiling .pio/build/esp32dev/FrameworkArduino/esp32-hal-i2c.c.o
2023-09-24T15:01:47.1929318Z Compiling .pio/build/esp32dev/FrameworkArduino/esp32-hal-ledc.c.o
2023-09-24T15:01:47.4009862Z Compiling .pio/build/esp32dev/FrameworkArduino/esp32-hal-log.c.o
2023-09-24T15:01:47.4249870Z Compiling .pio/build/esp32dev/FrameworkArduino/esp32-hal-matrix.c.o
2023-09-24T15:01:47.4609933Z Compiling .pio/build/esp32dev/FrameworkArduino/esp32-hal-misc.c.o
2023-09-24T15:01:47.5573664Z Compiling .pio/build/esp32dev/FrameworkArduino/esp32-hal-psram.c.o
2023-09-24T15:01:47.6519190Z Compiling .pio/build/esp32dev/FrameworkArduino/esp32-hal-rmt.c.o
2023-09-24T15:01:47.6941842Z Compiling .pio/build/esp32dev/FrameworkArduino/esp32-hal-sigmadelta.c.o
2023-09-24T15:01:47.8449852Z Compiling .pio/build/esp32dev/FrameworkArduino/esp32-hal-spi.c.o
2023-09-24T15:01:47.9017069Z /home/runner/.platformio/packages/framework-arduinoespressif32/cores/esp32/esp32-hal-spi.c: In function 'spiTransferBytesNL':
2023-09-24T15:01:47.9017965Z /home/runner/.platformio/packages/framework-arduinoespressif32/cores/esp32/esp32-hal-spi.c:922:39: warning: initialization from incompatible pointer type [-Wincompatible-pointer-types]
2023-09-24T15:01:47.9018580Z                  uint8_t * last_out8 = &result[c_longs-1];
2023-09-24T15:01:47.9018880Z                                        ^
2023-09-24T15:01:47.9019528Z /home/runner/.platformio/packages/framework-arduinoespressif32/cores/esp32/esp32-hal-spi.c:923:40: warning: initialization from incompatible pointer type [-Wincompatible-pointer-types]
2023-09-24T15:01:47.9020026Z                  uint8_t * last_data8 = &last_data;
2023-09-24T15:01:47.9020292Z                                         ^
2023-09-24T15:01:47.9713412Z Compiling .pio/build/esp32dev/FrameworkArduino/esp32-hal-time.c.o
2023-09-24T15:01:48.1400291Z Compiling .pio/build/esp32dev/FrameworkArduino/esp32-hal-timer.c.o
2023-09-24T15:01:48.2826045Z Compiling .pio/build/esp32dev/FrameworkArduino/esp32-hal-touch.c.o
2023-09-24T15:01:48.3769181Z Compiling .pio/build/esp32dev/FrameworkArduino/esp32-hal-uart.c.o
2023-09-24T15:01:48.4528975Z Compiling .pio/build/esp32dev/FrameworkArduino/libb64/cdecode.c.o
2023-09-24T15:01:48.5088950Z Compiling .pio/build/esp32dev/FrameworkArduino/libb64/cencode.c.o
2023-09-24T15:01:48.5569422Z Compiling .pio/build/esp32dev/FrameworkArduino/main.cpp.o
2023-09-24T15:01:48.6542451Z Compiling .pio/build/esp32dev/FrameworkArduino/stdlib_noniso.c.o
2023-09-24T15:01:48.7272834Z Compiling .pio/build/esp32dev/FrameworkArduino/wiring_pulse.c.o
2023-09-24T15:01:48.8689428Z Compiling .pio/build/esp32dev/FrameworkArduino/wiring_shift.c.o
2023-09-24T15:01:49.0041710Z Archiving .pio/build/esp32dev/libFrameworkArduino.a
2023-09-24T15:01:49.0574957Z Indexing .pio/build/esp32dev/libFrameworkArduino.a
2023-09-24T15:01:49.2145399Z Linking .pio/build/esp32dev/firmware.elf
2023-09-24T15:01:56.2691692Z Retrieving maximum program size .pio/build/esp32dev/firmware.elf
2023-09-24T15:01:56.2693743Z Checking size .pio/build/esp32dev/firmware.elf
2023-09-24T15:01:56.2851767Z Advanced Memory Usage is available via "PlatformIO Home > Project Inspect"
2023-09-24T15:01:56.2852433Z RAM:   [==        ]  22.2% (used 72784 bytes from 327680 bytes)
2023-09-24T15:01:56.2916744Z Flash: [========  ]  81.6% (used 1283601 bytes from 1572864 bytes)
2023-09-24T15:01:56.2918059Z Building .pio/build/esp32dev/firmware.bin
2023-09-24T15:01:56.5595129Z esptool.py v3.1
2023-09-24T15:01:56.5595805Z Merged 1 ELF section
2023-09-24T15:01:56.5667328Z bin_rename_copy([".pio/build/esp32dev/firmware.bin"], [".pio/build/esp32dev/firmware.elf"])
2023-09-24T15:01:56.5688893Z bin_gzip([".pio/build/esp32dev/firmware.bin"], [".pio/build/esp32dev/firmware.elf"])
2023-09-24T15:01:56.9464708Z ========================= [SUCCESS] Took 99.47 seconds =========================
2023-09-24T15:01:56.9467604Z 
2023-09-24T15:01:56.9473113Z Environment    Status    Duration
2023-09-24T15:01:56.9473946Z -------------  --------  ------------
2023-09-24T15:01:56.9474343Z esp32dev       SUCCESS   00:01:39.474
2023-09-24T15:01:56.9489558Z ========================= 1 succeeded in 00:01:39.474 =========================
2023-09-24T15:01:57.9409294Z 
2023-09-24T15:01:57.9409877Z ********************************************************************************
2023-09-24T15:01:57.9410439Z There is a new version 6.1.11 of PlatformIO available.
2023-09-24T15:01:57.9411744Z Please upgrade it via `platformio upgrade` or `pip install -U platformio` command.
2023-09-24T15:01:57.9412452Z Changes: https://docs.platformio.org/en/latest/history.html
2023-09-24T15:01:57.9413067Z ********************************************************************************
2023-09-24T15:01:57.9413298Z 
2023-09-24T15:01:57.9501389Z 
2023-09-24T15:01:57.9501573Z ********************************************************************************
2023-09-24T15:01:57.9501987Z We found 1.24MB of unnecessary PlatformIO system data (temporary files, unnecessary packages, etc.).
2023-09-24T15:01:57.9502566Z Use `pio system prune --dry-run` to list them or `pio system prune` to save disk space.
2023-09-24T15:01:57.9803644Z ##[group]Run actions/upload-artifact@v2
2023-09-24T15:01:57.9803920Z with:
2023-09-24T15:01:57.9804140Z   name: firmware-esp32dev
2023-09-24T15:01:57.9804458Z   path: build_output/firmware/*.bin
build_output/firmware/*.gz

2023-09-24T15:01:57.9804760Z   if-no-files-found: warn
2023-09-24T15:01:57.9804975Z env:
2023-09-24T15:01:57.9805241Z   pythonLocation: /opt/hostedtoolcache/Python/3.9.18/x64
2023-09-24T15:01:57.9805614Z   PKG_CONFIG_PATH: /opt/hostedtoolcache/Python/3.9.18/x64/lib/pkgconfig
2023-09-24T15:01:57.9805970Z   Python_ROOT_DIR: /opt/hostedtoolcache/Python/3.9.18/x64
2023-09-24T15:01:57.9806301Z   Python2_ROOT_DIR: /opt/hostedtoolcache/Python/3.9.18/x64
2023-09-24T15:01:57.9806808Z   Python3_ROOT_DIR: /opt/hostedtoolcache/Python/3.9.18/x64
2023-09-24T15:01:57.9807143Z   LD_LIBRARY_PATH: /opt/hostedtoolcache/Python/3.9.18/x64/lib
2023-09-24T15:01:57.9807412Z ##[endgroup]
2023-09-24T15:01:58.0510416Z With the provided path, there will be 2 files uploaded
2023-09-24T15:01:58.0518952Z Starting artifact upload
2023-09-24T15:01:58.0520016Z For more detailed logs during the artifact upload process, enable step-debugging: https://docs.github.com/actions/monitoring-and-troubleshooting-workflows/enabling-debug-logging#enabling-step-debug-logging
2023-09-24T15:01:58.0525226Z Artifact name is valid!
2023-09-24T15:01:58.1288715Z Container for artifact "firmware-esp32dev" successfully created. Starting upload of file(s)
2023-09-24T15:01:58.3734319Z Total size of all the files uploaded is 1704658 bytes
2023-09-24T15:01:58.3736330Z File upload process has finished. Finalizing the artifact upload
2023-09-24T15:01:58.4198297Z Artifact has been finalized. All files have been successfully uploaded!
2023-09-24T15:01:58.4198850Z 
2023-09-24T15:01:58.4199899Z The raw size of all the files that were specified for upload is 2135451 bytes
2023-09-24T15:01:58.4200570Z The size of all the files that were uploaded is 1704658 bytes. This takes into account any gzip compression used to reduce the upload size, time and storage
2023-09-24T15:01:58.4201009Z 
2023-09-24T15:01:58.4250326Z Note: The size of downloaded zips can differ significantly from the reported size. For more information see: https://github.com/actions/upload-artifact#zipped-artifact-downloads 
2023-09-24T15:01:58.4250718Z 
2023-09-24T15:01:58.4250958Z Artifact firmware-esp32dev has been successfully uploaded!
2023-09-24T15:01:58.4321003Z Post job cleanup.
2023-09-24T15:01:58.8160133Z Post job cleanup.
2023-09-24T15:01:58.9626754Z Cache hit occurred on the primary key Linux-, not saving cache.
2023-09-24T15:01:59.2232759Z Post job cleanup.
2023-09-24T15:01:59.3704073Z Cache hit occurred on the primary key Linux-pip-81ff51cfad9e9eb735c6b16e2b137bb04b536de75d900d6b02aa29724c130501, not saving cache.
2023-09-24T15:01:59.3973495Z Post job cleanup.
2023-09-24T15:01:59.5061815Z [command]/usr/bin/git version
2023-09-24T15:01:59.5112457Z git version 2.42.0
2023-09-24T15:01:59.5168438Z Temporarily overriding HOME='/home/runner/work/_temp/7caf5625-921b-470f-ae6d-609cb6d83f3f' before making global git config changes
2023-09-24T15:01:59.5171932Z Adding repository directory to the temporary git global config as a safe directory
2023-09-24T15:01:59.5179287Z [command]/usr/bin/git config --global --add safe.directory /home/runner/work/WLED/WLED
2023-09-24T15:01:59.5225467Z [command]/usr/bin/git config --local --name-only --get-regexp core\.sshCommand
2023-09-24T15:01:59.5267379Z [command]/usr/bin/git submodule foreach --recursive sh -c "git config --local --name-only --get-regexp 'core\.sshCommand' && git config --local --unset-all 'core.sshCommand' || :"
2023-09-24T15:01:59.5520004Z [command]/usr/bin/git config --local --name-only --get-regexp http\.https\:\/\/github\.com\/\.extraheader
2023-09-24T15:01:59.5546584Z http.https://github.com/.extraheader
2023-09-24T15:01:59.5561171Z [command]/usr/bin/git config --local --unset-all http.https://github.com/.extraheader
2023-09-24T15:01:59.5600059Z [command]/usr/bin/git submodule foreach --recursive sh -c "git config --local --name-only --get-regexp 'http\.https\:\/\/github\.com\/\.extraheader' && git config --local --unset-all 'http.https://github.com/.extraheader' || :"
2023-09-24T15:01:59.6078462Z Cleaning up orphan processes
