2023-09-15T23:08:24.3318468Z Requested labels: ubuntu-latest
2023-09-15T23:08:24.3318723Z Job defined at: adamint/spotify-web-api-kotlin/.github/workflows/ci.yml@refs/pull/328/merge
2023-09-15T23:08:24.3318831Z Waiting for a runner to pick up this job...
2023-09-15T23:08:24.7750107Z Job is waiting for a hosted runner to come online.
2023-09-15T23:08:27.9056573Z Job is about to start running on the hosted runner: GitHub Actions 2 (hosted)
2023-09-15T23:08:31.9348309Z Current runner version: '2.309.0'
2023-09-15T23:08:31.9376191Z ##[group]Operating System
2023-09-15T23:08:31.9376778Z Ubuntu
2023-09-15T23:08:31.9377060Z 22.04.3
2023-09-15T23:08:31.9377542Z LTS
2023-09-15T23:08:31.9377898Z ##[endgroup]
2023-09-15T23:08:31.9378263Z ##[group]Runner Image
2023-09-15T23:08:31.9378671Z Image: ubuntu-22.04
2023-09-15T23:08:31.9378997Z Version: 20230911.1.0
2023-09-15T23:08:31.9379667Z Included Software: https://github.com/actions/runner-images/blob/ubuntu22/20230911.1/images/linux/Ubuntu2204-Readme.md
2023-09-15T23:08:31.9380416Z Image Release: https://github.com/actions/runner-images/releases/tag/ubuntu22%2F20230911.1
2023-09-15T23:08:31.9380921Z ##[endgroup]
2023-09-15T23:08:31.9381325Z ##[group]Runner Image Provisioner
2023-09-15T23:08:31.9381747Z 2.0.299.1
2023-09-15T23:08:31.9382091Z ##[endgroup]
2023-09-15T23:08:31.9383205Z ##[group]GITHUB_TOKEN Permissions
2023-09-15T23:08:31.9385032Z Actions: write
2023-09-15T23:08:31.9385566Z Checks: write
2023-09-15T23:08:31.9386162Z Contents: write
2023-09-15T23:08:31.9386672Z Deployments: write
2023-09-15T23:08:31.9387061Z Discussions: write
2023-09-15T23:08:31.9387436Z Issues: write
2023-09-15T23:08:31.9387790Z Metadata: read
2023-09-15T23:08:31.9388158Z Packages: write
2023-09-15T23:08:31.9388771Z Pages: write
2023-09-15T23:08:31.9389177Z PullRequests: write
2023-09-15T23:08:31.9389598Z RepositoryProjects: write
2023-09-15T23:08:31.9390009Z SecurityEvents: write
2023-09-15T23:08:31.9390413Z Statuses: write
2023-09-15T23:08:31.9390783Z ##[endgroup]
2023-09-15T23:08:31.9394423Z Secret source: Actions
2023-09-15T23:08:31.9394981Z Prepare workflow directory
2023-09-15T23:08:32.0488899Z Prepare all required actions
2023-09-15T23:08:32.0682191Z Getting action download info
2023-09-15T23:08:32.3203774Z Download action repository 'actions/checkout@v2' (SHA:ee0669bd1cc54295c223e0bb666b733df41de1c5)
2023-09-15T23:08:32.6326475Z Download action repository 'actions/setup-java@v2' (SHA:91d3aa4956ec4a53e477c4907347b5e3481be8c9)
2023-09-15T23:08:32.9037070Z Download action repository 'actions/upload-artifact@v2' (SHA:82c141cc518b40d92cc801eee768e7aafc9c2fa2)
2023-09-15T23:08:33.1925371Z Complete job name: test_android_jvm_linux_trusted
2023-09-15T23:08:33.2980398Z ##[group]Run actions/checkout@v2
2023-09-15T23:08:33.2980792Z with:
2023-09-15T23:08:33.2981135Z   repository: adamint/spotify-web-api-kotlin
2023-09-15T23:08:33.2981726Z   token: ***
2023-09-15T23:08:33.2982010Z   ssh-strict: true
2023-09-15T23:08:33.2982303Z   persist-credentials: true
2023-09-15T23:08:33.2982619Z   clean: true
2023-09-15T23:08:33.2982883Z   fetch-depth: 1
2023-09-15T23:08:33.2983144Z   lfs: false
2023-09-15T23:08:33.2983408Z   submodules: false
2023-09-15T23:08:33.2983694Z   set-safe-directory: true
2023-09-15T23:08:33.2983971Z env:
2023-09-15T23:08:33.2984334Z   SPOTIFY_CLIENT_ID: ***
2023-09-15T23:08:33.2984721Z   SPOTIFY_CLIENT_SECRET: ***
2023-09-15T23:08:33.2985018Z ##[endgroup]
2023-09-15T23:08:33.5808492Z Syncing repository: adamint/spotify-web-api-kotlin
2023-09-15T23:08:33.5811053Z ##[group]Getting Git version info
2023-09-15T23:08:33.5812264Z Working directory is '/home/runner/work/spotify-web-api-kotlin/spotify-web-api-kotlin'
2023-09-15T23:08:33.5813640Z [command]/usr/bin/git version
2023-09-15T23:08:33.5899414Z git version 2.42.0
2023-09-15T23:08:33.5928155Z ##[endgroup]
2023-09-15T23:08:33.5946377Z Temporarily overriding HOME='/home/runner/work/_temp/e037288f-a689-47ff-ae01-60bd29aab706' before making global git config changes
2023-09-15T23:08:33.5947367Z Adding repository directory to the temporary git global config as a safe directory
2023-09-15T23:08:33.5974482Z [command]/usr/bin/git config --global --add safe.directory /home/runner/work/spotify-web-api-kotlin/spotify-web-api-kotlin
2023-09-15T23:08:33.6029561Z Deleting the contents of '/home/runner/work/spotify-web-api-kotlin/spotify-web-api-kotlin'
2023-09-15T23:08:33.6030656Z ##[group]Initializing the repository
2023-09-15T23:08:33.6031405Z [command]/usr/bin/git init /home/runner/work/spotify-web-api-kotlin/spotify-web-api-kotlin
2023-09-15T23:08:33.6094848Z hint: Using 'master' as the name for the initial branch. This default branch name
2023-09-15T23:08:33.6095633Z hint: is subject to change. To configure the initial branch name to use in all
2023-09-15T23:08:33.6096322Z hint: of your new repositories, which will suppress this warning, call:
2023-09-15T23:08:33.6096832Z hint: 
2023-09-15T23:08:33.6097341Z hint: 	git config --global init.defaultBranch <name>
2023-09-15T23:08:33.6097793Z hint: 
2023-09-15T23:08:33.6098796Z hint: Names commonly chosen instead of 'master' are 'main', 'trunk' and
2023-09-15T23:08:33.6099531Z hint: 'development'. The just-created branch can be renamed via this command:
2023-09-15T23:08:33.6100013Z hint: 
2023-09-15T23:08:33.6100728Z hint: 	git branch -m <name>
2023-09-15T23:08:33.6110558Z Initialized empty Git repository in /home/runner/work/spotify-web-api-kotlin/spotify-web-api-kotlin/.git/
2023-09-15T23:08:33.6120526Z [command]/usr/bin/git remote add origin https://github.com/adamint/spotify-web-api-kotlin
2023-09-15T23:08:33.6171111Z ##[endgroup]
2023-09-15T23:08:33.6171856Z ##[group]Disabling automatic garbage collection
2023-09-15T23:08:33.6173820Z [command]/usr/bin/git config --local gc.auto 0
2023-09-15T23:08:33.6210749Z ##[endgroup]
2023-09-15T23:08:33.6211418Z ##[group]Setting up auth
2023-09-15T23:08:33.6219727Z [command]/usr/bin/git config --local --name-only --get-regexp core\.sshCommand
2023-09-15T23:08:33.6258738Z [command]/usr/bin/git submodule foreach --recursive sh -c "git config --local --name-only --get-regexp 'core\.sshCommand' && git config --local --unset-all 'core.sshCommand' || :"
2023-09-15T23:08:33.6630776Z [command]/usr/bin/git config --local --name-only --get-regexp http\.https\:\/\/github\.com\/\.extraheader
2023-09-15T23:08:33.6665549Z [command]/usr/bin/git submodule foreach --recursive sh -c "git config --local --name-only --get-regexp 'http\.https\:\/\/github\.com\/\.extraheader' && git config --local --unset-all 'http.https://github.com/.extraheader' || :"
2023-09-15T23:08:33.6915227Z [command]/usr/bin/git config --local http.https://github.com/.extraheader AUTHORIZATION: basic ***
2023-09-15T23:08:33.6976201Z ##[endgroup]
2023-09-15T23:08:33.6977414Z ##[group]Fetching the repository
2023-09-15T23:08:33.6985507Z [command]/usr/bin/git -c protocol.version=2 fetch --no-tags --prune --progress --no-recurse-submodules --depth=1 origin +0773a2ef6de301beb3ffa1fbd28b8d20331d9235:refs/remotes/pull/328/merge
2023-09-15T23:08:33.8855264Z remote: Enumerating objects: 217, done.        
2023-09-15T23:08:33.9001982Z remote: Counting objects:   0% (1/217)        
2023-09-15T23:08:33.9002550Z remote: Counting objects:   1% (3/217)        
2023-09-15T23:08:33.9003109Z remote: Counting objects:   2% (5/217)        
2023-09-15T23:08:33.9003617Z remote: Counting objects:   3% (7/217)        
2023-09-15T23:08:33.9004058Z remote: Counting objects:   4% (9/217)        
2023-09-15T23:08:33.9004501Z remote: Counting objects:   5% (11/217)        
2023-09-15T23:08:33.9004932Z remote: Counting objects:   6% (14/217)        
2023-09-15T23:08:33.9005400Z remote: Counting objects:   7% (16/217)        
2023-09-15T23:08:33.9005998Z remote: Counting objects:   8% (18/217)        
2023-09-15T23:08:33.9007059Z remote: Counting objects:   9% (20/217)        
2023-09-15T23:08:33.9007964Z remote: Counting objects:  10% (22/217)        
2023-09-15T23:08:33.9008590Z remote: Counting objects:  11% (24/217)        
2023-09-15T23:08:33.9009362Z remote: Counting objects:  12% (27/217)        
2023-09-15T23:08:33.9009963Z remote: Counting objects:  13% (29/217)        
2023-09-15T23:08:33.9010669Z remote: Counting objects:  14% (31/217)        
2023-09-15T23:08:33.9011631Z remote: Counting objects:  15% (33/217)        
2023-09-15T23:08:33.9012473Z remote: Counting objects:  16% (35/217)        
2023-09-15T23:08:33.9013977Z remote: Counting objects:  17% (37/217)        
2023-09-15T23:08:33.9014329Z remote: Counting objects:  18% (40/217)        
2023-09-15T23:08:33.9014677Z remote: Counting objects:  19% (42/217)        
2023-09-15T23:08:33.9015334Z remote: Counting objects:  20% (44/217)        
2023-09-15T23:08:33.9015681Z remote: Counting objects:  21% (46/217)        
2023-09-15T23:08:33.9016036Z remote: Counting objects:  22% (48/217)        
2023-09-15T23:08:33.9016387Z remote: Counting objects:  23% (50/217)        
2023-09-15T23:08:33.9016717Z remote: Counting objects:  24% (53/217)        
2023-09-15T23:08:33.9017234Z remote: Counting objects:  25% (55/217)        
2023-09-15T23:08:33.9017584Z remote: Counting objects:  26% (57/217)        
2023-09-15T23:08:33.9018347Z remote: Counting objects:  27% (59/217)        
2023-09-15T23:08:33.9018721Z remote: Counting objects:  28% (61/217)        
2023-09-15T23:08:33.9019052Z remote: Counting objects:  29% (63/217)        
2023-09-15T23:08:33.9019396Z remote: Counting objects:  30% (66/217)        
2023-09-15T23:08:33.9019738Z remote: Counting objects:  31% (68/217)        
2023-09-15T23:08:33.9020083Z remote: Counting objects:  32% (70/217)        
2023-09-15T23:08:33.9020574Z remote: Counting objects:  33% (72/217)        
2023-09-15T23:08:33.9020920Z remote: Counting objects:  34% (74/217)        
2023-09-15T23:08:33.9021261Z remote: Counting objects:  35% (76/217)        
2023-09-15T23:08:33.9021602Z remote: Counting objects:  36% (79/217)        
2023-09-15T23:08:33.9021946Z remote: Counting objects:  37% (81/217)        
2023-09-15T23:08:33.9022290Z remote: Counting objects:  38% (83/217)        
2023-09-15T23:08:33.9022635Z remote: Counting objects:  39% (85/217)        
2023-09-15T23:08:33.9022969Z remote: Counting objects:  40% (87/217)        
2023-09-15T23:08:33.9023312Z remote: Counting objects:  41% (89/217)        
2023-09-15T23:08:33.9023652Z remote: Counting objects:  42% (92/217)        
2023-09-15T23:08:33.9024000Z remote: Counting objects:  43% (94/217)        
2023-09-15T23:08:33.9024343Z remote: Counting objects:  44% (96/217)        
2023-09-15T23:08:33.9024684Z remote: Counting objects:  45% (98/217)        
2023-09-15T23:08:33.9025021Z remote: Counting objects:  46% (100/217)        
2023-09-15T23:08:33.9025384Z remote: Counting objects:  47% (102/217)        
2023-09-15T23:08:33.9025911Z remote: Counting objects:  48% (105/217)        
2023-09-15T23:08:33.9026273Z remote: Counting objects:  49% (107/217)        
2023-09-15T23:08:33.9026625Z remote: Counting objects:  50% (109/217)        
2023-09-15T23:08:33.9026972Z remote: Counting objects:  51% (111/217)        
2023-09-15T23:08:33.9027307Z remote: Counting objects:  52% (113/217)        
2023-09-15T23:08:33.9027656Z remote: Counting objects:  53% (116/217)        
2023-09-15T23:08:33.9028122Z remote: Counting objects:  54% (118/217)        
2023-09-15T23:08:33.9028474Z remote: Counting objects:  55% (120/217)        
2023-09-15T23:08:33.9029002Z remote: Counting objects:  56% (122/217)        
2023-09-15T23:08:33.9029342Z remote: Counting objects:  57% (124/217)        
2023-09-15T23:08:33.9029688Z remote: Counting objects:  58% (126/217)        
2023-09-15T23:08:33.9030039Z remote: Counting objects:  59% (129/217)        
2023-09-15T23:08:33.9030399Z remote: Counting objects:  60% (131/217)        
2023-09-15T23:08:33.9030751Z remote: Counting objects:  61% (133/217)        
2023-09-15T23:08:33.9031096Z remote: Counting objects:  62% (135/217)        
2023-09-15T23:08:33.9031429Z remote: Counting objects:  63% (137/217)        
2023-09-15T23:08:33.9031790Z remote: Counting objects:  64% (139/217)        
2023-09-15T23:08:33.9032138Z remote: Counting objects:  65% (142/217)        
2023-09-15T23:08:33.9032484Z remote: Counting objects:  66% (144/217)        
2023-09-15T23:08:33.9032830Z remote: Counting objects:  67% (146/217)        
2023-09-15T23:08:33.9033177Z remote: Counting objects:  68% (148/217)        
2023-09-15T23:08:33.9033521Z remote: Counting objects:  69% (150/217)        
2023-09-15T23:08:33.9033852Z remote: Counting objects:  70% (152/217)        
2023-09-15T23:08:33.9034199Z remote: Counting objects:  71% (155/217)        
2023-09-15T23:08:33.9034545Z remote: Counting objects:  72% (157/217)        
2023-09-15T23:08:33.9035048Z remote: Counting objects:  73% (159/217)        
2023-09-15T23:08:33.9035397Z remote: Counting objects:  74% (161/217)        
2023-09-15T23:08:33.9035731Z remote: Counting objects:  75% (163/217)        
2023-09-15T23:08:33.9036071Z remote: Counting objects:  76% (165/217)        
2023-09-15T23:08:33.9036416Z remote: Counting objects:  77% (168/217)        
2023-09-15T23:08:33.9036760Z remote: Counting objects:  78% (170/217)        
2023-09-15T23:08:33.9037105Z remote: Counting objects:  79% (172/217)        
2023-09-15T23:08:33.9037446Z remote: Counting objects:  80% (174/217)        
2023-09-15T23:08:33.9037778Z remote: Counting objects:  81% (176/217)        
2023-09-15T23:08:33.9038121Z remote: Counting objects:  82% (178/217)        
2023-09-15T23:08:33.9038464Z remote: Counting objects:  83% (181/217)        
2023-09-15T23:08:33.9038807Z remote: Counting objects:  84% (183/217)        
2023-09-15T23:08:33.9039152Z remote: Counting objects:  85% (185/217)        
2023-09-15T23:08:33.9039629Z remote: Counting objects:  86% (187/217)        
2023-09-15T23:08:33.9039977Z remote: Counting objects:  87% (189/217)        
2023-09-15T23:08:33.9040329Z remote: Counting objects:  88% (191/217)        
2023-09-15T23:08:33.9040674Z remote: Counting objects:  89% (194/217)        
2023-09-15T23:08:33.9041022Z remote: Counting objects:  90% (196/217)        
2023-09-15T23:08:33.9041365Z remote: Counting objects:  91% (198/217)        
2023-09-15T23:08:33.9041796Z remote: Counting objects:  92% (200/217)        
2023-09-15T23:08:33.9042147Z remote: Counting objects:  93% (202/217)        
2023-09-15T23:08:33.9042492Z remote: Counting objects:  94% (204/217)        
2023-09-15T23:08:33.9042834Z remote: Counting objects:  95% (207/217)        
2023-09-15T23:08:33.9043180Z remote: Counting objects:  96% (209/217)        
2023-09-15T23:08:33.9043511Z remote: Counting objects:  97% (211/217)        
2023-09-15T23:08:33.9043858Z remote: Counting objects:  98% (213/217)        
2023-09-15T23:08:33.9044211Z remote: Counting objects:  99% (215/217)        
2023-09-15T23:08:33.9044556Z remote: Counting objects: 100% (217/217)        
2023-09-15T23:08:33.9045082Z remote: Counting objects: 100% (217/217), done.        
2023-09-15T23:08:33.9045474Z remote: Compressing objects:   0% (1/165)        
2023-09-15T23:08:33.9045837Z remote: Compressing objects:   1% (2/165)        
2023-09-15T23:08:33.9046204Z remote: Compressing objects:   2% (4/165)        
2023-09-15T23:08:33.9046568Z remote: Compressing objects:   3% (5/165)        
2023-09-15T23:08:33.9046930Z remote: Compressing objects:   4% (7/165)        
2023-09-15T23:08:33.9047292Z remote: Compressing objects:   5% (9/165)        
2023-09-15T23:08:33.9047653Z remote: Compressing objects:   6% (10/165)        
2023-09-15T23:08:33.9048024Z remote: Compressing objects:   7% (12/165)        
2023-09-15T23:08:33.9048395Z remote: Compressing objects:   8% (14/165)        
2023-09-15T23:08:33.9048768Z remote: Compressing objects:   9% (15/165)        
2023-09-15T23:08:33.9049146Z remote: Compressing objects:  10% (17/165)        
2023-09-15T23:08:33.9049511Z remote: Compressing objects:  11% (19/165)        
2023-09-15T23:08:33.9049871Z remote: Compressing objects:  12% (20/165)        
2023-09-15T23:08:33.9050240Z remote: Compressing objects:  13% (22/165)        
2023-09-15T23:08:33.9050608Z remote: Compressing objects:  14% (24/165)        
2023-09-15T23:08:33.9050971Z remote: Compressing objects:  15% (25/165)        
2023-09-15T23:08:33.9051332Z remote: Compressing objects:  16% (27/165)        
2023-09-15T23:08:33.9051693Z remote: Compressing objects:  17% (29/165)        
2023-09-15T23:08:33.9052043Z remote: Compressing objects:  18% (30/165)        
2023-09-15T23:08:33.9052409Z remote: Compressing objects:  19% (32/165)        
2023-09-15T23:08:33.9052774Z remote: Compressing objects:  20% (33/165)        
2023-09-15T23:08:33.9053138Z remote: Compressing objects:  21% (35/165)        
2023-09-15T23:08:33.9053503Z remote: Compressing objects:  22% (37/165)        
2023-09-15T23:08:33.9053960Z remote: Compressing objects:  23% (38/165)        
2023-09-15T23:08:33.9054329Z remote: Compressing objects:  24% (40/165)        
2023-09-15T23:08:33.9054692Z remote: Compressing objects:  25% (42/165)        
2023-09-15T23:08:33.9055054Z remote: Compressing objects:  26% (43/165)        
2023-09-15T23:08:33.9055415Z remote: Compressing objects:  27% (45/165)        
2023-09-15T23:08:33.9055778Z remote: Compressing objects:  28% (47/165)        
2023-09-15T23:08:33.9056129Z remote: Compressing objects:  29% (48/165)        
2023-09-15T23:08:33.9056491Z remote: Compressing objects:  30% (50/165)        
2023-09-15T23:08:33.9056855Z remote: Compressing objects:  31% (52/165)        
2023-09-15T23:08:33.9057361Z remote: Compressing objects:  32% (53/165)        
2023-09-15T23:08:33.9057726Z remote: Compressing objects:  33% (55/165)        
2023-09-15T23:08:33.9058075Z remote: Compressing objects:  34% (57/165)        
2023-09-15T23:08:33.9058437Z remote: Compressing objects:  35% (58/165)        
2023-09-15T23:08:33.9058809Z remote: Compressing objects:  36% (60/165)        
2023-09-15T23:08:33.9059179Z remote: Compressing objects:  37% (62/165)        
2023-09-15T23:08:33.9059541Z remote: Compressing objects:  38% (63/165)        
2023-09-15T23:08:33.9059901Z remote: Compressing objects:  39% (65/165)        
2023-09-15T23:08:33.9060249Z remote: Compressing objects:  40% (66/165)        
2023-09-15T23:08:33.9060612Z remote: Compressing objects:  41% (68/165)        
2023-09-15T23:08:33.9060971Z remote: Compressing objects:  42% (70/165)        
2023-09-15T23:08:33.9061331Z remote: Compressing objects:  43% (71/165)        
2023-09-15T23:08:33.9061691Z remote: Compressing objects:  44% (73/165)        
2023-09-15T23:08:33.9062055Z remote: Compressing objects:  45% (75/165)        
2023-09-15T23:08:33.9062477Z remote: Compressing objects:  46% (76/165)        
2023-09-15T23:08:33.9064047Z remote: Compressing objects:  47% (78/165)        
2023-09-15T23:08:33.9064510Z remote: Compressing objects:  48% (80/165)        
2023-09-15T23:08:33.9064871Z remote: Compressing objects:  49% (81/165)        
2023-09-15T23:08:33.9065413Z remote: Compressing objects:  50% (83/165)        
2023-09-15T23:08:33.9065785Z remote: Compressing objects:  51% (85/165)        
2023-09-15T23:08:33.9066135Z remote: Compressing objects:  52% (86/165)        
2023-09-15T23:08:33.9069808Z remote: Compressing objects:  53% (88/165)        
2023-09-15T23:08:33.9070196Z remote: Compressing objects:  54% (90/165)        
2023-09-15T23:08:33.9072844Z remote: Compressing objects:  55% (91/165)        
2023-09-15T23:08:33.9078406Z remote: Compressing objects:  56% (93/165)        
2023-09-15T23:08:33.9084839Z remote: Compressing objects:  57% (95/165)        
2023-09-15T23:08:33.9094038Z remote: Compressing objects:  58% (96/165)        
2023-09-15T23:08:33.9094739Z remote: Compressing objects:  59% (98/165)        
2023-09-15T23:08:33.9099612Z remote: Compressing objects:  60% (99/165)        
2023-09-15T23:08:33.9268277Z remote: Compressing objects:  61% (101/165)        
2023-09-15T23:08:33.9282295Z remote: Compressing objects:  62% (103/165)        
2023-09-15T23:08:33.9283089Z remote: Compressing objects:  63% (104/165)        
2023-09-15T23:08:33.9283480Z remote: Compressing objects:  64% (106/165)        
2023-09-15T23:08:33.9283851Z remote: Compressing objects:  65% (108/165)        
2023-09-15T23:08:33.9284219Z remote: Compressing objects:  66% (109/165)        
2023-09-15T23:08:33.9284573Z remote: Compressing objects:  67% (111/165)        
2023-09-15T23:08:33.9284945Z remote: Compressing objects:  68% (113/165)        
2023-09-15T23:08:33.9285316Z remote: Compressing objects:  69% (114/165)        
2023-09-15T23:08:33.9285684Z remote: Compressing objects:  70% (116/165)        
2023-09-15T23:08:33.9286055Z remote: Compressing objects:  71% (118/165)        
2023-09-15T23:08:33.9286407Z remote: Compressing objects:  72% (119/165)        
2023-09-15T23:08:33.9286773Z remote: Compressing objects:  73% (121/165)        
2023-09-15T23:08:33.9287401Z remote: Compressing objects:  74% (123/165)        
2023-09-15T23:08:33.9287773Z remote: Compressing objects:  75% (124/165)        
2023-09-15T23:08:33.9288139Z remote: Compressing objects:  76% (126/165)        
2023-09-15T23:08:33.9288505Z remote: Compressing objects:  77% (128/165)        
2023-09-15T23:08:33.9288859Z remote: Compressing objects:  78% (129/165)        
2023-09-15T23:08:33.9289227Z remote: Compressing objects:  79% (131/165)        
2023-09-15T23:08:33.9289595Z remote: Compressing objects:  80% (132/165)        
2023-09-15T23:08:33.9289959Z remote: Compressing objects:  81% (134/165)        
2023-09-15T23:08:33.9290323Z remote: Compressing objects:  82% (136/165)        
2023-09-15T23:08:33.9290684Z remote: Compressing objects:  83% (137/165)        
2023-09-15T23:08:33.9291035Z remote: Compressing objects:  84% (139/165)        
2023-09-15T23:08:33.9291398Z remote: Compressing objects:  85% (141/165)        
2023-09-15T23:08:33.9291767Z remote: Compressing objects:  86% (142/165)        
2023-09-15T23:08:33.9292130Z remote: Compressing objects:  87% (144/165)        
2023-09-15T23:08:33.9292501Z remote: Compressing objects:  88% (146/165)        
2023-09-15T23:08:33.9292855Z remote: Compressing objects:  89% (147/165)        
2023-09-15T23:08:33.9293255Z remote: Compressing objects:  90% (149/165)        
2023-09-15T23:08:33.9293620Z remote: Compressing objects:  91% (151/165)        
2023-09-15T23:08:33.9293968Z remote: Compressing objects:  92% (152/165)        
2023-09-15T23:08:33.9294332Z remote: Compressing objects:  93% (154/165)        
2023-09-15T23:08:33.9294696Z remote: Compressing objects:  94% (156/165)        
2023-09-15T23:08:33.9295060Z remote: Compressing objects:  95% (157/165)        
2023-09-15T23:08:33.9295422Z remote: Compressing objects:  96% (159/165)        
2023-09-15T23:08:33.9295787Z remote: Compressing objects:  97% (161/165)        
2023-09-15T23:08:33.9296139Z remote: Compressing objects:  98% (162/165)        
2023-09-15T23:08:33.9296508Z remote: Compressing objects:  99% (164/165)        
2023-09-15T23:08:33.9296876Z remote: Compressing objects: 100% (165/165)        
2023-09-15T23:08:33.9297378Z remote: Compressing objects: 100% (165/165), done.        
2023-09-15T23:08:33.9297745Z Receiving objects:   0% (1/217)
2023-09-15T23:08:33.9298045Z Receiving objects:   1% (3/217)
2023-09-15T23:08:33.9298353Z Receiving objects:   2% (5/217)
2023-09-15T23:08:33.9298657Z Receiving objects:   3% (7/217)
2023-09-15T23:08:33.9298961Z Receiving objects:   4% (9/217)
2023-09-15T23:08:33.9299269Z Receiving objects:   5% (11/217)
2023-09-15T23:08:33.9299568Z Receiving objects:   6% (14/217)
2023-09-15T23:08:33.9299876Z Receiving objects:   7% (16/217)
2023-09-15T23:08:33.9300181Z Receiving objects:   8% (18/217)
2023-09-15T23:08:33.9300486Z Receiving objects:   9% (20/217)
2023-09-15T23:08:33.9300794Z Receiving objects:  10% (22/217)
2023-09-15T23:08:33.9301097Z Receiving objects:  11% (24/217)
2023-09-15T23:08:33.9301397Z Receiving objects:  12% (27/217)
2023-09-15T23:08:33.9301698Z Receiving objects:  13% (29/217)
2023-09-15T23:08:33.9302004Z Receiving objects:  14% (31/217)
2023-09-15T23:08:33.9302314Z Receiving objects:  15% (33/217)
2023-09-15T23:08:33.9302618Z Receiving objects:  16% (35/217)
2023-09-15T23:08:33.9303898Z Receiving objects:  17% (37/217)
2023-09-15T23:08:33.9304216Z Receiving objects:  18% (40/217)
2023-09-15T23:08:33.9304522Z Receiving objects:  19% (42/217)
2023-09-15T23:08:33.9304827Z Receiving objects:  20% (44/217)
2023-09-15T23:08:33.9305132Z Receiving objects:  21% (46/217)
2023-09-15T23:08:33.9305771Z Receiving objects:  22% (48/217)
2023-09-15T23:08:33.9306067Z Receiving objects:  23% (50/217)
2023-09-15T23:08:33.9307743Z Receiving objects:  24% (53/217)
2023-09-15T23:08:33.9308808Z Receiving objects:  25% (55/217)
2023-09-15T23:08:33.9309432Z Receiving objects:  26% (57/217)
2023-09-15T23:08:33.9310309Z Receiving objects:  27% (59/217)
2023-09-15T23:08:33.9311608Z Receiving objects:  28% (61/217)
2023-09-15T23:08:33.9313004Z Receiving objects:  29% (63/217)
2023-09-15T23:08:33.9313619Z Receiving objects:  30% (66/217)
2023-09-15T23:08:33.9315598Z Receiving objects:  31% (68/217)
2023-09-15T23:08:33.9316223Z Receiving objects:  32% (70/217)
2023-09-15T23:08:33.9333369Z Receiving objects:  33% (72/217)
2023-09-15T23:08:33.9335455Z Receiving objects:  34% (74/217)
2023-09-15T23:08:33.9338047Z Receiving objects:  35% (76/217)
2023-09-15T23:08:33.9338375Z Receiving objects:  36% (79/217)
2023-09-15T23:08:33.9340684Z Receiving objects:  37% (81/217)
2023-09-15T23:08:33.9341982Z Receiving objects:  38% (83/217)
2023-09-15T23:08:33.9345361Z Receiving objects:  39% (85/217)
2023-09-15T23:08:33.9349713Z Receiving objects:  40% (87/217)
2023-09-15T23:08:33.9362945Z Receiving objects:  41% (89/217)
2023-09-15T23:08:33.9367968Z Receiving objects:  42% (92/217)
2023-09-15T23:08:33.9368908Z Receiving objects:  43% (94/217)
2023-09-15T23:08:33.9370130Z Receiving objects:  44% (96/217)
2023-09-15T23:08:33.9373030Z Receiving objects:  45% (98/217)
2023-09-15T23:08:33.9373654Z Receiving objects:  46% (100/217)
2023-09-15T23:08:33.9376443Z Receiving objects:  47% (102/217)
2023-09-15T23:08:33.9440317Z Receiving objects:  48% (105/217)
2023-09-15T23:08:33.9441167Z Receiving objects:  49% (107/217)
2023-09-15T23:08:33.9441490Z Receiving objects:  50% (109/217)
2023-09-15T23:08:33.9441801Z Receiving objects:  51% (111/217)
2023-09-15T23:08:33.9442115Z Receiving objects:  52% (113/217)
2023-09-15T23:08:33.9442483Z Receiving objects:  53% (116/217)
2023-09-15T23:08:33.9442778Z Receiving objects:  54% (118/217)
2023-09-15T23:08:33.9443087Z Receiving objects:  55% (120/217)
2023-09-15T23:08:33.9443394Z Receiving objects:  56% (122/217)
2023-09-15T23:08:33.9443699Z Receiving objects:  57% (124/217)
2023-09-15T23:08:33.9444299Z Receiving objects:  58% (126/217)
2023-09-15T23:08:33.9447353Z Receiving objects:  59% (129/217)
2023-09-15T23:08:33.9455408Z Receiving objects:  60% (131/217)
2023-09-15T23:08:33.9455756Z Receiving objects:  61% (133/217)
2023-09-15T23:08:33.9456083Z Receiving objects:  62% (135/217)
2023-09-15T23:08:33.9490204Z Receiving objects:  63% (137/217)
2023-09-15T23:08:33.9491205Z Receiving objects:  64% (139/217)
2023-09-15T23:08:33.9491550Z Receiving objects:  65% (142/217)
2023-09-15T23:08:33.9491901Z Receiving objects:  66% (144/217)
2023-09-15T23:08:33.9492216Z Receiving objects:  67% (146/217)
2023-09-15T23:08:33.9492523Z Receiving objects:  68% (148/217)
2023-09-15T23:08:33.9492836Z Receiving objects:  69% (150/217)
2023-09-15T23:08:33.9493142Z Receiving objects:  70% (152/217)
2023-09-15T23:08:33.9493449Z Receiving objects:  71% (155/217)
2023-09-15T23:08:33.9493742Z Receiving objects:  72% (157/217)
2023-09-15T23:08:33.9494046Z Receiving objects:  73% (159/217)
2023-09-15T23:08:33.9494352Z Receiving objects:  74% (161/217)
2023-09-15T23:08:33.9495129Z Receiving objects:  75% (163/217)
2023-09-15T23:08:33.9495443Z Receiving objects:  76% (165/217)
2023-09-15T23:08:33.9495737Z Receiving objects:  77% (168/217)
2023-09-15T23:08:33.9502972Z Receiving objects:  78% (170/217)
2023-09-15T23:08:33.9505091Z Receiving objects:  79% (172/217)
2023-09-15T23:08:33.9505429Z Receiving objects:  80% (174/217)
2023-09-15T23:08:33.9506493Z Receiving objects:  81% (176/217)
2023-09-15T23:08:33.9706451Z Receiving objects:  82% (178/217)
2023-09-15T23:08:33.9707580Z remote: Total 217 (delta 32), reused 92 (delta 3), pack-reused 0        
2023-09-15T23:08:33.9707983Z Receiving objects:  83% (181/217)
2023-09-15T23:08:33.9708301Z Receiving objects:  84% (183/217)
2023-09-15T23:08:33.9708726Z Receiving objects:  85% (185/217)
2023-09-15T23:08:33.9709029Z Receiving objects:  86% (187/217)
2023-09-15T23:08:33.9709388Z Receiving objects:  87% (189/217)
2023-09-15T23:08:33.9709698Z Receiving objects:  88% (191/217)
2023-09-15T23:08:33.9710003Z Receiving objects:  89% (194/217)
2023-09-15T23:08:33.9710312Z Receiving objects:  90% (196/217)
2023-09-15T23:08:33.9710618Z Receiving objects:  91% (198/217)
2023-09-15T23:08:33.9710913Z Receiving objects:  92% (200/217)
2023-09-15T23:08:33.9711469Z Receiving objects:  93% (202/217)
2023-09-15T23:08:33.9711774Z Receiving objects:  94% (204/217)
2023-09-15T23:08:33.9712290Z Receiving objects:  95% (207/217)
2023-09-15T23:08:33.9712603Z Receiving objects:  96% (209/217)
2023-09-15T23:08:33.9712898Z Receiving objects:  97% (211/217)
2023-09-15T23:08:33.9713205Z Receiving objects:  98% (213/217)
2023-09-15T23:08:33.9713511Z Receiving objects:  99% (215/217)
2023-09-15T23:08:33.9713812Z Receiving objects: 100% (217/217)
2023-09-15T23:08:33.9714169Z Receiving objects: 100% (217/217), 375.73 KiB | 7.51 MiB/s, done.
2023-09-15T23:08:33.9714908Z Resolving deltas:   0% (0/32)
2023-09-15T23:08:33.9715216Z Resolving deltas:   3% (1/32)
2023-09-15T23:08:33.9715522Z Resolving deltas:   6% (2/32)
2023-09-15T23:08:33.9715824Z Resolving deltas:   9% (3/32)
2023-09-15T23:08:33.9716125Z Resolving deltas:  12% (4/32)
2023-09-15T23:08:33.9716413Z Resolving deltas:  15% (5/32)
2023-09-15T23:08:33.9716712Z Resolving deltas:  18% (6/32)
2023-09-15T23:08:33.9717022Z Resolving deltas:  21% (7/32)
2023-09-15T23:08:33.9717320Z Resolving deltas:  25% (8/32)
2023-09-15T23:08:33.9717620Z Resolving deltas:  28% (9/32)
2023-09-15T23:08:33.9717920Z Resolving deltas:  31% (10/32)
2023-09-15T23:08:33.9718211Z Resolving deltas:  34% (11/32)
2023-09-15T23:08:33.9718514Z Resolving deltas:  37% (12/32)
2023-09-15T23:08:33.9718815Z Resolving deltas:  40% (13/32)
2023-09-15T23:08:33.9719116Z Resolving deltas:  43% (14/32)
2023-09-15T23:08:33.9719415Z Resolving deltas:  46% (15/32)
2023-09-15T23:08:33.9719699Z Resolving deltas:  50% (16/32)
2023-09-15T23:08:33.9719997Z Resolving deltas:  53% (17/32)
2023-09-15T23:08:33.9720295Z Resolving deltas:  56% (18/32)
2023-09-15T23:08:33.9720594Z Resolving deltas:  59% (19/32)
2023-09-15T23:08:33.9721643Z Resolving deltas:  62% (20/32)
2023-09-15T23:08:33.9721945Z Resolving deltas:  65% (21/32)
2023-09-15T23:08:33.9722248Z Resolving deltas:  68% (22/32)
2023-09-15T23:08:33.9722547Z Resolving deltas:  71% (23/32)
2023-09-15T23:08:33.9722856Z Resolving deltas:  75% (24/32)
2023-09-15T23:08:33.9723154Z Resolving deltas:  78% (25/32)
2023-09-15T23:08:33.9723455Z Resolving deltas:  81% (26/32)
2023-09-15T23:08:33.9723933Z Resolving deltas:  84% (27/32)
2023-09-15T23:08:33.9724242Z Resolving deltas:  87% (28/32)
2023-09-15T23:08:33.9724541Z Resolving deltas:  90% (29/32)
2023-09-15T23:08:33.9724838Z Resolving deltas:  93% (30/32)
2023-09-15T23:08:33.9725136Z Resolving deltas:  96% (31/32)
2023-09-15T23:08:33.9725422Z Resolving deltas: 100% (32/32)
2023-09-15T23:08:33.9725731Z Resolving deltas: 100% (32/32), done.
2023-09-15T23:08:33.9896802Z From https://github.com/adamint/spotify-web-api-kotlin
2023-09-15T23:08:33.9897504Z  * [new ref]         0773a2ef6de301beb3ffa1fbd28b8d20331d9235 -> pull/328/merge
2023-09-15T23:08:33.9898310Z ##[endgroup]
2023-09-15T23:08:33.9898860Z ##[group]Determining the checkout info
2023-09-15T23:08:33.9899360Z ##[endgroup]
2023-09-15T23:08:33.9899839Z ##[group]Checking out the ref
2023-09-15T23:08:33.9900371Z [command]/usr/bin/git checkout --progress --force refs/remotes/pull/328/merge
2023-09-15T23:08:34.0107766Z Note: switching to 'refs/remotes/pull/328/merge'.
2023-09-15T23:08:34.0122053Z 
2023-09-15T23:08:34.0122573Z You are in 'detached HEAD' state. You can look around, make experimental
2023-09-15T23:08:34.0123116Z changes and commit them, and you can discard any commits you make in this
2023-09-15T23:08:34.0123617Z state without impacting any branches by switching back to a branch.
2023-09-15T23:08:34.0123891Z 
2023-09-15T23:08:34.0124115Z If you want to create a new branch to retain commits you create, you may
2023-09-15T23:08:34.0124675Z do so (now or later) by using -c with the switch command. Example:
2023-09-15T23:08:34.0124938Z 
2023-09-15T23:08:34.0125119Z   git switch -c <new-branch-name>
2023-09-15T23:08:34.0125327Z 
2023-09-15T23:08:34.0125477Z Or undo this operation with:
2023-09-15T23:08:34.0125675Z 
2023-09-15T23:08:34.0125779Z   git switch -
2023-09-15T23:08:34.0125944Z 
2023-09-15T23:08:34.0126417Z Turn off this advice by setting config variable advice.detachedHead to false
2023-09-15T23:08:34.0126718Z 
2023-09-15T23:08:34.0127020Z HEAD is now at 0773a2e Merge 11686f22db8dfa044e838eef4e9f0180b0dc784d into 825224f82d894103a1409ee4ed298f81850e4bb0
2023-09-15T23:08:34.0127893Z ##[endgroup]
2023-09-15T23:08:34.0152848Z [command]/usr/bin/git log -1 --format='%H'
2023-09-15T23:08:34.0186052Z '0773a2ef6de301beb3ffa1fbd28b8d20331d9235'
2023-09-15T23:08:34.0543117Z ##[group]Run actions/setup-java@v2
2023-09-15T23:08:34.0543503Z with:
2023-09-15T23:08:34.0543857Z   distribution: adopt
2023-09-15T23:08:34.0544332Z   java-version: 11
2023-09-15T23:08:34.0544689Z   java-package: jdk
2023-09-15T23:08:34.0545052Z   architecture: x64
2023-09-15T23:08:34.0545355Z   check-latest: false
2023-09-15T23:08:34.0545806Z   server-id: github
2023-09-15T23:08:34.0546185Z   server-username: GITHUB_ACTOR
2023-09-15T23:08:34.0546585Z   server-password: GITHUB_TOKEN
2023-09-15T23:08:34.0546995Z   overwrite-settings: true
2023-09-15T23:08:34.0547331Z   job-status: success
2023-09-15T23:08:34.0547707Z env:
2023-09-15T23:08:34.0548336Z   SPOTIFY_CLIENT_ID: ***
2023-09-15T23:08:34.0549022Z   SPOTIFY_CLIENT_SECRET: ***
2023-09-15T23:08:34.0549399Z ##[endgroup]
2023-09-15T23:08:34.2471390Z Trying to resolve the latest version from remote
2023-09-15T23:08:34.8426247Z Resolved latest version as 11.0.20+101
2023-09-15T23:08:34.8426964Z Trying to download...
2023-09-15T23:08:34.8429912Z Downloading Java 11.0.20+101 (Adopt-Hotspot) from https://github.com/adoptium/temurin11-binaries/releases/download/jdk-11.0.20.1%2B1/OpenJDK11U-jdk_x64_linux_hotspot_11.0.20.1_1.tar.gz ...
2023-09-15T23:08:35.8453591Z Extracting Java archive...
2023-09-15T23:08:35.8575200Z [command]/usr/bin/tar xz --warning=no-unknown-keyword -C /home/runner/work/_temp/af596667-857d-46e4-b835-e48e2b0a836a -f /home/runner/work/_temp/14db13e3-ad27-4604-bfe0-2488ebc7eecd
2023-09-15T23:08:39.8649391Z Java 11.0.20+101 was downloaded
2023-09-15T23:08:39.8651265Z Setting Java 11.0.20+101 as the default
2023-09-15T23:08:39.8666841Z 
2023-09-15T23:08:39.8667270Z Java configuration:
2023-09-15T23:08:39.8672194Z   Distribution: adopt
2023-09-15T23:08:39.8672484Z   Version: 11.0.20+101
2023-09-15T23:08:39.8673110Z   Path: /opt/hostedtoolcache/Java_Adopt_jdk/11.0.20-101/x64
2023-09-15T23:08:39.8673326Z 
2023-09-15T23:08:39.8698557Z Creating settings.xml with server-id: github
2023-09-15T23:08:39.8786630Z Writing to /home/runner/.m2/settings.xml
2023-09-15T23:08:39.9025520Z ##[group]Run sudo apt-get install -y curl libcurl4-openssl-dev
2023-09-15T23:08:39.9026018Z [36;1msudo apt-get install -y curl libcurl4-openssl-dev[0m
2023-09-15T23:08:39.9091364Z shell: /usr/bin/bash -e {0}
2023-09-15T23:08:39.9091639Z env:
2023-09-15T23:08:39.9092222Z   SPOTIFY_CLIENT_ID: ***
2023-09-15T23:08:39.9092554Z   SPOTIFY_CLIENT_SECRET: ***
2023-09-15T23:08:39.9092890Z   JAVA_HOME: /opt/hostedtoolcache/Java_Adopt_jdk/11.0.20-101/x64
2023-09-15T23:08:39.9093207Z ##[endgroup]
2023-09-15T23:08:41.2736282Z Reading package lists...
2023-09-15T23:08:41.4906261Z Building dependency tree...
2023-09-15T23:08:41.4926219Z Reading state information...
2023-09-15T23:08:41.6185545Z curl is already the newest version (7.81.0-1ubuntu1.13).
2023-09-15T23:08:41.6192420Z Suggested packages:
2023-09-15T23:08:41.6193615Z   libcurl4-doc libidn11-dev libkrb5-dev libldap2-dev librtmp-dev libssh2-1-dev
2023-09-15T23:08:41.6358999Z The following NEW packages will be installed:
2023-09-15T23:08:41.6364263Z   libcurl4-openssl-dev
2023-09-15T23:08:41.6546668Z 0 upgraded, 1 newly installed, 0 to remove and 28 not upgraded.
2023-09-15T23:08:41.6549853Z Need to get 386 kB of archives.
2023-09-15T23:08:41.6557334Z After this operation, 1697 kB of additional disk space will be used.
2023-09-15T23:08:41.6558170Z Get:1 file:/etc/apt/apt-mirrors.txt Mirrorlist [142 B]
2023-09-15T23:08:41.6942055Z Get:2 http://azure.archive.ubuntu.com/ubuntu jammy-updates/main amd64 libcurl4-openssl-dev amd64 7.81.0-1ubuntu1.13 [386 kB]
2023-09-15T23:08:42.0648996Z Fetched 386 kB in 0s (6365 kB/s)
2023-09-15T23:08:42.0947914Z Selecting previously unselected package libcurl4-openssl-dev:amd64.
2023-09-15T23:08:42.1195442Z (Reading database ... 
2023-09-15T23:08:42.1196106Z (Reading database ... 5%
2023-09-15T23:08:42.1196531Z (Reading database ... 10%
2023-09-15T23:08:42.1196919Z (Reading database ... 15%
2023-09-15T23:08:42.1197293Z (Reading database ... 20%
2023-09-15T23:08:42.1197653Z (Reading database ... 25%
2023-09-15T23:08:42.1198111Z (Reading database ... 30%
2023-09-15T23:08:42.1201061Z (Reading database ... 35%
2023-09-15T23:08:42.1202885Z (Reading database ... 40%
2023-09-15T23:08:42.1203336Z (Reading database ... 45%
2023-09-15T23:08:42.1203752Z (Reading database ... 50%
2023-09-15T23:08:42.1516339Z (Reading database ... 55%
2023-09-15T23:08:42.1793736Z (Reading database ... 60%
2023-09-15T23:08:42.2036485Z (Reading database ... 65%
2023-09-15T23:08:42.2552212Z (Reading database ... 70%
2023-09-15T23:08:42.2864041Z (Reading database ... 75%
2023-09-15T23:08:42.3550257Z (Reading database ... 80%
2023-09-15T23:08:42.4283180Z (Reading database ... 85%
2023-09-15T23:08:42.4608041Z (Reading database ... 90%
2023-09-15T23:08:42.5154964Z (Reading database ... 95%
2023-09-15T23:08:42.5155335Z (Reading database ... 100%
2023-09-15T23:08:42.5155758Z (Reading database ... 228594 files and directories currently installed.)
2023-09-15T23:08:42.5260137Z Preparing to unpack .../libcurl4-openssl-dev_7.81.0-1ubuntu1.13_amd64.deb ...
2023-09-15T23:08:42.5314360Z Unpacking libcurl4-openssl-dev:amd64 (7.81.0-1ubuntu1.13) ...
2023-09-15T23:08:42.5953868Z Setting up libcurl4-openssl-dev:amd64 (7.81.0-1ubuntu1.13) ...
2023-09-15T23:08:42.5985545Z Processing triggers for man-db (2.10.2-1) ...
2023-09-15T23:08:43.3639940Z NEEDRESTART-VER: 3.5
2023-09-15T23:08:43.6934899Z NEEDRESTART-KCUR: 6.2.0-1011-azure
2023-09-15T23:08:43.6935726Z NEEDRESTART-KEXP: 6.2.0-1011-azure
2023-09-15T23:08:43.6936461Z NEEDRESTART-KSTA: 1
2023-09-15T23:08:46.4117278Z ##[group]Run ./gradlew testDebugUnitTest
2023-09-15T23:08:46.4117662Z [36;1m./gradlew testDebugUnitTest[0m
2023-09-15T23:08:46.4176892Z shell: /usr/bin/bash -e {0}
2023-09-15T23:08:46.4177134Z env:
2023-09-15T23:08:46.4177480Z   SPOTIFY_CLIENT_ID: ***
2023-09-15T23:08:46.4177801Z   SPOTIFY_CLIENT_SECRET: ***
2023-09-15T23:08:46.4178135Z   JAVA_HOME: /opt/hostedtoolcache/Java_Adopt_jdk/11.0.20-101/x64
2023-09-15T23:08:46.4178436Z ##[endgroup]
2023-09-15T23:08:46.5679135Z Downloading https://services.gradle.org/distributions/gradle-8.3-bin.zip
2023-09-15T23:08:48.2570099Z ............10%............20%.............30%............40%.............50%............60%.............70%............80%.............90%............100%
2023-09-15T23:08:49.6204205Z 
2023-09-15T23:08:49.6204912Z Welcome to Gradle 8.3!
2023-09-15T23:08:49.6279927Z 
2023-09-15T23:08:49.6280284Z Here are the highlights of this release:
2023-09-15T23:08:49.6280856Z  - Faster Java compilation
2023-09-15T23:08:49.6281237Z  - Reduced memory usage
2023-09-15T23:08:49.6281597Z  - Support for running on Java 20
2023-09-15T23:08:49.6281775Z 
2023-09-15T23:08:49.6282060Z For more details see https://docs.gradle.org/8.3/release-notes.html
2023-09-15T23:08:49.6282295Z 
2023-09-15T23:08:49.8176264Z Starting a Gradle Daemon (subsequent builds will be faster)
2023-09-15T23:10:04.3216032Z 
2023-09-15T23:10:04.3216056Z 
2023-09-15T23:10:04.3216478Z FAILURE: Build completed with 2 failures.
2023-09-15T23:10:04.3216831Z > Configure project :
2023-09-15T23:10:04.3216997Z 
2023-09-15T23:10:04.3217846Z The Kotlin source set commonTest was configured but not added to any Kotlin compilation. You can add a source set to a target's compilation by connecting it with the compilation's default source set using 'dependsOn'.
2023-09-15T23:10:04.3218533Z See https://kotl.in/connecting-source-sets
2023-09-15T23:10:04.4209544Z 
2023-09-15T23:10:04.4209573Z 
2023-09-15T23:10:04.4210003Z 1: Task failed with an exception.
2023-09-15T23:10:04.4210544Z -----------
2023-09-15T23:10:04.4210765Z * Where:
2023-09-15T23:10:04.4211745Z Deprecated Gradle features were used in this build, making it incompatible with Gradle 9.0.
2023-09-15T23:10:04.4212595Z Build file '/home/runner/work/spotify-web-api-kotlin/spotify-web-api-kotlin/build.gradle.kts' line: 9
2023-09-15T23:10:04.4212892Z 
2023-09-15T23:10:04.4212900Z 
2023-09-15T23:10:04.4213133Z * What went wrong:
2023-09-15T23:10:04.4213862Z You can use '--warning-mode all' to show the individual deprecation warnings and determine if they come from your own scripts or plugins.
2023-09-15T23:10:04.4214749Z An exception occurred applying plugin request [id: 'com.android.library', artifact: 'com.android.tools.build:gradle:8.1.0']
2023-09-15T23:10:04.4215081Z 
2023-09-15T23:10:04.4215471Z > Failed to apply plugin 'com.android.internal.library'.
2023-09-15T23:10:04.4216068Z For more on this, please refer to https://docs.gradle.org/8.3/userguide/command_line_interface.html#sec:command_line_warnings in the Gradle documentation.
2023-09-15T23:10:04.4216742Z    > Android Gradle plugin requires Java 17 to run. You are currently using Java 11.
2023-09-15T23:10:04.4217404Z       Your current JDK is located in /opt/hostedtoolcache/Java_Adopt_jdk/11.0.20-101/x64
2023-09-15T23:10:04.4217884Z       You can try some of the following options:
2023-09-15T23:10:04.4218330Z        - changing the IDE settings.
2023-09-15T23:10:04.4218800Z        - changing the JAVA_HOME environment variable.
2023-09-15T23:10:04.4219443Z        - changing `org.gradle.java.home` in `gradle.properties`.
2023-09-15T23:10:04.4219759Z 
2023-09-15T23:10:04.4220088Z * Try:
2023-09-15T23:10:04.4237508Z > Run with --stacktrace option to get the stack trace.
2023-09-15T23:10:04.4238112Z > Run with --info or --debug option to get more log output.
2023-09-15T23:10:04.4238593Z > Run with --scan to get full insights.
2023-09-15T23:10:04.4239027Z > Get more help at https://help.gradle.org.
2023-09-15T23:10:04.4239788Z ==============================================================================
2023-09-15T23:10:04.4240065Z 
2023-09-15T23:10:04.4240373Z 2: Task failed with an exception.
2023-09-15T23:10:04.4240759Z -----------
2023-09-15T23:10:04.4241193Z * Where:
2023-09-15T23:10:04.4242467Z Build file '/home/runner/work/spotify-web-api-kotlin/spotify-web-api-kotlin/build.gradle.kts' line: 9
2023-09-15T23:10:04.4242996Z 
2023-09-15T23:10:04.4243495Z * What went wrong:
2023-09-15T23:10:04.4244249Z An exception occurred applying plugin request [id: 'com.android.library', artifact: 'com.android.tools.build:gradle:8.1.0']
2023-09-15T23:10:04.4245229Z > Failed to apply plugin 'com.android.internal.library'.
2023-09-15T23:10:04.4245829Z    > Android Gradle plugin requires Java 17 to run. You are currently using Java 11.
2023-09-15T23:10:04.4246774Z       Your current JDK is located in /opt/hostedtoolcache/Java_Adopt_jdk/11.0.20-101/x64
2023-09-15T23:10:04.4247343Z       You can try some of the following options:
2023-09-15T23:10:04.4248063Z        - changing the IDE settings.
2023-09-15T23:10:04.4248636Z        - changing the JAVA_HOME environment variable.
2023-09-15T23:10:04.4249469Z        - changing `org.gradle.java.home` in `gradle.properties`.
2023-09-15T23:10:04.4249861Z 
2023-09-15T23:10:04.4250280Z * Try:
2023-09-15T23:10:04.4250793Z > Run with --stacktrace option to get the stack trace.
2023-09-15T23:10:04.4251574Z > Run with --info or --debug option to get more log output.
2023-09-15T23:10:04.4252127Z > Run with --scan to get full insights.
2023-09-15T23:10:04.4252825Z > Get more help at https://help.gradle.org.
2023-09-15T23:10:04.4253312Z ==============================================================================
2023-09-15T23:10:04.4253834Z 
2023-09-15T23:10:04.4254086Z BUILD FAILED in 1m 17s
2023-09-15T23:10:04.8844111Z ##[error]Process completed with exit code 1.
2023-09-15T23:10:04.8907051Z ##[group]Run actions/upload-artifact@v2
2023-09-15T23:10:04.8907321Z with:
2023-09-15T23:10:04.8907562Z   name: code-coverage-report
2023-09-15T23:10:04.8907824Z   path: build/reports
2023-09-15T23:10:04.8908084Z   if-no-files-found: warn
2023-09-15T23:10:04.8908497Z env:
2023-09-15T23:10:04.8909625Z   SPOTIFY_CLIENT_ID: ***
2023-09-15T23:10:04.8909930Z   SPOTIFY_CLIENT_SECRET: ***
2023-09-15T23:10:04.8910260Z   JAVA_HOME: /opt/hostedtoolcache/Java_Adopt_jdk/11.0.20-101/x64
2023-09-15T23:10:04.8910564Z ##[endgroup]
2023-09-15T23:10:04.9581074Z ##[warning]No files were found with the provided path: build/reports. No artifacts will be uploaded.
2023-09-15T23:10:04.9648039Z Post job cleanup.
2023-09-15T23:10:05.1371076Z Post job cleanup.
2023-09-15T23:10:05.2732858Z [command]/usr/bin/git version
2023-09-15T23:10:05.2790865Z git version 2.42.0
2023-09-15T23:10:05.2854922Z Temporarily overriding HOME='/home/runner/work/_temp/54d25a3c-3508-4812-b113-bf13fca91f7e' before making global git config changes
2023-09-15T23:10:05.2855624Z Adding repository directory to the temporary git global config as a safe directory
2023-09-15T23:10:05.2860193Z [command]/usr/bin/git config --global --add safe.directory /home/runner/work/spotify-web-api-kotlin/spotify-web-api-kotlin
2023-09-15T23:10:05.2949094Z [command]/usr/bin/git config --local --name-only --get-regexp core\.sshCommand
2023-09-15T23:10:05.2994934Z [command]/usr/bin/git submodule foreach --recursive sh -c "git config --local --name-only --get-regexp 'core\.sshCommand' && git config --local --unset-all 'core.sshCommand' || :"
2023-09-15T23:10:05.3253730Z [command]/usr/bin/git config --local --name-only --get-regexp http\.https\:\/\/github\.com\/\.extraheader
2023-09-15T23:10:05.3284282Z http.https://github.com/.extraheader
2023-09-15T23:10:05.3297996Z [command]/usr/bin/git config --local --unset-all http.https://github.com/.extraheader
2023-09-15T23:10:05.3338537Z [command]/usr/bin/git submodule foreach --recursive sh -c "git config --local --name-only --get-regexp 'http\.https\:\/\/github\.com\/\.extraheader' && git config --local --unset-all 'http.https://github.com/.extraheader' || :"
2023-09-15T23:10:05.3968184Z Cleaning up orphan processes
2023-09-15T23:10:05.4236872Z Terminate orphan process: pid (1890) (java)
