2023-09-15T23:56:32.3833564Z Requested labels: ubuntu-latest
2023-09-15T23:56:32.3833902Z Job defined at: adamint/spotify-web-api-kotlin/.github/workflows/release.yml@refs/heads/main
2023-09-15T23:56:32.3834021Z Waiting for a runner to pick up this job...
2023-09-15T23:56:32.6616632Z Job is waiting for a hosted runner to come online.
2023-09-15T23:56:35.0908064Z Job is about to start running on the hosted runner: GitHub Actions 3 (hosted)
2023-09-15T23:56:37.3207919Z Current runner version: '2.309.0'
2023-09-15T23:56:37.3239051Z ##[group]Operating System
2023-09-15T23:56:37.3240271Z Ubuntu
2023-09-15T23:56:37.3241290Z 22.04.3
2023-09-15T23:56:37.3242247Z LTS
2023-09-15T23:56:37.3243182Z ##[endgroup]
2023-09-15T23:56:37.3244195Z ##[group]Runner Image
2023-09-15T23:56:37.3245171Z Image: ubuntu-22.04
2023-09-15T23:56:37.3246194Z Version: 20230911.1.0
2023-09-15T23:56:37.3247584Z Included Software: https://github.com/actions/runner-images/blob/ubuntu22/20230911.1/images/linux/Ubuntu2204-Readme.md
2023-09-15T23:56:37.3249257Z Image Release: https://github.com/actions/runner-images/releases/tag/ubuntu22%2F20230911.1
2023-09-15T23:56:37.3250598Z ##[endgroup]
2023-09-15T23:56:37.3251600Z ##[group]Runner Image Provisioner
2023-09-15T23:56:37.3252678Z 2.0.299.1
2023-09-15T23:56:37.3253623Z ##[endgroup]
2023-09-15T23:56:37.3256010Z ##[group]GITHUB_TOKEN Permissions
2023-09-15T23:56:37.3258593Z Actions: write
2023-09-15T23:56:37.3259632Z Checks: write
2023-09-15T23:56:37.3260833Z Contents: write
2023-09-15T23:56:37.3261927Z Deployments: write
2023-09-15T23:56:37.3262954Z Discussions: write
2023-09-15T23:56:37.3263914Z Issues: write
2023-09-15T23:56:37.3264930Z Metadata: read
2023-09-15T23:56:37.3265973Z Packages: write
2023-09-15T23:56:37.3267020Z Pages: write
2023-09-15T23:56:37.3268057Z PullRequests: write
2023-09-15T23:56:37.3269020Z RepositoryProjects: write
2023-09-15T23:56:37.3270108Z SecurityEvents: write
2023-09-15T23:56:37.3271272Z Statuses: write
2023-09-15T23:56:37.3272261Z ##[endgroup]
2023-09-15T23:56:37.3276648Z Secret source: Actions
2023-09-15T23:56:37.3277936Z Prepare workflow directory
2023-09-15T23:56:37.4404582Z Prepare all required actions
2023-09-15T23:56:37.4598204Z Getting action download info
2023-09-15T23:56:37.6742086Z Download action repository 'actions/checkout@v2' (SHA:ee0669bd1cc54295c223e0bb666b733df41de1c5)
2023-09-15T23:56:37.9758473Z Download action repository 'actions/setup-java@v2' (SHA:91d3aa4956ec4a53e477c4907347b5e3481be8c9)
2023-09-15T23:56:38.2187032Z Download action repository 'actions/upload-artifact@v2' (SHA:82c141cc518b40d92cc801eee768e7aafc9c2fa2)
2023-09-15T23:56:38.5424099Z Complete job name: release_android_jvm_linux_js
2023-09-15T23:56:38.6346786Z ##[group]Run actions/checkout@v2
2023-09-15T23:56:38.6347647Z with:
2023-09-15T23:56:38.6348411Z   repository: adamint/spotify-web-api-kotlin
2023-09-15T23:56:38.6349504Z   token: ***
2023-09-15T23:56:38.6350228Z   ssh-strict: true
2023-09-15T23:56:38.6350972Z   persist-credentials: true
2023-09-15T23:56:38.6351929Z   clean: true
2023-09-15T23:56:38.6352622Z   fetch-depth: 1
2023-09-15T23:56:38.6353324Z   lfs: false
2023-09-15T23:56:38.6353997Z   submodules: false
2023-09-15T23:56:38.6354713Z   set-safe-directory: true
2023-09-15T23:56:38.6355417Z env:
2023-09-15T23:56:38.6356218Z   SPOTIFY_CLIENT_ID: ***
2023-09-15T23:56:38.6357065Z   SPOTIFY_CLIENT_SECRET: ***
2023-09-15T23:56:38.6360657Z   SPOTIFY_TOKEN_STRING: BQDdMp_9UXHCE7dmz2aqmtd-odJrBMJhf-eCpyhwyPlEyM8TxqXnz83DXPenm207LL2TDdMYPybLi4D7yBQvM-HuVmfs64dRp8z28GXdMW7eA0MDtJWMmv13aAA62864KN3tgHVoqUeSqRyIr8zFZcnSSN1ccp898FOX1arGsrOOpxtsqRb3aVCHiTsZxEH5KtNMEPe-Z7c-o7suZJ0aIgSDoJXFFuGxVkZGPVBNm1dP_8gfhJOyYZjPOcA9Ma1FFhQyprMOlIFwgC8ndMcU0z0OHpAoS81CVB8N4C36nhuhZQpI4OFab4oaJFLPBOqbAWk
2023-09-15T23:56:38.6364383Z   SPOTIFY_REDIRECT_URI: https://***.com/projects/spotify/callback
2023-09-15T23:56:38.6365348Z   NEXUS_USERNAME: ***
2023-09-15T23:56:38.6366127Z   NEXUS_PASSWORD: ***
2023-09-15T23:56:38.6387660Z   ORG_GRADLE_PROJECT_SIGNING_KEY: ***
2023-09-15T23:56:38.6388571Z   ORG_GRADLE_PROJECT_SIGNING_PASSWORD: ***
2023-09-15T23:56:38.6389443Z   SPOTIFY_API_PUBLISH_VERSION: 4.0.3
2023-09-15T23:56:38.6390225Z ##[endgroup]
2023-09-15T23:56:38.9364850Z Syncing repository: adamint/spotify-web-api-kotlin
2023-09-15T23:56:38.9368632Z ##[group]Getting Git version info
2023-09-15T23:56:38.9370635Z Working directory is '/home/runner/work/spotify-web-api-kotlin/spotify-web-api-kotlin'
2023-09-15T23:56:38.9372992Z [command]/usr/bin/git version
2023-09-15T23:56:38.9418339Z git version 2.42.0
2023-09-15T23:56:38.9446588Z ##[endgroup]
2023-09-15T23:56:38.9465677Z Temporarily overriding HOME='/home/runner/work/_temp/be6d35b0-d882-4043-9371-09da3bdc2e3a' before making global git config changes
2023-09-15T23:56:38.9467414Z Adding repository directory to the temporary git global config as a safe directory
2023-09-15T23:56:38.9472034Z [command]/usr/bin/git config --global --add safe.directory /home/runner/work/spotify-web-api-kotlin/spotify-web-api-kotlin
2023-09-15T23:56:38.9517984Z Deleting the contents of '/home/runner/work/spotify-web-api-kotlin/spotify-web-api-kotlin'
2023-09-15T23:56:38.9524110Z ##[group]Initializing the repository
2023-09-15T23:56:38.9528896Z [command]/usr/bin/git init /home/runner/work/spotify-web-api-kotlin/spotify-web-api-kotlin
2023-09-15T23:56:38.9622557Z hint: Using 'master' as the name for the initial branch. This default branch name
2023-09-15T23:56:38.9624425Z hint: is subject to change. To configure the initial branch name to use in all
2023-09-15T23:56:38.9626087Z hint: of your new repositories, which will suppress this warning, call:
2023-09-15T23:56:38.9627571Z hint: 
2023-09-15T23:56:38.9629060Z hint: 	git config --global init.defaultBranch <name>
2023-09-15T23:56:38.9630376Z hint: 
2023-09-15T23:56:38.9632915Z hint: Names commonly chosen instead of 'master' are 'main', 'trunk' and
2023-09-15T23:56:38.9634676Z hint: 'development'. The just-created branch can be renamed via this command:
2023-09-15T23:56:38.9636095Z hint: 
2023-09-15T23:56:38.9637377Z hint: 	git branch -m <name>
2023-09-15T23:56:38.9639061Z Initialized empty Git repository in /home/runner/work/spotify-web-api-kotlin/spotify-web-api-kotlin/.git/
2023-09-15T23:56:38.9640793Z [command]/usr/bin/git remote add origin https://github.com/adamint/spotify-web-api-kotlin
2023-09-15T23:56:38.9690072Z ##[endgroup]
2023-09-15T23:56:38.9691677Z ##[group]Disabling automatic garbage collection
2023-09-15T23:56:38.9693003Z [command]/usr/bin/git config --local gc.auto 0
2023-09-15T23:56:38.9726881Z ##[endgroup]
2023-09-15T23:56:38.9728485Z ##[group]Setting up auth
2023-09-15T23:56:38.9737050Z [command]/usr/bin/git config --local --name-only --get-regexp core\.sshCommand
2023-09-15T23:56:38.9774277Z [command]/usr/bin/git submodule foreach --recursive sh -c "git config --local --name-only --get-regexp 'core\.sshCommand' && git config --local --unset-all 'core.sshCommand' || :"
2023-09-15T23:56:39.0153459Z [command]/usr/bin/git config --local --name-only --get-regexp http\.https\:\/\/github\.com\/\.extraheader
2023-09-15T23:56:39.0186089Z [command]/usr/bin/git submodule foreach --recursive sh -c "git config --local --name-only --get-regexp 'http\.https\:\/\/github\.com\/\.extraheader' && git config --local --unset-all 'http.https://github.com/.extraheader' || :"
2023-09-15T23:56:39.0421216Z [command]/usr/bin/git config --local http.https://github.com/.extraheader AUTHORIZATION: basic ***
2023-09-15T23:56:39.0463028Z ##[endgroup]
2023-09-15T23:56:39.0464864Z ##[group]Fetching the repository
2023-09-15T23:56:39.0472100Z [command]/usr/bin/git -c protocol.version=2 fetch --no-tags --prune --progress --no-recurse-submodules --depth=1 origin +5260e66d8dc9c03a92b69050a9e81dfd0109d980:refs/remotes/origin/main
2023-09-15T23:56:39.2201678Z remote: Enumerating objects: 217, done.        
2023-09-15T23:56:39.2207288Z remote: Counting objects:   0% (1/217)        
2023-09-15T23:56:39.2213328Z remote: Counting objects:   1% (3/217)        
2023-09-15T23:56:39.2217705Z remote: Counting objects:   2% (5/217)        
2023-09-15T23:56:39.2221557Z remote: Counting objects:   3% (7/217)        
2023-09-15T23:56:39.2225555Z remote: Counting objects:   4% (9/217)        
2023-09-15T23:56:39.2229480Z remote: Counting objects:   5% (11/217)        
2023-09-15T23:56:39.2233136Z remote: Counting objects:   6% (14/217)        
2023-09-15T23:56:39.2348849Z remote: Counting objects:   7% (16/217)        
2023-09-15T23:56:39.2398668Z remote: Counting objects:   8% (18/217)        
2023-09-15T23:56:39.2400295Z remote: Counting objects:   9% (20/217)        
2023-09-15T23:56:39.2401298Z remote: Counting objects:  10% (22/217)        
2023-09-15T23:56:39.2401990Z remote: Counting objects:  11% (24/217)        
2023-09-15T23:56:39.2402688Z remote: Counting objects:  12% (27/217)        
2023-09-15T23:56:39.2403800Z remote: Counting objects:  13% (29/217)        
2023-09-15T23:56:39.2404493Z remote: Counting objects:  14% (31/217)        
2023-09-15T23:56:39.2405169Z remote: Counting objects:  15% (33/217)        
2023-09-15T23:56:39.2405843Z remote: Counting objects:  16% (35/217)        
2023-09-15T23:56:39.2406495Z remote: Counting objects:  17% (37/217)        
2023-09-15T23:56:39.2407172Z remote: Counting objects:  18% (40/217)        
2023-09-15T23:56:39.2407830Z remote: Counting objects:  19% (42/217)        
2023-09-15T23:56:39.2408493Z remote: Counting objects:  20% (44/217)        
2023-09-15T23:56:39.2409163Z remote: Counting objects:  21% (46/217)        
2023-09-15T23:56:39.2409816Z remote: Counting objects:  22% (48/217)        
2023-09-15T23:56:39.2410493Z remote: Counting objects:  23% (50/217)        
2023-09-15T23:56:39.2411153Z remote: Counting objects:  24% (53/217)        
2023-09-15T23:56:39.2411821Z remote: Counting objects:  25% (55/217)        
2023-09-15T23:56:39.2412481Z remote: Counting objects:  26% (57/217)        
2023-09-15T23:56:39.2413138Z remote: Counting objects:  27% (59/217)        
2023-09-15T23:56:39.2413809Z remote: Counting objects:  28% (61/217)        
2023-09-15T23:56:39.2414459Z remote: Counting objects:  29% (63/217)        
2023-09-15T23:56:39.2415129Z remote: Counting objects:  30% (66/217)        
2023-09-15T23:56:39.2415795Z remote: Counting objects:  31% (68/217)        
2023-09-15T23:56:39.2416448Z remote: Counting objects:  32% (70/217)        
2023-09-15T23:56:39.2417110Z remote: Counting objects:  33% (72/217)        
2023-09-15T23:56:39.2417767Z remote: Counting objects:  34% (74/217)        
2023-09-15T23:56:39.2418431Z remote: Counting objects:  35% (76/217)        
2023-09-15T23:56:39.2419094Z remote: Counting objects:  36% (79/217)        
2023-09-15T23:56:39.2419733Z remote: Counting objects:  37% (81/217)        
2023-09-15T23:56:39.2420581Z remote: Counting objects:  38% (83/217)        
2023-09-15T23:56:39.2421260Z remote: Counting objects:  39% (85/217)        
2023-09-15T23:56:39.2421921Z remote: Counting objects:  40% (87/217)        
2023-09-15T23:56:39.2422579Z remote: Counting objects:  41% (89/217)        
2023-09-15T23:56:39.2423244Z remote: Counting objects:  42% (92/217)        
2023-09-15T23:56:39.2423917Z remote: Counting objects:  43% (94/217)        
2023-09-15T23:56:39.2424594Z remote: Counting objects:  44% (96/217)        
2023-09-15T23:56:39.2425256Z remote: Counting objects:  45% (98/217)        
2023-09-15T23:56:39.2426004Z remote: Counting objects:  46% (100/217)        
2023-09-15T23:56:39.2426685Z remote: Counting objects:  47% (102/217)        
2023-09-15T23:56:39.2427375Z remote: Counting objects:  48% (105/217)        
2023-09-15T23:56:39.2428056Z remote: Counting objects:  49% (107/217)        
2023-09-15T23:56:39.2428716Z remote: Counting objects:  50% (109/217)        
2023-09-15T23:56:39.2429384Z remote: Counting objects:  51% (111/217)        
2023-09-15T23:56:39.2430045Z remote: Counting objects:  52% (113/217)        
2023-09-15T23:56:39.2430717Z remote: Counting objects:  53% (116/217)        
2023-09-15T23:56:39.2431551Z remote: Counting objects:  54% (118/217)        
2023-09-15T23:56:39.2432186Z remote: Counting objects:  55% (120/217)        
2023-09-15T23:56:39.2432843Z remote: Counting objects:  56% (122/217)        
2023-09-15T23:56:39.2433513Z remote: Counting objects:  57% (124/217)        
2023-09-15T23:56:39.2434173Z remote: Counting objects:  58% (126/217)        
2023-09-15T23:56:39.2434826Z remote: Counting objects:  59% (129/217)        
2023-09-15T23:56:39.2435476Z remote: Counting objects:  60% (131/217)        
2023-09-15T23:56:39.2436145Z remote: Counting objects:  61% (133/217)        
2023-09-15T23:56:39.2436806Z remote: Counting objects:  62% (135/217)        
2023-09-15T23:56:39.2437631Z remote: Counting objects:  63% (137/217)        
2023-09-15T23:56:39.2438299Z remote: Counting objects:  64% (139/217)        
2023-09-15T23:56:39.2438960Z remote: Counting objects:  65% (142/217)        
2023-09-15T23:56:39.2439606Z remote: Counting objects:  66% (144/217)        
2023-09-15T23:56:39.2440246Z remote: Counting objects:  67% (146/217)        
2023-09-15T23:56:39.2440892Z remote: Counting objects:  68% (148/217)        
2023-09-15T23:56:39.2441546Z remote: Counting objects:  69% (150/217)        
2023-09-15T23:56:39.2442207Z remote: Counting objects:  70% (152/217)        
2023-09-15T23:56:39.2442874Z remote: Counting objects:  71% (155/217)        
2023-09-15T23:56:39.2443530Z remote: Counting objects:  72% (157/217)        
2023-09-15T23:56:39.2444177Z remote: Counting objects:  73% (159/217)        
2023-09-15T23:56:39.2444834Z remote: Counting objects:  74% (161/217)        
2023-09-15T23:56:39.2445481Z remote: Counting objects:  75% (163/217)        
2023-09-15T23:56:39.2446148Z remote: Counting objects:  76% (165/217)        
2023-09-15T23:56:39.2446811Z remote: Counting objects:  77% (168/217)        
2023-09-15T23:56:39.2447471Z remote: Counting objects:  78% (170/217)        
2023-09-15T23:56:39.2448149Z remote: Counting objects:  79% (172/217)        
2023-09-15T23:56:39.2448802Z remote: Counting objects:  80% (174/217)        
2023-09-15T23:56:39.2449465Z remote: Counting objects:  81% (176/217)        
2023-09-15T23:56:39.2450131Z remote: Counting objects:  82% (178/217)        
2023-09-15T23:56:39.2450775Z remote: Counting objects:  83% (181/217)        
2023-09-15T23:56:39.2451441Z remote: Counting objects:  84% (183/217)        
2023-09-15T23:56:39.2452095Z remote: Counting objects:  85% (185/217)        
2023-09-15T23:56:39.2452751Z remote: Counting objects:  86% (187/217)        
2023-09-15T23:56:39.2453407Z remote: Counting objects:  87% (189/217)        
2023-09-15T23:56:39.2454068Z remote: Counting objects:  88% (191/217)        
2023-09-15T23:56:39.2454744Z remote: Counting objects:  89% (194/217)        
2023-09-15T23:56:39.2455396Z remote: Counting objects:  90% (196/217)        
2023-09-15T23:56:39.2456208Z remote: Counting objects:  91% (198/217)        
2023-09-15T23:56:39.2456891Z remote: Counting objects:  92% (200/217)        
2023-09-15T23:56:39.2457563Z remote: Counting objects:  93% (202/217)        
2023-09-15T23:56:39.2458239Z remote: Counting objects:  94% (204/217)        
2023-09-15T23:56:39.2458905Z remote: Counting objects:  95% (207/217)        
2023-09-15T23:56:39.2459568Z remote: Counting objects:  96% (209/217)        
2023-09-15T23:56:39.2460233Z remote: Counting objects:  97% (211/217)        
2023-09-15T23:56:39.2460891Z remote: Counting objects:  98% (213/217)        
2023-09-15T23:56:39.2461562Z remote: Counting objects:  99% (215/217)        
2023-09-15T23:56:39.2462221Z remote: Counting objects: 100% (217/217)        
2023-09-15T23:56:39.2462934Z remote: Counting objects: 100% (217/217), done.        
2023-09-15T23:56:39.2463707Z remote: Compressing objects:   0% (1/166)        
2023-09-15T23:56:39.2464410Z remote: Compressing objects:   1% (2/166)        
2023-09-15T23:56:39.2465094Z remote: Compressing objects:   2% (4/166)        
2023-09-15T23:56:39.2465776Z remote: Compressing objects:   3% (5/166)        
2023-09-15T23:56:39.2466489Z remote: Compressing objects:   4% (7/166)        
2023-09-15T23:56:39.2467175Z remote: Compressing objects:   5% (9/166)        
2023-09-15T23:56:39.2467872Z remote: Compressing objects:   6% (10/166)        
2023-09-15T23:56:39.2468586Z remote: Compressing objects:   7% (12/166)        
2023-09-15T23:56:39.2469274Z remote: Compressing objects:   8% (14/166)        
2023-09-15T23:56:39.2469969Z remote: Compressing objects:   9% (15/166)        
2023-09-15T23:56:39.2470678Z remote: Compressing objects:  10% (17/166)        
2023-09-15T23:56:39.2471582Z remote: Compressing objects:  11% (19/166)        
2023-09-15T23:56:39.2472313Z remote: Compressing objects:  12% (20/166)        
2023-09-15T23:56:39.2473157Z remote: Compressing objects:  13% (22/166)        
2023-09-15T23:56:39.2473841Z remote: Compressing objects:  14% (24/166)        
2023-09-15T23:56:39.2474563Z remote: Compressing objects:  15% (25/166)        
2023-09-15T23:56:39.2475248Z remote: Compressing objects:  16% (27/166)        
2023-09-15T23:56:39.2475945Z remote: Compressing objects:  17% (29/166)        
2023-09-15T23:56:39.2476635Z remote: Compressing objects:  18% (30/166)        
2023-09-15T23:56:39.2477316Z remote: Compressing objects:  19% (32/166)        
2023-09-15T23:56:39.2478011Z remote: Compressing objects:  20% (34/166)        
2023-09-15T23:56:39.2478690Z remote: Compressing objects:  21% (35/166)        
2023-09-15T23:56:39.2479380Z remote: Compressing objects:  22% (37/166)        
2023-09-15T23:56:39.2480073Z remote: Compressing objects:  23% (39/166)        
2023-09-15T23:56:39.2480742Z remote: Compressing objects:  24% (40/166)        
2023-09-15T23:56:39.2481433Z remote: Compressing objects:  25% (42/166)        
2023-09-15T23:56:39.2482113Z remote: Compressing objects:  26% (44/166)        
2023-09-15T23:56:39.2482798Z remote: Compressing objects:  27% (45/166)        
2023-09-15T23:56:39.2483487Z remote: Compressing objects:  28% (47/166)        
2023-09-15T23:56:39.2484152Z remote: Compressing objects:  29% (49/166)        
2023-09-15T23:56:39.2484843Z remote: Compressing objects:  30% (50/166)        
2023-09-15T23:56:39.2485520Z remote: Compressing objects:  31% (52/166)        
2023-09-15T23:56:39.2486207Z remote: Compressing objects:  32% (54/166)        
2023-09-15T23:56:39.2486892Z remote: Compressing objects:  33% (55/166)        
2023-09-15T23:56:39.2487564Z remote: Compressing objects:  34% (57/166)        
2023-09-15T23:56:39.2488260Z remote: Compressing objects:  35% (59/166)        
2023-09-15T23:56:39.2488937Z remote: Compressing objects:  36% (60/166)        
2023-09-15T23:56:39.2489629Z remote: Compressing objects:  37% (62/166)        
2023-09-15T23:56:39.2490311Z remote: Compressing objects:  38% (64/166)        
2023-09-15T23:56:39.2490992Z remote: Compressing objects:  39% (65/166)        
2023-09-15T23:56:39.2491805Z remote: Compressing objects:  40% (67/166)        
2023-09-15T23:56:39.2492491Z remote: Compressing objects:  41% (69/166)        
2023-09-15T23:56:39.2493182Z remote: Compressing objects:  42% (70/166)        
2023-09-15T23:56:39.2494799Z remote: Compressing objects:  43% (72/166)        
2023-09-15T23:56:39.2495484Z remote: Compressing objects:  44% (74/166)        
2023-09-15T23:56:39.2496190Z remote: Compressing objects:  45% (75/166)        
2023-09-15T23:56:39.2496884Z remote: Compressing objects:  46% (77/166)        
2023-09-15T23:56:39.2497920Z remote: Compressing objects:  47% (79/166)        
2023-09-15T23:56:39.2498630Z remote: Compressing objects:  48% (80/166)        
2023-09-15T23:56:39.2499307Z remote: Compressing objects:  49% (82/166)        
2023-09-15T23:56:39.2499999Z remote: Compressing objects:  50% (83/166)        
2023-09-15T23:56:39.2500685Z remote: Compressing objects:  51% (85/166)        
2023-09-15T23:56:39.2501355Z remote: Compressing objects:  52% (87/166)        
2023-09-15T23:56:39.2502035Z remote: Compressing objects:  53% (88/166)        
2023-09-15T23:56:39.2502710Z remote: Compressing objects:  54% (90/166)        
2023-09-15T23:56:39.2503387Z remote: Compressing objects:  55% (92/166)        
2023-09-15T23:56:39.2504078Z remote: Compressing objects:  56% (93/166)        
2023-09-15T23:56:39.2505120Z remote: Compressing objects:  57% (95/166)        
2023-09-15T23:56:39.2509393Z remote: Compressing objects:  58% (97/166)        
2023-09-15T23:56:39.2510161Z remote: Compressing objects:  59% (98/166)        
2023-09-15T23:56:39.2517066Z remote: Compressing objects:  60% (100/166)        
2023-09-15T23:56:39.2527093Z remote: Compressing objects:  61% (102/166)        
2023-09-15T23:56:39.2528459Z remote: Compressing objects:  62% (103/166)        
2023-09-15T23:56:39.2585111Z remote: Compressing objects:  63% (105/166)        
2023-09-15T23:56:39.2586143Z remote: Compressing objects:  64% (107/166)        
2023-09-15T23:56:39.2586843Z remote: Compressing objects:  65% (108/166)        
2023-09-15T23:56:39.2587556Z remote: Compressing objects:  66% (110/166)        
2023-09-15T23:56:39.2588233Z remote: Compressing objects:  67% (112/166)        
2023-09-15T23:56:39.2588905Z remote: Compressing objects:  68% (113/166)        
2023-09-15T23:56:39.2589590Z remote: Compressing objects:  69% (115/166)        
2023-09-15T23:56:39.2590267Z remote: Compressing objects:  70% (117/166)        
2023-09-15T23:56:39.2590959Z remote: Compressing objects:  71% (118/166)        
2023-09-15T23:56:39.2591831Z remote: Compressing objects:  72% (120/166)        
2023-09-15T23:56:39.2592507Z remote: Compressing objects:  73% (122/166)        
2023-09-15T23:56:39.2593210Z remote: Compressing objects:  74% (123/166)        
2023-09-15T23:56:39.2593891Z remote: Compressing objects:  75% (125/166)        
2023-09-15T23:56:39.2594574Z remote: Compressing objects:  76% (127/166)        
2023-09-15T23:56:39.2595253Z remote: Compressing objects:  77% (128/166)        
2023-09-15T23:56:39.2595917Z remote: Compressing objects:  78% (130/166)        
2023-09-15T23:56:39.2596598Z remote: Compressing objects:  79% (132/166)        
2023-09-15T23:56:39.2597259Z remote: Compressing objects:  80% (133/166)        
2023-09-15T23:56:39.2597942Z remote: Compressing objects:  81% (135/166)        
2023-09-15T23:56:39.2598611Z remote: Compressing objects:  82% (137/166)        
2023-09-15T23:56:39.2599288Z remote: Compressing objects:  83% (138/166)        
2023-09-15T23:56:39.2599957Z remote: Compressing objects:  84% (140/166)        
2023-09-15T23:56:39.2600620Z remote: Compressing objects:  85% (142/166)        
2023-09-15T23:56:39.2601296Z remote: Compressing objects:  86% (143/166)        
2023-09-15T23:56:39.2601966Z remote: Compressing objects:  87% (145/166)        
2023-09-15T23:56:39.2602635Z remote: Compressing objects:  88% (147/166)        
2023-09-15T23:56:39.2603321Z remote: Compressing objects:  89% (148/166)        
2023-09-15T23:56:39.2604021Z remote: Compressing objects:  90% (150/166)        
2023-09-15T23:56:39.2604850Z remote: Compressing objects:  91% (152/166)        
2023-09-15T23:56:39.2605520Z remote: Compressing objects:  92% (153/166)        
2023-09-15T23:56:39.2606213Z remote: Compressing objects:  93% (155/166)        
2023-09-15T23:56:39.2606893Z remote: Compressing objects:  94% (157/166)        
2023-09-15T23:56:39.2607569Z remote: Compressing objects:  95% (158/166)        
2023-09-15T23:56:39.2608225Z remote: Compressing objects:  96% (160/166)        
2023-09-15T23:56:39.2608877Z remote: Compressing objects:  97% (162/166)        
2023-09-15T23:56:39.2609551Z remote: Compressing objects:  98% (163/166)        
2023-09-15T23:56:39.2610224Z remote: Compressing objects:  99% (165/166)        
2023-09-15T23:56:39.2610902Z remote: Compressing objects: 100% (166/166)        
2023-09-15T23:56:39.2611615Z remote: Compressing objects: 100% (166/166), done.        
2023-09-15T23:56:39.2617618Z Receiving objects:   0% (1/217)
2023-09-15T23:56:39.2710299Z Receiving objects:   1% (3/217)
2023-09-15T23:56:39.2711008Z Receiving objects:   2% (5/217)
2023-09-15T23:56:39.2711923Z Receiving objects:   3% (7/217)
2023-09-15T23:56:39.2712531Z Receiving objects:   4% (9/217)
2023-09-15T23:56:39.2713555Z Receiving objects:   5% (11/217)
2023-09-15T23:56:39.2714208Z Receiving objects:   6% (14/217)
2023-09-15T23:56:39.2714839Z Receiving objects:   7% (16/217)
2023-09-15T23:56:39.2715462Z Receiving objects:   8% (18/217)
2023-09-15T23:56:39.2716067Z Receiving objects:   9% (20/217)
2023-09-15T23:56:39.2716690Z Receiving objects:  10% (22/217)
2023-09-15T23:56:39.2717295Z Receiving objects:  11% (24/217)
2023-09-15T23:56:39.2717934Z Receiving objects:  12% (27/217)
2023-09-15T23:56:39.2718529Z Receiving objects:  13% (29/217)
2023-09-15T23:56:39.2719150Z Receiving objects:  14% (31/217)
2023-09-15T23:56:39.2719780Z Receiving objects:  15% (33/217)
2023-09-15T23:56:39.2720635Z Receiving objects:  16% (35/217)
2023-09-15T23:56:39.2721260Z Receiving objects:  17% (37/217)
2023-09-15T23:56:39.2721871Z Receiving objects:  18% (40/217)
2023-09-15T23:56:39.2722490Z Receiving objects:  19% (42/217)
2023-09-15T23:56:39.2723101Z Receiving objects:  20% (44/217)
2023-09-15T23:56:39.2723713Z Receiving objects:  21% (46/217)
2023-09-15T23:56:39.2724329Z Receiving objects:  22% (48/217)
2023-09-15T23:56:39.2724932Z Receiving objects:  23% (50/217)
2023-09-15T23:56:39.2725556Z Receiving objects:  24% (53/217)
2023-09-15T23:56:39.2726175Z Receiving objects:  25% (55/217)
2023-09-15T23:56:39.2726782Z Receiving objects:  26% (57/217)
2023-09-15T23:56:39.2727397Z Receiving objects:  27% (59/217)
2023-09-15T23:56:39.2728007Z Receiving objects:  28% (61/217)
2023-09-15T23:56:39.2728625Z Receiving objects:  29% (63/217)
2023-09-15T23:56:39.2729234Z Receiving objects:  30% (66/217)
2023-09-15T23:56:39.2729838Z Receiving objects:  31% (68/217)
2023-09-15T23:56:39.2730454Z Receiving objects:  32% (70/217)
2023-09-15T23:56:39.2731059Z Receiving objects:  33% (72/217)
2023-09-15T23:56:39.2731666Z Receiving objects:  34% (74/217)
2023-09-15T23:56:39.2732268Z Receiving objects:  35% (76/217)
2023-09-15T23:56:39.2732877Z Receiving objects:  36% (79/217)
2023-09-15T23:56:39.2733487Z Receiving objects:  37% (81/217)
2023-09-15T23:56:39.2734080Z Receiving objects:  38% (83/217)
2023-09-15T23:56:39.2734691Z Receiving objects:  39% (85/217)
2023-09-15T23:56:39.2735286Z Receiving objects:  40% (87/217)
2023-09-15T23:56:39.2735893Z Receiving objects:  41% (89/217)
2023-09-15T23:56:39.2736504Z Receiving objects:  42% (92/217)
2023-09-15T23:56:39.2737107Z Receiving objects:  43% (94/217)
2023-09-15T23:56:39.2737715Z Receiving objects:  44% (96/217)
2023-09-15T23:56:39.2899185Z Receiving objects:  45% (98/217)
2023-09-15T23:56:39.2900289Z Receiving objects:  46% (100/217)
2023-09-15T23:56:39.2900947Z Receiving objects:  47% (102/217)
2023-09-15T23:56:39.2901569Z Receiving objects:  48% (105/217)
2023-09-15T23:56:39.2902209Z Receiving objects:  49% (107/217)
2023-09-15T23:56:39.2902827Z Receiving objects:  50% (109/217)
2023-09-15T23:56:39.2903443Z Receiving objects:  51% (111/217)
2023-09-15T23:56:39.2904275Z Receiving objects:  52% (113/217)
2023-09-15T23:56:39.2904892Z Receiving objects:  53% (116/217)
2023-09-15T23:56:39.2905513Z Receiving objects:  54% (118/217)
2023-09-15T23:56:39.2906125Z Receiving objects:  55% (120/217)
2023-09-15T23:56:39.2906736Z Receiving objects:  56% (122/217)
2023-09-15T23:56:39.2907347Z Receiving objects:  57% (124/217)
2023-09-15T23:56:39.2907956Z Receiving objects:  58% (126/217)
2023-09-15T23:56:39.2908568Z Receiving objects:  59% (129/217)
2023-09-15T23:56:39.2909170Z Receiving objects:  60% (131/217)
2023-09-15T23:56:39.2909782Z Receiving objects:  61% (133/217)
2023-09-15T23:56:39.2910389Z Receiving objects:  62% (135/217)
2023-09-15T23:56:39.2910996Z Receiving objects:  63% (137/217)
2023-09-15T23:56:39.2911996Z Receiving objects:  64% (139/217)
2023-09-15T23:56:39.2912605Z Receiving objects:  65% (142/217)
2023-09-15T23:56:39.2913223Z Receiving objects:  66% (144/217)
2023-09-15T23:56:39.2913828Z Receiving objects:  67% (146/217)
2023-09-15T23:56:39.2914454Z Receiving objects:  68% (148/217)
2023-09-15T23:56:39.2915057Z Receiving objects:  69% (150/217)
2023-09-15T23:56:39.2915666Z Receiving objects:  70% (152/217)
2023-09-15T23:56:39.2916281Z Receiving objects:  71% (155/217)
2023-09-15T23:56:39.2916890Z Receiving objects:  72% (157/217)
2023-09-15T23:56:39.2917504Z Receiving objects:  73% (159/217)
2023-09-15T23:56:39.2918115Z Receiving objects:  74% (161/217)
2023-09-15T23:56:39.2918709Z Receiving objects:  75% (163/217)
2023-09-15T23:56:39.2919321Z Receiving objects:  76% (165/217)
2023-09-15T23:56:39.2919919Z Receiving objects:  77% (168/217)
2023-09-15T23:56:39.2920533Z Receiving objects:  78% (170/217)
2023-09-15T23:56:39.2921144Z Receiving objects:  79% (172/217)
2023-09-15T23:56:39.2921751Z Receiving objects:  80% (174/217)
2023-09-15T23:56:39.2922354Z Receiving objects:  81% (176/217)
2023-09-15T23:56:39.2935519Z Receiving objects:  82% (178/217)
2023-09-15T23:56:39.2936542Z remote: Total 217 (delta 32), reused 91 (delta 2), pack-reused 0        
2023-09-15T23:56:39.2975691Z Receiving objects:  83% (181/217)
2023-09-15T23:56:39.3022178Z Receiving objects:  84% (183/217)
2023-09-15T23:56:39.3023238Z Receiving objects:  85% (185/217)
2023-09-15T23:56:39.3023864Z Receiving objects:  86% (187/217)
2023-09-15T23:56:39.3024487Z Receiving objects:  87% (189/217)
2023-09-15T23:56:39.3025100Z Receiving objects:  88% (191/217)
2023-09-15T23:56:39.3025707Z Receiving objects:  89% (194/217)
2023-09-15T23:56:39.3026312Z Receiving objects:  90% (196/217)
2023-09-15T23:56:39.3026910Z Receiving objects:  91% (198/217)
2023-09-15T23:56:39.3027508Z Receiving objects:  92% (200/217)
2023-09-15T23:56:39.3028118Z Receiving objects:  93% (202/217)
2023-09-15T23:56:39.3028715Z Receiving objects:  94% (204/217)
2023-09-15T23:56:39.3029316Z Receiving objects:  95% (207/217)
2023-09-15T23:56:39.3030226Z Receiving objects:  96% (209/217)
2023-09-15T23:56:39.3030865Z Receiving objects:  97% (211/217)
2023-09-15T23:56:39.3031781Z Receiving objects:  98% (213/217)
2023-09-15T23:56:39.3032393Z Receiving objects:  99% (215/217)
2023-09-15T23:56:39.3032995Z Receiving objects: 100% (217/217)
2023-09-15T23:56:39.3033685Z Receiving objects: 100% (217/217), 375.41 KiB | 9.88 MiB/s, done.
2023-09-15T23:56:39.3034445Z Resolving deltas:   0% (0/32)
2023-09-15T23:56:39.3035039Z Resolving deltas:   3% (1/32)
2023-09-15T23:56:39.3035614Z Resolving deltas:   6% (2/32)
2023-09-15T23:56:39.3036206Z Resolving deltas:   9% (3/32)
2023-09-15T23:56:39.3036768Z Resolving deltas:  12% (4/32)
2023-09-15T23:56:39.3037361Z Resolving deltas:  15% (5/32)
2023-09-15T23:56:39.3037926Z Resolving deltas:  18% (6/32)
2023-09-15T23:56:39.3038510Z Resolving deltas:  21% (7/32)
2023-09-15T23:56:39.3039080Z Resolving deltas:  25% (8/32)
2023-09-15T23:56:39.3039653Z Resolving deltas:  28% (9/32)
2023-09-15T23:56:39.3040222Z Resolving deltas:  31% (10/32)
2023-09-15T23:56:39.3040816Z Resolving deltas:  34% (11/32)
2023-09-15T23:56:39.3041389Z Resolving deltas:  37% (12/32)
2023-09-15T23:56:39.3041969Z Resolving deltas:  40% (13/32)
2023-09-15T23:56:39.3042765Z Resolving deltas:  43% (14/32)
2023-09-15T23:56:39.3043347Z Resolving deltas:  46% (15/32)
2023-09-15T23:56:39.3044296Z Resolving deltas:  50% (16/32)
2023-09-15T23:56:39.3045018Z Resolving deltas:  53% (17/32)
2023-09-15T23:56:39.3045709Z Resolving deltas:  56% (18/32)
2023-09-15T23:56:39.3046402Z Resolving deltas:  59% (19/32)
2023-09-15T23:56:39.3046971Z Resolving deltas:  62% (20/32)
2023-09-15T23:56:39.3047653Z Resolving deltas:  65% (21/32)
2023-09-15T23:56:39.3048227Z Resolving deltas:  68% (22/32)
2023-09-15T23:56:39.3049053Z Resolving deltas:  71% (23/32)
2023-09-15T23:56:39.3049627Z Resolving deltas:  75% (24/32)
2023-09-15T23:56:39.3050193Z Resolving deltas:  78% (25/32)
2023-09-15T23:56:39.3050766Z Resolving deltas:  81% (26/32)
2023-09-15T23:56:39.3051328Z Resolving deltas:  84% (27/32)
2023-09-15T23:56:39.3051900Z Resolving deltas:  87% (28/32)
2023-09-15T23:56:39.3052462Z Resolving deltas:  90% (29/32)
2023-09-15T23:56:39.3053826Z Resolving deltas:  93% (30/32)
2023-09-15T23:56:39.3054427Z Resolving deltas:  96% (31/32)
2023-09-15T23:56:39.3055242Z Resolving deltas: 100% (32/32)
2023-09-15T23:56:39.3055955Z Resolving deltas: 100% (32/32), done.
2023-09-15T23:56:39.3117343Z From https://github.com/adamint/spotify-web-api-kotlin
2023-09-15T23:56:39.3118732Z  * [new ref]         5260e66d8dc9c03a92b69050a9e81dfd0109d980 -> origin/main
2023-09-15T23:56:39.3129493Z ##[endgroup]
2023-09-15T23:56:39.3130792Z ##[group]Determining the checkout info
2023-09-15T23:56:39.3132214Z ##[endgroup]
2023-09-15T23:56:39.3133279Z ##[group]Checking out the ref
2023-09-15T23:56:39.3136278Z [command]/usr/bin/git checkout --progress --force -B main refs/remotes/origin/main
2023-09-15T23:56:39.3381570Z Switched to a new branch 'main'
2023-09-15T23:56:39.3382918Z branch 'main' set up to track 'origin/main'.
2023-09-15T23:56:39.3390823Z ##[endgroup]
2023-09-15T23:56:39.3435463Z [command]/usr/bin/git log -1 --format='%H'
2023-09-15T23:56:39.3479254Z '5260e66d8dc9c03a92b69050a9e81dfd0109d980'
2023-09-15T23:56:39.3858405Z ##[group]Run actions/setup-java@v2
2023-09-15T23:56:39.3859096Z with:
2023-09-15T23:56:39.3859636Z   distribution: adopt
2023-09-15T23:56:39.3860207Z   java-version: 17
2023-09-15T23:56:39.3860766Z   java-package: jdk
2023-09-15T23:56:39.3861316Z   architecture: x64
2023-09-15T23:56:39.3861862Z   check-latest: false
2023-09-15T23:56:39.3862409Z   server-id: github
2023-09-15T23:56:39.3862978Z   server-username: GITHUB_ACTOR
2023-09-15T23:56:39.3863581Z   server-password: GITHUB_TOKEN
2023-09-15T23:56:39.3864163Z   overwrite-settings: true
2023-09-15T23:56:39.3864721Z   job-status: success
2023-09-15T23:56:39.3865255Z env:
2023-09-15T23:56:39.3866067Z   SPOTIFY_CLIENT_ID: ***
2023-09-15T23:56:39.3866763Z   SPOTIFY_CLIENT_SECRET: ***
2023-09-15T23:56:39.3869345Z   SPOTIFY_TOKEN_STRING: BQDdMp_9UXHCE7dmz2aqmtd-odJrBMJhf-eCpyhwyPlEyM8TxqXnz83DXPenm207LL2TDdMYPybLi4D7yBQvM-HuVmfs64dRp8z28GXdMW7eA0MDtJWMmv13aAA62864KN3tgHVoqUeSqRyIr8zFZcnSSN1ccp898FOX1arGsrOOpxtsqRb3aVCHiTsZxEH5KtNMEPe-Z7c-o7suZJ0aIgSDoJXFFuGxVkZGPVBNm1dP_8gfhJOyYZjPOcA9Ma1FFhQyprMOlIFwgC8ndMcU0z0OHpAoS81CVB8N4C36nhuhZQpI4OFab4oaJFLPBOqbAWk
2023-09-15T23:56:39.3872248Z   SPOTIFY_REDIRECT_URI: https://***.com/projects/spotify/callback
2023-09-15T23:56:39.3873039Z   NEXUS_USERNAME: ***
2023-09-15T23:56:39.3873661Z   NEXUS_PASSWORD: ***
2023-09-15T23:56:39.3892008Z   ORG_GRADLE_PROJECT_SIGNING_KEY: ***
2023-09-15T23:56:39.3892724Z   ORG_GRADLE_PROJECT_SIGNING_PASSWORD: ***
2023-09-15T23:56:39.3893387Z   SPOTIFY_API_PUBLISH_VERSION: 4.0.3
2023-09-15T23:56:39.3893998Z ##[endgroup]
2023-09-15T23:56:39.5845980Z Trying to resolve the latest version from remote
2023-09-15T23:56:40.1232263Z Resolved latest version as 17.0.8+101
2023-09-15T23:56:40.1235919Z Trying to download...
2023-09-15T23:56:40.1237887Z Downloading Java 17.0.8+101 (Adopt-Hotspot) from https://github.com/adoptium/temurin17-binaries/releases/download/jdk-17.0.8.1%2B1/OpenJDK17U-jdk_x64_linux_hotspot_17.0.8.1_1.tar.gz ...
2023-09-15T23:56:41.1523023Z Extracting Java archive...
2023-09-15T23:56:41.1665284Z [command]/usr/bin/tar xz --warning=no-unknown-keyword -C /home/runner/work/_temp/715723b3-0f2f-4e24-843a-eed60182702d -f /home/runner/work/_temp/8a779a85-af04-4f67-952e-66b20a152fc3
2023-09-15T23:56:45.2746756Z Java 17.0.8+101 was downloaded
2023-09-15T23:56:45.2748635Z Setting Java 17.0.8+101 as the default
2023-09-15T23:56:45.2765222Z 
2023-09-15T23:56:45.2765885Z Java configuration:
2023-09-15T23:56:45.2769406Z   Distribution: adopt
2023-09-15T23:56:45.2770278Z   Version: 17.0.8+101
2023-09-15T23:56:45.2771531Z   Path: /opt/hostedtoolcache/Java_Adopt_jdk/17.0.8-101/x64
2023-09-15T23:56:45.2772060Z 
2023-09-15T23:56:45.2798408Z Creating settings.xml with server-id: github
2023-09-15T23:56:45.2867061Z Writing to /home/runner/.m2/settings.xml
2023-09-15T23:56:45.3028745Z ##[group]Run sudo apt-get install -y curl libcurl4-openssl-dev
2023-09-15T23:56:45.3029678Z [36;1msudo apt-get install -y curl libcurl4-openssl-dev[0m
2023-09-15T23:56:45.3095552Z shell: /usr/bin/bash -e {0}
2023-09-15T23:56:45.3096123Z env:
2023-09-15T23:56:45.3096969Z   SPOTIFY_CLIENT_ID: ***
2023-09-15T23:56:45.3097641Z   SPOTIFY_CLIENT_SECRET: ***
2023-09-15T23:56:45.3100141Z   SPOTIFY_TOKEN_STRING: BQDdMp_9UXHCE7dmz2aqmtd-odJrBMJhf-eCpyhwyPlEyM8TxqXnz83DXPenm207LL2TDdMYPybLi4D7yBQvM-HuVmfs64dRp8z28GXdMW7eA0MDtJWMmv13aAA62864KN3tgHVoqUeSqRyIr8zFZcnSSN1ccp898FOX1arGsrOOpxtsqRb3aVCHiTsZxEH5KtNMEPe-Z7c-o7suZJ0aIgSDoJXFFuGxVkZGPVBNm1dP_8gfhJOyYZjPOcA9Ma1FFhQyprMOlIFwgC8ndMcU0z0OHpAoS81CVB8N4C36nhuhZQpI4OFab4oaJFLPBOqbAWk
2023-09-15T23:56:45.3102728Z   SPOTIFY_REDIRECT_URI: https://***.com/projects/spotify/callback
2023-09-15T23:56:45.3103507Z   NEXUS_USERNAME: ***
2023-09-15T23:56:45.3104124Z   NEXUS_PASSWORD: ***
2023-09-15T23:56:45.3121741Z   ORG_GRADLE_PROJECT_SIGNING_KEY: ***
2023-09-15T23:56:45.3122449Z   ORG_GRADLE_PROJECT_SIGNING_PASSWORD: ***
2023-09-15T23:56:45.3123357Z   SPOTIFY_API_PUBLISH_VERSION: 4.0.3
2023-09-15T23:56:45.3124105Z   JAVA_HOME: /opt/hostedtoolcache/Java_Adopt_jdk/17.0.8-101/x64
2023-09-15T23:56:45.3124836Z ##[endgroup]
2023-09-15T23:56:46.7359195Z Reading package lists...
2023-09-15T23:56:46.8988748Z Building dependency tree...
2023-09-15T23:56:46.9010948Z Reading state information...
2023-09-15T23:56:47.0303137Z curl is already the newest version (7.81.0-1ubuntu1.13).
2023-09-15T23:56:47.0303941Z Suggested packages:
2023-09-15T23:56:47.0304769Z   libcurl4-doc libidn11-dev libkrb5-dev libldap2-dev librtmp-dev libssh2-1-dev
2023-09-15T23:56:47.0483126Z The following NEW packages will be installed:
2023-09-15T23:56:47.0486376Z   libcurl4-openssl-dev
2023-09-15T23:56:47.0669690Z 0 upgraded, 1 newly installed, 0 to remove and 28 not upgraded.
2023-09-15T23:56:47.0670502Z Need to get 386 kB of archives.
2023-09-15T23:56:47.0671927Z After this operation, 1697 kB of additional disk space will be used.
2023-09-15T23:56:47.0673024Z Get:1 file:/etc/apt/apt-mirrors.txt Mirrorlist [142 B]
2023-09-15T23:56:47.1055398Z Get:2 http://azure.archive.ubuntu.com/ubuntu jammy-updates/main amd64 libcurl4-openssl-dev amd64 7.81.0-1ubuntu1.13 [386 kB]
2023-09-15T23:56:47.4644961Z Fetched 386 kB in 0s (6826 kB/s)
2023-09-15T23:56:47.4946301Z Selecting previously unselected package libcurl4-openssl-dev:amd64.
2023-09-15T23:56:47.5226604Z (Reading database ... 
2023-09-15T23:56:47.5227239Z (Reading database ... 5%
2023-09-15T23:56:47.5227840Z (Reading database ... 10%
2023-09-15T23:56:47.5228412Z (Reading database ... 15%
2023-09-15T23:56:47.5228965Z (Reading database ... 20%
2023-09-15T23:56:47.5229521Z (Reading database ... 25%
2023-09-15T23:56:47.5230063Z (Reading database ... 30%
2023-09-15T23:56:47.5230620Z (Reading database ... 35%
2023-09-15T23:56:47.5231385Z (Reading database ... 40%
2023-09-15T23:56:47.5231949Z (Reading database ... 45%
2023-09-15T23:56:47.5232532Z (Reading database ... 50%
2023-09-15T23:56:47.5737895Z (Reading database ... 55%
2023-09-15T23:56:47.6240162Z (Reading database ... 60%
2023-09-15T23:56:47.6689345Z (Reading database ... 65%
2023-09-15T23:56:47.7293494Z (Reading database ... 70%
2023-09-15T23:56:47.7812120Z (Reading database ... 75%
2023-09-15T23:56:47.8550581Z (Reading database ... 80%
2023-09-15T23:56:47.9330593Z (Reading database ... 85%
2023-09-15T23:56:47.9768793Z (Reading database ... 90%
2023-09-15T23:56:48.0508509Z (Reading database ... 95%
2023-09-15T23:56:48.0509358Z (Reading database ... 100%
2023-09-15T23:56:48.0510211Z (Reading database ... 228594 files and directories currently installed.)
2023-09-15T23:56:48.0586530Z Preparing to unpack .../libcurl4-openssl-dev_7.81.0-1ubuntu1.13_amd64.deb ...
2023-09-15T23:56:48.0631293Z Unpacking libcurl4-openssl-dev:amd64 (7.81.0-1ubuntu1.13) ...
2023-09-15T23:56:48.1266704Z Setting up libcurl4-openssl-dev:amd64 (7.81.0-1ubuntu1.13) ...
2023-09-15T23:56:48.1322654Z Processing triggers for man-db (2.10.2-1) ...
2023-09-15T23:56:48.9489381Z NEEDRESTART-VER: 3.5
2023-09-15T23:56:49.2703022Z NEEDRESTART-KCUR: 6.2.0-1011-azure
2023-09-15T23:56:49.2703787Z NEEDRESTART-KEXP: 6.2.0-1011-azure
2023-09-15T23:56:49.2704458Z NEEDRESTART-KSTA: 1
2023-09-15T23:56:51.9630426Z ##[group]Run ./gradlew testDebugUnitTest
2023-09-15T23:56:51.9631333Z [36;1m./gradlew testDebugUnitTest[0m
2023-09-15T23:56:51.9693748Z shell: /usr/bin/bash -e {0}
2023-09-15T23:56:51.9694331Z env:
2023-09-15T23:56:51.9695044Z   SPOTIFY_CLIENT_ID: ***
2023-09-15T23:56:51.9695697Z   SPOTIFY_CLIENT_SECRET: ***
2023-09-15T23:56:51.9698206Z   SPOTIFY_TOKEN_STRING: BQDdMp_9UXHCE7dmz2aqmtd-odJrBMJhf-eCpyhwyPlEyM8TxqXnz83DXPenm207LL2TDdMYPybLi4D7yBQvM-HuVmfs64dRp8z28GXdMW7eA0MDtJWMmv13aAA62864KN3tgHVoqUeSqRyIr8zFZcnSSN1ccp898FOX1arGsrOOpxtsqRb3aVCHiTsZxEH5KtNMEPe-Z7c-o7suZJ0aIgSDoJXFFuGxVkZGPVBNm1dP_8gfhJOyYZjPOcA9Ma1FFhQyprMOlIFwgC8ndMcU0z0OHpAoS81CVB8N4C36nhuhZQpI4OFab4oaJFLPBOqbAWk
2023-09-15T23:56:51.9700797Z   SPOTIFY_REDIRECT_URI: https://***.com/projects/spotify/callback
2023-09-15T23:56:51.9701586Z   NEXUS_USERNAME: ***
2023-09-15T23:56:51.9702371Z   NEXUS_PASSWORD: ***
2023-09-15T23:56:51.9721408Z   ORG_GRADLE_PROJECT_SIGNING_KEY: ***
2023-09-15T23:56:51.9722193Z   ORG_GRADLE_PROJECT_SIGNING_PASSWORD: ***
2023-09-15T23:56:51.9722863Z   SPOTIFY_API_PUBLISH_VERSION: 4.0.3
2023-09-15T23:56:51.9723577Z   JAVA_HOME: /opt/hostedtoolcache/Java_Adopt_jdk/17.0.8-101/x64
2023-09-15T23:56:51.9724315Z ##[endgroup]
2023-09-15T23:56:52.1014556Z Downloading https://services.gradle.org/distributions/gradle-8.3-bin.zip
2023-09-15T23:56:53.7916098Z ............10%............20%.............30%............40%.............50%............60%.............70%............80%.............90%............100%
2023-09-15T23:56:55.1432194Z 
2023-09-15T23:56:55.1441508Z Welcome to Gradle 8.3!
2023-09-15T23:56:55.1441908Z 
2023-09-15T23:56:55.1442229Z Here are the highlights of this release:
2023-09-15T23:56:55.1443087Z  - Faster Java compilation
2023-09-15T23:56:55.1443694Z  - Reduced memory usage
2023-09-15T23:56:55.1444351Z  - Support for running on Java 20
2023-09-15T23:56:55.1444752Z 
2023-09-15T23:56:55.1445228Z For more details see https://docs.gradle.org/8.3/release-notes.html
2023-09-15T23:56:55.1445762Z 
2023-09-15T23:56:55.2477643Z Starting a Gradle Daemon (subsequent builds will be faster)
2023-09-15T23:58:11.8427273Z 
2023-09-15T23:58:11.8477101Z > Configure project :
2023-09-15T23:58:11.8528033Z w: file:///home/runner/work/spotify-web-api-kotlin/spotify-web-api-kotlin/build.gradle.kts:59:9: 'targetSdk: Int?' is deprecated. Will be removed from library DSL in v9.0
2023-09-15T23:58:11.8529720Z w: file:///home/runner/work/spotify-web-api-kotlin/spotify-web-api-kotlin/build.gradle.kts:113:13: 'webpackTask(KotlinWebpack.() -> Unit): Unit' is deprecated. Please use webpackTask(Action)
2023-09-15T23:58:11.8531380Z w: file:///home/runner/work/spotify-web-api-kotlin/spotify-web-api-kotlin/build.gradle.kts:118:13: 'testTask(KotlinJsTest.() -> Unit): Unit' is deprecated. Please use testTask(Action)
2023-09-15T23:58:11.8532926Z w: file:///home/runner/work/spotify-web-api-kotlin/spotify-web-api-kotlin/build.gradle.kts:355:30: 'getter for buildDir: File!' is deprecated. Deprecated in Java
2023-09-15T23:58:14.2421893Z 
2023-09-15T23:58:14.2422769Z Please wait while Kotlin/Native compiler 1.9.10 is being installed.
2023-09-15T23:58:14.6425514Z Download https://download.jetbrains.com/kotlin/native/builds/releases/1.9.10/linux-x86_64/kotlin-native-prebuilt-linux-x86_64-1.9.10.tar.gz (192.68 MB)
2023-09-15T23:58:16.9427335Z Download kotlin-native-prebuilt-linux-x86_64-1.9.10.tar.gz finished, took 2 s 365 ms
2023-09-15T23:58:16.9429422Z Unpack Kotlin/Native compiler to /home/runner/.konan/kotlin-native-prebuilt-linux-x86_64-1.9.10
2023-09-15T23:58:20.0422254Z Unpack Kotlin/Native compiler to /home/runner/.konan/kotlin-native-prebuilt-linux-x86_64-1.9.10 finished, took 3 s 49 ms
2023-09-15T23:58:23.2427534Z 
2023-09-15T23:58:23.2428623Z Some Kotlin/Native targets cannot be built on this linux_x64 machine and are disabled:
2023-09-15T23:58:23.2429811Z     * In project ':':
2023-09-15T23:58:23.2430864Z         * targets 'macosX64', 'iosArm64', 'iosX64' (can be built with one of the hosts: macos_x64, macos_arm64)
2023-09-15T23:58:23.2432754Z To hide this message, add 'kotlin.native.ignoreDisabledTargets=true' to the Gradle properties.
2023-09-15T23:58:23.2442155Z 
2023-09-15T23:58:23.2442293Z 
2023-09-15T23:58:23.2442991Z > Task :preBuild UP-TO-DATE
2023-09-15T23:58:23.2443781Z > Task :preDebugBuild UP-TO-DATE
2023-09-15T23:58:23.4422410Z > Task :generateDebugResValues
2023-09-15T23:58:23.4423421Z > Task :generateDebugResources
2023-09-15T23:58:23.5422218Z > Task :packageDebugResources
2023-09-15T23:58:25.3427735Z > Task :parseDebugLocalResources
2023-09-15T23:58:25.3428915Z > Task :javaPreCompileDebug
2023-09-15T23:58:25.3430004Z > Task :preDebugUnitTestBuild UP-TO-DATE
2023-09-15T23:58:25.3543225Z > Task :javaPreCompileDebugUnitTest
2023-09-15T23:58:25.4423176Z 
2023-09-15T23:58:25.4423972Z > Task :processDebugManifest
2023-09-15T23:58:25.4425784Z package="com.***.spotify" found in source AndroidManifest.xml: /home/runner/work/spotify-web-api-kotlin/spotify-web-api-kotlin/src/androidMain/AndroidManifest.xml.
2023-09-15T23:58:25.4427679Z Setting the namespace via the package attribute in the source AndroidManifest.xml is no longer supported, and the value is ignored.
2023-09-15T23:58:25.4514044Z Recommendation: remove package="com.***.spotify" from the source AndroidManifest.xml: /home/runner/work/spotify-web-api-kotlin/spotify-web-api-kotlin/src/androidMain/AndroidManifest.xml.
2023-09-15T23:58:25.4515204Z 
2023-09-15T23:58:25.4515666Z > Task :generateDebugRFile
2023-09-15T23:58:43.9426177Z > Task :generateDebugUnitTestStubRFile
2023-09-15T23:58:55.4421910Z > Task :compileDebugKotlinAndroid
2023-09-15T23:59:25.3422653Z w: file:///home/runner/work/spotify-web-api-kotlin/spotify-web-api-kotlin/src/commonMain/kotlin/com.***.spotify/utils/Utils.kt:20:39 Parameter 'catchInternalServerError' is never used
2023-09-15T23:59:25.4422080Z 
2023-09-15T23:59:25.4423243Z > Task :compileDebugJavaWithJavac NO-SOURCE
2023-09-15T23:59:25.6422344Z > Task :bundleLibRuntimeToJarDebug
2023-09-15T23:59:25.6423755Z > Task :bundleLibCompileToJarDebug
2023-09-15T23:59:25.6424821Z > Task :processDebugJavaRes
2023-09-15T23:59:34.9423111Z 
2023-09-15T23:59:34.9424360Z > Task :compileDebugUnitTestKotlinAndroid
2023-09-15T23:59:34.9426452Z w: file:///home/runner/work/spotify-web-api-kotlin/spotify-web-api-kotlin/src/commonJvmLikeTest/kotlin/com/***/spotify/CommonImpl.kt:75:38 Type mismatch: inferred type is String? but String was expected
2023-09-15T23:59:34.9516996Z w: file:///home/runner/work/spotify-web-api-kotlin/spotify-web-api-kotlin/src/commonTest/kotlin/com.***/spotify/priv/ClientPlayerApiTest.kt:196:13 Variable 'trackId' is never used
2023-09-15T23:59:34.9518713Z w: file:///home/runner/work/spotify-web-api-kotlin/spotify-web-api-kotlin/src/commonTest/kotlin/com.***/spotify/priv/ClientPlaylistApiTest.kt:83:13 Variable 'tracks' is never used
2023-09-15T23:59:35.0420655Z 
2023-09-15T23:59:35.0426660Z > Task :compileDebugUnitTestJavaWithJavac NO-SOURCE
2023-09-15T23:59:35.0427949Z > Task :processDebugUnitTestJavaRes
2023-09-15T23:59:39.6422420Z 
2023-09-15T23:59:39.6423270Z > Task :testDebugUnitTest
2023-09-15T23:59:39.6428793Z 
2023-09-15T23:59:39.6429683Z com.***.spotify.priv.ClientEpisodeApiTest > testGetEpisode STANDARD_ERROR
2023-09-15T23:59:39.6430857Z     SLF4J: Failed to load class "org.slf4j.impl.StaticLoggerBinder".
2023-09-15T23:59:39.6432392Z     SLF4J: Defaulting to no-operation (NOP) logger implementation
2023-09-15T23:59:39.6433561Z     SLF4J: See http://www.slf4j.org/codes.html#StaticLoggerBinder for further details.
2023-09-16T00:00:13.1422402Z 
2023-09-16T00:00:13.1423315Z com.***.spotify.priv.ClientPlaylistApiTest > testEditPlaylists FAILED
2023-09-16T00:00:13.1424321Z     java.lang.AssertionError at Assert.java:89
2023-09-16T00:00:13.1425140Z         Caused by: java.lang.AssertionError at Assert.java:89
2023-09-16T00:00:45.7420902Z 
2023-09-16T00:00:45.7421283Z 
2023-09-16T00:00:45.7422283Z > Task :testDebugUnitTest FAILED
2023-09-16T00:00:45.7423260Z 94 tests completed, 1 failed
2023-09-16T00:00:45.8422612Z 
2023-09-16T00:00:45.8424285Z Deprecated Gradle features were used in this build, making it incompatible with Gradle 9.0.
2023-09-16T00:00:45.8425179Z 
2023-09-16T00:00:45.8426415Z You can use '--warning-mode all' to show the individual deprecation warnings and determine if they come from your own scripts or plugins.
2023-09-16T00:00:45.8427385Z 
2023-09-16T00:00:45.8428291Z For more on this, please refer to https://docs.gradle.org/8.3/userguide/command_line_interface.html#sec:command_line_warnings in the Gradle documentation.
2023-09-16T00:00:45.8429537Z 15 actionable tasks: 15 executed
2023-09-16T00:00:45.8430872Z 
2023-09-16T00:00:45.8431418Z FAILURE: Build failed with an exception.
2023-09-16T00:00:45.8431844Z 
2023-09-16T00:00:45.8432156Z * What went wrong:
2023-09-16T00:00:45.8432931Z Execution failed for task ':testDebugUnitTest'.
2023-09-16T00:00:45.8434221Z > There were failing tests. See the report at: file:///home/runner/work/spotify-web-api-kotlin/spotify-web-api-kotlin/build/reports/tests/testDebugUnitTest/index.html
2023-09-16T00:00:45.8435217Z 
2023-09-16T00:00:45.8435466Z * Try:
2023-09-16T00:00:45.8436148Z > Run with --scan to get full insights.
2023-09-16T00:00:45.8436570Z 
2023-09-16T00:00:45.8436840Z BUILD FAILED in 3m 53s
2023-09-16T00:00:46.2681708Z ##[error]Process completed with exit code 1.
2023-09-16T00:00:46.2766039Z ##[group]Run actions/upload-artifact@v2
2023-09-16T00:00:46.2766722Z with:
2023-09-16T00:00:46.2767339Z   name: code-coverage-report
2023-09-16T00:00:46.2767962Z   path: build/reports
2023-09-16T00:00:46.2768591Z   if-no-files-found: warn
2023-09-16T00:00:46.2769182Z env:
2023-09-16T00:00:46.2769878Z   SPOTIFY_CLIENT_ID: ***
2023-09-16T00:00:46.2770581Z   SPOTIFY_CLIENT_SECRET: ***
2023-09-16T00:00:46.2773118Z   SPOTIFY_TOKEN_STRING: BQDdMp_9UXHCE7dmz2aqmtd-odJrBMJhf-eCpyhwyPlEyM8TxqXnz83DXPenm207LL2TDdMYPybLi4D7yBQvM-HuVmfs64dRp8z28GXdMW7eA0MDtJWMmv13aAA62864KN3tgHVoqUeSqRyIr8zFZcnSSN1ccp898FOX1arGsrOOpxtsqRb3aVCHiTsZxEH5KtNMEPe-Z7c-o7suZJ0aIgSDoJXFFuGxVkZGPVBNm1dP_8gfhJOyYZjPOcA9Ma1FFhQyprMOlIFwgC8ndMcU0z0OHpAoS81CVB8N4C36nhuhZQpI4OFab4oaJFLPBOqbAWk
2023-09-16T00:00:46.2775735Z   SPOTIFY_REDIRECT_URI: https://***.com/projects/spotify/callback
2023-09-16T00:00:46.2776554Z   NEXUS_USERNAME: ***
2023-09-16T00:00:46.2777225Z   NEXUS_PASSWORD: ***
2023-09-16T00:00:46.2796928Z   ORG_GRADLE_PROJECT_SIGNING_KEY: ***
2023-09-16T00:00:46.2797710Z   ORG_GRADLE_PROJECT_SIGNING_PASSWORD: ***
2023-09-16T00:00:46.2798454Z   SPOTIFY_API_PUBLISH_VERSION: 4.0.3
2023-09-16T00:00:46.2799251Z   JAVA_HOME: /opt/hostedtoolcache/Java_Adopt_jdk/17.0.8-101/x64
2023-09-16T00:00:46.2800047Z ##[endgroup]
2023-09-16T00:00:46.3667818Z With the provided path, there will be 31 files uploaded
2023-09-16T00:00:46.3674375Z Starting artifact upload
2023-09-16T00:00:46.3676718Z For more detailed logs during the artifact upload process, enable step-debugging: https://docs.github.com/actions/monitoring-and-troubleshooting-workflows/enabling-debug-logging#enabling-step-debug-logging
2023-09-16T00:00:46.3678661Z Artifact name is valid!
2023-09-16T00:00:46.4470994Z Container for artifact "code-coverage-report" successfully created. Starting upload of file(s)
2023-09-16T00:00:47.7813316Z Total size of all the files uploaded is 27066 bytes
2023-09-16T00:00:47.7814556Z File upload process has finished. Finalizing the artifact upload
2023-09-16T00:00:47.8264747Z Artifact has been finalized. All files have been successfully uploaded!
2023-09-16T00:00:47.8265378Z 
2023-09-16T00:00:47.8265813Z The raw size of all the files that were specified for upload is 89229 bytes
2023-09-16T00:00:47.8267075Z The size of all the files that were uploaded is 27066 bytes. This takes into account any gzip compression used to reduce the upload size, time and storage
2023-09-16T00:00:47.8267840Z 
2023-09-16T00:00:47.8268773Z Note: The size of downloaded zips can differ significantly from the reported size. For more information see: https://github.com/actions/upload-artifact#zipped-artifact-downloads 
2023-09-16T00:00:47.8269622Z 
2023-09-16T00:00:47.8270078Z Artifact code-coverage-report has been successfully uploaded!
2023-09-16T00:00:47.8419486Z Post job cleanup.
2023-09-16T00:00:48.0326819Z Post job cleanup.
2023-09-16T00:00:48.1701286Z [command]/usr/bin/git version
2023-09-16T00:00:48.1764104Z git version 2.42.0
2023-09-16T00:00:48.1815713Z Temporarily overriding HOME='/home/runner/work/_temp/021516d0-bc50-4bb5-a162-21013986a346' before making global git config changes
2023-09-16T00:00:48.1817685Z Adding repository directory to the temporary git global config as a safe directory
2023-09-16T00:00:48.1823147Z [command]/usr/bin/git config --global --add safe.directory /home/runner/work/spotify-web-api-kotlin/spotify-web-api-kotlin
2023-09-16T00:00:48.1866455Z [command]/usr/bin/git config --local --name-only --get-regexp core\.sshCommand
2023-09-16T00:00:48.1905808Z [command]/usr/bin/git submodule foreach --recursive sh -c "git config --local --name-only --get-regexp 'core\.sshCommand' && git config --local --unset-all 'core.sshCommand' || :"
2023-09-16T00:00:48.2193388Z [command]/usr/bin/git config --local --name-only --get-regexp http\.https\:\/\/github\.com\/\.extraheader
2023-09-16T00:00:48.2212867Z http.https://github.com/.extraheader
2023-09-16T00:00:48.2226015Z [command]/usr/bin/git config --local --unset-all http.https://github.com/.extraheader
2023-09-16T00:00:48.2270403Z [command]/usr/bin/git submodule foreach --recursive sh -c "git config --local --name-only --get-regexp 'http\.https\:\/\/github\.com\/\.extraheader' && git config --local --unset-all 'http.https://github.com/.extraheader' || :"
2023-09-16T00:00:48.2838091Z Cleaning up orphan processes
2023-09-16T00:00:48.3212250Z Terminate orphan process: pid (1930) (java)
2023-09-16T00:00:48.3282038Z Terminate orphan process: pid (2227) (java)
