2023-11-10T07:51:51.3921493Z Requested labels: ubuntu-latest
2023-11-10T07:51:51.3921726Z Job defined at: basdijkstra/rest-assured-net/.github/workflows/ci.yml@refs/heads/main
2023-11-10T07:51:51.3921819Z Waiting for a runner to pick up this job...
2023-11-10T07:51:52.4503357Z Job is waiting for a hosted runner to come online.
2023-11-10T07:51:54.4207818Z Job is about to start running on the hosted runner: GitHub Actions 4 (hosted)
2023-11-10T07:51:56.3512035Z Current runner version: '2.311.0'
2023-11-10T07:51:56.3536866Z ##[group]Operating System
2023-11-10T07:51:56.3537593Z Ubuntu
2023-11-10T07:51:56.3537929Z 22.04.3
2023-11-10T07:51:56.3538269Z LTS
2023-11-10T07:51:56.3538651Z ##[endgroup]
2023-11-10T07:51:56.3539287Z ##[group]Runner Image
2023-11-10T07:51:56.3539750Z Image: ubuntu-22.04
2023-11-10T07:51:56.3540213Z Version: 20231030.2.0
2023-11-10T07:51:56.3541211Z Included Software: https://github.com/actions/runner-images/blob/ubuntu22/20231030.2/images/linux/Ubuntu2204-Readme.md
2023-11-10T07:51:56.3542655Z Image Release: https://github.com/actions/runner-images/releases/tag/ubuntu22%2F20231030.2
2023-11-10T07:51:56.3543552Z ##[endgroup]
2023-11-10T07:51:56.3543965Z ##[group]Runner Image Provisioner
2023-11-10T07:51:56.3544446Z 2.0.312.1
2023-11-10T07:51:56.3544808Z ##[endgroup]
2023-11-10T07:51:56.3546951Z ##[group]GITHUB_TOKEN Permissions
2023-11-10T07:51:56.3548698Z Actions: write
2023-11-10T07:51:56.3549100Z Checks: write
2023-11-10T07:51:56.3549753Z Contents: write
2023-11-10T07:51:56.3550212Z Deployments: write
2023-11-10T07:51:56.3550611Z Discussions: write
2023-11-10T07:51:56.3551054Z Issues: write
2023-11-10T07:51:56.3551418Z Metadata: read
2023-11-10T07:51:56.3551795Z Packages: write
2023-11-10T07:51:56.3552212Z Pages: write
2023-11-10T07:51:56.3552584Z PullRequests: write
2023-11-10T07:51:56.3553000Z RepositoryProjects: write
2023-11-10T07:51:56.3553491Z SecurityEvents: write
2023-11-10T07:51:56.3553897Z Statuses: write
2023-11-10T07:51:56.3554293Z ##[endgroup]
2023-11-10T07:51:56.3557277Z Secret source: Actions
2023-11-10T07:51:56.3557843Z Prepare workflow directory
2023-11-10T07:51:56.4176060Z Prepare all required actions
2023-11-10T07:51:56.4330883Z Getting action download info
2023-11-10T07:51:56.5700594Z Download action repository 'actions/checkout@v3' (SHA:f43a0e5ff2bd294095638e18286ca9a3d1956744)
2023-11-10T07:51:56.7159801Z Download action repository 'actions/setup-dotnet@v3' (SHA:3447fd6a9f9e57506b15f895c5b76d3b197dc7c2)
2023-11-10T07:51:57.1501567Z Complete job name: build (6.0.x)
2023-11-10T07:51:57.2319165Z ##[group]Run actions/checkout@v3
2023-11-10T07:51:57.2319750Z with:
2023-11-10T07:51:57.2320265Z   repository: basdijkstra/rest-assured-net
2023-11-10T07:51:57.2321059Z   token: ***
2023-11-10T07:51:57.2321452Z   ssh-strict: true
2023-11-10T07:51:57.2321985Z   persist-credentials: true
2023-11-10T07:51:57.2322420Z   clean: true
2023-11-10T07:51:57.2322841Z   sparse-checkout-cone-mode: true
2023-11-10T07:51:57.2323430Z   fetch-depth: 1
2023-11-10T07:51:57.2323786Z   fetch-tags: false
2023-11-10T07:51:57.2324182Z   lfs: false
2023-11-10T07:51:57.2324563Z   submodules: false
2023-11-10T07:51:57.2324984Z   set-safe-directory: true
2023-11-10T07:51:57.2325439Z ##[endgroup]
2023-11-10T07:51:57.4706531Z Syncing repository: basdijkstra/rest-assured-net
2023-11-10T07:51:57.4708675Z ##[group]Getting Git version info
2023-11-10T07:51:57.4709810Z Working directory is '/home/runner/work/rest-assured-net/rest-assured-net'
2023-11-10T07:51:57.4711059Z [command]/usr/bin/git version
2023-11-10T07:51:57.4803033Z git version 2.42.0
2023-11-10T07:51:57.4826791Z ##[endgroup]
2023-11-10T07:51:57.4840633Z Temporarily overriding HOME='/home/runner/work/_temp/55eb5bdd-05b2-4bc5-80d9-9c50ff2b326b' before making global git config changes
2023-11-10T07:51:57.4843026Z Adding repository directory to the temporary git global config as a safe directory
2023-11-10T07:51:57.4845993Z [command]/usr/bin/git config --global --add safe.directory /home/runner/work/rest-assured-net/rest-assured-net
2023-11-10T07:51:57.4891819Z Deleting the contents of '/home/runner/work/rest-assured-net/rest-assured-net'
2023-11-10T07:51:57.4895529Z ##[group]Initializing the repository
2023-11-10T07:51:57.4898744Z [command]/usr/bin/git init /home/runner/work/rest-assured-net/rest-assured-net
2023-11-10T07:51:57.5003836Z hint: Using 'master' as the name for the initial branch. This default branch name
2023-11-10T07:51:57.5005076Z hint: is subject to change. To configure the initial branch name to use in all
2023-11-10T07:51:57.5006412Z hint: of your new repositories, which will suppress this warning, call:
2023-11-10T07:51:57.5007146Z hint: 
2023-11-10T07:51:57.5007757Z hint: 	git config --global init.defaultBranch <name>
2023-11-10T07:51:57.5008433Z hint: 
2023-11-10T07:51:57.5009582Z hint: Names commonly chosen instead of 'master' are 'main', 'trunk' and
2023-11-10T07:51:57.5011524Z hint: 'development'. The just-created branch can be renamed via this command:
2023-11-10T07:51:57.5012789Z hint: 
2023-11-10T07:51:57.5013453Z hint: 	git branch -m <name>
2023-11-10T07:51:57.5020365Z Initialized empty Git repository in /home/runner/work/rest-assured-net/rest-assured-net/.git/
2023-11-10T07:51:57.5028538Z [command]/usr/bin/git remote add origin https://github.com/basdijkstra/rest-assured-net
2023-11-10T07:51:57.5073765Z ##[endgroup]
2023-11-10T07:51:57.5074652Z ##[group]Disabling automatic garbage collection
2023-11-10T07:51:57.5076681Z [command]/usr/bin/git config --local gc.auto 0
2023-11-10T07:51:57.5112523Z ##[endgroup]
2023-11-10T07:51:57.5113219Z ##[group]Setting up auth
2023-11-10T07:51:57.5118039Z [command]/usr/bin/git config --local --name-only --get-regexp core\.sshCommand
2023-11-10T07:51:57.5155713Z [command]/usr/bin/git submodule foreach --recursive sh -c "git config --local --name-only --get-regexp 'core\.sshCommand' && git config --local --unset-all 'core.sshCommand' || :"
2023-11-10T07:51:57.5585873Z [command]/usr/bin/git config --local --name-only --get-regexp http\.https\:\/\/github\.com\/\.extraheader
2023-11-10T07:51:57.5624929Z [command]/usr/bin/git submodule foreach --recursive sh -c "git config --local --name-only --get-regexp 'http\.https\:\/\/github\.com\/\.extraheader' && git config --local --unset-all 'http.https://github.com/.extraheader' || :"
2023-11-10T07:51:57.5868166Z [command]/usr/bin/git config --local http.https://github.com/.extraheader AUTHORIZATION: basic ***
2023-11-10T07:51:57.5912115Z ##[endgroup]
2023-11-10T07:51:57.5913193Z ##[group]Fetching the repository
2023-11-10T07:51:57.5921244Z [command]/usr/bin/git -c protocol.version=2 fetch --no-tags --prune --progress --no-recurse-submodules --depth=1 origin +295418080bf31f93d772e530087cf7340db586b7:refs/remotes/origin/main
2023-11-10T07:51:57.7987388Z remote: Enumerating objects: 103, done.        
2023-11-10T07:51:57.7989207Z remote: Counting objects:   0% (1/103)        
2023-11-10T07:51:57.7990703Z remote: Counting objects:   1% (2/103)        
2023-11-10T07:51:57.7992275Z remote: Counting objects:   2% (3/103)        
2023-11-10T07:51:57.7993740Z remote: Counting objects:   3% (4/103)        
2023-11-10T07:51:57.7994982Z remote: Counting objects:   4% (5/103)        
2023-11-10T07:51:57.7995734Z remote: Counting objects:   5% (6/103)        
2023-11-10T07:51:57.7996410Z remote: Counting objects:   6% (7/103)        
2023-11-10T07:51:57.7997109Z remote: Counting objects:   7% (8/103)        
2023-11-10T07:51:57.7997798Z remote: Counting objects:   8% (9/103)        
2023-11-10T07:51:57.7998531Z remote: Counting objects:   9% (10/103)        
2023-11-10T07:51:57.7999319Z remote: Counting objects:  10% (11/103)        
2023-11-10T07:51:57.8000006Z remote: Counting objects:  11% (12/103)        
2023-11-10T07:51:57.8000680Z remote: Counting objects:  12% (13/103)        
2023-11-10T07:51:57.8001412Z remote: Counting objects:  13% (14/103)        
2023-11-10T07:51:57.8002118Z remote: Counting objects:  14% (15/103)        
2023-11-10T07:51:57.8002781Z remote: Counting objects:  15% (16/103)        
2023-11-10T07:51:57.8003491Z remote: Counting objects:  16% (17/103)        
2023-11-10T07:51:57.8004161Z remote: Counting objects:  17% (18/103)        
2023-11-10T07:51:57.8004818Z remote: Counting objects:  18% (19/103)        
2023-11-10T07:51:57.8005521Z remote: Counting objects:  19% (20/103)        
2023-11-10T07:51:57.8006176Z remote: Counting objects:  20% (21/103)        
2023-11-10T07:51:57.8006845Z remote: Counting objects:  21% (22/103)        
2023-11-10T07:51:57.8007512Z remote: Counting objects:  22% (23/103)        
2023-11-10T07:51:57.8008472Z remote: Counting objects:  23% (24/103)        
2023-11-10T07:51:57.8009135Z remote: Counting objects:  24% (25/103)        
2023-11-10T07:51:57.8009821Z remote: Counting objects:  25% (26/103)        
2023-11-10T07:51:57.8010475Z remote: Counting objects:  26% (27/103)        
2023-11-10T07:51:57.8011138Z remote: Counting objects:  27% (28/103)        
2023-11-10T07:51:57.8011861Z remote: Counting objects:  28% (29/103)        
2023-11-10T07:51:57.8012686Z remote: Counting objects:  29% (30/103)        
2023-11-10T07:51:57.8013345Z remote: Counting objects:  30% (31/103)        
2023-11-10T07:51:57.8014061Z remote: Counting objects:  31% (32/103)        
2023-11-10T07:51:57.8014687Z remote: Counting objects:  32% (33/103)        
2023-11-10T07:51:57.8015352Z remote: Counting objects:  33% (34/103)        
2023-11-10T07:51:57.8016103Z remote: Counting objects:  34% (36/103)        
2023-11-10T07:51:57.8016763Z remote: Counting objects:  35% (37/103)        
2023-11-10T07:51:57.8017370Z remote: Counting objects:  36% (38/103)        
2023-11-10T07:51:57.8018093Z remote: Counting objects:  37% (39/103)        
2023-11-10T07:51:57.8018746Z remote: Counting objects:  38% (40/103)        
2023-11-10T07:51:57.8019656Z remote: Counting objects:  39% (41/103)        
2023-11-10T07:51:57.8020420Z remote: Counting objects:  40% (42/103)        
2023-11-10T07:51:57.8021098Z remote: Counting objects:  41% (43/103)        
2023-11-10T07:51:57.8021713Z remote: Counting objects:  42% (44/103)        
2023-11-10T07:51:57.8022541Z remote: Counting objects:  43% (45/103)        
2023-11-10T07:51:57.8023215Z remote: Counting objects:  44% (46/103)        
2023-11-10T07:51:57.8023826Z remote: Counting objects:  45% (47/103)        
2023-11-10T07:51:57.8024555Z remote: Counting objects:  46% (48/103)        
2023-11-10T07:51:57.8025207Z remote: Counting objects:  47% (49/103)        
2023-11-10T07:51:57.8025812Z remote: Counting objects:  48% (50/103)        
2023-11-10T07:51:57.8026540Z remote: Counting objects:  49% (51/103)        
2023-11-10T07:51:57.8027385Z remote: Counting objects:  50% (52/103)        
2023-11-10T07:51:57.8028040Z remote: Counting objects:  51% (53/103)        
2023-11-10T07:51:57.8028787Z remote: Counting objects:  52% (54/103)        
2023-11-10T07:51:57.8029433Z remote: Counting objects:  53% (55/103)        
2023-11-10T07:51:57.8030057Z remote: Counting objects:  54% (56/103)        
2023-11-10T07:51:57.8030761Z remote: Counting objects:  55% (57/103)        
2023-11-10T07:51:57.8031420Z remote: Counting objects:  56% (58/103)        
2023-11-10T07:51:57.8032088Z remote: Counting objects:  57% (59/103)        
2023-11-10T07:51:57.8032758Z remote: Counting objects:  58% (60/103)        
2023-11-10T07:51:57.8033408Z remote: Counting objects:  59% (61/103)        
2023-11-10T07:51:57.8034071Z remote: Counting objects:  60% (62/103)        
2023-11-10T07:51:57.8034775Z remote: Counting objects:  61% (63/103)        
2023-11-10T07:51:57.8035918Z remote: Counting objects:  62% (64/103)        
2023-11-10T07:51:57.8037064Z remote: Counting objects:  63% (65/103)        
2023-11-10T07:51:57.8038528Z remote: Counting objects:  64% (66/103)        
2023-11-10T07:51:57.8039718Z remote: Counting objects:  65% (67/103)        
2023-11-10T07:51:57.8040424Z remote: Counting objects:  66% (68/103)        
2023-11-10T07:51:57.8041225Z remote: Counting objects:  67% (70/103)        
2023-11-10T07:51:57.8042437Z remote: Counting objects:  68% (71/103)        
2023-11-10T07:51:57.8043530Z remote: Counting objects:  69% (72/103)        
2023-11-10T07:51:57.8044345Z remote: Counting objects:  70% (73/103)        
2023-11-10T07:51:57.8045551Z remote: Counting objects:  71% (74/103)        
2023-11-10T07:51:57.8046669Z remote: Counting objects:  72% (75/103)        
2023-11-10T07:51:57.8047485Z remote: Counting objects:  73% (76/103)        
2023-11-10T07:51:57.8048144Z remote: Counting objects:  74% (77/103)        
2023-11-10T07:51:57.8048798Z remote: Counting objects:  75% (78/103)        
2023-11-10T07:51:57.8049837Z remote: Counting objects:  76% (79/103)        
2023-11-10T07:51:57.8051033Z remote: Counting objects:  77% (80/103)        
2023-11-10T07:51:57.8052358Z remote: Counting objects:  78% (81/103)        
2023-11-10T07:51:57.8053420Z remote: Counting objects:  79% (82/103)        
2023-11-10T07:51:57.8054067Z remote: Counting objects:  80% (83/103)        
2023-11-10T07:51:57.8054728Z remote: Counting objects:  81% (84/103)        
2023-11-10T07:51:57.8055481Z remote: Counting objects:  82% (85/103)        
2023-11-10T07:51:57.8056103Z remote: Counting objects:  83% (86/103)        
2023-11-10T07:51:57.8056752Z remote: Counting objects:  84% (87/103)        
2023-11-10T07:51:57.8057486Z remote: Counting objects:  85% (88/103)        
2023-11-10T07:51:57.8058129Z remote: Counting objects:  86% (89/103)        
2023-11-10T07:51:57.8058751Z remote: Counting objects:  87% (90/103)        
2023-11-10T07:51:57.8059634Z remote: Counting objects:  88% (91/103)        
2023-11-10T07:51:57.8060292Z remote: Counting objects:  89% (92/103)        
2023-11-10T07:51:57.8060944Z remote: Counting objects:  90% (93/103)        
2023-11-10T07:51:57.8062035Z remote: Counting objects:  91% (94/103)        
2023-11-10T07:51:57.8063331Z remote: Counting objects:  92% (95/103)        
2023-11-10T07:51:57.8064027Z remote: Counting objects:  93% (96/103)        
2023-11-10T07:51:57.8064803Z remote: Counting objects:  94% (97/103)        
2023-11-10T07:51:57.8065886Z remote: Counting objects:  95% (98/103)        
2023-11-10T07:51:57.8067040Z remote: Counting objects:  96% (99/103)        
2023-11-10T07:51:57.8068148Z remote: Counting objects:  97% (100/103)        
2023-11-10T07:51:57.8069471Z remote: Counting objects:  98% (101/103)        
2023-11-10T07:51:57.8070178Z remote: Counting objects:  99% (102/103)        
2023-11-10T07:51:57.8070975Z remote: Counting objects: 100% (103/103)        
2023-11-10T07:51:57.8072164Z remote: Counting objects: 100% (103/103), done.        
2023-11-10T07:51:57.8073464Z remote: Compressing objects:   1% (1/95)        
2023-11-10T07:51:57.8074435Z remote: Compressing objects:   2% (2/95)        
2023-11-10T07:51:57.8075174Z remote: Compressing objects:   3% (3/95)        
2023-11-10T07:51:57.8076201Z remote: Compressing objects:   4% (4/95)        
2023-11-10T07:51:57.8077391Z remote: Compressing objects:   5% (5/95)        
2023-11-10T07:51:57.8078141Z remote: Compressing objects:   6% (6/95)        
2023-11-10T07:51:57.8079056Z remote: Compressing objects:   7% (7/95)        
2023-11-10T07:51:57.8080343Z remote: Compressing objects:   8% (8/95)        
2023-11-10T07:51:57.8081314Z remote: Compressing objects:   9% (9/95)        
2023-11-10T07:51:57.8082212Z remote: Compressing objects:  10% (10/95)        
2023-11-10T07:51:57.8082916Z remote: Compressing objects:  11% (11/95)        
2023-11-10T07:51:57.8083602Z remote: Compressing objects:  12% (12/95)        
2023-11-10T07:51:57.8084979Z remote: Compressing objects:  13% (13/95)        
2023-11-10T07:51:57.8085866Z remote: Compressing objects:  14% (14/95)        
2023-11-10T07:51:57.8086597Z remote: Compressing objects:  15% (15/95)        
2023-11-10T07:51:57.8087592Z remote: Compressing objects:  16% (16/95)        
2023-11-10T07:51:57.8088264Z remote: Compressing objects:  17% (17/95)        
2023-11-10T07:51:57.8088944Z remote: Compressing objects:  18% (18/95)        
2023-11-10T07:51:57.8089721Z remote: Compressing objects:  20% (19/95)        
2023-11-10T07:51:57.8090364Z remote: Compressing objects:  21% (20/95)        
2023-11-10T07:51:57.8091029Z remote: Compressing objects:  22% (21/95)        
2023-11-10T07:51:57.8091821Z remote: Compressing objects:  23% (22/95)        
2023-11-10T07:51:57.8092513Z remote: Compressing objects:  24% (23/95)        
2023-11-10T07:51:57.8093171Z remote: Compressing objects:  25% (24/95)        
2023-11-10T07:51:57.8094374Z remote: Compressing objects:  26% (25/95)        
2023-11-10T07:51:57.8095729Z remote: Compressing objects:  27% (26/95)        
2023-11-10T07:51:57.8097087Z remote: Compressing objects:  28% (27/95)        
2023-11-10T07:51:57.8099184Z remote: Compressing objects:  29% (28/95)        
2023-11-10T07:51:57.8100179Z remote: Compressing objects:  30% (29/95)        
2023-11-10T07:51:57.8100891Z remote: Compressing objects:  31% (30/95)        
2023-11-10T07:51:57.8101699Z remote: Compressing objects:  32% (31/95)        
2023-11-10T07:51:57.8102399Z remote: Compressing objects:  33% (32/95)        
2023-11-10T07:51:57.8103087Z remote: Compressing objects:  34% (33/95)        
2023-11-10T07:51:57.8103838Z remote: Compressing objects:  35% (34/95)        
2023-11-10T07:51:57.8104528Z remote: Compressing objects:  36% (35/95)        
2023-11-10T07:51:57.8105178Z remote: Compressing objects:  37% (36/95)        
2023-11-10T07:51:57.8106283Z remote: Compressing objects:  38% (37/95)        
2023-11-10T07:51:57.8107271Z remote: Compressing objects:  40% (38/95)        
2023-11-10T07:51:57.8108622Z remote: Compressing objects:  41% (39/95)        
2023-11-10T07:51:57.8109917Z remote: Compressing objects:  42% (40/95)        
2023-11-10T07:51:57.8111026Z remote: Compressing objects:  43% (41/95)        
2023-11-10T07:51:57.8112704Z remote: Compressing objects:  44% (42/95)        
2023-11-10T07:51:57.8120663Z remote: Compressing objects:  45% (43/95)        
2023-11-10T07:51:57.8121700Z remote: Compressing objects:  46% (44/95)        
2023-11-10T07:51:57.8124323Z remote: Compressing objects:  47% (45/95)        
2023-11-10T07:51:57.8128954Z remote: Compressing objects:  48% (46/95)        
2023-11-10T07:51:57.8137400Z remote: Compressing objects:  49% (47/95)        
2023-11-10T07:51:57.8138389Z remote: Compressing objects:  50% (48/95)        
2023-11-10T07:51:57.8140599Z remote: Compressing objects:  51% (49/95)        
2023-11-10T07:51:57.8143553Z remote: Compressing objects:  52% (50/95)        
2023-11-10T07:51:57.8146699Z remote: Compressing objects:  53% (51/95)        
2023-11-10T07:51:57.8151054Z remote: Compressing objects:  54% (52/95)        
2023-11-10T07:51:57.8152295Z remote: Compressing objects:  55% (53/95)        
2023-11-10T07:51:57.8153728Z remote: Compressing objects:  56% (54/95)        
2023-11-10T07:51:57.8160243Z remote: Compressing objects:  57% (55/95)        
2023-11-10T07:51:57.8161769Z remote: Compressing objects:  58% (56/95)        
2023-11-10T07:51:57.8162798Z remote: Compressing objects:  60% (57/95)        
2023-11-10T07:51:57.8164134Z remote: Compressing objects:  61% (58/95)        
2023-11-10T07:51:57.8165640Z remote: Compressing objects:  62% (59/95)        
2023-11-10T07:51:57.8167011Z remote: Compressing objects:  63% (60/95)        
2023-11-10T07:51:57.8168238Z remote: Compressing objects:  64% (61/95)        
2023-11-10T07:51:57.8168991Z remote: Compressing objects:  65% (62/95)        
2023-11-10T07:51:57.8169888Z remote: Compressing objects:  66% (63/95)        
2023-11-10T07:51:57.8171326Z remote: Compressing objects:  67% (64/95)        
2023-11-10T07:51:57.8172602Z remote: Compressing objects:  68% (65/95)        
2023-11-10T07:51:57.8173804Z remote: Compressing objects:  69% (66/95)        
2023-11-10T07:51:57.8175290Z remote: Compressing objects:  70% (67/95)        
2023-11-10T07:51:57.8176414Z remote: Compressing objects:  71% (68/95)        
2023-11-10T07:51:57.8177424Z remote: Compressing objects:  72% (69/95)        
2023-11-10T07:51:57.8178719Z remote: Compressing objects:  73% (70/95)        
2023-11-10T07:51:57.8179955Z remote: Compressing objects:  74% (71/95)        
2023-11-10T07:51:57.8181051Z remote: Compressing objects:  75% (72/95)        
2023-11-10T07:51:57.8182094Z remote: Compressing objects:  76% (73/95)        
2023-11-10T07:51:57.8182786Z remote: Compressing objects:  77% (74/95)        
2023-11-10T07:51:57.8187099Z remote: Compressing objects:  78% (75/95)        
2023-11-10T07:51:57.8193351Z remote: Compressing objects:  80% (76/95)        
2023-11-10T07:51:57.8194462Z remote: Compressing objects:  81% (77/95)        
2023-11-10T07:51:57.8195152Z remote: Compressing objects:  82% (78/95)        
2023-11-10T07:51:57.8195968Z remote: Compressing objects:  83% (79/95)        
2023-11-10T07:51:57.8196891Z remote: Compressing objects:  84% (80/95)        
2023-11-10T07:51:57.8197548Z remote: Compressing objects:  85% (81/95)        
2023-11-10T07:51:57.8198351Z remote: Compressing objects:  86% (82/95)        
2023-11-10T07:51:57.8199045Z remote: Compressing objects:  87% (83/95)        
2023-11-10T07:51:57.8199688Z remote: Compressing objects:  88% (84/95)        
2023-11-10T07:51:57.8200486Z remote: Compressing objects:  89% (85/95)        
2023-11-10T07:51:57.8201167Z remote: Compressing objects:  90% (86/95)        
2023-11-10T07:51:57.8201819Z remote: Compressing objects:  91% (87/95)        
2023-11-10T07:51:57.8203034Z remote: Compressing objects:  92% (88/95)        
2023-11-10T07:51:57.8203819Z remote: Compressing objects:  93% (89/95)        
2023-11-10T07:51:57.8204530Z remote: Compressing objects:  94% (90/95)        
2023-11-10T07:51:57.8205315Z remote: Compressing objects:  95% (91/95)        
2023-11-10T07:51:57.8206010Z remote: Compressing objects:  96% (92/95)        
2023-11-10T07:51:57.8206738Z remote: Compressing objects:  97% (93/95)        
2023-11-10T07:51:57.8207489Z remote: Compressing objects:  98% (94/95)        
2023-11-10T07:51:57.8208190Z remote: Compressing objects: 100% (95/95)        
2023-11-10T07:51:57.8208911Z remote: Compressing objects: 100% (95/95), done.        
2023-11-10T07:51:57.8239115Z Receiving objects:   0% (1/103)
2023-11-10T07:51:57.8240143Z Receiving objects:   1% (2/103)
2023-11-10T07:51:57.8241060Z Receiving objects:   2% (3/103)
2023-11-10T07:51:57.8241998Z Receiving objects:   3% (4/103)
2023-11-10T07:51:57.8242671Z Receiving objects:   4% (5/103)
2023-11-10T07:51:57.8243405Z Receiving objects:   5% (6/103)
2023-11-10T07:51:57.8244360Z Receiving objects:   6% (7/103)
2023-11-10T07:51:57.8245259Z Receiving objects:   7% (8/103)
2023-11-10T07:51:57.8246155Z Receiving objects:   8% (9/103)
2023-11-10T07:51:57.8247127Z Receiving objects:   9% (10/103)
2023-11-10T07:51:57.8248159Z Receiving objects:  10% (11/103)
2023-11-10T07:51:57.8249312Z Receiving objects:  11% (12/103)
2023-11-10T07:51:57.8250318Z Receiving objects:  12% (13/103)
2023-11-10T07:51:57.8251250Z Receiving objects:  13% (14/103)
2023-11-10T07:51:57.8252649Z Receiving objects:  14% (15/103)
2023-11-10T07:51:57.8253561Z Receiving objects:  15% (16/103)
2023-11-10T07:51:57.8254495Z Receiving objects:  16% (17/103)
2023-11-10T07:51:57.8256486Z Receiving objects:  17% (18/103)
2023-11-10T07:51:57.8257471Z Receiving objects:  18% (19/103)
2023-11-10T07:51:57.8258420Z Receiving objects:  19% (20/103)
2023-11-10T07:51:57.8259648Z Receiving objects:  20% (21/103)
2023-11-10T07:51:57.8260546Z Receiving objects:  21% (22/103)
2023-11-10T07:51:57.8261314Z Receiving objects:  22% (23/103)
2023-11-10T07:51:57.8261969Z Receiving objects:  23% (24/103)
2023-11-10T07:51:57.8262530Z Receiving objects:  24% (25/103)
2023-11-10T07:51:57.8263007Z Receiving objects:  25% (26/103)
2023-11-10T07:51:57.8263596Z Receiving objects:  26% (27/103)
2023-11-10T07:51:57.8264191Z Receiving objects:  27% (28/103)
2023-11-10T07:51:57.8264677Z Receiving objects:  28% (29/103)
2023-11-10T07:51:57.8265270Z Receiving objects:  29% (30/103)
2023-11-10T07:51:57.8265811Z Receiving objects:  30% (31/103)
2023-11-10T07:51:57.8266298Z Receiving objects:  31% (32/103)
2023-11-10T07:51:57.8266904Z Receiving objects:  32% (33/103)
2023-11-10T07:51:57.8267424Z Receiving objects:  33% (34/103)
2023-11-10T07:51:57.8267899Z Receiving objects:  34% (36/103)
2023-11-10T07:51:57.8268485Z Receiving objects:  35% (37/103)
2023-11-10T07:51:57.8268998Z Receiving objects:  36% (38/103)
2023-11-10T07:51:57.8269483Z Receiving objects:  37% (39/103)
2023-11-10T07:51:57.8270086Z Receiving objects:  38% (40/103)
2023-11-10T07:51:57.8270623Z Receiving objects:  39% (41/103)
2023-11-10T07:51:57.8274303Z Receiving objects:  40% (42/103)
2023-11-10T07:51:57.8275443Z Receiving objects:  41% (43/103)
2023-11-10T07:51:57.8276280Z Receiving objects:  42% (44/103)
2023-11-10T07:51:57.8276790Z Receiving objects:  43% (45/103)
2023-11-10T07:51:57.8277653Z Receiving objects:  44% (46/103)
2023-11-10T07:51:57.8278212Z Receiving objects:  45% (47/103)
2023-11-10T07:51:57.8278724Z Receiving objects:  46% (48/103)
2023-11-10T07:51:57.8279318Z Receiving objects:  47% (49/103)
2023-11-10T07:51:57.8280195Z Receiving objects:  48% (50/103)
2023-11-10T07:51:57.8281064Z Receiving objects:  49% (51/103)
2023-11-10T07:51:57.8282070Z Receiving objects:  50% (52/103)
2023-11-10T07:51:57.8283047Z Receiving objects:  51% (53/103)
2023-11-10T07:51:57.8283909Z Receiving objects:  52% (54/103)
2023-11-10T07:51:57.8284960Z Receiving objects:  53% (55/103)
2023-11-10T07:51:57.8285628Z Receiving objects:  54% (56/103)
2023-11-10T07:51:57.8286116Z Receiving objects:  55% (57/103)
2023-11-10T07:51:57.8286713Z Receiving objects:  56% (58/103)
2023-11-10T07:51:57.8287303Z Receiving objects:  57% (59/103)
2023-11-10T07:51:57.8288143Z Receiving objects:  58% (60/103)
2023-11-10T07:51:57.8288727Z Receiving objects:  59% (61/103)
2023-11-10T07:51:57.8289372Z Receiving objects:  60% (62/103)
2023-11-10T07:51:57.8289916Z Receiving objects:  61% (63/103)
2023-11-10T07:51:57.8290768Z Receiving objects:  62% (64/103)
2023-11-10T07:51:57.8291690Z Receiving objects:  63% (65/103)
2023-11-10T07:51:57.8292635Z Receiving objects:  64% (66/103)
2023-11-10T07:51:57.8293604Z Receiving objects:  65% (67/103)
2023-11-10T07:51:57.8294506Z Receiving objects:  66% (68/103)
2023-11-10T07:51:57.8295372Z Receiving objects:  67% (70/103)
2023-11-10T07:51:57.8296358Z Receiving objects:  68% (71/103)
2023-11-10T07:51:57.8297337Z Receiving objects:  69% (72/103)
2023-11-10T07:51:57.8297998Z Receiving objects:  70% (73/103)
2023-11-10T07:51:57.8298645Z Receiving objects:  71% (74/103)
2023-11-10T07:51:57.8311858Z Receiving objects:  72% (75/103)
2023-11-10T07:51:57.8312789Z Receiving objects:  73% (76/103)
2023-11-10T07:51:57.8313885Z Receiving objects:  74% (77/103)
2023-11-10T07:51:57.8314501Z Receiving objects:  75% (78/103)
2023-11-10T07:51:57.8314993Z Receiving objects:  76% (79/103)
2023-11-10T07:51:57.8315825Z Receiving objects:  77% (80/103)
2023-11-10T07:51:57.8316377Z Receiving objects:  78% (81/103)
2023-11-10T07:51:57.8316886Z Receiving objects:  79% (82/103)
2023-11-10T07:51:57.8317530Z Receiving objects:  80% (83/103)
2023-11-10T07:51:57.8318050Z Receiving objects:  81% (84/103)
2023-11-10T07:51:57.8318548Z Receiving objects:  82% (85/103)
2023-11-10T07:51:57.8319129Z Receiving objects:  83% (86/103)
2023-11-10T07:51:57.8319648Z Receiving objects:  84% (87/103)
2023-11-10T07:51:57.8320153Z Receiving objects:  85% (88/103)
2023-11-10T07:51:57.8320740Z Receiving objects:  86% (89/103)
2023-11-10T07:51:57.8321277Z Receiving objects:  87% (90/103)
2023-11-10T07:51:57.8321755Z Receiving objects:  88% (91/103)
2023-11-10T07:51:57.8329174Z Receiving objects:  89% (92/103)
2023-11-10T07:51:57.8330110Z Receiving objects:  90% (93/103)
2023-11-10T07:51:57.8330948Z Receiving objects:  91% (94/103)
2023-11-10T07:51:57.8332152Z Receiving objects:  92% (95/103)
2023-11-10T07:51:57.8333379Z Receiving objects:  93% (96/103)
2023-11-10T07:51:57.8334448Z Receiving objects:  94% (97/103)
2023-11-10T07:51:57.8335314Z Receiving objects:  95% (98/103)
2023-11-10T07:51:57.8336015Z Receiving objects:  96% (99/103)
2023-11-10T07:51:57.8336639Z Receiving objects:  97% (100/103)
2023-11-10T07:51:57.8339969Z Receiving objects:  98% (101/103)
2023-11-10T07:51:57.8347990Z remote: Total 103 (delta 54), reused 24 (delta 7), pack-reused 0        
2023-11-10T07:51:57.8359044Z Receiving objects:  99% (102/103)
2023-11-10T07:51:57.8359933Z Receiving objects: 100% (103/103)
2023-11-10T07:51:57.8361067Z Receiving objects: 100% (103/103), 84.42 KiB | 8.44 MiB/s, done.
2023-11-10T07:51:57.8362408Z Resolving deltas:   0% (0/54)
2023-11-10T07:51:57.8363236Z Resolving deltas:   1% (1/54)
2023-11-10T07:51:57.8364085Z Resolving deltas:   3% (2/54)
2023-11-10T07:51:57.8364940Z Resolving deltas:   5% (3/54)
2023-11-10T07:51:57.8365709Z Resolving deltas:   7% (4/54)
2023-11-10T07:51:57.8366495Z Resolving deltas:   9% (5/54)
2023-11-10T07:51:57.8367824Z Resolving deltas:  11% (6/54)
2023-11-10T07:51:57.8368659Z Resolving deltas:  12% (7/54)
2023-11-10T07:51:57.8369482Z Resolving deltas:  16% (9/54)
2023-11-10T07:51:57.8370422Z Resolving deltas:  18% (10/54)
2023-11-10T07:51:57.8371219Z Resolving deltas:  20% (11/54)
2023-11-10T07:51:57.8372023Z Resolving deltas:  22% (12/54)
2023-11-10T07:51:57.8372829Z Resolving deltas:  24% (13/54)
2023-11-10T07:51:57.8373629Z Resolving deltas:  25% (14/54)
2023-11-10T07:51:57.8374510Z Resolving deltas:  27% (15/54)
2023-11-10T07:51:57.8375293Z Resolving deltas:  29% (16/54)
2023-11-10T07:51:57.8376062Z Resolving deltas:  31% (17/54)
2023-11-10T07:51:57.8376814Z Resolving deltas:  33% (18/54)
2023-11-10T07:51:57.8377435Z Resolving deltas:  35% (19/54)
2023-11-10T07:51:57.8377913Z Resolving deltas:  37% (20/54)
2023-11-10T07:51:57.8378413Z Resolving deltas:  38% (21/54)
2023-11-10T07:51:57.8379279Z Resolving deltas:  40% (22/54)
2023-11-10T07:51:57.8379992Z Resolving deltas:  42% (23/54)
2023-11-10T07:51:57.8380887Z Resolving deltas:  44% (24/54)
2023-11-10T07:51:57.8381890Z Resolving deltas:  46% (25/54)
2023-11-10T07:51:57.8382675Z Resolving deltas:  48% (26/54)
2023-11-10T07:51:57.8383506Z Resolving deltas:  50% (27/54)
2023-11-10T07:51:57.8384409Z Resolving deltas:  51% (28/54)
2023-11-10T07:51:57.8385178Z Resolving deltas:  53% (29/54)
2023-11-10T07:51:57.8385989Z Resolving deltas:  59% (32/54)
2023-11-10T07:51:57.8386875Z Resolving deltas:  61% (33/54)
2023-11-10T07:51:57.8387639Z Resolving deltas:  62% (34/54)
2023-11-10T07:51:57.8388505Z Resolving deltas:  64% (35/54)
2023-11-10T07:51:57.8389430Z Resolving deltas:  66% (36/54)
2023-11-10T07:51:57.8390244Z Resolving deltas:  68% (37/54)
2023-11-10T07:51:57.8391027Z Resolving deltas:  70% (38/54)
2023-11-10T07:51:57.8391950Z Resolving deltas:  72% (39/54)
2023-11-10T07:51:57.8392533Z Resolving deltas:  74% (40/54)
2023-11-10T07:51:57.8393001Z Resolving deltas:  75% (41/54)
2023-11-10T07:51:57.8393625Z Resolving deltas:  77% (42/54)
2023-11-10T07:51:57.8407193Z Resolving deltas:  79% (43/54)
2023-11-10T07:51:57.8407749Z Resolving deltas:  81% (44/54)
2023-11-10T07:51:57.8408349Z Resolving deltas:  83% (45/54)
2023-11-10T07:51:57.8409053Z Resolving deltas:  85% (46/54)
2023-11-10T07:51:57.8409825Z Resolving deltas:  87% (47/54)
2023-11-10T07:51:57.8410552Z Resolving deltas:  88% (48/54)
2023-11-10T07:51:57.8411148Z Resolving deltas:  90% (49/54)
2023-11-10T07:51:57.8411930Z Resolving deltas:  92% (50/54)
2023-11-10T07:51:57.8412868Z Resolving deltas:  94% (51/54)
2023-11-10T07:51:57.8413650Z Resolving deltas:  96% (52/54)
2023-11-10T07:51:57.8414232Z Resolving deltas:  98% (53/54)
2023-11-10T07:51:57.8414829Z Resolving deltas: 100% (54/54)
2023-11-10T07:51:57.8415405Z Resolving deltas: 100% (54/54), done.
2023-11-10T07:51:57.8476932Z From https://github.com/basdijkstra/rest-assured-net
2023-11-10T07:51:57.8478265Z  * [new ref]         295418080bf31f93d772e530087cf7340db586b7 -> origin/main
2023-11-10T07:51:57.8502619Z ##[endgroup]
2023-11-10T07:51:57.8503760Z ##[group]Determining the checkout info
2023-11-10T07:51:57.8505377Z ##[endgroup]
2023-11-10T07:51:57.8506345Z ##[group]Checking out the ref
2023-11-10T07:51:57.8509436Z [command]/usr/bin/git checkout --progress --force -B main refs/remotes/origin/main
2023-11-10T07:51:57.8605954Z Switched to a new branch 'main'
2023-11-10T07:51:57.8607107Z branch 'main' set up to track 'origin/main'.
2023-11-10T07:51:57.8613917Z ##[endgroup]
2023-11-10T07:51:57.8654977Z [command]/usr/bin/git log -1 --format='%H'
2023-11-10T07:51:57.8686627Z '295418080bf31f93d772e530087cf7340db586b7'
2023-11-10T07:51:57.9004549Z ##[group]Run actions/setup-dotnet@v3
2023-11-10T07:51:57.9005144Z with:
2023-11-10T07:51:57.9005676Z   dotnet-version: 6.0.x
2023-11-10T07:51:57.9006147Z   cache: false
2023-11-10T07:51:57.9006515Z ##[endgroup]
2023-11-10T07:51:58.0707486Z [command]/home/runner/work/_actions/actions/setup-dotnet/v3/externals/install-dotnet.sh --channel 6.0
2023-11-10T07:51:58.5892223Z dotnet-install: .NET Core SDK with version '6.0.416' is already installed.
2023-11-10T07:51:58.6078162Z ##[group]Run dotnet --list-sdks
2023-11-10T07:51:58.6078835Z [36;1mdotnet --list-sdks[0m
2023-11-10T07:51:58.6138399Z shell: /usr/bin/bash -e {0}
2023-11-10T07:51:58.6139177Z env:
2023-11-10T07:51:58.6139715Z   DOTNET_ROOT: /usr/share/dotnet
2023-11-10T07:51:58.6140390Z ##[endgroup]
2023-11-10T07:51:58.7437603Z 6.0.416 [/usr/share/dotnet/sdk]
2023-11-10T07:51:58.7438564Z 7.0.113 [/usr/share/dotnet/sdk]
2023-11-10T07:51:58.7439071Z 7.0.203 [/usr/share/dotnet/sdk]
2023-11-10T07:51:58.7439935Z 7.0.310 [/usr/share/dotnet/sdk]
2023-11-10T07:51:58.7440887Z 7.0.403 [/usr/share/dotnet/sdk]
2023-11-10T07:51:58.7477905Z ##[group]Run dotnet restore
2023-11-10T07:51:58.7478340Z [36;1mdotnet restore[0m
2023-11-10T07:51:58.7520784Z shell: /usr/bin/bash -e {0}
2023-11-10T07:51:58.7521159Z env:
2023-11-10T07:51:58.7521562Z   DOTNET_ROOT: /usr/share/dotnet
2023-11-10T07:51:58.7521929Z ##[endgroup]
2023-11-10T07:52:04.0223182Z   Determining projects to restore...
2023-11-10T07:52:06.5453532Z   Restored /home/runner/work/rest-assured-net/rest-assured-net/RestAssured.Net.DemoService/RestAssured.Net.DemoService.csproj (in 936 ms).
2023-11-10T07:52:08.0661373Z   Restored /home/runner/work/rest-assured-net/rest-assured-net/RestAssured.Net/RestAssured.Net.csproj (in 2.39 sec).
2023-11-10T07:52:08.5793220Z   Restored /home/runner/work/rest-assured-net/rest-assured-net/RestAssured.Net.Tests/RestAssured.Net.Tests.csproj (in 2.97 sec).
2023-11-10T07:52:08.6720479Z ##[group]Run dotnet build --framework net6.0 --no-restore
2023-11-10T07:52:08.6721115Z [36;1mdotnet build --framework net6.0 --no-restore[0m
2023-11-10T07:52:08.6765503Z shell: /usr/bin/bash -e {0}
2023-11-10T07:52:08.6766000Z env:
2023-11-10T07:52:08.6766284Z   DOTNET_ROOT: /usr/share/dotnet
2023-11-10T07:52:08.6766673Z ##[endgroup]
2023-11-10T07:52:08.8995667Z MSBuild version 17.7.3+4fca21998 for .NET
2023-11-10T07:52:14.9357759Z ##[warning]/home/runner/work/rest-assured-net/rest-assured-net/RestAssured.Net/Request/Builders/RequestSpecBuilder.cs(54,146): warning CS8604: Possible null reference argument for parameter 'proxy' in 'RequestSpecification.RequestSpecification(string scheme, string host, int port, string basePath, TimeSpan? timeout, ProductInfoHeaderValue? userAgent, IWebProxy proxy, Dictionary<string, object> headers, AuthenticationHeaderValue authenticationHeader, string contentType, Encoding contentEncoding, bool disableSslCertificateValidation, RequestLogLevel requestLogLevel, JsonSerializerSettings jsonSerializerSettings, List<string> sensitiveRequestHeadersAndCookies)'. [/home/runner/work/rest-assured-net/rest-assured-net/RestAssured.Net/RestAssured.Net.csproj::TargetFramework=net6.0]
2023-11-10T07:52:14.9387887Z ##[warning]/home/runner/work/rest-assured-net/rest-assured-net/RestAssured.Net/Request/Builders/RequestSpecBuilder.cs(54,172): warning CS8604: Possible null reference argument for parameter 'authenticationHeader' in 'RequestSpecification.RequestSpecification(string scheme, string host, int port, string basePath, TimeSpan? timeout, ProductInfoHeaderValue? userAgent, IWebProxy proxy, Dictionary<string, object> headers, AuthenticationHeaderValue authenticationHeader, string contentType, Encoding contentEncoding, bool disableSslCertificateValidation, RequestLogLevel requestLogLevel, JsonSerializerSettings jsonSerializerSettings, List<string> sensitiveRequestHeadersAndCookies)'. [/home/runner/work/rest-assured-net/rest-assured-net/RestAssured.Net/RestAssured.Net.csproj::TargetFramework=net6.0]
2023-11-10T07:52:14.9409003Z ##[warning]/home/runner/work/rest-assured-net/rest-assured-net/RestAssured.Net/Request/Builders/RequestSpecBuilder.cs(54,199): warning CS8604: Possible null reference argument for parameter 'contentType' in 'RequestSpecification.RequestSpecification(string scheme, string host, int port, string basePath, TimeSpan? timeout, ProductInfoHeaderValue? userAgent, IWebProxy proxy, Dictionary<string, object> headers, AuthenticationHeaderValue authenticationHeader, string contentType, Encoding contentEncoding, bool disableSslCertificateValidation, RequestLogLevel requestLogLevel, JsonSerializerSettings jsonSerializerSettings, List<string> sensitiveRequestHeadersAndCookies)'. [/home/runner/work/rest-assured-net/rest-assured-net/RestAssured.Net/RestAssured.Net.csproj::TargetFramework=net6.0]
2023-11-10T07:52:14.9430325Z ##[warning]/home/runner/work/rest-assured-net/rest-assured-net/RestAssured.Net/Request/Builders/RequestSpecBuilder.cs(54,223): warning CS8604: Possible null reference argument for parameter 'contentEncoding' in 'RequestSpecification.RequestSpecification(string scheme, string host, int port, string basePath, TimeSpan? timeout, ProductInfoHeaderValue? userAgent, IWebProxy proxy, Dictionary<string, object> headers, AuthenticationHeaderValue authenticationHeader, string contentType, Encoding contentEncoding, bool disableSslCertificateValidation, RequestLogLevel requestLogLevel, JsonSerializerSettings jsonSerializerSettings, List<string> sensitiveRequestHeadersAndCookies)'. [/home/runner/work/rest-assured-net/rest-assured-net/RestAssured.Net/RestAssured.Net.csproj::TargetFramework=net6.0]
2023-11-10T07:52:14.9443530Z ##[warning]/home/runner/work/rest-assured-net/rest-assured-net/RestAssured.Net/Request/Builders/RequestSpecBuilder.cs(41,53): warning CS0649: Field 'RequestSpecBuilder.authenticationHeader' is never assigned to, and will always have its default value null [/home/runner/work/rest-assured-net/rest-assured-net/RestAssured.Net/RestAssured.Net.csproj::TargetFramework=net6.0]
2023-11-10T07:52:14.9456587Z ##[warning]/home/runner/work/rest-assured-net/rest-assured-net/RestAssured.Net/Request/Builders/RequestSpecBuilder.cs(37,36): warning CS0649: Field 'RequestSpecBuilder.timeout' is never assigned to, and will always have its default value [/home/runner/work/rest-assured-net/rest-assured-net/RestAssured.Net/RestAssured.Net.csproj::TargetFramework=net6.0]
2023-11-10T07:52:14.9466073Z ##[warning]/home/runner/work/rest-assured-net/rest-assured-net/RestAssured.Net/Request/Builders/RequestSpecBuilder.cs(39,37): warning CS0649: Field 'RequestSpecBuilder.proxy' is never assigned to, and will always have its default value null [/home/runner/work/rest-assured-net/rest-assured-net/RestAssured.Net/RestAssured.Net.csproj::TargetFramework=net6.0]
2023-11-10T07:52:14.9475152Z ##[warning]/home/runner/work/rest-assured-net/rest-assured-net/RestAssured.Net/Request/Builders/RequestSpecBuilder.cs(38,50): warning CS0649: Field 'RequestSpecBuilder.userAgent' is never assigned to, and will always have its default value null [/home/runner/work/rest-assured-net/rest-assured-net/RestAssured.Net/RestAssured.Net.csproj::TargetFramework=net6.0]
2023-11-10T07:52:14.9851623Z   RestAssured.Net -> /home/runner/work/rest-assured-net/rest-assured-net/RestAssured.Net/bin/Debug/net6.0/RestAssured.Net.dll
2023-11-10T07:52:15.1626900Z   RestAssured.Net.DemoService -> /home/runner/work/rest-assured-net/rest-assured-net/RestAssured.Net.DemoService/bin/Debug/net6.0/RestAssured.Net.DemoService.dll
2023-11-10T07:52:17.0136286Z ##[warning]/home/runner/work/rest-assured-net/rest-assured-net/RestAssured.Net.Tests/QueryParameterTests.cs(119,13): warning CS0618: 'ExecutableRequest.QueryParams(Dictionary<string, object>)' is obsolete: 'Please use QueryParams(IEnumerable<KeyValuePair<string, object>>) instead. This method will be removed in version 5.0.0' [/home/runner/work/rest-assured-net/rest-assured-net/RestAssured.Net.Tests/RestAssured.Net.Tests.csproj::TargetFramework=net6.0]
2023-11-10T07:52:17.1824390Z   RestAssured.Net.Tests -> /home/runner/work/rest-assured-net/rest-assured-net/RestAssured.Net.Tests/bin/Debug/net6.0/RestAssured.Net.Tests.dll
2023-11-10T07:52:17.2758574Z 
2023-11-10T07:52:17.2759606Z Build succeeded.
2023-11-10T07:52:17.2760320Z 
2023-11-10T07:52:17.2773520Z ##[warning]/home/runner/work/rest-assured-net/rest-assured-net/RestAssured.Net/Request/Builders/RequestSpecBuilder.cs(54,146): warning CS8604: Possible null reference argument for parameter 'proxy' in 'RequestSpecification.RequestSpecification(string scheme, string host, int port, string basePath, TimeSpan? timeout, ProductInfoHeaderValue? userAgent, IWebProxy proxy, Dictionary<string, object> headers, AuthenticationHeaderValue authenticationHeader, string contentType, Encoding contentEncoding, bool disableSslCertificateValidation, RequestLogLevel requestLogLevel, JsonSerializerSettings jsonSerializerSettings, List<string> sensitiveRequestHeadersAndCookies)'. [/home/runner/work/rest-assured-net/rest-assured-net/RestAssured.Net/RestAssured.Net.csproj::TargetFramework=net6.0]
2023-11-10T07:52:17.2795123Z ##[warning]/home/runner/work/rest-assured-net/rest-assured-net/RestAssured.Net/Request/Builders/RequestSpecBuilder.cs(54,172): warning CS8604: Possible null reference argument for parameter 'authenticationHeader' in 'RequestSpecification.RequestSpecification(string scheme, string host, int port, string basePath, TimeSpan? timeout, ProductInfoHeaderValue? userAgent, IWebProxy proxy, Dictionary<string, object> headers, AuthenticationHeaderValue authenticationHeader, string contentType, Encoding contentEncoding, bool disableSslCertificateValidation, RequestLogLevel requestLogLevel, JsonSerializerSettings jsonSerializerSettings, List<string> sensitiveRequestHeadersAndCookies)'. [/home/runner/work/rest-assured-net/rest-assured-net/RestAssured.Net/RestAssured.Net.csproj::TargetFramework=net6.0]
2023-11-10T07:52:17.2815113Z ##[warning]/home/runner/work/rest-assured-net/rest-assured-net/RestAssured.Net/Request/Builders/RequestSpecBuilder.cs(54,199): warning CS8604: Possible null reference argument for parameter 'contentType' in 'RequestSpecification.RequestSpecification(string scheme, string host, int port, string basePath, TimeSpan? timeout, ProductInfoHeaderValue? userAgent, IWebProxy proxy, Dictionary<string, object> headers, AuthenticationHeaderValue authenticationHeader, string contentType, Encoding contentEncoding, bool disableSslCertificateValidation, RequestLogLevel requestLogLevel, JsonSerializerSettings jsonSerializerSettings, List<string> sensitiveRequestHeadersAndCookies)'. [/home/runner/work/rest-assured-net/rest-assured-net/RestAssured.Net/RestAssured.Net.csproj::TargetFramework=net6.0]
2023-11-10T07:52:17.2835147Z ##[warning]/home/runner/work/rest-assured-net/rest-assured-net/RestAssured.Net/Request/Builders/RequestSpecBuilder.cs(54,223): warning CS8604: Possible null reference argument for parameter 'contentEncoding' in 'RequestSpecification.RequestSpecification(string scheme, string host, int port, string basePath, TimeSpan? timeout, ProductInfoHeaderValue? userAgent, IWebProxy proxy, Dictionary<string, object> headers, AuthenticationHeaderValue authenticationHeader, string contentType, Encoding contentEncoding, bool disableSslCertificateValidation, RequestLogLevel requestLogLevel, JsonSerializerSettings jsonSerializerSettings, List<string> sensitiveRequestHeadersAndCookies)'. [/home/runner/work/rest-assured-net/rest-assured-net/RestAssured.Net/RestAssured.Net.csproj::TargetFramework=net6.0]
2023-11-10T07:52:17.2847620Z ##[warning]/home/runner/work/rest-assured-net/rest-assured-net/RestAssured.Net/Request/Builders/RequestSpecBuilder.cs(41,53): warning CS0649: Field 'RequestSpecBuilder.authenticationHeader' is never assigned to, and will always have its default value null [/home/runner/work/rest-assured-net/rest-assured-net/RestAssured.Net/RestAssured.Net.csproj::TargetFramework=net6.0]
2023-11-10T07:52:17.2856579Z ##[warning]/home/runner/work/rest-assured-net/rest-assured-net/RestAssured.Net/Request/Builders/RequestSpecBuilder.cs(37,36): warning CS0649: Field 'RequestSpecBuilder.timeout' is never assigned to, and will always have its default value [/home/runner/work/rest-assured-net/rest-assured-net/RestAssured.Net/RestAssured.Net.csproj::TargetFramework=net6.0]
2023-11-10T07:52:17.2865582Z ##[warning]/home/runner/work/rest-assured-net/rest-assured-net/RestAssured.Net/Request/Builders/RequestSpecBuilder.cs(39,37): warning CS0649: Field 'RequestSpecBuilder.proxy' is never assigned to, and will always have its default value null [/home/runner/work/rest-assured-net/rest-assured-net/RestAssured.Net/RestAssured.Net.csproj::TargetFramework=net6.0]
2023-11-10T07:52:17.2875879Z ##[warning]/home/runner/work/rest-assured-net/rest-assured-net/RestAssured.Net/Request/Builders/RequestSpecBuilder.cs(38,50): warning CS0649: Field 'RequestSpecBuilder.userAgent' is never assigned to, and will always have its default value null [/home/runner/work/rest-assured-net/rest-assured-net/RestAssured.Net/RestAssured.Net.csproj::TargetFramework=net6.0]
2023-11-10T07:52:17.2886193Z ##[warning]/home/runner/work/rest-assured-net/rest-assured-net/RestAssured.Net.Tests/QueryParameterTests.cs(119,13): warning CS0618: 'ExecutableRequest.QueryParams(Dictionary<string, object>)' is obsolete: 'Please use QueryParams(IEnumerable<KeyValuePair<string, object>>) instead. This method will be removed in version 5.0.0' [/home/runner/work/rest-assured-net/rest-assured-net/RestAssured.Net.Tests/RestAssured.Net.Tests.csproj::TargetFramework=net6.0]
2023-11-10T07:52:17.2891093Z     9 Warning(s)
2023-11-10T07:52:17.2891536Z     0 Error(s)
2023-11-10T07:52:17.2891846Z 
2023-11-10T07:52:17.2892070Z Time Elapsed 00:00:08.23
2023-11-10T07:52:17.3377817Z ##[group]Run dotnet test --framework net6.0 --no-restore --no-build --verbosity normal
2023-11-10T07:52:17.3379508Z [36;1mdotnet test --framework net6.0 --no-restore --no-build --verbosity normal[0m
2023-11-10T07:52:17.3443460Z shell: /usr/bin/bash -e {0}
2023-11-10T07:52:17.3444244Z env:
2023-11-10T07:52:17.3444758Z   DOTNET_ROOT: /usr/share/dotnet
2023-11-10T07:52:17.3445510Z ##[endgroup]
2023-11-10T07:52:17.7694378Z Build started 11/10/2023 07:52:17.
2023-11-10T07:52:18.0589561Z      1>Project "/home/runner/work/rest-assured-net/rest-assured-net/RestAssured.Net.sln" on node 1 (VSTest target(s)).
2023-11-10T07:52:18.0591680Z      1>ValidateSolutionConfiguration:
2023-11-10T07:52:18.0592869Z          Building solution configuration "Debug|Any CPU".
2023-11-10T07:52:18.9340382Z Test run for /home/runner/work/rest-assured-net/rest-assured-net/RestAssured.Net.Tests/bin/Debug/net6.0/RestAssured.Net.Tests.dll (.NETCoreApp,Version=v6.0)
2023-11-10T07:52:19.2068789Z Microsoft (R) Test Execution Command Line Tool Version 17.7.2 (x64)
2023-11-10T07:52:19.2070386Z Copyright (c) Microsoft Corporation.  All rights reserved.
2023-11-10T07:52:19.2122863Z 
2023-11-10T07:52:19.7049755Z Starting test execution, please wait...
2023-11-10T07:52:19.7508201Z A total of 1 test files matched the specified pattern.
2023-11-10T07:52:23.4454236Z NUnit Adapter 4.5.0.0: Test execution started
2023-11-10T07:52:23.4678955Z Running all tests in /home/runner/work/rest-assured-net/rest-assured-net/RestAssured.Net.Tests/bin/Debug/net6.0/RestAssured.Net.Tests.dll
2023-11-10T07:52:23.7533936Z    NUnit3TestExecutor discovered 191 of 191 NUnit test cases using Current Discovery mode, Non-Explicit run
2023-11-10T07:52:26.3157787Z   Passed BasicAuthenticationDetailsCanBeSupplied [1 s]
2023-11-10T07:52:26.3158811Z   Passed OAuth2AuthenticationTokenCanBeSupplied [8 ms]
2023-11-10T07:52:26.3160350Z   Passed CookieAsStringWithASingleValueCanBeSupplied [9 ms]
2023-11-10T07:52:26.3161428Z   Passed CookieCollectionWithASingleCookieCanBeSupplied [5 ms]
2023-11-10T07:52:26.3162206Z   Passed CookieObjectWithASingleValueCanBeSupplied [5 ms]
2023-11-10T07:52:26.3163013Z   Passed HttpGetCanBeUsed [697 ms]
2023-11-10T07:52:26.3163823Z   Passed CustomJsonSerializerSettingsCanBeSuppliedInRequestSpecification [28 ms]
2023-11-10T07:52:26.3164809Z   Passed CustomJsonSerializerSettingsCanBeSuppliedInTestBody [5 ms]
2023-11-10T07:52:26.3165925Z   Passed CustomJsonSerializerSettingsCanBeSuppliedWhenDeserializing [22 ms]
2023-11-10T07:52:27.0000998Z   Passed FormDataCanBeSupplied [30 ms]
2023-11-10T07:52:27.0002094Z   Passed ParameterizedGraphQLQueryCanBeSupplied [28 ms]
2023-11-10T07:52:27.0022730Z   Passed SimpleGraphQLQueryCanBeSupplied [9 ms]
2023-11-10T07:52:27.0024530Z   Passed HttpsEndpointsCanBeInvokedWithoutExplicitlyDisablingSslVerification [424 ms]
2023-11-10T07:52:27.0026259Z   Passed SslVerificationCanBeDisabledPerRequest [64 ms]
2023-11-10T07:52:27.0028304Z   Passed SslVerificationCanBeDisabledPerRequestUsingDeprecatedMethod [57 ms]
2023-11-10T07:52:27.0030127Z   Passed SslVerificationCanBeDisabledThroughRequestSpecification [56 ms]
2023-11-10T07:52:27.0030955Z   Passed HTTP GET is allowed [12 ms]
2023-11-10T07:52:27.0031509Z   Passed HTTP POST is not allowed [11 ms]
2023-11-10T07:52:27.0733530Z   Passed HTTP PUT is not allowed [13 ms]
2023-11-10T07:52:27.0734438Z   Passed HTTP PATCH is not allowed [11 ms]
2023-11-10T07:52:27.0743348Z   Passed HTTP DELETE is not allowed [10 ms]
2023-11-10T07:52:27.0744288Z   Passed HTTP HEAD is allowed [10 ms]
2023-11-10T07:52:27.0745006Z   Passed HTTP OPTIONS is allowed [11 ms]
2023-11-10T07:52:27.0745807Z   Passed HttpDeleteCanBeUsed [3 ms]
2023-11-10T07:52:27.0747675Z   Passed HttpGetCanBeUsed [5 ms]
2023-11-10T07:52:27.0748641Z   Passed HttpHeadCanBeUsed [3 ms]
2023-11-10T07:52:27.0749531Z   Passed HttpOptionsCanBeUsed [3 ms]
2023-11-10T07:52:27.6056696Z   Passed HttpPatchCanBeUsed [4 ms]
2023-11-10T07:52:27.6057613Z   Passed HttpPostCanBeUsed [3 ms]
2023-11-10T07:52:27.6059286Z   Passed HttpPutCanBeUsed [64 ms]
2023-11-10T07:52:27.6060234Z   Passed AnonymousObjectCanBeSerializedToJson [5 ms]
2023-11-10T07:52:27.6061200Z   Passed DictionaryCanBeSerializedToJson [4 ms]
2023-11-10T07:52:27.6062259Z   Passed ObjectCanBeSerializedToJson [7 ms]
2023-11-10T07:52:27.6063192Z   Passed ObjectCanBeSerializedToXml [326 ms]
2023-11-10T07:52:27.6064188Z   Passed UnableToSerializeThrowsTheExpectedException [6 ms]
2023-11-10T07:52:27.6065626Z   Passed JsonSchemaCanBeSuppliedAndVerifiedAsJsonSchema [104 ms]
2023-11-10T07:52:27.6428314Z GET http://localhost:9876/log-no-response-body
2023-11-10T07:52:27.6429283Z Content-Type: application/json; charset=utf-8
2023-11-10T07:52:27.6430250Z Content-Length: 0
2023-11-10T07:52:27.6431140Z 
2023-11-10T07:52:27.6470804Z HTTP 200 (OK)
2023-11-10T07:52:27.6471599Z Content-Type: 
2023-11-10T07:52:27.6472451Z Content-Length: 0
2023-11-10T07:52:27.6473117Z Date: Fri, 10 Nov 2023 07:52:27 GMT
2023-11-10T07:52:27.6473809Z Server: Kestrel
2023-11-10T07:52:27.6474592Z Response time: 2.2548 ms
2023-11-10T07:52:27.6474980Z 
2023-11-10T07:52:27.6527503Z GET http://localhost:9876/log-json-response
2023-11-10T07:52:27.6528625Z Content-Type: application/json; charset=utf-8
2023-11-10T07:52:27.6529447Z Content-Length: 29
2023-11-10T07:52:27.6529999Z Accept: application/json
2023-11-10T07:52:27.6530695Z CustomHeader: custom header value
2023-11-10T07:52:27.6531347Z {
2023-11-10T07:52:27.6531795Z   "id": 1,
2023-11-10T07:52:27.6532384Z   "user": "John Doe"
2023-11-10T07:52:27.6532912Z }
2023-11-10T07:52:27.6533131Z 
2023-11-10T07:52:27.6572803Z GET http://localhost:9876/log-xml-response
2023-11-10T07:52:27.6577134Z Content-Type: application/xml; charset=utf-8
2023-11-10T07:52:27.6578009Z Content-Length: 456
2023-11-10T07:52:27.6579975Z <Location xmlns:xsi="http://www.w3.org/2001/XMLSchema-instance" xmlns:xsd="http://www.w3.org/2001/XMLSchema">
2023-11-10T07:52:27.6581457Z   <Country>United States</Country>
2023-11-10T07:52:27.6582251Z   <State>California</State>
2023-11-10T07:52:27.6583112Z   <ZipCode>90210</ZipCode>
2023-11-10T07:52:27.6583676Z   <Places>
2023-11-10T07:52:27.6584086Z     <Place>
2023-11-10T07:52:27.6584731Z       <Name>Sun City</Name>
2023-11-10T07:52:27.6585324Z       <Inhabitants>100000</Inhabitants>
2023-11-10T07:52:27.6588471Z       <IsCapital>true</IsCapital>
2023-11-10T07:52:27.6589376Z     </Place>
2023-11-10T07:52:27.6589874Z     <Place>
2023-11-10T07:52:27.6590356Z       <Name>Pleasure Meadow</Name>
2023-11-10T07:52:27.6591332Z       <Inhabitants>50000</Inhabitants>
2023-11-10T07:52:27.6592139Z       <IsCapital>false</IsCapital>
2023-11-10T07:52:27.6592995Z     </Place>
2023-11-10T07:52:27.6593663Z   </Places>
2023-11-10T07:52:27.6594116Z </Location>
2023-11-10T07:52:27.6594419Z 
2023-11-10T07:52:27.6643086Z   Passed JsonSchemaCanBeSuppliedAndVerifiedAsString [5 ms]
2023-11-10T07:52:27.6644530Z   Passed MismatchWithJsonSchemaThrowsTheExpectedException [15 ms]
2023-11-10T07:52:27.6646392Z   Passed SupplyingInvalidJsonSchemaThrowsTheExpectedException [4 ms]
2023-11-10T07:52:27.6647815Z   Passed UnexpectedResponseContentTypeThrowsTheExpectedException [5 ms]
2023-11-10T07:52:27.6649368Z   Passed NoRequestBodyDoesntThrowNullReferenceException [5 ms]
2023-11-10T07:52:27.6650623Z   Passed NoResponseBodyDoesntThrowNullReferenceException [5 ms]
2023-11-10T07:52:27.6651851Z   Passed RequestDetailsCanBeWrittenToStandardOutputForJson [5 ms]
2023-11-10T07:52:27.6653281Z   Passed RequestDetailsCanBeWrittenToStandardOutputForXml [4 ms]
2023-11-10T07:52:27.6654565Z   Passed ResponseBodyDetailsAreLoggedIfVerificationFails [5 ms]
2023-11-10T07:52:27.6674840Z HTTP 404 (NotFound)
2023-11-10T07:52:27.6675780Z Content-Type: text/plain
2023-11-10T07:52:27.6676558Z Content-Length: 56
2023-11-10T07:52:27.6677075Z Date: Fri, 10 Nov 2023 07:52:27 GMT
2023-11-10T07:52:27.6677591Z Server: Kestrel
2023-11-10T07:52:27.6678008Z Transfer-Encoding: chunked
2023-11-10T07:52:27.6678461Z The resource you requested was not found on this server.
2023-11-10T07:52:27.6679061Z Response time: 2.3552 ms
2023-11-10T07:52:27.6679530Z 
2023-11-10T07:52:27.6762077Z HTTP 200 (OK)
2023-11-10T07:52:27.6762959Z Content-Type: text/plain
2023-11-10T07:52:27.6763676Z Content-Length: 17
2023-11-10T07:52:27.6764334Z Date: Fri, 10 Nov 2023 07:52:27 GMT
2023-11-10T07:52:27.6765193Z Server: Kestrel
2023-11-10T07:52:27.6765887Z Set-Cookie: Auth=123; httponly; secure
2023-11-10T07:52:27.6766780Z Transfer-Encoding: chunked
2023-11-10T07:52:27.6768010Z Cookie: Auth=123, Domain: localhost, HTTP-only: True, Secure: True
2023-11-10T07:52:27.6768927Z Cookies are nice!
2023-11-10T07:52:27.6769570Z Response time: 2.3578 ms
2023-11-10T07:52:27.6769948Z 
2023-11-10T07:52:27.6811563Z HTTP 200 (OK)
2023-11-10T07:52:27.6812676Z Content-Type: application/json
2023-11-10T07:52:27.6813826Z Content-Length: 198
2023-11-10T07:52:27.6814956Z Date: Fri, 10 Nov 2023 07:52:27 GMT
2023-11-10T07:52:27.6815976Z Server: Kestrel
2023-11-10T07:52:27.6816777Z Transfer-Encoding: chunked
2023-11-10T07:52:27.6817533Z {
2023-11-10T07:52:27.6818001Z   "Country": "United States",
2023-11-10T07:52:27.6818644Z   "State": "California",
2023-11-10T07:52:27.6819792Z   "ZipCode": 90210,
2023-11-10T07:52:27.6820439Z   "Places": [
2023-11-10T07:52:27.6820951Z     {
2023-11-10T07:52:27.6821653Z       "Name": "Sun City",
2023-11-10T07:52:27.6822337Z       "Inhabitants": 100000,
2023-11-10T07:52:27.6822985Z       "IsCapital": true
2023-11-10T07:52:27.6823750Z     },
2023-11-10T07:52:27.6824062Z     {
2023-11-10T07:52:27.6824388Z       "Name": "Pleasure Meadow",
2023-11-10T07:52:27.6824898Z       "Inhabitants": 50000,
2023-11-10T07:52:27.6825309Z       "IsCapital": false
2023-11-10T07:52:27.6825708Z     }
2023-11-10T07:52:27.6826097Z   ]
2023-11-10T07:52:27.6826338Z }
2023-11-10T07:52:27.6826643Z Response time: 2.0671 ms
2023-11-10T07:52:27.6826877Z 
2023-11-10T07:52:27.6854554Z HTTP 200 (OK)
2023-11-10T07:52:27.6855299Z Content-Type: application/xml
2023-11-10T07:52:27.6856090Z Content-Length: 456
2023-11-10T07:52:27.6856877Z Date: Fri, 10 Nov 2023 07:52:27 GMT
2023-11-10T07:52:27.6857557Z Server: Kestrel
2023-11-10T07:52:27.6858240Z Transfer-Encoding: chunked
2023-11-10T07:52:27.6860113Z <Location xmlns:xsi="http://www.w3.org/2001/XMLSchema-instance" xmlns:xsd="http://www.w3.org/2001/XMLSchema">
2023-11-10T07:52:27.6861461Z   <Country>United States</Country>
2023-11-10T07:52:27.6862144Z   <State>California</State>
2023-11-10T07:52:27.6862956Z   <ZipCode>90210</ZipCode>
2023-11-10T07:52:27.6863706Z   <Places>
2023-11-10T07:52:27.6864218Z     <Place>
2023-11-10T07:52:27.6864949Z       <Name>Sun City</Name>
2023-11-10T07:52:27.6865581Z       <Inhabitants>100000</Inhabitants>
2023-11-10T07:52:27.6866301Z       <IsCapital>true</IsCapital>
2023-11-10T07:52:27.6867102Z     </Place>
2023-11-10T07:52:27.6867565Z     <Place>
2023-11-10T07:52:27.6868065Z       <Name>Pleasure Meadow</Name>
2023-11-10T07:52:27.6868922Z       <Inhabitants>50000</Inhabitants>
2023-11-10T07:52:27.6869704Z       <IsCapital>false</IsCapital>
2023-11-10T07:52:27.6870689Z     </Place>
2023-11-10T07:52:27.6871404Z   </Places>
2023-11-10T07:52:27.6871959Z </Location>
2023-11-10T07:52:27.6872473Z Response time: 2.0211 ms
2023-11-10T07:52:27.6873099Z 
2023-11-10T07:52:27.6915098Z GET http://localhost:9876/masking-sensitive-data
2023-11-10T07:52:27.6916162Z Content-Type: application/json; charset=utf-8
2023-11-10T07:52:27.6917038Z Content-Length: 0
2023-11-10T07:52:27.6917912Z NonsensitiveRequestHeader: This one is printed
2023-11-10T07:52:27.6918830Z SensitiveRequestHeader: *****
2023-11-10T07:52:27.6919515Z AnotherSensitiveRequestHeader: *****
2023-11-10T07:52:27.6920208Z 
2023-11-10T07:52:27.6971494Z GET http://localhost:9876/masking-sensitive-data
2023-11-10T07:52:27.6972492Z Content-Type: application/json; charset=utf-8
2023-11-10T07:52:27.6973266Z Content-Length: 0
2023-11-10T07:52:27.6974507Z NonsensitiveRequestHeader: This one is printed
2023-11-10T07:52:27.6975314Z SensitiveRequestHeader: *****
2023-11-10T07:52:27.6975760Z 
2023-11-10T07:52:27.7014393Z HTTP 200 (OK)
2023-11-10T07:52:27.7015248Z Content-Type: text/plain
2023-11-10T07:52:27.7016369Z Content-Length: 13
2023-11-10T07:52:27.7016966Z Date: Fri, 10 Nov 2023 07:52:27 GMT
2023-11-10T07:52:27.7017721Z Server: Kestrel
2023-11-10T07:52:27.7018997Z Set-Cookie: SensitiveResponseCookie=some_secret_value, NonSensitiveResponseCookie=123
2023-11-10T07:52:27.7020100Z Transfer-Encoding: chunked
2023-11-10T07:52:27.7020642Z NonSensitiveResponseHeader: This one is printed
2023-11-10T07:52:27.7021148Z SensitiveResponseHeader: *****
2023-11-10T07:52:27.7021871Z Cookie: SensitiveResponseCookie=*****, Domain: localhost, HTTP-only: False, Secure: False
2023-11-10T07:52:27.7023693Z Cookie: NonSensitiveResponseCookie=123, Domain: localhost, HTTP-only: False, Secure: False
2023-11-10T07:52:27.7024832Z Response data
2023-11-10T07:52:27.7025475Z Response time: 2.0352 ms
2023-11-10T07:52:27.7026008Z 
2023-11-10T07:52:27.7060996Z GET http://localhost:9876/masking-sensitive-data
2023-11-10T07:52:27.7062331Z Content-Type: application/json; charset=utf-8
2023-11-10T07:52:27.7063591Z Content-Length: 0
2023-11-10T07:52:27.7065508Z Cookie: NonsensitiveRequestCookie=This one is printed, Domain: , HTTP-only: False, Secure: False
2023-11-10T07:52:27.7067385Z Cookie: SensitiveRequestCookie=*****, Domain: , HTTP-only: False, Secure: False
2023-11-10T07:52:27.7068135Z 
2023-11-10T07:52:27.7080203Z   Passed ResponseBodyDetailsAreLoggedOnlyOnErrorResponseCode [5 ms]
2023-11-10T07:52:27.7081665Z   Passed ResponseBodyDetailsAreNotLoggedOnOkResponseCode [4 ms]
2023-11-10T07:52:27.7082638Z   Passed ResponseCookieDetailsAreLogged [4 ms]
2023-11-10T07:52:27.7083663Z   Passed ResponseDetailsCanBeWrittenToStandardOutputForJson [4 ms]
2023-11-10T07:52:27.7084793Z   Passed ResponseDetailsCanBeWrittenToStandardOutputForXml [4 ms]
2023-11-10T07:52:27.7085559Z   Passed MultipleSensitiveRequestHeadersAreMasked [5 ms]
2023-11-10T07:52:27.7086852Z   Passed SensitiveHeaderAndCookieNamesCanBeDefinedInRequestSpecification [5 ms]
2023-11-10T07:52:27.7088111Z   Passed SensitiveResponseHeadersAndCookiesAreMasked [4 ms]
2023-11-10T07:52:27.7089125Z   Passed SingleSensitiveRequestCookieIsMasked [4 ms]
2023-11-10T07:52:27.7119458Z GET http://localhost:9876/masking-sensitive-data
2023-11-10T07:52:27.7120488Z Content-Type: application/json; charset=utf-8
2023-11-10T07:52:27.7121255Z Content-Length: 0
2023-11-10T07:52:27.7122002Z NonsensitiveRequestHeader: This one is printed
2023-11-10T07:52:27.7122771Z SensitiveRequestHeader: *****
2023-11-10T07:52:27.7123012Z 
2023-11-10T07:52:28.1177572Z   Passed SingleSensitiveRequestHeaderIsMasked [5 ms]
2023-11-10T07:52:28.1179361Z   Passed MultiPartFormDataWithCustomControlNameAndCustomContentTypeCanBeSupplied [105 ms]
2023-11-10T07:52:28.1180454Z   Passed MultiPartFormDataWithDefaultControlNameAndAutoDetectedContentTypeCanBeSupplied [54 ms]
2023-11-10T07:52:28.1183766Z   Passed MultipleFilesCanBeSupplied [17 ms]
2023-11-10T07:52:28.1184923Z   Passed UploadingNonExistentFileThrowsTheExpectedException [7 ms]
2023-11-10T07:52:28.1187620Z   Passed MultiplePathParameterCanBeSpecifiedSequentially [197 ms]
2023-11-10T07:52:28.1189622Z   Passed MultiplePathParameterCanBeSpecifiedUsingADictionary [5 ms]
2023-11-10T07:52:28.1190958Z   Passed SinglePathParameterCanBeSpecified [3 ms]
2023-11-10T07:52:28.1192421Z   Passed MultipleQueryParametersCanBeSpecifiedInSeparateCalls [11 ms]
2023-11-10T07:52:28.1614600Z   Passed MultipleQueryParametersCanBeSpecifiedUsingADictionary [5 ms]
2023-11-10T07:52:28.1615559Z   Passed MultipleQueryParametersCanBeSpecifiedUsingAListOfKeyValuePairs [4 ms]
2023-11-10T07:52:28.1616306Z   Passed MultipleQueryParameterValuesCanBeSpecified [4 ms]
2023-11-10T07:52:28.1617100Z   Passed QueryParametersAreAddedToRelativePathCorrectly [4 ms]
2023-11-10T07:52:28.1617744Z   Passed SingleQueryParameterCanBeSpecified [3 ms]
2023-11-10T07:52:28.1618393Z   Passed SingleQueryParameterWithCommaSeparatedValuesCanBeSpecified [3 ms]
2023-11-10T07:52:28.1619585Z   Passed JsonStringRequestBodyCanBeSupplied [3 ms]
2023-11-10T07:52:28.1620166Z   Passed Sending small plaintext request body [4 ms]
2023-11-10T07:52:28.1620998Z   Passed Sending medium plaintext request body [7 ms]
2023-11-10T07:52:28.2210134Z GET http://localhost:9876/api/request-specification
2023-11-10T07:52:28.2211856Z Content-Type: application/json; charset=utf-8
2023-11-10T07:52:28.2212860Z Content-Length: 0
2023-11-10T07:52:28.2213317Z 
2023-11-10T07:52:28.2228520Z   Passed Sending large plaintext request body [22 ms]
2023-11-10T07:52:28.2229943Z   Passed AcceptHeaderCanBeSuppliedAsString [4 ms]
2023-11-10T07:52:28.2231179Z   Passed ContentTypeHeaderCanBeSuppliedAsString [4 ms]
2023-11-10T07:52:28.2232313Z   Passed EncodingCanBeSupplied [4 ms]
2023-11-10T07:52:28.2233220Z   Passed HeaderWithASingleValueCanBeSupplied [5 ms]
2023-11-10T07:52:28.2234250Z   Passed HeaderWithMultipleValuesCanBeSupplied [6 ms]
2023-11-10T07:52:28.2235354Z   Passed Works with a leading / in the endpoint [4 ms]
2023-11-10T07:52:28.2236315Z   Passed Works without a leading / in the endpoint [4 ms]
2023-11-10T07:52:28.2237457Z   Passed With base path in request specification, works with a leading / [3 ms]
2023-11-10T07:52:28.2266284Z GET http://localhost:9876/api/request-specification
2023-11-10T07:52:28.2267803Z Content-Type: application/json; charset=utf-8
2023-11-10T07:52:28.2269247Z Content-Length: 0
2023-11-10T07:52:28.2269851Z 
2023-11-10T07:52:28.2875270Z   Passed With base path in request specification, works without a leading / [5 ms]
2023-11-10T07:52:28.2877142Z   Passed RequestSpecificationWithHeadersCanBeUsed [9 ms]
2023-11-10T07:52:28.2878824Z   Passed RequestSpecificationWithOAuth2CanBeUsed [4 ms]
2023-11-10T07:52:28.2880146Z   Passed UsingSchemeInHostNameThrowsTheExpectedException [2 ms]
2023-11-10T07:52:28.2881294Z   Passed ObjectCanBeDeserializedFromJson [11 ms]
2023-11-10T07:52:28.2882489Z   Passed ObjectCanBeDeserializedFromJsonAfterVerifications [4 ms]
2023-11-10T07:52:28.2884005Z   Passed ObjectCanBeDeserializedFromJsonUsingDeserializeToOverridingContentTypeHeader [5 ms]
2023-11-10T07:52:28.2885386Z   Passed ObjectCanBeDeserializedFromXml [14 ms]
2023-11-10T07:52:28.2886912Z   Passed ObjectCanBeDeserializedFromXmlUsingDeserializeToOverridingContentTypeHeader [5 ms]
2023-11-10T07:52:28.3587587Z   Passed UnableToDeserializeThrowsTheExpectedException [6 ms]
2023-11-10T07:52:28.3589105Z   Passed ElementValueNotMatchingMatcherTypeThrowsTheExpectedException [27 ms]
2023-11-10T07:52:28.3590039Z   Passed HtmlResponseBodyCanBeVerifiedUsingNHamcrestMatcher [3 ms]
2023-11-10T07:52:28.3591310Z   Passed HtmlResponseBodyElementCanBeVerifiedUsingNHamcrestMatcher [3 ms]
2023-11-10T07:52:28.3592970Z   Passed HtmlResponseBodyElementCanBeVerifiedUsingNHamcrestMatcherOverridingResponseContentTypeHeader [4 ms]
2023-11-10T07:52:28.3593926Z   Passed NoXPathResultsThrowsTheExpectedException [4 ms]
2023-11-10T07:52:28.3594814Z   Passed BooleanElementNHamcrestMatcherMismatchThrowsTheExpectedException [11 ms]
2023-11-10T07:52:28.3595713Z   Passed IntegerElementNHamcrestMatcherMismatchThrowsTheExpectedException [5 ms]
2023-11-10T07:52:28.3596928Z   Passed JsonResponseBodyElementBooleanValueCanBeVerifiedUsingNHamcrestMatcher [4 ms]
2023-11-10T07:52:28.4057373Z   Passed JsonResponseBodyElementCollectionCanBeVerifiedUsingNHamcrestMatcher [8 ms]
2023-11-10T07:52:28.4059643Z   Passed JsonResponseBodyElementCollectionCanBeVerifiedUsingNHamcrestMatcherOverridingResponseContentTypeHeader [4 ms]
2023-11-10T07:52:28.4061051Z   Passed JsonResponseBodyElementCollectionNHamcrestMatcherMisMatchThrowsTheExpectedException [4 ms]
2023-11-10T07:52:28.4063080Z   Passed JsonResponseBodyElementIntegerValueCanBeVerifiedUsingNHamcrestMatcher [3 ms]
2023-11-10T07:52:28.4065056Z   Passed JsonResponseBodyElementStringValueCanBeVerifiedOverridingContentTypeHeaderValue [4 ms]
2023-11-10T07:52:28.4066925Z   Passed JsonResponseBodyElementStringValueCanBeVerifiedUsingNHamcrestMatcher [4 ms]
2023-11-10T07:52:28.4068468Z   Passed NoJsonPathResultsThrowsTheExpectedException [4 ms]
2023-11-10T07:52:28.4069869Z   Passed StringElementNHamcrestMatcherMismatchThrowsTheExpectedException [5 ms]
2023-11-10T07:52:28.4071864Z   Passed FailingResponseBodyLengthVerificationThrowsTheExpectedException [5 ms]
2023-11-10T07:52:28.4151133Z HTTP 200 (OK)
2023-11-10T07:52:28.4151922Z Content-Type: application/json
2023-11-10T07:52:28.4152715Z Content-Length: 194
2023-11-10T07:52:28.4153513Z Date: Fri, 10 Nov 2023 07:52:28 GMT
2023-11-10T07:52:28.4154236Z Server: Kestrel
2023-11-10T07:52:28.4154970Z Transfer-Encoding: chunked
2023-11-10T07:52:28.4155736Z {
2023-11-10T07:52:28.4156201Z   "Country": "Australia",
2023-11-10T07:52:28.4156861Z   "State": "Oklahoma",
2023-11-10T07:52:28.4157667Z   "ZipCode": 97638,
2023-11-10T07:52:28.4158226Z   "Places": [
2023-11-10T07:52:28.4158743Z     {
2023-11-10T07:52:28.4159424Z       "Name": "East Alanis",
2023-11-10T07:52:28.4159938Z       "Inhabitants": 185113,
2023-11-10T07:52:28.4160619Z       "IsCapital": false
2023-11-10T07:52:28.4161414Z     },
2023-11-10T07:52:28.4161893Z     {
2023-11-10T07:52:28.4162434Z       "Name": "Alysonview",
2023-11-10T07:52:28.4163240Z       "Inhabitants": 17253452,
2023-11-10T07:52:28.4163939Z       "IsCapital": false
2023-11-10T07:52:28.4164562Z     }
2023-11-10T07:52:28.4165133Z   ]
2023-11-10T07:52:28.4165578Z }
2023-11-10T07:52:28.4166107Z Response time: 1.9132 ms
2023-11-10T07:52:28.4166602Z 
2023-11-10T07:52:28.4481690Z   Passed ResponseBodyCanBeExtracted [6 ms]
2023-11-10T07:52:28.4482246Z   Passed ResponseBodyLengthCanBeVerified [4 ms]
2023-11-10T07:52:28.4482924Z   Passed ActualBodyNotEqualToExpectedThrowsTheExpectedException [5 ms]
2023-11-10T07:52:28.4483922Z   Passed ActualBodyNotMatchingNHamcrestMatcherThrowsTheExpectedException [4 ms]
2023-11-10T07:52:28.4487889Z   Passed CannotHandleResponseContentTypeThrowsTheExpectedException [4 ms]
2023-11-10T07:52:28.4489049Z   Passed JsonStringResponseBodyCanBeVerified [4 ms]
2023-11-10T07:52:28.4490294Z   Passed JsonStringResponseBodyCanBeVerifiedUsingNHamcrestMatcher [4 ms]
2023-11-10T07:52:28.4491017Z   Passed PlaintextResponseBodyCanBeVerified("small") [3 ms]
2023-11-10T07:52:28.4491690Z   Passed PlaintextResponseBodyCanBeVerified("medium") [4 ms]
2023-11-10T07:52:28.4968369Z   Passed PlaintextResponseBodyCanBeVerified("large") [5 ms]
2023-11-10T07:52:28.4969548Z   Passed PlaintextResponseBodyCanBeVerified("xlarge") [8 ms]
2023-11-10T07:52:28.4970912Z   Passed ElementValueNotMatchingMatcherTypeThrowsTheExpectedException [7 ms]
2023-11-10T07:52:28.4972477Z   Passed NoXPathResultsThrowsTheExpectedException [4 ms]
2023-11-10T07:52:28.4973976Z   Passed XmlResponseBodyElementBooleanValueCanBeVerifiedUsingNHamcrestMatcher [3 ms]
2023-11-10T07:52:28.4975837Z   Passed XmlResponseBodyElementCollectionCanBeVerifiedUsingNHamcrestMatcher [4 ms]
2023-11-10T07:52:28.4977937Z   Passed XmlResponseBodyElementCollectionCanBeVerifiedUsingNHamcrestMatcherOverridingResponseContentTypeHeader [4 ms]
2023-11-10T07:52:28.4980607Z   Passed XmlResponseBodyElementCollectionNHamcrestMatcherMisMatchThrowsTheExpectedException [4 ms]
2023-11-10T07:52:28.4982635Z   Passed XmlResponseBodyElementIntegerValueCanBeVerifiedUsingNHamcrestMatcher [4 ms]
2023-11-10T07:52:28.5375703Z   Passed XmlResponseBodyElementStringValueCanBeVerifiedOverridingResponseContentTypeHeader [5 ms]
2023-11-10T07:52:28.5376872Z   Passed XmlResponseBodyElementStringValueCanBeVerifiedUsingNHamcrestMatcher [4 ms]
2023-11-10T07:52:28.5377893Z   Passed CookieNotFoundThrowsTheExpectedExceptionWhenExtracting [5 ms]
2023-11-10T07:52:28.5378682Z   Passed CookieNotFoundThrowsTheExpectedExceptionWhenVerifying [4 ms]
2023-11-10T07:52:28.5379830Z   Passed CookieValueMismatchThrowsTheExpectedExceptionWhenVerifying [4 ms]
2023-11-10T07:52:28.5380632Z   Passed GenericCookieValueCanBeExtracted [4 ms]
2023-11-10T07:52:28.5381155Z   Passed GenericCookieValueCanBeVerified [4 ms]
2023-11-10T07:52:28.5381686Z   Passed HttpOnlySecureCookieValueCanBeExtracted [4 ms]
2023-11-10T07:52:28.5382366Z   Passed HttpOnlySecureCookieValueCanBeVerified [4 ms]
2023-11-10T07:52:28.5961699Z   Passed ContentTypeHeaderValueNotMatchingNHamcrestMatcherThrowsTheExpectedException [5 ms]
2023-11-10T07:52:28.5963957Z   Passed HeaderValueNotMatchingTheSpecifiedNHamcrestMatcherThrowsTheExpectedException [23 ms]
2023-11-10T07:52:28.5965666Z   Passed HeaderWithIncorrectValueThrowsTheExpectedException [4 ms]
2023-11-10T07:52:28.5966945Z   Passed IncorrectContentTypeHeaderValueThrowsTheExpectedException [4 ms]
2023-11-10T07:52:28.5968110Z   Passed MultipleResponseHeadersCanBeVerified [4 ms]
2023-11-10T07:52:28.5969314Z   Passed NotFoundHeaderThrowsTheExpectedException [3 ms]
2023-11-10T07:52:28.5970463Z   Passed ResponseContentTypeHeaderCanBeVerified [4 ms]
2023-11-10T07:52:28.5971711Z   Passed ResponseContentTypeHeaderCanBeVerifiedUsingNHamcrestMatcher [4 ms]
2023-11-10T07:52:28.5973169Z   Passed SingleResponseHeaderCanBeVerified [3 ms]
2023-11-10T07:52:28.6354050Z   Passed SingleResponseHeaderCanBeVerifiedUsingNHamcrestMatcher [4 ms]
2023-11-10T07:52:28.6355814Z   Passed HtmlResponseBodyElementValueCanBeExtracted [5 ms]
2023-11-10T07:52:28.6357474Z   Passed HtmlResponseBodyElementValueCanBeExtractedOverridingResponseContentType [4 ms]
2023-11-10T07:52:28.6358829Z   Passed HtmlResponseBodyMultipleElementsCanBeExtracted [3 ms]
2023-11-10T07:52:28.6359963Z   Passed NoXPathResultsThrowsTheExpectedException [3 ms]
2023-11-10T07:52:28.6361189Z   Passed EntireResponseCanBeExtracted [5 ms]
2023-11-10T07:52:28.6361862Z   Passed HeaderNotFoundInResponseThrowsTheExpectedException [4 ms]
2023-11-10T07:52:28.6362626Z   Passed JsonResponseBodyElementBooleanValueCanBeExtracted [4 ms]
2023-11-10T07:52:28.6363409Z   Passed JsonResponseBodyElementIntegerValueCanBeExtracted [3 ms]
2023-11-10T07:52:28.6720766Z   Passed JsonResponseBodyElementStringValueCanBeExtracted [4 ms]
2023-11-10T07:52:28.6722461Z   Passed JsonResponseBodyElementStringValueCanBeExtractedOverridingResponseContentType [4 ms]
2023-11-10T07:52:28.6724592Z   Passed JsonResponseBodyElementValueCanBeExtractedAsListWithSingleItem [4 ms]
2023-11-10T07:52:28.6726059Z   Passed JsonResponseBodyMultipleElementsCanBeExtracted [3 ms]
2023-11-10T07:52:28.6727246Z   Passed NoJsonPathResultsThrowsTheExpectedException [3 ms]
2023-11-10T07:52:28.6728422Z   Passed ResponseHeaderCanBeExtracted [4 ms]
2023-11-10T07:52:28.6729563Z   Passed StatusCodeIndicatingClientSideErrorCanBeVerifiedAsInteger [3 ms]
2023-11-10T07:52:28.6731164Z   Passed StatusCodeIndicatingServerSideErrorCanBeVerifiedAsInteger [3 ms]
2023-11-10T07:52:28.6732864Z   Passed StatusCodeIndicatingSuccessCanBeVerifiedAsHttpStatusCode [3 ms]
2023-11-10T07:52:29.3129197Z   Passed StatusCodeIndicatingSuccessCanBeVerifiedAsInteger [4 ms]
2023-11-10T07:52:29.3131239Z   Passed StatusCodeIndicatingSuccessCanBeVerifiedUsingNHamcrestEqualToMatcher [4 ms]
2023-11-10T07:52:29.3133503Z   Passed StatusCodeVerificationWithMismatchingNHamcrestMatcherThrowsTheExpectedException [3 ms]
2023-11-10T07:52:29.3135827Z   Passed FailingResponseTimeVerificationThrowsTheExpectedException [206 ms]
2023-11-10T07:52:29.3137105Z   Passed ResponseTimeCanBeExtracted [202 ms]
2023-11-10T07:52:29.3137934Z   Passed ResponseTimeCanBeVerified [205 ms]
2023-11-10T07:52:29.3139882Z   Passed NoXPathResultsThrowsTheExpectedException [5 ms]
2023-11-10T07:52:29.3140995Z   Passed XmlResponseBodyElementValueCanBeExtracted [3 ms]
2023-11-10T07:52:29.3142308Z   Passed XmlResponseBodyElementValueCanBeExtractedAsListWithSingleItem [3 ms]
2023-11-10T07:52:29.4927199Z GET https://localhost:8443/ssl-endpoint
2023-11-10T07:52:29.4928253Z Content-Type: application/json; charset=utf-8
2023-11-10T07:52:29.4929160Z Content-Length: 0
2023-11-10T07:52:29.4929717Z HTTP 200 (OK)
2023-11-10T07:52:29.4930281Z Content-Type: 
2023-11-10T07:52:29.4930887Z Content-Length: 0
2023-11-10T07:52:29.4931490Z Date: Fri, 10 Nov 2023 07:52:29 GMT
2023-11-10T07:52:29.4932140Z Server: Kestrel
2023-11-10T07:52:29.4932718Z Response time: 5.848 ms
2023-11-10T07:52:29.4933467Z GET https://localhost:8443/ssl-endpoint
2023-11-10T07:52:29.4934344Z Content-Type: application/json; charset=utf-8
2023-11-10T07:52:29.4934980Z Content-Length: 0
2023-11-10T07:52:29.4935330Z HTTP 200 (OK)
2023-11-10T07:52:29.4935723Z Content-Type: 
2023-11-10T07:52:29.4936724Z Content-Length: 0
2023-11-10T07:52:29.4937164Z Date: Fri, 10 Nov 2023 07:52:29 GMT
2023-11-10T07:52:29.4937565Z Server: Kestrel
2023-11-10T07:52:29.4937989Z Response time: 5.6369 ms
2023-11-10T07:52:29.4938487Z GET https://localhost:8443/ssl-endpoint
2023-11-10T07:52:29.4939446Z Content-Type: application/json; charset=utf-8
2023-11-10T07:52:29.4940032Z Content-Length: 0
2023-11-10T07:52:29.4940364Z HTTP 200 (OK)
2023-11-10T07:52:29.4940700Z Content-Type: 
2023-11-10T07:52:29.4941091Z Content-Length: 0
2023-11-10T07:52:29.4941447Z Date: Fri, 10 Nov 2023 07:52:29 GMT
2023-11-10T07:52:29.4941833Z Server: Kestrel
2023-11-10T07:52:29.4942213Z Response time: 5.5878 ms
2023-11-10T07:52:29.4942451Z 
2023-11-10T07:52:29.4967044Z HTTP 200 (OK)
2023-11-10T07:52:29.4967718Z Content-Type: 
2023-11-10T07:52:29.4968493Z Content-Length: 0
2023-11-10T07:52:29.4969143Z Date: Fri, 10 Nov 2023 07:52:29 GMT
2023-11-10T07:52:29.4969588Z Server: Kestrel
2023-11-10T07:52:29.4970022Z Response time: 1.6604 ms
2023-11-10T07:52:29.4970277Z 
2023-11-10T07:52:29.4999748Z GET http://localhost:9876/timeout-ok
2023-11-10T07:52:29.5000681Z Content-Type: application/json; charset=utf-8
2023-11-10T07:52:29.5001619Z Content-Length: 0
2023-11-10T07:52:29.5002139Z HTTP 200 (OK)
2023-11-10T07:52:29.5002684Z Content-Type: 
2023-11-10T07:52:29.5003352Z Content-Length: 0
2023-11-10T07:52:29.5003923Z Date: Fri, 10 Nov 2023 07:52:29 GMT
2023-11-10T07:52:29.5004430Z Server: Kestrel
2023-11-10T07:52:29.5004869Z Response time: 1.6237 ms
2023-11-10T07:52:29.5005244Z 
2023-11-10T07:52:30.8114401Z   Passed XmlResponseBodyElementValueCanBeExtractedOverridingResponseContentType [5 ms]
2023-11-10T07:52:30.8115899Z   Passed XmlResponseBodyMultipleElementsCanBeExtracted [4 ms]
2023-11-10T07:52:30.8116941Z   Passed SslVerificationCanBeDisabledUsingStaticConfiguration [170 ms]
2023-11-10T07:52:30.8117806Z   Passed CustomTimeoutCanBeSuppliedInRequestSpecification [3 ms]
2023-11-10T07:52:30.8118506Z   Passed CustomTimeoutCanBeSuppliedInTest [3 ms]
2023-11-10T07:52:32.5013714Z   Passed TimeoutInRequestSpecificationExceededThrowsTheExpectedException [3 s]
2023-11-10T07:52:35.5025994Z GET http://localhost:9876/timeout-nok
2023-11-10T07:52:35.5026972Z Content-Type: application/json; charset=utf-8
2023-11-10T07:52:35.5027938Z Content-Length: 0
2023-11-10T07:52:35.5028290Z 
2023-11-10T07:52:35.5029522Z   Passed TimeoutInTestExceededThrowsTheExpectedException [3 s]
2023-11-10T07:52:35.5083391Z HTTP 200 (OK)
2023-11-10T07:52:35.5084249Z Content-Type: 
2023-11-10T07:52:35.5084914Z Content-Length: 0
2023-11-10T07:52:35.5085507Z Date: Fri, 10 Nov 2023 07:52:35 GMT
2023-11-10T07:52:35.5086394Z Server: Kestrel
2023-11-10T07:52:35.5087074Z Response time: 3.5393 ms
2023-11-10T07:52:35.5087460Z 
2023-11-10T07:52:35.5131862Z GET http://localhost:9876/user-agent
2023-11-10T07:52:35.5133074Z Content-Type: application/json; charset=utf-8
2023-11-10T07:52:35.5134027Z Content-Length: 0
2023-11-10T07:52:35.5135228Z User-Agent: MyUserAgent/1.0
2023-11-10T07:52:35.5136107Z HTTP 200 (OK)
2023-11-10T07:52:35.5136845Z Content-Type: 
2023-11-10T07:52:35.5137425Z Content-Length: 0
2023-11-10T07:52:35.5138053Z Date: Fri, 10 Nov 2023 07:52:35 GMT
2023-11-10T07:52:35.5138752Z Server: Kestrel
2023-11-10T07:52:35.5139576Z Response time: 3.22 ms
2023-11-10T07:52:35.5140238Z 
2023-11-10T07:52:35.5182423Z GET http://localhost:9876/user-agent
2023-11-10T07:52:35.5183334Z Content-Type: application/json; charset=utf-8
2023-11-10T07:52:35.5184153Z Content-Length: 0
2023-11-10T07:52:35.5185038Z User-Agent: MyUserAgent/1.0
2023-11-10T07:52:35.5185673Z HTTP 200 (OK)
2023-11-10T07:52:35.5186210Z Content-Type: 
2023-11-10T07:52:35.5186937Z Content-Length: 0
2023-11-10T07:52:35.5187518Z Date: Fri, 10 Nov 2023 07:52:35 GMT
2023-11-10T07:52:35.5188123Z Server: Kestrel
2023-11-10T07:52:35.5188780Z Response time: 3.1436 ms
2023-11-10T07:52:35.5189138Z 
2023-11-10T07:52:35.5232030Z POST http://localhost:9876/xml-serialization
2023-11-10T07:52:35.5233188Z Content-Type: application/xml; charset=utf-8
2023-11-10T07:52:35.5234262Z Content-Length: 535
2023-11-10T07:52:35.5235626Z <Location xmlns:xsi="http://www.w3.org/2001/XMLSchema-instance" xmlns:xsd="http://www.w3.org/2001/XMLSchema">
2023-11-10T07:52:35.5236997Z   <Country>United States</Country>
2023-11-10T07:52:35.5237602Z   <State>California</State>
2023-11-10T07:52:35.5238233Z   <ZipCode>90210</ZipCode>
2023-11-10T07:52:35.5238888Z   <Places>
2023-11-10T07:52:35.5239305Z     <Place>
2023-11-10T07:52:35.5239810Z       <Name>Sun City</Name>
2023-11-10T07:52:35.5240287Z       <Inhabitants>100000</Inhabitants>
2023-11-10T07:52:35.5240797Z       <IsCapital>true</IsCapital>
2023-11-10T07:52:35.5241201Z     </Place>
2023-11-10T07:52:35.5241587Z     <Place>
2023-11-10T07:52:35.5241869Z       <Name>Pleasure Meadow</Name>
2023-11-10T07:52:35.5242290Z       <Inhabitants>50000</Inhabitants>
2023-11-10T07:52:35.5242768Z       <IsCapital>false</IsCapital>
2023-11-10T07:52:35.5243108Z     </Place>
2023-11-10T07:52:35.5243442Z   </Places>
2023-11-10T07:52:35.5243825Z </Location>
2023-11-10T07:52:35.5244117Z HTTP 201 (Created)
2023-11-10T07:52:35.5244745Z Content-Type: 
2023-11-10T07:52:35.5245481Z Content-Length: 0
2023-11-10T07:52:35.5246046Z Date: Fri, 10 Nov 2023 07:52:35 GMT
2023-11-10T07:52:35.5246663Z Server: Kestrel
2023-11-10T07:52:35.5247273Z Response time: 2.504 ms
2023-11-10T07:52:35.5247487Z 
2023-11-10T07:52:35.6293149Z GET http://localhost:9876/xml-schema-validation
2023-11-10T07:52:35.6294432Z Content-Type: application/json; charset=utf-8
2023-11-10T07:52:35.6295228Z Content-Length: 0
2023-11-10T07:52:35.6295927Z HTTP 200 (OK)
2023-11-10T07:52:35.6296528Z Content-Type: application/xml
2023-11-10T07:52:35.6297222Z Content-Length: 456
2023-11-10T07:52:35.6297939Z Date: Fri, 10 Nov 2023 07:52:35 GMT
2023-11-10T07:52:35.6298540Z Server: Kestrel
2023-11-10T07:52:35.6299407Z Transfer-Encoding: chunked
2023-11-10T07:52:35.6300962Z <Location xmlns:xsi="http://www.w3.org/2001/XMLSchema-instance" xmlns:xsd="http://www.w3.org/2001/XMLSchema">
2023-11-10T07:52:35.6302230Z   <Country>United States</Country>
2023-11-10T07:52:35.6302907Z   <State>California</State>
2023-11-10T07:52:35.6303673Z   <ZipCode>90210</ZipCode>
2023-11-10T07:52:35.6304237Z   <Places>
2023-11-10T07:52:35.6304739Z     <Place>
2023-11-10T07:52:35.6305483Z       <Name>Sun City</Name>
2023-11-10T07:52:35.6306076Z       <Inhabitants>100000</Inhabitants>
2023-11-10T07:52:35.6307879Z       <IsCapital>true</IsCapital>
2023-11-10T07:52:35.6313975Z     </Place>
2023-11-10T07:52:35.6314463Z     <Place>
2023-11-10T07:52:35.6315012Z       <Name>Pleasure Meadow</Name>
2023-11-10T07:52:35.6315821Z       <Inhabitants>50000</Inhabitants>
2023-11-10T07:52:35.6316475Z       <IsCapital>false</IsCapital>
2023-11-10T07:52:35.6317113Z     </Place>
2023-11-10T07:52:35.6317727Z   </Places>
2023-11-10T07:52:35.6318174Z </Location>
2023-11-10T07:52:35.6318731Z Response time: 1.9515 ms
2023-11-10T07:52:35.6319086Z 
2023-11-10T07:52:35.6377463Z GET http://localhost:9876/non-matching-dtd-validation
2023-11-10T07:52:35.6378794Z Content-Type: application/json; charset=utf-8
2023-11-10T07:52:35.6380230Z Content-Length: 0
2023-11-10T07:52:35.6380909Z HTTP 200 (OK)
2023-11-10T07:52:35.6381518Z Content-Type: application/xml
2023-11-10T07:52:35.6382154Z Content-Length: 575
2023-11-10T07:52:35.6382681Z Date: Fri, 10 Nov 2023 07:52:35 GMT
2023-11-10T07:52:35.6383290Z Server: Kestrel
2023-11-10T07:52:35.6383801Z Transfer-Encoding: chunked
2023-11-10T07:52:35.6384417Z <!DOCTYPE store [
2023-11-10T07:52:35.6384927Z               <!ELEMENT store (item)*> 
2023-11-10T07:52:35.6385557Z               <!ELEMENT item (name,dept,price)>
2023-11-10T07:52:35.6386139Z               <!ATTLIST item type CDATA #REQUIRED>
2023-11-10T07:52:35.6386627Z               <!ATTLIST item ISBN CDATA #REQUIRED>
2023-11-10T07:52:35.6387077Z               <!ELEMENT name (#PCDATA)>
2023-11-10T07:52:35.6387606Z               <!ELEMENT price (#PCDATA)>]>
2023-11-10T07:52:35.6388004Z <store>
2023-11-10T07:52:35.6388624Z   <item type="supplies" ISBN="2-3631-4">
2023-11-10T07:52:35.6389566Z     <name>paint</name>
2023-11-10T07:52:35.6390516Z     <dept>interior design</dept>
2023-11-10T07:52:35.6391206Z     <price>16.95</price>
2023-11-10T07:52:35.6391867Z   </item>
2023-11-10T07:52:35.6392364Z </store>
2023-11-10T07:52:35.6392681Z Response time: 2.7296 ms
2023-11-10T07:52:35.6393033Z 
2023-11-10T07:52:35.6501503Z GET http://localhost:9876/xml-schema-validation
2023-11-10T07:52:35.6502733Z Content-Type: application/json; charset=utf-8
2023-11-10T07:52:35.6503666Z Content-Length: 0
2023-11-10T07:52:35.6504361Z HTTP 200 (OK)
2023-11-10T07:52:35.6504974Z Content-Type: application/xml
2023-11-10T07:52:35.6505518Z Content-Length: 456
2023-11-10T07:52:35.6506233Z Date: Fri, 10 Nov 2023 07:52:35 GMT
2023-11-10T07:52:35.6506866Z Server: Kestrel
2023-11-10T07:52:35.6507444Z Transfer-Encoding: chunked
2023-11-10T07:52:35.6508988Z <Location xmlns:xsi="http://www.w3.org/2001/XMLSchema-instance" xmlns:xsd="http://www.w3.org/2001/XMLSchema">
2023-11-10T07:52:35.6510231Z   <Country>United States</Country>
2023-11-10T07:52:35.6510869Z   <State>California</State>
2023-11-10T07:52:35.6511557Z   <ZipCode>90210</ZipCode>
2023-11-10T07:52:35.6512102Z   <Places>
2023-11-10T07:52:35.6512483Z     <Place>
2023-11-10T07:52:35.6512875Z       <Name>Sun City</Name>
2023-11-10T07:52:35.6513296Z       <Inhabitants>100000</Inhabitants>
2023-11-10T07:52:35.6513714Z       <IsCapital>true</IsCapital>
2023-11-10T07:52:35.6514167Z     </Place>
2023-11-10T07:52:35.6514659Z     <Place>
2023-11-10T07:52:35.6515151Z       <Name>Pleasure Meadow</Name>
2023-11-10T07:52:35.6515840Z       <Inhabitants>50000</Inhabitants>
2023-11-10T07:52:35.6516276Z       <IsCapital>false</IsCapital>
2023-11-10T07:52:35.6516619Z     </Place>
2023-11-10T07:52:35.6516988Z   </Places>
2023-11-10T07:52:35.6517296Z </Location>
2023-11-10T07:52:35.6517584Z Response time: 1.9557 ms
2023-11-10T07:52:35.6517904Z 
2023-11-10T07:52:35.6548561Z GET http://localhost:9876/xml-schema-unexpected-content-type
2023-11-10T07:52:35.6549476Z Content-Type: application/json; charset=utf-8
2023-11-10T07:52:35.6550093Z Content-Length: 0
2023-11-10T07:52:35.6550400Z HTTP 200 (OK)
2023-11-10T07:52:35.6550975Z Content-Type: application/something
2023-11-10T07:52:35.6551813Z Content-Length: 9
2023-11-10T07:52:35.6552353Z Date: Fri, 10 Nov 2023 07:52:35 GMT
2023-11-10T07:52:35.6553007Z Server: Kestrel
2023-11-10T07:52:35.6553708Z Transfer-Encoding: chunked
2023-11-10T07:52:35.6554235Z Something
2023-11-10T07:52:35.6554743Z Response time: 2.2229 ms
2023-11-10T07:52:35.6555076Z 
2023-11-10T07:52:35.6564189Z   Passed CustomUserAgentCanBeSuppliedThroughRequestSpecification [5 ms]
2023-11-10T07:52:35.6565149Z   Passed CustomUserAgentCanBeSuppliedUsingProductInfoHeaderValueInTest [4 ms]
2023-11-10T07:52:35.6566060Z   Passed CustomUserAgentCanBeSuppliedUsingProductNameAndProductVersionInTest [4 ms]
2023-11-10T07:52:35.6566864Z   Passed ObjectCanBeSerializedToXml [4 ms]
2023-11-10T07:52:35.6567415Z   Passed UnableToSerializeThrowsTheExpectedException [1 ms]
2023-11-10T07:52:35.6568426Z   Passed IncorrectlyFormattedXmlSchemaThrowsTheExpectedException [104 ms]
2023-11-10T07:52:35.6569287Z   Passed MismatchWithInlineDtdThrowsTheExpectedException [8 ms]
2023-11-10T07:52:35.6569995Z   Passed MismatchWithXmlSchemaThrowsTheExpectedException [12 ms]
2023-11-10T07:52:35.6570807Z   Passed UnexpectedResponseContentTypeThrowsTheExpectedExceptionWhenValidatingDtd [4 ms]
2023-11-10T07:52:35.6590550Z GET http://localhost:9876/xml-schema-unexpected-content-type
2023-11-10T07:52:35.6591793Z Content-Type: application/json; charset=utf-8
2023-11-10T07:52:35.6592668Z Content-Length: 0
2023-11-10T07:52:35.6593421Z HTTP 200 (OK)
2023-11-10T07:52:35.6594206Z Content-Type: application/something
2023-11-10T07:52:35.6594933Z Content-Length: 9
2023-11-10T07:52:35.6595650Z Date: Fri, 10 Nov 2023 07:52:35 GMT
2023-11-10T07:52:35.6596306Z Server: Kestrel
2023-11-10T07:52:35.6596869Z Transfer-Encoding: chunked
2023-11-10T07:52:35.6597509Z Something
2023-11-10T07:52:35.6598066Z Response time: 2.2541 ms
2023-11-10T07:52:35.6598401Z 
2023-11-10T07:52:35.6634673Z GET http://localhost:9876/matching-dtd-validation
2023-11-10T07:52:35.6635667Z Content-Type: application/json; charset=utf-8
2023-11-10T07:52:35.6636173Z Content-Length: 0
2023-11-10T07:52:35.6636556Z HTTP 200 (OK)
2023-11-10T07:52:35.6637225Z Content-Type: application/xml
2023-11-10T07:52:35.6637784Z Content-Length: 615
2023-11-10T07:52:35.6638152Z Date: Fri, 10 Nov 2023 07:52:35 GMT
2023-11-10T07:52:35.6638616Z Server: Kestrel
2023-11-10T07:52:35.6639188Z Transfer-Encoding: chunked
2023-11-10T07:52:35.6639770Z <!DOCTYPE store [
2023-11-10T07:52:35.6640314Z               <!ELEMENT store (item)*> 
2023-11-10T07:52:35.6640798Z               <!ELEMENT item (name,dept,price)>
2023-11-10T07:52:35.6641316Z               <!ATTLIST item type CDATA #REQUIRED>
2023-11-10T07:52:35.6642248Z               <!ATTLIST item ISBN CDATA #REQUIRED>
2023-11-10T07:52:35.6642916Z               <!ELEMENT name (#PCDATA)>
2023-11-10T07:52:35.6643561Z               <!ELEMENT dept (#PCDATA)>
2023-11-10T07:52:35.6644532Z               <!ELEMENT price (#PCDATA)>]>
2023-11-10T07:52:35.6645278Z <store>
2023-11-10T07:52:35.6645977Z   <item type="supplies" ISBN="2-3631-4">
2023-11-10T07:52:35.6646874Z     <name>paint</name>
2023-11-10T07:52:35.6647470Z     <dept>interior design</dept>
2023-11-10T07:52:35.6648154Z     <price>16.95</price>
2023-11-10T07:52:35.6648791Z   </item>
2023-11-10T07:52:35.6649255Z </store>
2023-11-10T07:52:35.6649830Z Response time: 2.2033 ms
2023-11-10T07:52:35.6650305Z 
2023-11-10T07:52:35.6673795Z GET http://localhost:9876/xml-schema-validation
2023-11-10T07:52:35.6674693Z Content-Type: application/json; charset=utf-8
2023-11-10T07:52:35.6675194Z Content-Length: 0
2023-11-10T07:52:35.6675676Z HTTP 200 (OK)
2023-11-10T07:52:35.6676072Z Content-Type: application/xml
2023-11-10T07:52:35.6676696Z Content-Length: 456
2023-11-10T07:52:35.6677369Z Date: Fri, 10 Nov 2023 07:52:35 GMT
2023-11-10T07:52:35.6677794Z Server: Kestrel
2023-11-10T07:52:35.6678186Z Transfer-Encoding: chunked
2023-11-10T07:52:35.6679325Z <Location xmlns:xsi="http://www.w3.org/2001/XMLSchema-instance" xmlns:xsd="http://www.w3.org/2001/XMLSchema">
2023-11-10T07:52:35.6680410Z   <Country>United States</Country>
2023-11-10T07:52:35.6680816Z   <State>California</State>
2023-11-10T07:52:35.6681248Z   <ZipCode>90210</ZipCode>
2023-11-10T07:52:35.6681610Z   <Places>
2023-11-10T07:52:35.6681904Z     <Place>
2023-11-10T07:52:35.6682253Z       <Name>Sun City</Name>
2023-11-10T07:52:35.6682672Z       <Inhabitants>100000</Inhabitants>
2023-11-10T07:52:35.6683445Z       <IsCapital>true</IsCapital>
2023-11-10T07:52:35.6684148Z     </Place>
2023-11-10T07:52:35.6684657Z     <Place>
2023-11-10T07:52:35.6685217Z       <Name>Pleasure Meadow</Name>
2023-11-10T07:52:35.6685965Z       <Inhabitants>50000</Inhabitants>
2023-11-10T07:52:35.6686663Z       <IsCapital>false</IsCapital>
2023-11-10T07:52:35.6687265Z     </Place>
2023-11-10T07:52:35.6687817Z   </Places>
2023-11-10T07:52:35.6688273Z </Location>
2023-11-10T07:52:35.6688881Z Response time: 1.9766 ms
2023-11-10T07:52:35.6689200Z 
2023-11-10T07:52:35.6708959Z GET http://localhost:9876/xml-schema-validation
2023-11-10T07:52:35.6709835Z Content-Type: application/json; charset=utf-8
2023-11-10T07:52:35.6710458Z Content-Length: 0
2023-11-10T07:52:35.6710800Z HTTP 200 (OK)
2023-11-10T07:52:35.6711333Z Content-Type: application/xml
2023-11-10T07:52:35.6712226Z Content-Length: 456
2023-11-10T07:52:35.6712850Z Date: Fri, 10 Nov 2023 07:52:35 GMT
2023-11-10T07:52:35.6713481Z Server: Kestrel
2023-11-10T07:52:35.6714350Z Transfer-Encoding: chunked
2023-11-10T07:52:35.6715856Z <Location xmlns:xsi="http://www.w3.org/2001/XMLSchema-instance" xmlns:xsd="http://www.w3.org/2001/XMLSchema">
2023-11-10T07:52:35.6717063Z   <Country>United States</Country>
2023-11-10T07:52:35.6717676Z   <State>California</State>
2023-11-10T07:52:35.6718053Z   <ZipCode>90210</ZipCode>
2023-11-10T07:52:35.6718385Z   <Places>
2023-11-10T07:52:35.6718784Z     <Place>
2023-11-10T07:52:35.6719107Z       <Name>Sun City</Name>
2023-11-10T07:52:35.6719686Z       <Inhabitants>100000</Inhabitants>
2023-11-10T07:52:35.6720211Z       <IsCapital>true</IsCapital>
2023-11-10T07:52:35.6720590Z     </Place>
2023-11-10T07:52:35.6720872Z     <Place>
2023-11-10T07:52:35.6721265Z       <Name>Pleasure Meadow</Name>
2023-11-10T07:52:35.6721671Z       <Inhabitants>50000</Inhabitants>
2023-11-10T07:52:35.6722070Z       <IsCapital>false</IsCapital>
2023-11-10T07:52:35.6722512Z     </Place>
2023-11-10T07:52:35.6722841Z   </Places>
2023-11-10T07:52:35.6723098Z </Location>
2023-11-10T07:52:35.6723491Z Response time: 1.7621 ms
2023-11-10T07:52:35.6723701Z 
2023-11-10T07:52:35.6823182Z NUnit Adapter 4.5.0.0: Test execution complete
2023-11-10T07:52:35.7552861Z   Passed UnexpectedResponseContentTypeThrowsTheExpectedExceptionWhenValidatingXsd [4 ms]
2023-11-10T07:52:35.7554290Z   Passed XmlResponseCanBeVerifiedAgainstInlineDtd [4 ms]
2023-11-10T07:52:35.7555146Z   Passed XmlSchemaCanBeSuppliedAndVerifiedAsString [3 ms]
2023-11-10T07:52:35.7556113Z   Passed XmlSchemaCanBeSuppliedAndVerifiedAsXmlSchemaSet [3 ms]
2023-11-10T07:52:35.7605593Z 
2023-11-10T07:52:35.7654614Z Test Run Successful.
2023-11-10T07:52:35.7655135Z Total tests: 191
2023-11-10T07:52:35.7655550Z      Passed: 191
2023-11-10T07:52:35.7656786Z  Total time: 16.0099 Seconds
2023-11-10T07:52:35.7941035Z      1>Done Building Project "/home/runner/work/rest-assured-net/rest-assured-net/RestAssured.Net.sln" (VSTest target(s)).
2023-11-10T07:52:35.8108945Z 
2023-11-10T07:52:35.8112918Z Build succeeded.
2023-11-10T07:52:35.8114948Z     0 Warning(s)
2023-11-10T07:52:35.8115837Z     0 Error(s)
2023-11-10T07:52:35.8116340Z 
2023-11-10T07:52:35.8116815Z Time Elapsed 00:00:18.04
2023-11-10T07:52:35.8773987Z Post job cleanup.
2023-11-10T07:52:36.0131798Z Post job cleanup.
2023-11-10T07:52:36.0957311Z [command]/usr/bin/git version
2023-11-10T07:52:36.1002224Z git version 2.42.0
2023-11-10T07:52:36.1040699Z Temporarily overriding HOME='/home/runner/work/_temp/688a3dc2-819b-491a-8874-e3b27039447f' before making global git config changes
2023-11-10T07:52:36.1042179Z Adding repository directory to the temporary git global config as a safe directory
2023-11-10T07:52:36.1046729Z [command]/usr/bin/git config --global --add safe.directory /home/runner/work/rest-assured-net/rest-assured-net
2023-11-10T07:52:36.1088920Z [command]/usr/bin/git config --local --name-only --get-regexp core\.sshCommand
2023-11-10T07:52:36.1126754Z [command]/usr/bin/git submodule foreach --recursive sh -c "git config --local --name-only --get-regexp 'core\.sshCommand' && git config --local --unset-all 'core.sshCommand' || :"
2023-11-10T07:52:36.1374650Z [command]/usr/bin/git config --local --name-only --get-regexp http\.https\:\/\/github\.com\/\.extraheader
2023-11-10T07:52:36.1402537Z http.https://github.com/.extraheader
2023-11-10T07:52:36.1413215Z [command]/usr/bin/git config --local --unset-all http.https://github.com/.extraheader
2023-11-10T07:52:36.1454419Z [command]/usr/bin/git submodule foreach --recursive sh -c "git config --local --name-only --get-regexp 'http\.https\:\/\/github\.com\/\.extraheader' && git config --local --unset-all 'http.https://github.com/.extraheader' || :"
2023-11-10T07:52:36.1913783Z Cleaning up orphan processes
2023-11-10T07:52:36.2283511Z Terminate orphan process: pid (2101) (dotnet)
2023-11-10T07:52:36.2316715Z Terminate orphan process: pid (2102) (dotnet)
2023-11-10T07:52:36.2347371Z Terminate orphan process: pid (2205) (dotnet)
