2023-09-15T23:23:03.1261002Z Requested labels: ubuntu-latest
2023-09-15T23:23:03.1261365Z Job defined at: adamint/spotify-web-api-kotlin/.github/workflows/ci.yml@refs/pull/328/merge
2023-09-15T23:23:03.1261483Z Waiting for a runner to pick up this job...
2023-09-15T23:23:03.4731322Z Job is waiting for a hosted runner to come online.
2023-09-15T23:23:06.2909454Z Job is about to start running on the hosted runner: GitHub Actions 3 (hosted)
2023-09-15T23:23:08.8263272Z Current runner version: '2.309.0'
2023-09-15T23:23:08.8292452Z ##[group]Operating System
2023-09-15T23:23:08.8293146Z Ubuntu
2023-09-15T23:23:08.8293448Z 22.04.3
2023-09-15T23:23:08.8293740Z LTS
2023-09-15T23:23:08.8294054Z ##[endgroup]
2023-09-15T23:23:08.8294419Z ##[group]Runner Image
2023-09-15T23:23:08.8294780Z Image: ubuntu-22.04
2023-09-15T23:23:08.8295136Z Version: 20230911.1.0
2023-09-15T23:23:08.8295678Z Included Software: https://github.com/actions/runner-images/blob/ubuntu22/20230911.1/images/linux/Ubuntu2204-Readme.md
2023-09-15T23:23:08.8296410Z Image Release: https://github.com/actions/runner-images/releases/tag/ubuntu22%2F20230911.1
2023-09-15T23:23:08.8296866Z ##[endgroup]
2023-09-15T23:23:08.8297175Z ##[group]Runner Image Provisioner
2023-09-15T23:23:08.8297524Z 2.0.299.1
2023-09-15T23:23:08.8297831Z ##[endgroup]
2023-09-15T23:23:08.8298844Z ##[group]GITHUB_TOKEN Permissions
2023-09-15T23:23:08.8300584Z Actions: write
2023-09-15T23:23:08.8300944Z Checks: write
2023-09-15T23:23:08.8301558Z Contents: write
2023-09-15T23:23:08.8301957Z Deployments: write
2023-09-15T23:23:08.8302311Z Discussions: write
2023-09-15T23:23:08.8302736Z Issues: write
2023-09-15T23:23:08.8303006Z Metadata: read
2023-09-15T23:23:08.8303356Z Packages: write
2023-09-15T23:23:08.8303692Z Pages: write
2023-09-15T23:23:08.8304093Z PullRequests: write
2023-09-15T23:23:08.8304464Z RepositoryProjects: write
2023-09-15T23:23:08.8304781Z SecurityEvents: write
2023-09-15T23:23:08.8305129Z Statuses: write
2023-09-15T23:23:08.8305450Z ##[endgroup]
2023-09-15T23:23:08.8309246Z Secret source: Actions
2023-09-15T23:23:08.8309771Z Prepare workflow directory
2023-09-15T23:23:08.9450297Z Prepare all required actions
2023-09-15T23:23:08.9650750Z Getting action download info
2023-09-15T23:23:09.1978183Z Download action repository 'actions/checkout@v2' (SHA:ee0669bd1cc54295c223e0bb666b733df41de1c5)
2023-09-15T23:23:09.7797634Z Download action repository 'actions/setup-java@v2' (SHA:91d3aa4956ec4a53e477c4907347b5e3481be8c9)
2023-09-15T23:23:10.3144746Z Download action repository 'actions/upload-artifact@v2' (SHA:82c141cc518b40d92cc801eee768e7aafc9c2fa2)
2023-09-15T23:23:10.8395077Z Complete job name: test_android_jvm_linux_trusted
2023-09-15T23:23:10.9400475Z ##[group]Run actions/checkout@v2
2023-09-15T23:23:10.9400796Z with:
2023-09-15T23:23:10.9401056Z   repository: adamint/spotify-web-api-kotlin
2023-09-15T23:23:10.9401807Z   token: ***
2023-09-15T23:23:10.9402046Z   ssh-strict: true
2023-09-15T23:23:10.9402286Z   persist-credentials: true
2023-09-15T23:23:10.9402516Z   clean: true
2023-09-15T23:23:10.9402726Z   fetch-depth: 1
2023-09-15T23:23:10.9403068Z   lfs: false
2023-09-15T23:23:10.9403269Z   submodules: false
2023-09-15T23:23:10.9403513Z   set-safe-directory: true
2023-09-15T23:23:10.9403731Z env:
2023-09-15T23:23:10.9404015Z   SPOTIFY_CLIENT_ID: ***
2023-09-15T23:23:10.9404326Z   SPOTIFY_CLIENT_SECRET: ***
2023-09-15T23:23:10.9404545Z ##[endgroup]
2023-09-15T23:23:11.2082388Z Syncing repository: adamint/spotify-web-api-kotlin
2023-09-15T23:23:11.2084276Z ##[group]Getting Git version info
2023-09-15T23:23:11.2084870Z Working directory is '/home/runner/work/spotify-web-api-kotlin/spotify-web-api-kotlin'
2023-09-15T23:23:11.2085516Z [command]/usr/bin/git version
2023-09-15T23:23:11.2188518Z git version 2.42.0
2023-09-15T23:23:11.2217889Z ##[endgroup]
2023-09-15T23:23:11.2234951Z Temporarily overriding HOME='/home/runner/work/_temp/5bcb9dfb-ddc8-4349-a725-40725f228e1a' before making global git config changes
2023-09-15T23:23:11.2235745Z Adding repository directory to the temporary git global config as a safe directory
2023-09-15T23:23:11.2242726Z [command]/usr/bin/git config --global --add safe.directory /home/runner/work/spotify-web-api-kotlin/spotify-web-api-kotlin
2023-09-15T23:23:11.2287679Z Deleting the contents of '/home/runner/work/spotify-web-api-kotlin/spotify-web-api-kotlin'
2023-09-15T23:23:11.2292988Z ##[group]Initializing the repository
2023-09-15T23:23:11.2297071Z [command]/usr/bin/git init /home/runner/work/spotify-web-api-kotlin/spotify-web-api-kotlin
2023-09-15T23:23:11.2364834Z hint: Using 'master' as the name for the initial branch. This default branch name
2023-09-15T23:23:11.2366626Z hint: is subject to change. To configure the initial branch name to use in all
2023-09-15T23:23:11.2367279Z hint: of your new repositories, which will suppress this warning, call:
2023-09-15T23:23:11.2367659Z hint: 
2023-09-15T23:23:11.2368661Z hint: 	git config --global init.defaultBranch <name>
2023-09-15T23:23:11.2369035Z hint: 
2023-09-15T23:23:11.2369838Z hint: Names commonly chosen instead of 'master' are 'main', 'trunk' and
2023-09-15T23:23:11.2370460Z hint: 'development'. The just-created branch can be renamed via this command:
2023-09-15T23:23:11.2370830Z hint: 
2023-09-15T23:23:11.2371520Z hint: 	git branch -m <name>
2023-09-15T23:23:11.2379480Z Initialized empty Git repository in /home/runner/work/spotify-web-api-kotlin/spotify-web-api-kotlin/.git/
2023-09-15T23:23:11.2390367Z [command]/usr/bin/git remote add origin https://github.com/adamint/spotify-web-api-kotlin
2023-09-15T23:23:11.2432241Z ##[endgroup]
2023-09-15T23:23:11.2433074Z ##[group]Disabling automatic garbage collection
2023-09-15T23:23:11.2436463Z [command]/usr/bin/git config --local gc.auto 0
2023-09-15T23:23:11.2470935Z ##[endgroup]
2023-09-15T23:23:11.2471678Z ##[group]Setting up auth
2023-09-15T23:23:11.2478345Z [command]/usr/bin/git config --local --name-only --get-regexp core\.sshCommand
2023-09-15T23:23:11.2514014Z [command]/usr/bin/git submodule foreach --recursive sh -c "git config --local --name-only --get-regexp 'core\.sshCommand' && git config --local --unset-all 'core.sshCommand' || :"
2023-09-15T23:23:11.2867453Z [command]/usr/bin/git config --local --name-only --get-regexp http\.https\:\/\/github\.com\/\.extraheader
2023-09-15T23:23:11.2898714Z [command]/usr/bin/git submodule foreach --recursive sh -c "git config --local --name-only --get-regexp 'http\.https\:\/\/github\.com\/\.extraheader' && git config --local --unset-all 'http.https://github.com/.extraheader' || :"
2023-09-15T23:23:11.3140134Z [command]/usr/bin/git config --local http.https://github.com/.extraheader AUTHORIZATION: basic ***
2023-09-15T23:23:11.3183797Z ##[endgroup]
2023-09-15T23:23:11.3184863Z ##[group]Fetching the repository
2023-09-15T23:23:11.3192889Z [command]/usr/bin/git -c protocol.version=2 fetch --no-tags --prune --progress --no-recurse-submodules --depth=1 origin +c7baac8a9a643ebf327f10cbb7d5682ab490b741:refs/remotes/pull/328/merge
2023-09-15T23:23:11.6582816Z remote: Enumerating objects: 217, done.        
2023-09-15T23:23:11.6586508Z remote: Counting objects:   0% (1/217)        
2023-09-15T23:23:11.6587344Z remote: Counting objects:   1% (3/217)        
2023-09-15T23:23:11.6587813Z remote: Counting objects:   2% (5/217)        
2023-09-15T23:23:11.6588476Z remote: Counting objects:   3% (7/217)        
2023-09-15T23:23:11.6588917Z remote: Counting objects:   4% (9/217)        
2023-09-15T23:23:11.6589643Z remote: Counting objects:   5% (11/217)        
2023-09-15T23:23:11.6590094Z remote: Counting objects:   6% (14/217)        
2023-09-15T23:23:11.6590752Z remote: Counting objects:   7% (16/217)        
2023-09-15T23:23:11.6591201Z remote: Counting objects:   8% (18/217)        
2023-09-15T23:23:11.6591837Z remote: Counting objects:   9% (20/217)        
2023-09-15T23:23:11.6592279Z remote: Counting objects:  10% (22/217)        
2023-09-15T23:23:11.6592911Z remote: Counting objects:  11% (24/217)        
2023-09-15T23:23:11.6593349Z remote: Counting objects:  12% (27/217)        
2023-09-15T23:23:11.6593982Z remote: Counting objects:  13% (29/217)        
2023-09-15T23:23:11.6594411Z remote: Counting objects:  14% (31/217)        
2023-09-15T23:23:11.6595029Z remote: Counting objects:  15% (33/217)        
2023-09-15T23:23:11.6595465Z remote: Counting objects:  16% (35/217)        
2023-09-15T23:23:11.6596547Z remote: Counting objects:  17% (37/217)        
2023-09-15T23:23:11.6596983Z remote: Counting objects:  18% (40/217)        
2023-09-15T23:23:11.6597634Z remote: Counting objects:  19% (42/217)        
2023-09-15T23:23:11.6598308Z remote: Counting objects:  20% (44/217)        
2023-09-15T23:23:11.6598940Z remote: Counting objects:  21% (46/217)        
2023-09-15T23:23:11.6599365Z remote: Counting objects:  22% (48/217)        
2023-09-15T23:23:11.6599991Z remote: Counting objects:  23% (50/217)        
2023-09-15T23:23:11.6600417Z remote: Counting objects:  24% (53/217)        
2023-09-15T23:23:11.6601036Z remote: Counting objects:  25% (55/217)        
2023-09-15T23:23:11.6601767Z remote: Counting objects:  26% (57/217)        
2023-09-15T23:23:11.6602428Z remote: Counting objects:  27% (59/217)        
2023-09-15T23:23:11.6602949Z remote: Counting objects:  28% (61/217)        
2023-09-15T23:23:11.6603579Z remote: Counting objects:  29% (63/217)        
2023-09-15T23:23:11.6604010Z remote: Counting objects:  30% (66/217)        
2023-09-15T23:23:11.6604650Z remote: Counting objects:  31% (68/217)        
2023-09-15T23:23:11.6605073Z remote: Counting objects:  32% (70/217)        
2023-09-15T23:23:11.6605715Z remote: Counting objects:  33% (72/217)        
2023-09-15T23:23:11.6606138Z remote: Counting objects:  34% (74/217)        
2023-09-15T23:23:11.6606770Z remote: Counting objects:  35% (76/217)        
2023-09-15T23:23:11.6607185Z remote: Counting objects:  36% (79/217)        
2023-09-15T23:23:11.6607812Z remote: Counting objects:  37% (81/217)        
2023-09-15T23:23:11.6608234Z remote: Counting objects:  38% (83/217)        
2023-09-15T23:23:11.6608862Z remote: Counting objects:  39% (85/217)        
2023-09-15T23:23:11.6609282Z remote: Counting objects:  40% (87/217)        
2023-09-15T23:23:11.6609902Z remote: Counting objects:  41% (89/217)        
2023-09-15T23:23:11.6610324Z remote: Counting objects:  42% (92/217)        
2023-09-15T23:23:11.6610946Z remote: Counting objects:  43% (94/217)        
2023-09-15T23:23:11.6611366Z remote: Counting objects:  44% (96/217)        
2023-09-15T23:23:11.6612023Z remote: Counting objects:  45% (98/217)        
2023-09-15T23:23:11.6612456Z remote: Counting objects:  46% (100/217)        
2023-09-15T23:23:11.6613103Z remote: Counting objects:  47% (102/217)        
2023-09-15T23:23:11.6613810Z remote: Counting objects:  48% (105/217)        
2023-09-15T23:23:11.6626038Z remote: Counting objects:  49% (107/217)        
2023-09-15T23:23:11.6626649Z remote: Counting objects:  50% (109/217)        
2023-09-15T23:23:11.6627060Z remote: Counting objects:  51% (111/217)        
2023-09-15T23:23:11.6633611Z remote: Counting objects:  52% (113/217)        
2023-09-15T23:23:11.6634015Z remote: Counting objects:  53% (116/217)        
2023-09-15T23:23:11.6634665Z remote: Counting objects:  54% (118/217)        
2023-09-15T23:23:11.6635732Z remote: Counting objects:  55% (120/217)        
2023-09-15T23:23:11.6636408Z remote: Counting objects:  56% (122/217)        
2023-09-15T23:23:11.6636999Z remote: Counting objects:  57% (124/217)        
2023-09-15T23:23:11.6637572Z remote: Counting objects:  58% (126/217)        
2023-09-15T23:23:11.6638884Z remote: Counting objects:  59% (129/217)        
2023-09-15T23:23:11.6639485Z remote: Counting objects:  60% (131/217)        
2023-09-15T23:23:11.6640175Z remote: Counting objects:  61% (133/217)        
2023-09-15T23:23:11.6640647Z remote: Counting objects:  62% (135/217)        
2023-09-15T23:23:11.6641250Z remote: Counting objects:  63% (137/217)        
2023-09-15T23:23:11.6643076Z remote: Counting objects:  64% (139/217)        
2023-09-15T23:23:11.6643636Z remote: Counting objects:  65% (142/217)        
2023-09-15T23:23:11.6644201Z remote: Counting objects:  66% (144/217)        
2023-09-15T23:23:11.6644718Z remote: Counting objects:  67% (146/217)        
2023-09-15T23:23:11.6645258Z remote: Counting objects:  68% (148/217)        
2023-09-15T23:23:11.6645794Z remote: Counting objects:  69% (150/217)        
2023-09-15T23:23:11.6646360Z remote: Counting objects:  70% (152/217)        
2023-09-15T23:23:11.6646916Z remote: Counting objects:  71% (155/217)        
2023-09-15T23:23:11.6647657Z remote: Counting objects:  72% (157/217)        
2023-09-15T23:23:11.6648217Z remote: Counting objects:  73% (159/217)        
2023-09-15T23:23:11.6648794Z remote: Counting objects:  74% (161/217)        
2023-09-15T23:23:11.6649368Z remote: Counting objects:  75% (163/217)        
2023-09-15T23:23:11.6649894Z remote: Counting objects:  76% (165/217)        
2023-09-15T23:23:11.6650428Z remote: Counting objects:  77% (168/217)        
2023-09-15T23:23:11.6650991Z remote: Counting objects:  78% (170/217)        
2023-09-15T23:23:11.6651544Z remote: Counting objects:  79% (172/217)        
2023-09-15T23:23:11.6672923Z remote: Counting objects:  80% (174/217)        
2023-09-15T23:23:11.6673428Z remote: Counting objects:  81% (176/217)        
2023-09-15T23:23:11.6674071Z remote: Counting objects:  82% (178/217)        
2023-09-15T23:23:11.6674538Z remote: Counting objects:  83% (181/217)        
2023-09-15T23:23:11.6675171Z remote: Counting objects:  84% (183/217)        
2023-09-15T23:23:11.6675596Z remote: Counting objects:  85% (185/217)        
2023-09-15T23:23:11.6676258Z remote: Counting objects:  86% (187/217)        
2023-09-15T23:23:11.6676680Z remote: Counting objects:  87% (189/217)        
2023-09-15T23:23:11.6677319Z remote: Counting objects:  88% (191/217)        
2023-09-15T23:23:11.6677756Z remote: Counting objects:  89% (194/217)        
2023-09-15T23:23:11.6678404Z remote: Counting objects:  90% (196/217)        
2023-09-15T23:23:11.6678827Z remote: Counting objects:  91% (198/217)        
2023-09-15T23:23:11.6679454Z remote: Counting objects:  92% (200/217)        
2023-09-15T23:23:11.6679876Z remote: Counting objects:  93% (202/217)        
2023-09-15T23:23:11.6680776Z remote: Counting objects:  94% (204/217)        
2023-09-15T23:23:11.6681772Z remote: Counting objects:  95% (207/217)        
2023-09-15T23:23:11.6682161Z remote: Counting objects:  96% (209/217)        
2023-09-15T23:23:11.6682735Z remote: Counting objects:  97% (211/217)        
2023-09-15T23:23:11.6683275Z remote: Counting objects:  98% (213/217)        
2023-09-15T23:23:11.6683792Z remote: Counting objects:  99% (215/217)        
2023-09-15T23:23:11.6684338Z remote: Counting objects: 100% (217/217)        
2023-09-15T23:23:11.6685168Z remote: Counting objects: 100% (217/217), done.        
2023-09-15T23:23:11.6685590Z remote: Compressing objects:   0% (1/166)        
2023-09-15T23:23:11.6686216Z remote: Compressing objects:   1% (2/166)        
2023-09-15T23:23:11.6686755Z remote: Compressing objects:   2% (4/166)        
2023-09-15T23:23:11.6687476Z remote: Compressing objects:   3% (5/166)        
2023-09-15T23:23:11.6687767Z remote: Compressing objects:   4% (7/166)        
2023-09-15T23:23:11.6688041Z remote: Compressing objects:   5% (9/166)        
2023-09-15T23:23:11.6688406Z remote: Compressing objects:   6% (10/166)        
2023-09-15T23:23:11.6688980Z remote: Compressing objects:   7% (12/166)        
2023-09-15T23:23:11.6689426Z remote: Compressing objects:   8% (14/166)        
2023-09-15T23:23:11.6690178Z remote: Compressing objects:   9% (15/166)        
2023-09-15T23:23:11.6690710Z remote: Compressing objects:  10% (17/166)        
2023-09-15T23:23:11.6691231Z remote: Compressing objects:  11% (19/166)        
2023-09-15T23:23:11.6691762Z remote: Compressing objects:  12% (20/166)        
2023-09-15T23:23:11.6692276Z remote: Compressing objects:  13% (22/166)        
2023-09-15T23:23:11.6692813Z remote: Compressing objects:  14% (24/166)        
2023-09-15T23:23:11.6693366Z remote: Compressing objects:  15% (25/166)        
2023-09-15T23:23:11.6693987Z remote: Compressing objects:  16% (27/166)        
2023-09-15T23:23:11.6694477Z remote: Compressing objects:  17% (29/166)        
2023-09-15T23:23:11.6695150Z remote: Compressing objects:  18% (30/166)        
2023-09-15T23:23:11.6695675Z remote: Compressing objects:  19% (32/166)        
2023-09-15T23:23:11.6696218Z remote: Compressing objects:  20% (34/166)        
2023-09-15T23:23:11.6696765Z remote: Compressing objects:  21% (35/166)        
2023-09-15T23:23:11.6806353Z remote: Compressing objects:  22% (37/166)        
2023-09-15T23:23:11.6807789Z remote: Compressing objects:  23% (39/166)        
2023-09-15T23:23:11.6808752Z remote: Compressing objects:  24% (40/166)        
2023-09-15T23:23:11.6809155Z remote: Compressing objects:  25% (42/166)        
2023-09-15T23:23:11.6809881Z remote: Compressing objects:  26% (44/166)        
2023-09-15T23:23:11.6810682Z remote: Compressing objects:  27% (45/166)        
2023-09-15T23:23:11.6811419Z remote: Compressing objects:  28% (47/166)        
2023-09-15T23:23:11.6812188Z remote: Compressing objects:  29% (49/166)        
2023-09-15T23:23:11.6812985Z remote: Compressing objects:  30% (50/166)        
2023-09-15T23:23:11.6813630Z remote: Compressing objects:  31% (52/166)        
2023-09-15T23:23:11.6814328Z remote: Compressing objects:  32% (54/166)        
2023-09-15T23:23:11.6815073Z remote: Compressing objects:  33% (55/166)        
2023-09-15T23:23:11.6815786Z remote: Compressing objects:  34% (57/166)        
2023-09-15T23:23:11.6816465Z remote: Compressing objects:  35% (59/166)        
2023-09-15T23:23:11.6817116Z remote: Compressing objects:  36% (60/166)        
2023-09-15T23:23:11.6817757Z remote: Compressing objects:  37% (62/166)        
2023-09-15T23:23:11.6818414Z remote: Compressing objects:  38% (64/166)        
2023-09-15T23:23:11.6819119Z remote: Compressing objects:  39% (65/166)        
2023-09-15T23:23:11.6819781Z remote: Compressing objects:  40% (67/166)        
2023-09-15T23:23:11.6820411Z remote: Compressing objects:  41% (69/166)        
2023-09-15T23:23:11.6821133Z remote: Compressing objects:  42% (70/166)        
2023-09-15T23:23:11.6821915Z remote: Compressing objects:  43% (72/166)        
2023-09-15T23:23:11.6822641Z remote: Compressing objects:  44% (74/166)        
2023-09-15T23:23:11.6823902Z remote: Compressing objects:  45% (75/166)        
2023-09-15T23:23:11.6824186Z remote: Compressing objects:  46% (77/166)        
2023-09-15T23:23:11.6824793Z remote: Compressing objects:  47% (79/166)        
2023-09-15T23:23:11.6825080Z remote: Compressing objects:  48% (80/166)        
2023-09-15T23:23:11.6825345Z remote: Compressing objects:  49% (82/166)        
2023-09-15T23:23:11.6825779Z remote: Compressing objects:  50% (83/166)        
2023-09-15T23:23:11.6826060Z remote: Compressing objects:  51% (85/166)        
2023-09-15T23:23:11.6826331Z remote: Compressing objects:  52% (87/166)        
2023-09-15T23:23:11.6826673Z remote: Compressing objects:  53% (88/166)        
2023-09-15T23:23:11.6827060Z remote: Compressing objects:  54% (90/166)        
2023-09-15T23:23:11.6828157Z remote: Compressing objects:  55% (92/166)        
2023-09-15T23:23:11.6828501Z remote: Compressing objects:  56% (93/166)        
2023-09-15T23:23:11.6829088Z remote: Compressing objects:  57% (95/166)        
2023-09-15T23:23:11.6831308Z remote: Compressing objects:  58% (97/166)        
2023-09-15T23:23:11.6833831Z remote: Compressing objects:  59% (98/166)        
2023-09-15T23:23:11.6928148Z remote: Compressing objects:  60% (100/166)        
2023-09-15T23:23:11.6929029Z remote: Compressing objects:  61% (102/166)        
2023-09-15T23:23:11.6930282Z remote: Compressing objects:  62% (103/166)        
2023-09-15T23:23:11.6930560Z remote: Compressing objects:  63% (105/166)        
2023-09-15T23:23:11.6930855Z remote: Compressing objects:  64% (107/166)        
2023-09-15T23:23:11.6931143Z remote: Compressing objects:  65% (108/166)        
2023-09-15T23:23:11.6931427Z remote: Compressing objects:  66% (110/166)        
2023-09-15T23:23:11.6931702Z remote: Compressing objects:  67% (112/166)        
2023-09-15T23:23:11.6931971Z remote: Compressing objects:  68% (113/166)        
2023-09-15T23:23:11.6932253Z remote: Compressing objects:  69% (115/166)        
2023-09-15T23:23:11.6932530Z remote: Compressing objects:  70% (117/166)        
2023-09-15T23:23:11.6932814Z remote: Compressing objects:  71% (118/166)        
2023-09-15T23:23:11.6933085Z remote: Compressing objects:  72% (120/166)        
2023-09-15T23:23:11.6933364Z remote: Compressing objects:  73% (122/166)        
2023-09-15T23:23:11.6933850Z remote: Compressing objects:  74% (123/166)        
2023-09-15T23:23:11.6934132Z remote: Compressing objects:  75% (125/166)        
2023-09-15T23:23:11.6934410Z remote: Compressing objects:  76% (127/166)        
2023-09-15T23:23:11.6934685Z remote: Compressing objects:  77% (128/166)        
2023-09-15T23:23:11.6934961Z remote: Compressing objects:  78% (130/166)        
2023-09-15T23:23:11.6935234Z remote: Compressing objects:  79% (132/166)        
2023-09-15T23:23:11.6935497Z remote: Compressing objects:  80% (133/166)        
2023-09-15T23:23:11.6935772Z remote: Compressing objects:  81% (135/166)        
2023-09-15T23:23:11.6936048Z remote: Compressing objects:  82% (137/166)        
2023-09-15T23:23:11.6936323Z remote: Compressing objects:  83% (138/166)        
2023-09-15T23:23:11.6936596Z remote: Compressing objects:  84% (140/166)        
2023-09-15T23:23:11.6936858Z remote: Compressing objects:  85% (142/166)        
2023-09-15T23:23:11.6937138Z remote: Compressing objects:  86% (143/166)        
2023-09-15T23:23:11.6937412Z remote: Compressing objects:  87% (145/166)        
2023-09-15T23:23:11.6937685Z remote: Compressing objects:  88% (147/166)        
2023-09-15T23:23:11.6937958Z remote: Compressing objects:  89% (148/166)        
2023-09-15T23:23:11.6938224Z remote: Compressing objects:  90% (150/166)        
2023-09-15T23:23:11.6938503Z remote: Compressing objects:  91% (152/166)        
2023-09-15T23:23:11.6938774Z remote: Compressing objects:  92% (153/166)        
2023-09-15T23:23:11.6939043Z remote: Compressing objects:  93% (155/166)        
2023-09-15T23:23:11.6939303Z remote: Compressing objects:  94% (157/166)        
2023-09-15T23:23:11.6939579Z remote: Compressing objects:  95% (158/166)        
2023-09-15T23:23:11.6939850Z remote: Compressing objects:  96% (160/166)        
2023-09-15T23:23:11.6940129Z remote: Compressing objects:  97% (162/166)        
2023-09-15T23:23:11.6940404Z remote: Compressing objects:  98% (163/166)        
2023-09-15T23:23:11.6940673Z remote: Compressing objects:  99% (165/166)        
2023-09-15T23:23:11.6940941Z remote: Compressing objects: 100% (166/166)        
2023-09-15T23:23:11.6941650Z remote: Compressing objects: 100% (166/166), done.        
2023-09-15T23:23:11.6957465Z Receiving objects:   0% (1/217)
2023-09-15T23:23:11.6957754Z Receiving objects:   1% (3/217)
2023-09-15T23:23:11.6957995Z Receiving objects:   2% (5/217)
2023-09-15T23:23:11.6958220Z Receiving objects:   3% (7/217)
2023-09-15T23:23:11.6958553Z Receiving objects:   4% (9/217)
2023-09-15T23:23:11.6958926Z Receiving objects:   5% (11/217)
2023-09-15T23:23:11.7155431Z Receiving objects:   6% (14/217)
2023-09-15T23:23:11.7155780Z Receiving objects:   7% (16/217)
2023-09-15T23:23:11.7179789Z Receiving objects:   8% (18/217)
2023-09-15T23:23:11.7180052Z Receiving objects:   9% (20/217)
2023-09-15T23:23:11.7507660Z Receiving objects:  10% (22/217)
2023-09-15T23:23:11.7525951Z Receiving objects:  11% (24/217)
2023-09-15T23:23:11.7526278Z Receiving objects:  12% (27/217)
2023-09-15T23:23:11.7526885Z Receiving objects:  13% (29/217)
2023-09-15T23:23:11.7527124Z Receiving objects:  14% (31/217)
2023-09-15T23:23:11.7527370Z Receiving objects:  15% (33/217)
2023-09-15T23:23:11.7527603Z Receiving objects:  16% (35/217)
2023-09-15T23:23:11.7528205Z Receiving objects:  17% (37/217)
2023-09-15T23:23:11.7528434Z Receiving objects:  18% (40/217)
2023-09-15T23:23:11.7534465Z Receiving objects:  19% (42/217)
2023-09-15T23:23:11.7534730Z Receiving objects:  20% (44/217)
2023-09-15T23:23:11.7534955Z Receiving objects:  21% (46/217)
2023-09-15T23:23:11.7535185Z Receiving objects:  22% (48/217)
2023-09-15T23:23:11.7535413Z Receiving objects:  23% (50/217)
2023-09-15T23:23:11.7535643Z Receiving objects:  24% (53/217)
2023-09-15T23:23:11.7535870Z Receiving objects:  25% (55/217)
2023-09-15T23:23:11.7536091Z Receiving objects:  26% (57/217)
2023-09-15T23:23:11.7536313Z Receiving objects:  27% (59/217)
2023-09-15T23:23:11.7536540Z Receiving objects:  28% (61/217)
2023-09-15T23:23:11.7537023Z Receiving objects:  29% (63/217)
2023-09-15T23:23:11.7537253Z Receiving objects:  30% (66/217)
2023-09-15T23:23:11.7537481Z Receiving objects:  31% (68/217)
2023-09-15T23:23:11.7537711Z Receiving objects:  32% (70/217)
2023-09-15T23:23:11.7672526Z Receiving objects:  33% (72/217)
2023-09-15T23:23:11.7760295Z Receiving objects:  34% (74/217)
2023-09-15T23:23:11.7760833Z Receiving objects:  35% (76/217)
2023-09-15T23:23:11.7761368Z Receiving objects:  36% (79/217)
2023-09-15T23:23:11.7762096Z Receiving objects:  37% (81/217)
2023-09-15T23:23:11.7762604Z Receiving objects:  38% (83/217)
2023-09-15T23:23:11.7763099Z Receiving objects:  39% (85/217)
2023-09-15T23:23:11.7763579Z Receiving objects:  40% (87/217)
2023-09-15T23:23:11.7764065Z Receiving objects:  41% (89/217)
2023-09-15T23:23:11.7764545Z Receiving objects:  42% (92/217)
2023-09-15T23:23:11.7765025Z Receiving objects:  43% (94/217)
2023-09-15T23:23:11.7765510Z Receiving objects:  44% (96/217)
2023-09-15T23:23:11.7766002Z Receiving objects:  45% (98/217)
2023-09-15T23:23:11.7766493Z Receiving objects:  46% (100/217)
2023-09-15T23:23:11.7766990Z Receiving objects:  47% (102/217)
2023-09-15T23:23:11.7767512Z Receiving objects:  48% (105/217)
2023-09-15T23:23:11.7768007Z Receiving objects:  49% (107/217)
2023-09-15T23:23:11.7768488Z Receiving objects:  50% (109/217)
2023-09-15T23:23:11.7768971Z Receiving objects:  51% (111/217)
2023-09-15T23:23:11.7769455Z Receiving objects:  52% (113/217)
2023-09-15T23:23:11.7770276Z Receiving objects:  53% (116/217)
2023-09-15T23:23:11.7770681Z Receiving objects:  54% (118/217)
2023-09-15T23:23:11.7770938Z Receiving objects:  55% (120/217)
2023-09-15T23:23:11.7850557Z Receiving objects:  56% (122/217)
2023-09-15T23:23:11.7850822Z Receiving objects:  57% (124/217)
2023-09-15T23:23:11.7851065Z Receiving objects:  58% (126/217)
2023-09-15T23:23:11.7867337Z Receiving objects:  59% (129/217)
2023-09-15T23:23:11.7878905Z Receiving objects:  60% (131/217)
2023-09-15T23:23:11.7879183Z Receiving objects:  61% (133/217)
2023-09-15T23:23:11.7879449Z Receiving objects:  62% (135/217)
2023-09-15T23:23:11.7883701Z Receiving objects:  63% (137/217)
2023-09-15T23:23:11.7888778Z Receiving objects:  64% (139/217)
2023-09-15T23:23:11.7889037Z Receiving objects:  65% (142/217)
2023-09-15T23:23:11.7889586Z Receiving objects:  66% (144/217)
2023-09-15T23:23:11.7889836Z Receiving objects:  67% (146/217)
2023-09-15T23:23:11.7890074Z Receiving objects:  68% (148/217)
2023-09-15T23:23:11.7890315Z Receiving objects:  69% (150/217)
2023-09-15T23:23:11.7890868Z Receiving objects:  70% (152/217)
2023-09-15T23:23:11.7891648Z Receiving objects:  71% (155/217)
2023-09-15T23:23:11.7896001Z Receiving objects:  72% (157/217)
2023-09-15T23:23:11.7897131Z Receiving objects:  73% (159/217)
2023-09-15T23:23:11.7897380Z Receiving objects:  74% (161/217)
2023-09-15T23:23:11.7897616Z Receiving objects:  75% (163/217)
2023-09-15T23:23:11.7897845Z Receiving objects:  76% (165/217)
2023-09-15T23:23:11.7898080Z Receiving objects:  77% (168/217)
2023-09-15T23:23:11.7898703Z Receiving objects:  78% (170/217)
2023-09-15T23:23:11.7898940Z Receiving objects:  79% (172/217)
2023-09-15T23:23:11.7899187Z Receiving objects:  80% (174/217)
2023-09-15T23:23:11.7901557Z Receiving objects:  81% (176/217)
2023-09-15T23:23:11.8094551Z Receiving objects:  82% (178/217)
2023-09-15T23:23:11.8095776Z remote: Total 217 (delta 32), reused 88 (delta 2), pack-reused 0        
2023-09-15T23:23:11.8213304Z Receiving objects:  83% (181/217)
2023-09-15T23:23:11.8213965Z Receiving objects:  84% (183/217)
2023-09-15T23:23:11.8214470Z Receiving objects:  85% (185/217)
2023-09-15T23:23:11.8214957Z Receiving objects:  86% (187/217)
2023-09-15T23:23:11.8215441Z Receiving objects:  87% (189/217)
2023-09-15T23:23:11.8215926Z Receiving objects:  88% (191/217)
2023-09-15T23:23:11.8216332Z Receiving objects:  89% (194/217)
2023-09-15T23:23:11.8216898Z Receiving objects:  90% (196/217)
2023-09-15T23:23:11.8217374Z Receiving objects:  91% (198/217)
2023-09-15T23:23:11.8217848Z Receiving objects:  92% (200/217)
2023-09-15T23:23:11.8218585Z Receiving objects:  93% (202/217)
2023-09-15T23:23:11.8219065Z Receiving objects:  94% (204/217)
2023-09-15T23:23:11.8219568Z Receiving objects:  95% (207/217)
2023-09-15T23:23:11.8220050Z Receiving objects:  96% (209/217)
2023-09-15T23:23:11.8220531Z Receiving objects:  97% (211/217)
2023-09-15T23:23:11.8220920Z Receiving objects:  98% (213/217)
2023-09-15T23:23:11.8221382Z Receiving objects:  99% (215/217)
2023-09-15T23:23:11.8221854Z Receiving objects: 100% (217/217)
2023-09-15T23:23:11.8222471Z Receiving objects: 100% (217/217), 375.66 KiB | 3.18 MiB/s, done.
2023-09-15T23:23:11.8223008Z Resolving deltas:   0% (0/32)
2023-09-15T23:23:11.8223501Z Resolving deltas:   3% (1/32)
2023-09-15T23:23:11.8223980Z Resolving deltas:   6% (2/32)
2023-09-15T23:23:11.8224462Z Resolving deltas:   9% (3/32)
2023-09-15T23:23:11.8224931Z Resolving deltas:  12% (4/32)
2023-09-15T23:23:11.8225406Z Resolving deltas:  15% (5/32)
2023-09-15T23:23:11.8225879Z Resolving deltas:  18% (6/32)
2023-09-15T23:23:11.8226362Z Resolving deltas:  21% (7/32)
2023-09-15T23:23:11.8226850Z Resolving deltas:  25% (8/32)
2023-09-15T23:23:11.8227325Z Resolving deltas:  28% (9/32)
2023-09-15T23:23:11.8227804Z Resolving deltas:  31% (10/32)
2023-09-15T23:23:11.8228286Z Resolving deltas:  34% (11/32)
2023-09-15T23:23:11.8228772Z Resolving deltas:  37% (12/32)
2023-09-15T23:23:11.8229241Z Resolving deltas:  40% (13/32)
2023-09-15T23:23:11.8229715Z Resolving deltas:  43% (14/32)
2023-09-15T23:23:11.8230188Z Resolving deltas:  46% (15/32)
2023-09-15T23:23:11.8230659Z Resolving deltas:  50% (16/32)
2023-09-15T23:23:11.8231142Z Resolving deltas:  53% (17/32)
2023-09-15T23:23:11.8231607Z Resolving deltas:  56% (18/32)
2023-09-15T23:23:11.8232094Z Resolving deltas:  59% (19/32)
2023-09-15T23:23:11.8232574Z Resolving deltas:  62% (20/32)
2023-09-15T23:23:11.8233046Z Resolving deltas:  65% (21/32)
2023-09-15T23:23:11.8233521Z Resolving deltas:  68% (22/32)
2023-09-15T23:23:11.8234000Z Resolving deltas:  71% (23/32)
2023-09-15T23:23:11.8234486Z Resolving deltas:  75% (24/32)
2023-09-15T23:23:11.8234955Z Resolving deltas:  78% (25/32)
2023-09-15T23:23:11.8235441Z Resolving deltas:  81% (26/32)
2023-09-15T23:23:11.8236145Z Resolving deltas:  84% (27/32)
2023-09-15T23:23:11.8236561Z Resolving deltas:  87% (28/32)
2023-09-15T23:23:11.8237041Z Resolving deltas:  90% (29/32)
2023-09-15T23:23:11.8237522Z Resolving deltas:  93% (30/32)
2023-09-15T23:23:11.8237906Z Resolving deltas:  96% (31/32)
2023-09-15T23:23:11.8238464Z Resolving deltas: 100% (32/32)
2023-09-15T23:23:11.8238963Z Resolving deltas: 100% (32/32), done.
2023-09-15T23:23:11.8280492Z From https://github.com/adamint/spotify-web-api-kotlin
2023-09-15T23:23:11.8281283Z  * [new ref]         c7baac8a9a643ebf327f10cbb7d5682ab490b741 -> pull/328/merge
2023-09-15T23:23:11.8304019Z ##[endgroup]
2023-09-15T23:23:11.8304742Z ##[group]Determining the checkout info
2023-09-15T23:23:11.8306040Z ##[endgroup]
2023-09-15T23:23:11.8306618Z ##[group]Checking out the ref
2023-09-15T23:23:11.8310893Z [command]/usr/bin/git checkout --progress --force refs/remotes/pull/328/merge
2023-09-15T23:23:11.8519798Z Note: switching to 'refs/remotes/pull/328/merge'.
2023-09-15T23:23:11.8520192Z 
2023-09-15T23:23:11.8520642Z You are in 'detached HEAD' state. You can look around, make experimental
2023-09-15T23:23:11.8521997Z changes and commit them, and you can discard any commits you make in this
2023-09-15T23:23:11.8523070Z state without impacting any branches by switching back to a branch.
2023-09-15T23:23:11.8523554Z 
2023-09-15T23:23:11.8524174Z If you want to create a new branch to retain commits you create, you may
2023-09-15T23:23:11.8524828Z do so (now or later) by using -c with the switch command. Example:
2023-09-15T23:23:11.8525415Z 
2023-09-15T23:23:11.8525745Z   git switch -c <new-branch-name>
2023-09-15T23:23:11.8526286Z 
2023-09-15T23:23:11.8526556Z Or undo this operation with:
2023-09-15T23:23:11.8527081Z 
2023-09-15T23:23:11.8527327Z   git switch -
2023-09-15T23:23:11.8527825Z 
2023-09-15T23:23:11.8528423Z Turn off this advice by setting config variable advice.detachedHead to false
2023-09-15T23:23:11.8529022Z 
2023-09-15T23:23:11.8529423Z HEAD is now at c7baac8 Merge 6359f9f4dedff38a3665a3f8133482c08a53274f into 825224f82d894103a1409ee4ed298f81850e4bb0
2023-09-15T23:23:11.8530627Z ##[endgroup]
2023-09-15T23:23:11.8586270Z [command]/usr/bin/git log -1 --format='%H'
2023-09-15T23:23:11.8631972Z 'c7baac8a9a643ebf327f10cbb7d5682ab490b741'
2023-09-15T23:23:11.8974293Z ##[group]Run actions/setup-java@v2
2023-09-15T23:23:11.8974573Z with:
2023-09-15T23:23:11.8974787Z   distribution: adopt
2023-09-15T23:23:11.8975003Z   java-version: 17
2023-09-15T23:23:11.8975219Z   java-package: jdk
2023-09-15T23:23:11.8975436Z   architecture: x64
2023-09-15T23:23:11.8975654Z   check-latest: false
2023-09-15T23:23:11.8975869Z   server-id: github
2023-09-15T23:23:11.8976086Z   server-username: GITHUB_ACTOR
2023-09-15T23:23:11.8976338Z   server-password: GITHUB_TOKEN
2023-09-15T23:23:11.8976578Z   overwrite-settings: true
2023-09-15T23:23:11.8976824Z   job-status: success
2023-09-15T23:23:11.8977014Z env:
2023-09-15T23:23:11.8977421Z   SPOTIFY_CLIENT_ID: ***
2023-09-15T23:23:11.8977735Z   SPOTIFY_CLIENT_SECRET: ***
2023-09-15T23:23:11.8977950Z ##[endgroup]
2023-09-15T23:23:12.0947954Z Trying to resolve the latest version from remote
2023-09-15T23:23:13.4436566Z Resolved latest version as 17.0.8+101
2023-09-15T23:23:13.4437006Z Trying to download...
2023-09-15T23:23:13.4442888Z Downloading Java 17.0.8+101 (Adopt-Hotspot) from https://github.com/adoptium/temurin17-binaries/releases/download/jdk-17.0.8.1%2B1/OpenJDK17U-jdk_x64_linux_hotspot_17.0.8.1_1.tar.gz ...
2023-09-15T23:23:14.8253512Z Extracting Java archive...
2023-09-15T23:23:14.8405825Z [command]/usr/bin/tar xz --warning=no-unknown-keyword -C /home/runner/work/_temp/dce4c1a0-d599-41dd-9cdf-c993ee3d45f5 -f /home/runner/work/_temp/b6625e9e-1d6b-4f1f-8e1f-8ff649722cdb
2023-09-15T23:23:19.1309504Z Java 17.0.8+101 was downloaded
2023-09-15T23:23:19.1311329Z Setting Java 17.0.8+101 as the default
2023-09-15T23:23:19.1328189Z 
2023-09-15T23:23:19.1328542Z Java configuration:
2023-09-15T23:23:19.1331427Z   Distribution: adopt
2023-09-15T23:23:19.1332039Z   Version: 17.0.8+101
2023-09-15T23:23:19.1332961Z   Path: /opt/hostedtoolcache/Java_Adopt_jdk/17.0.8-101/x64
2023-09-15T23:23:19.1333245Z 
2023-09-15T23:23:19.1357242Z Creating settings.xml with server-id: github
2023-09-15T23:23:19.1449896Z Writing to /home/runner/.m2/settings.xml
2023-09-15T23:23:19.1621553Z ##[group]Run sudo apt-get install -y curl libcurl4-openssl-dev
2023-09-15T23:23:19.1622095Z [36;1msudo apt-get install -y curl libcurl4-openssl-dev[0m
2023-09-15T23:23:19.1687452Z shell: /usr/bin/bash -e {0}
2023-09-15T23:23:19.1687769Z env:
2023-09-15T23:23:19.1688384Z   SPOTIFY_CLIENT_ID: ***
2023-09-15T23:23:19.1688895Z   SPOTIFY_CLIENT_SECRET: ***
2023-09-15T23:23:19.1689291Z   JAVA_HOME: /opt/hostedtoolcache/Java_Adopt_jdk/17.0.8-101/x64
2023-09-15T23:23:19.1689600Z ##[endgroup]
2023-09-15T23:23:20.5865934Z Reading package lists...
2023-09-15T23:23:20.7347023Z Building dependency tree...
2023-09-15T23:23:20.7356679Z Reading state information...
2023-09-15T23:23:20.8669401Z curl is already the newest version (7.81.0-1ubuntu1.13).
2023-09-15T23:23:20.8670149Z Suggested packages:
2023-09-15T23:23:20.8670750Z   libcurl4-doc libidn11-dev libkrb5-dev libldap2-dev librtmp-dev libssh2-1-dev
2023-09-15T23:23:20.8831307Z The following NEW packages will be installed:
2023-09-15T23:23:20.8838854Z   libcurl4-openssl-dev
2023-09-15T23:23:20.9005870Z 0 upgraded, 1 newly installed, 0 to remove and 28 not upgraded.
2023-09-15T23:23:20.9006705Z Need to get 386 kB of archives.
2023-09-15T23:23:20.9007474Z After this operation, 1697 kB of additional disk space will be used.
2023-09-15T23:23:20.9008266Z Get:1 file:/etc/apt/apt-mirrors.txt Mirrorlist [142 B]
2023-09-15T23:23:21.0199286Z Get:2 http://azure.archive.ubuntu.com/ubuntu jammy-updates/main amd64 libcurl4-openssl-dev amd64 7.81.0-1ubuntu1.13 [386 kB]
2023-09-15T23:23:21.3884553Z Fetched 386 kB in 0s (2793 kB/s)
2023-09-15T23:23:21.4196933Z Selecting previously unselected package libcurl4-openssl-dev:amd64.
2023-09-15T23:23:21.4402921Z (Reading database ... 
2023-09-15T23:23:21.4403948Z (Reading database ... 5%
2023-09-15T23:23:21.4404336Z (Reading database ... 10%
2023-09-15T23:23:21.4404810Z (Reading database ... 15%
2023-09-15T23:23:21.4405771Z (Reading database ... 20%
2023-09-15T23:23:21.4406450Z (Reading database ... 25%
2023-09-15T23:23:21.4407165Z (Reading database ... 30%
2023-09-15T23:23:21.4407627Z (Reading database ... 35%
2023-09-15T23:23:21.4408299Z (Reading database ... 40%
2023-09-15T23:23:21.4408708Z (Reading database ... 45%
2023-09-15T23:23:21.4409510Z (Reading database ... 50%
2023-09-15T23:23:21.4714200Z (Reading database ... 55%
2023-09-15T23:23:21.4990848Z (Reading database ... 60%
2023-09-15T23:23:21.5269878Z (Reading database ... 65%
2023-09-15T23:23:21.5710763Z (Reading database ... 70%
2023-09-15T23:23:21.6025183Z (Reading database ... 75%
2023-09-15T23:23:21.6664526Z (Reading database ... 80%
2023-09-15T23:23:21.7367137Z (Reading database ... 85%
2023-09-15T23:23:21.7674324Z (Reading database ... 90%
2023-09-15T23:23:21.8170027Z (Reading database ... 95%
2023-09-15T23:23:21.8170495Z (Reading database ... 100%
2023-09-15T23:23:21.8171215Z (Reading database ... 228594 files and directories currently installed.)
2023-09-15T23:23:21.8234394Z Preparing to unpack .../libcurl4-openssl-dev_7.81.0-1ubuntu1.13_amd64.deb ...
2023-09-15T23:23:21.8277485Z Unpacking libcurl4-openssl-dev:amd64 (7.81.0-1ubuntu1.13) ...
2023-09-15T23:23:21.8935466Z Setting up libcurl4-openssl-dev:amd64 (7.81.0-1ubuntu1.13) ...
2023-09-15T23:23:21.8998171Z Processing triggers for man-db (2.10.2-1) ...
2023-09-15T23:23:22.6483661Z NEEDRESTART-VER: 3.5
2023-09-15T23:23:22.9664717Z NEEDRESTART-KCUR: 6.2.0-1011-azure
2023-09-15T23:23:22.9665708Z NEEDRESTART-KEXP: 6.2.0-1011-azure
2023-09-15T23:23:22.9666359Z NEEDRESTART-KSTA: 1
2023-09-15T23:23:25.5462977Z ##[group]Run ./gradlew testDebugUnitTest
2023-09-15T23:23:25.5463392Z [36;1m./gradlew testDebugUnitTest[0m
2023-09-15T23:23:25.5526264Z shell: /usr/bin/bash -e {0}
2023-09-15T23:23:25.5526558Z env:
2023-09-15T23:23:25.5526982Z   SPOTIFY_CLIENT_ID: ***
2023-09-15T23:23:25.5527483Z   SPOTIFY_CLIENT_SECRET: ***
2023-09-15T23:23:25.5527867Z   JAVA_HOME: /opt/hostedtoolcache/Java_Adopt_jdk/17.0.8-101/x64
2023-09-15T23:23:25.5528214Z ##[endgroup]
2023-09-15T23:23:25.6594282Z Downloading https://services.gradle.org/distributions/gradle-8.3-bin.zip
2023-09-15T23:23:27.5925257Z ............10%............20%.............30%............40%.............50%............60%.............70%............80%.............90%............100%
2023-09-15T23:23:28.9552315Z 
2023-09-15T23:23:28.9554696Z Welcome to Gradle 8.3!
2023-09-15T23:23:28.9555738Z 
2023-09-15T23:23:28.9556261Z Here are the highlights of this release:
2023-09-15T23:23:28.9556918Z  - Faster Java compilation
2023-09-15T23:23:28.9557790Z  - Reduced memory usage
2023-09-15T23:23:28.9558309Z  - Support for running on Java 20
2023-09-15T23:23:28.9558958Z 
2023-09-15T23:23:28.9559607Z For more details see https://docs.gradle.org/8.3/release-notes.html
2023-09-15T23:23:28.9559908Z 
2023-09-15T23:23:29.0546230Z Starting a Gradle Daemon (subsequent builds will be faster)
2023-09-15T23:25:06.8550473Z 
2023-09-15T23:25:06.8569896Z > Configure project :
2023-09-15T23:25:06.8630648Z w: file:///home/runner/work/spotify-web-api-kotlin/spotify-web-api-kotlin/build.gradle.kts:59:9: 'targetSdk: Int?' is deprecated. Will be removed from library DSL in v9.0
2023-09-15T23:25:06.8631592Z w: file:///home/runner/work/spotify-web-api-kotlin/spotify-web-api-kotlin/build.gradle.kts:113:13: 'webpackTask(KotlinWebpack.() -> Unit): Unit' is deprecated. Please use webpackTask(Action)
2023-09-15T23:25:06.8632671Z w: file:///home/runner/work/spotify-web-api-kotlin/spotify-web-api-kotlin/build.gradle.kts:118:13: 'testTask(KotlinJsTest.() -> Unit): Unit' is deprecated. Please use testTask(Action)
2023-09-15T23:25:06.8633471Z w: file:///home/runner/work/spotify-web-api-kotlin/spotify-web-api-kotlin/build.gradle.kts:355:30: 'getter for buildDir: File!' is deprecated. Deprecated in Java
2023-09-15T23:25:09.0545609Z 
2023-09-15T23:25:09.0546092Z Please wait while Kotlin/Native compiler 1.9.10 is being installed.
2023-09-15T23:25:09.6547097Z Download https://download.jetbrains.com/kotlin/native/builds/releases/1.9.10/linux-x86_64/kotlin-native-prebuilt-linux-x86_64-1.9.10.tar.gz (192.68 MB)
2023-09-15T23:25:12.6546750Z Download kotlin-native-prebuilt-linux-x86_64-1.9.10.tar.gz finished, took 2 s 944 ms
2023-09-15T23:25:12.6554250Z Unpack Kotlin/Native compiler to /home/runner/.konan/kotlin-native-prebuilt-linux-x86_64-1.9.10
2023-09-15T23:25:15.6546334Z Unpack Kotlin/Native compiler to /home/runner/.konan/kotlin-native-prebuilt-linux-x86_64-1.9.10 finished, took 3 s 83 ms
2023-09-15T23:25:20.2551984Z 
2023-09-15T23:25:20.2552646Z Some Kotlin/Native targets cannot be built on this linux_x64 machine and are disabled:
2023-09-15T23:25:20.2553332Z     * In project ':':
2023-09-15T23:25:20.2553906Z         * targets 'macosX64', 'iosArm64', 'iosX64' (can be built with one of the hosts: macos_x64, macos_arm64)
2023-09-15T23:25:20.2554559Z To hide this message, add 'kotlin.native.ignoreDisabledTargets=true' to the Gradle properties.
2023-09-15T23:25:20.2554912Z 
2023-09-15T23:25:20.3547050Z 
2023-09-15T23:25:20.3547962Z > Task :preBuild UP-TO-DATE
2023-09-15T23:25:20.3651792Z > Task :preDebugBuild UP-TO-DATE
2023-09-15T23:25:20.4546579Z > Task :generateDebugResValues
2023-09-15T23:25:20.4547239Z > Task :generateDebugResources
2023-09-15T23:25:20.6545645Z > Task :packageDebugResources
2023-09-15T23:25:22.1545660Z > Task :parseDebugLocalResources
2023-09-15T23:25:22.1546321Z > Task :javaPreCompileDebug
2023-09-15T23:25:22.1547555Z > Task :preDebugUnitTestBuild UP-TO-DATE
2023-09-15T23:25:22.1547910Z 
2023-09-15T23:25:22.1548224Z > Task :processDebugManifest
2023-09-15T23:25:22.1550435Z package="com.adamratzman.spotify" found in source AndroidManifest.xml: /home/runner/work/spotify-web-api-kotlin/spotify-web-api-kotlin/src/androidMain/AndroidManifest.xml.
2023-09-15T23:25:22.1551581Z Setting the namespace via the package attribute in the source AndroidManifest.xml is no longer supported, and the value is ignored.
2023-09-15T23:25:22.1552686Z Recommendation: remove package="com.adamratzman.spotify" from the source AndroidManifest.xml: /home/runner/work/spotify-web-api-kotlin/spotify-web-api-kotlin/src/androidMain/AndroidManifest.xml.
2023-09-15T23:25:22.1553270Z 
2023-09-15T23:25:22.1553556Z > Task :javaPreCompileDebugUnitTest
2023-09-15T23:25:22.2545550Z > Task :generateDebugRFile
2023-09-15T23:25:52.2564907Z > Task :compileDebugKotlinAndroid
2023-09-15T23:25:57.9545916Z > Task :generateDebugUnitTestStubRFile
2023-09-15T23:26:35.2546455Z 
2023-09-15T23:26:35.2546821Z > Task :compileDebugKotlinAndroid
2023-09-15T23:26:35.2547953Z w: file:///home/runner/work/spotify-web-api-kotlin/spotify-web-api-kotlin/src/commonMain/kotlin/com.adamratzman.spotify/utils/Utils.kt:20:39 Parameter 'catchInternalServerError' is never used
2023-09-15T23:26:35.3604973Z 
2023-09-15T23:26:35.3667583Z > Task :compileDebugJavaWithJavac NO-SOURCE
2023-09-15T23:26:35.4553327Z > Task :bundleLibCompileToJarDebug
2023-09-15T23:26:35.4553814Z > Task :bundleLibRuntimeToJarDebug
2023-09-15T23:26:38.4545761Z > Task :processDebugJavaRes
2023-09-15T23:26:46.4544912Z 
2023-09-15T23:26:46.4545665Z > Task :compileDebugUnitTestKotlinAndroid
2023-09-15T23:26:46.4546823Z w: file:///home/runner/work/spotify-web-api-kotlin/spotify-web-api-kotlin/src/commonJvmLikeTest/kotlin/com/adamratzman/spotify/CommonImpl.kt:75:38 Type mismatch: inferred type is String? but String was expected
2023-09-15T23:26:46.4551521Z w: file:///home/runner/work/spotify-web-api-kotlin/spotify-web-api-kotlin/src/commonTest/kotlin/com.adamratzman/spotify/priv/ClientPlayerApiTest.kt:196:13 Variable 'trackId' is never used
2023-09-15T23:26:46.4552706Z w: file:///home/runner/work/spotify-web-api-kotlin/spotify-web-api-kotlin/src/commonTest/kotlin/com.adamratzman/spotify/priv/ClientPlaylistApiTest.kt:83:13 Variable 'tracks' is never used
2023-09-15T23:26:46.4553737Z 
2023-09-15T23:26:46.4768023Z > Task :compileDebugUnitTestJavaWithJavac NO-SOURCE
2023-09-15T23:26:46.4768408Z > Task :processDebugUnitTestJavaRes
2023-09-15T23:26:51.2547053Z 
2023-09-15T23:26:51.2552397Z > Task :testDebugUnitTest
2023-09-15T23:26:51.2553106Z 
2023-09-15T23:26:51.2553562Z com.adamratzman.spotify.priv.ClientEpisodeApiTest > testGetEpisode STANDARD_ERROR
2023-09-15T23:26:51.2554265Z     SLF4J: Failed to load class "org.slf4j.impl.StaticLoggerBinder".
2023-09-15T23:26:51.2558603Z     SLF4J: Defaulting to no-operation (NOP) logger implementation
2023-09-15T23:26:51.2559412Z     SLF4J: See http://www.slf4j.org/codes.html#StaticLoggerBinder for further details.
2023-09-15T23:26:52.4549333Z 
2023-09-15T23:26:52.4549900Z com.adamratzman.spotify.priv.ClientEpisodeApiTest > testGetEpisode STANDARD_OUT
2023-09-15T23:26:52.4550624Z     Api is not initialized. buildSpotifyApi returns com.adamratzman.spotify.SpotifyAppApi@506ccb5a
2023-09-15T23:26:52.4551022Z 
2023-09-15T23:26:52.4551451Z com.adamratzman.spotify.priv.ClientEpisodeApiTest > testGetEpisodes STANDARD_OUT
2023-09-15T23:26:52.4552035Z     Api is not initialized. buildSpotifyApi returns com.adamratzman.spotify.SpotifyAppApi@506ccb5a
2023-09-15T23:26:52.5566788Z 
2023-09-15T23:26:52.5610516Z com.adamratzman.spotify.priv.ClientLibraryApiTest > testLibraryShows STANDARD_OUT
2023-09-15T23:26:52.5611273Z     Api is not initialized. buildSpotifyApi returns com.adamratzman.spotify.SpotifyAppApi@506ccb5a
2023-09-15T23:26:52.5611665Z 
2023-09-15T23:26:52.5612088Z com.adamratzman.spotify.priv.ClientLibraryApiTest > testLibraryAlbums STANDARD_OUT
2023-09-15T23:26:52.5612662Z     Api is not initialized. buildSpotifyApi returns com.adamratzman.spotify.SpotifyAppApi@506ccb5a
2023-09-15T23:26:52.5612961Z 
2023-09-15T23:26:52.5613585Z com.adamratzman.spotify.priv.ClientLibraryApiTest > testLibraryTracks STANDARD_OUT
2023-09-15T23:26:52.5614262Z     Api is not initialized. buildSpotifyApi returns com.adamratzman.spotify.SpotifyAppApi@506ccb5a
2023-09-15T23:26:52.5614557Z 
2023-09-15T23:26:52.5614893Z com.adamratzman.spotify.priv.ClientLibraryApiTest > testInvalidInputs STANDARD_OUT
2023-09-15T23:26:52.5615514Z     Api is not initialized. buildSpotifyApi returns com.adamratzman.spotify.SpotifyAppApi@506ccb5a
2023-09-15T23:26:52.5615887Z 
2023-09-15T23:26:52.5616253Z com.adamratzman.spotify.priv.ClientLibraryApiTest > testLibraryEpisodes STANDARD_OUT
2023-09-15T23:26:52.5616882Z     Api is not initialized. buildSpotifyApi returns com.adamratzman.spotify.SpotifyAppApi@506ccb5a
2023-09-15T23:26:52.5630755Z 
2023-09-15T23:26:52.5632341Z com.adamratzman.spotify.priv.ClientPersonalizationApiTest > testGetTopArtists STANDARD_OUT
2023-09-15T23:26:52.5633085Z     Api is not initialized. buildSpotifyApi returns com.adamratzman.spotify.SpotifyAppApi@506ccb5a
2023-09-15T23:26:52.5633511Z 
2023-09-15T23:26:52.5633987Z com.adamratzman.spotify.priv.ClientPersonalizationApiTest > testGetTopTracks STANDARD_OUT
2023-09-15T23:26:52.5636879Z     Api is not initialized. buildSpotifyApi returns com.adamratzman.spotify.SpotifyAppApi@506ccb5a
2023-09-15T23:26:52.6548755Z 
2023-09-15T23:26:52.6584661Z com.adamratzman.spotify.priv.ClientPlaylistApiTest > testRemovePlaylistPlayables STANDARD_OUT
2023-09-15T23:26:52.6585576Z     Api is not initialized. buildSpotifyApi returns com.adamratzman.spotify.SpotifyAppApi@506ccb5a
2023-09-15T23:26:52.6586302Z 
2023-09-15T23:26:52.6588233Z com.adamratzman.spotify.priv.ClientPlaylistApiTest > testGetClientPlaylists STANDARD_OUT
2023-09-15T23:26:52.6588924Z     Api is not initialized. buildSpotifyApi returns com.adamratzman.spotify.SpotifyAppApi@506ccb5a
2023-09-15T23:26:52.6589408Z 
2023-09-15T23:26:52.6746417Z com.adamratzman.spotify.priv.ClientPlaylistApiTest > testAddAndRemoveChunkedTracks STANDARD_OUT
2023-09-15T23:26:52.6747038Z     Api is not initialized. buildSpotifyApi returns com.adamratzman.spotify.SpotifyAppApi@506ccb5a
2023-09-15T23:26:52.6747637Z 
2023-09-15T23:26:52.6747882Z com.adamratzman.spotify.priv.ClientPlaylistApiTest > testEditPlaylists STANDARD_OUT
2023-09-15T23:26:52.6748395Z     Api is not initialized. buildSpotifyApi returns com.adamratzman.spotify.SpotifyAppApi@506ccb5a
2023-09-15T23:26:52.6748667Z 
2023-09-15T23:26:52.6748891Z com.adamratzman.spotify.priv.ClientShowApiTest > testGetShows STANDARD_OUT
2023-09-15T23:26:52.6749367Z     Api is not initialized. buildSpotifyApi returns com.adamratzman.spotify.SpotifyAppApi@506ccb5a
2023-09-15T23:26:52.6749634Z 
2023-09-15T23:26:52.6749853Z com.adamratzman.spotify.priv.ClientShowApiTest > testGetShow STANDARD_OUT
2023-09-15T23:26:52.6750331Z     Api is not initialized. buildSpotifyApi returns com.adamratzman.spotify.SpotifyAppApi@506ccb5a
2023-09-15T23:26:52.6750587Z 
2023-09-15T23:26:52.6750813Z com.adamratzman.spotify.priv.ClientUserApiTest > testClientProfile STANDARD_OUT
2023-09-15T23:26:52.6751308Z     Api is not initialized. buildSpotifyApi returns com.adamratzman.spotify.SpotifyAppApi@506ccb5a
2023-09-15T23:26:52.6751569Z 
2023-09-15T23:26:52.6751772Z com.adamratzman.spotify.priv.ShowApiTest > testGetShows STANDARD_OUT
2023-09-15T23:26:52.6752239Z     Api is not initialized. buildSpotifyApi returns com.adamratzman.spotify.SpotifyAppApi@506ccb5a
2023-09-15T23:26:52.6752501Z 
2023-09-15T23:26:52.6752697Z com.adamratzman.spotify.priv.ShowApiTest > testGetShow STANDARD_OUT
2023-09-15T23:26:52.6753142Z     Api is not initialized. buildSpotifyApi returns com.adamratzman.spotify.SpotifyAppApi@506ccb5a
2023-09-15T23:26:52.6753397Z 
2023-09-15T23:26:52.6753614Z com.adamratzman.spotify.priv.ShowApiTest > testGetShowEpisodes STANDARD_OUT
2023-09-15T23:26:52.6754082Z     Api is not initialized. buildSpotifyApi returns com.adamratzman.spotify.SpotifyAppApi@506ccb5a
2023-09-15T23:27:19.3551384Z 
2023-09-15T23:27:19.3552121Z Deprecated Gradle features were used in this build, making it incompatible with Gradle 9.0.
2023-09-15T23:27:19.3553132Z 
2023-09-15T23:27:19.3553830Z You can use '--warning-mode all' to show the individual deprecation warnings and determine if they come from your own scripts or plugins.
2023-09-15T23:27:19.3554250Z 
2023-09-15T23:27:19.3554656Z For more on this, please refer to https://docs.gradle.org/8.3/userguide/command_line_interface.html#sec:command_line_warnings in the Gradle documentation.
2023-09-15T23:27:19.3555100Z 
2023-09-15T23:27:19.3555294Z BUILD SUCCESSFUL in 3m 53s
2023-09-15T23:27:19.3555642Z 15 actionable tasks: 15 executed
2023-09-15T23:27:19.7502232Z ##[group]Run ./gradlew jvmTest
2023-09-15T23:27:19.7502578Z [36;1m./gradlew jvmTest[0m
2023-09-15T23:27:19.7575669Z shell: /usr/bin/bash -e {0}
2023-09-15T23:27:19.7575939Z env:
2023-09-15T23:27:19.7576306Z   SPOTIFY_CLIENT_ID: ***
2023-09-15T23:27:19.7576599Z   SPOTIFY_CLIENT_SECRET: ***
2023-09-15T23:27:19.7576910Z   JAVA_HOME: /opt/hostedtoolcache/Java_Adopt_jdk/17.0.8-101/x64
2023-09-15T23:27:19.7577197Z ##[endgroup]
2023-09-15T23:27:21.2639872Z 
2023-09-15T23:27:21.2640697Z Some Kotlin/Native targets cannot be built on this linux_x64 machine and are disabled:
2023-09-15T23:27:21.2641776Z     * In project ':':
2023-09-15T23:27:21.2642467Z         * targets 'macosX64', 'iosArm64', 'iosX64' (can be built with one of the hosts: macos_x64, macos_arm64)
2023-09-15T23:27:21.2690694Z To hide this message, add 'kotlin.native.ignoreDisabledTargets=true' to the Gradle properties.
2023-09-15T23:27:21.2690991Z 
2023-09-15T23:27:25.8641636Z > Task :jvmProcessResources NO-SOURCE
2023-09-15T23:27:25.9625625Z > Task :jvmTestProcessResources
2023-09-15T23:27:45.5628335Z 
2023-09-15T23:27:45.5628888Z > Task :compileKotlinJvm
2023-09-15T23:27:45.5653343Z w: file:///home/runner/work/spotify-web-api-kotlin/spotify-web-api-kotlin/src/commonMain/kotlin/com.adamratzman.spotify/utils/Utils.kt:20:39 Parameter 'catchInternalServerError' is never used
2023-09-15T23:27:45.6631386Z 
2023-09-15T23:27:45.6631836Z > Task :jvmMainClasses
2023-09-15T23:27:52.0626399Z 
2023-09-15T23:27:52.0626922Z > Task :compileTestKotlinJvm
2023-09-15T23:27:52.0628348Z w: file:///home/runner/work/spotify-web-api-kotlin/spotify-web-api-kotlin/src/commonTest/kotlin/com.adamratzman/spotify/priv/ClientPlayerApiTest.kt:196:13 Variable 'trackId' is never used
2023-09-15T23:27:52.0629292Z w: file:///home/runner/work/spotify-web-api-kotlin/spotify-web-api-kotlin/src/commonTest/kotlin/com.adamratzman/spotify/priv/ClientPlaylistApiTest.kt:83:13 Variable 'tracks' is never used
2023-09-15T23:27:52.1627908Z 
2023-09-15T23:27:52.1628436Z > Task :jvmTestClasses
2023-09-15T23:27:54.1630927Z 
2023-09-15T23:27:54.1631594Z > Task :jvmTest
2023-09-15T23:27:54.1631845Z 
2023-09-15T23:27:54.1632143Z com.adamratzman.spotify.priv.ClientEpisodeApiTest[jvm] > testGetEpisode[jvm] STANDARD_ERROR
2023-09-15T23:27:54.1632851Z     SLF4J: Failed to load class "org.slf4j.impl.StaticLoggerBinder".
2023-09-15T23:27:54.1633628Z     SLF4J: Defaulting to no-operation (NOP) logger implementation
2023-09-15T23:27:54.1634147Z     SLF4J: See http://www.slf4j.org/codes.html#StaticLoggerBinder for further details.
2023-09-15T23:27:54.3631201Z 
2023-09-15T23:27:54.3651680Z com.adamratzman.spotify.priv.ClientEpisodeApiTest[jvm] > testGetEpisode[jvm] STANDARD_OUT
2023-09-15T23:27:54.3652390Z     Api is not initialized. buildSpotifyApi returns com.adamratzman.spotify.SpotifyAppApi@6664303d
2023-09-15T23:27:54.3652756Z 
2023-09-15T23:27:54.3653448Z com.adamratzman.spotify.priv.ClientEpisodeApiTest[jvm] > testGetEpisodes[jvm] STANDARD_OUT
2023-09-15T23:27:54.3654067Z     Api is not initialized. buildSpotifyApi returns com.adamratzman.spotify.SpotifyAppApi@6664303d
2023-09-15T23:27:54.3654407Z 
2023-09-15T23:27:54.3751748Z com.adamratzman.spotify.priv.ClientLibraryApiTest[jvm] > testLibraryShows[jvm] STANDARD_OUT
2023-09-15T23:27:54.3752343Z     Api is not initialized. buildSpotifyApi returns com.adamratzman.spotify.SpotifyAppApi@6664303d
2023-09-15T23:27:54.3752634Z 
2023-09-15T23:27:54.3752890Z com.adamratzman.spotify.priv.ClientLibraryApiTest[jvm] > testLibraryAlbums[jvm] STANDARD_OUT
2023-09-15T23:27:54.3753436Z     Api is not initialized. buildSpotifyApi returns com.adamratzman.spotify.SpotifyAppApi@6664303d
2023-09-15T23:27:54.3753705Z 
2023-09-15T23:27:54.3753950Z com.adamratzman.spotify.priv.ClientLibraryApiTest[jvm] > testLibraryTracks[jvm] STANDARD_OUT
2023-09-15T23:27:54.3754459Z     Api is not initialized. buildSpotifyApi returns com.adamratzman.spotify.SpotifyAppApi@6664303d
2023-09-15T23:27:54.3754726Z 
2023-09-15T23:27:54.3755320Z com.adamratzman.spotify.priv.ClientLibraryApiTest[jvm] > testInvalidInputs[jvm] STANDARD_OUT
2023-09-15T23:27:54.3755840Z     Api is not initialized. buildSpotifyApi returns com.adamratzman.spotify.SpotifyAppApi@6664303d
2023-09-15T23:27:54.3756089Z 
2023-09-15T23:27:54.3756338Z com.adamratzman.spotify.priv.ClientLibraryApiTest[jvm] > testLibraryEpisodes[jvm] STANDARD_OUT
2023-09-15T23:27:54.3756847Z     Api is not initialized. buildSpotifyApi returns com.adamratzman.spotify.SpotifyAppApi@6664303d
2023-09-15T23:27:54.4635146Z 
2023-09-15T23:27:54.4644723Z com.adamratzman.spotify.priv.ClientPersonalizationApiTest[jvm] > testGetTopArtists[jvm] STANDARD_OUT
2023-09-15T23:27:54.4645644Z     Api is not initialized. buildSpotifyApi returns com.adamratzman.spotify.SpotifyAppApi@6664303d
2023-09-15T23:27:54.4646281Z 
2023-09-15T23:27:54.4646716Z com.adamratzman.spotify.priv.ClientPersonalizationApiTest[jvm] > testGetTopTracks[jvm] STANDARD_OUT
2023-09-15T23:27:54.4647432Z     Api is not initialized. buildSpotifyApi returns com.adamratzman.spotify.SpotifyAppApi@6664303d
2023-09-15T23:27:54.4647810Z 
2023-09-15T23:27:54.4723954Z com.adamratzman.spotify.priv.ClientPlaylistApiTest[jvm] > testRemovePlaylistPlayables[jvm] STANDARD_OUT
2023-09-15T23:27:54.4724552Z     Api is not initialized. buildSpotifyApi returns com.adamratzman.spotify.SpotifyAppApi@6664303d
2023-09-15T23:27:54.4724835Z 
2023-09-15T23:27:54.4725099Z com.adamratzman.spotify.priv.ClientPlaylistApiTest[jvm] > testGetClientPlaylists[jvm] STANDARD_OUT
2023-09-15T23:27:54.4725618Z     Api is not initialized. buildSpotifyApi returns com.adamratzman.spotify.SpotifyAppApi@6664303d
2023-09-15T23:27:54.4726206Z 
2023-09-15T23:27:54.4726469Z com.adamratzman.spotify.priv.ClientPlaylistApiTest[jvm] > testAddAndRemoveChunkedTracks[jvm] STANDARD_OUT
2023-09-15T23:27:54.4727008Z     Api is not initialized. buildSpotifyApi returns com.adamratzman.spotify.SpotifyAppApi@6664303d
2023-09-15T23:27:54.4727269Z 
2023-09-15T23:27:54.4727527Z com.adamratzman.spotify.priv.ClientPlaylistApiTest[jvm] > testEditPlaylists[jvm] STANDARD_OUT
2023-09-15T23:27:54.4728035Z     Api is not initialized. buildSpotifyApi returns com.adamratzman.spotify.SpotifyAppApi@6664303d
2023-09-15T23:27:54.4728299Z 
2023-09-15T23:27:54.4728532Z com.adamratzman.spotify.priv.ClientShowApiTest[jvm] > testGetShows[jvm] STANDARD_OUT
2023-09-15T23:27:54.4729025Z     Api is not initialized. buildSpotifyApi returns com.adamratzman.spotify.SpotifyAppApi@6664303d
2023-09-15T23:27:54.4729293Z 
2023-09-15T23:27:54.4729526Z com.adamratzman.spotify.priv.ClientShowApiTest[jvm] > testGetShow[jvm] STANDARD_OUT
2023-09-15T23:27:54.4730021Z     Api is not initialized. buildSpotifyApi returns com.adamratzman.spotify.SpotifyAppApi@6664303d
2023-09-15T23:27:54.4730279Z 
2023-09-15T23:27:54.4730500Z com.adamratzman.spotify.priv.ClientUserApiTest[jvm] > testClientProfile[jvm] STANDARD_OUT
2023-09-15T23:27:54.4730990Z     Api is not initialized. buildSpotifyApi returns com.adamratzman.spotify.SpotifyAppApi@6664303d
2023-09-15T23:27:54.4731249Z 
2023-09-15T23:27:54.4731469Z com.adamratzman.spotify.priv.ShowApiTest[jvm] > testGetShows[jvm] STANDARD_OUT
2023-09-15T23:27:54.4731935Z     Api is not initialized. buildSpotifyApi returns com.adamratzman.spotify.SpotifyAppApi@6664303d
2023-09-15T23:27:54.4732189Z 
2023-09-15T23:27:54.4732395Z com.adamratzman.spotify.priv.ShowApiTest[jvm] > testGetShow[jvm] STANDARD_OUT
2023-09-15T23:27:54.4732858Z     Api is not initialized. buildSpotifyApi returns com.adamratzman.spotify.SpotifyAppApi@6664303d
2023-09-15T23:27:54.4733115Z 
2023-09-15T23:27:54.4733339Z com.adamratzman.spotify.priv.ShowApiTest[jvm] > testGetShowEpisodes[jvm] STANDARD_OUT
2023-09-15T23:27:54.4733824Z     Api is not initialized. buildSpotifyApi returns com.adamratzman.spotify.SpotifyAppApi@6664303d
2023-09-15T23:28:30.0632813Z 
2023-09-15T23:28:30.0633674Z Deprecated Gradle features were used in this build, making it incompatible with Gradle 9.0.
2023-09-15T23:28:30.0634217Z 
2023-09-15T23:28:30.0635979Z You can use '--warning-mode all' to show the individual deprecation warnings and determine if they come from your own scripts or plugins.
2023-09-15T23:28:30.0695142Z 
2023-09-15T23:28:30.0695673Z For more on this, please refer to https://docs.gradle.org/8.3/userguide/command_line_interface.html#sec:command_line_warnings in the Gradle documentation.
2023-09-15T23:28:30.0696040Z 
2023-09-15T23:28:30.0696158Z BUILD SUCCESSFUL in 1m 10s
2023-09-15T23:28:30.0696429Z 4 actionable tasks: 4 executed
2023-09-15T23:28:30.0844839Z ##[group]Run actions/upload-artifact@v2
2023-09-15T23:28:30.0845090Z with:
2023-09-15T23:28:30.0845332Z   name: code-coverage-report
2023-09-15T23:28:30.0845583Z   path: build/reports
2023-09-15T23:28:30.0845824Z   if-no-files-found: warn
2023-09-15T23:28:30.0846039Z env:
2023-09-15T23:28:30.0846343Z   SPOTIFY_CLIENT_ID: ***
2023-09-15T23:28:30.0846642Z   SPOTIFY_CLIENT_SECRET: ***
2023-09-15T23:28:30.0846952Z   JAVA_HOME: /opt/hostedtoolcache/Java_Adopt_jdk/17.0.8-101/x64
2023-09-15T23:28:30.0847228Z ##[endgroup]
2023-09-15T23:28:30.1819633Z With the provided path, there will be 64 files uploaded
2023-09-15T23:28:30.1820180Z Starting artifact upload
2023-09-15T23:28:30.1820919Z For more detailed logs during the artifact upload process, enable step-debugging: https://docs.github.com/actions/monitoring-and-troubleshooting-workflows/enabling-debug-logging#enabling-step-debug-logging
2023-09-15T23:28:30.1821437Z Artifact name is valid!
2023-09-15T23:28:30.3312089Z Container for artifact "code-coverage-report" successfully created. Starting upload of file(s)
2023-09-15T23:28:35.7723531Z Total size of all the files uploaded is 56116 bytes
2023-09-15T23:28:35.7723952Z File upload process has finished. Finalizing the artifact upload
2023-09-15T23:28:35.9203427Z Artifact has been finalized. All files have been successfully uploaded!
2023-09-15T23:28:35.9203956Z 
2023-09-15T23:28:35.9204316Z The raw size of all the files that were specified for upload is 186564 bytes
2023-09-15T23:28:35.9204867Z The size of all the files that were uploaded is 56116 bytes. This takes into account any gzip compression used to reduce the upload size, time and storage
2023-09-15T23:28:35.9205180Z 
2023-09-15T23:28:35.9205808Z Note: The size of downloaded zips can differ significantly from the reported size. For more information see: https://github.com/actions/upload-artifact#zipped-artifact-downloads 
2023-09-15T23:28:35.9206185Z 
2023-09-15T23:28:35.9206453Z Artifact code-coverage-report has been successfully uploaded!
2023-09-15T23:28:35.9316427Z Post job cleanup.
2023-09-15T23:28:36.1187713Z Post job cleanup.
2023-09-15T23:28:36.2587704Z [command]/usr/bin/git version
2023-09-15T23:28:36.2646017Z git version 2.42.0
2023-09-15T23:28:36.2696064Z Temporarily overriding HOME='/home/runner/work/_temp/9570f037-6acb-4c56-8ed1-3c628cf4926d' before making global git config changes
2023-09-15T23:28:36.2698274Z Adding repository directory to the temporary git global config as a safe directory
2023-09-15T23:28:36.2703656Z [command]/usr/bin/git config --global --add safe.directory /home/runner/work/spotify-web-api-kotlin/spotify-web-api-kotlin
2023-09-15T23:28:36.2748711Z [command]/usr/bin/git config --local --name-only --get-regexp core\.sshCommand
2023-09-15T23:28:36.2789413Z [command]/usr/bin/git submodule foreach --recursive sh -c "git config --local --name-only --get-regexp 'core\.sshCommand' && git config --local --unset-all 'core.sshCommand' || :"
2023-09-15T23:28:36.3054351Z [command]/usr/bin/git config --local --name-only --get-regexp http\.https\:\/\/github\.com\/\.extraheader
2023-09-15T23:28:36.3088816Z http.https://github.com/.extraheader
2023-09-15T23:28:36.3100764Z [command]/usr/bin/git config --local --unset-all http.https://github.com/.extraheader
2023-09-15T23:28:36.3147416Z [command]/usr/bin/git submodule foreach --recursive sh -c "git config --local --name-only --get-regexp 'http\.https\:\/\/github\.com\/\.extraheader' && git config --local --unset-all 'http.https://github.com/.extraheader' || :"
2023-09-15T23:28:36.3688054Z Cleaning up orphan processes
2023-09-15T23:28:36.3962330Z Terminate orphan process: pid (1914) (java)
2023-09-15T23:28:36.3986663Z Terminate orphan process: pid (2211) (java)
