2023-09-15T19:48:55.1020761Z Requested labels: ubuntu-latest
2023-09-15T19:48:55.1021065Z Job defined at: adamint/spotify-web-api-kotlin/.github/workflows/release.yml@refs/heads/main
2023-09-15T19:48:55.1021179Z Waiting for a runner to pick up this job...
2023-09-15T19:48:55.4115107Z Job is waiting for a hosted runner to come online.
2023-09-15T19:48:58.8009982Z Job is about to start running on the hosted runner: GitHub Actions 3 (hosted)
2023-09-15T19:49:01.0509599Z Current runner version: '2.309.0'
2023-09-15T19:49:01.0539992Z ##[group]Operating System
2023-09-15T19:49:01.0541432Z Ubuntu
2023-09-15T19:49:01.0542538Z 22.04.3
2023-09-15T19:49:01.0543620Z LTS
2023-09-15T19:49:01.0544654Z ##[endgroup]
2023-09-15T19:49:01.0545801Z ##[group]Runner Image
2023-09-15T19:49:01.0546914Z Image: ubuntu-22.04
2023-09-15T19:49:01.0548051Z Version: 20230911.1.0
2023-09-15T19:49:01.0549544Z Included Software: https://github.com/actions/runner-images/blob/ubuntu22/20230911.1/images/linux/Ubuntu2204-Readme.md
2023-09-15T19:49:01.0551385Z Image Release: https://github.com/actions/runner-images/releases/tag/ubuntu22%2F20230911.1
2023-09-15T19:49:01.0552821Z ##[endgroup]
2023-09-15T19:49:01.0553929Z ##[group]Runner Image Provisioner
2023-09-15T19:49:01.0555318Z 2.0.299.1
2023-09-15T19:49:01.0556415Z ##[endgroup]
2023-09-15T19:49:01.0558955Z ##[group]GITHUB_TOKEN Permissions
2023-09-15T19:49:01.0561655Z Actions: write
2023-09-15T19:49:01.0562903Z Checks: write
2023-09-15T19:49:01.0564274Z Contents: write
2023-09-15T19:49:01.0565470Z Deployments: write
2023-09-15T19:49:01.0566622Z Discussions: write
2023-09-15T19:49:01.0567739Z Issues: write
2023-09-15T19:49:01.0568881Z Metadata: read
2023-09-15T19:49:01.0570014Z Packages: write
2023-09-15T19:49:01.0571090Z Pages: write
2023-09-15T19:49:01.0572231Z PullRequests: write
2023-09-15T19:49:01.0573356Z RepositoryProjects: write
2023-09-15T19:49:01.0574530Z SecurityEvents: write
2023-09-15T19:49:01.0575674Z Statuses: write
2023-09-15T19:49:01.0576747Z ##[endgroup]
2023-09-15T19:49:01.0581411Z Secret source: Actions
2023-09-15T19:49:01.0703107Z Prepare workflow directory
2023-09-15T19:49:01.1796431Z Prepare all required actions
2023-09-15T19:49:01.1988732Z Getting action download info
2023-09-15T19:49:01.4466948Z Download action repository 'actions/checkout@v2' (SHA:ee0669bd1cc54295c223e0bb666b733df41de1c5)
2023-09-15T19:49:01.7994354Z Download action repository 'actions/setup-java@v2' (SHA:91d3aa4956ec4a53e477c4907347b5e3481be8c9)
2023-09-15T19:49:02.0720157Z Download action repository 'actions/upload-artifact@v2' (SHA:82c141cc518b40d92cc801eee768e7aafc9c2fa2)
2023-09-15T19:49:02.4099914Z Complete job name: release_android_jvm_linux_js
2023-09-15T19:49:02.5139587Z ##[group]Run actions/checkout@v2
2023-09-15T19:49:02.5140399Z with:
2023-09-15T19:49:02.5141119Z   repository: adamint/spotify-web-api-kotlin
2023-09-15T19:49:02.5142155Z   token: ***
2023-09-15T19:49:02.5142842Z   ssh-strict: true
2023-09-15T19:49:02.5143529Z   persist-credentials: true
2023-09-15T19:49:02.5144224Z   clean: true
2023-09-15T19:49:02.5144870Z   fetch-depth: 1
2023-09-15T19:49:02.5145525Z   lfs: false
2023-09-15T19:49:02.5146170Z   submodules: false
2023-09-15T19:49:02.5146848Z   set-safe-directory: true
2023-09-15T19:49:02.5147507Z env:
2023-09-15T19:49:02.5148264Z   SPOTIFY_CLIENT_ID: ***
2023-09-15T19:49:02.5149059Z   SPOTIFY_CLIENT_SECRET: ***
2023-09-15T19:49:02.5151377Z   SPOTIFY_TOKEN_STRING: BQBE3UJZ4OYDXEERyuUoelgvewS28kWRi8CqFLU_JxkKegl2Y89LYTpk9J2Q9jJjCqup322nCLrppbqYFdi6VF5C6NwScQaRcfTqWj6zgmVnK6_3AD3SjnkD38GRB9_tsrcbgHbW8QfhyF-suvja39AjO1B7xmWQnQ9DCn5X18fTScBC6mjqhUQl64OQC5KaCjUlnWvAsuEn6GuLyAdiOj9b0mRvEqLKEvzZJeJYXLY-P3l_rfw0v_OnmUonbO1jI4AqN0Zf3v_Br1bKTa6tqbqjB1gPFsRNuJdgH4AsBh70-K_IZROhSIeV1RA9KA8LDj4
2023-09-15T19:49:02.5153823Z   SPOTIFY_REDIRECT_URI: https://***.com/projects/spotify/callback
2023-09-15T19:49:02.5154965Z   NEXUS_USERNAME: ***
2023-09-15T19:49:02.5155736Z   NEXUS_PASSWORD: ***
2023-09-15T19:49:02.5177070Z   ORG_GRADLE_PROJECT_SIGNING_KEY: ***
2023-09-15T19:49:02.5177923Z   ORG_GRADLE_PROJECT_SIGNING_PASSWORD: ***
2023-09-15T19:49:02.5178742Z   SPOTIFY_API_PUBLISH_VERSION: 4.0.3
2023-09-15T19:49:02.5179485Z ##[endgroup]
2023-09-15T19:49:02.8295166Z Syncing repository: adamint/spotify-web-api-kotlin
2023-09-15T19:49:02.8298200Z ##[group]Getting Git version info
2023-09-15T19:49:02.8299829Z Working directory is '/home/runner/work/spotify-web-api-kotlin/spotify-web-api-kotlin'
2023-09-15T19:49:02.8330181Z [command]/usr/bin/git version
2023-09-15T19:49:02.8469236Z git version 2.42.0
2023-09-15T19:49:02.8515487Z ##[endgroup]
2023-09-15T19:49:02.8534375Z Temporarily overriding HOME='/home/runner/work/_temp/7ae71bb1-74bc-4501-acfc-64262ec1fe4f' before making global git config changes
2023-09-15T19:49:02.8535774Z Adding repository directory to the temporary git global config as a safe directory
2023-09-15T19:49:02.8544737Z [command]/usr/bin/git config --global --add safe.directory /home/runner/work/spotify-web-api-kotlin/spotify-web-api-kotlin
2023-09-15T19:49:02.8596360Z Deleting the contents of '/home/runner/work/spotify-web-api-kotlin/spotify-web-api-kotlin'
2023-09-15T19:49:02.8602290Z ##[group]Initializing the repository
2023-09-15T19:49:02.8606384Z [command]/usr/bin/git init /home/runner/work/spotify-web-api-kotlin/spotify-web-api-kotlin
2023-09-15T19:49:02.8678805Z hint: Using 'master' as the name for the initial branch. This default branch name
2023-09-15T19:49:02.8680261Z hint: is subject to change. To configure the initial branch name to use in all
2023-09-15T19:49:02.8681618Z hint: of your new repositories, which will suppress this warning, call:
2023-09-15T19:49:02.8682697Z hint: 
2023-09-15T19:49:02.8683747Z hint: 	git config --global init.defaultBranch <name>
2023-09-15T19:49:02.8684745Z hint: 
2023-09-15T19:49:02.8686222Z hint: Names commonly chosen instead of 'master' are 'main', 'trunk' and
2023-09-15T19:49:02.8687465Z hint: 'development'. The just-created branch can be renamed via this command:
2023-09-15T19:49:02.8688355Z hint: 
2023-09-15T19:49:02.8689078Z hint: 	git branch -m <name>
2023-09-15T19:49:02.8704276Z Initialized empty Git repository in /home/runner/work/spotify-web-api-kotlin/spotify-web-api-kotlin/.git/
2023-09-15T19:49:02.8717371Z [command]/usr/bin/git remote add origin https://github.com/adamint/spotify-web-api-kotlin
2023-09-15T19:49:02.8765772Z ##[endgroup]
2023-09-15T19:49:02.8766975Z ##[group]Disabling automatic garbage collection
2023-09-15T19:49:02.8774572Z [command]/usr/bin/git config --local gc.auto 0
2023-09-15T19:49:02.8815847Z ##[endgroup]
2023-09-15T19:49:02.8816982Z ##[group]Setting up auth
2023-09-15T19:49:02.8827595Z [command]/usr/bin/git config --local --name-only --get-regexp core\.sshCommand
2023-09-15T19:49:02.8869981Z [command]/usr/bin/git submodule foreach --recursive sh -c "git config --local --name-only --get-regexp 'core\.sshCommand' && git config --local --unset-all 'core.sshCommand' || :"
2023-09-15T19:49:02.9252735Z [command]/usr/bin/git config --local --name-only --get-regexp http\.https\:\/\/github\.com\/\.extraheader
2023-09-15T19:49:02.9292127Z [command]/usr/bin/git submodule foreach --recursive sh -c "git config --local --name-only --get-regexp 'http\.https\:\/\/github\.com\/\.extraheader' && git config --local --unset-all 'http.https://github.com/.extraheader' || :"
2023-09-15T19:49:02.9556739Z [command]/usr/bin/git config --local http.https://github.com/.extraheader AUTHORIZATION: basic ***
2023-09-15T19:49:02.9624092Z ##[endgroup]
2023-09-15T19:49:02.9625729Z ##[group]Fetching the repository
2023-09-15T19:49:02.9633058Z [command]/usr/bin/git -c protocol.version=2 fetch --no-tags --prune --progress --no-recurse-submodules --depth=1 origin +825224f82d894103a1409ee4ed298f81850e4bb0:refs/remotes/origin/main
2023-09-15T19:49:03.2090907Z remote: Enumerating objects: 217, done.        
2023-09-15T19:49:03.2091963Z remote: Counting objects:   0% (1/217)        
2023-09-15T19:49:03.2092862Z remote: Counting objects:   1% (3/217)        
2023-09-15T19:49:03.2093778Z remote: Counting objects:   2% (5/217)        
2023-09-15T19:49:03.2094687Z remote: Counting objects:   3% (7/217)        
2023-09-15T19:49:03.2095806Z remote: Counting objects:   4% (9/217)        
2023-09-15T19:49:03.2099390Z remote: Counting objects:   5% (11/217)        
2023-09-15T19:49:03.2100330Z remote: Counting objects:   6% (14/217)        
2023-09-15T19:49:03.2103156Z remote: Counting objects:   7% (16/217)        
2023-09-15T19:49:03.2104182Z remote: Counting objects:   8% (18/217)        
2023-09-15T19:49:03.2105092Z remote: Counting objects:   9% (20/217)        
2023-09-15T19:49:03.2106349Z remote: Counting objects:  10% (22/217)        
2023-09-15T19:49:03.2107227Z remote: Counting objects:  11% (24/217)        
2023-09-15T19:49:03.2108145Z remote: Counting objects:  12% (27/217)        
2023-09-15T19:49:03.2109043Z remote: Counting objects:  13% (29/217)        
2023-09-15T19:49:03.2109915Z remote: Counting objects:  14% (31/217)        
2023-09-15T19:49:03.2110797Z remote: Counting objects:  15% (33/217)        
2023-09-15T19:49:03.2111684Z remote: Counting objects:  16% (35/217)        
2023-09-15T19:49:03.2112563Z remote: Counting objects:  17% (37/217)        
2023-09-15T19:49:03.2113450Z remote: Counting objects:  18% (40/217)        
2023-09-15T19:49:03.2114324Z remote: Counting objects:  19% (42/217)        
2023-09-15T19:49:03.2115482Z remote: Counting objects:  20% (44/217)        
2023-09-15T19:49:03.2116387Z remote: Counting objects:  21% (46/217)        
2023-09-15T19:49:03.2117270Z remote: Counting objects:  22% (48/217)        
2023-09-15T19:49:03.2118156Z remote: Counting objects:  23% (50/217)        
2023-09-15T19:49:03.2119033Z remote: Counting objects:  24% (53/217)        
2023-09-15T19:49:03.2119932Z remote: Counting objects:  25% (55/217)        
2023-09-15T19:49:03.2120827Z remote: Counting objects:  26% (57/217)        
2023-09-15T19:49:03.2121705Z remote: Counting objects:  27% (59/217)        
2023-09-15T19:49:03.2122585Z remote: Counting objects:  28% (61/217)        
2023-09-15T19:49:03.2123461Z remote: Counting objects:  29% (63/217)        
2023-09-15T19:49:03.2124355Z remote: Counting objects:  30% (66/217)        
2023-09-15T19:49:03.2125246Z remote: Counting objects:  31% (68/217)        
2023-09-15T19:49:03.2126118Z remote: Counting objects:  32% (70/217)        
2023-09-15T19:49:03.2127007Z remote: Counting objects:  33% (72/217)        
2023-09-15T19:49:03.2127882Z remote: Counting objects:  34% (74/217)        
2023-09-15T19:49:03.2128770Z remote: Counting objects:  35% (76/217)        
2023-09-15T19:49:03.2129668Z remote: Counting objects:  36% (79/217)        
2023-09-15T19:49:03.2130535Z remote: Counting objects:  37% (81/217)        
2023-09-15T19:49:03.2131644Z remote: Counting objects:  38% (83/217)        
2023-09-15T19:49:03.2132540Z remote: Counting objects:  39% (85/217)        
2023-09-15T19:49:03.2133445Z remote: Counting objects:  40% (87/217)        
2023-09-15T19:49:03.2134336Z remote: Counting objects:  41% (89/217)        
2023-09-15T19:49:03.2135217Z remote: Counting objects:  42% (92/217)        
2023-09-15T19:49:03.2136426Z remote: Counting objects:  43% (94/217)        
2023-09-15T19:49:03.2140470Z remote: Counting objects:  44% (96/217)        
2023-09-15T19:49:03.2141528Z remote: Counting objects:  45% (98/217)        
2023-09-15T19:49:03.2142636Z remote: Counting objects:  46% (100/217)        
2023-09-15T19:49:03.2145795Z remote: Counting objects:  47% (102/217)        
2023-09-15T19:49:03.2146771Z remote: Counting objects:  48% (105/217)        
2023-09-15T19:49:03.2147675Z remote: Counting objects:  49% (107/217)        
2023-09-15T19:49:03.2148597Z remote: Counting objects:  50% (109/217)        
2023-09-15T19:49:03.2149521Z remote: Counting objects:  51% (111/217)        
2023-09-15T19:49:03.2150402Z remote: Counting objects:  52% (113/217)        
2023-09-15T19:49:03.2151298Z remote: Counting objects:  53% (116/217)        
2023-09-15T19:49:03.2152170Z remote: Counting objects:  54% (118/217)        
2023-09-15T19:49:03.2154968Z remote: Counting objects:  55% (120/217)        
2023-09-15T19:49:03.2155907Z remote: Counting objects:  56% (122/217)        
2023-09-15T19:49:03.2156787Z remote: Counting objects:  57% (124/217)        
2023-09-15T19:49:03.2157959Z remote: Counting objects:  58% (126/217)        
2023-09-15T19:49:03.2159476Z remote: Counting objects:  59% (129/217)        
2023-09-15T19:49:03.2160372Z remote: Counting objects:  60% (131/217)        
2023-09-15T19:49:03.2161261Z remote: Counting objects:  61% (133/217)        
2023-09-15T19:49:03.2162143Z remote: Counting objects:  62% (135/217)        
2023-09-15T19:49:03.2163322Z remote: Counting objects:  63% (137/217)        
2023-09-15T19:49:03.2164247Z remote: Counting objects:  64% (139/217)        
2023-09-15T19:49:03.2165142Z remote: Counting objects:  65% (142/217)        
2023-09-15T19:49:03.2166051Z remote: Counting objects:  66% (144/217)        
2023-09-15T19:49:03.2166946Z remote: Counting objects:  67% (146/217)        
2023-09-15T19:49:03.2167834Z remote: Counting objects:  68% (148/217)        
2023-09-15T19:49:03.2168782Z remote: Counting objects:  69% (150/217)        
2023-09-15T19:49:03.2170248Z remote: Counting objects:  70% (152/217)        
2023-09-15T19:49:03.2171515Z remote: Counting objects:  71% (155/217)        
2023-09-15T19:49:03.2173082Z remote: Counting objects:  72% (157/217)        
2023-09-15T19:49:03.2174554Z remote: Counting objects:  73% (159/217)        
2023-09-15T19:49:03.2175833Z remote: Counting objects:  74% (161/217)        
2023-09-15T19:49:03.2177194Z remote: Counting objects:  75% (163/217)        
2023-09-15T19:49:03.2178480Z remote: Counting objects:  76% (165/217)        
2023-09-15T19:49:03.2179783Z remote: Counting objects:  77% (168/217)        
2023-09-15T19:49:03.2181092Z remote: Counting objects:  78% (170/217)        
2023-09-15T19:49:03.2182430Z remote: Counting objects:  79% (172/217)        
2023-09-15T19:49:03.2183766Z remote: Counting objects:  80% (174/217)        
2023-09-15T19:49:03.2184967Z remote: Counting objects:  81% (176/217)        
2023-09-15T19:49:03.2186319Z remote: Counting objects:  82% (178/217)        
2023-09-15T19:49:03.2216266Z remote: Counting objects:  83% (181/217)        
2023-09-15T19:49:03.2217216Z remote: Counting objects:  84% (183/217)        
2023-09-15T19:49:03.2218038Z remote: Counting objects:  85% (185/217)        
2023-09-15T19:49:03.2218821Z remote: Counting objects:  86% (187/217)        
2023-09-15T19:49:03.2219634Z remote: Counting objects:  87% (189/217)        
2023-09-15T19:49:03.2220441Z remote: Counting objects:  88% (191/217)        
2023-09-15T19:49:03.2221420Z remote: Counting objects:  89% (194/217)        
2023-09-15T19:49:03.2222267Z remote: Counting objects:  90% (196/217)        
2023-09-15T19:49:03.2223315Z remote: Counting objects:  91% (198/217)        
2023-09-15T19:49:03.2224262Z remote: Counting objects:  92% (200/217)        
2023-09-15T19:49:03.2225116Z remote: Counting objects:  93% (202/217)        
2023-09-15T19:49:03.2225904Z remote: Counting objects:  94% (204/217)        
2023-09-15T19:49:03.2226710Z remote: Counting objects:  95% (207/217)        
2023-09-15T19:49:03.2227487Z remote: Counting objects:  96% (209/217)        
2023-09-15T19:49:03.2228496Z remote: Counting objects:  97% (211/217)        
2023-09-15T19:49:03.2229331Z remote: Counting objects:  98% (213/217)        
2023-09-15T19:49:03.2230160Z remote: Counting objects:  99% (215/217)        
2023-09-15T19:49:03.2230973Z remote: Counting objects: 100% (217/217)        
2023-09-15T19:49:03.2231794Z remote: Counting objects: 100% (217/217), done.        
2023-09-15T19:49:03.2232772Z remote: Compressing objects:   0% (1/166)        
2023-09-15T19:49:03.2233718Z remote: Compressing objects:   1% (2/166)        
2023-09-15T19:49:03.2234617Z remote: Compressing objects:   2% (4/166)        
2023-09-15T19:49:03.2235566Z remote: Compressing objects:   3% (5/166)        
2023-09-15T19:49:03.2236381Z remote: Compressing objects:   4% (7/166)        
2023-09-15T19:49:03.2237196Z remote: Compressing objects:   5% (9/166)        
2023-09-15T19:49:03.2238028Z remote: Compressing objects:   6% (10/166)        
2023-09-15T19:49:03.2239044Z remote: Compressing objects:   7% (12/166)        
2023-09-15T19:49:03.2240908Z remote: Compressing objects:   8% (14/166)        
2023-09-15T19:49:03.2241759Z remote: Compressing objects:   9% (15/166)        
2023-09-15T19:49:03.2242577Z remote: Compressing objects:  10% (17/166)        
2023-09-15T19:49:03.2243551Z remote: Compressing objects:  11% (19/166)        
2023-09-15T19:49:03.2244816Z remote: Compressing objects:  12% (20/166)        
2023-09-15T19:49:03.2246090Z remote: Compressing objects:  13% (22/166)        
2023-09-15T19:49:03.2247114Z remote: Compressing objects:  14% (24/166)        
2023-09-15T19:49:03.2247939Z remote: Compressing objects:  15% (25/166)        
2023-09-15T19:49:03.2248906Z remote: Compressing objects:  16% (27/166)        
2023-09-15T19:49:03.2249812Z remote: Compressing objects:  17% (29/166)        
2023-09-15T19:49:03.2250680Z remote: Compressing objects:  18% (30/166)        
2023-09-15T19:49:03.2251505Z remote: Compressing objects:  19% (32/166)        
2023-09-15T19:49:03.2252305Z remote: Compressing objects:  20% (34/166)        
2023-09-15T19:49:03.2253118Z remote: Compressing objects:  21% (35/166)        
2023-09-15T19:49:03.2253922Z remote: Compressing objects:  22% (37/166)        
2023-09-15T19:49:03.2254742Z remote: Compressing objects:  23% (39/166)        
2023-09-15T19:49:03.2255557Z remote: Compressing objects:  24% (40/166)        
2023-09-15T19:49:03.2256351Z remote: Compressing objects:  25% (42/166)        
2023-09-15T19:49:03.2257162Z remote: Compressing objects:  26% (44/166)        
2023-09-15T19:49:03.2257959Z remote: Compressing objects:  27% (45/166)        
2023-09-15T19:49:03.2258785Z remote: Compressing objects:  28% (47/166)        
2023-09-15T19:49:03.2259597Z remote: Compressing objects:  29% (49/166)        
2023-09-15T19:49:03.2260770Z remote: Compressing objects:  30% (50/166)        
2023-09-15T19:49:03.2261996Z remote: Compressing objects:  31% (52/166)        
2023-09-15T19:49:03.2263226Z remote: Compressing objects:  32% (54/166)        
2023-09-15T19:49:03.2265419Z remote: Compressing objects:  33% (55/166)        
2023-09-15T19:49:03.2266268Z remote: Compressing objects:  34% (57/166)        
2023-09-15T19:49:03.2267067Z remote: Compressing objects:  35% (59/166)        
2023-09-15T19:49:03.2267987Z remote: Compressing objects:  36% (60/166)        
2023-09-15T19:49:03.2268815Z remote: Compressing objects:  37% (62/166)        
2023-09-15T19:49:03.2269637Z remote: Compressing objects:  38% (64/166)        
2023-09-15T19:49:03.2301996Z remote: Compressing objects:  39% (65/166)        
2023-09-15T19:49:03.2309549Z remote: Compressing objects:  40% (67/166)        
2023-09-15T19:49:03.2312173Z remote: Compressing objects:  41% (69/166)        
2023-09-15T19:49:03.2315909Z remote: Compressing objects:  42% (70/166)        
2023-09-15T19:49:03.2320951Z remote: Compressing objects:  43% (72/166)        
2023-09-15T19:49:03.2326303Z remote: Compressing objects:  44% (74/166)        
2023-09-15T19:49:03.2327454Z remote: Compressing objects:  45% (75/166)        
2023-09-15T19:49:03.2328398Z remote: Compressing objects:  46% (77/166)        
2023-09-15T19:49:03.2330706Z remote: Compressing objects:  47% (79/166)        
2023-09-15T19:49:03.2342546Z remote: Compressing objects:  48% (80/166)        
2023-09-15T19:49:03.2345393Z remote: Compressing objects:  49% (82/166)        
2023-09-15T19:49:03.2357472Z remote: Compressing objects:  50% (83/166)        
2023-09-15T19:49:03.2363635Z remote: Compressing objects:  51% (85/166)        
2023-09-15T19:49:03.2364721Z remote: Compressing objects:  52% (87/166)        
2023-09-15T19:49:03.2386458Z remote: Compressing objects:  53% (88/166)        
2023-09-15T19:49:03.2393430Z remote: Compressing objects:  54% (90/166)        
2023-09-15T19:49:03.2396359Z remote: Compressing objects:  55% (92/166)        
2023-09-15T19:49:03.2406026Z remote: Compressing objects:  56% (93/166)        
2023-09-15T19:49:03.2418142Z remote: Compressing objects:  57% (95/166)        
2023-09-15T19:49:03.2430105Z remote: Compressing objects:  58% (97/166)        
2023-09-15T19:49:03.2431181Z remote: Compressing objects:  59% (98/166)        
2023-09-15T19:49:03.2437739Z remote: Compressing objects:  60% (100/166)        
2023-09-15T19:49:03.2441763Z remote: Compressing objects:  61% (102/166)        
2023-09-15T19:49:03.2448146Z remote: Compressing objects:  62% (103/166)        
2023-09-15T19:49:03.2464914Z remote: Compressing objects:  63% (105/166)        
2023-09-15T19:49:03.2466240Z remote: Compressing objects:  64% (107/166)        
2023-09-15T19:49:03.2467176Z remote: Compressing objects:  65% (108/166)        
2023-09-15T19:49:03.2468113Z remote: Compressing objects:  66% (110/166)        
2023-09-15T19:49:03.2469026Z remote: Compressing objects:  67% (112/166)        
2023-09-15T19:49:03.2469943Z remote: Compressing objects:  68% (113/166)        
2023-09-15T19:49:03.2470924Z remote: Compressing objects:  69% (115/166)        
2023-09-15T19:49:03.2471818Z remote: Compressing objects:  70% (117/166)        
2023-09-15T19:49:03.2473075Z remote: Compressing objects:  71% (118/166)        
2023-09-15T19:49:03.2474985Z remote: Compressing objects:  72% (120/166)        
2023-09-15T19:49:03.2494584Z remote: Compressing objects:  73% (122/166)        
2023-09-15T19:49:03.2496604Z remote: Compressing objects:  74% (123/166)        
2023-09-15T19:49:03.2497452Z remote: Compressing objects:  75% (125/166)        
2023-09-15T19:49:03.2498295Z remote: Compressing objects:  76% (127/166)        
2023-09-15T19:49:03.2499160Z remote: Compressing objects:  77% (128/166)        
2023-09-15T19:49:03.2499995Z remote: Compressing objects:  78% (130/166)        
2023-09-15T19:49:03.2500832Z remote: Compressing objects:  79% (132/166)        
2023-09-15T19:49:03.2501645Z remote: Compressing objects:  80% (133/166)        
2023-09-15T19:49:03.2502467Z remote: Compressing objects:  81% (135/166)        
2023-09-15T19:49:03.2503303Z remote: Compressing objects:  82% (137/166)        
2023-09-15T19:49:03.2504108Z remote: Compressing objects:  83% (138/166)        
2023-09-15T19:49:03.2504930Z remote: Compressing objects:  84% (140/166)        
2023-09-15T19:49:03.2505729Z remote: Compressing objects:  85% (142/166)        
2023-09-15T19:49:03.2506591Z remote: Compressing objects:  86% (143/166)        
2023-09-15T19:49:03.2507648Z remote: Compressing objects:  87% (145/166)        
2023-09-15T19:49:03.2508460Z remote: Compressing objects:  88% (147/166)        
2023-09-15T19:49:03.2509297Z remote: Compressing objects:  89% (148/166)        
2023-09-15T19:49:03.2510138Z remote: Compressing objects:  90% (150/166)        
2023-09-15T19:49:03.2512390Z remote: Compressing objects:  91% (152/166)        
2023-09-15T19:49:03.2513336Z remote: Compressing objects:  92% (153/166)        
2023-09-15T19:49:03.2514183Z remote: Compressing objects:  93% (155/166)        
2023-09-15T19:49:03.2515170Z remote: Compressing objects:  94% (157/166)        
2023-09-15T19:49:03.2517711Z remote: Compressing objects:  95% (158/166)        
2023-09-15T19:49:03.2518612Z remote: Compressing objects:  96% (160/166)        
2023-09-15T19:49:03.2519420Z remote: Compressing objects:  97% (162/166)        
2023-09-15T19:49:03.2520248Z remote: Compressing objects:  98% (163/166)        
2023-09-15T19:49:03.2521071Z remote: Compressing objects:  99% (165/166)        
2023-09-15T19:49:03.2521875Z remote: Compressing objects: 100% (166/166)        
2023-09-15T19:49:03.2522714Z remote: Compressing objects: 100% (166/166), done.        
2023-09-15T19:49:03.2552376Z Receiving objects:   0% (1/217)
2023-09-15T19:49:03.2553262Z Receiving objects:   1% (3/217)
2023-09-15T19:49:03.2554077Z Receiving objects:   2% (5/217)
2023-09-15T19:49:03.2555026Z Receiving objects:   3% (7/217)
2023-09-15T19:49:03.2555838Z Receiving objects:   4% (9/217)
2023-09-15T19:49:03.2556680Z Receiving objects:   5% (11/217)
2023-09-15T19:49:03.2557496Z Receiving objects:   6% (14/217)
2023-09-15T19:49:03.2558319Z Receiving objects:   7% (16/217)
2023-09-15T19:49:03.2559128Z Receiving objects:   8% (18/217)
2023-09-15T19:49:03.2560915Z Receiving objects:   9% (20/217)
2023-09-15T19:49:03.2636471Z Receiving objects:  10% (22/217)
2023-09-15T19:49:03.2639168Z Receiving objects:  11% (24/217)
2023-09-15T19:49:03.2640615Z Receiving objects:  12% (27/217)
2023-09-15T19:49:03.2641341Z Receiving objects:  13% (29/217)
2023-09-15T19:49:03.2642755Z Receiving objects:  14% (31/217)
2023-09-15T19:49:03.2643492Z Receiving objects:  15% (33/217)
2023-09-15T19:49:03.2645936Z Receiving objects:  16% (35/217)
2023-09-15T19:49:03.2650953Z Receiving objects:  17% (37/217)
2023-09-15T19:49:03.2654295Z Receiving objects:  18% (40/217)
2023-09-15T19:49:03.2655078Z Receiving objects:  19% (42/217)
2023-09-15T19:49:03.2656166Z Receiving objects:  20% (44/217)
2023-09-15T19:49:03.2657305Z Receiving objects:  21% (46/217)
2023-09-15T19:49:03.2658365Z Receiving objects:  22% (48/217)
2023-09-15T19:49:03.2659070Z Receiving objects:  23% (50/217)
2023-09-15T19:49:03.2660466Z Receiving objects:  24% (53/217)
2023-09-15T19:49:03.2661205Z Receiving objects:  25% (55/217)
2023-09-15T19:49:03.2661921Z Receiving objects:  26% (57/217)
2023-09-15T19:49:03.2663589Z Receiving objects:  27% (59/217)
2023-09-15T19:49:03.2664918Z Receiving objects:  28% (61/217)
2023-09-15T19:49:03.2665667Z Receiving objects:  29% (63/217)
2023-09-15T19:49:03.2666385Z Receiving objects:  30% (66/217)
2023-09-15T19:49:03.2667090Z Receiving objects:  31% (68/217)
2023-09-15T19:49:03.2668718Z Receiving objects:  32% (70/217)
2023-09-15T19:49:03.2694917Z Receiving objects:  33% (72/217)
2023-09-15T19:49:03.2695703Z Receiving objects:  34% (74/217)
2023-09-15T19:49:03.2697227Z Receiving objects:  35% (76/217)
2023-09-15T19:49:03.2697935Z Receiving objects:  36% (79/217)
2023-09-15T19:49:03.2700343Z Receiving objects:  37% (81/217)
2023-09-15T19:49:03.2701105Z Receiving objects:  38% (83/217)
2023-09-15T19:49:03.2706124Z Receiving objects:  39% (85/217)
2023-09-15T19:49:03.2710082Z Receiving objects:  40% (87/217)
2023-09-15T19:49:03.2712445Z Receiving objects:  41% (89/217)
2023-09-15T19:49:03.2735687Z Receiving objects:  42% (92/217)
2023-09-15T19:49:03.2736796Z Receiving objects:  43% (94/217)
2023-09-15T19:49:03.2737708Z Receiving objects:  44% (96/217)
2023-09-15T19:49:03.2750390Z Receiving objects:  45% (98/217)
2023-09-15T19:49:03.2751309Z Receiving objects:  46% (100/217)
2023-09-15T19:49:03.2753886Z Receiving objects:  47% (102/217)
2023-09-15T19:49:03.2756640Z Receiving objects:  48% (105/217)
2023-09-15T19:49:03.2758622Z Receiving objects:  49% (107/217)
2023-09-15T19:49:03.2764113Z Receiving objects:  50% (109/217)
2023-09-15T19:49:03.2764918Z Receiving objects:  51% (111/217)
2023-09-15T19:49:03.2767707Z Receiving objects:  52% (113/217)
2023-09-15T19:49:03.2792738Z Receiving objects:  53% (116/217)
2023-09-15T19:49:03.2793680Z Receiving objects:  54% (118/217)
2023-09-15T19:49:03.2812709Z Receiving objects:  55% (120/217)
2023-09-15T19:49:03.2813607Z Receiving objects:  56% (122/217)
2023-09-15T19:49:03.2814417Z Receiving objects:  57% (124/217)
2023-09-15T19:49:03.2815230Z Receiving objects:  58% (126/217)
2023-09-15T19:49:03.2828412Z Receiving objects:  59% (129/217)
2023-09-15T19:49:03.2829299Z Receiving objects:  60% (131/217)
2023-09-15T19:49:03.2830121Z Receiving objects:  61% (133/217)
2023-09-15T19:49:03.2831140Z Receiving objects:  62% (135/217)
2023-09-15T19:49:03.2854379Z Receiving objects:  63% (137/217)
2023-09-15T19:49:03.2869897Z Receiving objects:  64% (139/217)
2023-09-15T19:49:03.2870803Z Receiving objects:  65% (142/217)
2023-09-15T19:49:03.2871656Z Receiving objects:  66% (144/217)
2023-09-15T19:49:03.2872929Z Receiving objects:  67% (146/217)
2023-09-15T19:49:03.2885656Z Receiving objects:  68% (148/217)
2023-09-15T19:49:03.2886626Z Receiving objects:  69% (150/217)
2023-09-15T19:49:03.2888339Z Receiving objects:  70% (152/217)
2023-09-15T19:49:03.2889154Z Receiving objects:  71% (155/217)
2023-09-15T19:49:03.2889965Z Receiving objects:  72% (157/217)
2023-09-15T19:49:03.2890776Z Receiving objects:  73% (159/217)
2023-09-15T19:49:03.2891566Z Receiving objects:  74% (161/217)
2023-09-15T19:49:03.2892370Z Receiving objects:  75% (163/217)
2023-09-15T19:49:03.2893176Z Receiving objects:  76% (165/217)
2023-09-15T19:49:03.2893965Z Receiving objects:  77% (168/217)
2023-09-15T19:49:03.2894783Z Receiving objects:  78% (170/217)
2023-09-15T19:49:03.2895594Z Receiving objects:  79% (172/217)
2023-09-15T19:49:03.2896397Z Receiving objects:  80% (174/217)
2023-09-15T19:49:03.2897213Z Receiving objects:  81% (176/217)
2023-09-15T19:49:03.3059882Z Receiving objects:  82% (178/217)
2023-09-15T19:49:03.3061302Z remote: Total 217 (delta 32), reused 92 (delta 2), pack-reused 0        
2023-09-15T19:49:03.3062363Z Receiving objects:  83% (181/217)
2023-09-15T19:49:03.3063187Z Receiving objects:  84% (183/217)
2023-09-15T19:49:03.3064037Z Receiving objects:  85% (185/217)
2023-09-15T19:49:03.3064859Z Receiving objects:  86% (187/217)
2023-09-15T19:49:03.3065644Z Receiving objects:  87% (189/217)
2023-09-15T19:49:03.3066804Z Receiving objects:  88% (191/217)
2023-09-15T19:49:03.3067617Z Receiving objects:  89% (194/217)
2023-09-15T19:49:03.3068805Z Receiving objects:  90% (196/217)
2023-09-15T19:49:03.3069650Z Receiving objects:  91% (198/217)
2023-09-15T19:49:03.3070712Z Receiving objects:  92% (200/217)
2023-09-15T19:49:03.3071440Z Receiving objects:  93% (202/217)
2023-09-15T19:49:03.3072168Z Receiving objects:  94% (204/217)
2023-09-15T19:49:03.3072888Z Receiving objects:  95% (207/217)
2023-09-15T19:49:03.3073605Z Receiving objects:  96% (209/217)
2023-09-15T19:49:03.3074316Z Receiving objects:  97% (211/217)
2023-09-15T19:49:03.3075176Z Receiving objects:  98% (213/217)
2023-09-15T19:49:03.3076020Z Receiving objects:  99% (215/217)
2023-09-15T19:49:03.3076735Z Receiving objects: 100% (217/217)
2023-09-15T19:49:03.3077599Z Receiving objects: 100% (217/217), 375.63 KiB | 7.22 MiB/s, done.
2023-09-15T19:49:03.3078554Z Resolving deltas:   0% (0/32)
2023-09-15T19:49:03.3079783Z Resolving deltas:   3% (1/32)
2023-09-15T19:49:03.3080610Z Resolving deltas:   6% (2/32)
2023-09-15T19:49:03.3081394Z Resolving deltas:   9% (3/32)
2023-09-15T19:49:03.3082819Z Resolving deltas:  12% (4/32)
2023-09-15T19:49:03.3083628Z Resolving deltas:  15% (5/32)
2023-09-15T19:49:03.3084400Z Resolving deltas:  18% (6/32)
2023-09-15T19:49:03.3085665Z Resolving deltas:  21% (7/32)
2023-09-15T19:49:03.3086468Z Resolving deltas:  25% (8/32)
2023-09-15T19:49:03.3087234Z Resolving deltas:  28% (9/32)
2023-09-15T19:49:03.3088357Z Resolving deltas:  31% (10/32)
2023-09-15T19:49:03.3089191Z Resolving deltas:  34% (11/32)
2023-09-15T19:49:03.3090373Z Resolving deltas:  37% (12/32)
2023-09-15T19:49:03.3091168Z Resolving deltas:  40% (13/32)
2023-09-15T19:49:03.3092292Z Resolving deltas:  43% (14/32)
2023-09-15T19:49:03.3093014Z Resolving deltas:  46% (15/32)
2023-09-15T19:49:03.3093714Z Resolving deltas:  50% (16/32)
2023-09-15T19:49:03.3094382Z Resolving deltas:  53% (17/32)
2023-09-15T19:49:03.3095075Z Resolving deltas:  56% (18/32)
2023-09-15T19:49:03.3095744Z Resolving deltas:  59% (19/32)
2023-09-15T19:49:03.3096572Z Resolving deltas:  62% (20/32)
2023-09-15T19:49:03.3097313Z Resolving deltas:  65% (21/32)
2023-09-15T19:49:03.3100973Z Resolving deltas:  68% (22/32)
2023-09-15T19:49:03.3101708Z Resolving deltas:  71% (23/32)
2023-09-15T19:49:03.3102834Z Resolving deltas:  75% (24/32)
2023-09-15T19:49:03.3112417Z Resolving deltas:  78% (25/32)
2023-09-15T19:49:03.3113241Z Resolving deltas:  81% (26/32)
2023-09-15T19:49:03.3114026Z Resolving deltas:  84% (27/32)
2023-09-15T19:49:03.3115040Z Resolving deltas:  87% (28/32)
2023-09-15T19:49:03.3115857Z Resolving deltas:  90% (29/32)
2023-09-15T19:49:03.3116634Z Resolving deltas:  93% (30/32)
2023-09-15T19:49:03.3117434Z Resolving deltas:  96% (31/32)
2023-09-15T19:49:03.3118454Z Resolving deltas: 100% (32/32)
2023-09-15T19:49:03.3123525Z Resolving deltas: 100% (32/32), done.
2023-09-15T19:49:03.3218373Z From https://github.com/adamint/spotify-web-api-kotlin
2023-09-15T19:49:03.3219661Z  * [new ref]         825224f82d894103a1409ee4ed298f81850e4bb0 -> origin/main
2023-09-15T19:49:03.3265479Z ##[endgroup]
2023-09-15T19:49:03.3267204Z ##[group]Determining the checkout info
2023-09-15T19:49:03.3268850Z ##[endgroup]
2023-09-15T19:49:03.3270125Z ##[group]Checking out the ref
2023-09-15T19:49:03.3271661Z [command]/usr/bin/git checkout --progress --force -B main refs/remotes/origin/main
2023-09-15T19:49:03.3549944Z Switched to a new branch 'main'
2023-09-15T19:49:03.3551489Z branch 'main' set up to track 'origin/main'.
2023-09-15T19:49:03.3560313Z ##[endgroup]
2023-09-15T19:49:03.3617156Z [command]/usr/bin/git log -1 --format='%H'
2023-09-15T19:49:03.3659231Z '825224f82d894103a1409ee4ed298f81850e4bb0'
2023-09-15T19:49:03.4135748Z ##[group]Run actions/setup-java@v2
2023-09-15T19:49:03.4136592Z with:
2023-09-15T19:49:03.4137263Z   distribution: adopt
2023-09-15T19:49:03.4137950Z   java-version: 11
2023-09-15T19:49:03.4138612Z   java-package: jdk
2023-09-15T19:49:03.4139283Z   architecture: x64
2023-09-15T19:49:03.4139952Z   check-latest: false
2023-09-15T19:49:03.4140625Z   server-id: github
2023-09-15T19:49:03.4141319Z   server-username: GITHUB_ACTOR
2023-09-15T19:49:03.4142033Z   server-password: GITHUB_TOKEN
2023-09-15T19:49:03.4142747Z   overwrite-settings: true
2023-09-15T19:49:03.4143430Z   job-status: success
2023-09-15T19:49:03.4144073Z env:
2023-09-15T19:49:03.4144951Z   SPOTIFY_CLIENT_ID: ***
2023-09-15T19:49:03.4145732Z   SPOTIFY_CLIENT_SECRET: ***
2023-09-15T19:49:03.4148108Z   SPOTIFY_TOKEN_STRING: BQBE3UJZ4OYDXEERyuUoelgvewS28kWRi8CqFLU_JxkKegl2Y89LYTpk9J2Q9jJjCqup322nCLrppbqYFdi6VF5C6NwScQaRcfTqWj6zgmVnK6_3AD3SjnkD38GRB9_tsrcbgHbW8QfhyF-suvja39AjO1B7xmWQnQ9DCn5X18fTScBC6mjqhUQl64OQC5KaCjUlnWvAsuEn6GuLyAdiOj9b0mRvEqLKEvzZJeJYXLY-P3l_rfw0v_OnmUonbO1jI4AqN0Zf3v_Br1bKTa6tqbqjB1gPFsRNuJdgH4AsBh70-K_IZROhSIeV1RA9KA8LDj4
2023-09-15T19:49:03.4150556Z   SPOTIFY_REDIRECT_URI: https://***.com/projects/spotify/callback
2023-09-15T19:49:03.4151473Z   NEXUS_USERNAME: ***
2023-09-15T19:49:03.4152204Z   NEXUS_PASSWORD: ***
2023-09-15T19:49:03.4173732Z   ORG_GRADLE_PROJECT_SIGNING_KEY: ***
2023-09-15T19:49:03.4174574Z   ORG_GRADLE_PROJECT_SIGNING_PASSWORD: ***
2023-09-15T19:49:03.4175381Z   SPOTIFY_API_PUBLISH_VERSION: 4.0.3
2023-09-15T19:49:03.4176112Z ##[endgroup]
2023-09-15T19:49:03.6309201Z Trying to resolve the latest version from remote
2023-09-15T19:49:04.2311436Z Resolved latest version as 11.0.20+101
2023-09-15T19:49:04.2359034Z Trying to download...
2023-09-15T19:49:04.2360792Z Downloading Java 11.0.20+101 (Adopt-Hotspot) from https://github.com/adoptium/temurin11-binaries/releases/download/jdk-11.0.20.1%2B1/OpenJDK11U-jdk_x64_linux_hotspot_11.0.20.1_1.tar.gz ...
2023-09-15T19:49:05.3689569Z Extracting Java archive...
2023-09-15T19:49:05.3813658Z [command]/usr/bin/tar xz --warning=no-unknown-keyword -C /home/runner/work/_temp/14eef6e6-ecfd-4396-a960-91b935a71717 -f /home/runner/work/_temp/13ba9bdd-0214-45d1-b1cc-ef7e0659d0c2
2023-09-15T19:49:09.4799193Z Java 11.0.20+101 was downloaded
2023-09-15T19:49:09.4800184Z Setting Java 11.0.20+101 as the default
2023-09-15T19:49:09.4812796Z 
2023-09-15T19:49:09.4813583Z Java configuration:
2023-09-15T19:49:09.4814801Z   Distribution: adopt
2023-09-15T19:49:09.4815500Z   Version: 11.0.20+101
2023-09-15T19:49:09.4816571Z   Path: /opt/hostedtoolcache/Java_Adopt_jdk/11.0.20-101/x64
2023-09-15T19:49:09.4965565Z 
2023-09-15T19:49:09.4995284Z Creating settings.xml with server-id: github
2023-09-15T19:49:09.4996134Z Writing to /home/runner/.m2/settings.xml
2023-09-15T19:49:09.5126678Z ##[group]Run sudo apt-get install -y curl libcurl4-openssl-dev
2023-09-15T19:49:09.5127719Z [36;1msudo apt-get install -y curl libcurl4-openssl-dev[0m
2023-09-15T19:49:09.5203692Z shell: /usr/bin/bash -e {0}
2023-09-15T19:49:09.5204523Z env:
2023-09-15T19:49:09.5206840Z   SPOTIFY_CLIENT_ID: ***
2023-09-15T19:49:09.5207784Z   SPOTIFY_CLIENT_SECRET: ***
2023-09-15T19:49:09.5210901Z   SPOTIFY_TOKEN_STRING: BQBE3UJZ4OYDXEERyuUoelgvewS28kWRi8CqFLU_JxkKegl2Y89LYTpk9J2Q9jJjCqup322nCLrppbqYFdi6VF5C6NwScQaRcfTqWj6zgmVnK6_3AD3SjnkD38GRB9_tsrcbgHbW8QfhyF-suvja39AjO1B7xmWQnQ9DCn5X18fTScBC6mjqhUQl64OQC5KaCjUlnWvAsuEn6GuLyAdiOj9b0mRvEqLKEvzZJeJYXLY-P3l_rfw0v_OnmUonbO1jI4AqN0Zf3v_Br1bKTa6tqbqjB1gPFsRNuJdgH4AsBh70-K_IZROhSIeV1RA9KA8LDj4
2023-09-15T19:49:09.5213449Z   SPOTIFY_REDIRECT_URI: https://***.com/projects/spotify/callback
2023-09-15T19:49:09.5214384Z   NEXUS_USERNAME: ***
2023-09-15T19:49:09.5215120Z   NEXUS_PASSWORD: ***
2023-09-15T19:49:09.5238944Z   ORG_GRADLE_PROJECT_SIGNING_KEY: ***
2023-09-15T19:49:09.5239837Z   ORG_GRADLE_PROJECT_SIGNING_PASSWORD: ***
2023-09-15T19:49:09.5240928Z   SPOTIFY_API_PUBLISH_VERSION: 4.0.3
2023-09-15T19:49:09.5241788Z   JAVA_HOME: /opt/hostedtoolcache/Java_Adopt_jdk/11.0.20-101/x64
2023-09-15T19:49:09.5242658Z ##[endgroup]
2023-09-15T19:49:10.8791970Z Reading package lists...
2023-09-15T19:49:11.1300865Z Building dependency tree...
2023-09-15T19:49:11.1319057Z Reading state information...
2023-09-15T19:49:11.2642777Z curl is already the newest version (7.81.0-1ubuntu1.13).
2023-09-15T19:49:11.2644116Z Suggested packages:
2023-09-15T19:49:11.2646317Z   libcurl4-doc libidn11-dev libkrb5-dev libldap2-dev librtmp-dev libssh2-1-dev
2023-09-15T19:49:11.2836417Z The following NEW packages will be installed:
2023-09-15T19:49:11.2842704Z   libcurl4-openssl-dev
2023-09-15T19:49:11.3032701Z 0 upgraded, 1 newly installed, 0 to remove and 28 not upgraded.
2023-09-15T19:49:11.3033925Z Need to get 386 kB of archives.
2023-09-15T19:49:11.3035475Z After this operation, 1697 kB of additional disk space will be used.
2023-09-15T19:49:11.3036958Z Get:1 file:/etc/apt/apt-mirrors.txt Mirrorlist [142 B]
2023-09-15T19:49:11.3406484Z Get:2 http://azure.archive.ubuntu.com/ubuntu jammy-updates/main amd64 libcurl4-openssl-dev amd64 7.81.0-1ubuntu1.13 [386 kB]
2023-09-15T19:49:11.7116096Z Fetched 386 kB in 0s (6793 kB/s)
2023-09-15T19:49:11.7438377Z Selecting previously unselected package libcurl4-openssl-dev:amd64.
2023-09-15T19:49:11.7632545Z (Reading database ... 
2023-09-15T19:49:11.7633389Z (Reading database ... 5%
2023-09-15T19:49:11.7634198Z (Reading database ... 10%
2023-09-15T19:49:11.7635069Z (Reading database ... 15%
2023-09-15T19:49:11.7644204Z (Reading database ... 20%
2023-09-15T19:49:11.7645365Z (Reading database ... 25%
2023-09-15T19:49:11.7646692Z (Reading database ... 30%
2023-09-15T19:49:11.7647481Z (Reading database ... 35%
2023-09-15T19:49:11.7648255Z (Reading database ... 40%
2023-09-15T19:49:11.7649003Z (Reading database ... 45%
2023-09-15T19:49:11.7649789Z (Reading database ... 50%
2023-09-15T19:49:11.7959069Z (Reading database ... 55%
2023-09-15T19:49:11.8229313Z (Reading database ... 60%
2023-09-15T19:49:11.8464612Z (Reading database ... 65%
2023-09-15T19:49:11.8998885Z (Reading database ... 70%
2023-09-15T19:49:11.9313886Z (Reading database ... 75%
2023-09-15T19:49:12.0019361Z (Reading database ... 80%
2023-09-15T19:49:12.0756929Z (Reading database ... 85%
2023-09-15T19:49:12.1032728Z (Reading database ... 90%
2023-09-15T19:49:12.1567804Z (Reading database ... 95%
2023-09-15T19:49:12.1580327Z (Reading database ... 100%
2023-09-15T19:49:12.1581386Z (Reading database ... 228594 files and directories currently installed.)
2023-09-15T19:49:12.1665047Z Preparing to unpack .../libcurl4-openssl-dev_7.81.0-1ubuntu1.13_amd64.deb ...
2023-09-15T19:49:12.1726168Z Unpacking libcurl4-openssl-dev:amd64 (7.81.0-1ubuntu1.13) ...
2023-09-15T19:49:12.2422239Z Setting up libcurl4-openssl-dev:amd64 (7.81.0-1ubuntu1.13) ...
2023-09-15T19:49:12.2454932Z Processing triggers for man-db (2.10.2-1) ...
2023-09-15T19:49:13.0722803Z NEEDRESTART-VER: 3.5
2023-09-15T19:49:13.3938843Z NEEDRESTART-KCUR: 6.2.0-1011-azure
2023-09-15T19:49:13.3940398Z NEEDRESTART-KEXP: 6.2.0-1011-azure
2023-09-15T19:49:13.3941616Z NEEDRESTART-KSTA: 1
2023-09-15T19:49:15.9821447Z ##[group]Run ./gradlew testDebugUnitTest
2023-09-15T19:49:15.9822316Z [36;1m./gradlew testDebugUnitTest[0m
2023-09-15T19:49:15.9889477Z shell: /usr/bin/bash -e {0}
2023-09-15T19:49:15.9890140Z env:
2023-09-15T19:49:15.9890954Z   SPOTIFY_CLIENT_ID: ***
2023-09-15T19:49:15.9891731Z   SPOTIFY_CLIENT_SECRET: ***
2023-09-15T19:49:15.9893951Z   SPOTIFY_TOKEN_STRING: BQBE3UJZ4OYDXEERyuUoelgvewS28kWRi8CqFLU_JxkKegl2Y89LYTpk9J2Q9jJjCqup322nCLrppbqYFdi6VF5C6NwScQaRcfTqWj6zgmVnK6_3AD3SjnkD38GRB9_tsrcbgHbW8QfhyF-suvja39AjO1B7xmWQnQ9DCn5X18fTScBC6mjqhUQl64OQC5KaCjUlnWvAsuEn6GuLyAdiOj9b0mRvEqLKEvzZJeJYXLY-P3l_rfw0v_OnmUonbO1jI4AqN0Zf3v_Br1bKTa6tqbqjB1gPFsRNuJdgH4AsBh70-K_IZROhSIeV1RA9KA8LDj4
2023-09-15T19:49:15.9896336Z   SPOTIFY_REDIRECT_URI: https://***.com/projects/spotify/callback
2023-09-15T19:49:15.9897800Z   NEXUS_USERNAME: ***
2023-09-15T19:49:15.9898547Z   NEXUS_PASSWORD: ***
2023-09-15T19:49:15.9920475Z   ORG_GRADLE_PROJECT_SIGNING_KEY: ***
2023-09-15T19:49:15.9921395Z   ORG_GRADLE_PROJECT_SIGNING_PASSWORD: ***
2023-09-15T19:49:15.9922191Z   SPOTIFY_API_PUBLISH_VERSION: 4.0.3
2023-09-15T19:49:15.9923032Z   JAVA_HOME: /opt/hostedtoolcache/Java_Adopt_jdk/11.0.20-101/x64
2023-09-15T19:49:15.9923866Z ##[endgroup]
2023-09-15T19:49:16.1374762Z Downloading https://services.gradle.org/distributions/gradle-7.5.1-bin.zip
2023-09-15T19:49:17.6846708Z ...........10%............20%...........30%............40%...........50%............60%...........70%............80%...........90%............100%
2023-09-15T19:49:18.9835871Z 
2023-09-15T19:49:18.9836670Z Welcome to Gradle 7.5.1!
2023-09-15T19:49:18.9837102Z 
2023-09-15T19:49:18.9837490Z Here are the highlights of this release:
2023-09-15T19:49:18.9840075Z  - Support for Java 18
2023-09-15T19:49:18.9841113Z  - Support for building with Groovy 4
2023-09-15T19:49:18.9842175Z  - Much more responsive continuous builds
2023-09-15T19:49:18.9843370Z  - Improved diagnostics for dependency resolution
2023-09-15T19:49:18.9844152Z 
2023-09-15T19:49:18.9845052Z For more details see https://docs.gradle.org/7.5.1/release-notes.html
2023-09-15T19:49:18.9845676Z 
2023-09-15T19:49:19.0763138Z Starting a Gradle Daemon (subsequent builds will be faster)
2023-09-15T19:50:40.4773304Z 
2023-09-15T19:50:40.4877593Z > Configure project :
2023-09-15T19:50:40.4905975Z WARNING:The option setting 'android.disableAutomaticComponentCreation=false' is deprecated.
2023-09-15T19:50:40.4907121Z It will be removed in version 8.0 of the Android Gradle plugin.
2023-09-15T19:50:53.0762043Z 
2023-09-15T19:50:53.0763412Z Please wait while Kotlin/Native compiler 1.9.0 is being installed.
2023-09-15T19:50:53.4763735Z Download https://download.jetbrains.com/kotlin/native/builds/releases/1.9.0/linux-x86_64/kotlin-native-prebuilt-linux-x86_64-1.9.0.tar.gz (192.78 MB)
2023-09-15T19:50:56.1764884Z Download kotlin-native-prebuilt-linux-x86_64-1.9.0.tar.gz finished, took 2 s 640 ms
2023-09-15T19:50:56.1766982Z Unpack Kotlin/Native compiler to /home/runner/.konan/kotlin-native-prebuilt-linux-x86_64-1.9.0
2023-09-15T19:50:59.2763165Z Unpack Kotlin/Native compiler to /home/runner/.konan/kotlin-native-prebuilt-linux-x86_64-1.9.0 finished, took 3 s 154 ms
2023-09-15T19:51:00.0763934Z WARNING:Software Components will not be created automatically for Maven publishing from Android Gradle Plugin 8.0. To opt-in to the future behavior, set the Gradle property android.disableAutomaticComponentCreation=true in the `gradle.properties` file or use the new publishing DSL.
2023-09-15T19:51:02.1767340Z 
2023-09-15T19:51:02.1768595Z Some Kotlin/Native targets cannot be built on this linux_x64 machine and are disabled:
2023-09-15T19:51:02.1769915Z     * In project ':':
2023-09-15T19:51:02.1771123Z         * targets 'macosX64', 'iosArm64', 'iosX64' (can be built with one of the hosts: macos_x64, macos_arm64)
2023-09-15T19:51:02.1772579Z To hide this message, add 'kotlin.native.ignoreDisabledTargets=true' to the Gradle properties.
2023-09-15T19:51:02.1773352Z 
2023-09-15T19:51:02.1773621Z 
2023-09-15T19:51:02.1774585Z > Task :preBuild UP-TO-DATE
2023-09-15T19:51:02.1775496Z > Task :preDebugBuild UP-TO-DATE
2023-09-15T19:51:02.2763221Z > Task :compileDebugAidl NO-SOURCE
2023-09-15T19:51:02.2765168Z > Task :compileDebugRenderscript NO-SOURCE
2023-09-15T19:51:02.3763458Z > Task :generateDebugBuildConfig
2023-09-15T19:51:02.3764523Z > Task :generateDebugResValues
2023-09-15T19:51:02.3765658Z > Task :generateDebugResources
2023-09-15T19:51:02.5763691Z > Task :packageDebugResources
2023-09-15T19:51:04.7782924Z > Task :parseDebugLocalResources
2023-09-15T19:51:04.7784205Z > Task :processDebugJavaRes NO-SOURCE
2023-09-15T19:51:04.7785084Z > Task :javaPreCompileDebug
2023-09-15T19:51:04.7787233Z > Task :preDebugUnitTestBuild UP-TO-DATE
2023-09-15T19:51:04.7788169Z > Task :javaPreCompileDebugUnitTest
2023-09-15T19:51:04.7789151Z > Task :processDebugUnitTestJavaRes NO-SOURCE
2023-09-15T19:51:04.8762462Z > Task :processDebugManifest
2023-09-15T19:51:23.4762258Z > Task :generateDebugRFile
2023-09-15T19:51:39.9762616Z > Task :generateDebugUnitTestStubRFile
2023-09-15T19:51:53.4762509Z > Task :compileDebugKotlinAndroid
2023-09-15T19:52:12.8764871Z w: file:///home/runner/work/spotify-web-api-kotlin/spotify-web-api-kotlin/src/androidMain/kotlin/com/***/spotify/auth/pkce/AbstractSpotifyPkceLoginActivity.kt:56:21 Return type must be specified in explicit API mode
2023-09-15T19:52:12.8767201Z w: file:///home/runner/work/spotify-web-api-kotlin/spotify-web-api-kotlin/src/commonMain/kotlin/com.***.spotify/utils/Utils.kt:20:39 Parameter 'catchInternalServerError' is never used
2023-09-15T19:52:13.0761829Z 
2023-09-15T19:52:13.0838200Z > Task :bundleLibResDebug
2023-09-15T19:52:17.3763040Z > Task :compileDebugJavaWithJavac
2023-09-15T19:52:17.4768382Z > Task :bundleLibRuntimeToJarDebug
2023-09-15T19:52:17.4769745Z > Task :bundleLibCompileToJarDebug
2023-09-15T19:52:26.3763379Z 
2023-09-15T19:52:26.3764366Z > Task :compileDebugUnitTestKotlinAndroid
2023-09-15T19:52:26.3766570Z w: file:///home/runner/work/spotify-web-api-kotlin/spotify-web-api-kotlin/src/commonJvmLikeTest/kotlin/com/***/spotify/CommonImpl.kt:76:38 Type mismatch: inferred type is String? but String was expected
2023-09-15T19:52:26.3768667Z w: file:///home/runner/work/spotify-web-api-kotlin/spotify-web-api-kotlin/src/commonTest/kotlin/com.***/spotify/priv/ClientPlayerApiTest.kt:196:13 Variable 'trackId' is never used
2023-09-15T19:52:26.3770668Z w: file:///home/runner/work/spotify-web-api-kotlin/spotify-web-api-kotlin/src/commonTest/kotlin/com.***/spotify/priv/ClientPlaylistApiTest.kt:83:13 Variable 'tracks' is never used
2023-09-15T19:52:26.4762187Z 
2023-09-15T19:52:26.4763473Z > Task :compileDebugUnitTestJavaWithJavac NO-SOURCE
2023-09-15T19:52:56.4763432Z > Task :testDebugUnitTest
2023-09-15T19:53:02.6762415Z 
2023-09-15T19:53:02.6763918Z com.***.spotify.priv.ClientPlaylistApiTest > testEditPlaylists FAILED
2023-09-15T19:53:02.6765434Z     com.***.spotify.SpotifyException$BadRequestException at Endpoints.kt:208
2023-09-15T19:53:36.9761599Z 
2023-09-15T19:53:36.9762765Z 94 tests completed, 1 failed
2023-09-15T19:53:37.1766298Z 
2023-09-15T19:53:37.1767245Z > Task :testDebugUnitTest FAILED
2023-09-15T19:53:37.1767757Z 
2023-09-15T19:53:37.1768493Z Deprecated Gradle features were used in this build, making it incompatible with Gradle 8.0.
2023-09-15T19:53:37.1769271Z 
2023-09-15T19:53:37.1769680Z 
2023-09-15T19:53:37.1770832Z You can use '--warning-mode all' to show the individual deprecation warnings and determine if they come from your own scripts or plugins.
2023-09-15T19:53:37.1771712Z 
2023-09-15T19:53:37.1780042Z FAILURE: Build failed with an exception.
2023-09-15T19:53:37.1781188Z See https://docs.gradle.org/7.5.1/userguide/command_line_interface.html#sec:command_line_warnings
2023-09-15T19:53:37.1967894Z 
2023-09-15T19:53:37.1968634Z * What went wrong:
2023-09-15T19:53:37.1969778Z Execution failed for task ':testDebugUnitTest'.
2023-09-15T19:53:37.1989768Z > There were failing tests. See the report at: file:///home/runner/work/spotify-web-api-kotlin/spotify-web-api-kotlin/build/reports/tests/testDebugUnitTest/index.html
2023-09-15T19:53:37.1990683Z 
2023-09-15T19:53:37.1990994Z * Try:
2023-09-15T19:53:37.1991860Z > Run with --stacktrace option to get the stack trace.
2023-09-15T19:53:37.1992861Z > Run with --info or --debug option to get more log output.
2023-09-15T19:53:37.1993854Z > Run with --scan to get full insights.
2023-09-15T19:53:37.1994330Z 
2023-09-15T19:53:37.1994898Z * Get more help at https://help.gradle.org
2023-09-15T19:53:37.1995381Z 
2023-09-15T19:53:37.1995726Z BUILD FAILED in 4m 21s
2023-09-15T19:53:37.2768049Z 16 actionable tasks: 16 executed
2023-09-15T19:53:37.7419404Z ##[error]Process completed with exit code 1.
2023-09-15T19:53:37.7518214Z ##[group]Run actions/upload-artifact@v2
2023-09-15T19:53:37.7519053Z with:
2023-09-15T19:53:37.7519789Z   name: code-coverage-report
2023-09-15T19:53:37.7520839Z   path: build/reports
2023-09-15T19:53:37.7521596Z   if-no-files-found: warn
2023-09-15T19:53:37.7522308Z env:
2023-09-15T19:53:37.7523118Z   SPOTIFY_CLIENT_ID: ***
2023-09-15T19:53:37.7523931Z   SPOTIFY_CLIENT_SECRET: ***
2023-09-15T19:53:37.7526651Z   SPOTIFY_TOKEN_STRING: BQBE3UJZ4OYDXEERyuUoelgvewS28kWRi8CqFLU_JxkKegl2Y89LYTpk9J2Q9jJjCqup322nCLrppbqYFdi6VF5C6NwScQaRcfTqWj6zgmVnK6_3AD3SjnkD38GRB9_tsrcbgHbW8QfhyF-suvja39AjO1B7xmWQnQ9DCn5X18fTScBC6mjqhUQl64OQC5KaCjUlnWvAsuEn6GuLyAdiOj9b0mRvEqLKEvzZJeJYXLY-P3l_rfw0v_OnmUonbO1jI4AqN0Zf3v_Br1bKTa6tqbqjB1gPFsRNuJdgH4AsBh70-K_IZROhSIeV1RA9KA8LDj4
2023-09-15T19:53:37.7529405Z   SPOTIFY_REDIRECT_URI: https://***.com/projects/spotify/callback
2023-09-15T19:53:37.7530684Z   NEXUS_USERNAME: ***
2023-09-15T19:53:37.7531793Z   NEXUS_PASSWORD: ***
2023-09-15T19:53:37.7553754Z   ORG_GRADLE_PROJECT_SIGNING_KEY: ***
2023-09-15T19:53:37.7573099Z   ORG_GRADLE_PROJECT_SIGNING_PASSWORD: ***
2023-09-15T19:53:37.7573969Z   SPOTIFY_API_PUBLISH_VERSION: 4.0.3
2023-09-15T19:53:37.7574903Z   JAVA_HOME: /opt/hostedtoolcache/Java_Adopt_jdk/11.0.20-101/x64
2023-09-15T19:53:37.7575819Z ##[endgroup]
2023-09-15T19:53:37.8450619Z With the provided path, there will be 31 files uploaded
2023-09-15T19:53:37.8456938Z Starting artifact upload
2023-09-15T19:53:37.8458639Z For more detailed logs during the artifact upload process, enable step-debugging: https://docs.github.com/actions/monitoring-and-troubleshooting-workflows/enabling-debug-logging#enabling-step-debug-logging
2023-09-15T19:53:37.8462094Z Artifact name is valid!
2023-09-15T19:53:37.9144633Z Container for artifact "code-coverage-report" successfully created. Starting upload of file(s)
2023-09-15T19:53:39.1664896Z Total size of all the files uploaded is 26699 bytes
2023-09-15T19:53:39.1666409Z File upload process has finished. Finalizing the artifact upload
2023-09-15T19:53:39.1878822Z Artifact has been finalized. All files have been successfully uploaded!
2023-09-15T19:53:39.1880023Z 
2023-09-15T19:53:39.1880782Z The raw size of all the files that were specified for upload is 87173 bytes
2023-09-15T19:53:39.1882817Z The size of all the files that were uploaded is 26699 bytes. This takes into account any gzip compression used to reduce the upload size, time and storage
2023-09-15T19:53:39.1883924Z 
2023-09-15T19:53:39.1885552Z Note: The size of downloaded zips can differ significantly from the reported size. For more information see: https://github.com/actions/upload-artifact#zipped-artifact-downloads 
2023-09-15T19:53:39.1886779Z 
2023-09-15T19:53:39.1887863Z Artifact code-coverage-report has been successfully uploaded!
2023-09-15T19:53:39.2001286Z Post job cleanup.
2023-09-15T19:53:39.3756743Z Post job cleanup.
2023-09-15T19:53:39.5203037Z [command]/usr/bin/git version
2023-09-15T19:53:39.5269977Z git version 2.42.0
2023-09-15T19:53:39.5320637Z Temporarily overriding HOME='/home/runner/work/_temp/72ea9b1a-1271-4af0-a721-f52ee98dd1fe' before making global git config changes
2023-09-15T19:53:39.5322147Z Adding repository directory to the temporary git global config as a safe directory
2023-09-15T19:53:39.5327462Z [command]/usr/bin/git config --global --add safe.directory /home/runner/work/spotify-web-api-kotlin/spotify-web-api-kotlin
2023-09-15T19:53:39.5375573Z [command]/usr/bin/git config --local --name-only --get-regexp core\.sshCommand
2023-09-15T19:53:39.5418039Z [command]/usr/bin/git submodule foreach --recursive sh -c "git config --local --name-only --get-regexp 'core\.sshCommand' && git config --local --unset-all 'core.sshCommand' || :"
2023-09-15T19:53:39.5709683Z [command]/usr/bin/git config --local --name-only --get-regexp http\.https\:\/\/github\.com\/\.extraheader
2023-09-15T19:53:39.5745624Z http.https://github.com/.extraheader
2023-09-15T19:53:39.5759128Z [command]/usr/bin/git config --local --unset-all http.https://github.com/.extraheader
2023-09-15T19:53:39.5807099Z [command]/usr/bin/git submodule foreach --recursive sh -c "git config --local --name-only --get-regexp 'http\.https\:\/\/github\.com\/\.extraheader' && git config --local --unset-all 'http.https://github.com/.extraheader' || :"
2023-09-15T19:53:39.6377085Z Cleaning up orphan processes
2023-09-15T19:53:39.6760466Z Terminate orphan process: pid (1932) (java)
2023-09-15T19:53:39.6840549Z Terminate orphan process: pid (2055) (java)
