2023-11-11T07:55:49.3771558Z Requested labels: ubuntu-latest
2023-11-11T07:55:49.3771976Z Job defined at: basdijkstra/rest-assured-net/.github/workflows/ci.yml@refs/heads/main
2023-11-11T07:55:49.3772114Z Waiting for a runner to pick up this job...
2023-11-11T07:55:49.8243185Z Job is waiting for a hosted runner to come online.
2023-11-11T07:55:53.8621830Z Job is about to start running on the hosted runner: GitHub Actions 3 (hosted)
2023-11-11T07:55:56.3899263Z Current runner version: '2.311.0'
2023-11-11T07:55:56.3922878Z ##[group]Operating System
2023-11-11T07:55:56.3923501Z Ubuntu
2023-11-11T07:55:56.3923845Z 22.04.3
2023-11-11T07:55:56.3924304Z LTS
2023-11-11T07:55:56.3924606Z ##[endgroup]
2023-11-11T07:55:56.3924981Z ##[group]Runner Image
2023-11-11T07:55:56.3925508Z Image: ubuntu-22.04
2023-11-11T07:55:56.3925875Z Version: 20231030.2.0
2023-11-11T07:55:56.3926855Z Included Software: https://github.com/actions/runner-images/blob/ubuntu22/20231030.2/images/linux/Ubuntu2204-Readme.md
2023-11-11T07:55:56.3928374Z Image Release: https://github.com/actions/runner-images/releases/tag/ubuntu22%2F20231030.2
2023-11-11T07:55:56.3929203Z ##[endgroup]
2023-11-11T07:55:56.3929619Z ##[group]Runner Image Provisioner
2023-11-11T07:55:56.3930177Z 2.0.312.1
2023-11-11T07:55:56.3930483Z ##[endgroup]
2023-11-11T07:55:56.3932685Z ##[group]GITHUB_TOKEN Permissions
2023-11-11T07:55:56.3934318Z Actions: write
2023-11-11T07:55:56.3934742Z Checks: write
2023-11-11T07:55:56.3935397Z Contents: write
2023-11-11T07:55:56.3935869Z Deployments: write
2023-11-11T07:55:56.3936355Z Discussions: write
2023-11-11T07:55:56.3936705Z Issues: write
2023-11-11T07:55:56.3937082Z Metadata: read
2023-11-11T07:55:56.3937539Z Packages: write
2023-11-11T07:55:56.3937892Z Pages: write
2023-11-11T07:55:56.3938281Z PullRequests: write
2023-11-11T07:55:56.3938769Z RepositoryProjects: write
2023-11-11T07:55:56.3939203Z SecurityEvents: write
2023-11-11T07:55:56.3939614Z Statuses: write
2023-11-11T07:55:56.3940068Z ##[endgroup]
2023-11-11T07:55:56.3943064Z Secret source: Actions
2023-11-11T07:55:56.3943669Z Prepare workflow directory
2023-11-11T07:55:56.4565881Z Prepare all required actions
2023-11-11T07:55:56.4721814Z Getting action download info
2023-11-11T07:55:56.6576542Z Download action repository 'actions/checkout@v3' (SHA:f43a0e5ff2bd294095638e18286ca9a3d1956744)
2023-11-11T07:55:56.7908061Z Download action repository 'actions/setup-dotnet@v3' (SHA:3447fd6a9f9e57506b15f895c5b76d3b197dc7c2)
2023-11-11T07:55:57.8197374Z Complete job name: build (6.0.x)
2023-11-11T07:55:57.9030927Z ##[group]Run actions/checkout@v3
2023-11-11T07:55:57.9031697Z with:
2023-11-11T07:55:57.9032137Z   repository: basdijkstra/rest-assured-net
2023-11-11T07:55:57.9032960Z   token: ***
2023-11-11T07:55:57.9033493Z   ssh-strict: true
2023-11-11T07:55:57.9033915Z   persist-credentials: true
2023-11-11T07:55:57.9034405Z   clean: true
2023-11-11T07:55:57.9034938Z   sparse-checkout-cone-mode: true
2023-11-11T07:55:57.9035440Z   fetch-depth: 1
2023-11-11T07:55:57.9035848Z   fetch-tags: false
2023-11-11T07:55:57.9036347Z   lfs: false
2023-11-11T07:55:57.9036703Z   submodules: false
2023-11-11T07:55:57.9037171Z   set-safe-directory: true
2023-11-11T07:55:57.9037741Z ##[endgroup]
2023-11-11T07:55:58.1088027Z Syncing repository: basdijkstra/rest-assured-net
2023-11-11T07:55:58.1090355Z ##[group]Getting Git version info
2023-11-11T07:55:58.1091513Z Working directory is '/home/runner/work/rest-assured-net/rest-assured-net'
2023-11-11T07:55:58.1092814Z [command]/usr/bin/git version
2023-11-11T07:55:58.1112195Z git version 2.42.0
2023-11-11T07:55:58.1136588Z ##[endgroup]
2023-11-11T07:55:58.1156171Z Temporarily overriding HOME='/home/runner/work/_temp/a2e1451b-0f15-47d0-8c7b-42c060e566d7' before making global git config changes
2023-11-11T07:55:58.1159153Z Adding repository directory to the temporary git global config as a safe directory
2023-11-11T07:55:58.1161934Z [command]/usr/bin/git config --global --add safe.directory /home/runner/work/rest-assured-net/rest-assured-net
2023-11-11T07:55:58.1206403Z Deleting the contents of '/home/runner/work/rest-assured-net/rest-assured-net'
2023-11-11T07:55:58.1210490Z ##[group]Initializing the repository
2023-11-11T07:55:58.1214918Z [command]/usr/bin/git init /home/runner/work/rest-assured-net/rest-assured-net
2023-11-11T07:55:58.1300012Z hint: Using 'master' as the name for the initial branch. This default branch name
2023-11-11T07:55:58.1301426Z hint: is subject to change. To configure the initial branch name to use in all
2023-11-11T07:55:58.1302976Z hint: of your new repositories, which will suppress this warning, call:
2023-11-11T07:55:58.1303842Z hint: 
2023-11-11T07:55:58.1304550Z hint: 	git config --global init.defaultBranch <name>
2023-11-11T07:55:58.1305280Z hint: 
2023-11-11T07:55:58.1306029Z hint: Names commonly chosen instead of 'master' are 'main', 'trunk' and
2023-11-11T07:55:58.1307587Z hint: 'development'. The just-created branch can be renamed via this command:
2023-11-11T07:55:58.1308627Z hint: 
2023-11-11T07:55:58.1309537Z hint: 	git branch -m <name>
2023-11-11T07:55:58.1311352Z Initialized empty Git repository in /home/runner/work/rest-assured-net/rest-assured-net/.git/
2023-11-11T07:55:58.1320514Z [command]/usr/bin/git remote add origin https://github.com/basdijkstra/rest-assured-net
2023-11-11T07:55:58.1365116Z ##[endgroup]
2023-11-11T07:55:58.1366462Z ##[group]Disabling automatic garbage collection
2023-11-11T07:55:58.1368603Z [command]/usr/bin/git config --local gc.auto 0
2023-11-11T07:55:58.1405631Z ##[endgroup]
2023-11-11T07:55:58.1407059Z ##[group]Setting up auth
2023-11-11T07:55:58.1412270Z [command]/usr/bin/git config --local --name-only --get-regexp core\.sshCommand
2023-11-11T07:55:58.1451024Z [command]/usr/bin/git submodule foreach --recursive sh -c "git config --local --name-only --get-regexp 'core\.sshCommand' && git config --local --unset-all 'core.sshCommand' || :"
2023-11-11T07:55:58.1808861Z [command]/usr/bin/git config --local --name-only --get-regexp http\.https\:\/\/github\.com\/\.extraheader
2023-11-11T07:55:58.1845000Z [command]/usr/bin/git submodule foreach --recursive sh -c "git config --local --name-only --get-regexp 'http\.https\:\/\/github\.com\/\.extraheader' && git config --local --unset-all 'http.https://github.com/.extraheader' || :"
2023-11-11T07:55:58.2084318Z [command]/usr/bin/git config --local http.https://github.com/.extraheader AUTHORIZATION: basic ***
2023-11-11T07:55:58.2124959Z ##[endgroup]
2023-11-11T07:55:58.2125916Z ##[group]Fetching the repository
2023-11-11T07:55:58.2133959Z [command]/usr/bin/git -c protocol.version=2 fetch --no-tags --prune --progress --no-recurse-submodules --depth=1 origin +ccc543523c488412d39ee9c96ee2ad5962839e69:refs/remotes/origin/main
2023-11-11T07:55:58.6361998Z remote: Enumerating objects: 103, done.        
2023-11-11T07:55:58.6364203Z remote: Counting objects:   0% (1/103)        
2023-11-11T07:55:58.6366132Z remote: Counting objects:   1% (2/103)        
2023-11-11T07:55:58.6369346Z remote: Counting objects:   2% (3/103)        
2023-11-11T07:55:58.6370776Z remote: Counting objects:   3% (4/103)        
2023-11-11T07:55:58.6371646Z remote: Counting objects:   4% (5/103)        
2023-11-11T07:55:58.6372324Z remote: Counting objects:   5% (6/103)        
2023-11-11T07:55:58.6372938Z remote: Counting objects:   6% (7/103)        
2023-11-11T07:55:58.6373666Z remote: Counting objects:   7% (8/103)        
2023-11-11T07:55:58.6374315Z remote: Counting objects:   8% (9/103)        
2023-11-11T07:55:58.6374975Z remote: Counting objects:   9% (10/103)        
2023-11-11T07:55:58.6375762Z remote: Counting objects:  10% (11/103)        
2023-11-11T07:55:58.6376430Z remote: Counting objects:  11% (12/103)        
2023-11-11T07:55:58.6377062Z remote: Counting objects:  12% (13/103)        
2023-11-11T07:55:58.6377780Z remote: Counting objects:  13% (14/103)        
2023-11-11T07:55:58.6378441Z remote: Counting objects:  14% (15/103)        
2023-11-11T07:55:58.6379078Z remote: Counting objects:  15% (16/103)        
2023-11-11T07:55:58.6379821Z remote: Counting objects:  16% (17/103)        
2023-11-11T07:55:58.6380475Z remote: Counting objects:  17% (18/103)        
2023-11-11T07:55:58.6381106Z remote: Counting objects:  18% (19/103)        
2023-11-11T07:55:58.6381823Z remote: Counting objects:  19% (20/103)        
2023-11-11T07:55:58.6382486Z remote: Counting objects:  20% (21/103)        
2023-11-11T07:55:58.6383088Z remote: Counting objects:  21% (22/103)        
2023-11-11T07:55:58.6383796Z remote: Counting objects:  22% (23/103)        
2023-11-11T07:55:58.6384706Z remote: Counting objects:  23% (24/103)        
2023-11-11T07:55:58.6385314Z remote: Counting objects:  24% (25/103)        
2023-11-11T07:55:58.6386036Z remote: Counting objects:  25% (26/103)        
2023-11-11T07:55:58.6386692Z remote: Counting objects:  26% (27/103)        
2023-11-11T07:55:58.6387776Z remote: Counting objects:  27% (28/103)        
2023-11-11T07:55:58.6388504Z remote: Counting objects:  28% (29/103)        
2023-11-11T07:55:58.6389173Z remote: Counting objects:  29% (30/103)        
2023-11-11T07:55:58.6389824Z remote: Counting objects:  30% (31/103)        
2023-11-11T07:55:58.6390521Z remote: Counting objects:  31% (32/103)        
2023-11-11T07:55:58.6391175Z remote: Counting objects:  32% (33/103)        
2023-11-11T07:55:58.6391867Z remote: Counting objects:  33% (34/103)        
2023-11-11T07:55:58.6392624Z remote: Counting objects:  34% (36/103)        
2023-11-11T07:55:58.6393248Z remote: Counting objects:  35% (37/103)        
2023-11-11T07:55:58.6393911Z remote: Counting objects:  36% (38/103)        
2023-11-11T07:55:58.6394660Z remote: Counting objects:  37% (39/103)        
2023-11-11T07:55:58.6395278Z remote: Counting objects:  38% (40/103)        
2023-11-11T07:55:58.6395949Z remote: Counting objects:  39% (41/103)        
2023-11-11T07:55:58.6396683Z remote: Counting objects:  40% (42/103)        
2023-11-11T07:55:58.6397295Z remote: Counting objects:  41% (43/103)        
2023-11-11T07:55:58.6397960Z remote: Counting objects:  42% (44/103)        
2023-11-11T07:55:58.6398676Z remote: Counting objects:  43% (45/103)        
2023-11-11T07:55:58.6399285Z remote: Counting objects:  44% (46/103)        
2023-11-11T07:55:58.6399948Z remote: Counting objects:  45% (47/103)        
2023-11-11T07:55:58.6400660Z remote: Counting objects:  46% (48/103)        
2023-11-11T07:55:58.6401266Z remote: Counting objects:  47% (49/103)        
2023-11-11T07:55:58.6401921Z remote: Counting objects:  48% (50/103)        
2023-11-11T07:55:58.6402624Z remote: Counting objects:  49% (51/103)        
2023-11-11T07:55:58.6403440Z remote: Counting objects:  50% (52/103)        
2023-11-11T07:55:58.6404114Z remote: Counting objects:  51% (53/103)        
2023-11-11T07:55:58.6404829Z remote: Counting objects:  52% (54/103)        
2023-11-11T07:55:58.6405449Z remote: Counting objects:  53% (55/103)        
2023-11-11T07:55:58.6406086Z remote: Counting objects:  54% (56/103)        
2023-11-11T07:55:58.6406791Z remote: Counting objects:  55% (57/103)        
2023-11-11T07:55:58.6407444Z remote: Counting objects:  56% (58/103)        
2023-11-11T07:55:58.6408042Z remote: Counting objects:  57% (59/103)        
2023-11-11T07:55:58.6408754Z remote: Counting objects:  58% (60/103)        
2023-11-11T07:55:58.6409411Z remote: Counting objects:  59% (61/103)        
2023-11-11T07:55:58.6410008Z remote: Counting objects:  60% (62/103)        
2023-11-11T07:55:58.6410713Z remote: Counting objects:  61% (63/103)        
2023-11-11T07:55:58.6411385Z remote: Counting objects:  62% (64/103)        
2023-11-11T07:55:58.6411997Z remote: Counting objects:  63% (65/103)        
2023-11-11T07:55:58.6412812Z remote: Counting objects:  64% (66/103)        
2023-11-11T07:55:58.6413448Z remote: Counting objects:  65% (67/103)        
2023-11-11T07:55:58.6414079Z remote: Counting objects:  66% (68/103)        
2023-11-11T07:55:58.6414767Z remote: Counting objects:  67% (70/103)        
2023-11-11T07:55:58.6415406Z remote: Counting objects:  68% (71/103)        
2023-11-11T07:55:58.6416039Z remote: Counting objects:  69% (72/103)        
2023-11-11T07:55:58.6416719Z remote: Counting objects:  70% (73/103)        
2023-11-11T07:55:58.6417358Z remote: Counting objects:  71% (74/103)        
2023-11-11T07:55:58.6417992Z remote: Counting objects:  72% (75/103)        
2023-11-11T07:55:58.6418700Z remote: Counting objects:  73% (76/103)        
2023-11-11T07:55:58.6419341Z remote: Counting objects:  74% (77/103)        
2023-11-11T07:55:58.6420003Z remote: Counting objects:  75% (78/103)        
2023-11-11T07:55:58.6420852Z remote: Counting objects:  76% (79/103)        
2023-11-11T07:55:58.6421490Z remote: Counting objects:  77% (80/103)        
2023-11-11T07:55:58.6422144Z remote: Counting objects:  78% (81/103)        
2023-11-11T07:55:58.6422809Z remote: Counting objects:  79% (82/103)        
2023-11-11T07:55:58.6423444Z remote: Counting objects:  80% (83/103)        
2023-11-11T07:55:58.6424094Z remote: Counting objects:  81% (84/103)        
2023-11-11T07:55:58.6424797Z remote: Counting objects:  82% (85/103)        
2023-11-11T07:55:58.6425400Z remote: Counting objects:  83% (86/103)        
2023-11-11T07:55:58.6426046Z remote: Counting objects:  84% (87/103)        
2023-11-11T07:55:58.6426912Z remote: Counting objects:  85% (88/103)        
2023-11-11T07:55:58.6427553Z remote: Counting objects:  86% (89/103)        
2023-11-11T07:55:58.6428199Z remote: Counting objects:  87% (90/103)        
2023-11-11T07:55:58.6428923Z remote: Counting objects:  88% (91/103)        
2023-11-11T07:55:58.6429545Z remote: Counting objects:  89% (92/103)        
2023-11-11T07:55:58.6430195Z remote: Counting objects:  90% (93/103)        
2023-11-11T07:55:58.6430902Z remote: Counting objects:  91% (94/103)        
2023-11-11T07:55:58.6431524Z remote: Counting objects:  92% (95/103)        
2023-11-11T07:55:58.6432162Z remote: Counting objects:  93% (96/103)        
2023-11-11T07:55:58.6432865Z remote: Counting objects:  94% (97/103)        
2023-11-11T07:55:58.6433489Z remote: Counting objects:  95% (98/103)        
2023-11-11T07:55:58.6434182Z remote: Counting objects:  96% (99/103)        
2023-11-11T07:55:58.6434912Z remote: Counting objects:  97% (100/103)        
2023-11-11T07:55:58.6435541Z remote: Counting objects:  98% (101/103)        
2023-11-11T07:55:58.6436204Z remote: Counting objects:  99% (102/103)        
2023-11-11T07:55:58.6436958Z remote: Counting objects: 100% (103/103)        
2023-11-11T07:55:58.6437629Z remote: Counting objects: 100% (103/103), done.        
2023-11-11T07:55:58.6438367Z remote: Compressing objects:   1% (1/95)        
2023-11-11T07:55:58.6439300Z remote: Compressing objects:   2% (2/95)        
2023-11-11T07:55:58.6630303Z remote: Compressing objects:   3% (3/95)        
2023-11-11T07:55:58.6632094Z remote: Compressing objects:   4% (4/95)        
2023-11-11T07:55:58.6633169Z remote: Compressing objects:   5% (5/95)        
2023-11-11T07:55:58.6634109Z remote: Compressing objects:   6% (6/95)        
2023-11-11T07:55:58.6635087Z remote: Compressing objects:   7% (7/95)        
2023-11-11T07:55:58.6636060Z remote: Compressing objects:   8% (8/95)        
2023-11-11T07:55:58.6636997Z remote: Compressing objects:   9% (9/95)        
2023-11-11T07:55:58.6637972Z remote: Compressing objects:  10% (10/95)        
2023-11-11T07:55:58.6638980Z remote: Compressing objects:  11% (11/95)        
2023-11-11T07:55:58.6639934Z remote: Compressing objects:  12% (12/95)        
2023-11-11T07:55:58.6641415Z remote: Compressing objects:  13% (13/95)        
2023-11-11T07:55:58.6642805Z remote: Compressing objects:  14% (14/95)        
2023-11-11T07:55:58.6644730Z remote: Compressing objects:  15% (15/95)        
2023-11-11T07:55:58.6646310Z remote: Compressing objects:  16% (16/95)        
2023-11-11T07:55:58.6647824Z remote: Compressing objects:  17% (17/95)        
2023-11-11T07:55:58.6649460Z remote: Compressing objects:  18% (18/95)        
2023-11-11T07:55:58.6650628Z remote: Compressing objects:  20% (19/95)        
2023-11-11T07:55:58.6651964Z remote: Compressing objects:  21% (20/95)        
2023-11-11T07:55:58.6653472Z remote: Compressing objects:  22% (21/95)        
2023-11-11T07:55:58.6654805Z remote: Compressing objects:  23% (22/95)        
2023-11-11T07:55:58.6656174Z remote: Compressing objects:  24% (23/95)        
2023-11-11T07:55:58.6657733Z remote: Compressing objects:  25% (24/95)        
2023-11-11T07:55:58.6659019Z remote: Compressing objects:  26% (25/95)        
2023-11-11T07:55:58.6660357Z remote: Compressing objects:  27% (26/95)        
2023-11-11T07:55:58.6661795Z remote: Compressing objects:  28% (27/95)        
2023-11-11T07:55:58.6663414Z remote: Compressing objects:  29% (28/95)        
2023-11-11T07:55:58.6664775Z remote: Compressing objects:  30% (29/95)        
2023-11-11T07:55:58.6666235Z remote: Compressing objects:  31% (30/95)        
2023-11-11T07:55:58.6667719Z remote: Compressing objects:  32% (31/95)        
2023-11-11T07:55:58.6668996Z remote: Compressing objects:  33% (32/95)        
2023-11-11T07:55:58.6670489Z remote: Compressing objects:  34% (33/95)        
2023-11-11T07:55:58.6671877Z remote: Compressing objects:  35% (34/95)        
2023-11-11T07:55:58.6673322Z remote: Compressing objects:  36% (35/95)        
2023-11-11T07:55:58.6674540Z remote: Compressing objects:  37% (36/95)        
2023-11-11T07:55:58.6675916Z remote: Compressing objects:  38% (37/95)        
2023-11-11T07:55:58.6677170Z remote: Compressing objects:  40% (38/95)        
2023-11-11T07:55:58.6678428Z remote: Compressing objects:  41% (39/95)        
2023-11-11T07:55:58.6679902Z remote: Compressing objects:  42% (40/95)        
2023-11-11T07:55:58.6681133Z remote: Compressing objects:  43% (41/95)        
2023-11-11T07:55:58.6682571Z remote: Compressing objects:  44% (42/95)        
2023-11-11T07:55:58.6683909Z remote: Compressing objects:  45% (43/95)        
2023-11-11T07:55:58.6685179Z remote: Compressing objects:  46% (44/95)        
2023-11-11T07:55:58.6686702Z remote: Compressing objects:  47% (45/95)        
2023-11-11T07:55:58.6783456Z remote: Compressing objects:  48% (46/95)        
2023-11-11T07:55:58.6785112Z remote: Compressing objects:  49% (47/95)        
2023-11-11T07:55:58.6786424Z remote: Compressing objects:  50% (48/95)        
2023-11-11T07:55:58.6788050Z remote: Compressing objects:  51% (49/95)        
2023-11-11T07:55:58.6788987Z remote: Compressing objects:  52% (50/95)        
2023-11-11T07:55:58.6789912Z remote: Compressing objects:  53% (51/95)        
2023-11-11T07:55:58.6790767Z remote: Compressing objects:  54% (52/95)        
2023-11-11T07:55:58.6791486Z remote: Compressing objects:  55% (53/95)        
2023-11-11T07:55:58.6792440Z remote: Compressing objects:  56% (54/95)        
2023-11-11T07:55:58.6793226Z remote: Compressing objects:  57% (55/95)        
2023-11-11T07:55:58.6793974Z remote: Compressing objects:  58% (56/95)        
2023-11-11T07:55:58.6794672Z remote: Compressing objects:  60% (57/95)        
2023-11-11T07:55:58.6795403Z remote: Compressing objects:  61% (58/95)        
2023-11-11T07:55:58.6796128Z remote: Compressing objects:  62% (59/95)        
2023-11-11T07:55:58.6796853Z remote: Compressing objects:  63% (60/95)        
2023-11-11T07:55:58.6797587Z remote: Compressing objects:  64% (61/95)        
2023-11-11T07:55:58.6798314Z remote: Compressing objects:  65% (62/95)        
2023-11-11T07:55:58.6799027Z remote: Compressing objects:  66% (63/95)        
2023-11-11T07:55:58.6799758Z remote: Compressing objects:  67% (64/95)        
2023-11-11T07:55:58.6800482Z remote: Compressing objects:  68% (65/95)        
2023-11-11T07:55:58.6801194Z remote: Compressing objects:  69% (66/95)        
2023-11-11T07:55:58.6801922Z remote: Compressing objects:  70% (67/95)        
2023-11-11T07:55:58.6802625Z remote: Compressing objects:  71% (68/95)        
2023-11-11T07:55:58.6803314Z remote: Compressing objects:  72% (69/95)        
2023-11-11T07:55:58.6804123Z remote: Compressing objects:  73% (70/95)        
2023-11-11T07:55:58.6805116Z remote: Compressing objects:  74% (71/95)        
2023-11-11T07:55:58.6805843Z remote: Compressing objects:  75% (72/95)        
2023-11-11T07:55:58.6806638Z remote: Compressing objects:  76% (73/95)        
2023-11-11T07:55:58.6807292Z remote: Compressing objects:  77% (74/95)        
2023-11-11T07:55:58.6808218Z remote: Compressing objects:  78% (75/95)        
2023-11-11T07:55:58.6809093Z remote: Compressing objects:  80% (76/95)        
2023-11-11T07:55:58.6809757Z remote: Compressing objects:  81% (77/95)        
2023-11-11T07:55:58.6810450Z remote: Compressing objects:  82% (78/95)        
2023-11-11T07:55:58.6811209Z remote: Compressing objects:  83% (79/95)        
2023-11-11T07:55:58.6812092Z remote: Compressing objects:  84% (80/95)        
2023-11-11T07:55:58.6812809Z remote: Compressing objects:  85% (81/95)        
2023-11-11T07:55:58.6813564Z remote: Compressing objects:  86% (82/95)        
2023-11-11T07:55:58.6814220Z remote: Compressing objects:  87% (83/95)        
2023-11-11T07:55:58.6814987Z remote: Compressing objects:  88% (84/95)        
2023-11-11T07:55:58.6815749Z remote: Compressing objects:  89% (85/95)        
2023-11-11T07:55:58.6816387Z remote: Compressing objects:  90% (86/95)        
2023-11-11T07:55:58.6817087Z remote: Compressing objects:  91% (87/95)        
2023-11-11T07:55:58.6817827Z remote: Compressing objects:  92% (88/95)        
2023-11-11T07:55:58.6818465Z remote: Compressing objects:  93% (89/95)        
2023-11-11T07:55:58.6819149Z remote: Compressing objects:  94% (90/95)        
2023-11-11T07:55:58.6819912Z remote: Compressing objects:  95% (91/95)        
2023-11-11T07:55:58.6820608Z remote: Compressing objects:  96% (92/95)        
2023-11-11T07:55:58.6821300Z remote: Compressing objects:  97% (93/95)        
2023-11-11T07:55:58.6822058Z remote: Compressing objects:  98% (94/95)        
2023-11-11T07:55:58.6822778Z remote: Compressing objects: 100% (95/95)        
2023-11-11T07:55:58.6823503Z remote: Compressing objects: 100% (95/95), done.        
2023-11-11T07:55:58.6951835Z Receiving objects:   0% (1/103)
2023-11-11T07:55:58.6953010Z Receiving objects:   1% (2/103)
2023-11-11T07:55:58.6954230Z Receiving objects:   2% (3/103)
2023-11-11T07:55:58.6955222Z Receiving objects:   3% (4/103)
2023-11-11T07:55:58.6956218Z Receiving objects:   4% (5/103)
2023-11-11T07:55:58.6957403Z Receiving objects:   5% (6/103)
2023-11-11T07:55:58.6958509Z Receiving objects:   6% (7/103)
2023-11-11T07:55:58.6959525Z Receiving objects:   7% (8/103)
2023-11-11T07:55:58.6960809Z Receiving objects:   8% (9/103)
2023-11-11T07:55:58.6961859Z Receiving objects:   9% (10/103)
2023-11-11T07:55:58.6962490Z Receiving objects:  10% (11/103)
2023-11-11T07:55:58.6963406Z Receiving objects:  11% (12/103)
2023-11-11T07:55:58.6964043Z Receiving objects:  12% (13/103)
2023-11-11T07:55:58.6964647Z Receiving objects:  13% (14/103)
2023-11-11T07:55:58.6965343Z Receiving objects:  14% (15/103)
2023-11-11T07:55:58.6965972Z Receiving objects:  15% (16/103)
2023-11-11T07:55:58.7189396Z Receiving objects:  16% (17/103)
2023-11-11T07:55:58.7191397Z Receiving objects:  17% (18/103)
2023-11-11T07:55:58.7192727Z Receiving objects:  18% (19/103)
2023-11-11T07:55:58.7195935Z Receiving objects:  19% (20/103)
2023-11-11T07:55:58.7197261Z Receiving objects:  20% (21/103)
2023-11-11T07:55:58.7198610Z Receiving objects:  21% (22/103)
2023-11-11T07:55:58.7202684Z Receiving objects:  22% (23/103)
2023-11-11T07:55:58.7203339Z Receiving objects:  23% (24/103)
2023-11-11T07:55:58.7344688Z Receiving objects:  24% (25/103)
2023-11-11T07:55:58.7347389Z Receiving objects:  25% (26/103)
2023-11-11T07:55:58.7351343Z Receiving objects:  26% (27/103)
2023-11-11T07:55:58.7352775Z Receiving objects:  27% (28/103)
2023-11-11T07:55:58.7353856Z Receiving objects:  28% (29/103)
2023-11-11T07:55:58.7354723Z Receiving objects:  29% (30/103)
2023-11-11T07:55:58.7355420Z Receiving objects:  30% (31/103)
2023-11-11T07:55:58.7356134Z Receiving objects:  31% (32/103)
2023-11-11T07:55:58.7356943Z Receiving objects:  32% (33/103)
2023-11-11T07:55:58.7368993Z Receiving objects:  33% (34/103)
2023-11-11T07:55:58.7370173Z Receiving objects:  34% (36/103)
2023-11-11T07:55:58.7371488Z Receiving objects:  35% (37/103)
2023-11-11T07:55:58.7372233Z Receiving objects:  36% (38/103)
2023-11-11T07:55:58.7372902Z Receiving objects:  37% (39/103)
2023-11-11T07:55:58.7373647Z Receiving objects:  38% (40/103)
2023-11-11T07:55:58.7374292Z Receiving objects:  39% (41/103)
2023-11-11T07:55:58.7374905Z Receiving objects:  40% (42/103)
2023-11-11T07:55:58.7375641Z Receiving objects:  41% (43/103)
2023-11-11T07:55:58.7487863Z Receiving objects:  42% (44/103)
2023-11-11T07:55:58.7489406Z Receiving objects:  43% (45/103)
2023-11-11T07:55:58.7491099Z Receiving objects:  44% (46/103)
2023-11-11T07:55:58.7492502Z Receiving objects:  45% (47/103)
2023-11-11T07:55:58.7493955Z Receiving objects:  46% (48/103)
2023-11-11T07:55:58.7495266Z Receiving objects:  47% (49/103)
2023-11-11T07:55:58.7496632Z Receiving objects:  48% (50/103)
2023-11-11T07:55:58.7498018Z Receiving objects:  49% (51/103)
2023-11-11T07:55:58.7499285Z Receiving objects:  50% (52/103)
2023-11-11T07:55:58.7500517Z Receiving objects:  51% (53/103)
2023-11-11T07:55:58.7502033Z Receiving objects:  52% (54/103)
2023-11-11T07:55:58.7502943Z Receiving objects:  53% (55/103)
2023-11-11T07:55:58.7503488Z Receiving objects:  54% (56/103)
2023-11-11T07:55:58.7504141Z Receiving objects:  55% (57/103)
2023-11-11T07:55:58.7504649Z Receiving objects:  56% (58/103)
2023-11-11T07:55:58.7505183Z Receiving objects:  57% (59/103)
2023-11-11T07:55:58.7505776Z Receiving objects:  58% (60/103)
2023-11-11T07:55:58.7506267Z Receiving objects:  59% (61/103)
2023-11-11T07:55:58.7507044Z Receiving objects:  60% (62/103)
2023-11-11T07:55:58.7507704Z Receiving objects:  61% (63/103)
2023-11-11T07:55:58.7508202Z Receiving objects:  62% (64/103)
2023-11-11T07:55:58.7508735Z Receiving objects:  63% (65/103)
2023-11-11T07:55:58.7509323Z Receiving objects:  64% (66/103)
2023-11-11T07:55:58.7509804Z Receiving objects:  65% (67/103)
2023-11-11T07:55:58.7510375Z Receiving objects:  66% (68/103)
2023-11-11T07:55:58.7510949Z Receiving objects:  67% (70/103)
2023-11-11T07:55:58.7511432Z Receiving objects:  68% (71/103)
2023-11-11T07:55:58.7511957Z Receiving objects:  69% (72/103)
2023-11-11T07:55:58.7512530Z Receiving objects:  70% (73/103)
2023-11-11T07:55:58.7513026Z Receiving objects:  71% (74/103)
2023-11-11T07:55:58.7513549Z Receiving objects:  72% (75/103)
2023-11-11T07:55:58.7514130Z Receiving objects:  73% (76/103)
2023-11-11T07:55:58.7752100Z Receiving objects:  74% (77/103)
2023-11-11T07:55:58.7756018Z remote: Total 103 (delta 54), reused 24 (delta 7), pack-reused 0        
2023-11-11T07:55:58.7758695Z Receiving objects:  75% (78/103)
2023-11-11T07:55:58.7759821Z Receiving objects:  76% (79/103)
2023-11-11T07:55:58.7760914Z Receiving objects:  77% (80/103)
2023-11-11T07:55:58.7762093Z Receiving objects:  78% (81/103)
2023-11-11T07:55:58.7763130Z Receiving objects:  79% (82/103)
2023-11-11T07:55:58.7763950Z Receiving objects:  80% (83/103)
2023-11-11T07:55:58.7764857Z Receiving objects:  81% (84/103)
2023-11-11T07:55:58.7765652Z Receiving objects:  82% (85/103)
2023-11-11T07:55:58.7766463Z Receiving objects:  83% (86/103)
2023-11-11T07:55:58.7767374Z Receiving objects:  84% (87/103)
2023-11-11T07:55:58.7768190Z Receiving objects:  85% (88/103)
2023-11-11T07:55:58.7769011Z Receiving objects:  86% (89/103)
2023-11-11T07:55:58.7769939Z Receiving objects:  87% (90/103)
2023-11-11T07:55:58.7770746Z Receiving objects:  88% (91/103)
2023-11-11T07:55:58.7771516Z Receiving objects:  89% (92/103)
2023-11-11T07:55:58.7772449Z Receiving objects:  90% (93/103)
2023-11-11T07:55:58.7773305Z Receiving objects:  91% (94/103)
2023-11-11T07:55:58.7774092Z Receiving objects:  92% (95/103)
2023-11-11T07:55:58.7775059Z Receiving objects:  93% (96/103)
2023-11-11T07:55:58.7775885Z Receiving objects:  94% (97/103)
2023-11-11T07:55:58.7776646Z Receiving objects:  95% (98/103)
2023-11-11T07:55:58.7777563Z Receiving objects:  96% (99/103)
2023-11-11T07:55:58.7778390Z Receiving objects:  97% (100/103)
2023-11-11T07:55:58.7779189Z Receiving objects:  98% (101/103)
2023-11-11T07:55:58.7780124Z Receiving objects:  99% (102/103)
2023-11-11T07:55:58.7780948Z Receiving objects: 100% (103/103)
2023-11-11T07:55:58.7782009Z Receiving objects: 100% (103/103), 84.79 KiB | 1.03 MiB/s, done.
2023-11-11T07:55:58.7783291Z Resolving deltas:   0% (0/54)
2023-11-11T07:55:58.7784132Z Resolving deltas:   1% (1/54)
2023-11-11T07:55:58.7784896Z Resolving deltas:   3% (2/54)
2023-11-11T07:55:58.7785791Z Resolving deltas:   5% (3/54)
2023-11-11T07:55:58.7786579Z Resolving deltas:   7% (4/54)
2023-11-11T07:55:58.7787573Z Resolving deltas:   9% (5/54)
2023-11-11T07:55:58.7788736Z Resolving deltas:  11% (6/54)
2023-11-11T07:55:58.7789560Z Resolving deltas:  12% (7/54)
2023-11-11T07:55:58.7790304Z Resolving deltas:  14% (8/54)
2023-11-11T07:55:58.7791178Z Resolving deltas:  16% (9/54)
2023-11-11T07:55:58.7791983Z Resolving deltas:  18% (10/54)
2023-11-11T07:55:58.7792731Z Resolving deltas:  20% (11/54)
2023-11-11T07:55:58.7793667Z Resolving deltas:  22% (12/54)
2023-11-11T07:55:58.7794480Z Resolving deltas:  24% (13/54)
2023-11-11T07:55:58.7795225Z Resolving deltas:  25% (14/54)
2023-11-11T07:55:58.7796107Z Resolving deltas:  27% (15/54)
2023-11-11T07:55:58.7796916Z Resolving deltas:  29% (16/54)
2023-11-11T07:55:58.7797654Z Resolving deltas:  31% (17/54)
2023-11-11T07:55:58.7798525Z Resolving deltas:  33% (18/54)
2023-11-11T07:55:58.7799334Z Resolving deltas:  35% (19/54)
2023-11-11T07:55:58.7800075Z Resolving deltas:  37% (20/54)
2023-11-11T07:55:58.7800959Z Resolving deltas:  38% (21/54)
2023-11-11T07:55:58.7801768Z Resolving deltas:  40% (22/54)
2023-11-11T07:55:58.7803111Z Resolving deltas:  42% (23/54)
2023-11-11T07:55:58.7804672Z Resolving deltas:  44% (24/54)
2023-11-11T07:55:58.7806034Z Resolving deltas:  46% (25/54)
2023-11-11T07:55:58.7807431Z Resolving deltas:  48% (26/54)
2023-11-11T07:55:58.7808943Z Resolving deltas:  50% (27/54)
2023-11-11T07:55:58.7810303Z Resolving deltas:  51% (28/54)
2023-11-11T07:55:58.7811608Z Resolving deltas:  53% (29/54)
2023-11-11T07:55:58.7813194Z Resolving deltas:  55% (30/54)
2023-11-11T07:55:58.7814881Z Resolving deltas:  57% (31/54)
2023-11-11T07:55:58.7816677Z Resolving deltas:  59% (32/54)
2023-11-11T07:55:58.7818262Z Resolving deltas:  61% (33/54)
2023-11-11T07:55:58.7819645Z Resolving deltas:  62% (34/54)
2023-11-11T07:55:58.7821165Z Resolving deltas:  64% (35/54)
2023-11-11T07:55:58.7823474Z Resolving deltas:  66% (36/54)
2023-11-11T07:55:58.7824939Z Resolving deltas:  68% (37/54)
2023-11-11T07:55:58.7826169Z Resolving deltas:  70% (38/54)
2023-11-11T07:55:58.7827643Z Resolving deltas:  72% (39/54)
2023-11-11T07:55:58.7829095Z Resolving deltas:  74% (40/54)
2023-11-11T07:55:58.7830094Z Resolving deltas:  75% (41/54)
2023-11-11T07:55:58.7831327Z Resolving deltas:  77% (42/54)
2023-11-11T07:55:58.7832620Z Resolving deltas:  79% (43/54)
2023-11-11T07:55:58.7836136Z Resolving deltas:  81% (44/54)
2023-11-11T07:55:58.7838354Z Resolving deltas:  83% (45/54)
2023-11-11T07:55:58.7839786Z Resolving deltas:  85% (46/54)
2023-11-11T07:55:58.7841041Z Resolving deltas:  87% (47/54)
2023-11-11T07:55:58.7842237Z Resolving deltas:  88% (48/54)
2023-11-11T07:55:58.7843530Z Resolving deltas:  90% (49/54)
2023-11-11T07:55:58.7845083Z Resolving deltas:  92% (50/54)
2023-11-11T07:55:58.7846226Z Resolving deltas:  94% (51/54)
2023-11-11T07:55:58.7847400Z Resolving deltas:  96% (52/54)
2023-11-11T07:55:58.7850967Z Resolving deltas:  98% (53/54)
2023-11-11T07:55:58.7857412Z Resolving deltas: 100% (54/54)
2023-11-11T07:55:58.7858681Z Resolving deltas: 100% (54/54), done.
2023-11-11T07:55:58.7957146Z From https://github.com/basdijkstra/rest-assured-net
2023-11-11T07:55:58.7959012Z  * [new ref]         ccc543523c488412d39ee9c96ee2ad5962839e69 -> origin/main
2023-11-11T07:55:58.7981465Z ##[endgroup]
2023-11-11T07:55:58.7983042Z ##[group]Determining the checkout info
2023-11-11T07:55:58.7985154Z ##[endgroup]
2023-11-11T07:55:58.7986740Z ##[group]Checking out the ref
2023-11-11T07:55:58.7991248Z [command]/usr/bin/git checkout --progress --force -B main refs/remotes/origin/main
2023-11-11T07:55:58.8088685Z Switched to a new branch 'main'
2023-11-11T07:55:58.8089744Z branch 'main' set up to track 'origin/main'.
2023-11-11T07:55:58.8096438Z ##[endgroup]
2023-11-11T07:55:58.8140823Z [command]/usr/bin/git log -1 --format='%H'
2023-11-11T07:55:58.8173925Z 'ccc543523c488412d39ee9c96ee2ad5962839e69'
2023-11-11T07:55:58.8494584Z ##[group]Run actions/setup-dotnet@v3
2023-11-11T07:55:58.8495120Z with:
2023-11-11T07:55:58.8495590Z   dotnet-version: 6.0.x
2023-11-11T07:55:58.8496052Z   cache: false
2023-11-11T07:55:58.8496389Z ##[endgroup]
2023-11-11T07:55:59.0135955Z [command]/home/runner/work/_actions/actions/setup-dotnet/v3/externals/install-dotnet.sh --channel 6.0
2023-11-11T07:55:59.7558011Z dotnet-install: .NET Core SDK with version '6.0.416' is already installed.
2023-11-11T07:55:59.7745513Z ##[group]Run dotnet --list-sdks
2023-11-11T07:55:59.7746036Z [36;1mdotnet --list-sdks[0m
2023-11-11T07:55:59.7805016Z shell: /usr/bin/bash -e {0}
2023-11-11T07:55:59.7805565Z env:
2023-11-11T07:55:59.7805913Z   DOTNET_ROOT: /usr/share/dotnet
2023-11-11T07:55:59.7806341Z ##[endgroup]
2023-11-11T07:55:59.8643717Z 6.0.416 [/usr/share/dotnet/sdk]
2023-11-11T07:55:59.8644789Z 7.0.113 [/usr/share/dotnet/sdk]
2023-11-11T07:55:59.8645692Z 7.0.203 [/usr/share/dotnet/sdk]
2023-11-11T07:55:59.8646741Z 7.0.310 [/usr/share/dotnet/sdk]
2023-11-11T07:55:59.8647565Z 7.0.403 [/usr/share/dotnet/sdk]
2023-11-11T07:55:59.8685958Z ##[group]Run dotnet restore
2023-11-11T07:55:59.8686454Z [36;1mdotnet restore[0m
2023-11-11T07:55:59.8726312Z shell: /usr/bin/bash -e {0}
2023-11-11T07:55:59.8726759Z env:
2023-11-11T07:55:59.8727043Z   DOTNET_ROOT: /usr/share/dotnet
2023-11-11T07:55:59.8727520Z ##[endgroup]
2023-11-11T07:56:04.8384240Z   Determining projects to restore...
2023-11-11T07:56:07.4449828Z   Restored /home/runner/work/rest-assured-net/rest-assured-net/RestAssured.Net.DemoService/RestAssured.Net.DemoService.csproj (in 1.04 sec).
2023-11-11T07:56:08.9336623Z   Restored /home/runner/work/rest-assured-net/rest-assured-net/RestAssured.Net/RestAssured.Net.csproj (in 2.53 sec).
2023-11-11T07:56:09.3990820Z   Restored /home/runner/work/rest-assured-net/rest-assured-net/RestAssured.Net.Tests/RestAssured.Net.Tests.csproj (in 3 sec).
2023-11-11T07:56:09.4828743Z ##[group]Run dotnet build --framework net6.0 --no-restore
2023-11-11T07:56:09.4829475Z [36;1mdotnet build --framework net6.0 --no-restore[0m
2023-11-11T07:56:09.4873772Z shell: /usr/bin/bash -e {0}
2023-11-11T07:56:09.4874173Z env:
2023-11-11T07:56:09.4874500Z   DOTNET_ROOT: /usr/share/dotnet
2023-11-11T07:56:09.4874935Z ##[endgroup]
2023-11-11T07:56:09.6926917Z MSBuild version 17.7.3+4fca21998 for .NET
2023-11-11T07:56:15.6941823Z ##[warning]/home/runner/work/rest-assured-net/rest-assured-net/RestAssured.Net/Request/Builders/RequestSpecBuilder.cs(56,164): warning CS8604: Possible null reference argument for parameter 'proxy' in 'RequestSpecification.RequestSpecification(string scheme, string host, int port, string basePath, IEnumerable<KeyValuePair<string, string>> queryParams, TimeSpan? timeout, ProductInfoHeaderValue? userAgent, IWebProxy proxy, Dictionary<string, object> headers, AuthenticationHeaderValue authenticationHeader, string contentType, Encoding contentEncoding, bool disableSslCertificateValidation, RequestLogLevel requestLogLevel, JsonSerializerSettings jsonSerializerSettings, List<string> sensitiveRequestHeadersAndCookies)'. [/home/runner/work/rest-assured-net/rest-assured-net/RestAssured.Net/RestAssured.Net.csproj::TargetFramework=net6.0]
2023-11-11T07:56:15.6972616Z ##[warning]/home/runner/work/rest-assured-net/rest-assured-net/RestAssured.Net/Request/Builders/RequestSpecBuilder.cs(56,190): warning CS8604: Possible null reference argument for parameter 'authenticationHeader' in 'RequestSpecification.RequestSpecification(string scheme, string host, int port, string basePath, IEnumerable<KeyValuePair<string, string>> queryParams, TimeSpan? timeout, ProductInfoHeaderValue? userAgent, IWebProxy proxy, Dictionary<string, object> headers, AuthenticationHeaderValue authenticationHeader, string contentType, Encoding contentEncoding, bool disableSslCertificateValidation, RequestLogLevel requestLogLevel, JsonSerializerSettings jsonSerializerSettings, List<string> sensitiveRequestHeadersAndCookies)'. [/home/runner/work/rest-assured-net/rest-assured-net/RestAssured.Net/RestAssured.Net.csproj::TargetFramework=net6.0]
2023-11-11T07:56:15.6994767Z ##[warning]/home/runner/work/rest-assured-net/rest-assured-net/RestAssured.Net/Request/Builders/RequestSpecBuilder.cs(56,217): warning CS8604: Possible null reference argument for parameter 'contentType' in 'RequestSpecification.RequestSpecification(string scheme, string host, int port, string basePath, IEnumerable<KeyValuePair<string, string>> queryParams, TimeSpan? timeout, ProductInfoHeaderValue? userAgent, IWebProxy proxy, Dictionary<string, object> headers, AuthenticationHeaderValue authenticationHeader, string contentType, Encoding contentEncoding, bool disableSslCertificateValidation, RequestLogLevel requestLogLevel, JsonSerializerSettings jsonSerializerSettings, List<string> sensitiveRequestHeadersAndCookies)'. [/home/runner/work/rest-assured-net/rest-assured-net/RestAssured.Net/RestAssured.Net.csproj::TargetFramework=net6.0]
2023-11-11T07:56:15.7017479Z ##[warning]/home/runner/work/rest-assured-net/rest-assured-net/RestAssured.Net/Request/Builders/RequestSpecBuilder.cs(56,241): warning CS8604: Possible null reference argument for parameter 'contentEncoding' in 'RequestSpecification.RequestSpecification(string scheme, string host, int port, string basePath, IEnumerable<KeyValuePair<string, string>> queryParams, TimeSpan? timeout, ProductInfoHeaderValue? userAgent, IWebProxy proxy, Dictionary<string, object> headers, AuthenticationHeaderValue authenticationHeader, string contentType, Encoding contentEncoding, bool disableSslCertificateValidation, RequestLogLevel requestLogLevel, JsonSerializerSettings jsonSerializerSettings, List<string> sensitiveRequestHeadersAndCookies)'. [/home/runner/work/rest-assured-net/rest-assured-net/RestAssured.Net/RestAssured.Net.csproj::TargetFramework=net6.0]
2023-11-11T07:56:15.7031060Z ##[warning]/home/runner/work/rest-assured-net/rest-assured-net/RestAssured.Net/Request/Builders/RequestSpecBuilder.cs(39,36): warning CS0649: Field 'RequestSpecBuilder.timeout' is never assigned to, and will always have its default value [/home/runner/work/rest-assured-net/rest-assured-net/RestAssured.Net/RestAssured.Net.csproj::TargetFramework=net6.0]
2023-11-11T07:56:15.7040369Z ##[warning]/home/runner/work/rest-assured-net/rest-assured-net/RestAssured.Net/Request/Builders/RequestSpecBuilder.cs(41,37): warning CS0649: Field 'RequestSpecBuilder.proxy' is never assigned to, and will always have its default value null [/home/runner/work/rest-assured-net/rest-assured-net/RestAssured.Net/RestAssured.Net.csproj::TargetFramework=net6.0]
2023-11-11T07:56:15.7049556Z ##[warning]/home/runner/work/rest-assured-net/rest-assured-net/RestAssured.Net/Request/Builders/RequestSpecBuilder.cs(43,53): warning CS0649: Field 'RequestSpecBuilder.authenticationHeader' is never assigned to, and will always have its default value null [/home/runner/work/rest-assured-net/rest-assured-net/RestAssured.Net/RestAssured.Net.csproj::TargetFramework=net6.0]
2023-11-11T07:56:15.7058455Z ##[warning]/home/runner/work/rest-assured-net/rest-assured-net/RestAssured.Net/Request/Builders/RequestSpecBuilder.cs(40,50): warning CS0649: Field 'RequestSpecBuilder.userAgent' is never assigned to, and will always have its default value null [/home/runner/work/rest-assured-net/rest-assured-net/RestAssured.Net/RestAssured.Net.csproj::TargetFramework=net6.0]
2023-11-11T07:56:15.7338295Z   RestAssured.Net.DemoService -> /home/runner/work/rest-assured-net/rest-assured-net/RestAssured.Net.DemoService/bin/Debug/net6.0/RestAssured.Net.DemoService.dll
2023-11-11T07:56:15.7458983Z   RestAssured.Net -> /home/runner/work/rest-assured-net/rest-assured-net/RestAssured.Net/bin/Debug/net6.0/RestAssured.Net.dll
2023-11-11T07:56:17.4391179Z ##[warning]/home/runner/work/rest-assured-net/rest-assured-net/RestAssured.Net.Tests/QueryParameterTests.cs(119,13): warning CS0618: 'ExecutableRequest.QueryParams(Dictionary<string, object>)' is obsolete: 'Please use QueryParams(IEnumerable<KeyValuePair<string, object>>) instead. This method will be removed in version 5.0.0' [/home/runner/work/rest-assured-net/rest-assured-net/RestAssured.Net.Tests/RestAssured.Net.Tests.csproj::TargetFramework=net6.0]
2023-11-11T07:56:17.5990132Z   RestAssured.Net.Tests -> /home/runner/work/rest-assured-net/rest-assured-net/RestAssured.Net.Tests/bin/Debug/net6.0/RestAssured.Net.Tests.dll
2023-11-11T07:56:17.6799993Z 
2023-11-11T07:56:17.6800551Z Build succeeded.
2023-11-11T07:56:17.6801015Z 
2023-11-11T07:56:17.6815855Z ##[warning]/home/runner/work/rest-assured-net/rest-assured-net/RestAssured.Net/Request/Builders/RequestSpecBuilder.cs(56,164): warning CS8604: Possible null reference argument for parameter 'proxy' in 'RequestSpecification.RequestSpecification(string scheme, string host, int port, string basePath, IEnumerable<KeyValuePair<string, string>> queryParams, TimeSpan? timeout, ProductInfoHeaderValue? userAgent, IWebProxy proxy, Dictionary<string, object> headers, AuthenticationHeaderValue authenticationHeader, string contentType, Encoding contentEncoding, bool disableSslCertificateValidation, RequestLogLevel requestLogLevel, JsonSerializerSettings jsonSerializerSettings, List<string> sensitiveRequestHeadersAndCookies)'. [/home/runner/work/rest-assured-net/rest-assured-net/RestAssured.Net/RestAssured.Net.csproj::TargetFramework=net6.0]
2023-11-11T07:56:17.6838669Z ##[warning]/home/runner/work/rest-assured-net/rest-assured-net/RestAssured.Net/Request/Builders/RequestSpecBuilder.cs(56,190): warning CS8604: Possible null reference argument for parameter 'authenticationHeader' in 'RequestSpecification.RequestSpecification(string scheme, string host, int port, string basePath, IEnumerable<KeyValuePair<string, string>> queryParams, TimeSpan? timeout, ProductInfoHeaderValue? userAgent, IWebProxy proxy, Dictionary<string, object> headers, AuthenticationHeaderValue authenticationHeader, string contentType, Encoding contentEncoding, bool disableSslCertificateValidation, RequestLogLevel requestLogLevel, JsonSerializerSettings jsonSerializerSettings, List<string> sensitiveRequestHeadersAndCookies)'. [/home/runner/work/rest-assured-net/rest-assured-net/RestAssured.Net/RestAssured.Net.csproj::TargetFramework=net6.0]
2023-11-11T07:56:17.6870643Z ##[warning]/home/runner/work/rest-assured-net/rest-assured-net/RestAssured.Net/Request/Builders/RequestSpecBuilder.cs(56,217): warning CS8604: Possible null reference argument for parameter 'contentType' in 'RequestSpecification.RequestSpecification(string scheme, string host, int port, string basePath, IEnumerable<KeyValuePair<string, string>> queryParams, TimeSpan? timeout, ProductInfoHeaderValue? userAgent, IWebProxy proxy, Dictionary<string, object> headers, AuthenticationHeaderValue authenticationHeader, string contentType, Encoding contentEncoding, bool disableSslCertificateValidation, RequestLogLevel requestLogLevel, JsonSerializerSettings jsonSerializerSettings, List<string> sensitiveRequestHeadersAndCookies)'. [/home/runner/work/rest-assured-net/rest-assured-net/RestAssured.Net/RestAssured.Net.csproj::TargetFramework=net6.0]
2023-11-11T07:56:17.6897745Z ##[warning]/home/runner/work/rest-assured-net/rest-assured-net/RestAssured.Net/Request/Builders/RequestSpecBuilder.cs(56,241): warning CS8604: Possible null reference argument for parameter 'contentEncoding' in 'RequestSpecification.RequestSpecification(string scheme, string host, int port, string basePath, IEnumerable<KeyValuePair<string, string>> queryParams, TimeSpan? timeout, ProductInfoHeaderValue? userAgent, IWebProxy proxy, Dictionary<string, object> headers, AuthenticationHeaderValue authenticationHeader, string contentType, Encoding contentEncoding, bool disableSslCertificateValidation, RequestLogLevel requestLogLevel, JsonSerializerSettings jsonSerializerSettings, List<string> sensitiveRequestHeadersAndCookies)'. [/home/runner/work/rest-assured-net/rest-assured-net/RestAssured.Net/RestAssured.Net.csproj::TargetFramework=net6.0]
2023-11-11T07:56:17.6911369Z ##[warning]/home/runner/work/rest-assured-net/rest-assured-net/RestAssured.Net/Request/Builders/RequestSpecBuilder.cs(39,36): warning CS0649: Field 'RequestSpecBuilder.timeout' is never assigned to, and will always have its default value [/home/runner/work/rest-assured-net/rest-assured-net/RestAssured.Net/RestAssured.Net.csproj::TargetFramework=net6.0]
2023-11-11T07:56:17.6921516Z ##[warning]/home/runner/work/rest-assured-net/rest-assured-net/RestAssured.Net/Request/Builders/RequestSpecBuilder.cs(41,37): warning CS0649: Field 'RequestSpecBuilder.proxy' is never assigned to, and will always have its default value null [/home/runner/work/rest-assured-net/rest-assured-net/RestAssured.Net/RestAssured.Net.csproj::TargetFramework=net6.0]
2023-11-11T07:56:17.6932071Z ##[warning]/home/runner/work/rest-assured-net/rest-assured-net/RestAssured.Net/Request/Builders/RequestSpecBuilder.cs(43,53): warning CS0649: Field 'RequestSpecBuilder.authenticationHeader' is never assigned to, and will always have its default value null [/home/runner/work/rest-assured-net/rest-assured-net/RestAssured.Net/RestAssured.Net.csproj::TargetFramework=net6.0]
2023-11-11T07:56:17.6940913Z ##[warning]/home/runner/work/rest-assured-net/rest-assured-net/RestAssured.Net/Request/Builders/RequestSpecBuilder.cs(40,50): warning CS0649: Field 'RequestSpecBuilder.userAgent' is never assigned to, and will always have its default value null [/home/runner/work/rest-assured-net/rest-assured-net/RestAssured.Net/RestAssured.Net.csproj::TargetFramework=net6.0]
2023-11-11T07:56:17.6952958Z ##[warning]/home/runner/work/rest-assured-net/rest-assured-net/RestAssured.Net.Tests/QueryParameterTests.cs(119,13): warning CS0618: 'ExecutableRequest.QueryParams(Dictionary<string, object>)' is obsolete: 'Please use QueryParams(IEnumerable<KeyValuePair<string, object>>) instead. This method will be removed in version 5.0.0' [/home/runner/work/rest-assured-net/rest-assured-net/RestAssured.Net.Tests/RestAssured.Net.Tests.csproj::TargetFramework=net6.0]
2023-11-11T07:56:17.6959062Z     9 Warning(s)
2023-11-11T07:56:17.6959549Z     0 Error(s)
2023-11-11T07:56:17.6960030Z 
2023-11-11T07:56:17.6960263Z Time Elapsed 00:00:07.85
2023-11-11T07:56:17.7312711Z ##[group]Run dotnet test --framework net6.0 --no-restore --no-build --verbosity normal
2023-11-11T07:56:17.7314263Z [36;1mdotnet test --framework net6.0 --no-restore --no-build --verbosity normal[0m
2023-11-11T07:56:17.7372525Z shell: /usr/bin/bash -e {0}
2023-11-11T07:56:17.7373082Z env:
2023-11-11T07:56:17.7373531Z   DOTNET_ROOT: /usr/share/dotnet
2023-11-11T07:56:17.7374306Z ##[endgroup]
2023-11-11T07:56:18.1251428Z Build started 11/11/2023 07:56:18.
2023-11-11T07:56:18.4392500Z      1>Project "/home/runner/work/rest-assured-net/rest-assured-net/RestAssured.Net.sln" on node 1 (VSTest target(s)).
2023-11-11T07:56:18.4393986Z      1>ValidateSolutionConfiguration:
2023-11-11T07:56:18.4395038Z          Building solution configuration "Debug|Any CPU".
2023-11-11T07:56:19.2972770Z Test run for /home/runner/work/rest-assured-net/rest-assured-net/RestAssured.Net.Tests/bin/Debug/net6.0/RestAssured.Net.Tests.dll (.NETCoreApp,Version=v6.0)
2023-11-11T07:56:19.5316961Z Microsoft (R) Test Execution Command Line Tool Version 17.7.2 (x64)
2023-11-11T07:56:19.5318350Z Copyright (c) Microsoft Corporation.  All rights reserved.
2023-11-11T07:56:19.5369389Z 
2023-11-11T07:56:19.8629582Z Starting test execution, please wait...
2023-11-11T07:56:19.9136957Z A total of 1 test files matched the specified pattern.
2023-11-11T07:56:22.5763082Z NUnit Adapter 4.5.0.0: Test execution started
2023-11-11T07:56:22.5984050Z Running all tests in /home/runner/work/rest-assured-net/rest-assured-net/RestAssured.Net.Tests/bin/Debug/net6.0/RestAssured.Net.Tests.dll
2023-11-11T07:56:22.8331153Z    NUnit3TestExecutor discovered 191 of 191 NUnit test cases using Current Discovery mode, Non-Explicit run
2023-11-11T07:56:25.0374122Z   Passed BasicAuthenticationDetailsCanBeSupplied [1 s]
2023-11-11T07:56:25.0375316Z   Passed OAuth2AuthenticationTokenCanBeSupplied [7 ms]
2023-11-11T07:56:25.0376593Z   Passed CookieAsStringWithASingleValueCanBeSupplied [8 ms]
2023-11-11T07:56:25.0377734Z   Passed CookieCollectionWithASingleCookieCanBeSupplied [5 ms]
2023-11-11T07:56:25.0378954Z   Passed CookieObjectWithASingleValueCanBeSupplied [5 ms]
2023-11-11T07:56:25.0379703Z   Passed HttpGetCanBeUsed [629 ms]
2023-11-11T07:56:25.0380383Z   Passed CustomJsonSerializerSettingsCanBeSuppliedInRequestSpecification [28 ms]
2023-11-11T07:56:25.0381608Z   Passed CustomJsonSerializerSettingsCanBeSuppliedInTestBody [4 ms]
2023-11-11T07:56:25.0382404Z   Passed CustomJsonSerializerSettingsCanBeSuppliedWhenDeserializing [21 ms]
2023-11-11T07:56:25.7541603Z   Passed FormDataCanBeSupplied [28 ms]
2023-11-11T07:56:25.7543154Z   Passed ParameterizedGraphQLQueryCanBeSupplied [28 ms]
2023-11-11T07:56:25.7544390Z   Passed SimpleGraphQLQueryCanBeSupplied [9 ms]
2023-11-11T07:56:25.7545836Z   Passed HttpsEndpointsCanBeInvokedWithoutExplicitlyDisablingSslVerification [457 ms]
2023-11-11T07:56:25.7547428Z   Passed SslVerificationCanBeDisabledPerRequest [63 ms]
2023-11-11T07:56:25.7550337Z   Passed SslVerificationCanBeDisabledPerRequestUsingDeprecatedMethod [57 ms]
2023-11-11T07:56:25.7551907Z   Passed SslVerificationCanBeDisabledThroughRequestSpecification [56 ms]
2023-11-11T07:56:25.7553003Z   Passed HTTP GET is allowed [13 ms]
2023-11-11T07:56:25.7553545Z   Passed HTTP POST is not allowed [12 ms]
2023-11-11T07:56:25.8262769Z   Passed HTTP PUT is not allowed [11 ms]
2023-11-11T07:56:25.8263943Z   Passed HTTP PATCH is not allowed [11 ms]
2023-11-11T07:56:25.8264850Z   Passed HTTP DELETE is not allowed [10 ms]
2023-11-11T07:56:25.8265728Z   Passed HTTP HEAD is allowed [11 ms]
2023-11-11T07:56:25.8266727Z   Passed HTTP OPTIONS is allowed [11 ms]
2023-11-11T07:56:25.8267894Z   Passed HttpDeleteCanBeUsed [3 ms]
2023-11-11T07:56:25.8268651Z   Passed HttpGetCanBeUsed [5 ms]
2023-11-11T07:56:25.8269524Z   Passed HttpHeadCanBeUsed [3 ms]
2023-11-11T07:56:25.8270207Z   Passed HttpOptionsCanBeUsed [3 ms]
2023-11-11T07:56:26.2501995Z   Passed HttpPatchCanBeUsed [4 ms]
2023-11-11T07:56:26.2511347Z   Passed HttpPostCanBeUsed [3 ms]
2023-11-11T07:56:26.2512808Z   Passed HttpPutCanBeUsed [53 ms]
2023-11-11T07:56:26.2513848Z   Passed AnonymousObjectCanBeSerializedToJson [5 ms]
2023-11-11T07:56:26.2514450Z   Passed DictionaryCanBeSerializedToJson [4 ms]
2023-11-11T07:56:26.2514965Z   Passed ObjectCanBeSerializedToJson [7 ms]
2023-11-11T07:56:26.2515552Z   Passed ObjectCanBeSerializedToXml [225 ms]
2023-11-11T07:56:26.2516125Z   Passed UnableToSerializeThrowsTheExpectedException [6 ms]
2023-11-11T07:56:26.2516824Z   Passed JsonSchemaCanBeSuppliedAndVerifiedAsJsonSchema [106 ms]
2023-11-11T07:56:26.2876439Z GET http://localhost:9876/log-no-response-body
2023-11-11T07:56:26.2878002Z Content-Type: application/json; charset=utf-8
2023-11-11T07:56:26.2879136Z Content-Length: 0
2023-11-11T07:56:26.2879662Z 
2023-11-11T07:56:26.2917841Z HTTP 200 (OK)
2023-11-11T07:56:26.2919295Z Content-Type: 
2023-11-11T07:56:26.2919940Z Content-Length: 0
2023-11-11T07:56:26.2920646Z Date: Sat, 11 Nov 2023 07:56:26 GMT
2023-11-11T07:56:26.2921284Z Server: Kestrel
2023-11-11T07:56:26.2921874Z Response time: 2.1914 ms
2023-11-11T07:56:26.2922215Z 
2023-11-11T07:56:26.2978932Z GET http://localhost:9876/log-json-response
2023-11-11T07:56:26.2979897Z Content-Type: application/json; charset=utf-8
2023-11-11T07:56:26.2980655Z Content-Length: 29
2023-11-11T07:56:26.2981410Z Accept: application/json
2023-11-11T07:56:26.2982074Z CustomHeader: custom header value
2023-11-11T07:56:26.2982633Z {
2023-11-11T07:56:26.2983217Z   "id": 1,
2023-11-11T07:56:26.2983548Z   "user": "John Doe"
2023-11-11T07:56:26.2983915Z }
2023-11-11T07:56:26.2984337Z 
2023-11-11T07:56:26.3030961Z GET http://localhost:9876/log-xml-response
2023-11-11T07:56:26.3031938Z Content-Type: application/xml; charset=utf-8
2023-11-11T07:56:26.3032789Z Content-Length: 456
2023-11-11T07:56:26.3033612Z <Location xmlns:xsi="http://www.w3.org/2001/XMLSchema-instance" xmlns:xsd="http://www.w3.org/2001/XMLSchema">
2023-11-11T07:56:26.3034704Z   <Country>United States</Country>
2023-11-11T07:56:26.3035463Z   <State>California</State>
2023-11-11T07:56:26.3035835Z   <ZipCode>90210</ZipCode>
2023-11-11T07:56:26.3036184Z   <Places>
2023-11-11T07:56:26.3036575Z     <Place>
2023-11-11T07:56:26.3036856Z       <Name>Sun City</Name>
2023-11-11T07:56:26.3037240Z       <Inhabitants>100000</Inhabitants>
2023-11-11T07:56:26.3037758Z       <IsCapital>true</IsCapital>
2023-11-11T07:56:26.3038478Z     </Place>
2023-11-11T07:56:26.3038804Z     <Place>
2023-11-11T07:56:26.3039221Z       <Name>Pleasure Meadow</Name>
2023-11-11T07:56:26.3039608Z       <Inhabitants>50000</Inhabitants>
2023-11-11T07:56:26.3040065Z       <IsCapital>false</IsCapital>
2023-11-11T07:56:26.3040659Z     </Place>
2023-11-11T07:56:26.3041164Z   </Places>
2023-11-11T07:56:26.3041657Z </Location>
2023-11-11T07:56:26.3041905Z 
2023-11-11T07:56:26.3094322Z   Passed JsonSchemaCanBeSuppliedAndVerifiedAsString [5 ms]
2023-11-11T07:56:26.3095573Z   Passed MismatchWithJsonSchemaThrowsTheExpectedException [15 ms]
2023-11-11T07:56:26.3096914Z   Passed SupplyingInvalidJsonSchemaThrowsTheExpectedException [5 ms]
2023-11-11T07:56:26.3098504Z   Passed UnexpectedResponseContentTypeThrowsTheExpectedException [5 ms]
2023-11-11T07:56:26.3099837Z   Passed NoRequestBodyDoesntThrowNullReferenceException [6 ms]
2023-11-11T07:56:26.3101142Z   Passed NoResponseBodyDoesntThrowNullReferenceException [5 ms]
2023-11-11T07:56:26.3102574Z   Passed RequestDetailsCanBeWrittenToStandardOutputForJson [6 ms]
2023-11-11T07:56:26.3103709Z   Passed RequestDetailsCanBeWrittenToStandardOutputForXml [4 ms]
2023-11-11T07:56:26.3104609Z   Passed ResponseBodyDetailsAreLoggedIfVerificationFails [4 ms]
2023-11-11T07:56:26.3111666Z HTTP 404 (NotFound)
2023-11-11T07:56:26.3112417Z Content-Type: text/plain
2023-11-11T07:56:26.3112838Z Content-Length: 56
2023-11-11T07:56:26.3113351Z Date: Sat, 11 Nov 2023 07:56:26 GMT
2023-11-11T07:56:26.3113746Z Server: Kestrel
2023-11-11T07:56:26.3114101Z Transfer-Encoding: chunked
2023-11-11T07:56:26.3114650Z The resource you requested was not found on this server.
2023-11-11T07:56:26.3115158Z Response time: 2.1505 ms
2023-11-11T07:56:26.3115635Z 
2023-11-11T07:56:26.3213771Z HTTP 200 (OK)
2023-11-11T07:56:26.3214651Z Content-Type: text/plain
2023-11-11T07:56:26.3215331Z Content-Length: 17
2023-11-11T07:56:26.3215866Z Date: Sat, 11 Nov 2023 07:56:26 GMT
2023-11-11T07:56:26.3216628Z Server: Kestrel
2023-11-11T07:56:26.3217337Z Set-Cookie: Auth=123; httponly; secure
2023-11-11T07:56:26.3218060Z Transfer-Encoding: chunked
2023-11-11T07:56:26.3219141Z Cookie: Auth=123, Domain: localhost, HTTP-only: True, Secure: True
2023-11-11T07:56:26.3219850Z Cookies are nice!
2023-11-11T07:56:26.3220164Z Response time: 2.5562 ms
2023-11-11T07:56:26.3220511Z 
2023-11-11T07:56:26.3272013Z HTTP 200 (OK)
2023-11-11T07:56:26.3273074Z Content-Type: application/json
2023-11-11T07:56:26.3273824Z Content-Length: 198
2023-11-11T07:56:26.3274456Z Date: Sat, 11 Nov 2023 07:56:26 GMT
2023-11-11T07:56:26.3275218Z Server: Kestrel
2023-11-11T07:56:26.3275871Z Transfer-Encoding: chunked
2023-11-11T07:56:26.3276418Z {
2023-11-11T07:56:26.3276964Z   "Country": "United States",
2023-11-11T07:56:26.3277572Z   "State": "California",
2023-11-11T07:56:26.3278126Z   "ZipCode": 90210,
2023-11-11T07:56:26.3278535Z   "Places": [
2023-11-11T07:56:26.3278838Z     {
2023-11-11T07:56:26.3279134Z       "Name": "Sun City",
2023-11-11T07:56:26.3279554Z       "Inhabitants": 100000,
2023-11-11T07:56:26.3279937Z       "IsCapital": true
2023-11-11T07:56:26.3280324Z     },
2023-11-11T07:56:26.3280898Z     {
2023-11-11T07:56:26.3281389Z       "Name": "Pleasure Meadow",
2023-11-11T07:56:26.3281972Z       "Inhabitants": 50000,
2023-11-11T07:56:26.3282691Z       "IsCapital": false
2023-11-11T07:56:26.3283212Z     }
2023-11-11T07:56:26.3283590Z   ]
2023-11-11T07:56:26.3284176Z }
2023-11-11T07:56:26.3284831Z Response time: 2.2807 ms
2023-11-11T07:56:26.3285189Z 
2023-11-11T07:56:26.3320648Z HTTP 200 (OK)
2023-11-11T07:56:26.3321604Z Content-Type: application/xml
2023-11-11T07:56:26.3323507Z Content-Length: 456
2023-11-11T07:56:26.3324303Z Date: Sat, 11 Nov 2023 07:56:26 GMT
2023-11-11T07:56:26.3324903Z Server: Kestrel
2023-11-11T07:56:26.3325522Z Transfer-Encoding: chunked
2023-11-11T07:56:26.3326848Z <Location xmlns:xsi="http://www.w3.org/2001/XMLSchema-instance" xmlns:xsd="http://www.w3.org/2001/XMLSchema">
2023-11-11T07:56:26.3328045Z   <Country>United States</Country>
2023-11-11T07:56:26.3328642Z   <State>California</State>
2023-11-11T07:56:26.3329802Z   <ZipCode>90210</ZipCode>
2023-11-11T07:56:26.3330135Z   <Places>
2023-11-11T07:56:26.3330453Z     <Place>
2023-11-11T07:56:26.3330852Z       <Name>Sun City</Name>
2023-11-11T07:56:26.3331199Z       <Inhabitants>100000</Inhabitants>
2023-11-11T07:56:26.3331643Z       <IsCapital>true</IsCapital>
2023-11-11T07:56:26.3332092Z     </Place>
2023-11-11T07:56:26.3332357Z     <Place>
2023-11-11T07:56:26.3332690Z       <Name>Pleasure Meadow</Name>
2023-11-11T07:56:26.3333164Z       <Inhabitants>50000</Inhabitants>
2023-11-11T07:56:26.3333551Z       <IsCapital>false</IsCapital>
2023-11-11T07:56:26.3333920Z     </Place>
2023-11-11T07:56:26.3334287Z   </Places>
2023-11-11T07:56:26.3334567Z </Location>
2023-11-11T07:56:26.3334884Z Response time: 1.8867 ms
2023-11-11T07:56:26.3335091Z 
2023-11-11T07:56:26.3375225Z GET http://localhost:9876/masking-sensitive-data
2023-11-11T07:56:26.3376277Z Content-Type: application/json; charset=utf-8
2023-11-11T07:56:26.3377065Z Content-Length: 0
2023-11-11T07:56:26.3377911Z NonsensitiveRequestHeader: This one is printed
2023-11-11T07:56:26.3378709Z SensitiveRequestHeader: *****
2023-11-11T07:56:26.3379349Z AnotherSensitiveRequestHeader: *****
2023-11-11T07:56:26.3379987Z 
2023-11-11T07:56:26.3429997Z GET http://localhost:9876/masking-sensitive-data
2023-11-11T07:56:26.3430921Z Content-Type: application/json; charset=utf-8
2023-11-11T07:56:26.3431401Z Content-Length: 0
2023-11-11T07:56:26.3432266Z NonsensitiveRequestHeader: This one is printed
2023-11-11T07:56:26.3433060Z SensitiveRequestHeader: *****
2023-11-11T07:56:26.3433316Z 
2023-11-11T07:56:26.3474178Z HTTP 200 (OK)
2023-11-11T07:56:26.3475057Z Content-Type: text/plain
2023-11-11T07:56:26.3475930Z Content-Length: 13
2023-11-11T07:56:26.3476492Z Date: Sat, 11 Nov 2023 07:56:26 GMT
2023-11-11T07:56:26.3476884Z Server: Kestrel
2023-11-11T07:56:26.3477548Z Set-Cookie: SensitiveResponseCookie=some_secret_value, NonSensitiveResponseCookie=123
2023-11-11T07:56:26.3478343Z Transfer-Encoding: chunked
2023-11-11T07:56:26.3478779Z NonSensitiveResponseHeader: This one is printed
2023-11-11T07:56:26.3479264Z SensitiveResponseHeader: *****
2023-11-11T07:56:26.3480067Z Cookie: SensitiveResponseCookie=*****, Domain: localhost, HTTP-only: False, Secure: False
2023-11-11T07:56:26.3481644Z Cookie: NonSensitiveResponseCookie=123, Domain: localhost, HTTP-only: False, Secure: False
2023-11-11T07:56:26.3482286Z Response data
2023-11-11T07:56:26.3482800Z Response time: 2.2287 ms
2023-11-11T07:56:26.3483016Z 
2023-11-11T07:56:26.3522769Z GET http://localhost:9876/masking-sensitive-data
2023-11-11T07:56:26.3524236Z Content-Type: application/json; charset=utf-8
2023-11-11T07:56:26.3525421Z Content-Length: 0
2023-11-11T07:56:26.3526929Z Cookie: NonsensitiveRequestCookie=This one is printed, Domain: , HTTP-only: False, Secure: False
2023-11-11T07:56:26.3528684Z Cookie: SensitiveRequestCookie=*****, Domain: , HTTP-only: False, Secure: False
2023-11-11T07:56:26.3529500Z 
2023-11-11T07:56:26.3538719Z   Passed ResponseBodyDetailsAreLoggedOnlyOnErrorResponseCode [4 ms]
2023-11-11T07:56:26.3539999Z   Passed ResponseBodyDetailsAreNotLoggedOnOkResponseCode [4 ms]
2023-11-11T07:56:26.3541248Z   Passed ResponseCookieDetailsAreLogged [4 ms]
2023-11-11T07:56:26.3542465Z   Passed ResponseDetailsCanBeWrittenToStandardOutputForJson [5 ms]
2023-11-11T07:56:26.3543655Z   Passed ResponseDetailsCanBeWrittenToStandardOutputForXml [4 ms]
2023-11-11T07:56:26.3544819Z   Passed MultipleSensitiveRequestHeadersAreMasked [5 ms]
2023-11-11T07:56:26.3546307Z   Passed SensitiveHeaderAndCookieNamesCanBeDefinedInRequestSpecification [5 ms]
2023-11-11T07:56:26.3547904Z   Passed SensitiveResponseHeadersAndCookiesAreMasked [4 ms]
2023-11-11T07:56:26.3548951Z   Passed SingleSensitiveRequestCookieIsMasked [4 ms]
2023-11-11T07:56:26.3579269Z GET http://localhost:9876/masking-sensitive-data
2023-11-11T07:56:26.3580358Z Content-Type: application/json; charset=utf-8
2023-11-11T07:56:26.3581123Z Content-Length: 0
2023-11-11T07:56:26.3581970Z NonsensitiveRequestHeader: This one is printed
2023-11-11T07:56:26.3583270Z SensitiveRequestHeader: *****
2023-11-11T07:56:26.3583693Z 
2023-11-11T07:56:26.7117965Z   Passed SingleSensitiveRequestHeaderIsMasked [5 ms]
2023-11-11T07:56:26.7119528Z   Passed MultiPartFormDataWithCustomControlNameAndCustomContentTypeCanBeSupplied [101 ms]
2023-11-11T07:56:26.7120947Z   Passed MultiPartFormDataWithDefaultControlNameAndAutoDetectedContentTypeCanBeSupplied [93 ms]
2023-11-11T07:56:26.7121788Z   Passed MultipleFilesCanBeSupplied [17 ms]
2023-11-11T07:56:26.7122413Z   Passed UploadingNonExistentFileThrowsTheExpectedException [8 ms]
2023-11-11T07:56:26.7123188Z   Passed MultiplePathParameterCanBeSpecifiedSequentially [110 ms]
2023-11-11T07:56:26.7123969Z   Passed MultiplePathParameterCanBeSpecifiedUsingADictionary [5 ms]
2023-11-11T07:56:26.7124607Z   Passed SinglePathParameterCanBeSpecified [3 ms]
2023-11-11T07:56:26.7125286Z   Passed MultipleQueryParametersCanBeSpecifiedInSeparateCalls [10 ms]
2023-11-11T07:56:26.7516566Z   Passed MultipleQueryParametersCanBeSpecifiedUsingADictionary [4 ms]
2023-11-11T07:56:26.7518662Z   Passed MultipleQueryParametersCanBeSpecifiedUsingAListOfKeyValuePairs [3 ms]
2023-11-11T07:56:26.7520471Z   Passed MultipleQueryParameterValuesCanBeSpecified [4 ms]
2023-11-11T07:56:26.7521880Z   Passed QueryParametersAreAddedToRelativePathCorrectly [4 ms]
2023-11-11T07:56:26.7523243Z   Passed SingleQueryParameterCanBeSpecified [3 ms]
2023-11-11T07:56:26.7524878Z   Passed SingleQueryParameterWithCommaSeparatedValuesCanBeSpecified [3 ms]
2023-11-11T07:56:26.7526334Z   Passed JsonStringRequestBodyCanBeSupplied [3 ms]
2023-11-11T07:56:26.7527499Z   Passed Sending small plaintext request body [4 ms]
2023-11-11T07:56:26.7529221Z   Passed Sending medium plaintext request body [6 ms]
2023-11-11T07:56:26.8092268Z GET http://localhost:9876/api/request-specification?param_name=param_value&another_param_name=another_param_value
2023-11-11T07:56:26.8094222Z Content-Type: application/json; charset=utf-8
2023-11-11T07:56:26.8095535Z Content-Length: 0
2023-11-11T07:56:26.8096098Z 
2023-11-11T07:56:26.8104673Z   Passed Sending large plaintext request body [20 ms]
2023-11-11T07:56:26.8105943Z   Passed AcceptHeaderCanBeSuppliedAsString [3 ms]
2023-11-11T07:56:26.8107376Z   Passed ContentTypeHeaderCanBeSuppliedAsString [3 ms]
2023-11-11T07:56:26.8108363Z   Passed EncodingCanBeSupplied [3 ms]
2023-11-11T07:56:26.8109333Z   Passed HeaderWithASingleValueCanBeSupplied [5 ms]
2023-11-11T07:56:26.8110098Z   Passed HeaderWithMultipleValuesCanBeSupplied [6 ms]
2023-11-11T07:56:26.8110681Z   Passed Works with a leading / in the endpoint [4 ms]
2023-11-11T07:56:26.8111347Z   Passed Works without a leading / in the endpoint [4 ms]
2023-11-11T07:56:26.8111995Z   Passed With base path in request specification, works with a leading / [3 ms]
2023-11-11T07:56:26.8144752Z GET http://localhost:9876/api/request-specification?param_name=param_value&another_param_name=another_param_value
2023-11-11T07:56:26.8146561Z Content-Type: application/json; charset=utf-8
2023-11-11T07:56:26.8147790Z Content-Length: 0
2023-11-11T07:56:26.8148155Z 
2023-11-11T07:56:26.8741577Z   Passed With base path in request specification, works without a leading / [5 ms]
2023-11-11T07:56:26.8742902Z   Passed RequestSpecificationWithHeadersCanBeUsed [8 ms]
2023-11-11T07:56:26.8744139Z   Passed RequestSpecificationWithOAuth2CanBeUsed [4 ms]
2023-11-11T07:56:26.8745338Z   Passed UsingSchemeInHostNameThrowsTheExpectedException [2 ms]
2023-11-11T07:56:26.8746451Z   Passed ObjectCanBeDeserializedFromJson [11 ms]
2023-11-11T07:56:26.8747976Z   Passed ObjectCanBeDeserializedFromJsonAfterVerifications [5 ms]
2023-11-11T07:56:26.8749580Z   Passed ObjectCanBeDeserializedFromJsonUsingDeserializeToOverridingContentTypeHeader [5 ms]
2023-11-11T07:56:26.8751035Z   Passed ObjectCanBeDeserializedFromXml [14 ms]
2023-11-11T07:56:26.8752609Z   Passed ObjectCanBeDeserializedFromXmlUsingDeserializeToOverridingContentTypeHeader [5 ms]
2023-11-11T07:56:26.9465424Z   Passed UnableToDeserializeThrowsTheExpectedException [6 ms]
2023-11-11T07:56:26.9467567Z   Passed ElementValueNotMatchingMatcherTypeThrowsTheExpectedException [26 ms]
2023-11-11T07:56:26.9469082Z   Passed HtmlResponseBodyCanBeVerifiedUsingNHamcrestMatcher [3 ms]
2023-11-11T07:56:26.9470123Z   Passed HtmlResponseBodyElementCanBeVerifiedUsingNHamcrestMatcher [3 ms]
2023-11-11T07:56:26.9471961Z   Passed HtmlResponseBodyElementCanBeVerifiedUsingNHamcrestMatcherOverridingResponseContentTypeHeader [4 ms]
2023-11-11T07:56:26.9473926Z   Passed NoXPathResultsThrowsTheExpectedException [4 ms]
2023-11-11T07:56:26.9475318Z   Passed BooleanElementNHamcrestMatcherMismatchThrowsTheExpectedException [11 ms]
2023-11-11T07:56:26.9476898Z   Passed IntegerElementNHamcrestMatcherMismatchThrowsTheExpectedException [5 ms]
2023-11-11T07:56:26.9478725Z   Passed JsonResponseBodyElementBooleanValueCanBeVerifiedUsingNHamcrestMatcher [4 ms]
2023-11-11T07:56:26.9946451Z   Passed JsonResponseBodyElementCollectionCanBeVerifiedUsingNHamcrestMatcher [9 ms]
2023-11-11T07:56:26.9948771Z   Passed JsonResponseBodyElementCollectionCanBeVerifiedUsingNHamcrestMatcherOverridingResponseContentTypeHeader [4 ms]
2023-11-11T07:56:26.9950973Z   Passed JsonResponseBodyElementCollectionNHamcrestMatcherMisMatchThrowsTheExpectedException [5 ms]
2023-11-11T07:56:26.9952475Z   Passed JsonResponseBodyElementIntegerValueCanBeVerifiedUsingNHamcrestMatcher [4 ms]
2023-11-11T07:56:26.9954245Z   Passed JsonResponseBodyElementStringValueCanBeVerifiedOverridingContentTypeHeaderValue [4 ms]
2023-11-11T07:56:26.9955382Z   Passed JsonResponseBodyElementStringValueCanBeVerifiedUsingNHamcrestMatcher [4 ms]
2023-11-11T07:56:26.9956196Z   Passed NoJsonPathResultsThrowsTheExpectedException [4 ms]
2023-11-11T07:56:26.9957251Z   Passed StringElementNHamcrestMatcherMismatchThrowsTheExpectedException [5 ms]
2023-11-11T07:56:26.9958256Z   Passed FailingResponseBodyLengthVerificationThrowsTheExpectedException [5 ms]
2023-11-11T07:56:27.0036214Z HTTP 200 (OK)
2023-11-11T07:56:27.0037090Z Content-Type: application/json
2023-11-11T07:56:27.0037827Z Content-Length: 191
2023-11-11T07:56:27.0038410Z Date: Sat, 11 Nov 2023 07:56:27 GMT
2023-11-11T07:56:27.0039044Z Server: Kestrel
2023-11-11T07:56:27.0039836Z Transfer-Encoding: chunked
2023-11-11T07:56:27.0040351Z {
2023-11-11T07:56:27.0040726Z   "Country": "Ghana",
2023-11-11T07:56:27.0041190Z   "State": "Colorado",
2023-11-11T07:56:27.0041509Z   "ZipCode": 87692,
2023-11-11T07:56:27.0041854Z   "Places": [
2023-11-11T07:56:27.0042231Z     {
2023-11-11T07:56:27.0042515Z       "Name": "Jedediahfurt",
2023-11-11T07:56:27.0042907Z       "Inhabitants": 109986,
2023-11-11T07:56:27.0043577Z       "IsCapital": true
2023-11-11T07:56:27.0044082Z     },
2023-11-11T07:56:27.0044444Z     {
2023-11-11T07:56:27.0044867Z       "Name": "Houstonshire",
2023-11-11T07:56:27.0045235Z       "Inhabitants": 88986390,
2023-11-11T07:56:27.0045605Z       "IsCapital": true
2023-11-11T07:56:27.0046010Z     }
2023-11-11T07:56:27.0046266Z   ]
2023-11-11T07:56:27.0046621Z }
2023-11-11T07:56:27.0047225Z Response time: 1.8996 ms
2023-11-11T07:56:27.0047517Z 
2023-11-11T07:56:27.0362943Z   Passed ResponseBodyCanBeExtracted [6 ms]
2023-11-11T07:56:27.0363832Z   Passed ResponseBodyLengthCanBeVerified [4 ms]
2023-11-11T07:56:27.0364664Z   Passed ActualBodyNotEqualToExpectedThrowsTheExpectedException [4 ms]
2023-11-11T07:56:27.0365546Z   Passed ActualBodyNotMatchingNHamcrestMatcherThrowsTheExpectedException [4 ms]
2023-11-11T07:56:27.0366354Z   Passed CannotHandleResponseContentTypeThrowsTheExpectedException [4 ms]
2023-11-11T07:56:27.0367115Z   Passed JsonStringResponseBodyCanBeVerified [4 ms]
2023-11-11T07:56:27.0367800Z   Passed JsonStringResponseBodyCanBeVerifiedUsingNHamcrestMatcher [4 ms]
2023-11-11T07:56:27.0368475Z   Passed PlaintextResponseBodyCanBeVerified("small") [3 ms]
2023-11-11T07:56:27.0369184Z   Passed PlaintextResponseBodyCanBeVerified("medium") [4 ms]
2023-11-11T07:56:27.0841368Z   Passed PlaintextResponseBodyCanBeVerified("large") [5 ms]
2023-11-11T07:56:27.0842505Z   Passed PlaintextResponseBodyCanBeVerified("xlarge") [8 ms]
2023-11-11T07:56:27.0844380Z   Passed ElementValueNotMatchingMatcherTypeThrowsTheExpectedException [6 ms]
2023-11-11T07:56:27.0845327Z   Passed NoXPathResultsThrowsTheExpectedException [4 ms]
2023-11-11T07:56:27.0846362Z   Passed XmlResponseBodyElementBooleanValueCanBeVerifiedUsingNHamcrestMatcher [4 ms]
2023-11-11T07:56:27.0848132Z   Passed XmlResponseBodyElementCollectionCanBeVerifiedUsingNHamcrestMatcher [4 ms]
2023-11-11T07:56:27.0850324Z   Passed XmlResponseBodyElementCollectionCanBeVerifiedUsingNHamcrestMatcherOverridingResponseContentTypeHeader [4 ms]
2023-11-11T07:56:27.0852643Z   Passed XmlResponseBodyElementCollectionNHamcrestMatcherMisMatchThrowsTheExpectedException [4 ms]
2023-11-11T07:56:27.0854701Z   Passed XmlResponseBodyElementIntegerValueCanBeVerifiedUsingNHamcrestMatcher [4 ms]
2023-11-11T07:56:27.1254001Z   Passed XmlResponseBodyElementStringValueCanBeVerifiedOverridingResponseContentTypeHeader [5 ms]
2023-11-11T07:56:27.1255831Z   Passed XmlResponseBodyElementStringValueCanBeVerifiedUsingNHamcrestMatcher [4 ms]
2023-11-11T07:56:27.1257516Z   Passed CookieNotFoundThrowsTheExpectedExceptionWhenExtracting [5 ms]
2023-11-11T07:56:27.1258751Z   Passed CookieNotFoundThrowsTheExpectedExceptionWhenVerifying [4 ms]
2023-11-11T07:56:27.1259547Z   Passed CookieValueMismatchThrowsTheExpectedExceptionWhenVerifying [4 ms]
2023-11-11T07:56:27.1260632Z   Passed GenericCookieValueCanBeExtracted [4 ms]
2023-11-11T07:56:27.1261603Z   Passed GenericCookieValueCanBeVerified [4 ms]
2023-11-11T07:56:27.1262692Z   Passed HttpOnlySecureCookieValueCanBeExtracted [4 ms]
2023-11-11T07:56:27.1263944Z   Passed HttpOnlySecureCookieValueCanBeVerified [4 ms]
2023-11-11T07:56:27.1876153Z   Passed ContentTypeHeaderValueNotMatchingNHamcrestMatcherThrowsTheExpectedException [5 ms]
2023-11-11T07:56:27.1879095Z   Passed HeaderValueNotMatchingTheSpecifiedNHamcrestMatcherThrowsTheExpectedException [4 ms]
2023-11-11T07:56:27.1880918Z   Passed HeaderWithIncorrectValueThrowsTheExpectedException [4 ms]
2023-11-11T07:56:27.1881874Z   Passed IncorrectContentTypeHeaderValueThrowsTheExpectedException [4 ms]
2023-11-11T07:56:27.1882610Z   Passed MultipleResponseHeadersCanBeVerified [4 ms]
2023-11-11T07:56:27.1883302Z   Passed NotFoundHeaderThrowsTheExpectedException [22 ms]
2023-11-11T07:56:27.1883908Z   Passed ResponseContentTypeHeaderCanBeVerified [4 ms]
2023-11-11T07:56:27.1884631Z   Passed ResponseContentTypeHeaderCanBeVerifiedUsingNHamcrestMatcher [4 ms]
2023-11-11T07:56:27.1885359Z   Passed SingleResponseHeaderCanBeVerified [3 ms]
2023-11-11T07:56:27.2271349Z   Passed SingleResponseHeaderCanBeVerifiedUsingNHamcrestMatcher [4 ms]
2023-11-11T07:56:27.2273083Z   Passed HtmlResponseBodyElementValueCanBeExtracted [5 ms]
2023-11-11T07:56:27.2275086Z   Passed HtmlResponseBodyElementValueCanBeExtractedOverridingResponseContentType [4 ms]
2023-11-11T07:56:27.2276969Z   Passed HtmlResponseBodyMultipleElementsCanBeExtracted [3 ms]
2023-11-11T07:56:27.2278720Z   Passed NoXPathResultsThrowsTheExpectedException [4 ms]
2023-11-11T07:56:27.2279795Z   Passed EntireResponseCanBeExtracted [5 ms]
2023-11-11T07:56:27.2280897Z   Passed HeaderNotFoundInResponseThrowsTheExpectedException [4 ms]
2023-11-11T07:56:27.2282353Z   Passed JsonResponseBodyElementBooleanValueCanBeExtracted [4 ms]
2023-11-11T07:56:27.2283640Z   Passed JsonResponseBodyElementIntegerValueCanBeExtracted [3 ms]
2023-11-11T07:56:27.2661266Z   Passed JsonResponseBodyElementStringValueCanBeExtracted [4 ms]
2023-11-11T07:56:27.2663369Z   Passed JsonResponseBodyElementStringValueCanBeExtractedOverridingResponseContentType [4 ms]
2023-11-11T07:56:27.2665099Z   Passed JsonResponseBodyElementValueCanBeExtractedAsListWithSingleItem [4 ms]
2023-11-11T07:56:27.2666428Z   Passed JsonResponseBodyMultipleElementsCanBeExtracted [3 ms]
2023-11-11T07:56:27.2668153Z   Passed NoJsonPathResultsThrowsTheExpectedException [4 ms]
2023-11-11T07:56:27.2669185Z   Passed ResponseHeaderCanBeExtracted [4 ms]
2023-11-11T07:56:27.2670323Z   Passed StatusCodeIndicatingClientSideErrorCanBeVerifiedAsInteger [4 ms]
2023-11-11T07:56:27.2672297Z   Passed StatusCodeIndicatingServerSideErrorCanBeVerifiedAsInteger [4 ms]
2023-11-11T07:56:27.2673768Z   Passed StatusCodeIndicatingSuccessCanBeVerifiedAsHttpStatusCode [3 ms]
2023-11-11T07:56:27.9037135Z   Passed StatusCodeIndicatingSuccessCanBeVerifiedAsInteger [4 ms]
2023-11-11T07:56:27.9038559Z   Passed StatusCodeIndicatingSuccessCanBeVerifiedUsingNHamcrestEqualToMatcher [3 ms]
2023-11-11T07:56:27.9040384Z   Passed StatusCodeVerificationWithMismatchingNHamcrestMatcherThrowsTheExpectedException [3 ms]
2023-11-11T07:56:27.9042258Z   Passed FailingResponseTimeVerificationThrowsTheExpectedException [204 ms]
2023-11-11T07:56:27.9043353Z   Passed ResponseTimeCanBeExtracted [204 ms]
2023-11-11T07:56:27.9044185Z   Passed ResponseTimeCanBeVerified [202 ms]
2023-11-11T07:56:27.9045200Z   Passed NoXPathResultsThrowsTheExpectedException [4 ms]
2023-11-11T07:56:27.9045925Z   Passed XmlResponseBodyElementValueCanBeExtracted [3 ms]
2023-11-11T07:56:27.9046684Z   Passed XmlResponseBodyElementValueCanBeExtractedAsListWithSingleItem [3 ms]
2023-11-11T07:56:28.0801839Z GET https://localhost:8443/ssl-endpoint
2023-11-11T07:56:28.0802802Z Content-Type: application/json; charset=utf-8
2023-11-11T07:56:28.0803775Z Content-Length: 0
2023-11-11T07:56:28.0804320Z HTTP 200 (OK)
2023-11-11T07:56:28.0804809Z Content-Type: 
2023-11-11T07:56:28.0805477Z Content-Length: 0
2023-11-11T07:56:28.0806045Z Date: Sat, 11 Nov 2023 07:56:27 GMT
2023-11-11T07:56:28.0806623Z Server: Kestrel
2023-11-11T07:56:28.0807295Z Response time: 5.6917 ms
2023-11-11T07:56:28.0808111Z GET https://localhost:8443/ssl-endpoint
2023-11-11T07:56:28.0808922Z Content-Type: application/json; charset=utf-8
2023-11-11T07:56:28.0809835Z Content-Length: 0
2023-11-11T07:56:28.0810712Z HTTP 200 (OK)
2023-11-11T07:56:28.0811236Z Content-Type: 
2023-11-11T07:56:28.0811942Z Content-Length: 0
2023-11-11T07:56:28.0812513Z Date: Sat, 11 Nov 2023 07:56:28 GMT
2023-11-11T07:56:28.0813101Z Server: Kestrel
2023-11-11T07:56:28.0813746Z Response time: 5.5942 ms
2023-11-11T07:56:28.0814481Z GET https://localhost:8443/ssl-endpoint
2023-11-11T07:56:28.0815111Z Content-Type: application/json; charset=utf-8
2023-11-11T07:56:28.0815664Z Content-Length: 0
2023-11-11T07:56:28.0816001Z HTTP 200 (OK)
2023-11-11T07:56:28.0816309Z Content-Type: 
2023-11-11T07:56:28.0816714Z Content-Length: 0
2023-11-11T07:56:28.0817075Z Date: Sat, 11 Nov 2023 07:56:28 GMT
2023-11-11T07:56:28.0817617Z Server: Kestrel
2023-11-11T07:56:28.0818341Z Response time: 5.4456 ms
2023-11-11T07:56:28.0818683Z 
2023-11-11T07:56:28.0841653Z HTTP 200 (OK)
2023-11-11T07:56:28.0842230Z Content-Type: 
2023-11-11T07:56:28.0842988Z Content-Length: 0
2023-11-11T07:56:28.0843617Z Date: Sat, 11 Nov 2023 07:56:28 GMT
2023-11-11T07:56:28.0844097Z Server: Kestrel
2023-11-11T07:56:28.0844556Z Response time: 1.7931 ms
2023-11-11T07:56:28.0844788Z 
2023-11-11T07:56:28.0874658Z GET http://localhost:9876/timeout-ok
2023-11-11T07:56:28.0876090Z Content-Type: application/json; charset=utf-8
2023-11-11T07:56:28.0876920Z Content-Length: 0
2023-11-11T07:56:28.0877444Z HTTP 200 (OK)
2023-11-11T07:56:28.0878078Z Content-Type: 
2023-11-11T07:56:28.0878653Z Content-Length: 0
2023-11-11T07:56:28.0879218Z Date: Sat, 11 Nov 2023 07:56:28 GMT
2023-11-11T07:56:28.0879914Z Server: Kestrel
2023-11-11T07:56:28.0880475Z Response time: 1.6197 ms
2023-11-11T07:56:28.0880816Z 
2023-11-11T07:56:29.4013563Z   Passed XmlResponseBodyElementValueCanBeExtractedOverridingResponseContentType [4 ms]
2023-11-11T07:56:29.4014765Z   Passed XmlResponseBodyMultipleElementsCanBeExtracted [3 ms]
2023-11-11T07:56:29.4015750Z   Passed SslVerificationCanBeDisabledUsingStaticConfiguration [168 ms]
2023-11-11T07:56:29.4016827Z   Passed CustomTimeoutCanBeSuppliedInRequestSpecification [3 ms]
2023-11-11T07:56:29.4017549Z   Passed CustomTimeoutCanBeSuppliedInTest [3 ms]
2023-11-11T07:56:31.0859824Z   Passed TimeoutInRequestSpecificationExceededThrowsTheExpectedException [2 s]
2023-11-11T07:56:34.0861168Z GET http://localhost:9876/timeout-nok
2023-11-11T07:56:34.0862604Z Content-Type: application/json; charset=utf-8
2023-11-11T07:56:34.0864166Z Content-Length: 0
2023-11-11T07:56:34.0864505Z 
2023-11-11T07:56:34.0865343Z   Passed TimeoutInTestExceededThrowsTheExpectedException [3 s]
2023-11-11T07:56:34.0918755Z HTTP 200 (OK)
2023-11-11T07:56:34.0919424Z Content-Type: 
2023-11-11T07:56:34.0920012Z Content-Length: 0
2023-11-11T07:56:34.0920658Z Date: Sat, 11 Nov 2023 07:56:34 GMT
2023-11-11T07:56:34.0921288Z Server: Kestrel
2023-11-11T07:56:34.0921845Z Response time: 3.4424 ms
2023-11-11T07:56:34.0922184Z 
2023-11-11T07:56:34.0966629Z GET http://localhost:9876/user-agent
2023-11-11T07:56:34.0967582Z Content-Type: application/json; charset=utf-8
2023-11-11T07:56:34.0968482Z Content-Length: 0
2023-11-11T07:56:34.0969395Z User-Agent: MyUserAgent/1.0
2023-11-11T07:56:34.0969999Z HTTP 200 (OK)
2023-11-11T07:56:34.0970711Z Content-Type: 
2023-11-11T07:56:34.0971537Z Content-Length: 0
2023-11-11T07:56:34.0972104Z Date: Sat, 11 Nov 2023 07:56:34 GMT
2023-11-11T07:56:34.0972757Z Server: Kestrel
2023-11-11T07:56:34.0973485Z Response time: 3.1529 ms
2023-11-11T07:56:34.0973864Z 
2023-11-11T07:56:34.1018383Z GET http://localhost:9876/user-agent
2023-11-11T07:56:34.1024864Z Content-Type: application/json; charset=utf-8
2023-11-11T07:56:34.1025769Z Content-Length: 0
2023-11-11T07:56:34.1026544Z User-Agent: MyUserAgent/1.0
2023-11-11T07:56:34.1028344Z HTTP 200 (OK)
2023-11-11T07:56:34.1028946Z Content-Type: 
2023-11-11T07:56:34.1029627Z Content-Length: 0
2023-11-11T07:56:34.1030383Z Date: Sat, 11 Nov 2023 07:56:34 GMT
2023-11-11T07:56:34.1030985Z Server: Kestrel
2023-11-11T07:56:34.1031576Z Response time: 3.1191 ms
2023-11-11T07:56:34.1031913Z 
2023-11-11T07:56:34.1074881Z POST http://localhost:9876/xml-serialization
2023-11-11T07:56:34.1075844Z Content-Type: application/xml; charset=utf-8
2023-11-11T07:56:34.1076678Z Content-Length: 535
2023-11-11T07:56:34.1078111Z <Location xmlns:xsi="http://www.w3.org/2001/XMLSchema-instance" xmlns:xsd="http://www.w3.org/2001/XMLSchema">
2023-11-11T07:56:34.1079363Z   <Country>United States</Country>
2023-11-11T07:56:34.1079997Z   <State>California</State>
2023-11-11T07:56:34.1080685Z   <ZipCode>90210</ZipCode>
2023-11-11T07:56:34.1081287Z   <Places>
2023-11-11T07:56:34.1081561Z     <Place>
2023-11-11T07:56:34.1081972Z       <Name>Sun City</Name>
2023-11-11T07:56:34.1082382Z       <Inhabitants>100000</Inhabitants>
2023-11-11T07:56:34.1082951Z       <IsCapital>true</IsCapital>
2023-11-11T07:56:34.1083613Z     </Place>
2023-11-11T07:56:34.1083941Z     <Place>
2023-11-11T07:56:34.1084230Z       <Name>Pleasure Meadow</Name>
2023-11-11T07:56:34.1084710Z       <Inhabitants>50000</Inhabitants>
2023-11-11T07:56:34.1085140Z       <IsCapital>false</IsCapital>
2023-11-11T07:56:34.1085507Z     </Place>
2023-11-11T07:56:34.1085958Z   </Places>
2023-11-11T07:56:34.1086250Z </Location>
2023-11-11T07:56:34.1086530Z HTTP 201 (Created)
2023-11-11T07:56:34.1086998Z Content-Type: 
2023-11-11T07:56:34.1087349Z Content-Length: 0
2023-11-11T07:56:34.1087668Z Date: Sat, 11 Nov 2023 07:56:34 GMT
2023-11-11T07:56:34.1088212Z Server: Kestrel
2023-11-11T07:56:34.1088772Z Response time: 2.4466 ms
2023-11-11T07:56:34.1089217Z 
2023-11-11T07:56:34.1610994Z GET http://localhost:9876/xml-schema-validation
2023-11-11T07:56:34.1612145Z Content-Type: application/json; charset=utf-8
2023-11-11T07:56:34.1613272Z Content-Length: 0
2023-11-11T07:56:34.1613864Z HTTP 200 (OK)
2023-11-11T07:56:34.1614562Z Content-Type: application/xml
2023-11-11T07:56:34.1615464Z Content-Length: 456
2023-11-11T07:56:34.1616069Z Date: Sat, 11 Nov 2023 07:56:34 GMT
2023-11-11T07:56:34.1616698Z Server: Kestrel
2023-11-11T07:56:34.1617431Z Transfer-Encoding: chunked
2023-11-11T07:56:34.1618774Z <Location xmlns:xsi="http://www.w3.org/2001/XMLSchema-instance" xmlns:xsd="http://www.w3.org/2001/XMLSchema">
2023-11-11T07:56:34.1619993Z   <Country>United States</Country>
2023-11-11T07:56:34.1620755Z   <State>California</State>
2023-11-11T07:56:34.1621299Z   <ZipCode>90210</ZipCode>
2023-11-11T07:56:34.1621840Z   <Places>
2023-11-11T07:56:34.1622422Z     <Place>
2023-11-11T07:56:34.1623290Z       <Name>Sun City</Name>
2023-11-11T07:56:34.1623981Z       <Inhabitants>100000</Inhabitants>
2023-11-11T07:56:34.1624872Z       <IsCapital>true</IsCapital>
2023-11-11T07:56:34.1625504Z     </Place>
2023-11-11T07:56:34.1626034Z     <Place>
2023-11-11T07:56:34.1626697Z       <Name>Pleasure Meadow</Name>
2023-11-11T07:56:34.1627636Z       <Inhabitants>50000</Inhabitants>
2023-11-11T07:56:34.1628434Z       <IsCapital>false</IsCapital>
2023-11-11T07:56:34.1629282Z     </Place>
2023-11-11T07:56:34.1629772Z   </Places>
2023-11-11T07:56:34.1630322Z </Location>
2023-11-11T07:56:34.1631025Z Response time: 1.9474 ms
2023-11-11T07:56:34.1631385Z 
2023-11-11T07:56:34.1697157Z GET http://localhost:9876/non-matching-dtd-validation
2023-11-11T07:56:34.1698208Z Content-Type: application/json; charset=utf-8
2023-11-11T07:56:34.1699113Z Content-Length: 0
2023-11-11T07:56:34.1699432Z HTTP 200 (OK)
2023-11-11T07:56:34.1699840Z Content-Type: application/xml
2023-11-11T07:56:34.1700350Z Content-Length: 575
2023-11-11T07:56:34.1700700Z Date: Sat, 11 Nov 2023 07:56:34 GMT
2023-11-11T07:56:34.1701114Z Server: Kestrel
2023-11-11T07:56:34.1701578Z Transfer-Encoding: chunked
2023-11-11T07:56:34.1702032Z <!DOCTYPE store [
2023-11-11T07:56:34.1702622Z               <!ELEMENT store (item)*> 
2023-11-11T07:56:34.1703383Z               <!ELEMENT item (name,dept,price)>
2023-11-11T07:56:34.1703830Z               <!ATTLIST item type CDATA #REQUIRED>
2023-11-11T07:56:34.1704319Z               <!ATTLIST item ISBN CDATA #REQUIRED>
2023-11-11T07:56:34.1704858Z               <!ELEMENT name (#PCDATA)>
2023-11-11T07:56:34.1705273Z               <!ELEMENT price (#PCDATA)>]>
2023-11-11T07:56:34.1705672Z <store>
2023-11-11T07:56:34.1706505Z   <item type="supplies" ISBN="2-3631-4">
2023-11-11T07:56:34.1707320Z     <name>paint</name>
2023-11-11T07:56:34.1707692Z     <dept>interior design</dept>
2023-11-11T07:56:34.1708209Z     <price>16.95</price>
2023-11-11T07:56:34.1708520Z   </item>
2023-11-11T07:56:34.1708814Z </store>
2023-11-11T07:56:34.1709228Z Response time: 2.1956 ms
2023-11-11T07:56:34.1709438Z 
2023-11-11T07:56:34.1822304Z GET http://localhost:9876/xml-schema-validation
2023-11-11T07:56:34.1823311Z Content-Type: application/json; charset=utf-8
2023-11-11T07:56:34.1824281Z Content-Length: 0
2023-11-11T07:56:34.1824873Z HTTP 200 (OK)
2023-11-11T07:56:34.1825464Z Content-Type: application/xml
2023-11-11T07:56:34.1826348Z Content-Length: 456
2023-11-11T07:56:34.1827464Z Date: Sat, 11 Nov 2023 07:56:34 GMT
2023-11-11T07:56:34.1828099Z Server: Kestrel
2023-11-11T07:56:34.1828671Z Transfer-Encoding: chunked
2023-11-11T07:56:34.1829594Z <Location xmlns:xsi="http://www.w3.org/2001/XMLSchema-instance" xmlns:xsd="http://www.w3.org/2001/XMLSchema">
2023-11-11T07:56:34.1831921Z   <Country>United States</Country>
2023-11-11T07:56:34.1832752Z   <State>California</State>
2023-11-11T07:56:34.1833294Z   <ZipCode>90210</ZipCode>
2023-11-11T07:56:34.1833609Z   <Places>
2023-11-11T07:56:34.1834033Z     <Place>
2023-11-11T07:56:34.1834379Z       <Name>Sun City</Name>
2023-11-11T07:56:34.1834732Z       <Inhabitants>100000</Inhabitants>
2023-11-11T07:56:34.1835244Z       <IsCapital>true</IsCapital>
2023-11-11T07:56:34.1835640Z     </Place>
2023-11-11T07:56:34.1835905Z     <Place>
2023-11-11T07:56:34.1836304Z       <Name>Pleasure Meadow</Name>
2023-11-11T07:56:34.1836707Z       <Inhabitants>50000</Inhabitants>
2023-11-11T07:56:34.1837084Z       <IsCapital>false</IsCapital>
2023-11-11T07:56:34.1837545Z     </Place>
2023-11-11T07:56:34.1837842Z   </Places>
2023-11-11T07:56:34.1838093Z </Location>
2023-11-11T07:56:34.1838506Z Response time: 1.8514 ms
2023-11-11T07:56:34.1838712Z 
2023-11-11T07:56:34.1859436Z GET http://localhost:9876/xml-schema-unexpected-content-type
2023-11-11T07:56:34.1860484Z Content-Type: application/json; charset=utf-8
2023-11-11T07:56:34.1861412Z Content-Length: 0
2023-11-11T07:56:34.1861948Z HTTP 200 (OK)
2023-11-11T07:56:34.1862581Z Content-Type: application/something
2023-11-11T07:56:34.1863415Z Content-Length: 9
2023-11-11T07:56:34.1864226Z Date: Sat, 11 Nov 2023 07:56:34 GMT
2023-11-11T07:56:34.1864594Z Server: Kestrel
2023-11-11T07:56:34.1865096Z Transfer-Encoding: chunked
2023-11-11T07:56:34.1865461Z Something
2023-11-11T07:56:34.1865739Z Response time: 2.2997 ms
2023-11-11T07:56:34.1866074Z 
2023-11-11T07:56:34.1874382Z   Passed CustomUserAgentCanBeSuppliedThroughRequestSpecification [5 ms]
2023-11-11T07:56:34.1876030Z   Passed CustomUserAgentCanBeSuppliedUsingProductInfoHeaderValueInTest [4 ms]
2023-11-11T07:56:34.1877858Z   Passed CustomUserAgentCanBeSuppliedUsingProductNameAndProductVersionInTest [4 ms]
2023-11-11T07:56:34.1879281Z   Passed ObjectCanBeSerializedToXml [5 ms]
2023-11-11T07:56:34.1880274Z   Passed UnableToSerializeThrowsTheExpectedException [1 ms]
2023-11-11T07:56:34.1881520Z   Passed IncorrectlyFormattedXmlSchemaThrowsTheExpectedException [51 ms]
2023-11-11T07:56:34.1882845Z   Passed MismatchWithInlineDtdThrowsTheExpectedException [8 ms]
2023-11-11T07:56:34.1883929Z   Passed MismatchWithXmlSchemaThrowsTheExpectedException [11 ms]
2023-11-11T07:56:34.1884790Z   Passed UnexpectedResponseContentTypeThrowsTheExpectedExceptionWhenValidatingDtd [4 ms]
2023-11-11T07:56:34.1911427Z GET http://localhost:9876/xml-schema-unexpected-content-type
2023-11-11T07:56:34.1912710Z Content-Type: application/json; charset=utf-8
2023-11-11T07:56:34.1913773Z Content-Length: 0
2023-11-11T07:56:34.1914447Z HTTP 200 (OK)
2023-11-11T07:56:34.1915204Z Content-Type: application/something
2023-11-11T07:56:34.1916155Z Content-Length: 9
2023-11-11T07:56:34.1916790Z Date: Sat, 11 Nov 2023 07:56:34 GMT
2023-11-11T07:56:34.1917410Z Server: Kestrel
2023-11-11T07:56:34.1918144Z Transfer-Encoding: chunked
2023-11-11T07:56:34.1918968Z Something
2023-11-11T07:56:34.1919448Z Response time: 2.1406 ms
2023-11-11T07:56:34.1919833Z 
2023-11-11T07:56:34.1957542Z GET http://localhost:9876/matching-dtd-validation
2023-11-11T07:56:34.1958450Z Content-Type: application/json; charset=utf-8
2023-11-11T07:56:34.1959103Z Content-Length: 0
2023-11-11T07:56:34.1959588Z HTTP 200 (OK)
2023-11-11T07:56:34.1959977Z Content-Type: application/xml
2023-11-11T07:56:34.1960355Z Content-Length: 615
2023-11-11T07:56:34.1960819Z Date: Sat, 11 Nov 2023 07:56:34 GMT
2023-11-11T07:56:34.1961216Z Server: Kestrel
2023-11-11T07:56:34.1961577Z Transfer-Encoding: chunked
2023-11-11T07:56:34.1962007Z <!DOCTYPE store [
2023-11-11T07:56:34.1962459Z               <!ELEMENT store (item)*> 
2023-11-11T07:56:34.1962949Z               <!ELEMENT item (name,dept,price)>
2023-11-11T07:56:34.1963520Z               <!ATTLIST item type CDATA #REQUIRED>
2023-11-11T07:56:34.1963996Z               <!ATTLIST item ISBN CDATA #REQUIRED>
2023-11-11T07:56:34.1964723Z               <!ELEMENT name (#PCDATA)>
2023-11-11T07:56:34.1965582Z               <!ELEMENT dept (#PCDATA)>
2023-11-11T07:56:34.1966284Z               <!ELEMENT price (#PCDATA)>]>
2023-11-11T07:56:34.1966912Z <store>
2023-11-11T07:56:34.1967614Z   <item type="supplies" ISBN="2-3631-4">
2023-11-11T07:56:34.1968236Z     <name>paint</name>
2023-11-11T07:56:34.1968563Z     <dept>interior design</dept>
2023-11-11T07:56:34.1969029Z     <price>16.95</price>
2023-11-11T07:56:34.1969396Z   </item>
2023-11-11T07:56:34.1969648Z </store>
2023-11-11T07:56:34.1970033Z Response time: 1.9911 ms
2023-11-11T07:56:34.1970236Z 
2023-11-11T07:56:34.1996134Z GET http://localhost:9876/xml-schema-validation
2023-11-11T07:56:34.1997174Z Content-Type: application/json; charset=utf-8
2023-11-11T07:56:34.1998038Z Content-Length: 0
2023-11-11T07:56:34.1998540Z HTTP 200 (OK)
2023-11-11T07:56:34.1999154Z Content-Type: application/xml
2023-11-11T07:56:34.1999890Z Content-Length: 456
2023-11-11T07:56:34.2000466Z Date: Sat, 11 Nov 2023 07:56:34 GMT
2023-11-11T07:56:34.2000918Z Server: Kestrel
2023-11-11T07:56:34.2001349Z Transfer-Encoding: chunked
2023-11-11T07:56:34.2002163Z <Location xmlns:xsi="http://www.w3.org/2001/XMLSchema-instance" xmlns:xsd="http://www.w3.org/2001/XMLSchema">
2023-11-11T07:56:34.2002896Z   <Country>United States</Country>
2023-11-11T07:56:34.2003340Z   <State>California</State>
2023-11-11T07:56:34.2003967Z   <ZipCode>90210</ZipCode>
2023-11-11T07:56:34.2004325Z   <Places>
2023-11-11T07:56:34.2004796Z     <Place>
2023-11-11T07:56:34.2005185Z       <Name>Sun City</Name>
2023-11-11T07:56:34.2005608Z       <Inhabitants>100000</Inhabitants>
2023-11-11T07:56:34.2006099Z       <IsCapital>true</IsCapital>
2023-11-11T07:56:34.2006704Z     </Place>
2023-11-11T07:56:34.2007217Z     <Place>
2023-11-11T07:56:34.2007822Z       <Name>Pleasure Meadow</Name>
2023-11-11T07:56:34.2008373Z       <Inhabitants>50000</Inhabitants>
2023-11-11T07:56:34.2008785Z       <IsCapital>false</IsCapital>
2023-11-11T07:56:34.2009202Z     </Place>
2023-11-11T07:56:34.2009509Z   </Places>
2023-11-11T07:56:34.2009797Z </Location>
2023-11-11T07:56:34.2010183Z Response time: 1.8446 ms
2023-11-11T07:56:34.2010426Z 
2023-11-11T07:56:34.2030745Z GET http://localhost:9876/xml-schema-validation
2023-11-11T07:56:34.2031712Z Content-Type: application/json; charset=utf-8
2023-11-11T07:56:34.2032621Z Content-Length: 0
2023-11-11T07:56:34.2033138Z HTTP 200 (OK)
2023-11-11T07:56:34.2033776Z Content-Type: application/xml
2023-11-11T07:56:34.2034518Z Content-Length: 456
2023-11-11T07:56:34.2034900Z Date: Sat, 11 Nov 2023 07:56:34 GMT
2023-11-11T07:56:34.2035306Z Server: Kestrel
2023-11-11T07:56:34.2035730Z Transfer-Encoding: chunked
2023-11-11T07:56:34.2036540Z <Location xmlns:xsi="http://www.w3.org/2001/XMLSchema-instance" xmlns:xsd="http://www.w3.org/2001/XMLSchema">
2023-11-11T07:56:34.2037294Z   <Country>United States</Country>
2023-11-11T07:56:34.2037986Z   <State>California</State>
2023-11-11T07:56:34.2038651Z   <ZipCode>90210</ZipCode>
2023-11-11T07:56:34.2039200Z   <Places>
2023-11-11T07:56:34.2039997Z     <Place>
2023-11-11T07:56:34.2040521Z       <Name>Sun City</Name>
2023-11-11T07:56:34.2041061Z       <Inhabitants>100000</Inhabitants>
2023-11-11T07:56:34.2041562Z       <IsCapital>true</IsCapital>
2023-11-11T07:56:34.2041964Z     </Place>
2023-11-11T07:56:34.2042261Z     <Place>
2023-11-11T07:56:34.2042640Z       <Name>Pleasure Meadow</Name>
2023-11-11T07:56:34.2043064Z       <Inhabitants>50000</Inhabitants>
2023-11-11T07:56:34.2043471Z       <IsCapital>false</IsCapital>
2023-11-11T07:56:34.2043886Z     </Place>
2023-11-11T07:56:34.2044202Z   </Places>
2023-11-11T07:56:34.2044497Z </Location>
2023-11-11T07:56:34.2044871Z Response time: 1.8112 ms
2023-11-11T07:56:34.2045131Z 
2023-11-11T07:56:34.2140665Z NUnit Adapter 4.5.0.0: Test execution complete
2023-11-11T07:56:34.2844530Z   Passed UnexpectedResponseContentTypeThrowsTheExpectedExceptionWhenValidatingXsd [4 ms]
2023-11-11T07:56:34.2846264Z   Passed XmlResponseCanBeVerifiedAgainstInlineDtd [4 ms]
2023-11-11T07:56:34.2847337Z   Passed XmlSchemaCanBeSuppliedAndVerifiedAsString [3 ms]
2023-11-11T07:56:34.2848713Z   Passed XmlSchemaCanBeSuppliedAndVerifiedAsXmlSchemaSet [3 ms]
2023-11-11T07:56:34.2897597Z 
2023-11-11T07:56:34.2947011Z Test Run Successful.
2023-11-11T07:56:34.2947673Z Total tests: 191
2023-11-11T07:56:34.2948165Z      Passed: 191
2023-11-11T07:56:34.2950516Z  Total time: 14.3762 Seconds
2023-11-11T07:56:34.3233063Z      1>Done Building Project "/home/runner/work/rest-assured-net/rest-assured-net/RestAssured.Net.sln" (VSTest target(s)).
2023-11-11T07:56:34.3390584Z 
2023-11-11T07:56:34.3391324Z Build succeeded.
2023-11-11T07:56:34.3392405Z     0 Warning(s)
2023-11-11T07:56:34.3393390Z     0 Error(s)
2023-11-11T07:56:34.3395725Z 
2023-11-11T07:56:34.3396347Z Time Elapsed 00:00:16.21
2023-11-11T07:56:34.4049773Z Post job cleanup.
2023-11-11T07:56:34.5357010Z Post job cleanup.
2023-11-11T07:56:34.6183160Z [command]/usr/bin/git version
2023-11-11T07:56:34.6229002Z git version 2.42.0
2023-11-11T07:56:34.6270502Z Temporarily overriding HOME='/home/runner/work/_temp/a938d1fe-66dc-46f8-b9a3-e56ef968c6c5' before making global git config changes
2023-11-11T07:56:34.6272556Z Adding repository directory to the temporary git global config as a safe directory
2023-11-11T07:56:34.6277705Z [command]/usr/bin/git config --global --add safe.directory /home/runner/work/rest-assured-net/rest-assured-net
2023-11-11T07:56:34.6320644Z [command]/usr/bin/git config --local --name-only --get-regexp core\.sshCommand
2023-11-11T07:56:34.6361533Z [command]/usr/bin/git submodule foreach --recursive sh -c "git config --local --name-only --get-regexp 'core\.sshCommand' && git config --local --unset-all 'core.sshCommand' || :"
2023-11-11T07:56:34.6603438Z [command]/usr/bin/git config --local --name-only --get-regexp http\.https\:\/\/github\.com\/\.extraheader
2023-11-11T07:56:34.6632500Z http.https://github.com/.extraheader
2023-11-11T07:56:34.6643295Z [command]/usr/bin/git config --local --unset-all http.https://github.com/.extraheader
2023-11-11T07:56:34.6681936Z [command]/usr/bin/git submodule foreach --recursive sh -c "git config --local --name-only --get-regexp 'http\.https\:\/\/github\.com\/\.extraheader' && git config --local --unset-all 'http.https://github.com/.extraheader' || :"
2023-11-11T07:56:34.7151300Z Cleaning up orphan processes
2023-11-11T07:56:34.7598220Z Terminate orphan process: pid (1985) (dotnet)
2023-11-11T07:56:34.7647330Z Terminate orphan process: pid (1986) (dotnet)
2023-11-11T07:56:34.7693928Z Terminate orphan process: pid (2090) (dotnet)
2023-11-11T07:56:34.7925271Z Terminate orphan process: pid (2110) (dotnet)
