2023-11-11T07:55:49.4004782Z Requested labels: ubuntu-latest
2023-11-11T07:55:49.4005130Z Job defined at: basdijkstra/rest-assured-net/.github/workflows/ci.yml@refs/heads/main
2023-11-11T07:55:49.4005254Z Waiting for a runner to pick up this job...
2023-11-11T07:55:49.8248129Z Job is waiting for a hosted runner to come online.
2023-11-11T07:55:52.5559539Z Job is about to start running on the hosted runner: GitHub Actions 4 (hosted)
2023-11-11T07:55:54.8316481Z Current runner version: '2.311.0'
2023-11-11T07:55:54.8349455Z ##[group]Operating System
2023-11-11T07:55:54.8350321Z Ubuntu
2023-11-11T07:55:54.8350799Z 22.04.3
2023-11-11T07:55:54.8351353Z LTS
2023-11-11T07:55:54.8351791Z ##[endgroup]
2023-11-11T07:55:54.8352319Z ##[group]Runner Image
2023-11-11T07:55:54.8352998Z Image: ubuntu-22.04
2023-11-11T07:55:54.8353525Z Version: 20231030.2.0
2023-11-11T07:55:54.8354926Z Included Software: https://github.com/actions/runner-images/blob/ubuntu22/20231030.2/images/linux/Ubuntu2204-Readme.md
2023-11-11T07:55:54.8357043Z Image Release: https://github.com/actions/runner-images/releases/tag/ubuntu22%2F20231030.2
2023-11-11T07:55:54.8358213Z ##[endgroup]
2023-11-11T07:55:54.8358787Z ##[group]Runner Image Provisioner
2023-11-11T07:55:54.8359528Z 2.0.312.1
2023-11-11T07:55:54.8359983Z ##[endgroup]
2023-11-11T07:55:54.8363240Z ##[group]GITHUB_TOKEN Permissions
2023-11-11T07:55:54.8365598Z Actions: write
2023-11-11T07:55:54.8366135Z Checks: write
2023-11-11T07:55:54.8367010Z Contents: write
2023-11-11T07:55:54.8367647Z Deployments: write
2023-11-11T07:55:54.8368304Z Discussions: write
2023-11-11T07:55:54.8368812Z Issues: write
2023-11-11T07:55:54.8369349Z Metadata: read
2023-11-11T07:55:54.8369952Z Packages: write
2023-11-11T07:55:54.8370442Z Pages: write
2023-11-11T07:55:54.8370987Z PullRequests: write
2023-11-11T07:55:54.8371678Z RepositoryProjects: write
2023-11-11T07:55:54.8372305Z SecurityEvents: write
2023-11-11T07:55:54.8372902Z Statuses: write
2023-11-11T07:55:54.8373510Z ##[endgroup]
2023-11-11T07:55:54.8377506Z Secret source: Actions
2023-11-11T07:55:54.8378311Z Prepare workflow directory
2023-11-11T07:55:54.9141953Z Prepare all required actions
2023-11-11T07:55:54.9337522Z Getting action download info
2023-11-11T07:55:55.0978985Z Download action repository 'actions/checkout@v3' (SHA:f43a0e5ff2bd294095638e18286ca9a3d1956744)
2023-11-11T07:55:55.2611581Z Download action repository 'actions/setup-dotnet@v3' (SHA:3447fd6a9f9e57506b15f895c5b76d3b197dc7c2)
2023-11-11T07:55:55.7046624Z Complete job name: build (7.0.x)
2023-11-11T07:55:55.8144079Z ##[group]Run actions/checkout@v3
2023-11-11T07:55:55.8144737Z with:
2023-11-11T07:55:55.8145197Z   repository: basdijkstra/rest-assured-net
2023-11-11T07:55:55.8146206Z   token: ***
2023-11-11T07:55:55.8146649Z   ssh-strict: true
2023-11-11T07:55:55.8147112Z   persist-credentials: true
2023-11-11T07:55:55.8147654Z   clean: true
2023-11-11T07:55:55.8148118Z   sparse-checkout-cone-mode: true
2023-11-11T07:55:55.8148699Z   fetch-depth: 1
2023-11-11T07:55:55.8149137Z   fetch-tags: false
2023-11-11T07:55:55.8149570Z   lfs: false
2023-11-11T07:55:55.8149965Z   submodules: false
2023-11-11T07:55:55.8150443Z   set-safe-directory: true
2023-11-11T07:55:55.8151044Z ##[endgroup]
2023-11-11T07:55:56.1012020Z Syncing repository: basdijkstra/rest-assured-net
2023-11-11T07:55:56.1014356Z ##[group]Getting Git version info
2023-11-11T07:55:56.1015630Z Working directory is '/home/runner/work/rest-assured-net/rest-assured-net'
2023-11-11T07:55:56.1016912Z [command]/usr/bin/git version
2023-11-11T07:55:56.1077773Z git version 2.42.0
2023-11-11T07:55:56.1105594Z ##[endgroup]
2023-11-11T07:55:56.1124365Z Temporarily overriding HOME='/home/runner/work/_temp/e64b219c-19e5-4bf1-b1ed-91940dc1e385' before making global git config changes
2023-11-11T07:55:56.1126203Z Adding repository directory to the temporary git global config as a safe directory
2023-11-11T07:55:56.1130171Z [command]/usr/bin/git config --global --add safe.directory /home/runner/work/rest-assured-net/rest-assured-net
2023-11-11T07:55:56.1192751Z Deleting the contents of '/home/runner/work/rest-assured-net/rest-assured-net'
2023-11-11T07:55:56.1194157Z ##[group]Initializing the repository
2023-11-11T07:55:56.1195188Z [command]/usr/bin/git init /home/runner/work/rest-assured-net/rest-assured-net
2023-11-11T07:55:56.1300805Z hint: Using 'master' as the name for the initial branch. This default branch name
2023-11-11T07:55:56.1302614Z hint: is subject to change. To configure the initial branch name to use in all
2023-11-11T07:55:56.1304666Z hint: of your new repositories, which will suppress this warning, call:
2023-11-11T07:55:56.1305715Z hint: 
2023-11-11T07:55:56.1306748Z hint: 	git config --global init.defaultBranch <name>
2023-11-11T07:55:56.1307620Z hint: 
2023-11-11T07:55:56.1308747Z hint: Names commonly chosen instead of 'master' are 'main', 'trunk' and
2023-11-11T07:55:56.1310609Z hint: 'development'. The just-created branch can be renamed via this command:
2023-11-11T07:55:56.1311947Z hint: 
2023-11-11T07:55:56.1312626Z hint: 	git branch -m <name>
2023-11-11T07:55:56.1315876Z Initialized empty Git repository in /home/runner/work/rest-assured-net/rest-assured-net/.git/
2023-11-11T07:55:56.1331071Z [command]/usr/bin/git remote add origin https://github.com/basdijkstra/rest-assured-net
2023-11-11T07:55:56.1391351Z ##[endgroup]
2023-11-11T07:55:56.1392383Z ##[group]Disabling automatic garbage collection
2023-11-11T07:55:56.1393869Z [command]/usr/bin/git config --local gc.auto 0
2023-11-11T07:55:56.1428637Z ##[endgroup]
2023-11-11T07:55:56.1429673Z ##[group]Setting up auth
2023-11-11T07:55:56.1436050Z [command]/usr/bin/git config --local --name-only --get-regexp core\.sshCommand
2023-11-11T07:55:56.1475831Z [command]/usr/bin/git submodule foreach --recursive sh -c "git config --local --name-only --get-regexp 'core\.sshCommand' && git config --local --unset-all 'core.sshCommand' || :"
2023-11-11T07:55:56.1970565Z [command]/usr/bin/git config --local --name-only --get-regexp http\.https\:\/\/github\.com\/\.extraheader
2023-11-11T07:55:56.2009699Z [command]/usr/bin/git submodule foreach --recursive sh -c "git config --local --name-only --get-regexp 'http\.https\:\/\/github\.com\/\.extraheader' && git config --local --unset-all 'http.https://github.com/.extraheader' || :"
2023-11-11T07:55:56.2278996Z [command]/usr/bin/git config --local http.https://github.com/.extraheader AUTHORIZATION: basic ***
2023-11-11T07:55:56.2320780Z ##[endgroup]
2023-11-11T07:55:56.2324591Z ##[group]Fetching the repository
2023-11-11T07:55:56.2337006Z [command]/usr/bin/git -c protocol.version=2 fetch --no-tags --prune --progress --no-recurse-submodules --depth=1 origin +ccc543523c488412d39ee9c96ee2ad5962839e69:refs/remotes/origin/main
2023-11-11T07:55:56.4545828Z remote: Enumerating objects: 103, done.        
2023-11-11T07:55:56.4547351Z remote: Counting objects:   0% (1/103)        
2023-11-11T07:55:56.4548229Z remote: Counting objects:   1% (2/103)        
2023-11-11T07:55:56.4549498Z remote: Counting objects:   2% (3/103)        
2023-11-11T07:55:56.4550163Z remote: Counting objects:   3% (4/103)        
2023-11-11T07:55:56.4550733Z remote: Counting objects:   4% (5/103)        
2023-11-11T07:55:56.4567846Z remote: Counting objects:   5% (6/103)        
2023-11-11T07:55:56.4568849Z remote: Counting objects:   6% (7/103)        
2023-11-11T07:55:56.4569914Z remote: Counting objects:   7% (8/103)        
2023-11-11T07:55:56.4570556Z remote: Counting objects:   8% (9/103)        
2023-11-11T07:55:56.4571128Z remote: Counting objects:   9% (10/103)        
2023-11-11T07:55:56.4571777Z remote: Counting objects:  10% (11/103)        
2023-11-11T07:55:56.4572367Z remote: Counting objects:  11% (12/103)        
2023-11-11T07:55:56.4572927Z remote: Counting objects:  12% (13/103)        
2023-11-11T07:55:56.4573502Z remote: Counting objects:  13% (14/103)        
2023-11-11T07:55:56.4574082Z remote: Counting objects:  14% (15/103)        
2023-11-11T07:55:56.4574639Z remote: Counting objects:  15% (16/103)        
2023-11-11T07:55:56.4575209Z remote: Counting objects:  16% (17/103)        
2023-11-11T07:55:56.4575775Z remote: Counting objects:  17% (18/103)        
2023-11-11T07:55:56.4576327Z remote: Counting objects:  18% (19/103)        
2023-11-11T07:55:56.4576906Z remote: Counting objects:  19% (20/103)        
2023-11-11T07:55:56.4577482Z remote: Counting objects:  20% (21/103)        
2023-11-11T07:55:56.4578039Z remote: Counting objects:  21% (22/103)        
2023-11-11T07:55:56.4578609Z remote: Counting objects:  22% (23/103)        
2023-11-11T07:55:56.4579796Z remote: Counting objects:  23% (24/103)        
2023-11-11T07:55:56.4580448Z remote: Counting objects:  24% (25/103)        
2023-11-11T07:55:56.4581079Z remote: Counting objects:  25% (26/103)        
2023-11-11T07:55:56.4581717Z remote: Counting objects:  26% (27/103)        
2023-11-11T07:55:56.4582361Z remote: Counting objects:  27% (28/103)        
2023-11-11T07:55:56.4583018Z remote: Counting objects:  28% (29/103)        
2023-11-11T07:55:56.4583656Z remote: Counting objects:  29% (30/103)        
2023-11-11T07:55:56.4584298Z remote: Counting objects:  30% (31/103)        
2023-11-11T07:55:56.4584967Z remote: Counting objects:  31% (32/103)        
2023-11-11T07:55:56.4585591Z remote: Counting objects:  32% (33/103)        
2023-11-11T07:55:56.4586231Z remote: Counting objects:  33% (34/103)        
2023-11-11T07:55:56.4586903Z remote: Counting objects:  34% (36/103)        
2023-11-11T07:55:56.4587548Z remote: Counting objects:  35% (37/103)        
2023-11-11T07:55:56.4588181Z remote: Counting objects:  36% (38/103)        
2023-11-11T07:55:56.4588834Z remote: Counting objects:  37% (39/103)        
2023-11-11T07:55:56.4589471Z remote: Counting objects:  38% (40/103)        
2023-11-11T07:55:56.4590108Z remote: Counting objects:  39% (41/103)        
2023-11-11T07:55:56.4590732Z remote: Counting objects:  40% (42/103)        
2023-11-11T07:55:56.4591368Z remote: Counting objects:  41% (43/103)        
2023-11-11T07:55:56.4592008Z remote: Counting objects:  42% (44/103)        
2023-11-11T07:55:56.4592633Z remote: Counting objects:  43% (45/103)        
2023-11-11T07:55:56.4593270Z remote: Counting objects:  44% (46/103)        
2023-11-11T07:55:56.4593912Z remote: Counting objects:  45% (47/103)        
2023-11-11T07:55:56.4594555Z remote: Counting objects:  46% (48/103)        
2023-11-11T07:55:56.4595193Z remote: Counting objects:  47% (49/103)        
2023-11-11T07:55:56.4595840Z remote: Counting objects:  48% (50/103)        
2023-11-11T07:55:56.4596479Z remote: Counting objects:  49% (51/103)        
2023-11-11T07:55:56.4597281Z remote: Counting objects:  50% (52/103)        
2023-11-11T07:55:56.4598110Z remote: Counting objects:  51% (53/103)        
2023-11-11T07:55:56.4598680Z remote: Counting objects:  52% (54/103)        
2023-11-11T07:55:56.4599246Z remote: Counting objects:  53% (55/103)        
2023-11-11T07:55:56.4599885Z remote: Counting objects:  54% (56/103)        
2023-11-11T07:55:56.4600523Z remote: Counting objects:  55% (57/103)        
2023-11-11T07:55:56.4602122Z remote: Counting objects:  56% (58/103)        
2023-11-11T07:55:56.4602704Z remote: Counting objects:  57% (59/103)        
2023-11-11T07:55:56.4603257Z remote: Counting objects:  58% (60/103)        
2023-11-11T07:55:56.4603827Z remote: Counting objects:  59% (61/103)        
2023-11-11T07:55:56.4604402Z remote: Counting objects:  60% (62/103)        
2023-11-11T07:55:56.4604958Z remote: Counting objects:  61% (63/103)        
2023-11-11T07:55:56.4605528Z remote: Counting objects:  62% (64/103)        
2023-11-11T07:55:56.4606121Z remote: Counting objects:  63% (65/103)        
2023-11-11T07:55:56.4606697Z remote: Counting objects:  64% (66/103)        
2023-11-11T07:55:56.4607257Z remote: Counting objects:  65% (67/103)        
2023-11-11T07:55:56.4607826Z remote: Counting objects:  66% (68/103)        
2023-11-11T07:55:56.4608620Z remote: Counting objects:  67% (70/103)        
2023-11-11T07:55:56.4609218Z remote: Counting objects:  68% (71/103)        
2023-11-11T07:55:56.4609791Z remote: Counting objects:  69% (72/103)        
2023-11-11T07:55:56.4610358Z remote: Counting objects:  70% (73/103)        
2023-11-11T07:55:56.4610918Z remote: Counting objects:  71% (74/103)        
2023-11-11T07:55:56.4611488Z remote: Counting objects:  72% (75/103)        
2023-11-11T07:55:56.4612062Z remote: Counting objects:  73% (76/103)        
2023-11-11T07:55:56.4612615Z remote: Counting objects:  74% (77/103)        
2023-11-11T07:55:56.4613188Z remote: Counting objects:  75% (78/103)        
2023-11-11T07:55:56.4613990Z remote: Counting objects:  76% (79/103)        
2023-11-11T07:55:56.4614560Z remote: Counting objects:  77% (80/103)        
2023-11-11T07:55:56.4615115Z remote: Counting objects:  78% (81/103)        
2023-11-11T07:55:56.4615681Z remote: Counting objects:  79% (82/103)        
2023-11-11T07:55:56.4616257Z remote: Counting objects:  80% (83/103)        
2023-11-11T07:55:56.4616814Z remote: Counting objects:  81% (84/103)        
2023-11-11T07:55:56.4617381Z remote: Counting objects:  82% (85/103)        
2023-11-11T07:55:56.4617945Z remote: Counting objects:  83% (86/103)        
2023-11-11T07:55:56.4618497Z remote: Counting objects:  84% (87/103)        
2023-11-11T07:55:56.4619067Z remote: Counting objects:  85% (88/103)        
2023-11-11T07:55:56.4619638Z remote: Counting objects:  86% (89/103)        
2023-11-11T07:55:56.4620199Z remote: Counting objects:  87% (90/103)        
2023-11-11T07:55:56.4620769Z remote: Counting objects:  88% (91/103)        
2023-11-11T07:55:56.4621342Z remote: Counting objects:  89% (92/103)        
2023-11-11T07:55:56.4621905Z remote: Counting objects:  90% (93/103)        
2023-11-11T07:55:56.4622474Z remote: Counting objects:  91% (94/103)        
2023-11-11T07:55:56.4623042Z remote: Counting objects:  92% (95/103)        
2023-11-11T07:55:56.4623598Z remote: Counting objects:  93% (96/103)        
2023-11-11T07:55:56.4624174Z remote: Counting objects:  94% (97/103)        
2023-11-11T07:55:56.4626918Z remote: Counting objects:  95% (98/103)        
2023-11-11T07:55:56.4627818Z remote: Counting objects:  96% (99/103)        
2023-11-11T07:55:56.4628410Z remote: Counting objects:  97% (100/103)        
2023-11-11T07:55:56.4629014Z remote: Counting objects:  98% (101/103)        
2023-11-11T07:55:56.4630407Z remote: Counting objects:  99% (102/103)        
2023-11-11T07:55:56.4631004Z remote: Counting objects: 100% (103/103)        
2023-11-11T07:55:56.4631638Z remote: Counting objects: 100% (103/103), done.        
2023-11-11T07:55:56.4632276Z remote: Compressing objects:   1% (1/95)        
2023-11-11T07:55:56.4633110Z remote: Compressing objects:   2% (2/95)        
2023-11-11T07:55:56.4633721Z remote: Compressing objects:   3% (3/95)        
2023-11-11T07:55:56.4634313Z remote: Compressing objects:   4% (4/95)        
2023-11-11T07:55:56.4634891Z remote: Compressing objects:   5% (5/95)        
2023-11-11T07:55:56.4635481Z remote: Compressing objects:   6% (6/95)        
2023-11-11T07:55:56.4636082Z remote: Compressing objects:   7% (7/95)        
2023-11-11T07:55:56.4636662Z remote: Compressing objects:   8% (8/95)        
2023-11-11T07:55:56.4637270Z remote: Compressing objects:   9% (9/95)        
2023-11-11T07:55:56.4637870Z remote: Compressing objects:  10% (10/95)        
2023-11-11T07:55:56.4638465Z remote: Compressing objects:  11% (11/95)        
2023-11-11T07:55:56.4639078Z remote: Compressing objects:  12% (12/95)        
2023-11-11T07:55:56.4639683Z remote: Compressing objects:  13% (13/95)        
2023-11-11T07:55:56.4640272Z remote: Compressing objects:  14% (14/95)        
2023-11-11T07:55:56.4641114Z remote: Compressing objects:  15% (15/95)        
2023-11-11T07:55:56.4641727Z remote: Compressing objects:  16% (16/95)        
2023-11-11T07:55:56.4642321Z remote: Compressing objects:  17% (17/95)        
2023-11-11T07:55:56.4642901Z remote: Compressing objects:  18% (18/95)        
2023-11-11T07:55:56.4643501Z remote: Compressing objects:  20% (19/95)        
2023-11-11T07:55:56.4648294Z remote: Compressing objects:  21% (20/95)        
2023-11-11T07:55:56.4649015Z remote: Compressing objects:  22% (21/95)        
2023-11-11T07:55:56.4649621Z remote: Compressing objects:  23% (22/95)        
2023-11-11T07:55:56.4652236Z remote: Compressing objects:  24% (23/95)        
2023-11-11T07:55:56.4652822Z remote: Compressing objects:  25% (24/95)        
2023-11-11T07:55:56.4653428Z remote: Compressing objects:  26% (25/95)        
2023-11-11T07:55:56.4654024Z remote: Compressing objects:  27% (26/95)        
2023-11-11T07:55:56.4654636Z remote: Compressing objects:  28% (27/95)        
2023-11-11T07:55:56.4655484Z remote: Compressing objects:  29% (28/95)        
2023-11-11T07:55:56.4656081Z remote: Compressing objects:  30% (29/95)        
2023-11-11T07:55:56.4658505Z remote: Compressing objects:  31% (30/95)        
2023-11-11T07:55:56.4665759Z remote: Compressing objects:  32% (31/95)        
2023-11-11T07:55:56.4666445Z remote: Compressing objects:  33% (32/95)        
2023-11-11T07:55:56.4668124Z remote: Compressing objects:  34% (33/95)        
2023-11-11T07:55:56.4672125Z remote: Compressing objects:  35% (34/95)        
2023-11-11T07:55:56.4680760Z remote: Compressing objects:  36% (35/95)        
2023-11-11T07:55:56.4683843Z remote: Compressing objects:  37% (36/95)        
2023-11-11T07:55:56.4687813Z remote: Compressing objects:  38% (37/95)        
2023-11-11T07:55:56.4690955Z remote: Compressing objects:  40% (38/95)        
2023-11-11T07:55:56.4693570Z remote: Compressing objects:  41% (39/95)        
2023-11-11T07:55:56.4713964Z remote: Compressing objects:  42% (40/95)        
2023-11-11T07:55:56.4714703Z remote: Compressing objects:  43% (41/95)        
2023-11-11T07:55:56.4715435Z remote: Compressing objects:  44% (42/95)        
2023-11-11T07:55:56.4720379Z remote: Compressing objects:  45% (43/95)        
2023-11-11T07:55:56.4721289Z remote: Compressing objects:  46% (44/95)        
2023-11-11T07:55:56.4731661Z remote: Compressing objects:  47% (45/95)        
2023-11-11T07:55:56.4736339Z remote: Compressing objects:  48% (46/95)        
2023-11-11T07:55:56.4748818Z remote: Compressing objects:  49% (47/95)        
2023-11-11T07:55:56.4749546Z remote: Compressing objects:  50% (48/95)        
2023-11-11T07:55:56.4750385Z remote: Compressing objects:  51% (49/95)        
2023-11-11T07:55:56.4754350Z remote: Compressing objects:  52% (50/95)        
2023-11-11T07:55:56.4757955Z remote: Compressing objects:  53% (51/95)        
2023-11-11T07:55:56.4763358Z remote: Compressing objects:  54% (52/95)        
2023-11-11T07:55:56.4765677Z remote: Compressing objects:  55% (53/95)        
2023-11-11T07:55:56.4768491Z remote: Compressing objects:  56% (54/95)        
2023-11-11T07:55:56.4774756Z remote: Compressing objects:  57% (55/95)        
2023-11-11T07:55:56.4777881Z remote: Compressing objects:  58% (56/95)        
2023-11-11T07:55:56.4781024Z remote: Compressing objects:  60% (57/95)        
2023-11-11T07:55:56.4784922Z remote: Compressing objects:  61% (58/95)        
2023-11-11T07:55:56.4788448Z remote: Compressing objects:  62% (59/95)        
2023-11-11T07:55:56.4801647Z remote: Compressing objects:  63% (60/95)        
2023-11-11T07:55:56.4802414Z remote: Compressing objects:  64% (61/95)        
2023-11-11T07:55:56.4803141Z remote: Compressing objects:  65% (62/95)        
2023-11-11T07:55:56.4803920Z remote: Compressing objects:  66% (63/95)        
2023-11-11T07:55:56.4804636Z remote: Compressing objects:  67% (64/95)        
2023-11-11T07:55:56.4805359Z remote: Compressing objects:  68% (65/95)        
2023-11-11T07:55:56.4806092Z remote: Compressing objects:  69% (66/95)        
2023-11-11T07:55:56.4806828Z remote: Compressing objects:  70% (67/95)        
2023-11-11T07:55:56.4807565Z remote: Compressing objects:  71% (68/95)        
2023-11-11T07:55:56.4808293Z remote: Compressing objects:  72% (69/95)        
2023-11-11T07:55:56.4809001Z remote: Compressing objects:  73% (70/95)        
2023-11-11T07:55:56.4809711Z remote: Compressing objects:  74% (71/95)        
2023-11-11T07:55:56.4810428Z remote: Compressing objects:  75% (72/95)        
2023-11-11T07:55:56.4811369Z remote: Compressing objects:  76% (73/95)        
2023-11-11T07:55:56.4816164Z remote: Compressing objects:  77% (74/95)        
2023-11-11T07:55:56.4817098Z remote: Compressing objects:  78% (75/95)        
2023-11-11T07:55:56.4817781Z remote: Compressing objects:  80% (76/95)        
2023-11-11T07:55:56.4818511Z remote: Compressing objects:  81% (77/95)        
2023-11-11T07:55:56.4824946Z remote: Compressing objects:  82% (78/95)        
2023-11-11T07:55:56.4825657Z remote: Compressing objects:  83% (79/95)        
2023-11-11T07:55:56.4827650Z remote: Compressing objects:  84% (80/95)        
2023-11-11T07:55:56.4828611Z remote: Compressing objects:  85% (81/95)        
2023-11-11T07:55:56.4829347Z remote: Compressing objects:  86% (82/95)        
2023-11-11T07:55:56.4830009Z remote: Compressing objects:  87% (83/95)        
2023-11-11T07:55:56.4830789Z remote: Compressing objects:  88% (84/95)        
2023-11-11T07:55:56.4831510Z remote: Compressing objects:  89% (85/95)        
2023-11-11T07:55:56.4832180Z remote: Compressing objects:  90% (86/95)        
2023-11-11T07:55:56.4832948Z remote: Compressing objects:  91% (87/95)        
2023-11-11T07:55:56.4833670Z remote: Compressing objects:  92% (88/95)        
2023-11-11T07:55:56.4834330Z remote: Compressing objects:  93% (89/95)        
2023-11-11T07:55:56.4835100Z remote: Compressing objects:  94% (90/95)        
2023-11-11T07:55:56.4840068Z remote: Compressing objects:  95% (91/95)        
2023-11-11T07:55:56.4841023Z remote: Compressing objects:  96% (92/95)        
2023-11-11T07:55:56.4842943Z remote: Compressing objects:  97% (93/95)        
2023-11-11T07:55:56.4843959Z remote: Compressing objects:  98% (94/95)        
2023-11-11T07:55:56.4844678Z remote: Compressing objects: 100% (95/95)        
2023-11-11T07:55:56.4845548Z remote: Compressing objects: 100% (95/95), done.        
2023-11-11T07:55:56.4882300Z Receiving objects:   0% (1/103)
2023-11-11T07:55:56.4883102Z Receiving objects:   1% (2/103)
2023-11-11T07:55:56.4884585Z Receiving objects:   2% (3/103)
2023-11-11T07:55:56.4885117Z Receiving objects:   3% (4/103)
2023-11-11T07:55:56.4885740Z Receiving objects:   4% (5/103)
2023-11-11T07:55:56.4886297Z Receiving objects:   5% (6/103)
2023-11-11T07:55:56.4886812Z Receiving objects:   6% (7/103)
2023-11-11T07:55:56.4887425Z Receiving objects:   7% (8/103)
2023-11-11T07:55:56.4887988Z Receiving objects:   8% (9/103)
2023-11-11T07:55:56.4888491Z Receiving objects:   9% (10/103)
2023-11-11T07:55:56.4889107Z Receiving objects:  10% (11/103)
2023-11-11T07:55:56.4889897Z Receiving objects:  11% (12/103)
2023-11-11T07:55:56.4890417Z Receiving objects:  12% (13/103)
2023-11-11T07:55:56.4891041Z Receiving objects:  13% (14/103)
2023-11-11T07:55:56.4891622Z Receiving objects:  14% (15/103)
2023-11-11T07:55:56.4892133Z Receiving objects:  15% (16/103)
2023-11-11T07:55:56.4892740Z Receiving objects:  16% (17/103)
2023-11-11T07:55:56.4893306Z Receiving objects:  17% (18/103)
2023-11-11T07:55:56.4893814Z Receiving objects:  18% (19/103)
2023-11-11T07:55:56.4894448Z Receiving objects:  19% (20/103)
2023-11-11T07:55:56.4895006Z Receiving objects:  20% (21/103)
2023-11-11T07:55:56.4895513Z Receiving objects:  21% (22/103)
2023-11-11T07:55:56.4896146Z Receiving objects:  22% (23/103)
2023-11-11T07:55:56.4896706Z Receiving objects:  23% (24/103)
2023-11-11T07:55:56.4897222Z Receiving objects:  24% (25/103)
2023-11-11T07:55:56.4897852Z Receiving objects:  25% (26/103)
2023-11-11T07:55:56.4898408Z Receiving objects:  26% (27/103)
2023-11-11T07:55:56.4898928Z Receiving objects:  27% (28/103)
2023-11-11T07:55:56.4899573Z Receiving objects:  28% (29/103)
2023-11-11T07:55:56.4900134Z Receiving objects:  29% (30/103)
2023-11-11T07:55:56.4900700Z Receiving objects:  30% (31/103)
2023-11-11T07:55:56.4901285Z Receiving objects:  31% (32/103)
2023-11-11T07:55:56.4901839Z Receiving objects:  32% (33/103)
2023-11-11T07:55:56.4902402Z Receiving objects:  33% (34/103)
2023-11-11T07:55:56.4902962Z Receiving objects:  34% (36/103)
2023-11-11T07:55:56.4903521Z Receiving objects:  35% (37/103)
2023-11-11T07:55:56.4908735Z Receiving objects:  36% (38/103)
2023-11-11T07:55:56.4909381Z Receiving objects:  37% (39/103)
2023-11-11T07:55:56.4921816Z Receiving objects:  38% (40/103)
2023-11-11T07:55:56.4927979Z Receiving objects:  39% (41/103)
2023-11-11T07:55:56.4928744Z Receiving objects:  40% (42/103)
2023-11-11T07:55:56.4929364Z Receiving objects:  41% (43/103)
2023-11-11T07:55:56.4929933Z Receiving objects:  42% (44/103)
2023-11-11T07:55:56.4930514Z Receiving objects:  43% (45/103)
2023-11-11T07:55:56.4931322Z Receiving objects:  44% (46/103)
2023-11-11T07:55:56.4931883Z Receiving objects:  45% (47/103)
2023-11-11T07:55:56.4932466Z Receiving objects:  46% (48/103)
2023-11-11T07:55:56.4933040Z Receiving objects:  47% (49/103)
2023-11-11T07:55:56.4933597Z Receiving objects:  48% (50/103)
2023-11-11T07:55:56.4934165Z Receiving objects:  49% (51/103)
2023-11-11T07:55:56.4934737Z Receiving objects:  50% (52/103)
2023-11-11T07:55:56.4935292Z Receiving objects:  51% (53/103)
2023-11-11T07:55:56.4935914Z Receiving objects:  52% (54/103)
2023-11-11T07:55:56.4936472Z Receiving objects:  53% (55/103)
2023-11-11T07:55:56.4937041Z Receiving objects:  54% (56/103)
2023-11-11T07:55:56.4937626Z Receiving objects:  55% (57/103)
2023-11-11T07:55:56.4938185Z Receiving objects:  56% (58/103)
2023-11-11T07:55:56.4938742Z Receiving objects:  57% (59/103)
2023-11-11T07:55:56.4939323Z Receiving objects:  58% (60/103)
2023-11-11T07:55:56.4939884Z Receiving objects:  59% (61/103)
2023-11-11T07:55:56.4940445Z Receiving objects:  60% (62/103)
2023-11-11T07:55:56.4941043Z Receiving objects:  61% (63/103)
2023-11-11T07:55:56.4941596Z Receiving objects:  62% (64/103)
2023-11-11T07:55:56.4942166Z Receiving objects:  63% (65/103)
2023-11-11T07:55:56.4942757Z Receiving objects:  64% (66/103)
2023-11-11T07:55:56.4943313Z Receiving objects:  65% (67/103)
2023-11-11T07:55:56.4956434Z Receiving objects:  66% (68/103)
2023-11-11T07:55:56.4957224Z Receiving objects:  67% (70/103)
2023-11-11T07:55:56.4957741Z Receiving objects:  68% (71/103)
2023-11-11T07:55:56.4958319Z Receiving objects:  69% (72/103)
2023-11-11T07:55:56.4958949Z Receiving objects:  70% (73/103)
2023-11-11T07:55:56.4959462Z Receiving objects:  71% (74/103)
2023-11-11T07:55:56.4960039Z Receiving objects:  72% (75/103)
2023-11-11T07:55:56.4960659Z Receiving objects:  73% (76/103)
2023-11-11T07:55:56.4973211Z Receiving objects:  74% (77/103)
2023-11-11T07:55:56.4976227Z Receiving objects:  75% (78/103)
2023-11-11T07:55:56.4977067Z Receiving objects:  76% (79/103)
2023-11-11T07:55:56.4977822Z Receiving objects:  77% (80/103)
2023-11-11T07:55:56.5018983Z Receiving objects:  78% (81/103)
2023-11-11T07:55:56.5028307Z Receiving objects:  79% (82/103)
2023-11-11T07:55:56.5028846Z Receiving objects:  80% (83/103)
2023-11-11T07:55:56.5040683Z Receiving objects:  81% (84/103)
2023-11-11T07:55:56.5041442Z Receiving objects:  82% (85/103)
2023-11-11T07:55:56.5041983Z Receiving objects:  83% (86/103)
2023-11-11T07:55:56.5044894Z Receiving objects:  84% (87/103)
2023-11-11T07:55:56.5045476Z Receiving objects:  85% (88/103)
2023-11-11T07:55:56.5045990Z Receiving objects:  86% (89/103)
2023-11-11T07:55:56.5048952Z Receiving objects:  87% (90/103)
2023-11-11T07:55:56.5049580Z Receiving objects:  88% (91/103)
2023-11-11T07:55:56.5050145Z Receiving objects:  89% (92/103)
2023-11-11T07:55:56.5050757Z Receiving objects:  90% (93/103)
2023-11-11T07:55:56.5051329Z Receiving objects:  91% (94/103)
2023-11-11T07:55:56.5051885Z Receiving objects:  92% (95/103)
2023-11-11T07:55:56.5052453Z Receiving objects:  93% (96/103)
2023-11-11T07:55:56.5053054Z Receiving objects:  94% (97/103)
2023-11-11T07:55:56.5053607Z Receiving objects:  95% (98/103)
2023-11-11T07:55:56.5054172Z Receiving objects:  96% (99/103)
2023-11-11T07:55:56.5054737Z Receiving objects:  97% (100/103)
2023-11-11T07:55:56.5055302Z Receiving objects:  98% (101/103)
2023-11-11T07:55:56.5056434Z remote: Total 103 (delta 54), reused 24 (delta 7), pack-reused 0        
2023-11-11T07:55:56.5057274Z Receiving objects:  99% (102/103)
2023-11-11T07:55:56.5057844Z Receiving objects: 100% (103/103)
2023-11-11T07:55:56.5058570Z Receiving objects: 100% (103/103), 84.79 KiB | 7.71 MiB/s, done.
2023-11-11T07:55:56.5059317Z Resolving deltas:   0% (0/54)
2023-11-11T07:55:56.5059859Z Resolving deltas:   1% (1/54)
2023-11-11T07:55:56.5176225Z Resolving deltas:   3% (2/54)
2023-11-11T07:55:56.5176825Z Resolving deltas:   5% (3/54)
2023-11-11T07:55:56.5177270Z Resolving deltas:   7% (4/54)
2023-11-11T07:55:56.5177706Z Resolving deltas:   9% (5/54)
2023-11-11T07:55:56.5178422Z Resolving deltas:  11% (6/54)
2023-11-11T07:55:56.5178852Z Resolving deltas:  12% (7/54)
2023-11-11T07:55:56.5179278Z Resolving deltas:  14% (8/54)
2023-11-11T07:55:56.5179688Z Resolving deltas:  16% (9/54)
2023-11-11T07:55:56.5180123Z Resolving deltas:  18% (10/54)
2023-11-11T07:55:56.5180557Z Resolving deltas:  20% (11/54)
2023-11-11T07:55:56.5180972Z Resolving deltas:  22% (12/54)
2023-11-11T07:55:56.5181410Z Resolving deltas:  24% (13/54)
2023-11-11T07:55:56.5181839Z Resolving deltas:  25% (14/54)
2023-11-11T07:55:56.5182256Z Resolving deltas:  27% (15/54)
2023-11-11T07:55:56.5183458Z Resolving deltas:  29% (16/54)
2023-11-11T07:55:56.5183953Z Resolving deltas:  31% (17/54)
2023-11-11T07:55:56.5184367Z Resolving deltas:  33% (18/54)
2023-11-11T07:55:56.5184794Z Resolving deltas:  35% (19/54)
2023-11-11T07:55:56.5185230Z Resolving deltas:  37% (20/54)
2023-11-11T07:55:56.5185640Z Resolving deltas:  38% (21/54)
2023-11-11T07:55:56.5186070Z Resolving deltas:  40% (22/54)
2023-11-11T07:55:56.5186518Z Resolving deltas:  42% (23/54)
2023-11-11T07:55:56.5186933Z Resolving deltas:  44% (24/54)
2023-11-11T07:55:56.5187365Z Resolving deltas:  46% (25/54)
2023-11-11T07:55:56.5187791Z Resolving deltas:  48% (26/54)
2023-11-11T07:55:56.5188204Z Resolving deltas:  50% (27/54)
2023-11-11T07:55:56.5188635Z Resolving deltas:  51% (28/54)
2023-11-11T07:55:56.5189063Z Resolving deltas:  53% (29/54)
2023-11-11T07:55:56.5189479Z Resolving deltas:  55% (30/54)
2023-11-11T07:55:56.5189908Z Resolving deltas:  57% (31/54)
2023-11-11T07:55:56.5190335Z Resolving deltas:  59% (32/54)
2023-11-11T07:55:56.5190748Z Resolving deltas:  61% (33/54)
2023-11-11T07:55:56.5191179Z Resolving deltas:  62% (34/54)
2023-11-11T07:55:56.5191613Z Resolving deltas:  64% (35/54)
2023-11-11T07:55:56.5192026Z Resolving deltas:  66% (36/54)
2023-11-11T07:55:56.5192453Z Resolving deltas:  68% (37/54)
2023-11-11T07:55:56.5192883Z Resolving deltas:  70% (38/54)
2023-11-11T07:55:56.5193293Z Resolving deltas:  72% (39/54)
2023-11-11T07:55:56.5193901Z Resolving deltas:  74% (40/54)
2023-11-11T07:55:56.5194337Z Resolving deltas:  75% (41/54)
2023-11-11T07:55:56.5194741Z Resolving deltas:  77% (42/54)
2023-11-11T07:55:56.5195153Z Resolving deltas:  79% (43/54)
2023-11-11T07:55:56.5195567Z Resolving deltas:  81% (44/54)
2023-11-11T07:55:56.5195968Z Resolving deltas:  83% (45/54)
2023-11-11T07:55:56.5196399Z Resolving deltas:  85% (46/54)
2023-11-11T07:55:56.5196823Z Resolving deltas:  87% (47/54)
2023-11-11T07:55:56.5197238Z Resolving deltas:  88% (48/54)
2023-11-11T07:55:56.5197669Z Resolving deltas:  90% (49/54)
2023-11-11T07:55:56.5198094Z Resolving deltas:  92% (50/54)
2023-11-11T07:55:56.5198507Z Resolving deltas:  94% (51/54)
2023-11-11T07:55:56.5198917Z Resolving deltas:  96% (52/54)
2023-11-11T07:55:56.5199332Z Resolving deltas:  98% (53/54)
2023-11-11T07:55:56.5199744Z Resolving deltas: 100% (54/54)
2023-11-11T07:55:56.5200185Z Resolving deltas: 100% (54/54), done.
2023-11-11T07:55:56.5201396Z From https://github.com/basdijkstra/rest-assured-net
2023-11-11T07:55:56.5202316Z  * [new ref]         ccc543523c488412d39ee9c96ee2ad5962839e69 -> origin/main
2023-11-11T07:55:56.5226553Z ##[endgroup]
2023-11-11T07:55:56.5227192Z ##[group]Determining the checkout info
2023-11-11T07:55:56.5227912Z ##[endgroup]
2023-11-11T07:55:56.5228502Z ##[group]Checking out the ref
2023-11-11T07:55:56.5229452Z [command]/usr/bin/git checkout --progress --force -B main refs/remotes/origin/main
2023-11-11T07:55:56.5321815Z Switched to a new branch 'main'
2023-11-11T07:55:56.5322693Z branch 'main' set up to track 'origin/main'.
2023-11-11T07:55:56.5324261Z ##[endgroup]
2023-11-11T07:55:56.5365860Z [command]/usr/bin/git log -1 --format='%H'
2023-11-11T07:55:56.5397788Z 'ccc543523c488412d39ee9c96ee2ad5962839e69'
2023-11-11T07:55:56.5740621Z ##[group]Run actions/setup-dotnet@v3
2023-11-11T07:55:56.5741112Z with:
2023-11-11T07:55:56.5741418Z   dotnet-version: 7.0.x
2023-11-11T07:55:56.5741782Z   cache: false
2023-11-11T07:55:56.5742115Z ##[endgroup]
2023-11-11T07:55:56.7947577Z [command]/home/runner/work/_actions/actions/setup-dotnet/v3/externals/install-dotnet.sh --channel 7.0
2023-11-11T07:55:57.7503708Z dotnet-install: .NET Core SDK with version '7.0.403' is already installed.
2023-11-11T07:55:57.7764231Z ##[group]Run dotnet --list-sdks
2023-11-11T07:55:57.7764784Z [36;1mdotnet --list-sdks[0m
2023-11-11T07:55:57.7822119Z shell: /usr/bin/bash -e {0}
2023-11-11T07:55:57.7822544Z env:
2023-11-11T07:55:57.7822875Z   DOTNET_ROOT: /usr/share/dotnet
2023-11-11T07:55:57.7823299Z ##[endgroup]
2023-11-11T07:55:57.8064705Z 6.0.416 [/usr/share/dotnet/sdk]
2023-11-11T07:55:57.8065416Z 7.0.113 [/usr/share/dotnet/sdk]
2023-11-11T07:55:57.8065966Z 7.0.203 [/usr/share/dotnet/sdk]
2023-11-11T07:55:57.8066504Z 7.0.310 [/usr/share/dotnet/sdk]
2023-11-11T07:55:57.8067025Z 7.0.403 [/usr/share/dotnet/sdk]
2023-11-11T07:55:57.8106774Z ##[group]Run dotnet restore
2023-11-11T07:55:57.8107223Z [36;1mdotnet restore[0m
2023-11-11T07:55:57.8144166Z shell: /usr/bin/bash -e {0}
2023-11-11T07:55:57.8144603Z env:
2023-11-11T07:55:57.8144904Z   DOTNET_ROOT: /usr/share/dotnet
2023-11-11T07:55:57.8145340Z ##[endgroup]
2023-11-11T07:55:59.7376344Z   Determining projects to restore...
2023-11-11T07:56:01.9574084Z   Restored /home/runner/work/rest-assured-net/rest-assured-net/RestAssured.Net.DemoService/RestAssured.Net.DemoService.csproj (in 1.05 sec).
2023-11-11T07:56:03.3013594Z   Restored /home/runner/work/rest-assured-net/rest-assured-net/RestAssured.Net/RestAssured.Net.csproj (in 2.41 sec).
2023-11-11T07:56:05.2549331Z   Restored /home/runner/work/rest-assured-net/rest-assured-net/RestAssured.Net.Tests/RestAssured.Net.Tests.csproj (in 3.25 sec).
2023-11-11T07:56:05.3228263Z ##[group]Run dotnet build --framework net7.0 --no-restore
2023-11-11T07:56:05.3229007Z [36;1mdotnet build --framework net7.0 --no-restore[0m
2023-11-11T07:56:05.3268566Z shell: /usr/bin/bash -e {0}
2023-11-11T07:56:05.3268971Z env:
2023-11-11T07:56:05.3269277Z   DOTNET_ROOT: /usr/share/dotnet
2023-11-11T07:56:05.3269703Z ##[endgroup]
2023-11-11T07:56:05.5439001Z MSBuild version 17.7.3+4fca21998 for .NET
2023-11-11T07:56:12.7155978Z   RestAssured.Net.DemoService -> /home/runner/work/rest-assured-net/rest-assured-net/RestAssured.Net.DemoService/bin/Debug/net7.0/RestAssured.Net.DemoService.dll
2023-11-11T07:56:12.9053404Z ##[warning]/home/runner/work/rest-assured-net/rest-assured-net/RestAssured.Net/Request/Builders/RequestSpecBuilder.cs(56,164): warning CS8604: Possible null reference argument for parameter 'proxy' in 'RequestSpecification.RequestSpecification(string scheme, string host, int port, string basePath, IEnumerable<KeyValuePair<string, string>> queryParams, TimeSpan? timeout, ProductInfoHeaderValue? userAgent, IWebProxy proxy, Dictionary<string, object> headers, AuthenticationHeaderValue authenticationHeader, string contentType, Encoding contentEncoding, bool disableSslCertificateValidation, RequestLogLevel requestLogLevel, JsonSerializerSettings jsonSerializerSettings, List<string> sensitiveRequestHeadersAndCookies)'. [/home/runner/work/rest-assured-net/rest-assured-net/RestAssured.Net/RestAssured.Net.csproj::TargetFramework=net7.0]
2023-11-11T07:56:12.9088241Z ##[warning]/home/runner/work/rest-assured-net/rest-assured-net/RestAssured.Net/Request/Builders/RequestSpecBuilder.cs(56,190): warning CS8604: Possible null reference argument for parameter 'authenticationHeader' in 'RequestSpecification.RequestSpecification(string scheme, string host, int port, string basePath, IEnumerable<KeyValuePair<string, string>> queryParams, TimeSpan? timeout, ProductInfoHeaderValue? userAgent, IWebProxy proxy, Dictionary<string, object> headers, AuthenticationHeaderValue authenticationHeader, string contentType, Encoding contentEncoding, bool disableSslCertificateValidation, RequestLogLevel requestLogLevel, JsonSerializerSettings jsonSerializerSettings, List<string> sensitiveRequestHeadersAndCookies)'. [/home/runner/work/rest-assured-net/rest-assured-net/RestAssured.Net/RestAssured.Net.csproj::TargetFramework=net7.0]
2023-11-11T07:56:12.9106383Z ##[warning]/home/runner/work/rest-assured-net/rest-assured-net/RestAssured.Net/Request/Builders/RequestSpecBuilder.cs(56,217): warning CS8604: Possible null reference argument for parameter 'contentType' in 'RequestSpecification.RequestSpecification(string scheme, string host, int port, string basePath, IEnumerable<KeyValuePair<string, string>> queryParams, TimeSpan? timeout, ProductInfoHeaderValue? userAgent, IWebProxy proxy, Dictionary<string, object> headers, AuthenticationHeaderValue authenticationHeader, string contentType, Encoding contentEncoding, bool disableSslCertificateValidation, RequestLogLevel requestLogLevel, JsonSerializerSettings jsonSerializerSettings, List<string> sensitiveRequestHeadersAndCookies)'. [/home/runner/work/rest-assured-net/rest-assured-net/RestAssured.Net/RestAssured.Net.csproj::TargetFramework=net7.0]
2023-11-11T07:56:12.9125323Z ##[warning]/home/runner/work/rest-assured-net/rest-assured-net/RestAssured.Net/Request/Builders/RequestSpecBuilder.cs(56,241): warning CS8604: Possible null reference argument for parameter 'contentEncoding' in 'RequestSpecification.RequestSpecification(string scheme, string host, int port, string basePath, IEnumerable<KeyValuePair<string, string>> queryParams, TimeSpan? timeout, ProductInfoHeaderValue? userAgent, IWebProxy proxy, Dictionary<string, object> headers, AuthenticationHeaderValue authenticationHeader, string contentType, Encoding contentEncoding, bool disableSslCertificateValidation, RequestLogLevel requestLogLevel, JsonSerializerSettings jsonSerializerSettings, List<string> sensitiveRequestHeadersAndCookies)'. [/home/runner/work/rest-assured-net/rest-assured-net/RestAssured.Net/RestAssured.Net.csproj::TargetFramework=net7.0]
2023-11-11T07:56:12.9136790Z ##[warning]/home/runner/work/rest-assured-net/rest-assured-net/RestAssured.Net/Request/Builders/RequestSpecBuilder.cs(40,50): warning CS0649: Field 'RequestSpecBuilder.userAgent' is never assigned to, and will always have its default value null [/home/runner/work/rest-assured-net/rest-assured-net/RestAssured.Net/RestAssured.Net.csproj::TargetFramework=net7.0]
2023-11-11T07:56:12.9144090Z ##[warning]/home/runner/work/rest-assured-net/rest-assured-net/RestAssured.Net/Request/Builders/RequestSpecBuilder.cs(43,53): warning CS0649: Field 'RequestSpecBuilder.authenticationHeader' is never assigned to, and will always have its default value null [/home/runner/work/rest-assured-net/rest-assured-net/RestAssured.Net/RestAssured.Net.csproj::TargetFramework=net7.0]
2023-11-11T07:56:12.9151899Z ##[warning]/home/runner/work/rest-assured-net/rest-assured-net/RestAssured.Net/Request/Builders/RequestSpecBuilder.cs(39,36): warning CS0649: Field 'RequestSpecBuilder.timeout' is never assigned to, and will always have its default value [/home/runner/work/rest-assured-net/rest-assured-net/RestAssured.Net/RestAssured.Net.csproj::TargetFramework=net7.0]
2023-11-11T07:56:12.9159413Z ##[warning]/home/runner/work/rest-assured-net/rest-assured-net/RestAssured.Net/Request/Builders/RequestSpecBuilder.cs(41,37): warning CS0649: Field 'RequestSpecBuilder.proxy' is never assigned to, and will always have its default value null [/home/runner/work/rest-assured-net/rest-assured-net/RestAssured.Net/RestAssured.Net.csproj::TargetFramework=net7.0]
2023-11-11T07:56:13.0033508Z   RestAssured.Net -> /home/runner/work/rest-assured-net/rest-assured-net/RestAssured.Net/bin/Debug/net7.0/RestAssured.Net.dll
2023-11-11T07:56:15.4918576Z ##[warning]/home/runner/work/rest-assured-net/rest-assured-net/RestAssured.Net.Tests/QueryParameterTests.cs(119,13): warning CS0618: 'ExecutableRequest.QueryParams(Dictionary<string, object>)' is obsolete: 'Please use QueryParams(IEnumerable<KeyValuePair<string, object>>) instead. This method will be removed in version 5.0.0' [/home/runner/work/rest-assured-net/rest-assured-net/RestAssured.Net.Tests/RestAssured.Net.Tests.csproj::TargetFramework=net7.0]
2023-11-11T07:56:15.5745149Z   RestAssured.Net.Tests -> /home/runner/work/rest-assured-net/rest-assured-net/RestAssured.Net.Tests/bin/Debug/net7.0/RestAssured.Net.Tests.dll
2023-11-11T07:56:15.7129712Z 
2023-11-11T07:56:15.7130210Z Build succeeded.
2023-11-11T07:56:15.7130515Z 
2023-11-11T07:56:15.7142761Z ##[warning]/home/runner/work/rest-assured-net/rest-assured-net/RestAssured.Net/Request/Builders/RequestSpecBuilder.cs(56,164): warning CS8604: Possible null reference argument for parameter 'proxy' in 'RequestSpecification.RequestSpecification(string scheme, string host, int port, string basePath, IEnumerable<KeyValuePair<string, string>> queryParams, TimeSpan? timeout, ProductInfoHeaderValue? userAgent, IWebProxy proxy, Dictionary<string, object> headers, AuthenticationHeaderValue authenticationHeader, string contentType, Encoding contentEncoding, bool disableSslCertificateValidation, RequestLogLevel requestLogLevel, JsonSerializerSettings jsonSerializerSettings, List<string> sensitiveRequestHeadersAndCookies)'. [/home/runner/work/rest-assured-net/rest-assured-net/RestAssured.Net/RestAssured.Net.csproj::TargetFramework=net7.0]
2023-11-11T07:56:15.7161515Z ##[warning]/home/runner/work/rest-assured-net/rest-assured-net/RestAssured.Net/Request/Builders/RequestSpecBuilder.cs(56,190): warning CS8604: Possible null reference argument for parameter 'authenticationHeader' in 'RequestSpecification.RequestSpecification(string scheme, string host, int port, string basePath, IEnumerable<KeyValuePair<string, string>> queryParams, TimeSpan? timeout, ProductInfoHeaderValue? userAgent, IWebProxy proxy, Dictionary<string, object> headers, AuthenticationHeaderValue authenticationHeader, string contentType, Encoding contentEncoding, bool disableSslCertificateValidation, RequestLogLevel requestLogLevel, JsonSerializerSettings jsonSerializerSettings, List<string> sensitiveRequestHeadersAndCookies)'. [/home/runner/work/rest-assured-net/rest-assured-net/RestAssured.Net/RestAssured.Net.csproj::TargetFramework=net7.0]
2023-11-11T07:56:15.7179630Z ##[warning]/home/runner/work/rest-assured-net/rest-assured-net/RestAssured.Net/Request/Builders/RequestSpecBuilder.cs(56,217): warning CS8604: Possible null reference argument for parameter 'contentType' in 'RequestSpecification.RequestSpecification(string scheme, string host, int port, string basePath, IEnumerable<KeyValuePair<string, string>> queryParams, TimeSpan? timeout, ProductInfoHeaderValue? userAgent, IWebProxy proxy, Dictionary<string, object> headers, AuthenticationHeaderValue authenticationHeader, string contentType, Encoding contentEncoding, bool disableSslCertificateValidation, RequestLogLevel requestLogLevel, JsonSerializerSettings jsonSerializerSettings, List<string> sensitiveRequestHeadersAndCookies)'. [/home/runner/work/rest-assured-net/rest-assured-net/RestAssured.Net/RestAssured.Net.csproj::TargetFramework=net7.0]
2023-11-11T07:56:15.7197617Z ##[warning]/home/runner/work/rest-assured-net/rest-assured-net/RestAssured.Net/Request/Builders/RequestSpecBuilder.cs(56,241): warning CS8604: Possible null reference argument for parameter 'contentEncoding' in 'RequestSpecification.RequestSpecification(string scheme, string host, int port, string basePath, IEnumerable<KeyValuePair<string, string>> queryParams, TimeSpan? timeout, ProductInfoHeaderValue? userAgent, IWebProxy proxy, Dictionary<string, object> headers, AuthenticationHeaderValue authenticationHeader, string contentType, Encoding contentEncoding, bool disableSslCertificateValidation, RequestLogLevel requestLogLevel, JsonSerializerSettings jsonSerializerSettings, List<string> sensitiveRequestHeadersAndCookies)'. [/home/runner/work/rest-assured-net/rest-assured-net/RestAssured.Net/RestAssured.Net.csproj::TargetFramework=net7.0]
2023-11-11T07:56:15.7208353Z ##[warning]/home/runner/work/rest-assured-net/rest-assured-net/RestAssured.Net/Request/Builders/RequestSpecBuilder.cs(40,50): warning CS0649: Field 'RequestSpecBuilder.userAgent' is never assigned to, and will always have its default value null [/home/runner/work/rest-assured-net/rest-assured-net/RestAssured.Net/RestAssured.Net.csproj::TargetFramework=net7.0]
2023-11-11T07:56:15.7215632Z ##[warning]/home/runner/work/rest-assured-net/rest-assured-net/RestAssured.Net/Request/Builders/RequestSpecBuilder.cs(43,53): warning CS0649: Field 'RequestSpecBuilder.authenticationHeader' is never assigned to, and will always have its default value null [/home/runner/work/rest-assured-net/rest-assured-net/RestAssured.Net/RestAssured.Net.csproj::TargetFramework=net7.0]
2023-11-11T07:56:15.7222884Z ##[warning]/home/runner/work/rest-assured-net/rest-assured-net/RestAssured.Net/Request/Builders/RequestSpecBuilder.cs(39,36): warning CS0649: Field 'RequestSpecBuilder.timeout' is never assigned to, and will always have its default value [/home/runner/work/rest-assured-net/rest-assured-net/RestAssured.Net/RestAssured.Net.csproj::TargetFramework=net7.0]
2023-11-11T07:56:15.7229818Z ##[warning]/home/runner/work/rest-assured-net/rest-assured-net/RestAssured.Net/Request/Builders/RequestSpecBuilder.cs(41,37): warning CS0649: Field 'RequestSpecBuilder.proxy' is never assigned to, and will always have its default value null [/home/runner/work/rest-assured-net/rest-assured-net/RestAssured.Net/RestAssured.Net.csproj::TargetFramework=net7.0]
2023-11-11T07:56:15.7238170Z ##[warning]/home/runner/work/rest-assured-net/rest-assured-net/RestAssured.Net.Tests/QueryParameterTests.cs(119,13): warning CS0618: 'ExecutableRequest.QueryParams(Dictionary<string, object>)' is obsolete: 'Please use QueryParams(IEnumerable<KeyValuePair<string, object>>) instead. This method will be removed in version 5.0.0' [/home/runner/work/rest-assured-net/rest-assured-net/RestAssured.Net.Tests/RestAssured.Net.Tests.csproj::TargetFramework=net7.0]
2023-11-11T07:56:15.7331037Z     9 Warning(s)
2023-11-11T07:56:15.7331371Z     0 Error(s)
2023-11-11T07:56:15.7331922Z 
2023-11-11T07:56:15.7332110Z Time Elapsed 00:00:09.97
2023-11-11T07:56:15.7747135Z ##[group]Run dotnet test --framework net7.0 --no-restore --no-build --verbosity normal
2023-11-11T07:56:15.7748224Z [36;1mdotnet test --framework net7.0 --no-restore --no-build --verbosity normal[0m
2023-11-11T07:56:15.7786110Z shell: /usr/bin/bash -e {0}
2023-11-11T07:56:15.7786526Z env:
2023-11-11T07:56:15.7786839Z   DOTNET_ROOT: /usr/share/dotnet
2023-11-11T07:56:15.7787269Z ##[endgroup]
2023-11-11T07:56:16.3457285Z Build started 11/11/2023 07:56:16.
2023-11-11T07:56:16.8718189Z      1>Project "/home/runner/work/rest-assured-net/rest-assured-net/RestAssured.Net.sln" on node 1 (VSTest target(s)).
2023-11-11T07:56:16.8722914Z      1>ValidateSolutionConfiguration:
2023-11-11T07:56:16.8724264Z          Building solution configuration "Debug|Any CPU".
2023-11-11T07:56:17.7692525Z Test run for /home/runner/work/rest-assured-net/rest-assured-net/RestAssured.Net.Tests/bin/Debug/net7.0/RestAssured.Net.Tests.dll (.NETCoreApp,Version=v7.0)
2023-11-11T07:56:18.2619706Z Microsoft (R) Test Execution Command Line Tool Version 17.7.2 (x64)
2023-11-11T07:56:18.2623907Z Copyright (c) Microsoft Corporation.  All rights reserved.
2023-11-11T07:56:18.2688150Z 
2023-11-11T07:56:18.8110940Z Starting test execution, please wait...
2023-11-11T07:56:18.8504423Z A total of 1 test files matched the specified pattern.
2023-11-11T07:56:19.4387043Z NUnit Adapter 4.5.0.0: Test execution started
2023-11-11T07:56:19.4697485Z Running all tests in /home/runner/work/rest-assured-net/rest-assured-net/RestAssured.Net.Tests/bin/Debug/net7.0/RestAssured.Net.Tests.dll
2023-11-11T07:56:19.6505357Z    NUnit3TestExecutor discovered 191 of 191 NUnit test cases using Current Discovery mode, Non-Explicit run
2023-11-11T07:56:21.7926277Z   Passed BasicAuthenticationDetailsCanBeSupplied [1 s]
2023-11-11T07:56:21.7927562Z   Passed OAuth2AuthenticationTokenCanBeSupplied [28 ms]
2023-11-11T07:56:21.7928995Z   Passed CookieAsStringWithASingleValueCanBeSupplied [15 ms]
2023-11-11T07:56:21.7930100Z   Passed CookieCollectionWithASingleCookieCanBeSupplied [12 ms]
2023-11-11T07:56:21.7931163Z   Passed CookieObjectWithASingleValueCanBeSupplied [11 ms]
2023-11-11T07:56:21.7932058Z   Passed HttpGetCanBeUsed [637 ms]
2023-11-11T07:56:21.7934580Z   Passed CustomJsonSerializerSettingsCanBeSuppliedInRequestSpecification [37 ms]
2023-11-11T07:56:21.7986220Z   Passed CustomJsonSerializerSettingsCanBeSuppliedInTestBody [6 ms]
2023-11-11T07:56:21.7987346Z   Passed CustomJsonSerializerSettingsCanBeSuppliedWhenDeserializing [28 ms]
2023-11-11T07:56:22.6330908Z   Passed FormDataCanBeSupplied [28 ms]
2023-11-11T07:56:22.6332047Z   Passed ParameterizedGraphQLQueryCanBeSupplied [34 ms]
2023-11-11T07:56:22.6333028Z   Passed SimpleGraphQLQueryCanBeSupplied [11 ms]
2023-11-11T07:56:22.6334252Z   Passed HttpsEndpointsCanBeInvokedWithoutExplicitlyDisablingSslVerification [492 ms]
2023-11-11T07:56:22.6335552Z   Passed SslVerificationCanBeDisabledPerRequest [88 ms]
2023-11-11T07:56:22.6380852Z   Passed SslVerificationCanBeDisabledPerRequestUsingDeprecatedMethod [82 ms]
2023-11-11T07:56:22.6382043Z   Passed SslVerificationCanBeDisabledThroughRequestSpecification [79 ms]
2023-11-11T07:56:22.6382863Z   Passed HTTP GET is allowed [19 ms]
2023-11-11T07:56:22.6383392Z   Passed HTTP POST is not allowed [15 ms]
2023-11-11T07:56:22.7353112Z   Passed HTTP PUT is not allowed [16 ms]
2023-11-11T07:56:22.7353785Z   Passed HTTP PATCH is not allowed [14 ms]
2023-11-11T07:56:22.7354343Z   Passed HTTP DELETE is not allowed [14 ms]
2023-11-11T07:56:22.7354888Z   Passed HTTP HEAD is allowed [14 ms]
2023-11-11T07:56:22.7355398Z   Passed HTTP OPTIONS is allowed [14 ms]
2023-11-11T07:56:22.7355910Z   Passed HttpDeleteCanBeUsed [5 ms]
2023-11-11T07:56:22.7356413Z   Passed HttpGetCanBeUsed [5 ms]
2023-11-11T07:56:22.7356884Z   Passed HttpHeadCanBeUsed [4 ms]
2023-11-11T07:56:22.7357356Z   Passed HttpOptionsCanBeUsed [5 ms]
2023-11-11T07:56:23.0465453Z   Passed HttpPatchCanBeUsed [7 ms]
2023-11-11T07:56:23.0466804Z   Passed HttpPostCanBeUsed [7 ms]
2023-11-11T07:56:23.0467898Z   Passed HttpPutCanBeUsed [5 ms]
2023-11-11T07:56:23.0468501Z   Passed AnonymousObjectCanBeSerializedToJson [8 ms]
2023-11-11T07:56:23.0469199Z   Passed DictionaryCanBeSerializedToJson [6 ms]
2023-11-11T07:56:23.0469829Z   Passed ObjectCanBeSerializedToJson [10 ms]
2023-11-11T07:56:23.0470420Z   Passed ObjectCanBeSerializedToXml [131 ms]
2023-11-11T07:56:23.0471153Z   Passed UnableToSerializeThrowsTheExpectedException [9 ms]
2023-11-11T07:56:23.0472044Z   Passed JsonSchemaCanBeSuppliedAndVerifiedAsJsonSchema [119 ms]
2023-11-11T07:56:23.0999749Z GET http://localhost:9876/log-no-response-body
2023-11-11T07:56:23.1000506Z Content-Type: application/json; charset=utf-8
2023-11-11T07:56:23.1001363Z Content-Length: 0
2023-11-11T07:56:23.1001597Z 
2023-11-11T07:56:23.1089658Z HTTP 200 (OK)
2023-11-11T07:56:23.1090212Z Content-Type: 
2023-11-11T07:56:23.1090608Z Content-Length: 0
2023-11-11T07:56:23.1091013Z Date: Sat, 11 Nov 2023 07:56:23 GMT
2023-11-11T07:56:23.1091457Z Server: Kestrel
2023-11-11T07:56:23.1091834Z Response time: 2.5647 ms
2023-11-11T07:56:23.1092101Z 
2023-11-11T07:56:23.1178571Z GET http://localhost:9876/log-json-response
2023-11-11T07:56:23.1179316Z Content-Type: application/json; charset=utf-8
2023-11-11T07:56:23.1179967Z Content-Length: 29
2023-11-11T07:56:23.1180423Z Accept: application/json
2023-11-11T07:56:23.1181019Z CustomHeader: custom header value
2023-11-11T07:56:23.1181723Z {
2023-11-11T07:56:23.1182157Z   "id": 1,
2023-11-11T07:56:23.1182530Z   "user": "John Doe"
2023-11-11T07:56:23.1183061Z }
2023-11-11T07:56:23.1183248Z 
2023-11-11T07:56:23.1262687Z GET http://localhost:9876/log-xml-response
2023-11-11T07:56:23.1263475Z Content-Type: application/xml; charset=utf-8
2023-11-11T07:56:23.1264894Z Content-Length: 456
2023-11-11T07:56:23.1266434Z <Location xmlns:xsi="http://www.w3.org/2001/XMLSchema-instance" xmlns:xsd="http://www.w3.org/2001/XMLSchema">
2023-11-11T07:56:23.1267524Z   <Country>United States</Country>
2023-11-11T07:56:23.1268235Z   <State>California</State>
2023-11-11T07:56:23.1268742Z   <ZipCode>90210</ZipCode>
2023-11-11T07:56:23.1269243Z   <Places>
2023-11-11T07:56:23.1269706Z     <Place>
2023-11-11T07:56:23.1270089Z       <Name>Sun City</Name>
2023-11-11T07:56:23.1270656Z       <Inhabitants>100000</Inhabitants>
2023-11-11T07:56:23.1271322Z       <IsCapital>true</IsCapital>
2023-11-11T07:56:23.1272200Z     </Place>
2023-11-11T07:56:23.1272623Z     <Place>
2023-11-11T07:56:23.1273129Z       <Name>Pleasure Meadow</Name>
2023-11-11T07:56:23.1273672Z       <Inhabitants>50000</Inhabitants>
2023-11-11T07:56:23.1274254Z       <IsCapital>false</IsCapital>
2023-11-11T07:56:23.1274846Z     </Place>
2023-11-11T07:56:23.1275227Z   </Places>
2023-11-11T07:56:23.1275627Z </Location>
2023-11-11T07:56:23.1275840Z 
2023-11-11T07:56:23.1601123Z   Passed JsonSchemaCanBeSuppliedAndVerifiedAsString [12 ms]
2023-11-11T07:56:23.1605911Z   Passed MismatchWithJsonSchemaThrowsTheExpectedException [12 ms]
2023-11-11T07:56:23.1607067Z   Passed SupplyingInvalidJsonSchemaThrowsTheExpectedException [10 ms]
2023-11-11T07:56:23.1608386Z   Passed UnexpectedResponseContentTypeThrowsTheExpectedException [7 ms]
2023-11-11T07:56:23.1649674Z   Passed NoRequestBodyDoesntThrowNullReferenceException [8 ms]
2023-11-11T07:56:23.1650654Z   Passed NoResponseBodyDoesntThrowNullReferenceException [8 ms]
2023-11-11T07:56:23.1651612Z   Passed RequestDetailsCanBeWrittenToStandardOutputForJson [9 ms]
2023-11-11T07:56:23.1652595Z   Passed RequestDetailsCanBeWrittenToStandardOutputForXml [7 ms]
2023-11-11T07:56:23.1653538Z   Passed ResponseBodyDetailsAreLoggedIfVerificationFails [6 ms]
2023-11-11T07:56:23.1701276Z HTTP 404 (NotFound)
2023-11-11T07:56:23.1701960Z Content-Type: text/plain
2023-11-11T07:56:23.1702441Z Content-Length: 56
2023-11-11T07:56:23.1702841Z Date: Sat, 11 Nov 2023 07:56:23 GMT
2023-11-11T07:56:23.1703273Z Server: Kestrel
2023-11-11T07:56:23.1703686Z Transfer-Encoding: chunked
2023-11-11T07:56:23.1704261Z The resource you requested was not found on this server.
2023-11-11T07:56:23.1704857Z Response time: 4.544 ms
2023-11-11T07:56:23.1705566Z 
2023-11-11T07:56:23.1846016Z HTTP 200 (OK)
2023-11-11T07:56:23.1846990Z Content-Type: text/plain
2023-11-11T07:56:23.1847716Z Content-Length: 17
2023-11-11T07:56:23.1848392Z Date: Sat, 11 Nov 2023 07:56:23 GMT
2023-11-11T07:56:23.1849312Z Server: Kestrel
2023-11-11T07:56:23.1849966Z Set-Cookie: Auth=123; httponly; secure
2023-11-11T07:56:23.1850558Z Transfer-Encoding: chunked
2023-11-11T07:56:23.1851270Z Cookie: Auth=123, Domain: localhost, HTTP-only: True, Secure: True
2023-11-11T07:56:23.1851915Z Cookies are nice!
2023-11-11T07:56:23.1852272Z Response time: 3.7812 ms
2023-11-11T07:56:23.1852544Z 
2023-11-11T07:56:23.1931451Z HTTP 200 (OK)
2023-11-11T07:56:23.1932375Z Content-Type: application/json
2023-11-11T07:56:23.1933424Z Content-Length: 198
2023-11-11T07:56:23.1933912Z Date: Sat, 11 Nov 2023 07:56:23 GMT
2023-11-11T07:56:23.1934364Z Server: Kestrel
2023-11-11T07:56:23.1934782Z Transfer-Encoding: chunked
2023-11-11T07:56:23.1935170Z {
2023-11-11T07:56:23.1935490Z   "Country": "United States",
2023-11-11T07:56:23.1935917Z   "State": "California",
2023-11-11T07:56:23.1936303Z   "ZipCode": 90210,
2023-11-11T07:56:23.1936634Z   "Places": [
2023-11-11T07:56:23.1936939Z     {
2023-11-11T07:56:23.1937233Z       "Name": "Sun City",
2023-11-11T07:56:23.1937618Z       "Inhabitants": 100000,
2023-11-11T07:56:23.1938040Z       "IsCapital": true
2023-11-11T07:56:23.1938396Z     },
2023-11-11T07:56:23.1938655Z     {
2023-11-11T07:56:23.1938968Z       "Name": "Pleasure Meadow",
2023-11-11T07:56:23.1939412Z       "Inhabitants": 50000,
2023-11-11T07:56:23.1939799Z       "IsCapital": false
2023-11-11T07:56:23.1940158Z     }
2023-11-11T07:56:23.1940429Z   ]
2023-11-11T07:56:23.1940682Z }
2023-11-11T07:56:23.1940993Z Response time: 2.6991 ms
2023-11-11T07:56:23.1941250Z 
2023-11-11T07:56:23.2007085Z HTTP 200 (OK)
2023-11-11T07:56:23.2007681Z Content-Type: application/xml
2023-11-11T07:56:23.2008194Z Content-Length: 456
2023-11-11T07:56:23.2008627Z Date: Sat, 11 Nov 2023 07:56:23 GMT
2023-11-11T07:56:23.2009090Z Server: Kestrel
2023-11-11T07:56:23.2009504Z Transfer-Encoding: chunked
2023-11-11T07:56:23.2010591Z <Location xmlns:xsi="http://www.w3.org/2001/XMLSchema-instance" xmlns:xsd="http://www.w3.org/2001/XMLSchema">
2023-11-11T07:56:23.2011550Z   <Country>United States</Country>
2023-11-11T07:56:23.2011995Z   <State>California</State>
2023-11-11T07:56:23.2012836Z   <ZipCode>90210</ZipCode>
2023-11-11T07:56:23.2013217Z   <Places>
2023-11-11T07:56:23.2013503Z     <Place>
2023-11-11T07:56:23.2013819Z       <Name>Sun City</Name>
2023-11-11T07:56:23.2014247Z       <Inhabitants>100000</Inhabitants>
2023-11-11T07:56:23.2014723Z       <IsCapital>true</IsCapital>
2023-11-11T07:56:23.2015141Z     </Place>
2023-11-11T07:56:23.2015442Z     <Place>
2023-11-11T07:56:23.2015764Z       <Name>Pleasure Meadow</Name>
2023-11-11T07:56:23.2016231Z       <Inhabitants>50000</Inhabitants>
2023-11-11T07:56:23.2016706Z       <IsCapital>false</IsCapital>
2023-11-11T07:56:23.2017115Z     </Place>
2023-11-11T07:56:23.2017416Z   </Places>
2023-11-11T07:56:23.2017698Z </Location>
2023-11-11T07:56:23.2018030Z Response time: 2.5953 ms
2023-11-11T07:56:23.2018298Z 
2023-11-11T07:56:23.2110806Z GET http://localhost:9876/masking-sensitive-data
2023-11-11T07:56:23.2111568Z Content-Type: application/json; charset=utf-8
2023-11-11T07:56:23.2112115Z Content-Length: 0
2023-11-11T07:56:23.2112619Z NonsensitiveRequestHeader: This one is printed
2023-11-11T07:56:23.2113209Z SensitiveRequestHeader: *****
2023-11-11T07:56:23.2113697Z AnotherSensitiveRequestHeader: *****
2023-11-11T07:56:23.2114062Z 
2023-11-11T07:56:23.2178002Z GET http://localhost:9876/masking-sensitive-data
2023-11-11T07:56:23.2178759Z Content-Type: application/json; charset=utf-8
2023-11-11T07:56:23.2179313Z Content-Length: 0
2023-11-11T07:56:23.2179793Z NonsensitiveRequestHeader: This one is printed
2023-11-11T07:56:23.2180383Z SensitiveRequestHeader: *****
2023-11-11T07:56:23.2180682Z 
2023-11-11T07:56:23.2266893Z HTTP 200 (OK)
2023-11-11T07:56:23.2267473Z Content-Type: text/plain
2023-11-11T07:56:23.2268347Z Content-Length: 13
2023-11-11T07:56:23.2268752Z Date: Sat, 11 Nov 2023 07:56:23 GMT
2023-11-11T07:56:23.2269215Z Server: Kestrel
2023-11-11T07:56:23.2270035Z Set-Cookie: SensitiveResponseCookie=some_secret_value, NonSensitiveResponseCookie=123
2023-11-11T07:56:23.2270916Z Transfer-Encoding: chunked
2023-11-11T07:56:23.2271447Z NonSensitiveResponseHeader: This one is printed
2023-11-11T07:56:23.2272044Z SensitiveResponseHeader: *****
2023-11-11T07:56:23.2272945Z Cookie: SensitiveResponseCookie=*****, Domain: localhost, HTTP-only: False, Secure: False
2023-11-11T07:56:23.2274219Z Cookie: NonSensitiveResponseCookie=123, Domain: localhost, HTTP-only: False, Secure: False
2023-11-11T07:56:23.2275029Z Response data
2023-11-11T07:56:23.2275384Z Response time: 3.1443 ms
2023-11-11T07:56:23.2275642Z 
2023-11-11T07:56:23.2333995Z GET http://localhost:9876/masking-sensitive-data
2023-11-11T07:56:23.2334750Z Content-Type: application/json; charset=utf-8
2023-11-11T07:56:23.2335310Z Content-Length: 0
2023-11-11T07:56:23.2336252Z Cookie: NonsensitiveRequestCookie=This one is printed, Domain: , HTTP-only: False, Secure: False
2023-11-11T07:56:23.2337510Z Cookie: SensitiveRequestCookie=*****, Domain: , HTTP-only: False, Secure: False
2023-11-11T07:56:23.2338120Z 
2023-11-11T07:56:23.2354661Z   Passed ResponseBodyDetailsAreLoggedOnlyOnErrorResponseCode [35 ms]
2023-11-11T07:56:23.2355731Z   Passed ResponseBodyDetailsAreNotLoggedOnOkResponseCode [7 ms]
2023-11-11T07:56:23.2356510Z   Passed ResponseCookieDetailsAreLogged [8 ms]
2023-11-11T07:56:23.2357319Z   Passed ResponseDetailsCanBeWrittenToStandardOutputForJson [7 ms]
2023-11-11T07:56:23.2358297Z   Passed ResponseDetailsCanBeWrittenToStandardOutputForXml [6 ms]
2023-11-11T07:56:23.2359165Z   Passed MultipleSensitiveRequestHeadersAreMasked [7 ms]
2023-11-11T07:56:23.2360184Z   Passed SensitiveHeaderAndCookieNamesCanBeDefinedInRequestSpecification [7 ms]
2023-11-11T07:56:23.2361550Z   Passed SensitiveResponseHeadersAndCookiesAreMasked [7 ms]
2023-11-11T07:56:23.2362344Z   Passed SingleSensitiveRequestCookieIsMasked [6 ms]
2023-11-11T07:56:23.2423420Z GET http://localhost:9876/masking-sensitive-data
2023-11-11T07:56:23.2424164Z Content-Type: application/json; charset=utf-8
2023-11-11T07:56:23.2424722Z Content-Length: 0
2023-11-11T07:56:23.2425183Z NonsensitiveRequestHeader: This one is printed
2023-11-11T07:56:23.2426144Z SensitiveRequestHeader: *****
2023-11-11T07:56:23.2426441Z 
2023-11-11T07:56:23.5763031Z   Passed SingleSensitiveRequestHeaderIsMasked [7 ms]
2023-11-11T07:56:23.5771743Z   Passed MultiPartFormDataWithCustomControlNameAndCustomContentTypeCanBeSupplied [86 ms]
2023-11-11T07:56:23.5773433Z   Passed MultiPartFormDataWithDefaultControlNameAndAutoDetectedContentTypeCanBeSupplied [56 ms]
2023-11-11T07:56:23.5774612Z   Passed MultipleFilesCanBeSupplied [24 ms]
2023-11-11T07:56:23.5775485Z   Passed UploadingNonExistentFileThrowsTheExpectedException [14 ms]
2023-11-11T07:56:23.5776561Z   Passed MultiplePathParameterCanBeSpecifiedSequentially [116 ms]
2023-11-11T07:56:23.5777653Z   Passed MultiplePathParameterCanBeSpecifiedUsingADictionary [7 ms]
2023-11-11T07:56:23.5778559Z   Passed SinglePathParameterCanBeSpecified [5 ms]
2023-11-11T07:56:23.5779487Z   Passed MultipleQueryParametersCanBeSpecifiedInSeparateCalls [18 ms]
2023-11-11T07:56:23.6375001Z   Passed MultipleQueryParametersCanBeSpecifiedUsingADictionary [8 ms]
2023-11-11T07:56:23.6376385Z   Passed MultipleQueryParametersCanBeSpecifiedUsingAListOfKeyValuePairs [5 ms]
2023-11-11T07:56:23.6377509Z   Passed MultipleQueryParameterValuesCanBeSpecified [5 ms]
2023-11-11T07:56:23.6378459Z   Passed QueryParametersAreAddedToRelativePathCorrectly [5 ms]
2023-11-11T07:56:23.6379352Z   Passed SingleQueryParameterCanBeSpecified [5 ms]
2023-11-11T07:56:23.6380344Z   Passed SingleQueryParameterWithCommaSeparatedValuesCanBeSpecified [5 ms]
2023-11-11T07:56:23.6381342Z   Passed JsonStringRequestBodyCanBeSupplied [5 ms]
2023-11-11T07:56:23.6382087Z   Passed Sending small plaintext request body [7 ms]
2023-11-11T07:56:23.6383224Z   Passed Sending medium plaintext request body [12 ms]
2023-11-11T07:56:23.7530544Z GET http://localhost:9876/api/request-specification?param_name=param_value&another_param_name=another_param_value
2023-11-11T07:56:23.7532021Z Content-Type: application/json; charset=utf-8
2023-11-11T07:56:23.7532690Z Content-Length: 0
2023-11-11T07:56:23.7533032Z 
2023-11-11T07:56:23.7544681Z   Passed Sending large plaintext request body [51 ms]
2023-11-11T07:56:23.7545522Z   Passed AcceptHeaderCanBeSuppliedAsString [7 ms]
2023-11-11T07:56:23.7546341Z   Passed ContentTypeHeaderCanBeSuppliedAsString [5 ms]
2023-11-11T07:56:23.7547062Z   Passed EncodingCanBeSupplied [9 ms]
2023-11-11T07:56:23.7547757Z   Passed HeaderWithASingleValueCanBeSupplied [8 ms]
2023-11-11T07:56:23.7548568Z   Passed HeaderWithMultipleValuesCanBeSupplied [10 ms]
2023-11-11T07:56:23.7549516Z   Passed Works with a leading / in the endpoint [6 ms]
2023-11-11T07:56:23.7550287Z   Passed Works without a leading / in the endpoint [6 ms]
2023-11-11T07:56:23.7551258Z   Passed With base path in request specification, works with a leading / [6 ms]
2023-11-11T07:56:23.7605911Z GET http://localhost:9876/api/request-specification?param_name=param_value&another_param_name=another_param_value
2023-11-11T07:56:23.7607298Z Content-Type: application/json; charset=utf-8
2023-11-11T07:56:23.7607974Z Content-Length: 0
2023-11-11T07:56:23.7608274Z 
2023-11-11T07:56:23.8372246Z   Passed With base path in request specification, works without a leading / [6 ms]
2023-11-11T07:56:23.8373490Z   Passed RequestSpecificationWithHeadersCanBeUsed [9 ms]
2023-11-11T07:56:23.8374358Z   Passed RequestSpecificationWithOAuth2CanBeUsed [5 ms]
2023-11-11T07:56:23.8375293Z   Passed UsingSchemeInHostNameThrowsTheExpectedException [2 ms]
2023-11-11T07:56:23.8376177Z   Passed ObjectCanBeDeserializedFromJson [16 ms]
2023-11-11T07:56:23.8377072Z   Passed ObjectCanBeDeserializedFromJsonAfterVerifications [8 ms]
2023-11-11T07:56:23.8378712Z   Passed ObjectCanBeDeserializedFromJsonUsingDeserializeToOverridingContentTypeHeader [7 ms]
2023-11-11T07:56:23.8383500Z   Passed ObjectCanBeDeserializedFromXml [14 ms]
2023-11-11T07:56:23.8384653Z   Passed ObjectCanBeDeserializedFromXmlUsingDeserializeToOverridingContentTypeHeader [7 ms]
2023-11-11T07:56:23.9256094Z   Passed UnableToDeserializeThrowsTheExpectedException [9 ms]
2023-11-11T07:56:23.9258228Z   Passed ElementValueNotMatchingMatcherTypeThrowsTheExpectedException [25 ms]
2023-11-11T07:56:23.9259568Z   Passed HtmlResponseBodyCanBeVerifiedUsingNHamcrestMatcher [7 ms]
2023-11-11T07:56:23.9260847Z   Passed HtmlResponseBodyElementCanBeVerifiedUsingNHamcrestMatcher [6 ms]
2023-11-11T07:56:23.9271585Z   Passed HtmlResponseBodyElementCanBeVerifiedUsingNHamcrestMatcherOverridingResponseContentTypeHeader [5 ms]
2023-11-11T07:56:23.9272983Z   Passed NoXPathResultsThrowsTheExpectedException [5 ms]
2023-11-11T07:56:23.9274051Z   Passed BooleanElementNHamcrestMatcherMismatchThrowsTheExpectedException [11 ms]
2023-11-11T07:56:23.9275330Z   Passed IntegerElementNHamcrestMatcherMismatchThrowsTheExpectedException [7 ms]
2023-11-11T07:56:23.9276620Z   Passed JsonResponseBodyElementBooleanValueCanBeVerifiedUsingNHamcrestMatcher [5 ms]
2023-11-11T07:56:23.9910242Z   Passed JsonResponseBodyElementCollectionCanBeVerifiedUsingNHamcrestMatcher [12 ms]
2023-11-11T07:56:23.9913525Z   Passed JsonResponseBodyElementCollectionCanBeVerifiedUsingNHamcrestMatcherOverridingResponseContentTypeHeader [11 ms]
2023-11-11T07:56:23.9915818Z   Passed JsonResponseBodyElementCollectionNHamcrestMatcherMisMatchThrowsTheExpectedException [6 ms]
2023-11-11T07:56:23.9917668Z   Passed JsonResponseBodyElementIntegerValueCanBeVerifiedUsingNHamcrestMatcher [5 ms]
2023-11-11T07:56:23.9919507Z   Passed JsonResponseBodyElementStringValueCanBeVerifiedOverridingContentTypeHeaderValue [5 ms]
2023-11-11T07:56:23.9921591Z   Passed JsonResponseBodyElementStringValueCanBeVerifiedUsingNHamcrestMatcher [5 ms]
2023-11-11T07:56:23.9922928Z   Passed NoJsonPathResultsThrowsTheExpectedException [5 ms]
2023-11-11T07:56:24.0002830Z   Passed StringElementNHamcrestMatcherMismatchThrowsTheExpectedException [6 ms]
2023-11-11T07:56:24.0004206Z   Passed FailingResponseBodyLengthVerificationThrowsTheExpectedException [6 ms]
2023-11-11T07:56:24.0134822Z HTTP 200 (OK)
2023-11-11T07:56:24.0135525Z Content-Type: application/json
2023-11-11T07:56:24.0136048Z Content-Length: 194
2023-11-11T07:56:24.0136457Z Date: Sat, 11 Nov 2023 07:56:24 GMT
2023-11-11T07:56:24.0136908Z Server: Kestrel
2023-11-11T07:56:24.0137301Z Transfer-Encoding: chunked
2023-11-11T07:56:24.0137679Z {
2023-11-11T07:56:24.0137971Z   "Country": "Estonia",
2023-11-11T07:56:24.0138334Z   "State": "Colorado",
2023-11-11T07:56:24.0138698Z   "ZipCode": 19468,
2023-11-11T07:56:24.0139040Z   "Places": [
2023-11-11T07:56:24.0139331Z     {
2023-11-11T07:56:24.0139632Z       "Name": "Jamalberg",
2023-11-11T07:56:24.0140030Z       "Inhabitants": 188785,
2023-11-11T07:56:24.0140422Z       "IsCapital": true
2023-11-11T07:56:24.0140778Z     },
2023-11-11T07:56:24.0141052Z     {
2023-11-11T07:56:24.0141361Z       "Name": "Schambergertown",
2023-11-11T07:56:24.0141805Z       "Inhabitants": 88160255,
2023-11-11T07:56:24.0142223Z       "IsCapital": false
2023-11-11T07:56:24.0142567Z     }
2023-11-11T07:56:24.0142835Z   ]
2023-11-11T07:56:24.0143096Z }
2023-11-11T07:56:24.0143396Z Response time: 2.6794 ms
2023-11-11T07:56:24.0143675Z 
2023-11-11T07:56:24.0747149Z   Passed ResponseBodyCanBeExtracted [14 ms]
2023-11-11T07:56:24.0748157Z   Passed ResponseBodyLengthCanBeVerified [9 ms]
2023-11-11T07:56:24.0749865Z   Passed ActualBodyNotEqualToExpectedThrowsTheExpectedException [11 ms]
2023-11-11T07:56:24.0751096Z   Passed ActualBodyNotMatchingNHamcrestMatcherThrowsTheExpectedException [7 ms]
2023-11-11T07:56:24.0752281Z   Passed CannotHandleResponseContentTypeThrowsTheExpectedException [11 ms]
2023-11-11T07:56:24.0753206Z   Passed JsonStringResponseBodyCanBeVerified [6 ms]
2023-11-11T07:56:24.0754109Z   Passed JsonStringResponseBodyCanBeVerifiedUsingNHamcrestMatcher [5 ms]
2023-11-11T07:56:24.0755142Z   Passed PlaintextResponseBodyCanBeVerified("small") [6 ms]
2023-11-11T07:56:24.0755970Z   Passed PlaintextResponseBodyCanBeVerified("medium") [7 ms]
2023-11-11T07:56:24.1629984Z   Passed PlaintextResponseBodyCanBeVerified("large") [7 ms]
2023-11-11T07:56:24.1630873Z   Passed PlaintextResponseBodyCanBeVerified("xlarge") [13 ms]
2023-11-11T07:56:24.1632486Z   Passed ElementValueNotMatchingMatcherTypeThrowsTheExpectedException [9 ms]
2023-11-11T07:56:24.1633946Z   Passed NoXPathResultsThrowsTheExpectedException [9 ms]
2023-11-11T07:56:24.1635270Z   Passed XmlResponseBodyElementBooleanValueCanBeVerifiedUsingNHamcrestMatcher [13 ms]
2023-11-11T07:56:24.1636783Z   Passed XmlResponseBodyElementCollectionCanBeVerifiedUsingNHamcrestMatcher [10 ms]
2023-11-11T07:56:24.1638710Z   Passed XmlResponseBodyElementCollectionCanBeVerifiedUsingNHamcrestMatcherOverridingResponseContentTypeHeader [7 ms]
2023-11-11T07:56:24.1640778Z   Passed XmlResponseBodyElementCollectionNHamcrestMatcherMisMatchThrowsTheExpectedException [8 ms]
2023-11-11T07:56:24.1645016Z   Passed XmlResponseBodyElementIntegerValueCanBeVerifiedUsingNHamcrestMatcher [6 ms]
2023-11-11T07:56:24.2170416Z   Passed XmlResponseBodyElementStringValueCanBeVerifiedOverridingResponseContentTypeHeader [7 ms]
2023-11-11T07:56:24.2174607Z   Passed XmlResponseBodyElementStringValueCanBeVerifiedUsingNHamcrestMatcher [5 ms]
2023-11-11T07:56:24.2176194Z   Passed CookieNotFoundThrowsTheExpectedExceptionWhenExtracting [5 ms]
2023-11-11T07:56:24.2177504Z   Passed CookieNotFoundThrowsTheExpectedExceptionWhenVerifying [5 ms]
2023-11-11T07:56:24.2178865Z   Passed CookieValueMismatchThrowsTheExpectedExceptionWhenVerifying [4 ms]
2023-11-11T07:56:24.2179983Z   Passed GenericCookieValueCanBeExtracted [4 ms]
2023-11-11T07:56:24.2180971Z   Passed GenericCookieValueCanBeVerified [4 ms]
2023-11-11T07:56:24.2181849Z   Passed HttpOnlySecureCookieValueCanBeExtracted [4 ms]
2023-11-11T07:56:24.2182809Z   Passed HttpOnlySecureCookieValueCanBeVerified [4 ms]
2023-11-11T07:56:24.2737223Z   Passed ContentTypeHeaderValueNotMatchingNHamcrestMatcherThrowsTheExpectedException [8 ms]
2023-11-11T07:56:24.2738810Z   Passed HeaderValueNotMatchingTheSpecifiedNHamcrestMatcherThrowsTheExpectedException [6 ms]
2023-11-11T07:56:24.2740056Z   Passed HeaderWithIncorrectValueThrowsTheExpectedException [5 ms]
2023-11-11T07:56:24.2741139Z   Passed IncorrectContentTypeHeaderValueThrowsTheExpectedException [5 ms]
2023-11-11T07:56:24.2742074Z   Passed MultipleResponseHeadersCanBeVerified [5 ms]
2023-11-11T07:56:24.2742834Z   Passed NotFoundHeaderThrowsTheExpectedException [5 ms]
2023-11-11T07:56:24.2743616Z   Passed ResponseContentTypeHeaderCanBeVerified [5 ms]
2023-11-11T07:56:24.2744572Z   Passed ResponseContentTypeHeaderCanBeVerifiedUsingNHamcrestMatcher [4 ms]
2023-11-11T07:56:24.2745473Z   Passed SingleResponseHeaderCanBeVerified [4 ms]
2023-11-11T07:56:24.3343041Z   Passed SingleResponseHeaderCanBeVerifiedUsingNHamcrestMatcher [6 ms]
2023-11-11T07:56:24.3344392Z   Passed HtmlResponseBodyElementValueCanBeExtracted [7 ms]
2023-11-11T07:56:24.3346054Z   Passed HtmlResponseBodyElementValueCanBeExtractedOverridingResponseContentType [5 ms]
2023-11-11T07:56:24.3347278Z   Passed HtmlResponseBodyMultipleElementsCanBeExtracted [5 ms]
2023-11-11T07:56:24.3348157Z   Passed NoXPathResultsThrowsTheExpectedException [5 ms]
2023-11-11T07:56:24.3348895Z   Passed EntireResponseCanBeExtracted [9 ms]
2023-11-11T07:56:24.3349685Z   Passed HeaderNotFoundInResponseThrowsTheExpectedException [6 ms]
2023-11-11T07:56:24.3350669Z   Passed JsonResponseBodyElementBooleanValueCanBeExtracted [5 ms]
2023-11-11T07:56:24.3351634Z   Passed JsonResponseBodyElementIntegerValueCanBeExtracted [5 ms]
2023-11-11T07:56:24.3976318Z   Passed JsonResponseBodyElementStringValueCanBeExtracted [6 ms]
2023-11-11T07:56:24.3977952Z   Passed JsonResponseBodyElementStringValueCanBeExtractedOverridingResponseContentType [5 ms]
2023-11-11T07:56:24.3979569Z   Passed JsonResponseBodyElementValueCanBeExtractedAsListWithSingleItem [13 ms]
2023-11-11T07:56:24.3980988Z   Passed JsonResponseBodyMultipleElementsCanBeExtracted [8 ms]
2023-11-11T07:56:24.3983839Z   Passed NoJsonPathResultsThrowsTheExpectedException [6 ms]
2023-11-11T07:56:24.3985129Z   Passed ResponseHeaderCanBeExtracted [5 ms]
2023-11-11T07:56:24.3986065Z   Passed StatusCodeIndicatingClientSideErrorCanBeVerifiedAsInteger [4 ms]
2023-11-11T07:56:24.3987613Z   Passed StatusCodeIndicatingServerSideErrorCanBeVerifiedAsInteger [5 ms]
2023-11-11T07:56:24.3988723Z   Passed StatusCodeIndicatingSuccessCanBeVerifiedAsHttpStatusCode [4 ms]
2023-11-11T07:56:25.0554524Z   Passed StatusCodeIndicatingSuccessCanBeVerifiedAsInteger [6 ms]
2023-11-11T07:56:25.0556380Z   Passed StatusCodeIndicatingSuccessCanBeVerifiedUsingNHamcrestEqualToMatcher [5 ms]
2023-11-11T07:56:25.0557893Z   Passed StatusCodeVerificationWithMismatchingNHamcrestMatcherThrowsTheExpectedException [5 ms]
2023-11-11T07:56:25.0559255Z   Passed FailingResponseTimeVerificationThrowsTheExpectedException [207 ms]
2023-11-11T07:56:25.0560169Z   Passed ResponseTimeCanBeExtracted [205 ms]
2023-11-11T07:56:25.0560781Z   Passed ResponseTimeCanBeVerified [206 ms]
2023-11-11T07:56:25.0561810Z   Passed NoXPathResultsThrowsTheExpectedException [7 ms]
2023-11-11T07:56:25.0562618Z   Passed XmlResponseBodyElementValueCanBeExtracted [6 ms]
2023-11-11T07:56:25.0563609Z   Passed XmlResponseBodyElementValueCanBeExtractedAsListWithSingleItem [5 ms]
2023-11-11T07:56:25.3010694Z GET https://localhost:8443/ssl-endpoint
2023-11-11T07:56:25.3012218Z Content-Type: application/json; charset=utf-8
2023-11-11T07:56:25.3012812Z Content-Length: 0
2023-11-11T07:56:25.3013159Z HTTP 200 (OK)
2023-11-11T07:56:25.3013516Z Content-Type: 
2023-11-11T07:56:25.3013869Z Content-Length: 0
2023-11-11T07:56:25.3014261Z Date: Sat, 11 Nov 2023 07:56:25 GMT
2023-11-11T07:56:25.3014687Z Server: Kestrel
2023-11-11T07:56:25.3015042Z Response time: 9.4687 ms
2023-11-11T07:56:25.3015564Z GET https://localhost:8443/ssl-endpoint
2023-11-11T07:56:25.3016199Z Content-Type: application/json; charset=utf-8
2023-11-11T07:56:25.3017156Z Content-Length: 0
2023-11-11T07:56:25.3017506Z HTTP 200 (OK)
2023-11-11T07:56:25.3017848Z Content-Type: 
2023-11-11T07:56:25.3018215Z Content-Length: 0
2023-11-11T07:56:25.3018605Z Date: Sat, 11 Nov 2023 07:56:25 GMT
2023-11-11T07:56:25.3019029Z Server: Kestrel
2023-11-11T07:56:25.3019401Z Response time: 10.6188 ms
2023-11-11T07:56:25.3019935Z GET https://localhost:8443/ssl-endpoint
2023-11-11T07:56:25.3020574Z Content-Type: application/json; charset=utf-8
2023-11-11T07:56:25.3021111Z Content-Length: 0
2023-11-11T07:56:25.3021447Z HTTP 200 (OK)
2023-11-11T07:56:25.3021792Z Content-Type: 
2023-11-11T07:56:25.3022134Z Content-Length: 0
2023-11-11T07:56:25.3022513Z Date: Sat, 11 Nov 2023 07:56:25 GMT
2023-11-11T07:56:25.3022945Z Server: Kestrel
2023-11-11T07:56:25.3023288Z Response time: 9.1446 ms
2023-11-11T07:56:25.3023557Z 
2023-11-11T07:56:25.3088718Z HTTP 200 (OK)
2023-11-11T07:56:25.3089279Z Content-Type: 
2023-11-11T07:56:25.3089653Z Content-Length: 0
2023-11-11T07:56:25.3090097Z Date: Sat, 11 Nov 2023 07:56:25 GMT
2023-11-11T07:56:25.3090557Z Server: Kestrel
2023-11-11T07:56:25.3090904Z Response time: 2.8326 ms
2023-11-11T07:56:25.3091178Z 
2023-11-11T07:56:25.3156074Z GET http://localhost:9876/timeout-ok
2023-11-11T07:56:25.3156959Z Content-Type: application/json; charset=utf-8
2023-11-11T07:56:25.3157755Z Content-Length: 0
2023-11-11T07:56:25.3160498Z HTTP 200 (OK)
2023-11-11T07:56:25.3163972Z Content-Type: 
2023-11-11T07:56:25.3166104Z Content-Length: 0
2023-11-11T07:56:25.3166644Z Date: Sat, 11 Nov 2023 07:56:25 GMT
2023-11-11T07:56:25.3167255Z Server: Kestrel
2023-11-11T07:56:25.3167808Z Response time: 2.9895 ms
2023-11-11T07:56:25.3170234Z 
2023-11-11T07:56:26.5551393Z   Passed XmlResponseBodyElementValueCanBeExtractedOverridingResponseContentType [7 ms]
2023-11-11T07:56:26.5553173Z   Passed XmlResponseBodyMultipleElementsCanBeExtracted [4 ms]
2023-11-11T07:56:26.5554710Z   Passed SslVerificationCanBeDisabledUsingStaticConfiguration [233 ms]
2023-11-11T07:56:26.5555793Z   Passed CustomTimeoutCanBeSuppliedInRequestSpecification [5 ms]
2023-11-11T07:56:26.5556617Z   Passed CustomTimeoutCanBeSuppliedInTest [6 ms]
2023-11-11T07:56:28.3203128Z   Passed TimeoutInRequestSpecificationExceededThrowsTheExpectedException [3 s]
2023-11-11T07:56:31.3250468Z GET http://localhost:9876/timeout-nok
2023-11-11T07:56:31.3252244Z Content-Type: application/json; charset=utf-8
2023-11-11T07:56:31.3253271Z Content-Length: 0
2023-11-11T07:56:31.3253792Z 
2023-11-11T07:56:31.3255616Z   Passed TimeoutInTestExceededThrowsTheExpectedException [3 s]
2023-11-11T07:56:31.3351805Z HTTP 200 (OK)
2023-11-11T07:56:31.3352611Z Content-Type: 
2023-11-11T07:56:31.3353230Z Content-Length: 0
2023-11-11T07:56:31.3354144Z Date: Sat, 11 Nov 2023 07:56:31 GMT
2023-11-11T07:56:31.3354655Z Server: Kestrel
2023-11-11T07:56:31.3355013Z Response time: 5.0049 ms
2023-11-11T07:56:31.3355293Z 
2023-11-11T07:56:31.3458897Z GET http://localhost:9876/user-agent
2023-11-11T07:56:31.3459622Z Content-Type: application/json; charset=utf-8
2023-11-11T07:56:31.3460216Z Content-Length: 0
2023-11-11T07:56:31.3460630Z User-Agent: MyUserAgent/1.0
2023-11-11T07:56:31.3461035Z HTTP 200 (OK)
2023-11-11T07:56:31.3461389Z Content-Type: 
2023-11-11T07:56:31.3461743Z Content-Length: 0
2023-11-11T07:56:31.3462133Z Date: Sat, 11 Nov 2023 07:56:31 GMT
2023-11-11T07:56:31.3462573Z Server: Kestrel
2023-11-11T07:56:31.3462945Z Response time: 4.0789 ms
2023-11-11T07:56:31.3463213Z 
2023-11-11T07:56:31.3533214Z GET http://localhost:9876/user-agent
2023-11-11T07:56:31.3533926Z Content-Type: application/json; charset=utf-8
2023-11-11T07:56:31.3534486Z Content-Length: 0
2023-11-11T07:56:31.3534905Z User-Agent: MyUserAgent/1.0
2023-11-11T07:56:31.3535313Z HTTP 200 (OK)
2023-11-11T07:56:31.3535649Z Content-Type: 
2023-11-11T07:56:31.3536022Z Content-Length: 0
2023-11-11T07:56:31.3536406Z Date: Sat, 11 Nov 2023 07:56:31 GMT
2023-11-11T07:56:31.3536832Z Server: Kestrel
2023-11-11T07:56:31.3537186Z Response time: 4.0702 ms
2023-11-11T07:56:31.3537437Z 
2023-11-11T07:56:31.3602640Z POST http://localhost:9876/xml-serialization
2023-11-11T07:56:31.3603398Z Content-Type: application/xml; charset=utf-8
2023-11-11T07:56:31.3603958Z Content-Length: 535
2023-11-11T07:56:31.3605007Z <Location xmlns:xsi="http://www.w3.org/2001/XMLSchema-instance" xmlns:xsd="http://www.w3.org/2001/XMLSchema">
2023-11-11T07:56:31.3605980Z   <Country>United States</Country>
2023-11-11T07:56:31.3606432Z   <State>California</State>
2023-11-11T07:56:31.3606836Z   <ZipCode>90210</ZipCode>
2023-11-11T07:56:31.3607212Z   <Places>
2023-11-11T07:56:31.3607493Z     <Place>
2023-11-11T07:56:31.3607808Z       <Name>Sun City</Name>
2023-11-11T07:56:31.3608236Z       <Inhabitants>100000</Inhabitants>
2023-11-11T07:56:31.3608710Z       <IsCapital>true</IsCapital>
2023-11-11T07:56:31.3609137Z     </Place>
2023-11-11T07:56:31.3609433Z     <Place>
2023-11-11T07:56:31.3609750Z       <Name>Pleasure Meadow</Name>
2023-11-11T07:56:31.3610211Z       <Inhabitants>50000</Inhabitants>
2023-11-11T07:56:31.3610684Z       <IsCapital>false</IsCapital>
2023-11-11T07:56:31.3611097Z     </Place>
2023-11-11T07:56:31.3611394Z   </Places>
2023-11-11T07:56:31.3611682Z </Location>
2023-11-11T07:56:31.3611989Z HTTP 201 (Created)
2023-11-11T07:56:31.3612359Z Content-Type: 
2023-11-11T07:56:31.3612723Z Content-Length: 0
2023-11-11T07:56:31.3613099Z Date: Sat, 11 Nov 2023 07:56:31 GMT
2023-11-11T07:56:31.3613545Z Server: Kestrel
2023-11-11T07:56:31.3613906Z Response time: 3.1025 ms
2023-11-11T07:56:31.3614161Z 
2023-11-11T07:56:31.4420006Z GET http://localhost:9876/xml-schema-validation
2023-11-11T07:56:31.4421344Z Content-Type: application/json; charset=utf-8
2023-11-11T07:56:31.4422694Z Content-Length: 0
2023-11-11T07:56:31.4423157Z HTTP 200 (OK)
2023-11-11T07:56:31.4423659Z Content-Type: application/xml
2023-11-11T07:56:31.4424202Z Content-Length: 456
2023-11-11T07:56:31.4424687Z Date: Sat, 11 Nov 2023 07:56:31 GMT
2023-11-11T07:56:31.4425191Z Server: Kestrel
2023-11-11T07:56:31.4425642Z Transfer-Encoding: chunked
2023-11-11T07:56:31.4426923Z <Location xmlns:xsi="http://www.w3.org/2001/XMLSchema-instance" xmlns:xsd="http://www.w3.org/2001/XMLSchema">
2023-11-11T07:56:31.4428026Z   <Country>United States</Country>
2023-11-11T07:56:31.4428547Z   <State>California</State>
2023-11-11T07:56:31.4428998Z   <ZipCode>90210</ZipCode>
2023-11-11T07:56:31.4429421Z   <Places>
2023-11-11T07:56:31.4430189Z     <Place>
2023-11-11T07:56:31.4430536Z       <Name>Sun City</Name>
2023-11-11T07:56:31.4431025Z       <Inhabitants>100000</Inhabitants>
2023-11-11T07:56:31.4431586Z       <IsCapital>true</IsCapital>
2023-11-11T07:56:31.4432056Z     </Place>
2023-11-11T07:56:31.4432406Z     <Place>
2023-11-11T07:56:31.4432769Z       <Name>Pleasure Meadow</Name>
2023-11-11T07:56:31.4433303Z       <Inhabitants>50000</Inhabitants>
2023-11-11T07:56:31.4433846Z       <IsCapital>false</IsCapital>
2023-11-11T07:56:31.4434316Z     </Place>
2023-11-11T07:56:31.4434664Z   </Places>
2023-11-11T07:56:31.4434994Z </Location>
2023-11-11T07:56:31.4435357Z Response time: 2.8648 ms
2023-11-11T07:56:31.4435664Z 
2023-11-11T07:56:31.4551561Z GET http://localhost:9876/non-matching-dtd-validation
2023-11-11T07:56:31.4552636Z Content-Type: application/json; charset=utf-8
2023-11-11T07:56:31.4553373Z Content-Length: 0
2023-11-11T07:56:31.4554187Z HTTP 200 (OK)
2023-11-11T07:56:31.4554799Z Content-Type: application/xml
2023-11-11T07:56:31.4555325Z Content-Length: 575
2023-11-11T07:56:31.4555766Z Date: Sat, 11 Nov 2023 07:56:31 GMT
2023-11-11T07:56:31.4556216Z Server: Kestrel
2023-11-11T07:56:31.4556625Z Transfer-Encoding: chunked
2023-11-11T07:56:31.4557008Z <!DOCTYPE store [
2023-11-11T07:56:31.4557375Z               <!ELEMENT store (item)*> 
2023-11-11T07:56:31.4557894Z               <!ELEMENT item (name,dept,price)>
2023-11-11T07:56:31.4558442Z               <!ATTLIST item type CDATA #REQUIRED>
2023-11-11T07:56:31.4559010Z               <!ATTLIST item ISBN CDATA #REQUIRED>
2023-11-11T07:56:31.4559543Z               <!ELEMENT name (#PCDATA)>
2023-11-11T07:56:31.4560028Z               <!ELEMENT price (#PCDATA)>]>
2023-11-11T07:56:31.4561066Z <store>
2023-11-11T07:56:31.4561495Z   <item type="supplies" ISBN="2-3631-4">
2023-11-11T07:56:31.4561965Z     <name>paint</name>
2023-11-11T07:56:31.4562405Z     <dept>interior design</dept>
2023-11-11T07:56:31.4562838Z     <price>16.95</price>
2023-11-11T07:56:31.4563211Z   </item>
2023-11-11T07:56:31.4563504Z </store>
2023-11-11T07:56:31.4563833Z Response time: 3.008 ms
2023-11-11T07:56:31.4564086Z 
2023-11-11T07:56:31.4652593Z GET http://localhost:9876/xml-schema-validation
2023-11-11T07:56:31.4653388Z Content-Type: application/json; charset=utf-8
2023-11-11T07:56:31.4653944Z Content-Length: 0
2023-11-11T07:56:31.4654281Z HTTP 200 (OK)
2023-11-11T07:56:31.4654698Z Content-Type: application/xml
2023-11-11T07:56:31.4655172Z Content-Length: 456
2023-11-11T07:56:31.4655565Z Date: Sat, 11 Nov 2023 07:56:31 GMT
2023-11-11T07:56:31.4656007Z Server: Kestrel
2023-11-11T07:56:31.4656407Z Transfer-Encoding: chunked
2023-11-11T07:56:31.4657498Z <Location xmlns:xsi="http://www.w3.org/2001/XMLSchema-instance" xmlns:xsd="http://www.w3.org/2001/XMLSchema">
2023-11-11T07:56:31.4658467Z   <Country>United States</Country>
2023-11-11T07:56:31.4658923Z   <State>California</State>
2023-11-11T07:56:31.4659330Z   <ZipCode>90210</ZipCode>
2023-11-11T07:56:31.4659690Z   <Places>
2023-11-11T07:56:31.4659978Z     <Place>
2023-11-11T07:56:31.4660302Z       <Name>Sun City</Name>
2023-11-11T07:56:31.4660727Z       <Inhabitants>100000</Inhabitants>
2023-11-11T07:56:31.4661215Z       <IsCapital>true</IsCapital>
2023-11-11T07:56:31.4661632Z     </Place>
2023-11-11T07:56:31.4661918Z     <Place>
2023-11-11T07:56:31.4662244Z       <Name>Pleasure Meadow</Name>
2023-11-11T07:56:31.4662697Z       <Inhabitants>50000</Inhabitants>
2023-11-11T07:56:31.4663177Z       <IsCapital>false</IsCapital>
2023-11-11T07:56:31.4663599Z     </Place>
2023-11-11T07:56:31.4663887Z   </Places>
2023-11-11T07:56:31.4664172Z </Location>
2023-11-11T07:56:31.4664503Z Response time: 2.5766 ms
2023-11-11T07:56:31.4664758Z 
2023-11-11T07:56:31.4731426Z GET http://localhost:9876/xml-schema-unexpected-content-type
2023-11-11T07:56:31.4732590Z Content-Type: application/json; charset=utf-8
2023-11-11T07:56:31.4733427Z Content-Length: 0
2023-11-11T07:56:31.4734056Z HTTP 200 (OK)
2023-11-11T07:56:31.4734741Z Content-Type: application/something
2023-11-11T07:56:31.4735379Z Content-Length: 9
2023-11-11T07:56:31.4736317Z Date: Sat, 11 Nov 2023 07:56:31 GMT
2023-11-11T07:56:31.4736974Z Server: Kestrel
2023-11-11T07:56:31.4756319Z Transfer-Encoding: chunked
2023-11-11T07:56:31.4770770Z Something
2023-11-11T07:56:31.4771151Z Response time: 2.8594 ms
2023-11-11T07:56:31.4771497Z 
2023-11-11T07:56:31.4771991Z   Passed CustomUserAgentCanBeSuppliedThroughRequestSpecification [10 ms]
2023-11-11T07:56:31.4773153Z   Passed CustomUserAgentCanBeSuppliedUsingProductInfoHeaderValueInTest [10 ms]
2023-11-11T07:56:31.4774409Z   Passed CustomUserAgentCanBeSuppliedUsingProductNameAndProductVersionInTest [6 ms]
2023-11-11T07:56:31.4775345Z   Passed ObjectCanBeSerializedToXml [5 ms]
2023-11-11T07:56:31.4776071Z   Passed UnableToSerializeThrowsTheExpectedException [5 ms]
2023-11-11T07:56:31.4777042Z   Passed IncorrectlyFormattedXmlSchemaThrowsTheExpectedException [75 ms]
2023-11-11T07:56:31.4778066Z   Passed MismatchWithInlineDtdThrowsTheExpectedException [12 ms]
2023-11-11T07:56:31.4778998Z   Passed MismatchWithXmlSchemaThrowsTheExpectedException [10 ms]
2023-11-11T07:56:31.4780180Z   Passed UnexpectedResponseContentTypeThrowsTheExpectedExceptionWhenValidatingDtd [8 ms]
2023-11-11T07:56:31.4809281Z GET http://localhost:9876/xml-schema-unexpected-content-type
2023-11-11T07:56:31.4810120Z Content-Type: application/json; charset=utf-8
2023-11-11T07:56:31.4810673Z Content-Length: 0
2023-11-11T07:56:31.4811014Z HTTP 200 (OK)
2023-11-11T07:56:31.4811424Z Content-Type: application/something
2023-11-11T07:56:31.4811912Z Content-Length: 9
2023-11-11T07:56:31.4812298Z Date: Sat, 11 Nov 2023 07:56:31 GMT
2023-11-11T07:56:31.4812721Z Server: Kestrel
2023-11-11T07:56:31.4813119Z Transfer-Encoding: chunked
2023-11-11T07:56:31.4813831Z Something
2023-11-11T07:56:31.4814155Z Response time: 2.4734 ms
2023-11-11T07:56:31.4814424Z 
2023-11-11T07:56:31.4896042Z GET http://localhost:9876/matching-dtd-validation
2023-11-11T07:56:31.4896830Z Content-Type: application/json; charset=utf-8
2023-11-11T07:56:31.4897397Z Content-Length: 0
2023-11-11T07:56:31.4897750Z HTTP 200 (OK)
2023-11-11T07:56:31.4898168Z Content-Type: application/xml
2023-11-11T07:56:31.4898642Z Content-Length: 615
2023-11-11T07:56:31.4899029Z Date: Sat, 11 Nov 2023 07:56:31 GMT
2023-11-11T07:56:31.4899472Z Server: Kestrel
2023-11-11T07:56:31.4899878Z Transfer-Encoding: chunked
2023-11-11T07:56:31.4900258Z <!DOCTYPE store [
2023-11-11T07:56:31.4900627Z               <!ELEMENT store (item)*> 
2023-11-11T07:56:31.4901160Z               <!ELEMENT item (name,dept,price)>
2023-11-11T07:56:31.4901716Z               <!ATTLIST item type CDATA #REQUIRED>
2023-11-11T07:56:31.4902282Z               <!ATTLIST item ISBN CDATA #REQUIRED>
2023-11-11T07:56:31.4902832Z               <!ELEMENT name (#PCDATA)>
2023-11-11T07:56:31.4903305Z               <!ELEMENT dept (#PCDATA)>
2023-11-11T07:56:31.4903804Z               <!ELEMENT price (#PCDATA)>]>
2023-11-11T07:56:31.4904272Z <store>
2023-11-11T07:56:31.4904651Z   <item type="supplies" ISBN="2-3631-4">
2023-11-11T07:56:31.4905125Z     <name>paint</name>
2023-11-11T07:56:31.4905516Z     <dept>interior design</dept>
2023-11-11T07:56:31.4905936Z     <price>16.95</price>
2023-11-11T07:56:31.4906296Z   </item>
2023-11-11T07:56:31.4906577Z </store>
2023-11-11T07:56:31.4906887Z Response time: 2.3932 ms
2023-11-11T07:56:31.4907153Z 
2023-11-11T07:56:31.5108557Z GET http://localhost:9876/xml-schema-validation
2023-11-11T07:56:31.5109331Z Content-Type: application/json; charset=utf-8
2023-11-11T07:56:31.5109876Z Content-Length: 0
2023-11-11T07:56:31.5110220Z HTTP 200 (OK)
2023-11-11T07:56:31.5110633Z Content-Type: application/xml
2023-11-11T07:56:31.5111091Z Content-Length: 456
2023-11-11T07:56:31.5111487Z Date: Sat, 11 Nov 2023 07:56:31 GMT
2023-11-11T07:56:31.5111971Z Server: Kestrel
2023-11-11T07:56:31.5112359Z Transfer-Encoding: chunked
2023-11-11T07:56:31.5113435Z <Location xmlns:xsi="http://www.w3.org/2001/XMLSchema-instance" xmlns:xsd="http://www.w3.org/2001/XMLSchema">
2023-11-11T07:56:31.5114398Z   <Country>United States</Country>
2023-11-11T07:56:31.5115269Z   <State>California</State>
2023-11-11T07:56:31.5115663Z   <ZipCode>90210</ZipCode>
2023-11-11T07:56:31.5116034Z   <Places>
2023-11-11T07:56:31.5116313Z     <Place>
2023-11-11T07:56:31.5116629Z       <Name>Sun City</Name>
2023-11-11T07:56:31.5117051Z       <Inhabitants>100000</Inhabitants>
2023-11-11T07:56:31.5117523Z       <IsCapital>true</IsCapital>
2023-11-11T07:56:31.5117942Z     </Place>
2023-11-11T07:56:31.5118245Z     <Place>
2023-11-11T07:56:31.5118563Z       <Name>Pleasure Meadow</Name>
2023-11-11T07:56:31.5119028Z       <Inhabitants>50000</Inhabitants>
2023-11-11T07:56:31.5119506Z       <IsCapital>false</IsCapital>
2023-11-11T07:56:31.5119921Z     </Place>
2023-11-11T07:56:31.5120231Z   </Places>
2023-11-11T07:56:31.5120518Z </Location>
2023-11-11T07:56:31.5121227Z Response time: 8.1884 ms
2023-11-11T07:56:31.5121507Z 
2023-11-11T07:56:31.5172313Z GET http://localhost:9876/xml-schema-validation
2023-11-11T07:56:31.5173058Z Content-Type: application/json; charset=utf-8
2023-11-11T07:56:31.5173652Z Content-Length: 0
2023-11-11T07:56:31.5173981Z HTTP 200 (OK)
2023-11-11T07:56:31.5174415Z Content-Type: application/xml
2023-11-11T07:56:31.5174885Z Content-Length: 456
2023-11-11T07:56:31.5175267Z Date: Sat, 11 Nov 2023 07:56:31 GMT
2023-11-11T07:56:31.5175706Z Server: Kestrel
2023-11-11T07:56:31.5176111Z Transfer-Encoding: chunked
2023-11-11T07:56:31.5177166Z <Location xmlns:xsi="http://www.w3.org/2001/XMLSchema-instance" xmlns:xsd="http://www.w3.org/2001/XMLSchema">
2023-11-11T07:56:31.5178130Z   <Country>United States</Country>
2023-11-11T07:56:31.5178588Z   <State>California</State>
2023-11-11T07:56:31.5178983Z   <ZipCode>90210</ZipCode>
2023-11-11T07:56:31.5179352Z   <Places>
2023-11-11T07:56:31.5179993Z     <Place>
2023-11-11T07:56:31.5180305Z       <Name>Sun City</Name>
2023-11-11T07:56:31.5180735Z       <Inhabitants>100000</Inhabitants>
2023-11-11T07:56:31.5181224Z       <IsCapital>true</IsCapital>
2023-11-11T07:56:31.5181631Z     </Place>
2023-11-11T07:56:31.5181945Z     <Place>
2023-11-11T07:56:31.5182288Z       <Name>Pleasure Meadow</Name>
2023-11-11T07:56:31.5182747Z       <Inhabitants>50000</Inhabitants>
2023-11-11T07:56:31.5183224Z       <IsCapital>false</IsCapital>
2023-11-11T07:56:31.5183645Z     </Place>
2023-11-11T07:56:31.5183933Z   </Places>
2023-11-11T07:56:31.5184219Z </Location>
2023-11-11T07:56:31.5184551Z Response time: 2.6552 ms
2023-11-11T07:56:31.5184807Z 
2023-11-11T07:56:31.5327809Z NUnit Adapter 4.5.0.0: Test execution complete
2023-11-11T07:56:31.5999844Z   Passed UnexpectedResponseContentTypeThrowsTheExpectedExceptionWhenValidatingXsd [5 ms]
2023-11-11T07:56:31.6007447Z   Passed XmlResponseCanBeVerifiedAgainstInlineDtd [8 ms]
2023-11-11T07:56:31.6008437Z   Passed XmlSchemaCanBeSuppliedAndVerifiedAsString [21 ms]
2023-11-11T07:56:31.6009438Z   Passed XmlSchemaCanBeSuppliedAndVerifiedAsXmlSchemaSet [5 ms]
2023-11-11T07:56:31.6047225Z 
2023-11-11T07:56:31.6110788Z Test Run Successful.
2023-11-11T07:56:31.6111472Z Total tests: 191
2023-11-11T07:56:31.6112287Z      Passed: 191
2023-11-11T07:56:31.6116559Z  Total time: 12.7544 Seconds
2023-11-11T07:56:31.6443438Z      1>Done Building Project "/home/runner/work/rest-assured-net/rest-assured-net/RestAssured.Net.sln" (VSTest target(s)).
2023-11-11T07:56:31.6666479Z 
2023-11-11T07:56:31.6667206Z Build succeeded.
2023-11-11T07:56:31.6667824Z     0 Warning(s)
2023-11-11T07:56:31.6668337Z     0 Error(s)
2023-11-11T07:56:31.6668660Z 
2023-11-11T07:56:31.6669273Z Time Elapsed 00:00:15.33
2023-11-11T07:56:31.7367809Z ##[group]Run dotnet build --no-restore
2023-11-11T07:56:31.7368362Z [36;1mdotnet build --no-restore[0m
2023-11-11T07:56:31.7405711Z shell: /usr/bin/bash -e {0}
2023-11-11T07:56:31.7406144Z env:
2023-11-11T07:56:31.7406456Z   DOTNET_ROOT: /usr/share/dotnet
2023-11-11T07:56:31.7406869Z ##[endgroup]
2023-11-11T07:56:31.9713928Z MSBuild version 17.7.3+4fca21998 for .NET
2023-11-11T07:56:32.9590606Z   RestAssured.Net -> /home/runner/work/rest-assured-net/rest-assured-net/RestAssured.Net/bin/Debug/net7.0/RestAssured.Net.dll
2023-11-11T07:56:34.1942153Z ##[warning]/home/runner/work/rest-assured-net/rest-assured-net/RestAssured.Net/Request/Builders/RequestSpecBuilder.cs(56,164): warning CS8604: Possible null reference argument for parameter 'proxy' in 'RequestSpecification.RequestSpecification(string scheme, string host, int port, string basePath, IEnumerable<KeyValuePair<string, string>> queryParams, TimeSpan? timeout, ProductInfoHeaderValue? userAgent, IWebProxy proxy, Dictionary<string, object> headers, AuthenticationHeaderValue authenticationHeader, string contentType, Encoding contentEncoding, bool disableSslCertificateValidation, RequestLogLevel requestLogLevel, JsonSerializerSettings jsonSerializerSettings, List<string> sensitiveRequestHeadersAndCookies)'. [/home/runner/work/rest-assured-net/rest-assured-net/RestAssured.Net/RestAssured.Net.csproj::TargetFramework=net6.0]
2023-11-11T07:56:34.1961297Z ##[warning]/home/runner/work/rest-assured-net/rest-assured-net/RestAssured.Net/Request/Builders/RequestSpecBuilder.cs(56,190): warning CS8604: Possible null reference argument for parameter 'authenticationHeader' in 'RequestSpecification.RequestSpecification(string scheme, string host, int port, string basePath, IEnumerable<KeyValuePair<string, string>> queryParams, TimeSpan? timeout, ProductInfoHeaderValue? userAgent, IWebProxy proxy, Dictionary<string, object> headers, AuthenticationHeaderValue authenticationHeader, string contentType, Encoding contentEncoding, bool disableSslCertificateValidation, RequestLogLevel requestLogLevel, JsonSerializerSettings jsonSerializerSettings, List<string> sensitiveRequestHeadersAndCookies)'. [/home/runner/work/rest-assured-net/rest-assured-net/RestAssured.Net/RestAssured.Net.csproj::TargetFramework=net6.0]
2023-11-11T07:56:34.1979489Z ##[warning]/home/runner/work/rest-assured-net/rest-assured-net/RestAssured.Net/Request/Builders/RequestSpecBuilder.cs(56,217): warning CS8604: Possible null reference argument for parameter 'contentType' in 'RequestSpecification.RequestSpecification(string scheme, string host, int port, string basePath, IEnumerable<KeyValuePair<string, string>> queryParams, TimeSpan? timeout, ProductInfoHeaderValue? userAgent, IWebProxy proxy, Dictionary<string, object> headers, AuthenticationHeaderValue authenticationHeader, string contentType, Encoding contentEncoding, bool disableSslCertificateValidation, RequestLogLevel requestLogLevel, JsonSerializerSettings jsonSerializerSettings, List<string> sensitiveRequestHeadersAndCookies)'. [/home/runner/work/rest-assured-net/rest-assured-net/RestAssured.Net/RestAssured.Net.csproj::TargetFramework=net6.0]
2023-11-11T07:56:34.1997513Z ##[warning]/home/runner/work/rest-assured-net/rest-assured-net/RestAssured.Net/Request/Builders/RequestSpecBuilder.cs(56,241): warning CS8604: Possible null reference argument for parameter 'contentEncoding' in 'RequestSpecification.RequestSpecification(string scheme, string host, int port, string basePath, IEnumerable<KeyValuePair<string, string>> queryParams, TimeSpan? timeout, ProductInfoHeaderValue? userAgent, IWebProxy proxy, Dictionary<string, object> headers, AuthenticationHeaderValue authenticationHeader, string contentType, Encoding contentEncoding, bool disableSslCertificateValidation, RequestLogLevel requestLogLevel, JsonSerializerSettings jsonSerializerSettings, List<string> sensitiveRequestHeadersAndCookies)'. [/home/runner/work/rest-assured-net/rest-assured-net/RestAssured.Net/RestAssured.Net.csproj::TargetFramework=net6.0]
2023-11-11T07:56:34.2009059Z ##[warning]/home/runner/work/rest-assured-net/rest-assured-net/RestAssured.Net/Request/Builders/RequestSpecBuilder.cs(39,36): warning CS0649: Field 'RequestSpecBuilder.timeout' is never assigned to, and will always have its default value [/home/runner/work/rest-assured-net/rest-assured-net/RestAssured.Net/RestAssured.Net.csproj::TargetFramework=net6.0]
2023-11-11T07:56:34.2016060Z ##[warning]/home/runner/work/rest-assured-net/rest-assured-net/RestAssured.Net/Request/Builders/RequestSpecBuilder.cs(40,50): warning CS0649: Field 'RequestSpecBuilder.userAgent' is never assigned to, and will always have its default value null [/home/runner/work/rest-assured-net/rest-assured-net/RestAssured.Net/RestAssured.Net.csproj::TargetFramework=net6.0]
2023-11-11T07:56:34.2023499Z ##[warning]/home/runner/work/rest-assured-net/rest-assured-net/RestAssured.Net/Request/Builders/RequestSpecBuilder.cs(43,53): warning CS0649: Field 'RequestSpecBuilder.authenticationHeader' is never assigned to, and will always have its default value null [/home/runner/work/rest-assured-net/rest-assured-net/RestAssured.Net/RestAssured.Net.csproj::TargetFramework=net6.0]
2023-11-11T07:56:34.2030439Z ##[warning]/home/runner/work/rest-assured-net/rest-assured-net/RestAssured.Net/Request/Builders/RequestSpecBuilder.cs(41,37): warning CS0649: Field 'RequestSpecBuilder.proxy' is never assigned to, and will always have its default value null [/home/runner/work/rest-assured-net/rest-assured-net/RestAssured.Net/RestAssured.Net.csproj::TargetFramework=net6.0]
2023-11-11T07:56:34.2203615Z   RestAssured.Net.DemoService -> /home/runner/work/rest-assured-net/rest-assured-net/RestAssured.Net.DemoService/bin/Debug/net6.0/RestAssured.Net.DemoService.dll
2023-11-11T07:56:34.2812906Z   RestAssured.Net -> /home/runner/work/rest-assured-net/rest-assured-net/RestAssured.Net/bin/Debug/net6.0/RestAssured.Net.dll
2023-11-11T07:56:34.3144606Z   RestAssured.Net.DemoService -> /home/runner/work/rest-assured-net/rest-assured-net/RestAssured.Net.DemoService/bin/Debug/net7.0/RestAssured.Net.DemoService.dll
2023-11-11T07:56:35.7856512Z ##[warning]/home/runner/work/rest-assured-net/rest-assured-net/RestAssured.Net.Tests/QueryParameterTests.cs(119,13): warning CS0618: 'ExecutableRequest.QueryParams(Dictionary<string, object>)' is obsolete: 'Please use QueryParams(IEnumerable<KeyValuePair<string, object>>) instead. This method will be removed in version 5.0.0' [/home/runner/work/rest-assured-net/rest-assured-net/RestAssured.Net.Tests/RestAssured.Net.Tests.csproj::TargetFramework=net6.0]
2023-11-11T07:56:35.8749279Z   RestAssured.Net.Tests -> /home/runner/work/rest-assured-net/rest-assured-net/RestAssured.Net.Tests/bin/Debug/net6.0/RestAssured.Net.Tests.dll
2023-11-11T07:56:36.0201759Z   RestAssured.Net.Tests -> /home/runner/work/rest-assured-net/rest-assured-net/RestAssured.Net.Tests/bin/Debug/net7.0/RestAssured.Net.Tests.dll
2023-11-11T07:56:36.4879818Z   Successfully created package '/home/runner/work/rest-assured-net/rest-assured-net/RestAssured.Net/bin/Debug/RestAssured.Net.4.2.0-beta.1.nupkg'.
2023-11-11T07:56:36.5076574Z 
2023-11-11T07:56:36.5077424Z Build succeeded.
2023-11-11T07:56:36.5077848Z 
2023-11-11T07:56:36.5090690Z ##[warning]/home/runner/work/rest-assured-net/rest-assured-net/RestAssured.Net/Request/Builders/RequestSpecBuilder.cs(56,164): warning CS8604: Possible null reference argument for parameter 'proxy' in 'RequestSpecification.RequestSpecification(string scheme, string host, int port, string basePath, IEnumerable<KeyValuePair<string, string>> queryParams, TimeSpan? timeout, ProductInfoHeaderValue? userAgent, IWebProxy proxy, Dictionary<string, object> headers, AuthenticationHeaderValue authenticationHeader, string contentType, Encoding contentEncoding, bool disableSslCertificateValidation, RequestLogLevel requestLogLevel, JsonSerializerSettings jsonSerializerSettings, List<string> sensitiveRequestHeadersAndCookies)'. [/home/runner/work/rest-assured-net/rest-assured-net/RestAssured.Net/RestAssured.Net.csproj::TargetFramework=net6.0]
2023-11-11T07:56:36.5114180Z ##[warning]/home/runner/work/rest-assured-net/rest-assured-net/RestAssured.Net/Request/Builders/RequestSpecBuilder.cs(56,190): warning CS8604: Possible null reference argument for parameter 'authenticationHeader' in 'RequestSpecification.RequestSpecification(string scheme, string host, int port, string basePath, IEnumerable<KeyValuePair<string, string>> queryParams, TimeSpan? timeout, ProductInfoHeaderValue? userAgent, IWebProxy proxy, Dictionary<string, object> headers, AuthenticationHeaderValue authenticationHeader, string contentType, Encoding contentEncoding, bool disableSslCertificateValidation, RequestLogLevel requestLogLevel, JsonSerializerSettings jsonSerializerSettings, List<string> sensitiveRequestHeadersAndCookies)'. [/home/runner/work/rest-assured-net/rest-assured-net/RestAssured.Net/RestAssured.Net.csproj::TargetFramework=net6.0]
2023-11-11T07:56:36.5136987Z ##[warning]/home/runner/work/rest-assured-net/rest-assured-net/RestAssured.Net/Request/Builders/RequestSpecBuilder.cs(56,217): warning CS8604: Possible null reference argument for parameter 'contentType' in 'RequestSpecification.RequestSpecification(string scheme, string host, int port, string basePath, IEnumerable<KeyValuePair<string, string>> queryParams, TimeSpan? timeout, ProductInfoHeaderValue? userAgent, IWebProxy proxy, Dictionary<string, object> headers, AuthenticationHeaderValue authenticationHeader, string contentType, Encoding contentEncoding, bool disableSslCertificateValidation, RequestLogLevel requestLogLevel, JsonSerializerSettings jsonSerializerSettings, List<string> sensitiveRequestHeadersAndCookies)'. [/home/runner/work/rest-assured-net/rest-assured-net/RestAssured.Net/RestAssured.Net.csproj::TargetFramework=net6.0]
2023-11-11T07:56:36.5154797Z ##[warning]/home/runner/work/rest-assured-net/rest-assured-net/RestAssured.Net/Request/Builders/RequestSpecBuilder.cs(56,241): warning CS8604: Possible null reference argument for parameter 'contentEncoding' in 'RequestSpecification.RequestSpecification(string scheme, string host, int port, string basePath, IEnumerable<KeyValuePair<string, string>> queryParams, TimeSpan? timeout, ProductInfoHeaderValue? userAgent, IWebProxy proxy, Dictionary<string, object> headers, AuthenticationHeaderValue authenticationHeader, string contentType, Encoding contentEncoding, bool disableSslCertificateValidation, RequestLogLevel requestLogLevel, JsonSerializerSettings jsonSerializerSettings, List<string> sensitiveRequestHeadersAndCookies)'. [/home/runner/work/rest-assured-net/rest-assured-net/RestAssured.Net/RestAssured.Net.csproj::TargetFramework=net6.0]
2023-11-11T07:56:36.5205849Z ##[warning]/home/runner/work/rest-assured-net/rest-assured-net/RestAssured.Net/Request/Builders/RequestSpecBuilder.cs(39,36): warning CS0649: Field 'RequestSpecBuilder.timeout' is never assigned to, and will always have its default value [/home/runner/work/rest-assured-net/rest-assured-net/RestAssured.Net/RestAssured.Net.csproj::TargetFramework=net6.0]
2023-11-11T07:56:36.5212815Z ##[warning]/home/runner/work/rest-assured-net/rest-assured-net/RestAssured.Net/Request/Builders/RequestSpecBuilder.cs(40,50): warning CS0649: Field 'RequestSpecBuilder.userAgent' is never assigned to, and will always have its default value null [/home/runner/work/rest-assured-net/rest-assured-net/RestAssured.Net/RestAssured.Net.csproj::TargetFramework=net6.0]
2023-11-11T07:56:36.5220005Z ##[warning]/home/runner/work/rest-assured-net/rest-assured-net/RestAssured.Net/Request/Builders/RequestSpecBuilder.cs(43,53): warning CS0649: Field 'RequestSpecBuilder.authenticationHeader' is never assigned to, and will always have its default value null [/home/runner/work/rest-assured-net/rest-assured-net/RestAssured.Net/RestAssured.Net.csproj::TargetFramework=net6.0]
2023-11-11T07:56:36.5227263Z ##[warning]/home/runner/work/rest-assured-net/rest-assured-net/RestAssured.Net/Request/Builders/RequestSpecBuilder.cs(41,37): warning CS0649: Field 'RequestSpecBuilder.proxy' is never assigned to, and will always have its default value null [/home/runner/work/rest-assured-net/rest-assured-net/RestAssured.Net/RestAssured.Net.csproj::TargetFramework=net6.0]
2023-11-11T07:56:36.5235619Z ##[warning]/home/runner/work/rest-assured-net/rest-assured-net/RestAssured.Net.Tests/QueryParameterTests.cs(119,13): warning CS0618: 'ExecutableRequest.QueryParams(Dictionary<string, object>)' is obsolete: 'Please use QueryParams(IEnumerable<KeyValuePair<string, object>>) instead. This method will be removed in version 5.0.0' [/home/runner/work/rest-assured-net/rest-assured-net/RestAssured.Net.Tests/RestAssured.Net.Tests.csproj::TargetFramework=net6.0]
2023-11-11T07:56:36.5239671Z     9 Warning(s)
2023-11-11T07:56:36.5239996Z     0 Error(s)
2023-11-11T07:56:36.5240189Z 
2023-11-11T07:56:36.5240363Z Time Elapsed 00:00:04.33
2023-11-11T07:56:36.5958808Z ##[group]Run FILE=./RestAssured.Net/bin/Debug/RestAssured.Net.*.nupkg
2023-11-11T07:56:36.5959707Z [36;1mFILE=./RestAssured.Net/bin/Debug/RestAssured.Net.*.nupkg[0m
2023-11-11T07:56:36.5960419Z [36;1mif compgen -G $FILE > /dev/null; then[0m
2023-11-11T07:56:36.5961181Z [36;1m  echo "$FILE exists."[0m
2023-11-11T07:56:36.5961678Z [36;1melse[0m
2023-11-11T07:56:36.5961997Z [36;1m  exit 1;[0m
2023-11-11T07:56:36.5962332Z [36;1mfi[0m
2023-11-11T07:56:36.5999776Z shell: /usr/bin/bash -e {0}
2023-11-11T07:56:36.6000177Z env:
2023-11-11T07:56:36.6000490Z   DOTNET_ROOT: /usr/share/dotnet
2023-11-11T07:56:36.6001089Z ##[endgroup]
2023-11-11T07:56:36.6077239Z ./RestAssured.Net/bin/Debug/RestAssured.Net.*.nupkg exists.
2023-11-11T07:56:36.6137162Z Post job cleanup.
2023-11-11T07:56:36.7869556Z Post job cleanup.
2023-11-11T07:56:36.8966376Z [command]/usr/bin/git version
2023-11-11T07:56:36.9050370Z git version 2.42.0
2023-11-11T07:56:36.9097219Z Temporarily overriding HOME='/home/runner/work/_temp/b9c894a5-5496-4393-97cd-a8ebf2b38807' before making global git config changes
2023-11-11T07:56:36.9099076Z Adding repository directory to the temporary git global config as a safe directory
2023-11-11T07:56:36.9104871Z [command]/usr/bin/git config --global --add safe.directory /home/runner/work/rest-assured-net/rest-assured-net
2023-11-11T07:56:36.9157417Z [command]/usr/bin/git config --local --name-only --get-regexp core\.sshCommand
2023-11-11T07:56:36.9206514Z [command]/usr/bin/git submodule foreach --recursive sh -c "git config --local --name-only --get-regexp 'core\.sshCommand' && git config --local --unset-all 'core.sshCommand' || :"
2023-11-11T07:56:36.9513983Z [command]/usr/bin/git config --local --name-only --get-regexp http\.https\:\/\/github\.com\/\.extraheader
2023-11-11T07:56:36.9545899Z http.https://github.com/.extraheader
2023-11-11T07:56:36.9564106Z [command]/usr/bin/git config --local --unset-all http.https://github.com/.extraheader
2023-11-11T07:56:36.9614587Z [command]/usr/bin/git submodule foreach --recursive sh -c "git config --local --name-only --get-regexp 'http\.https\:\/\/github\.com\/\.extraheader' && git config --local --unset-all 'http.https://github.com/.extraheader' || :"
2023-11-11T07:56:37.0152772Z Cleaning up orphan processes
2023-11-11T07:56:37.0558208Z Terminate orphan process: pid (1895) (dotnet)
2023-11-11T07:56:37.0636133Z Terminate orphan process: pid (1955) (dotnet)
2023-11-11T07:56:37.0672706Z Terminate orphan process: pid (1973) (dotnet)
