2023-09-24T15:20:39.7195686Z Requested labels: ubuntu-latest
2023-09-24T15:20:39.7196008Z Job defined at: Aircoookie/WLED/.github/workflows/wled-ci.yml@refs/tags/v0.14.0-b6
2023-09-24T15:20:39.7196160Z Waiting for a runner to pick up this job...
2023-09-24T15:20:41.0692704Z Job is waiting for a hosted runner to come online.
2023-09-24T15:20:43.6685271Z Job is about to start running on the hosted runner: GitHub Actions 10 (hosted)
2023-09-24T15:20:45.6376841Z Current runner version: '2.309.0'
2023-09-24T15:20:45.6404244Z ##[group]Operating System
2023-09-24T15:20:45.6404827Z Ubuntu
2023-09-24T15:20:45.6405133Z 22.04.3
2023-09-24T15:20:45.6405359Z LTS
2023-09-24T15:20:45.6405652Z ##[endgroup]
2023-09-24T15:20:45.6406091Z ##[group]Runner Image
2023-09-24T15:20:45.6406473Z Image: ubuntu-22.04
2023-09-24T15:20:45.6406745Z Version: 20230917.1.0
2023-09-24T15:20:45.6407255Z Included Software: https://github.com/actions/runner-images/blob/ubuntu22/20230917.1/images/linux/Ubuntu2204-Readme.md
2023-09-24T15:20:45.6407940Z Image Release: https://github.com/actions/runner-images/releases/tag/ubuntu22%2F20230917.1
2023-09-24T15:20:45.6408327Z ##[endgroup]
2023-09-24T15:20:45.6408673Z ##[group]Runner Image Provisioner
2023-09-24T15:20:45.6409012Z 2.0.299.1
2023-09-24T15:20:45.6409252Z ##[endgroup]
2023-09-24T15:20:45.6410241Z ##[group]GITHUB_TOKEN Permissions
2023-09-24T15:20:45.6411935Z Actions: write
2023-09-24T15:20:45.6412269Z Checks: write
2023-09-24T15:20:45.6412895Z Contents: write
2023-09-24T15:20:45.6413537Z Deployments: write
2023-09-24T15:20:45.6413885Z Discussions: write
2023-09-24T15:20:45.6414179Z Issues: write
2023-09-24T15:20:45.6414564Z Metadata: read
2023-09-24T15:20:45.6414827Z Packages: write
2023-09-24T15:20:45.6415155Z Pages: write
2023-09-24T15:20:45.6415467Z PullRequests: write
2023-09-24T15:20:45.6415769Z RepositoryProjects: write
2023-09-24T15:20:45.6416195Z SecurityEvents: write
2023-09-24T15:20:45.6416520Z Statuses: write
2023-09-24T15:20:45.6416778Z ##[endgroup]
2023-09-24T15:20:45.6420403Z Secret source: Actions
2023-09-24T15:20:45.6421029Z Prepare workflow directory
2023-09-24T15:20:45.7185628Z Prepare all required actions
2023-09-24T15:20:45.7377747Z Getting action download info
2023-09-24T15:20:45.9010904Z Download action repository 'actions/checkout@v3' (SHA:f43a0e5ff2bd294095638e18286ca9a3d1956744)
2023-09-24T15:20:46.8530543Z Download action repository 'actions/cache@v3' (SHA:704facf57e6136b1bc63b828d79edcd491f0ee84)
2023-09-24T15:20:47.7876188Z Download action repository 'actions/setup-python@v4' (SHA:61a6322f88396a6271a6ee3565807d608ecaddd1)
2023-09-24T15:20:48.6575912Z Download action repository 'actions/upload-artifact@v2' (SHA:82c141cc518b40d92cc801eee768e7aafc9c2fa2)
2023-09-24T15:20:49.4215517Z Complete job name: Build Enviornments (lolin_s2_mini)
2023-09-24T15:20:49.5174414Z ##[group]Run actions/checkout@v3
2023-09-24T15:20:49.5174699Z with:
2023-09-24T15:20:49.5174908Z   repository: Aircoookie/WLED
2023-09-24T15:20:49.5175348Z   token: ***
2023-09-24T15:20:49.5175569Z   ssh-strict: true
2023-09-24T15:20:49.5175789Z   persist-credentials: true
2023-09-24T15:20:49.5176006Z   clean: true
2023-09-24T15:20:49.5176228Z   sparse-checkout-cone-mode: true
2023-09-24T15:20:49.5176465Z   fetch-depth: 1
2023-09-24T15:20:49.5176669Z   fetch-tags: false
2023-09-24T15:20:49.5176873Z   lfs: false
2023-09-24T15:20:49.5177060Z   submodules: false
2023-09-24T15:20:49.5177263Z   set-safe-directory: true
2023-09-24T15:20:49.5177477Z ##[endgroup]
2023-09-24T15:20:49.7484650Z Syncing repository: Aircoookie/WLED
2023-09-24T15:20:49.7486396Z ##[group]Getting Git version info
2023-09-24T15:20:49.7486870Z Working directory is '/home/runner/work/WLED/WLED'
2023-09-24T15:20:49.7487360Z [command]/usr/bin/git version
2023-09-24T15:20:49.7487598Z git version 2.42.0
2023-09-24T15:20:49.7494866Z ##[endgroup]
2023-09-24T15:20:49.7510473Z Temporarily overriding HOME='/home/runner/work/_temp/5a9b0f14-fd0b-415c-af2f-09b25e339891' before making global git config changes
2023-09-24T15:20:49.7510969Z Adding repository directory to the temporary git global config as a safe directory
2023-09-24T15:20:49.7514313Z [command]/usr/bin/git config --global --add safe.directory /home/runner/work/WLED/WLED
2023-09-24T15:20:49.7557107Z Deleting the contents of '/home/runner/work/WLED/WLED'
2023-09-24T15:20:49.7561484Z ##[group]Initializing the repository
2023-09-24T15:20:49.7565214Z [command]/usr/bin/git init /home/runner/work/WLED/WLED
2023-09-24T15:20:49.7633838Z hint: Using 'master' as the name for the initial branch. This default branch name
2023-09-24T15:20:49.7634796Z hint: is subject to change. To configure the initial branch name to use in all
2023-09-24T15:20:49.7635642Z hint: of your new repositories, which will suppress this warning, call:
2023-09-24T15:20:49.7636096Z hint: 
2023-09-24T15:20:49.7636819Z hint: 	git config --global init.defaultBranch <name>
2023-09-24T15:20:49.7637267Z hint: 
2023-09-24T15:20:49.7638005Z hint: Names commonly chosen instead of 'master' are 'main', 'trunk' and
2023-09-24T15:20:49.7638662Z hint: 'development'. The just-created branch can be renamed via this command:
2023-09-24T15:20:49.7639307Z hint: 
2023-09-24T15:20:49.7639718Z hint: 	git branch -m <name>
2023-09-24T15:20:49.7644381Z Initialized empty Git repository in /home/runner/work/WLED/WLED/.git/
2023-09-24T15:20:49.7653850Z [command]/usr/bin/git remote add origin https://github.com/Aircoookie/WLED
2023-09-24T15:20:49.7730519Z ##[endgroup]
2023-09-24T15:20:49.7730950Z ##[group]Disabling automatic garbage collection
2023-09-24T15:20:49.7731405Z [command]/usr/bin/git config --local gc.auto 0
2023-09-24T15:20:49.7739873Z ##[endgroup]
2023-09-24T15:20:49.7740236Z ##[group]Setting up auth
2023-09-24T15:20:49.7747326Z [command]/usr/bin/git config --local --name-only --get-regexp core\.sshCommand
2023-09-24T15:20:49.7781885Z [command]/usr/bin/git submodule foreach --recursive sh -c "git config --local --name-only --get-regexp 'core\.sshCommand' && git config --local --unset-all 'core.sshCommand' || :"
2023-09-24T15:20:49.8150600Z [command]/usr/bin/git config --local --name-only --get-regexp http\.https\:\/\/github\.com\/\.extraheader
2023-09-24T15:20:49.8154322Z [command]/usr/bin/git submodule foreach --recursive sh -c "git config --local --name-only --get-regexp 'http\.https\:\/\/github\.com\/\.extraheader' && git config --local --unset-all 'http.https://github.com/.extraheader' || :"
2023-09-24T15:20:49.8391388Z [command]/usr/bin/git config --local http.https://github.com/.extraheader AUTHORIZATION: basic ***
2023-09-24T15:20:49.8430761Z ##[endgroup]
2023-09-24T15:20:49.8431508Z ##[group]Fetching the repository
2023-09-24T15:20:49.8440467Z [command]/usr/bin/git -c protocol.version=2 fetch --no-tags --prune --progress --no-recurse-submodules --depth=1 origin +5eadbe7ecd21fedc60d1fec7066c382014e9b968:refs/tags/v0.14.0-b6
2023-09-24T15:20:50.2214824Z remote: Enumerating objects: 496, done.        
2023-09-24T15:20:50.2259277Z remote: Counting objects:   0% (1/496)        
2023-09-24T15:20:50.2259585Z remote: Counting objects:   1% (5/496)        
2023-09-24T15:20:50.2259854Z remote: Counting objects:   2% (10/496)        
2023-09-24T15:20:50.2260116Z remote: Counting objects:   3% (15/496)        
2023-09-24T15:20:50.2260376Z remote: Counting objects:   4% (20/496)        
2023-09-24T15:20:50.2260625Z remote: Counting objects:   5% (25/496)        
2023-09-24T15:20:50.2260874Z remote: Counting objects:   6% (30/496)        
2023-09-24T15:20:50.2261127Z remote: Counting objects:   7% (35/496)        
2023-09-24T15:20:50.2261384Z remote: Counting objects:   8% (40/496)        
2023-09-24T15:20:50.2261634Z remote: Counting objects:   9% (45/496)        
2023-09-24T15:20:50.2261886Z remote: Counting objects:  10% (50/496)        
2023-09-24T15:20:50.2262125Z remote: Counting objects:  11% (55/496)        
2023-09-24T15:20:50.2262381Z remote: Counting objects:  12% (60/496)        
2023-09-24T15:20:50.2262630Z remote: Counting objects:  13% (65/496)        
2023-09-24T15:20:50.2262866Z remote: Counting objects:  14% (70/496)        
2023-09-24T15:20:50.2263110Z remote: Counting objects:  15% (75/496)        
2023-09-24T15:20:50.2263358Z remote: Counting objects:  16% (80/496)        
2023-09-24T15:20:50.2263601Z remote: Counting objects:  17% (85/496)        
2023-09-24T15:20:50.2263838Z remote: Counting objects:  18% (90/496)        
2023-09-24T15:20:50.2264079Z remote: Counting objects:  19% (95/496)        
2023-09-24T15:20:50.2264331Z remote: Counting objects:  20% (100/496)        
2023-09-24T15:20:50.2264582Z remote: Counting objects:  21% (105/496)        
2023-09-24T15:20:50.2265050Z remote: Counting objects:  22% (110/496)        
2023-09-24T15:20:50.2265314Z remote: Counting objects:  23% (115/496)        
2023-09-24T15:20:50.2265566Z remote: Counting objects:  24% (120/496)        
2023-09-24T15:20:50.2265824Z remote: Counting objects:  25% (124/496)        
2023-09-24T15:20:50.2266083Z remote: Counting objects:  26% (129/496)        
2023-09-24T15:20:50.2266325Z remote: Counting objects:  27% (134/496)        
2023-09-24T15:20:50.2266611Z remote: Counting objects:  28% (139/496)        
2023-09-24T15:20:50.2266858Z remote: Counting objects:  29% (144/496)        
2023-09-24T15:20:50.2267102Z remote: Counting objects:  30% (149/496)        
2023-09-24T15:20:50.2267343Z remote: Counting objects:  31% (154/496)        
2023-09-24T15:20:50.2267592Z remote: Counting objects:  32% (159/496)        
2023-09-24T15:20:50.2267844Z remote: Counting objects:  33% (164/496)        
2023-09-24T15:20:50.2268083Z remote: Counting objects:  34% (169/496)        
2023-09-24T15:20:50.2268330Z remote: Counting objects:  35% (174/496)        
2023-09-24T15:20:50.2268574Z remote: Counting objects:  36% (179/496)        
2023-09-24T15:20:50.2268810Z remote: Counting objects:  37% (184/496)        
2023-09-24T15:20:50.2269062Z remote: Counting objects:  38% (189/496)        
2023-09-24T15:20:50.2269304Z remote: Counting objects:  39% (194/496)        
2023-09-24T15:20:50.2269547Z remote: Counting objects:  40% (199/496)        
2023-09-24T15:20:50.2269790Z remote: Counting objects:  41% (204/496)        
2023-09-24T15:20:50.2270034Z remote: Counting objects:  42% (209/496)        
2023-09-24T15:20:50.2270280Z remote: Counting objects:  43% (214/496)        
2023-09-24T15:20:50.2270522Z remote: Counting objects:  44% (219/496)        
2023-09-24T15:20:50.2270766Z remote: Counting objects:  45% (224/496)        
2023-09-24T15:20:50.2271011Z remote: Counting objects:  46% (229/496)        
2023-09-24T15:20:50.2271246Z remote: Counting objects:  47% (234/496)        
2023-09-24T15:20:50.2271493Z remote: Counting objects:  48% (239/496)        
2023-09-24T15:20:50.2271738Z remote: Counting objects:  49% (244/496)        
2023-09-24T15:20:50.2271977Z remote: Counting objects:  50% (248/496)        
2023-09-24T15:20:50.2272370Z remote: Counting objects:  51% (253/496)        
2023-09-24T15:20:50.2272621Z remote: Counting objects:  52% (258/496)        
2023-09-24T15:20:50.2272859Z remote: Counting objects:  53% (263/496)        
2023-09-24T15:20:50.2273101Z remote: Counting objects:  54% (268/496)        
2023-09-24T15:20:50.2273340Z remote: Counting objects:  55% (273/496)        
2023-09-24T15:20:50.2273582Z remote: Counting objects:  56% (278/496)        
2023-09-24T15:20:50.2273816Z remote: Counting objects:  57% (283/496)        
2023-09-24T15:20:50.2274058Z remote: Counting objects:  58% (288/496)        
2023-09-24T15:20:50.2274300Z remote: Counting objects:  59% (293/496)        
2023-09-24T15:20:50.2274533Z remote: Counting objects:  60% (298/496)        
2023-09-24T15:20:50.2274777Z remote: Counting objects:  61% (303/496)        
2023-09-24T15:20:50.2275027Z remote: Counting objects:  62% (308/496)        
2023-09-24T15:20:50.2275267Z remote: Counting objects:  63% (313/496)        
2023-09-24T15:20:50.2275516Z remote: Counting objects:  64% (318/496)        
2023-09-24T15:20:50.2275867Z remote: Counting objects:  65% (323/496)        
2023-09-24T15:20:50.2276118Z remote: Counting objects:  66% (328/496)        
2023-09-24T15:20:50.2276357Z remote: Counting objects:  67% (333/496)        
2023-09-24T15:20:50.2276601Z remote: Counting objects:  68% (338/496)        
2023-09-24T15:20:50.2276844Z remote: Counting objects:  69% (343/496)        
2023-09-24T15:20:50.2277097Z remote: Counting objects:  70% (348/496)        
2023-09-24T15:20:50.2277337Z remote: Counting objects:  71% (353/496)        
2023-09-24T15:20:50.2277586Z remote: Counting objects:  72% (358/496)        
2023-09-24T15:20:50.2277835Z remote: Counting objects:  73% (363/496)        
2023-09-24T15:20:50.2278177Z remote: Counting objects:  74% (368/496)        
2023-09-24T15:20:50.2278421Z remote: Counting objects:  75% (372/496)        
2023-09-24T15:20:50.2278666Z remote: Counting objects:  76% (377/496)        
2023-09-24T15:20:50.2278898Z remote: Counting objects:  77% (382/496)        
2023-09-24T15:20:50.2279145Z remote: Counting objects:  78% (387/496)        
2023-09-24T15:20:50.2279388Z remote: Counting objects:  79% (392/496)        
2023-09-24T15:20:50.2279625Z remote: Counting objects:  80% (397/496)        
2023-09-24T15:20:50.2279870Z remote: Counting objects:  81% (402/496)        
2023-09-24T15:20:50.2280112Z remote: Counting objects:  82% (407/496)        
2023-09-24T15:20:50.2280354Z remote: Counting objects:  83% (412/496)        
2023-09-24T15:20:50.2280588Z remote: Counting objects:  84% (417/496)        
2023-09-24T15:20:50.2280831Z remote: Counting objects:  85% (422/496)        
2023-09-24T15:20:50.2281071Z remote: Counting objects:  86% (427/496)        
2023-09-24T15:20:50.2281312Z remote: Counting objects:  87% (432/496)        
2023-09-24T15:20:50.2281552Z remote: Counting objects:  88% (437/496)        
2023-09-24T15:20:50.2281796Z remote: Counting objects:  89% (442/496)        
2023-09-24T15:20:50.2282029Z remote: Counting objects:  90% (447/496)        
2023-09-24T15:20:50.2282274Z remote: Counting objects:  91% (452/496)        
2023-09-24T15:20:50.2282518Z remote: Counting objects:  92% (457/496)        
2023-09-24T15:20:50.2282757Z remote: Counting objects:  93% (462/496)        
2023-09-24T15:20:50.2282989Z remote: Counting objects:  94% (467/496)        
2023-09-24T15:20:50.2283229Z remote: Counting objects:  95% (472/496)        
2023-09-24T15:20:50.2283471Z remote: Counting objects:  96% (477/496)        
2023-09-24T15:20:50.2283707Z remote: Counting objects:  97% (482/496)        
2023-09-24T15:20:50.2283949Z remote: Counting objects:  98% (487/496)        
2023-09-24T15:20:50.2284192Z remote: Counting objects:  99% (492/496)        
2023-09-24T15:20:50.2284435Z remote: Counting objects: 100% (496/496)        
2023-09-24T15:20:50.2284699Z remote: Counting objects: 100% (496/496), done.        
2023-09-24T15:20:50.2284987Z remote: Compressing objects:   0% (1/448)        
2023-09-24T15:20:50.2285256Z remote: Compressing objects:   1% (5/448)        
2023-09-24T15:20:50.2285603Z remote: Compressing objects:   2% (9/448)        
2023-09-24T15:20:50.2285881Z remote: Compressing objects:   3% (14/448)        
2023-09-24T15:20:50.2286155Z remote: Compressing objects:   4% (18/448)        
2023-09-24T15:20:50.2286416Z remote: Compressing objects:   5% (23/448)        
2023-09-24T15:20:50.2286691Z remote: Compressing objects:   6% (27/448)        
2023-09-24T15:20:50.2286960Z remote: Compressing objects:   7% (32/448)        
2023-09-24T15:20:50.2287217Z remote: Compressing objects:   8% (36/448)        
2023-09-24T15:20:50.2287474Z remote: Compressing objects:   9% (41/448)        
2023-09-24T15:20:50.2287736Z remote: Compressing objects:  10% (45/448)        
2023-09-24T15:20:50.2501590Z remote: Compressing objects:  11% (50/448)        
2023-09-24T15:20:50.2509807Z remote: Compressing objects:  12% (54/448)        
2023-09-24T15:20:50.2510191Z remote: Compressing objects:  13% (59/448)        
2023-09-24T15:20:50.2510473Z remote: Compressing objects:  14% (63/448)        
2023-09-24T15:20:50.2510755Z remote: Compressing objects:  15% (68/448)        
2023-09-24T15:20:50.2511029Z remote: Compressing objects:  16% (72/448)        
2023-09-24T15:20:50.2511292Z remote: Compressing objects:  17% (77/448)        
2023-09-24T15:20:50.2511545Z remote: Compressing objects:  18% (81/448)        
2023-09-24T15:20:50.2511810Z remote: Compressing objects:  19% (86/448)        
2023-09-24T15:20:50.2512069Z remote: Compressing objects:  20% (90/448)        
2023-09-24T15:20:50.2512328Z remote: Compressing objects:  21% (95/448)        
2023-09-24T15:20:50.2512577Z remote: Compressing objects:  22% (99/448)        
2023-09-24T15:20:50.2512840Z remote: Compressing objects:  23% (104/448)        
2023-09-24T15:20:50.2513379Z remote: Compressing objects:  24% (108/448)        
2023-09-24T15:20:50.2513647Z remote: Compressing objects:  25% (112/448)        
2023-09-24T15:20:50.2513922Z remote: Compressing objects:  26% (117/448)        
2023-09-24T15:20:50.2514199Z remote: Compressing objects:  27% (121/448)        
2023-09-24T15:20:50.2514455Z remote: Compressing objects:  28% (126/448)        
2023-09-24T15:20:50.2514720Z remote: Compressing objects:  29% (130/448)        
2023-09-24T15:20:50.2514988Z remote: Compressing objects:  30% (135/448)        
2023-09-24T15:20:50.2515249Z remote: Compressing objects:  31% (139/448)        
2023-09-24T15:20:50.2515502Z remote: Compressing objects:  32% (144/448)        
2023-09-24T15:20:50.2515766Z remote: Compressing objects:  33% (148/448)        
2023-09-24T15:20:50.2516032Z remote: Compressing objects:  34% (153/448)        
2023-09-24T15:20:50.2577879Z remote: Compressing objects:  35% (157/448)        
2023-09-24T15:20:50.2578211Z remote: Compressing objects:  36% (162/448)        
2023-09-24T15:20:50.2578523Z remote: Compressing objects:  37% (166/448)        
2023-09-24T15:20:50.2582360Z remote: Compressing objects:  38% (171/448)        
2023-09-24T15:20:50.2582846Z remote: Compressing objects:  39% (175/448)        
2023-09-24T15:20:50.2583397Z remote: Compressing objects:  40% (180/448)        
2023-09-24T15:20:50.2583695Z remote: Compressing objects:  41% (184/448)        
2023-09-24T15:20:50.2583968Z remote: Compressing objects:  42% (189/448)        
2023-09-24T15:20:50.2584239Z remote: Compressing objects:  43% (193/448)        
2023-09-24T15:20:50.2584491Z remote: Compressing objects:  44% (198/448)        
2023-09-24T15:20:50.2584754Z remote: Compressing objects:  45% (202/448)        
2023-09-24T15:20:50.2585016Z remote: Compressing objects:  46% (207/448)        
2023-09-24T15:20:50.2585266Z remote: Compressing objects:  47% (211/448)        
2023-09-24T15:20:50.2585525Z remote: Compressing objects:  48% (216/448)        
2023-09-24T15:20:50.2585793Z remote: Compressing objects:  49% (220/448)        
2023-09-24T15:20:50.2586057Z remote: Compressing objects:  50% (224/448)        
2023-09-24T15:20:50.2586306Z remote: Compressing objects:  51% (229/448)        
2023-09-24T15:20:50.2586561Z remote: Compressing objects:  52% (233/448)        
2023-09-24T15:20:50.2587045Z remote: Compressing objects:  53% (238/448)        
2023-09-24T15:20:50.2587305Z remote: Compressing objects:  54% (242/448)        
2023-09-24T15:20:50.2587569Z remote: Compressing objects:  55% (247/448)        
2023-09-24T15:20:50.2587830Z remote: Compressing objects:  56% (251/448)        
2023-09-24T15:20:50.2588081Z remote: Compressing objects:  57% (256/448)        
2023-09-24T15:20:50.2588507Z remote: Compressing objects:  58% (260/448)        
2023-09-24T15:20:50.2588795Z remote: Compressing objects:  59% (265/448)        
2023-09-24T15:20:50.2589054Z remote: Compressing objects:  60% (269/448)        
2023-09-24T15:20:50.2592576Z remote: Compressing objects:  61% (274/448)        
2023-09-24T15:20:50.2592869Z remote: Compressing objects:  62% (278/448)        
2023-09-24T15:20:50.2593139Z remote: Compressing objects:  63% (283/448)        
2023-09-24T15:20:50.2598488Z remote: Compressing objects:  64% (287/448)        
2023-09-24T15:20:50.2636600Z remote: Compressing objects:  65% (292/448)        
2023-09-24T15:20:50.2639905Z remote: Compressing objects:  66% (296/448)        
2023-09-24T15:20:50.2685286Z remote: Compressing objects:  67% (301/448)        
2023-09-24T15:20:50.2705201Z remote: Compressing objects:  68% (305/448)        
2023-09-24T15:20:50.2709672Z remote: Compressing objects:  69% (310/448)        
2023-09-24T15:20:50.2720798Z remote: Compressing objects:  70% (314/448)        
2023-09-24T15:20:50.2735849Z remote: Compressing objects:  71% (319/448)        
2023-09-24T15:20:50.2755252Z remote: Compressing objects:  72% (323/448)        
2023-09-24T15:20:50.2770422Z remote: Compressing objects:  73% (328/448)        
2023-09-24T15:20:50.2794771Z remote: Compressing objects:  74% (332/448)        
2023-09-24T15:20:50.2844411Z remote: Compressing objects:  75% (336/448)        
2023-09-24T15:20:50.2847716Z remote: Compressing objects:  76% (341/448)        
2023-09-24T15:20:50.2881469Z remote: Compressing objects:  77% (345/448)        
2023-09-24T15:20:50.2885063Z remote: Compressing objects:  78% (350/448)        
2023-09-24T15:20:50.2885545Z remote: Compressing objects:  79% (354/448)        
2023-09-24T15:20:50.2885830Z remote: Compressing objects:  80% (359/448)        
2023-09-24T15:20:50.2888157Z remote: Compressing objects:  81% (363/448)        
2023-09-24T15:20:50.2888574Z remote: Compressing objects:  82% (368/448)        
2023-09-24T15:20:50.2888854Z remote: Compressing objects:  83% (372/448)        
2023-09-24T15:20:50.2889293Z remote: Compressing objects:  84% (377/448)        
2023-09-24T15:20:50.2889667Z remote: Compressing objects:  85% (381/448)        
2023-09-24T15:20:50.2889980Z remote: Compressing objects:  86% (386/448)        
2023-09-24T15:20:50.2890257Z remote: Compressing objects:  87% (390/448)        
2023-09-24T15:20:50.2890509Z remote: Compressing objects:  88% (395/448)        
2023-09-24T15:20:50.2890776Z remote: Compressing objects:  89% (399/448)        
2023-09-24T15:20:50.2891045Z remote: Compressing objects:  90% (404/448)        
2023-09-24T15:20:50.2891331Z remote: Compressing objects:  91% (408/448)        
2023-09-24T15:20:50.2891594Z remote: Compressing objects:  92% (413/448)        
2023-09-24T15:20:50.2891842Z remote: Compressing objects:  93% (417/448)        
2023-09-24T15:20:50.2892106Z remote: Compressing objects:  94% (422/448)        
2023-09-24T15:20:50.2892367Z remote: Compressing objects:  95% (426/448)        
2023-09-24T15:20:50.2892650Z remote: Compressing objects:  96% (431/448)        
2023-09-24T15:20:50.2894087Z remote: Compressing objects:  97% (435/448)        
2023-09-24T15:20:50.2894653Z remote: Compressing objects:  98% (440/448)        
2023-09-24T15:20:50.2895232Z remote: Compressing objects:  99% (444/448)        
2023-09-24T15:20:50.2895878Z remote: Compressing objects: 100% (448/448)        
2023-09-24T15:20:50.2896272Z remote: Compressing objects: 100% (448/448), done.        
2023-09-24T15:20:50.2932707Z Receiving objects:   0% (1/496)
2023-09-24T15:20:50.2932981Z Receiving objects:   1% (5/496)
2023-09-24T15:20:50.2933588Z Receiving objects:   2% (10/496)
2023-09-24T15:20:50.2933827Z Receiving objects:   3% (15/496)
2023-09-24T15:20:50.2934052Z Receiving objects:   4% (20/496)
2023-09-24T15:20:50.2934279Z Receiving objects:   5% (25/496)
2023-09-24T15:20:50.2934497Z Receiving objects:   6% (30/496)
2023-09-24T15:20:50.2934725Z Receiving objects:   7% (35/496)
2023-09-24T15:20:50.2934947Z Receiving objects:   8% (40/496)
2023-09-24T15:20:50.2935169Z Receiving objects:   9% (45/496)
2023-09-24T15:20:50.2935386Z Receiving objects:  10% (50/496)
2023-09-24T15:20:50.2935603Z Receiving objects:  11% (55/496)
2023-09-24T15:20:50.2935824Z Receiving objects:  12% (60/496)
2023-09-24T15:20:50.2936034Z Receiving objects:  13% (65/496)
2023-09-24T15:20:50.2936258Z Receiving objects:  14% (70/496)
2023-09-24T15:20:50.2936474Z Receiving objects:  15% (75/496)
2023-09-24T15:20:50.2936683Z Receiving objects:  16% (80/496)
2023-09-24T15:20:50.2936903Z Receiving objects:  17% (85/496)
2023-09-24T15:20:50.3104745Z Receiving objects:  18% (90/496)
2023-09-24T15:20:50.3104992Z Receiving objects:  19% (95/496)
2023-09-24T15:20:50.3105219Z Receiving objects:  20% (100/496)
2023-09-24T15:20:50.3105454Z Receiving objects:  21% (105/496)
2023-09-24T15:20:50.3105679Z Receiving objects:  22% (110/496)
2023-09-24T15:20:50.3258439Z Receiving objects:  23% (115/496)
2023-09-24T15:20:50.5131518Z Receiving objects:  24% (120/496)
2023-09-24T15:20:50.5201046Z Receiving objects:  25% (124/496)
2023-09-24T15:20:50.5201635Z Receiving objects:  26% (129/496)
2023-09-24T15:20:50.5206716Z Receiving objects:  27% (134/496)
2023-09-24T15:20:50.5207135Z Receiving objects:  28% (139/496)
2023-09-24T15:20:50.5210803Z Receiving objects:  29% (144/496)
2023-09-24T15:20:50.5214000Z Receiving objects:  30% (149/496)
2023-09-24T15:20:50.5217324Z Receiving objects:  31% (154/496)
2023-09-24T15:20:50.5237068Z Receiving objects:  32% (159/496)
2023-09-24T15:20:50.5344275Z Receiving objects:  33% (164/496)
2023-09-24T15:20:50.5356902Z Receiving objects:  34% (169/496)
2023-09-24T15:20:50.5366785Z Receiving objects:  35% (174/496)
2023-09-24T15:20:50.5397433Z Receiving objects:  36% (179/496)
2023-09-24T15:20:50.5501657Z Receiving objects:  37% (184/496)
2023-09-24T15:20:50.5510782Z Receiving objects:  38% (189/496)
2023-09-24T15:20:50.5516928Z Receiving objects:  39% (194/496)
2023-09-24T15:20:50.5521735Z Receiving objects:  40% (199/496)
2023-09-24T15:20:50.5533724Z Receiving objects:  41% (204/496)
2023-09-24T15:20:50.5545926Z Receiving objects:  42% (209/496)
2023-09-24T15:20:50.5551053Z Receiving objects:  43% (214/496)
2023-09-24T15:20:50.5556979Z Receiving objects:  44% (219/496)
2023-09-24T15:20:50.5594507Z Receiving objects:  45% (224/496)
2023-09-24T15:20:50.6296282Z Receiving objects:  46% (229/496)
2023-09-24T15:20:50.6566227Z Receiving objects:  47% (234/496)
2023-09-24T15:20:50.6589650Z Receiving objects:  48% (239/496)
2023-09-24T15:20:50.6697624Z Receiving objects:  49% (244/496)
2023-09-24T15:20:50.6765832Z Receiving objects:  50% (248/496)
2023-09-24T15:20:50.6774223Z Receiving objects:  51% (253/496)
2023-09-24T15:20:50.6779513Z Receiving objects:  52% (258/496)
2023-09-24T15:20:50.6789372Z Receiving objects:  53% (263/496)
2023-09-24T15:20:50.6796755Z Receiving objects:  54% (268/496)
2023-09-24T15:20:50.6805414Z Receiving objects:  55% (273/496)
2023-09-24T15:20:50.6815025Z Receiving objects:  56% (278/496)
2023-09-24T15:20:50.6820684Z Receiving objects:  57% (283/496)
2023-09-24T15:20:50.6830662Z Receiving objects:  58% (288/496)
2023-09-24T15:20:50.6843157Z Receiving objects:  59% (293/496)
2023-09-24T15:20:50.6849236Z Receiving objects:  60% (298/496)
2023-09-24T15:20:50.6860065Z Receiving objects:  61% (303/496)
2023-09-24T15:20:50.6866842Z Receiving objects:  62% (308/496)
2023-09-24T15:20:50.6880592Z Receiving objects:  63% (313/496)
2023-09-24T15:20:50.6937149Z Receiving objects:  64% (318/496)
2023-09-24T15:20:50.6951252Z Receiving objects:  65% (323/496)
2023-09-24T15:20:50.6966199Z Receiving objects:  66% (328/496)
2023-09-24T15:20:50.6975450Z Receiving objects:  67% (333/496)
2023-09-24T15:20:50.6981681Z Receiving objects:  68% (338/496)
2023-09-24T15:20:50.6992887Z Receiving objects:  69% (343/496)
2023-09-24T15:20:50.7014941Z Receiving objects:  70% (348/496)
2023-09-24T15:20:50.7021007Z Receiving objects:  71% (353/496)
2023-09-24T15:20:50.7029069Z Receiving objects:  72% (358/496)
2023-09-24T15:20:50.7041629Z Receiving objects:  73% (363/496)
2023-09-24T15:20:50.7051272Z Receiving objects:  74% (368/496)
2023-09-24T15:20:50.7062217Z Receiving objects:  75% (372/496)
2023-09-24T15:20:50.7070017Z Receiving objects:  76% (377/496)
2023-09-24T15:20:50.7083160Z Receiving objects:  77% (382/496)
2023-09-24T15:20:50.7148217Z Receiving objects:  78% (387/496)
2023-09-24T15:20:50.7180851Z Receiving objects:  79% (392/496)
2023-09-24T15:20:50.7192224Z Receiving objects:  80% (397/496)
2023-09-24T15:20:50.7198879Z Receiving objects:  81% (402/496)
2023-09-24T15:20:50.7209633Z Receiving objects:  82% (407/496)
2023-09-24T15:20:50.7222472Z Receiving objects:  83% (412/496)
2023-09-24T15:20:50.7225780Z Receiving objects:  84% (417/496)
2023-09-24T15:20:50.7228359Z Receiving objects:  85% (422/496)
2023-09-24T15:20:50.7230834Z Receiving objects:  86% (427/496)
2023-09-24T15:20:50.7233217Z Receiving objects:  87% (432/496)
2023-09-24T15:20:50.7237481Z Receiving objects:  88% (437/496)
2023-09-24T15:20:50.7241088Z Receiving objects:  89% (442/496)
2023-09-24T15:20:50.7246799Z Receiving objects:  90% (447/496)
2023-09-24T15:20:50.7295034Z Receiving objects:  91% (452/496)
2023-09-24T15:20:50.7303675Z Receiving objects:  92% (457/496)
2023-09-24T15:20:50.7309974Z Receiving objects:  93% (462/496)
2023-09-24T15:20:50.7315210Z Receiving objects:  94% (467/496)
2023-09-24T15:20:50.7324666Z Receiving objects:  95% (472/496)
2023-09-24T15:20:50.7331535Z Receiving objects:  96% (477/496)
2023-09-24T15:20:50.7332305Z remote: Total 496 (delta 36), reused 430 (delta 34), pack-reused 0        
2023-09-24T15:20:50.7345995Z Receiving objects:  97% (482/496)
2023-09-24T15:20:50.7355473Z Receiving objects:  98% (487/496)
2023-09-24T15:20:50.7365561Z Receiving objects:  99% (492/496)
2023-09-24T15:20:50.7368150Z Receiving objects: 100% (496/496)
2023-09-24T15:20:50.7368644Z Receiving objects: 100% (496/496), 7.69 MiB | 17.31 MiB/s, done.
2023-09-24T15:20:50.7377342Z Resolving deltas:   0% (0/36)
2023-09-24T15:20:50.7377815Z Resolving deltas:   2% (1/36)
2023-09-24T15:20:50.7379275Z Resolving deltas:   5% (2/36)
2023-09-24T15:20:50.7379705Z Resolving deltas:   8% (3/36)
2023-09-24T15:20:50.7381815Z Resolving deltas:  11% (4/36)
2023-09-24T15:20:50.7382228Z Resolving deltas:  13% (5/36)
2023-09-24T15:20:50.7383311Z Resolving deltas:  16% (6/36)
2023-09-24T15:20:50.7383723Z Resolving deltas:  19% (7/36)
2023-09-24T15:20:50.7385241Z Resolving deltas:  22% (8/36)
2023-09-24T15:20:50.7385636Z Resolving deltas:  25% (9/36)
2023-09-24T15:20:50.7386226Z Resolving deltas:  27% (10/36)
2023-09-24T15:20:50.7386650Z Resolving deltas:  30% (11/36)
2023-09-24T15:20:50.7387251Z Resolving deltas:  33% (12/36)
2023-09-24T15:20:50.7387637Z Resolving deltas:  36% (13/36)
2023-09-24T15:20:50.7388210Z Resolving deltas:  38% (14/36)
2023-09-24T15:20:50.7388585Z Resolving deltas:  41% (15/36)
2023-09-24T15:20:50.7389167Z Resolving deltas:  44% (16/36)
2023-09-24T15:20:50.7396822Z Resolving deltas:  47% (17/36)
2023-09-24T15:20:50.7400946Z Resolving deltas:  50% (18/36)
2023-09-24T15:20:50.7401376Z Resolving deltas:  52% (19/36)
2023-09-24T15:20:50.7401967Z Resolving deltas:  55% (20/36)
2023-09-24T15:20:50.7402339Z Resolving deltas:  58% (21/36)
2023-09-24T15:20:50.7402921Z Resolving deltas:  61% (22/36)
2023-09-24T15:20:50.7403295Z Resolving deltas:  63% (23/36)
2023-09-24T15:20:50.7403880Z Resolving deltas:  66% (24/36)
2023-09-24T15:20:50.7404313Z Resolving deltas:  69% (25/36)
2023-09-24T15:20:50.7404887Z Resolving deltas:  72% (26/36)
2023-09-24T15:20:50.7405258Z Resolving deltas:  75% (27/36)
2023-09-24T15:20:50.7405825Z Resolving deltas:  77% (28/36)
2023-09-24T15:20:50.7406405Z Resolving deltas:  80% (29/36)
2023-09-24T15:20:50.7407732Z Resolving deltas:  83% (30/36)
2023-09-24T15:20:50.7408185Z Resolving deltas:  86% (31/36)
2023-09-24T15:20:50.7409683Z Resolving deltas:  88% (32/36)
2023-09-24T15:20:50.7413266Z Resolving deltas:  91% (33/36)
2023-09-24T15:20:50.7417638Z Resolving deltas:  94% (34/36)
2023-09-24T15:20:50.7426611Z Resolving deltas:  97% (35/36)
2023-09-24T15:20:50.7427171Z Resolving deltas: 100% (36/36)
2023-09-24T15:20:50.7428112Z Resolving deltas: 100% (36/36), done.
2023-09-24T15:20:50.7555392Z From https://github.com/Aircoookie/WLED
2023-09-24T15:20:50.7556568Z  * [new ref]         5eadbe7ecd21fedc60d1fec7066c382014e9b968 -> v0.14.0-b6
2023-09-24T15:20:50.7579439Z ##[endgroup]
2023-09-24T15:20:50.7580102Z ##[group]Determining the checkout info
2023-09-24T15:20:50.7581138Z ##[endgroup]
2023-09-24T15:20:50.7581817Z ##[group]Checking out the ref
2023-09-24T15:20:50.7586069Z [command]/usr/bin/git checkout --progress --force refs/tags/v0.14.0-b6
2023-09-24T15:20:50.8203082Z Note: switching to 'refs/tags/v0.14.0-b6'.
2023-09-24T15:20:50.8203654Z 
2023-09-24T15:20:50.8204257Z You are in 'detached HEAD' state. You can look around, make experimental
2023-09-24T15:20:50.8204821Z changes and commit them, and you can discard any commits you make in this
2023-09-24T15:20:50.8205319Z state without impacting any branches by switching back to a branch.
2023-09-24T15:20:50.8205638Z 
2023-09-24T15:20:50.8206012Z If you want to create a new branch to retain commits you create, you may
2023-09-24T15:20:50.8206609Z do so (now or later) by using -c with the switch command. Example:
2023-09-24T15:20:50.8206854Z 
2023-09-24T15:20:50.8207145Z   git switch -c <new-branch-name>
2023-09-24T15:20:50.8207623Z 
2023-09-24T15:20:50.8208115Z Or undo this operation with:
2023-09-24T15:20:50.8208713Z 
2023-09-24T15:20:50.8209000Z   git switch -
2023-09-24T15:20:50.8209542Z 
2023-09-24T15:20:50.8209935Z Turn off this advice by setting config variable advice.detachedHead to false
2023-09-24T15:20:50.8210654Z 
2023-09-24T15:20:50.8211251Z HEAD is now at 5eadbe7 FX update - Meteor: trail & 0.13 behaviour - Meteor Smooth: train & 0.13 behaviour - Scrolling Text: rotation
2023-09-24T15:20:50.8216092Z ##[endgroup]
2023-09-24T15:20:50.8257913Z [command]/usr/bin/git log -1 --format='%H'
2023-09-24T15:20:50.8287565Z '5eadbe7ecd21fedc60d1fec7066c382014e9b968'
2023-09-24T15:20:51.0117528Z ##[group]Run actions/cache@v3
2023-09-24T15:20:51.0117866Z with:
2023-09-24T15:20:51.0118103Z   path: ~/.cache/pip
2023-09-24T15:20:51.0118591Z   key: Linux-pip-81ff51cfad9e9eb735c6b16e2b137bb04b536de75d900d6b02aa29724c130501
2023-09-24T15:20:51.0119010Z   restore-keys: Linux-pip-

2023-09-24T15:20:51.0119328Z   enableCrossOsArchive: false
2023-09-24T15:20:51.0119624Z   fail-on-cache-miss: false
2023-09-24T15:20:51.0119914Z   lookup-only: false
2023-09-24T15:20:51.0120240Z ##[endgroup]
2023-09-24T15:20:52.0306288Z Cache Size: ~4 MB (3959889 B)
2023-09-24T15:20:52.0332688Z [command]/usr/bin/tar -xf /home/runner/work/_temp/8f126223-f0d0-437e-97dd-d1d528e3ab60/cache.tzst -P -C /home/runner/work/WLED/WLED --use-compress-program unzstd
2023-09-24T15:20:52.0605361Z Cache restored successfully
2023-09-24T15:20:52.0788144Z Cache restored from key: Linux-pip-81ff51cfad9e9eb735c6b16e2b137bb04b536de75d900d6b02aa29724c130501
2023-09-24T15:20:52.2276543Z ##[group]Run actions/cache@v3
2023-09-24T15:20:52.2276876Z with:
2023-09-24T15:20:52.2277150Z   path: ~/.platformio
2023-09-24T15:20:52.2277387Z   key: Linux-
2023-09-24T15:20:52.2277681Z   enableCrossOsArchive: false
2023-09-24T15:20:52.2278079Z   fail-on-cache-miss: false
2023-09-24T15:20:52.2278383Z   lookup-only: false
2023-09-24T15:20:52.2278658Z ##[endgroup]
2023-09-24T15:20:53.6162914Z Received 113246208 of 201123108 (56.3%), 107.9 MBs/sec
2023-09-24T15:20:54.0442633Z Cache Size: ~192 MB (201123108 B)
2023-09-24T15:20:54.0523087Z [command]/usr/bin/tar -xf /home/runner/work/_temp/f681bc96-beaf-49b3-a489-cb2eb72a72b0/cache.tzst -P -C /home/runner/work/WLED/WLED --use-compress-program unzstd
2023-09-24T15:20:54.6168570Z Received 201123108 of 201123108 (100.0%), 95.9 MBs/sec
2023-09-24T15:20:54.8188797Z Cache restored successfully
2023-09-24T15:20:54.8559406Z Cache restored from key: Linux-
2023-09-24T15:20:54.8945778Z ##[group]Run actions/setup-python@v4
2023-09-24T15:20:54.8946112Z with:
2023-09-24T15:20:54.8946407Z   python-version: 3.9
2023-09-24T15:20:54.8946710Z   check-latest: false
2023-09-24T15:20:54.8947245Z   token: ***
2023-09-24T15:20:54.8947558Z   update-environment: true
2023-09-24T15:20:54.8947884Z   allow-prereleases: false
2023-09-24T15:20:54.8948179Z ##[endgroup]
2023-09-24T15:20:55.0691334Z ##[group]Installed versions
2023-09-24T15:20:55.0835346Z Successfully set up CPython (3.9.18)
2023-09-24T15:20:55.0839232Z ##[endgroup]
2023-09-24T15:20:55.1020990Z ##[group]Run pip install -r requirements.txt
2023-09-24T15:20:55.1021572Z [36;1mpip install -r requirements.txt[0m
2023-09-24T15:20:55.1131508Z shell: /usr/bin/bash -e {0}
2023-09-24T15:20:55.1131751Z env:
2023-09-24T15:20:55.1132036Z   pythonLocation: /opt/hostedtoolcache/Python/3.9.18/x64
2023-09-24T15:20:55.1132394Z   PKG_CONFIG_PATH: /opt/hostedtoolcache/Python/3.9.18/x64/lib/pkgconfig
2023-09-24T15:20:55.1132737Z   Python_ROOT_DIR: /opt/hostedtoolcache/Python/3.9.18/x64
2023-09-24T15:20:55.1133054Z   Python2_ROOT_DIR: /opt/hostedtoolcache/Python/3.9.18/x64
2023-09-24T15:20:55.1133560Z   Python3_ROOT_DIR: /opt/hostedtoolcache/Python/3.9.18/x64
2023-09-24T15:20:55.1133883Z   LD_LIBRARY_PATH: /opt/hostedtoolcache/Python/3.9.18/x64/lib
2023-09-24T15:20:55.1134154Z ##[endgroup]
2023-09-24T15:20:58.2500181Z Collecting aiofiles==22.1.0 (from -r requirements.txt (line 7))
2023-09-24T15:20:58.2522118Z   Using cached aiofiles-22.1.0-py3-none-any.whl (14 kB)
2023-09-24T15:20:58.2837283Z Collecting ajsonrpc==1.2.0 (from -r requirements.txt (line 9))
2023-09-24T15:20:58.2859028Z   Using cached ajsonrpc-1.2.0-py3-none-any.whl (22 kB)
2023-09-24T15:20:58.3402132Z Collecting anyio==3.6.2 (from -r requirements.txt (line 11))
2023-09-24T15:20:58.3424386Z   Using cached anyio-3.6.2-py3-none-any.whl (80 kB)
2023-09-24T15:20:58.3846005Z Collecting bottle==0.12.25 (from -r requirements.txt (line 13))
2023-09-24T15:20:58.3868122Z   Using cached bottle-0.12.25-py3-none-any.whl (90 kB)
2023-09-24T15:20:58.4298657Z Collecting certifi==2023.7.22 (from -r requirements.txt (line 15))
2023-09-24T15:20:58.4301573Z   Obtaining dependency information for certifi==2023.7.22 from https://files.pythonhosted.org/packages/4c/dd/2234eab22353ffc7d94e8d13177aaa050113286e93e7b40eae01fbf7c3d9/certifi-2023.7.22-py3-none-any.whl.metadata
2023-09-24T15:20:58.4321794Z   Using cached certifi-2023.7.22-py3-none-any.whl.metadata (2.2 kB)
2023-09-24T15:20:58.5623317Z Collecting charset-normalizer==3.1.0 (from -r requirements.txt (line 17))
2023-09-24T15:20:58.5647529Z   Using cached charset_normalizer-3.1.0-cp39-cp39-manylinux_2_17_x86_64.manylinux2014_x86_64.whl (199 kB)
2023-09-24T15:20:58.6181981Z Collecting click==8.1.3 (from -r requirements.txt (line 19))
2023-09-24T15:20:58.6202805Z   Using cached click-8.1.3-py3-none-any.whl (96 kB)
2023-09-24T15:20:58.6619214Z Collecting colorama==0.4.6 (from -r requirements.txt (line 23))
2023-09-24T15:20:58.6639528Z   Using cached colorama-0.4.6-py2.py3-none-any.whl (25 kB)
2023-09-24T15:20:58.6942488Z Collecting h11==0.14.0 (from -r requirements.txt (line 25))
2023-09-24T15:20:58.6962944Z   Using cached h11-0.14.0-py3-none-any.whl (58 kB)
2023-09-24T15:20:58.7291598Z Collecting idna==3.4 (from -r requirements.txt (line 29))
2023-09-24T15:20:58.7312445Z   Using cached idna-3.4-py3-none-any.whl (61 kB)
2023-09-24T15:20:58.8182095Z Collecting marshmallow==3.19.0 (from -r requirements.txt (line 33))
2023-09-24T15:20:58.8201787Z   Using cached marshmallow-3.19.0-py3-none-any.whl (49 kB)
2023-09-24T15:20:58.8660024Z Collecting packaging==23.1 (from -r requirements.txt (line 35))
2023-09-24T15:20:58.8680072Z   Using cached packaging-23.1-py3-none-any.whl (48 kB)
2023-09-24T15:20:58.9249927Z Collecting platformio==6.1.6 (from -r requirements.txt (line 37))
2023-09-24T15:20:58.9254000Z   Using cached platformio-6.1.6-py3-none-any.whl
2023-09-24T15:20:58.9667136Z Collecting pyelftools==0.29 (from -r requirements.txt (line 39))
2023-09-24T15:20:58.9691017Z   Using cached pyelftools-0.29-py2.py3-none-any.whl (174 kB)
2023-09-24T15:20:59.0005038Z Collecting pyserial==3.5 (from -r requirements.txt (line 41))
2023-09-24T15:20:59.0026418Z   Using cached pyserial-3.5-py2.py3-none-any.whl (90 kB)
2023-09-24T15:20:59.0660942Z Collecting requests==2.31.0 (from -r requirements.txt (line 43))
2023-09-24T15:20:59.0662436Z   Obtaining dependency information for requests==2.31.0 from https://files.pythonhosted.org/packages/70/8e/0e2d847013cb52cd35b38c009bb167a1a26b2ce6cd6965bf26b47bc0bf44/requests-2.31.0-py3-none-any.whl.metadata
2023-09-24T15:20:59.0682020Z   Using cached requests-2.31.0-py3-none-any.whl.metadata (4.6 kB)
2023-09-24T15:20:59.1026167Z Collecting semantic-version==2.10.0 (from -r requirements.txt (line 45))
2023-09-24T15:20:59.1046611Z   Using cached semantic_version-2.10.0-py2.py3-none-any.whl (15 kB)
2023-09-24T15:20:59.1323444Z Collecting sniffio==1.3.0 (from -r requirements.txt (line 47))
2023-09-24T15:20:59.1344294Z   Using cached sniffio-1.3.0-py3-none-any.whl (10 kB)
2023-09-24T15:20:59.1946904Z Collecting starlette==0.23.1 (from -r requirements.txt (line 49))
2023-09-24T15:20:59.1967078Z   Using cached starlette-0.23.1-py3-none-any.whl (64 kB)
2023-09-24T15:20:59.2391891Z Collecting tabulate==0.9.0 (from -r requirements.txt (line 51))
2023-09-24T15:20:59.2413215Z   Using cached tabulate-0.9.0-py3-none-any.whl (35 kB)
2023-09-24T15:20:59.3116009Z Collecting urllib3==1.26.15 (from -r requirements.txt (line 53))
2023-09-24T15:20:59.3136306Z   Using cached urllib3-1.26.15-py2.py3-none-any.whl (140 kB)
2023-09-24T15:20:59.3718656Z Collecting uvicorn==0.20.0 (from -r requirements.txt (line 55))
2023-09-24T15:20:59.3738380Z   Using cached uvicorn-0.20.0-py3-none-any.whl (56 kB)
2023-09-24T15:20:59.4069980Z Collecting wsproto==1.2.0 (from -r requirements.txt (line 57))
2023-09-24T15:20:59.4090856Z   Using cached wsproto-1.2.0-py3-none-any.whl (24 kB)
2023-09-24T15:20:59.6616890Z Collecting typing-extensions>=3.10.0 (from starlette==0.23.1->-r requirements.txt (line 49))
2023-09-24T15:20:59.6619213Z   Obtaining dependency information for typing-extensions>=3.10.0 from https://files.pythonhosted.org/packages/24/21/7d397a4b7934ff4028987914ac1044d3b7d52712f30e2ac7a2ae5bc86dd0/typing_extensions-4.8.0-py3-none-any.whl.metadata
2023-09-24T15:20:59.7967502Z   Downloading typing_extensions-4.8.0-py3-none-any.whl.metadata (3.0 kB)
2023-09-24T15:20:59.8971732Z Using cached certifi-2023.7.22-py3-none-any.whl (158 kB)
2023-09-24T15:20:59.8997385Z Using cached requests-2.31.0-py3-none-any.whl (62 kB)
2023-09-24T15:20:59.9168437Z Downloading typing_extensions-4.8.0-py3-none-any.whl (31 kB)
2023-09-24T15:21:00.0963156Z Installing collected packages: pyserial, pyelftools, bottle, urllib3, typing-extensions, tabulate, sniffio, semantic-version, packaging, idna, h11, colorama, click, charset-normalizer, certifi, ajsonrpc, aiofiles, wsproto, uvicorn, requests, marshmallow, anyio, starlette, platformio
2023-09-24T15:21:02.3661165Z Successfully installed aiofiles-22.1.0 ajsonrpc-1.2.0 anyio-3.6.2 bottle-0.12.25 certifi-2023.7.22 charset-normalizer-3.1.0 click-8.1.3 colorama-0.4.6 h11-0.14.0 idna-3.4 marshmallow-3.19.0 packaging-23.1 platformio-6.1.6 pyelftools-0.29 pyserial-3.5 requests-2.31.0 semantic-version-2.10.0 sniffio-1.3.0 starlette-0.23.1 tabulate-0.9.0 typing-extensions-4.8.0 urllib3-1.26.15 uvicorn-0.20.0 wsproto-1.2.0
2023-09-24T15:21:02.6099350Z 
2023-09-24T15:21:02.6100184Z [notice] A new release of pip is available: 23.0.1 -> 23.2.1
2023-09-24T15:21:02.6100861Z [notice] To update, run: pip install --upgrade pip
2023-09-24T15:21:02.6993164Z ##[group]Run pio run -e lolin_s2_mini
2023-09-24T15:21:02.6993469Z [36;1mpio run -e lolin_s2_mini[0m
2023-09-24T15:21:02.7052236Z shell: /usr/bin/bash -e {0}
2023-09-24T15:21:02.7052458Z env:
2023-09-24T15:21:02.7052728Z   pythonLocation: /opt/hostedtoolcache/Python/3.9.18/x64
2023-09-24T15:21:02.7053086Z   PKG_CONFIG_PATH: /opt/hostedtoolcache/Python/3.9.18/x64/lib/pkgconfig
2023-09-24T15:21:02.7053546Z   Python_ROOT_DIR: /opt/hostedtoolcache/Python/3.9.18/x64
2023-09-24T15:21:02.7053868Z   Python2_ROOT_DIR: /opt/hostedtoolcache/Python/3.9.18/x64
2023-09-24T15:21:02.7054186Z   Python3_ROOT_DIR: /opt/hostedtoolcache/Python/3.9.18/x64
2023-09-24T15:21:02.7054511Z   LD_LIBRARY_PATH: /opt/hostedtoolcache/Python/3.9.18/x64/lib
2023-09-24T15:21:02.7054784Z   WLED_RELEASE: true
2023-09-24T15:21:02.7054984Z ##[endgroup]
2023-09-24T15:21:03.0605771Z Processing lolin_s2_mini (platform: espressif32@5.3.0; board: lolin_s2_mini; framework: arduino)
2023-09-24T15:21:03.0606772Z --------------------------------------------------------------------------------
2023-09-24T15:21:03.0622292Z Platform Manager: Installing espressif32 @ 5.3.0
2023-09-24T15:21:07.7232027Z Downloading 0% 10% 20% 30% 40% 50% 60% 70% 80% 90% 100%
2023-09-24T15:21:07.8337946Z Unpacking
2023-09-24T15:21:08.0757079Z Platform Manager: espressif32@5.3.0 has been installed!
2023-09-24T15:21:08.0891584Z Tool Manager: Installing espressif/toolchain-xtensa-esp32s2 @ 8.4.0+2021r2-patch5
2023-09-24T15:21:11.4608100Z Downloading 0% 10% 20% 30% 40% 50% 60% 70% 80% 90% 100%
2023-09-24T15:21:13.2978602Z Unpacking
2023-09-24T15:21:15.5583185Z Tool Manager: toolchain-xtensa-esp32s2@8.4.0+2021r2-patch5 has been installed!
2023-09-24T15:21:15.5603243Z Tool Manager: Installing espressif/toolchain-riscv32-esp @ 8.4.0+2021r2-patch5
2023-09-24T15:21:19.1808643Z Downloading 0% 10% 20% 30% 40% 50% 60% 70% 80% 90% 100%
2023-09-24T15:21:24.3890664Z Unpacking
2023-09-24T15:21:32.1375763Z Tool Manager: toolchain-riscv32-esp@8.4.0+2021r2-patch5 has been installed!
2023-09-24T15:21:32.1403389Z Tool Manager: Installing platformio/framework-arduinoespressif32 @ ~3.20006.0
2023-09-24T15:21:36.3814475Z Downloading 0% 10% 20% 30% 40% 50% 60% 70% 80% 90% 100%
2023-09-24T15:21:44.7832753Z Unpacking
2023-09-24T15:21:55.8091505Z Tool Manager: framework-arduinoespressif32@3.20006.221224 has been installed!
2023-09-24T15:21:55.8116860Z Tool Manager: Installing platformio/tool-esptoolpy @ ~1.40400.0
2023-09-24T15:21:58.0802001Z Downloading 0% 10% 20% 30% 40% 50% 60% 70% 80% 90% 100%
2023-09-24T15:21:58.1136231Z Unpacking
2023-09-24T15:21:58.2022173Z Tool Manager: tool-esptoolpy@1.40400.0 has been installed!
2023-09-24T15:21:58.2069547Z Library Manager: Installing git+https://github.com/pbolduc/AsyncTCP.git @ 1.2.0
2023-09-24T15:21:58.2150293Z git version 2.42.0
2023-09-24T15:21:58.2186142Z Cloning into '/home/runner/.platformio/.cache/tmp/pkg-installing-dhb58057'...
2023-09-24T15:21:58.7792756Z Library Manager: AsyncTCP@1.2.0+sha.38b8475 has been installed!
2023-09-24T15:21:58.7802808Z Library Manager: Installing fastled/FastLED @ 3.6.0
2023-09-24T15:22:01.6232960Z Downloading 0% 10% 20% 30% 40% 50% 60% 70% 80% 90% 100%
2023-09-24T15:22:01.6520167Z Unpacking
2023-09-24T15:22:01.7117108Z Library Manager: FastLED@3.6.0 has been installed!
2023-09-24T15:22:01.7125326Z Library Manager: Installing makuna/NeoPixelBus @ 2.7.5
2023-09-24T15:22:04.3842999Z Downloading 0% 10% 20% 30% 40% 50% 60% 70% 80% 90% 100%
2023-09-24T15:22:04.4105820Z Unpacking
2023-09-24T15:22:04.4688866Z Library Manager: NeoPixelBus@2.7.5 has been installed!
2023-09-24T15:22:04.4691519Z Library Manager: Resolving dependencies...
2023-09-24T15:22:04.4865468Z Library Manager: Installing git+https://github.com/Aircoookie/ESPAsyncWebServer.git @ ~2.0.7
2023-09-24T15:22:04.4903497Z git version 2.42.0
2023-09-24T15:22:04.4939944Z Cloning into '/home/runner/.platformio/.cache/tmp/pkg-installing-em2dyh26'...
2023-09-24T15:22:05.2219710Z Library Manager: ESPAsyncWebServerAircoookie@2.0.7+sha.b9349dc has been installed!
2023-09-24T15:22:05.2220583Z Library Manager: Resolving dependencies...
2023-09-24T15:22:05.5846738Z Verbose mode can be enabled via `-v, --verbose` option
2023-09-24T15:22:05.5997726Z CONFIGURATION: https://docs.platformio.org/page/boards/espressif32/lolin_s2_mini.html
2023-09-24T15:22:05.5998453Z PLATFORM: Espressif 32 (5.3.0) > WEMOS LOLIN S2 Mini
2023-09-24T15:22:05.5999151Z HARDWARE: ESP32S2 240MHz, 320KB RAM, 4MB Flash
2023-09-24T15:22:05.6000139Z DEBUG: Current (cmsis-dap) External (cmsis-dap, esp-bridge, esp-prog, iot-bus-jtag, jlink, minimodule, olimex-arm-usb-ocd, olimex-arm-usb-ocd-h, olimex-arm-usb-tiny-h, olimex-jtag-tiny, tumpa)
2023-09-24T15:22:05.6000967Z PACKAGES: 
2023-09-24T15:22:05.6001489Z  - framework-arduinoespressif32 @ 3.20006.221224 (2.0.6) 
2023-09-24T15:22:05.6002201Z  - tool-esptoolpy @ 1.40400.0 (4.4.0) 
2023-09-24T15:22:05.6002769Z  - toolchain-riscv32-esp @ 8.4.0+2021r2-patch5 
2023-09-24T15:22:05.6003507Z  - toolchain-xtensa-esp32s2 @ 8.4.0+2021r2-patch5
2023-09-24T15:22:05.6044674Z Converting wled00.ino
2023-09-24T15:22:05.6469045Z LDF: Library Dependency Finder -> https://bit.ly/configure-pio-ldf
2023-09-24T15:22:05.6469913Z LDF Modes: Finder ~ chain, Compatibility ~ strict
2023-09-24T15:22:05.7916974Z Library Manager: Installing IRremoteESP8266 @ 2.8.2
2023-09-24T15:22:10.3084421Z Downloading 0% 10% 20% 30% 40% 50% 60% 70% 80% 90% 100%
2023-09-24T15:22:10.3747371Z Unpacking
2023-09-24T15:22:10.4916980Z Library Manager: IRremoteESP8266@2.8.2 has been installed!
2023-09-24T15:22:10.6159651Z Found 38 compatible libraries
2023-09-24T15:22:10.6159962Z Scanning dependencies...
2023-09-24T15:22:11.8739464Z Dependency Graph
2023-09-24T15:22:11.8740599Z |-- AsyncTCP @ 1.2.0+sha.38b8475
2023-09-24T15:22:11.8741302Z |-- FastLED @ 3.6.0
2023-09-24T15:22:11.8741984Z |   |-- SPI @ 2.0.0
2023-09-24T15:22:11.8742930Z |-- IRremoteESP8266 @ 2.8.2
2023-09-24T15:22:11.8744011Z |-- NeoPixelBus @ 2.7.5
2023-09-24T15:22:11.8744666Z |   |-- SPI @ 2.0.0
2023-09-24T15:22:11.8746192Z |-- ESPAsyncWebServerAircoookie @ 2.0.7+sha.b9349dc
2023-09-24T15:22:11.8747292Z |   |-- AsyncTCP @ 1.2.0+sha.38b8475
2023-09-24T15:22:11.8747926Z |   |-- FS @ 2.0.0
2023-09-24T15:22:11.8748530Z |   |-- WiFi @ 2.0.0
2023-09-24T15:22:11.8749233Z |   |-- LittleFS @ 2.0.0
2023-09-24T15:22:11.8750037Z |   |   |-- FS @ 2.0.0
2023-09-24T15:22:11.8750601Z |-- Wire @ 2.0.0
2023-09-24T15:22:11.8751173Z |-- SD @ 2.0.0
2023-09-24T15:22:11.8751738Z |   |-- FS @ 2.0.0
2023-09-24T15:22:11.8752300Z |   |-- SPI @ 2.0.0
2023-09-24T15:22:11.8752898Z |-- SD_MMC @ 2.0.0
2023-09-24T15:22:11.8753599Z |   |-- FS @ 2.0.0
2023-09-24T15:22:11.8754177Z |-- SPI @ 2.0.0
2023-09-24T15:22:11.8754721Z |-- EEPROM @ 2.0.0
2023-09-24T15:22:11.8755294Z |-- ArduinoOTA @ 2.0.0
2023-09-24T15:22:11.8755851Z |   |-- Update @ 2.0.0
2023-09-24T15:22:11.8756484Z |   |-- WiFi @ 2.0.0
2023-09-24T15:22:11.8757220Z |   |-- ESPmDNS @ 2.0.0
2023-09-24T15:22:11.8757807Z |   |   |-- WiFi @ 2.0.0
2023-09-24T15:22:11.8758367Z |-- DNSServer @ 2.0.0
2023-09-24T15:22:11.8758945Z |   |-- WiFi @ 2.0.0
2023-09-24T15:22:11.8759509Z |-- ESPmDNS @ 2.0.0
2023-09-24T15:22:11.8760080Z |   |-- WiFi @ 2.0.0
2023-09-24T15:22:11.8760798Z |-- Ethernet @ 2.0.0
2023-09-24T15:22:11.8761364Z |   |-- WiFi @ 2.0.0
2023-09-24T15:22:11.8761899Z |-- LittleFS @ 2.0.0
2023-09-24T15:22:11.8762425Z |   |-- FS @ 2.0.0
2023-09-24T15:22:11.8762951Z |-- WiFi @ 2.0.0
2023-09-24T15:22:11.8763310Z |-- ESP32 Async UDP @ 2.0.0
2023-09-24T15:22:11.8763647Z |-- WebServer @ 2.0.0
2023-09-24T15:22:11.8763958Z |   |-- WiFi @ 2.0.0
2023-09-24T15:22:11.8764256Z |   |-- FS @ 2.0.0
2023-09-24T15:22:12.0077295Z Building in release mode
2023-09-24T15:22:12.4735409Z Compiling .pio/build/lolin_s2_mini/libbfe/FastLED/FastLED.cpp.o
2023-09-24T15:22:12.4935738Z Compiling .pio/build/lolin_s2_mini/libbfe/FastLED/bitswap.cpp.o
2023-09-24T15:22:13.0218047Z Compiling .pio/build/lolin_s2_mini/libbfe/FastLED/colorpalettes.cpp.o
2023-09-24T15:22:13.1016223Z Compiling .pio/build/lolin_s2_mini/libbfe/FastLED/colorutils.cpp.o
2023-09-24T15:22:13.5335972Z Compiling .pio/build/lolin_s2_mini/libbfe/FastLED/hsv2rgb.cpp.o
2023-09-24T15:22:13.9415948Z Compiling .pio/build/lolin_s2_mini/libbfe/FastLED/lib8tion.cpp.o
2023-09-24T15:22:14.1215924Z Compiling .pio/build/lolin_s2_mini/libbfe/FastLED/noise.cpp.o
2023-09-24T15:22:14.4416231Z Compiling .pio/build/lolin_s2_mini/libbfe/FastLED/platforms.cpp.o
2023-09-24T15:22:14.4816134Z Compiling .pio/build/lolin_s2_mini/libbfe/FastLED/platforms/esp/32/clockless_rmt_esp32.cpp.o
2023-09-24T15:22:15.0256331Z Compiling .pio/build/lolin_s2_mini/libbfe/FastLED/power_mgt.cpp.o
2023-09-24T15:22:15.0695628Z Compiling .pio/build/lolin_s2_mini/libbfe/FastLED/wiring.cpp.o
2023-09-24T15:22:15.9395472Z Compiling .pio/build/lolin_s2_mini/src/FX.cpp.o
2023-09-24T15:22:15.9797338Z Compiling .pio/build/lolin_s2_mini/src/FX_2Dfcn.cpp.o
2023-09-24T15:22:17.6226662Z Compiling .pio/build/lolin_s2_mini/src/FX_fcn.cpp.o
2023-09-24T15:22:19.9177956Z Compiling .pio/build/lolin_s2_mini/src/alexa.cpp.o
2023-09-24T15:22:21.4174161Z Compiling .pio/build/lolin_s2_mini/src/bus_manager.cpp.o
2023-09-24T15:22:21.7533970Z Compiling .pio/build/lolin_s2_mini/src/button.cpp.o
2023-09-24T15:22:22.9911061Z Compiling .pio/build/lolin_s2_mini/src/cfg.cpp.o
2023-09-24T15:22:23.2283817Z Compiling .pio/build/lolin_s2_mini/src/colors.cpp.o
2023-09-24T15:22:24.4549450Z Compiling .pio/build/lolin_s2_mini/src/dmx.cpp.o
2023-09-24T15:22:25.5745727Z Compiling .pio/build/lolin_s2_mini/src/e131.cpp.o
2023-09-24T15:22:26.4375902Z Compiling .pio/build/lolin_s2_mini/src/file.cpp.o
2023-09-24T15:22:26.8535838Z Compiling .pio/build/lolin_s2_mini/src/hue.cpp.o
2023-09-24T15:22:28.1623884Z Compiling .pio/build/lolin_s2_mini/src/improv.cpp.o
2023-09-24T15:22:28.6495933Z Compiling .pio/build/lolin_s2_mini/src/ir.cpp.o
2023-09-24T15:22:29.4561870Z Compiling .pio/build/lolin_s2_mini/src/json.cpp.o
2023-09-24T15:22:30.3895958Z Compiling .pio/build/lolin_s2_mini/src/led.cpp.o
2023-09-24T15:22:31.5975938Z Compiling .pio/build/lolin_s2_mini/src/lx_parser.cpp.o
2023-09-24T15:22:32.8799491Z Compiling .pio/build/lolin_s2_mini/src/mqtt.cpp.o
2023-09-24T15:22:33.0113665Z Compiling .pio/build/lolin_s2_mini/src/net_debug.cpp.o
2023-09-24T15:22:34.1215919Z Compiling .pio/build/lolin_s2_mini/src/network.cpp.o
2023-09-24T15:22:34.3009847Z Compiling .pio/build/lolin_s2_mini/src/ntp.cpp.o
2023-09-24T15:22:35.2415863Z Compiling .pio/build/lolin_s2_mini/src/overlay.cpp.o
2023-09-24T15:22:35.5841392Z Compiling .pio/build/lolin_s2_mini/src/pin_manager.cpp.o
2023-09-24T15:22:36.4135935Z Compiling .pio/build/lolin_s2_mini/src/playlist.cpp.o
2023-09-24T15:22:36.7775994Z Compiling .pio/build/lolin_s2_mini/src/presets.cpp.o
2023-09-24T15:22:37.8256686Z Compiling .pio/build/lolin_s2_mini/src/remote.cpp.o
2023-09-24T15:22:38.6015865Z Compiling .pio/build/lolin_s2_mini/src/set.cpp.o
2023-09-24T15:22:38.9656184Z Compiling .pio/build/lolin_s2_mini/src/src/dependencies/async-mqtt-client/AsyncMqttClient.cpp.o
2023-09-24T15:22:40.8016342Z Compiling .pio/build/lolin_s2_mini/src/src/dependencies/async-mqtt-client/AsyncMqttClient/Packets/ConnAckPacket.cpp.o
2023-09-24T15:22:41.0016254Z Compiling .pio/build/lolin_s2_mini/src/src/dependencies/async-mqtt-client/AsyncMqttClient/Packets/PingRespPacket.cpp.o
2023-09-24T15:22:41.2496793Z Compiling .pio/build/lolin_s2_mini/src/src/dependencies/async-mqtt-client/AsyncMqttClient/Packets/PubAckPacket.cpp.o
2023-09-24T15:22:41.4416137Z Compiling .pio/build/lolin_s2_mini/src/src/dependencies/async-mqtt-client/AsyncMqttClient/Packets/PubCompPacket.cpp.o
2023-09-24T15:22:41.6976322Z Compiling .pio/build/lolin_s2_mini/src/src/dependencies/async-mqtt-client/AsyncMqttClient/Packets/PubRecPacket.cpp.o
2023-09-24T15:22:41.9216237Z Compiling .pio/build/lolin_s2_mini/src/src/dependencies/async-mqtt-client/AsyncMqttClient/Packets/PubRelPacket.cpp.o
2023-09-24T15:22:42.1416281Z Compiling .pio/build/lolin_s2_mini/src/src/dependencies/async-mqtt-client/AsyncMqttClient/Packets/PublishPacket.cpp.o
2023-09-24T15:22:42.3616363Z Compiling .pio/build/lolin_s2_mini/src/src/dependencies/async-mqtt-client/AsyncMqttClient/Packets/SubAckPacket.cpp.o
2023-09-24T15:22:42.6336260Z Compiling .pio/build/lolin_s2_mini/src/src/dependencies/async-mqtt-client/AsyncMqttClient/Packets/UnsubAckPacket.cpp.o
2023-09-24T15:22:42.8135804Z Compiling .pio/build/lolin_s2_mini/src/src/dependencies/dmx/ESPDMX.cpp.o
2023-09-24T15:22:42.8535828Z Compiling .pio/build/lolin_s2_mini/src/src/dependencies/dmx/SparkFunDMX.cpp.o
2023-09-24T15:22:43.0816624Z Compiling .pio/build/lolin_s2_mini/src/src/dependencies/e131/ESPAsyncE131.cpp.o
2023-09-24T15:22:43.2775876Z Compiling .pio/build/lolin_s2_mini/src/src/dependencies/espalexa/EspalexaDevice.cpp.o
2023-09-24T15:22:43.6985703Z Compiling .pio/build/lolin_s2_mini/src/src/dependencies/network/Network.cpp.o
2023-09-24T15:22:43.8776485Z Compiling .pio/build/lolin_s2_mini/src/src/dependencies/time/DS1307RTC.cpp.o
2023-09-24T15:22:44.0656450Z Compiling .pio/build/lolin_s2_mini/src/src/dependencies/time/DateStrings.cpp.o
2023-09-24T15:22:44.1576282Z Compiling .pio/build/lolin_s2_mini/src/src/dependencies/time/Time.cpp.o
2023-09-24T15:22:44.2136253Z Compiling .pio/build/lolin_s2_mini/src/src/dependencies/timezone/Timezone.cpp.o
2023-09-24T15:22:44.6495786Z Compiling .pio/build/lolin_s2_mini/src/udp.cpp.o
2023-09-24T15:22:44.6975917Z Compiling .pio/build/lolin_s2_mini/src/um_manager.cpp.o
2023-09-24T15:22:45.8615782Z Compiling .pio/build/lolin_s2_mini/src/usermod.cpp.o
2023-09-24T15:22:46.5774480Z Compiling .pio/build/lolin_s2_mini/src/usermods_list.cpp.o
2023-09-24T15:22:46.9775943Z Compiling .pio/build/lolin_s2_mini/src/util.cpp.o
2023-09-24T15:22:47.6856026Z Compiling .pio/build/lolin_s2_mini/src/wled.cpp.o
2023-09-24T15:22:48.4294601Z Compiling .pio/build/lolin_s2_mini/src/wled00.ino.cpp.o
2023-09-24T15:22:49.1975830Z Compiling .pio/build/lolin_s2_mini/src/wled_eeprom.cpp.o
2023-09-24T15:22:49.2376363Z Compiling .pio/build/lolin_s2_mini/src/wled_math.cpp.o
2023-09-24T15:22:49.5583746Z Compiling .pio/build/lolin_s2_mini/src/wled_serial.cpp.o
2023-09-24T15:22:49.7095748Z Compiling .pio/build/lolin_s2_mini/src/wled_server.cpp.o
2023-09-24T15:22:51.1600283Z Compiling .pio/build/lolin_s2_mini/src/ws.cpp.o
2023-09-24T15:22:52.1415794Z Compiling .pio/build/lolin_s2_mini/src/xml.cpp.o
2023-09-24T15:22:52.7482791Z Building .pio/build/lolin_s2_mini/bootloader.bin
2023-09-24T15:22:52.8472282Z esptool.py v4.4
2023-09-24T15:22:52.8472729Z Creating esp32s2 image...
2023-09-24T15:22:52.8473052Z Merged 1 ELF section
2023-09-24T15:22:52.8473384Z Successfully created esp32s2 image.
2023-09-24T15:22:52.8602904Z Generating partitions .pio/build/lolin_s2_mini/partitions.bin
2023-09-24T15:22:53.0975697Z Compiling .pio/build/lolin_s2_mini/lib3ad/AsyncTCP/AsyncTCP.cpp.o
2023-09-24T15:22:53.8255762Z Compiling .pio/build/lolin_s2_mini/lib30b/SPI/SPI.cpp.o
2023-09-24T15:22:53.9294984Z Archiving .pio/build/lolin_s2_mini/lib3ad/libAsyncTCP.a
2023-09-24T15:22:53.9348889Z Indexing .pio/build/lolin_s2_mini/lib3ad/libAsyncTCP.a
2023-09-24T15:22:54.1250554Z Compiling .pio/build/lolin_s2_mini/libad0/IRremoteESP8266/IRac.cpp.o
2023-09-24T15:22:54.1428780Z Archiving .pio/build/lolin_s2_mini/lib30b/libSPI.a
2023-09-24T15:22:54.1487687Z Indexing .pio/build/lolin_s2_mini/lib30b/libSPI.a
2023-09-24T15:22:54.1691149Z Compiling .pio/build/lolin_s2_mini/libad0/IRremoteESP8266/IRrecv.cpp.o
2023-09-24T15:22:54.7933043Z Compiling .pio/build/lolin_s2_mini/libad0/IRremoteESP8266/IRsend.cpp.o
2023-09-24T15:22:54.8255832Z Compiling .pio/build/lolin_s2_mini/libad0/IRremoteESP8266/IRtext.cpp.o
2023-09-24T15:22:55.2655964Z Compiling .pio/build/lolin_s2_mini/libad0/IRremoteESP8266/IRtimer.cpp.o
2023-09-24T15:22:55.3371549Z Compiling .pio/build/lolin_s2_mini/libad0/IRremoteESP8266/IRutils.cpp.o
2023-09-24T15:22:55.6975882Z Compiling .pio/build/lolin_s2_mini/libad0/IRremoteESP8266/ir_Airton.cpp.o
2023-09-24T15:22:56.2023601Z Compiling .pio/build/lolin_s2_mini/libad0/IRremoteESP8266/ir_Airwell.cpp.o
2023-09-24T15:22:56.2296066Z Compiling .pio/build/lolin_s2_mini/libad0/IRremoteESP8266/ir_Aiwa.cpp.o
2023-09-24T15:22:56.6536215Z Compiling .pio/build/lolin_s2_mini/libad0/IRremoteESP8266/ir_Amcor.cpp.o
2023-09-24T15:22:56.6814250Z Compiling .pio/build/lolin_s2_mini/libad0/IRremoteESP8266/ir_Argo.cpp.o
2023-09-24T15:22:57.1416197Z Compiling .pio/build/lolin_s2_mini/libad0/IRremoteESP8266/ir_Arris.cpp.o
2023-09-24T15:22:57.2084431Z Compiling .pio/build/lolin_s2_mini/libad0/IRremoteESP8266/ir_Bose.cpp.o
2023-09-24T15:22:57.5695799Z Compiling .pio/build/lolin_s2_mini/libad0/IRremoteESP8266/ir_Carrier.cpp.o
2023-09-24T15:22:57.6255905Z Compiling .pio/build/lolin_s2_mini/libad0/IRremoteESP8266/ir_Coolix.cpp.o
2023-09-24T15:22:58.1496315Z Compiling .pio/build/lolin_s2_mini/libad0/IRremoteESP8266/ir_Corona.cpp.o
2023-09-24T15:22:58.1939503Z Compiling .pio/build/lolin_s2_mini/libad0/IRremoteESP8266/ir_Daikin.cpp.o
2023-09-24T15:22:58.7615820Z Compiling .pio/build/lolin_s2_mini/libad0/IRremoteESP8266/ir_Delonghi.cpp.o
2023-09-24T15:22:59.2935877Z Compiling .pio/build/lolin_s2_mini/libad0/IRremoteESP8266/ir_Denon.cpp.o
2023-09-24T15:22:59.5775709Z Compiling .pio/build/lolin_s2_mini/libad0/IRremoteESP8266/ir_Dish.cpp.o
2023-09-24T15:22:59.7175887Z Compiling .pio/build/lolin_s2_mini/libad0/IRremoteESP8266/ir_Doshisha.cpp.o
2023-09-24T15:23:00.0055740Z Compiling .pio/build/lolin_s2_mini/libad0/IRremoteESP8266/ir_Ecoclim.cpp.o
2023-09-24T15:23:00.1389805Z Compiling .pio/build/lolin_s2_mini/libad0/IRremoteESP8266/ir_Electra.cpp.o
2023-09-24T15:23:00.6015853Z Compiling .pio/build/lolin_s2_mini/libad0/IRremoteESP8266/ir_EliteScreens.cpp.o
2023-09-24T15:23:00.6895847Z Compiling .pio/build/lolin_s2_mini/libad0/IRremoteESP8266/ir_Epson.cpp.o
2023-09-24T15:23:01.0193469Z Compiling .pio/build/lolin_s2_mini/libad0/IRremoteESP8266/ir_Fujitsu.cpp.o
2023-09-24T15:23:01.1139182Z Compiling .pio/build/lolin_s2_mini/libad0/IRremoteESP8266/ir_GICable.cpp.o
2023-09-24T15:23:01.5336201Z Compiling .pio/build/lolin_s2_mini/libad0/IRremoteESP8266/ir_GlobalCache.cpp.o
2023-09-24T15:23:01.6755494Z Compiling .pio/build/lolin_s2_mini/libad0/IRremoteESP8266/ir_Goodweather.cpp.o
2023-09-24T15:23:01.7055685Z Compiling .pio/build/lolin_s2_mini/libad0/IRremoteESP8266/ir_Gree.cpp.o
2023-09-24T15:23:02.2095762Z Compiling .pio/build/lolin_s2_mini/libad0/IRremoteESP8266/ir_Haier.cpp.o
2023-09-24T15:23:02.3056342Z Compiling .pio/build/lolin_s2_mini/libad0/IRremoteESP8266/ir_Hitachi.cpp.o
2023-09-24T15:23:02.9723856Z Compiling .pio/build/lolin_s2_mini/libad0/IRremoteESP8266/ir_Inax.cpp.o
2023-09-24T15:23:03.1655841Z Compiling .pio/build/lolin_s2_mini/libad0/IRremoteESP8266/ir_JVC.cpp.o
2023-09-24T15:23:03.4056300Z Compiling .pio/build/lolin_s2_mini/libad0/IRremoteESP8266/ir_Kelon.cpp.o
2023-09-24T15:23:03.5895848Z Compiling .pio/build/lolin_s2_mini/libad0/IRremoteESP8266/ir_Kelvinator.cpp.o
2023-09-24T15:23:03.9460823Z Compiling .pio/build/lolin_s2_mini/libad0/IRremoteESP8266/ir_LG.cpp.o
2023-09-24T15:23:04.1962283Z Compiling .pio/build/lolin_s2_mini/libad0/IRremoteESP8266/ir_Lasertag.cpp.o
2023-09-24T15:23:04.6255867Z Compiling .pio/build/lolin_s2_mini/libad0/IRremoteESP8266/ir_Lego.cpp.o
2023-09-24T15:23:04.6536481Z Compiling .pio/build/lolin_s2_mini/libad0/IRremoteESP8266/ir_Lutron.cpp.o
2023-09-24T15:23:05.0405229Z Compiling .pio/build/lolin_s2_mini/libad0/IRremoteESP8266/ir_MWM.cpp.o
2023-09-24T15:23:05.0736678Z Compiling .pio/build/lolin_s2_mini/libad0/IRremoteESP8266/ir_Magiquest.cpp.o
2023-09-24T15:23:05.4639300Z Compiling .pio/build/lolin_s2_mini/libad0/IRremoteESP8266/ir_Metz.cpp.o
2023-09-24T15:23:05.4976351Z Compiling .pio/build/lolin_s2_mini/libad0/IRremoteESP8266/ir_Midea.cpp.o
2023-09-24T15:23:05.8895855Z Compiling .pio/build/lolin_s2_mini/libad0/IRremoteESP8266/ir_MilesTag2.cpp.o
2023-09-24T15:23:06.1335797Z Compiling .pio/build/lolin_s2_mini/libad0/IRremoteESP8266/ir_Mirage.cpp.o
2023-09-24T15:23:06.3056207Z Compiling .pio/build/lolin_s2_mini/libad0/IRremoteESP8266/ir_Mitsubishi.cpp.o
2023-09-24T15:23:06.5656021Z Compiling .pio/build/lolin_s2_mini/libad0/IRremoteESP8266/ir_MitsubishiHeavy.cpp.o
2023-09-24T15:23:07.0575710Z Compiling .pio/build/lolin_s2_mini/libad0/IRremoteESP8266/ir_Multibrackets.cpp.o
2023-09-24T15:23:07.2496126Z Compiling .pio/build/lolin_s2_mini/libad0/IRremoteESP8266/ir_NEC.cpp.o
2023-09-24T15:23:07.4695809Z Compiling .pio/build/lolin_s2_mini/libad0/IRremoteESP8266/ir_Neoclima.cpp.o
2023-09-24T15:23:07.6935889Z Compiling .pio/build/lolin_s2_mini/libad0/IRremoteESP8266/ir_Nikai.cpp.o
2023-09-24T15:23:08.0536022Z Compiling .pio/build/lolin_s2_mini/libad0/IRremoteESP8266/ir_Panasonic.cpp.o
2023-09-24T15:23:08.1136103Z Compiling .pio/build/lolin_s2_mini/libad0/IRremoteESP8266/ir_Pioneer.cpp.o
2023-09-24T15:23:08.5256245Z Compiling .pio/build/lolin_s2_mini/libad0/IRremoteESP8266/ir_Pronto.cpp.o
2023-09-24T15:23:08.6776180Z Compiling .pio/build/lolin_s2_mini/libad0/IRremoteESP8266/ir_RC5_RC6.cpp.o
2023-09-24T15:23:08.7096356Z Compiling .pio/build/lolin_s2_mini/libad0/IRremoteESP8266/ir_RCMM.cpp.o
2023-09-24T15:23:09.1015877Z Compiling .pio/build/lolin_s2_mini/libad0/IRremoteESP8266/ir_Rhoss.cpp.o
2023-09-24T15:23:09.1255722Z Compiling .pio/build/lolin_s2_mini/libad0/IRremoteESP8266/ir_Samsung.cpp.o
2023-09-24T15:23:09.5975969Z Compiling .pio/build/lolin_s2_mini/libad0/IRremoteESP8266/ir_Sanyo.cpp.o
2023-09-24T15:23:09.7736289Z Compiling .pio/build/lolin_s2_mini/libad0/IRremoteESP8266/ir_Sharp.cpp.o
2023-09-24T15:23:10.1976241Z Compiling .pio/build/lolin_s2_mini/libad0/IRremoteESP8266/ir_Sherwood.cpp.o
2023-09-24T15:23:10.3495775Z Compiling .pio/build/lolin_s2_mini/libad0/IRremoteESP8266/ir_Sony.cpp.o
2023-09-24T15:23:10.3775843Z Compiling .pio/build/lolin_s2_mini/libad0/IRremoteESP8266/ir_Symphony.cpp.o
2023-09-24T15:23:10.7974760Z Compiling .pio/build/lolin_s2_mini/libad0/IRremoteESP8266/ir_Tcl.cpp.o
2023-09-24T15:23:10.8234145Z Compiling .pio/build/lolin_s2_mini/libad0/IRremoteESP8266/ir_Technibel.cpp.o
2023-09-24T15:23:11.3425628Z Compiling .pio/build/lolin_s2_mini/libad0/IRremoteESP8266/ir_Teco.cpp.o
2023-09-24T15:23:11.4055911Z Compiling .pio/build/lolin_s2_mini/libad0/IRremoteESP8266/ir_Teknopoint.cpp.o
2023-09-24T15:23:11.8718002Z Compiling .pio/build/lolin_s2_mini/libad0/IRremoteESP8266/ir_Toshiba.cpp.o
2023-09-24T15:23:11.8882420Z Compiling .pio/build/lolin_s2_mini/libad0/IRremoteESP8266/ir_Transcold.cpp.o
2023-09-24T15:23:12.4096213Z Compiling .pio/build/lolin_s2_mini/libad0/IRremoteESP8266/ir_Trotec.cpp.o
2023-09-24T15:23:12.4336108Z Compiling .pio/build/lolin_s2_mini/libad0/IRremoteESP8266/ir_Truma.cpp.o
2023-09-24T15:23:12.9376039Z Compiling .pio/build/lolin_s2_mini/libad0/IRremoteESP8266/ir_Vestel.cpp.o
2023-09-24T15:23:12.9727933Z Compiling .pio/build/lolin_s2_mini/libad0/IRremoteESP8266/ir_Voltas.cpp.o
2023-09-24T15:23:13.5356666Z Compiling .pio/build/lolin_s2_mini/libad0/IRremoteESP8266/ir_Whirlpool.cpp.o
2023-09-24T15:23:13.5655844Z Compiling .pio/build/lolin_s2_mini/libad0/IRremoteESP8266/ir_Whynter.cpp.o
2023-09-24T15:23:13.9895840Z Compiling .pio/build/lolin_s2_mini/libad0/IRremoteESP8266/ir_Xmp.cpp.o
2023-09-24T15:23:14.1215794Z Compiling .pio/build/lolin_s2_mini/libad0/IRremoteESP8266/ir_Zepeal.cpp.o
2023-09-24T15:23:14.6616811Z Compiling .pio/build/lolin_s2_mini/lib8d4/NeoPixelBus/internal/animations/NeoPixelAnimator.cpp.o
2023-09-24T15:23:14.6857229Z Archiving .pio/build/lolin_s2_mini/libad0/libIRremoteESP8266.a
2023-09-24T15:23:14.7210322Z Indexing .pio/build/lolin_s2_mini/libad0/libIRremoteESP8266.a
2023-09-24T15:23:14.8056064Z Compiling .pio/build/lolin_s2_mini/lib8d4/NeoPixelBus/internal/colors/HsbColor.cpp.o
2023-09-24T15:23:15.2416476Z Compiling .pio/build/lolin_s2_mini/lib8d4/NeoPixelBus/internal/colors/HslColor.cpp.o
2023-09-24T15:23:15.2775690Z Compiling .pio/build/lolin_s2_mini/lib8d4/NeoPixelBus/internal/colors/HtmlColor.cpp.o
2023-09-24T15:23:15.6851556Z Compiling .pio/build/lolin_s2_mini/lib8d4/NeoPixelBus/internal/colors/HtmlColorNameStrings.cpp.o
2023-09-24T15:23:15.7094980Z Compiling .pio/build/lolin_s2_mini/lib8d4/NeoPixelBus/internal/colors/HtmlColorNames.cpp.o
2023-09-24T15:23:16.1014783Z Compiling .pio/build/lolin_s2_mini/lib8d4/NeoPixelBus/internal/colors/HtmlColorShortNames.cpp.o
2023-09-24T15:23:16.1336139Z Compiling .pio/build/lolin_s2_mini/lib8d4/NeoPixelBus/internal/colors/NeoGammaDynamicTableMethod.cpp.o
2023-09-24T15:23:16.5234494Z Compiling .pio/build/lolin_s2_mini/lib8d4/NeoPixelBus/internal/colors/NeoGammaTableMethod.cpp.o
2023-09-24T15:23:16.5497258Z Compiling .pio/build/lolin_s2_mini/lib8d4/NeoPixelBus/internal/colors/Rgb48Color.cpp.o
2023-09-24T15:23:16.9375020Z Compiling .pio/build/lolin_s2_mini/lib8d4/NeoPixelBus/internal/colors/RgbColor.cpp.o
2023-09-24T15:23:17.0256552Z Compiling .pio/build/lolin_s2_mini/lib8d4/NeoPixelBus/internal/colors/RgbColorBase.cpp.o
2023-09-24T15:23:17.4094592Z Compiling .pio/build/lolin_s2_mini/lib8d4/NeoPixelBus/internal/colors/Rgbw64Color.cpp.o
2023-09-24T15:23:17.4659522Z Compiling .pio/build/lolin_s2_mini/lib8d4/NeoPixelBus/internal/colors/RgbwColor.cpp.o
2023-09-24T15:23:17.8934613Z Compiling .pio/build/lolin_s2_mini/lib8d4/NeoPixelBus/internal/colors/SegmentDigit.cpp.o
2023-09-24T15:23:17.9736364Z Compiling .pio/build/lolin_s2_mini/lib8d4/NeoPixelBus/internal/methods/Esp32_i2s.c.o
2023-09-24T15:23:18.1776569Z Compiling .pio/build/lolin_s2_mini/lib8d4/NeoPixelBus/internal/methods/NeoEsp32RmtMethod.cpp.o
2023-09-24T15:23:18.3616060Z Compiling .pio/build/lolin_s2_mini/lib8d4/NeoPixelBus/internal/methods/NeoEsp8266I2sMethodCore.cpp.o
2023-09-24T15:23:18.6576865Z Compiling .pio/build/lolin_s2_mini/lib8d4/NeoPixelBus/internal/methods/NeoEsp8266UartMethod.cpp.o
2023-09-24T15:23:18.6936078Z Compiling .pio/build/lolin_s2_mini/lib8d4/NeoPixelBus/internal/methods/NeoEspBitBangMethod.cpp.o
2023-09-24T15:23:18.7775826Z Compiling .pio/build/lolin_s2_mini/lib8d4/NeoPixelBus/internal/methods/NeoPixelAvr.c.o
2023-09-24T15:23:18.9655707Z Compiling .pio/build/lolin_s2_mini/lib7aa/FS/FS.cpp.o
2023-09-24T15:23:19.1158719Z Archiving .pio/build/lolin_s2_mini/lib8d4/libNeoPixelBus.a
2023-09-24T15:23:19.1263634Z Indexing .pio/build/lolin_s2_mini/lib8d4/libNeoPixelBus.a
2023-09-24T15:23:19.1575921Z Compiling .pio/build/lolin_s2_mini/lib7aa/FS/vfs_api.cpp.o
2023-09-24T15:23:19.7076229Z Compiling .pio/build/lolin_s2_mini/lib989/WiFi/WiFi.cpp.o
2023-09-24T15:23:19.8576365Z Archiving .pio/build/lolin_s2_mini/lib7aa/libFS.a
2023-09-24T15:23:19.8663766Z Indexing .pio/build/lolin_s2_mini/lib7aa/libFS.a
2023-09-24T15:23:19.8895605Z Compiling .pio/build/lolin_s2_mini/lib989/WiFi/WiFiAP.cpp.o
2023-09-24T15:23:20.2175814Z Compiling .pio/build/lolin_s2_mini/lib989/WiFi/WiFiClient.cpp.o
2023-09-24T15:23:20.4536037Z Compiling .pio/build/lolin_s2_mini/lib989/WiFi/WiFiGeneric.cpp.o
2023-09-24T15:23:20.9576135Z Compiling .pio/build/lolin_s2_mini/lib989/WiFi/WiFiMulti.cpp.o
2023-09-24T15:23:21.3495967Z Compiling .pio/build/lolin_s2_mini/lib989/WiFi/WiFiSTA.cpp.o
2023-09-24T15:23:21.5495659Z Compiling .pio/build/lolin_s2_mini/lib989/WiFi/WiFiScan.cpp.o
2023-09-24T15:23:21.9816334Z Compiling .pio/build/lolin_s2_mini/lib989/WiFi/WiFiServer.cpp.o
2023-09-24T15:23:22.0695801Z Compiling .pio/build/lolin_s2_mini/lib989/WiFi/WiFiUdp.cpp.o
2023-09-24T15:23:22.6508198Z Compiling .pio/build/lolin_s2_mini/lib620/LittleFS/LittleFS.cpp.o
2023-09-24T15:23:22.6698295Z Archiving .pio/build/lolin_s2_mini/lib989/libWiFi.a
2023-09-24T15:23:22.6775673Z Indexing .pio/build/lolin_s2_mini/lib989/libWiFi.a
2023-09-24T15:23:22.8756290Z Compiling .pio/build/lolin_s2_mini/lib138/ESPAsyncWebServerAircoookie/AsyncEventSource.cpp.o
2023-09-24T15:23:23.1901680Z Archiving .pio/build/lolin_s2_mini/lib620/libLittleFS.a
2023-09-24T15:23:23.1975920Z Indexing .pio/build/lolin_s2_mini/lib620/libLittleFS.a
2023-09-24T15:23:23.2338074Z Compiling .pio/build/lolin_s2_mini/lib138/ESPAsyncWebServerAircoookie/AsyncWebSocket.cpp.o
2023-09-24T15:23:23.7895849Z Compiling .pio/build/lolin_s2_mini/lib138/ESPAsyncWebServerAircoookie/SPIFFSEditor.cpp.o
2023-09-24T15:23:24.5735568Z Compiling .pio/build/lolin_s2_mini/lib138/ESPAsyncWebServerAircoookie/WebAuthentication.cpp.o
2023-09-24T15:23:24.5865186Z Compiling .pio/build/lolin_s2_mini/lib138/ESPAsyncWebServerAircoookie/WebHandlers.cpp.o
2023-09-24T15:23:25.1095854Z Compiling .pio/build/lolin_s2_mini/lib138/ESPAsyncWebServerAircoookie/WebRequest.cpp.o
2023-09-24T15:23:25.3496450Z Compiling .pio/build/lolin_s2_mini/lib138/ESPAsyncWebServerAircoookie/WebResponses.cpp.o
2023-09-24T15:23:26.5157952Z Compiling .pio/build/lolin_s2_mini/lib138/ESPAsyncWebServerAircoookie/WebServer.cpp.o
2023-09-24T15:23:26.7056094Z Compiling .pio/build/lolin_s2_mini/liba33/Wire/Wire.cpp.o
2023-09-24T15:23:27.2336593Z Archiving .pio/build/lolin_s2_mini/liba33/libWire.a
2023-09-24T15:23:27.2405953Z Indexing .pio/build/lolin_s2_mini/liba33/libWire.a
2023-09-24T15:23:27.4163049Z Compiling .pio/build/lolin_s2_mini/lib770/SD/SD.cpp.o
2023-09-24T15:23:27.4368716Z Archiving .pio/build/lolin_s2_mini/lib138/libESPAsyncWebServerAircoookie.a
2023-09-24T15:23:27.4488052Z Indexing .pio/build/lolin_s2_mini/lib138/libESPAsyncWebServerAircoookie.a
2023-09-24T15:23:27.5095629Z Compiling .pio/build/lolin_s2_mini/lib770/SD/sd_diskio.cpp.o
2023-09-24T15:23:27.9622278Z Compiling .pio/build/lolin_s2_mini/lib770/SD/sd_diskio_crc.c.o
2023-09-24T15:23:28.1883517Z Compiling .pio/build/lolin_s2_mini/libc3a/SD_MMC/SD_MMC.cpp.o
2023-09-24T15:23:28.2057318Z Archiving .pio/build/lolin_s2_mini/lib770/libSD.a
2023-09-24T15:23:28.2135732Z Indexing .pio/build/lolin_s2_mini/lib770/libSD.a
2023-09-24T15:23:28.3823033Z Compiling .pio/build/lolin_s2_mini/libc24/EEPROM/EEPROM.cpp.o
2023-09-24T15:23:28.4039290Z Archiving .pio/build/lolin_s2_mini/libc3a/libSD_MMC.a
2023-09-24T15:23:28.4118634Z Indexing .pio/build/lolin_s2_mini/libc3a/libSD_MMC.a
2023-09-24T15:23:28.5803886Z Compiling .pio/build/lolin_s2_mini/lib4b6/Update/HttpsOTAUpdate.cpp.o
2023-09-24T15:23:28.7776159Z Compiling .pio/build/lolin_s2_mini/lib4b6/Update/Updater.cpp.o
2023-09-24T15:23:28.9759656Z Archiving .pio/build/lolin_s2_mini/libc24/libEEPROM.a
2023-09-24T15:23:28.9831322Z Indexing .pio/build/lolin_s2_mini/libc24/libEEPROM.a
2023-09-24T15:23:29.1654610Z Compiling .pio/build/lolin_s2_mini/lib4b6/ESPmDNS/ESPmDNS.cpp.o
2023-09-24T15:23:29.3302573Z Archiving .pio/build/lolin_s2_mini/lib4b6/libUpdate.a
2023-09-24T15:23:29.3375349Z Indexing .pio/build/lolin_s2_mini/lib4b6/libUpdate.a
2023-09-24T15:23:29.5216058Z Compiling .pio/build/lolin_s2_mini/lib134/ArduinoOTA/ArduinoOTA.cpp.o
2023-09-24T15:23:29.7876551Z Archiving .pio/build/lolin_s2_mini/lib4b6/libESPmDNS.a
2023-09-24T15:23:29.7935718Z Indexing .pio/build/lolin_s2_mini/lib4b6/libESPmDNS.a
2023-09-24T15:23:29.9656377Z Compiling .pio/build/lolin_s2_mini/lib147/DNSServer/DNSServer.cpp.o
2023-09-24T15:23:30.1922664Z Archiving .pio/build/lolin_s2_mini/lib134/libArduinoOTA.a
2023-09-24T15:23:30.2016877Z Indexing .pio/build/lolin_s2_mini/lib134/libArduinoOTA.a
2023-09-24T15:23:30.3895927Z Compiling .pio/build/lolin_s2_mini/lib720/Ethernet/ETH.cpp.o
2023-09-24T15:23:30.4392330Z Archiving .pio/build/lolin_s2_mini/lib147/libDNSServer.a
2023-09-24T15:23:30.4457528Z Indexing .pio/build/lolin_s2_mini/lib147/libDNSServer.a
2023-09-24T15:23:30.6464877Z Compiling .pio/build/lolin_s2_mini/lib59e/AsyncUDP/AsyncUDP.cpp.o
2023-09-24T15:23:30.9173859Z Archiving .pio/build/lolin_s2_mini/lib720/libEthernet.a
2023-09-24T15:23:30.9245295Z Indexing .pio/build/lolin_s2_mini/lib720/libEthernet.a
2023-09-24T15:23:31.1095911Z Compiling .pio/build/lolin_s2_mini/lib1ce/WebServer/Parsing.cpp.o
2023-09-24T15:23:31.4008040Z Archiving .pio/build/lolin_s2_mini/lib59e/libAsyncUDP.a
2023-09-24T15:23:31.4083768Z Indexing .pio/build/lolin_s2_mini/lib59e/libAsyncUDP.a
2023-09-24T15:23:31.4354833Z Compiling .pio/build/lolin_s2_mini/lib1ce/WebServer/WebServer.cpp.o
2023-09-24T15:23:31.9856406Z Compiling .pio/build/lolin_s2_mini/lib1ce/WebServer/detail/mimetable.cpp.o
2023-09-24T15:23:32.1935708Z Compiling .pio/build/lolin_s2_mini/FrameworkArduino/Esp.cpp.o
2023-09-24T15:23:32.5145454Z Archiving .pio/build/lolin_s2_mini/lib1ce/libWebServer.a
2023-09-24T15:23:32.5235871Z Indexing .pio/build/lolin_s2_mini/lib1ce/libWebServer.a
2023-09-24T15:23:32.5481406Z Compiling .pio/build/lolin_s2_mini/FrameworkArduino/FirmwareMSC.cpp.o
2023-09-24T15:23:32.7696449Z Compiling .pio/build/lolin_s2_mini/FrameworkArduino/FunctionalInterrupt.cpp.o
2023-09-24T15:23:32.8205558Z Compiling .pio/build/lolin_s2_mini/FrameworkArduino/HWCDC.cpp.o
2023-09-24T15:23:32.9775843Z Compiling .pio/build/lolin_s2_mini/FrameworkArduino/HardwareSerial.cpp.o
2023-09-24T15:23:33.2006883Z Compiling .pio/build/lolin_s2_mini/FrameworkArduino/IPAddress.cpp.o
2023-09-24T15:23:33.4976295Z Compiling .pio/build/lolin_s2_mini/FrameworkArduino/IPv6Address.cpp.o
2023-09-24T15:23:33.6503383Z Compiling .pio/build/lolin_s2_mini/FrameworkArduino/MD5Builder.cpp.o
2023-09-24T15:23:33.9416322Z Compiling .pio/build/lolin_s2_mini/FrameworkArduino/Print.cpp.o
2023-09-24T15:23:34.0949874Z Compiling .pio/build/lolin_s2_mini/FrameworkArduino/Stream.cpp.o
2023-09-24T15:23:34.4655843Z Compiling .pio/build/lolin_s2_mini/FrameworkArduino/StreamString.cpp.o
2023-09-24T15:23:34.5873829Z Compiling .pio/build/lolin_s2_mini/FrameworkArduino/Tone.cpp.o
2023-09-24T15:23:34.9696030Z Compiling .pio/build/lolin_s2_mini/FrameworkArduino/USB.cpp.o
2023-09-24T15:23:35.0251160Z Compiling .pio/build/lolin_s2_mini/FrameworkArduino/USBCDC.cpp.o
2023-09-24T15:23:35.2855788Z Compiling .pio/build/lolin_s2_mini/FrameworkArduino/USBMSC.cpp.o
2023-09-24T15:23:35.3708362Z Compiling .pio/build/lolin_s2_mini/FrameworkArduino/WMath.cpp.o
2023-09-24T15:23:35.4695925Z Compiling .pio/build/lolin_s2_mini/FrameworkArduino/WString.cpp.o
2023-09-24T15:23:35.5215507Z Compiling .pio/build/lolin_s2_mini/FrameworkArduino/base64.cpp.o
2023-09-24T15:23:35.9535902Z Compiling .pio/build/lolin_s2_mini/FrameworkArduino/cbuf.cpp.o
2023-09-24T15:23:36.0695903Z Compiling .pio/build/lolin_s2_mini/FrameworkArduino/esp32-hal-adc.c.o
2023-09-24T15:23:36.2176072Z Compiling .pio/build/lolin_s2_mini/FrameworkArduino/esp32-hal-bt.c.o
2023-09-24T15:23:36.2576366Z Compiling .pio/build/lolin_s2_mini/FrameworkArduino/esp32-hal-cpu.c.o
2023-09-24T15:23:36.3256287Z Compiling .pio/build/lolin_s2_mini/FrameworkArduino/esp32-hal-dac.c.o
2023-09-24T15:23:36.4179754Z Compiling .pio/build/lolin_s2_mini/FrameworkArduino/esp32-hal-gpio.c.o
2023-09-24T15:23:36.4576494Z Compiling .pio/build/lolin_s2_mini/FrameworkArduino/esp32-hal-i2c-slave.c.o
2023-09-24T15:23:36.5976416Z Compiling .pio/build/lolin_s2_mini/FrameworkArduino/esp32-hal-i2c.c.o
2023-09-24T15:23:36.7216383Z Compiling .pio/build/lolin_s2_mini/FrameworkArduino/esp32-hal-ledc.c.o
2023-09-24T15:23:36.7616171Z Compiling .pio/build/lolin_s2_mini/FrameworkArduino/esp32-hal-matrix.c.o
2023-09-24T15:23:36.8736320Z Compiling .pio/build/lolin_s2_mini/FrameworkArduino/esp32-hal-misc.c.o
2023-09-24T15:23:36.9095643Z Compiling .pio/build/lolin_s2_mini/FrameworkArduino/esp32-hal-psram.c.o
2023-09-24T15:23:37.0224441Z Compiling .pio/build/lolin_s2_mini/FrameworkArduino/esp32-hal-rgb-led.c.o
2023-09-24T15:23:37.0498026Z Compiling .pio/build/lolin_s2_mini/FrameworkArduino/esp32-hal-rmt.c.o
2023-09-24T15:23:37.1456164Z Compiling .pio/build/lolin_s2_mini/FrameworkArduino/esp32-hal-sigmadelta.c.o
2023-09-24T15:23:37.2683666Z Compiling .pio/build/lolin_s2_mini/FrameworkArduino/esp32-hal-spi.c.o
2023-09-24T15:23:37.2978733Z Compiling .pio/build/lolin_s2_mini/FrameworkArduino/esp32-hal-time.c.o
2023-09-24T15:23:37.4578428Z Compiling .pio/build/lolin_s2_mini/FrameworkArduino/esp32-hal-timer.c.o
2023-09-24T15:23:37.6588078Z Compiling .pio/build/lolin_s2_mini/FrameworkArduino/esp32-hal-tinyusb.c.o
2023-09-24T15:23:37.6896622Z Compiling .pio/build/lolin_s2_mini/FrameworkArduino/esp32-hal-touch.c.o
2023-09-24T15:23:37.8336174Z Compiling .pio/build/lolin_s2_mini/FrameworkArduino/esp32-hal-uart.c.o
2023-09-24T15:23:37.9176550Z Compiling .pio/build/lolin_s2_mini/FrameworkArduino/firmware_msc_fat.c.o
2023-09-24T15:23:38.0456346Z Compiling .pio/build/lolin_s2_mini/FrameworkArduino/libb64/cdecode.c.o
2023-09-24T15:23:38.1056995Z Compiling .pio/build/lolin_s2_mini/FrameworkArduino/libb64/cencode.c.o
2023-09-24T15:23:38.1375646Z Compiling .pio/build/lolin_s2_mini/FrameworkArduino/main.cpp.o
2023-09-24T15:23:38.1643389Z Compiling .pio/build/lolin_s2_mini/FrameworkArduino/stdlib_noniso.c.o
2023-09-24T15:23:38.2847736Z Compiling .pio/build/lolin_s2_mini/FrameworkArduino/wiring_pulse.c.o
2023-09-24T15:23:38.4005843Z Compiling .pio/build/lolin_s2_mini/FrameworkArduino/wiring_shift.c.o
2023-09-24T15:23:38.5576438Z Archiving .pio/build/lolin_s2_mini/libFrameworkArduino.a
2023-09-24T15:23:38.5742786Z Indexing .pio/build/lolin_s2_mini/libFrameworkArduino.a
2023-09-24T15:23:38.6403965Z Linking .pio/build/lolin_s2_mini/firmware.elf
2023-09-24T15:23:47.0360060Z Retrieving maximum program size .pio/build/lolin_s2_mini/firmware.elf
2023-09-24T15:23:47.0362098Z Checking size .pio/build/lolin_s2_mini/firmware.elf
2023-09-24T15:23:47.0510719Z Advanced Memory Usage is available via "PlatformIO Home > Project Inspect"
2023-09-24T15:23:47.0511364Z RAM:   [==        ]  24.8% (used 81268 bytes from 327680 bytes)
2023-09-24T15:23:47.0559677Z Flash: [========= ]  87.0% (used 1368678 bytes from 1572864 bytes)
2023-09-24T15:23:47.0560649Z Building .pio/build/lolin_s2_mini/firmware.bin
2023-09-24T15:23:47.3117104Z esptool.py v4.4
2023-09-24T15:23:47.3117400Z Creating esp32s2 image...
2023-09-24T15:23:47.3117645Z Merged 2 ELF sections
2023-09-24T15:23:47.3117948Z Successfully created esp32s2 image.
2023-09-24T15:23:47.3192552Z bin_rename_copy([".pio/build/lolin_s2_mini/firmware.bin"], [".pio/build/lolin_s2_mini/firmware.elf"])
2023-09-24T15:23:47.3215760Z bin_gzip([".pio/build/lolin_s2_mini/firmware.bin"], [".pio/build/lolin_s2_mini/firmware.elf"])
2023-09-24T15:23:47.7636646Z ======================== [SUCCESS] Took 164.70 seconds ========================
2023-09-24T15:23:47.7637185Z 
2023-09-24T15:23:47.7644745Z Environment    Status    Duration
2023-09-24T15:23:47.7645521Z -------------  --------  ------------
2023-09-24T15:23:47.7646209Z lolin_s2_mini  SUCCESS   00:02:44.702
2023-09-24T15:23:47.7649697Z ========================= 1 succeeded in 00:02:44.702 =========================
2023-09-24T15:23:48.9713861Z 
2023-09-24T15:23:48.9714478Z ********************************************************************************
2023-09-24T15:23:48.9715087Z There is a new version 6.1.11 of PlatformIO available.
2023-09-24T15:23:48.9717642Z Please upgrade it via `platformio upgrade` or `pip install -U platformio` command.
2023-09-24T15:23:48.9718584Z Changes: https://docs.platformio.org/en/latest/history.html
2023-09-24T15:23:48.9719042Z ********************************************************************************
2023-09-24T15:23:48.9809388Z 
2023-09-24T15:23:48.9883621Z 
2023-09-24T15:23:48.9884158Z ********************************************************************************
2023-09-24T15:23:48.9884890Z We found 491.56MB of unnecessary PlatformIO system data (temporary files, unnecessary packages, etc.).
2023-09-24T15:23:48.9885743Z Use `pio system prune --dry-run` to list them or `pio system prune` to save disk space.
2023-09-24T15:23:49.0211029Z ##[group]Run actions/upload-artifact@v2
2023-09-24T15:23:49.0211303Z with:
2023-09-24T15:23:49.0211523Z   name: firmware-lolin_s2_mini
2023-09-24T15:23:49.0211844Z   path: build_output/firmware/*.bin
build_output/firmware/*.gz

2023-09-24T15:23:49.0212139Z   if-no-files-found: warn
2023-09-24T15:23:49.0212367Z env:
2023-09-24T15:23:49.0212624Z   pythonLocation: /opt/hostedtoolcache/Python/3.9.18/x64
2023-09-24T15:23:49.0212983Z   PKG_CONFIG_PATH: /opt/hostedtoolcache/Python/3.9.18/x64/lib/pkgconfig
2023-09-24T15:23:49.0213563Z   Python_ROOT_DIR: /opt/hostedtoolcache/Python/3.9.18/x64
2023-09-24T15:23:49.0213891Z   Python2_ROOT_DIR: /opt/hostedtoolcache/Python/3.9.18/x64
2023-09-24T15:23:49.0214215Z   Python3_ROOT_DIR: /opt/hostedtoolcache/Python/3.9.18/x64
2023-09-24T15:23:49.0214546Z   LD_LIBRARY_PATH: /opt/hostedtoolcache/Python/3.9.18/x64/lib
2023-09-24T15:23:49.0214798Z ##[endgroup]
2023-09-24T15:23:49.0930242Z With the provided path, there will be 2 files uploaded
2023-09-24T15:23:49.0938948Z Starting artifact upload
2023-09-24T15:23:49.0940039Z For more detailed logs during the artifact upload process, enable step-debugging: https://docs.github.com/actions/monitoring-and-troubleshooting-workflows/enabling-debug-logging#enabling-step-debug-logging
2023-09-24T15:23:49.0944237Z Artifact name is valid!
2023-09-24T15:23:49.2371252Z Container for artifact "firmware-lolin_s2_mini" successfully created. Starting upload of file(s)
2023-09-24T15:23:49.7355720Z Total size of all the files uploaded is 1857482 bytes
2023-09-24T15:23:49.7356112Z File upload process has finished. Finalizing the artifact upload
2023-09-24T15:23:49.8589543Z Artifact has been finalized. All files have been successfully uploaded!
2023-09-24T15:23:49.8589987Z 
2023-09-24T15:23:49.8590893Z The raw size of all the files that were specified for upload is 2297356 bytes
2023-09-24T15:23:49.8591475Z The size of all the files that were uploaded is 1857482 bytes. This takes into account any gzip compression used to reduce the upload size, time and storage
2023-09-24T15:23:49.8591801Z 
2023-09-24T15:23:49.8592422Z Note: The size of downloaded zips can differ significantly from the reported size. For more information see: https://github.com/actions/upload-artifact#zipped-artifact-downloads 
2023-09-24T15:23:49.8592796Z 
2023-09-24T15:23:49.8593054Z Artifact firmware-lolin_s2_mini has been successfully uploaded!
2023-09-24T15:23:49.8678380Z ##[group]Run actions/upload-artifact@v2
2023-09-24T15:23:49.8678645Z with:
2023-09-24T15:23:49.8678853Z   name: firmware-release
2023-09-24T15:23:49.8679096Z   path: build_output/release/*.bin
2023-09-24T15:23:49.8679346Z   if-no-files-found: warn
2023-09-24T15:23:49.8679553Z env:
2023-09-24T15:23:49.8679814Z   pythonLocation: /opt/hostedtoolcache/Python/3.9.18/x64
2023-09-24T15:23:49.8680168Z   PKG_CONFIG_PATH: /opt/hostedtoolcache/Python/3.9.18/x64/lib/pkgconfig
2023-09-24T15:23:49.8680507Z   Python_ROOT_DIR: /opt/hostedtoolcache/Python/3.9.18/x64
2023-09-24T15:23:49.8680827Z   Python2_ROOT_DIR: /opt/hostedtoolcache/Python/3.9.18/x64
2023-09-24T15:23:49.8681137Z   Python3_ROOT_DIR: /opt/hostedtoolcache/Python/3.9.18/x64
2023-09-24T15:23:49.8681457Z   LD_LIBRARY_PATH: /opt/hostedtoolcache/Python/3.9.18/x64/lib
2023-09-24T15:23:49.8681715Z ##[endgroup]
2023-09-24T15:23:49.9371654Z With the provided path, there will be 1 file uploaded
2023-09-24T15:23:49.9378818Z Starting artifact upload
2023-09-24T15:23:49.9379661Z For more detailed logs during the artifact upload process, enable step-debugging: https://docs.github.com/actions/monitoring-and-troubleshooting-workflows/enabling-debug-logging#enabling-step-debug-logging
2023-09-24T15:23:49.9382460Z Artifact name is valid!
2023-09-24T15:23:50.0706231Z Container for artifact "firmware-release" successfully created. Starting upload of file(s)
2023-09-24T15:23:50.4566565Z Total size of all the files uploaded is 929198 bytes
2023-09-24T15:23:50.4568398Z File upload process has finished. Finalizing the artifact upload
2023-09-24T15:23:50.5781768Z Artifact has been finalized. All files have been successfully uploaded!
2023-09-24T15:23:50.5782036Z 
2023-09-24T15:23:50.5782231Z The raw size of all the files that were specified for upload is 1369072 bytes
2023-09-24T15:23:50.5782769Z The size of all the files that were uploaded is 929198 bytes. This takes into account any gzip compression used to reduce the upload size, time and storage
2023-09-24T15:23:50.5783130Z 
2023-09-24T15:23:50.5783760Z Note: The size of downloaded zips can differ significantly from the reported size. For more information see: https://github.com/actions/upload-artifact#zipped-artifact-downloads 
2023-09-24T15:23:50.5784138Z 
2023-09-24T15:23:50.5784363Z Artifact firmware-release has been successfully uploaded!
2023-09-24T15:23:50.5859310Z Post job cleanup.
2023-09-24T15:23:51.0036904Z Post job cleanup.
2023-09-24T15:23:51.1517566Z Cache hit occurred on the primary key Linux-, not saving cache.
2023-09-24T15:23:51.4114899Z Post job cleanup.
2023-09-24T15:23:51.5584348Z Cache hit occurred on the primary key Linux-pip-81ff51cfad9e9eb735c6b16e2b137bb04b536de75d900d6b02aa29724c130501, not saving cache.
2023-09-24T15:23:51.5713656Z Post job cleanup.
2023-09-24T15:23:51.6763923Z [command]/usr/bin/git version
2023-09-24T15:23:51.6812909Z git version 2.42.0
2023-09-24T15:23:51.6863081Z Temporarily overriding HOME='/home/runner/work/_temp/bbf4227a-0810-4ad2-85c0-44ac466398c9' before making global git config changes
2023-09-24T15:23:51.6866523Z Adding repository directory to the temporary git global config as a safe directory
2023-09-24T15:23:51.6873995Z [command]/usr/bin/git config --global --add safe.directory /home/runner/work/WLED/WLED
2023-09-24T15:23:51.6919580Z [command]/usr/bin/git config --local --name-only --get-regexp core\.sshCommand
2023-09-24T15:23:51.6969492Z [command]/usr/bin/git submodule foreach --recursive sh -c "git config --local --name-only --get-regexp 'core\.sshCommand' && git config --local --unset-all 'core.sshCommand' || :"
2023-09-24T15:23:51.7263913Z [command]/usr/bin/git config --local --name-only --get-regexp http\.https\:\/\/github\.com\/\.extraheader
2023-09-24T15:23:51.7292755Z http.https://github.com/.extraheader
2023-09-24T15:23:51.7307578Z [command]/usr/bin/git config --local --unset-all http.https://github.com/.extraheader
2023-09-24T15:23:51.7347917Z [command]/usr/bin/git submodule foreach --recursive sh -c "git config --local --name-only --get-regexp 'http\.https\:\/\/github\.com\/\.extraheader' && git config --local --unset-all 'http.https://github.com/.extraheader' || :"
2023-09-24T15:23:51.7826326Z Cleaning up orphan processes
