2023-09-15T23:18:42.0316874Z Requested labels: ubuntu-latest
2023-09-15T23:18:42.0317177Z Job defined at: adamint/spotify-web-api-kotlin/.github/workflows/ci.yml@refs/pull/328/merge
2023-09-15T23:18:42.0317268Z Waiting for a runner to pick up this job...
2023-09-15T23:18:42.5871340Z Job is waiting for a hosted runner to come online.
2023-09-15T23:18:45.0765997Z Job is about to start running on the hosted runner: GitHub Actions 2 (hosted)
2023-09-15T23:18:49.8042960Z Current runner version: '2.309.0'
2023-09-15T23:18:49.8073776Z ##[group]Operating System
2023-09-15T23:18:49.8074412Z Ubuntu
2023-09-15T23:18:49.8074706Z 22.04.3
2023-09-15T23:18:49.8075176Z LTS
2023-09-15T23:18:49.8075522Z ##[endgroup]
2023-09-15T23:18:49.8075886Z ##[group]Runner Image
2023-09-15T23:18:49.8076299Z Image: ubuntu-22.04
2023-09-15T23:18:49.8076622Z Version: 20230911.1.0
2023-09-15T23:18:49.8077283Z Included Software: https://github.com/actions/runner-images/blob/ubuntu22/20230911.1/images/linux/Ubuntu2204-Readme.md
2023-09-15T23:18:49.8077996Z Image Release: https://github.com/actions/runner-images/releases/tag/ubuntu22%2F20230911.1
2023-09-15T23:18:49.8078511Z ##[endgroup]
2023-09-15T23:18:49.8078901Z ##[group]Runner Image Provisioner
2023-09-15T23:18:49.8079364Z 2.0.299.1
2023-09-15T23:18:49.8079661Z ##[endgroup]
2023-09-15T23:18:49.8080769Z ##[group]GITHUB_TOKEN Permissions
2023-09-15T23:18:49.8082611Z Actions: write
2023-09-15T23:18:49.8083134Z Checks: write
2023-09-15T23:18:49.8083809Z Contents: write
2023-09-15T23:18:49.8084307Z Deployments: write
2023-09-15T23:18:49.8084703Z Discussions: write
2023-09-15T23:18:49.8085078Z Issues: write
2023-09-15T23:18:49.8085430Z Metadata: read
2023-09-15T23:18:49.8085844Z Packages: write
2023-09-15T23:18:49.8086158Z Pages: write
2023-09-15T23:18:49.8086533Z PullRequests: write
2023-09-15T23:18:49.8086943Z RepositoryProjects: write
2023-09-15T23:18:49.8087353Z SecurityEvents: write
2023-09-15T23:18:49.8087792Z Statuses: write
2023-09-15T23:18:49.8088102Z ##[endgroup]
2023-09-15T23:18:49.8091989Z Secret source: Actions
2023-09-15T23:18:49.8092547Z Prepare workflow directory
2023-09-15T23:18:49.9195255Z Prepare all required actions
2023-09-15T23:18:49.9389738Z Getting action download info
2023-09-15T23:18:50.1589332Z Download action repository 'actions/checkout@v2' (SHA:ee0669bd1cc54295c223e0bb666b733df41de1c5)
2023-09-15T23:18:50.5018275Z Download action repository 'actions/setup-java@v2' (SHA:91d3aa4956ec4a53e477c4907347b5e3481be8c9)
2023-09-15T23:18:50.8147802Z Download action repository 'actions/upload-artifact@v2' (SHA:82c141cc518b40d92cc801eee768e7aafc9c2fa2)
2023-09-15T23:18:51.1570066Z Complete job name: test_android_jvm_linux_trusted
2023-09-15T23:18:51.2671008Z ##[group]Run actions/checkout@v2
2023-09-15T23:18:51.2671405Z with:
2023-09-15T23:18:51.2671752Z   repository: adamint/spotify-web-api-kotlin
2023-09-15T23:18:51.2672395Z   token: ***
2023-09-15T23:18:51.2672692Z   ssh-strict: true
2023-09-15T23:18:51.2673004Z   persist-credentials: true
2023-09-15T23:18:51.2673362Z   clean: true
2023-09-15T23:18:51.2673626Z   fetch-depth: 1
2023-09-15T23:18:51.2673887Z   lfs: false
2023-09-15T23:18:51.2674150Z   submodules: false
2023-09-15T23:18:51.2674439Z   set-safe-directory: true
2023-09-15T23:18:51.2674718Z env:
2023-09-15T23:18:51.2675078Z   SPOTIFY_CLIENT_ID: ***
2023-09-15T23:18:51.2675460Z   SPOTIFY_CLIENT_SECRET: ***
2023-09-15T23:18:51.2675760Z ##[endgroup]
2023-09-15T23:18:51.5623918Z Syncing repository: adamint/spotify-web-api-kotlin
2023-09-15T23:18:51.5625910Z ##[group]Getting Git version info
2023-09-15T23:18:51.5626653Z Working directory is '/home/runner/work/spotify-web-api-kotlin/spotify-web-api-kotlin'
2023-09-15T23:18:51.5627891Z [command]/usr/bin/git version
2023-09-15T23:18:51.5734265Z git version 2.42.0
2023-09-15T23:18:51.5763858Z ##[endgroup]
2023-09-15T23:18:51.5784214Z Temporarily overriding HOME='/home/runner/work/_temp/e4df4e8f-5fc3-4a4c-a20a-a49cca9c480a' before making global git config changes
2023-09-15T23:18:51.5784915Z Adding repository directory to the temporary git global config as a safe directory
2023-09-15T23:18:51.5790792Z [command]/usr/bin/git config --global --add safe.directory /home/runner/work/spotify-web-api-kotlin/spotify-web-api-kotlin
2023-09-15T23:18:51.5842150Z Deleting the contents of '/home/runner/work/spotify-web-api-kotlin/spotify-web-api-kotlin'
2023-09-15T23:18:51.5849390Z ##[group]Initializing the repository
2023-09-15T23:18:51.5854792Z [command]/usr/bin/git init /home/runner/work/spotify-web-api-kotlin/spotify-web-api-kotlin
2023-09-15T23:18:51.5934680Z hint: Using 'master' as the name for the initial branch. This default branch name
2023-09-15T23:18:51.5935333Z hint: is subject to change. To configure the initial branch name to use in all
2023-09-15T23:18:51.5935907Z hint: of your new repositories, which will suppress this warning, call:
2023-09-15T23:18:51.5936283Z hint: 
2023-09-15T23:18:51.5936742Z hint: 	git config --global init.defaultBranch <name>
2023-09-15T23:18:51.5937085Z hint: 
2023-09-15T23:18:51.5937525Z hint: Names commonly chosen instead of 'master' are 'main', 'trunk' and
2023-09-15T23:18:51.5938126Z hint: 'development'. The just-created branch can be renamed via this command:
2023-09-15T23:18:51.5938508Z hint: 
2023-09-15T23:18:51.5938827Z hint: 	git branch -m <name>
2023-09-15T23:18:51.5949565Z Initialized empty Git repository in /home/runner/work/spotify-web-api-kotlin/spotify-web-api-kotlin/.git/
2023-09-15T23:18:51.5961758Z [command]/usr/bin/git remote add origin https://github.com/adamint/spotify-web-api-kotlin
2023-09-15T23:18:51.6011392Z ##[endgroup]
2023-09-15T23:18:51.6012466Z ##[group]Disabling automatic garbage collection
2023-09-15T23:18:51.6016900Z [command]/usr/bin/git config --local gc.auto 0
2023-09-15T23:18:51.6056350Z ##[endgroup]
2023-09-15T23:18:51.6057485Z ##[group]Setting up auth
2023-09-15T23:18:51.6065147Z [command]/usr/bin/git config --local --name-only --get-regexp core\.sshCommand
2023-09-15T23:18:51.6105107Z [command]/usr/bin/git submodule foreach --recursive sh -c "git config --local --name-only --get-regexp 'core\.sshCommand' && git config --local --unset-all 'core.sshCommand' || :"
2023-09-15T23:18:51.6495973Z [command]/usr/bin/git config --local --name-only --get-regexp http\.https\:\/\/github\.com\/\.extraheader
2023-09-15T23:18:51.6534984Z [command]/usr/bin/git submodule foreach --recursive sh -c "git config --local --name-only --get-regexp 'http\.https\:\/\/github\.com\/\.extraheader' && git config --local --unset-all 'http.https://github.com/.extraheader' || :"
2023-09-15T23:18:51.6791249Z [command]/usr/bin/git config --local http.https://github.com/.extraheader AUTHORIZATION: basic ***
2023-09-15T23:18:51.6874597Z ##[endgroup]
2023-09-15T23:18:51.6875558Z ##[group]Fetching the repository
2023-09-15T23:18:51.6880604Z [command]/usr/bin/git -c protocol.version=2 fetch --no-tags --prune --progress --no-recurse-submodules --depth=1 origin +c9af95b35c448dc54ffea8f71e7d6317dc2cd9cc:refs/remotes/pull/328/merge
2023-09-15T23:18:51.9324107Z remote: Enumerating objects: 217, done.        
2023-09-15T23:18:51.9326771Z remote: Counting objects:   0% (1/217)        
2023-09-15T23:18:51.9327283Z remote: Counting objects:   1% (3/217)        
2023-09-15T23:18:51.9327705Z remote: Counting objects:   2% (5/217)        
2023-09-15T23:18:51.9328124Z remote: Counting objects:   3% (7/217)        
2023-09-15T23:18:51.9328539Z remote: Counting objects:   4% (9/217)        
2023-09-15T23:18:51.9328952Z remote: Counting objects:   5% (11/217)        
2023-09-15T23:18:51.9329374Z remote: Counting objects:   6% (14/217)        
2023-09-15T23:18:51.9329833Z remote: Counting objects:   7% (16/217)        
2023-09-15T23:18:51.9330274Z remote: Counting objects:   8% (18/217)        
2023-09-15T23:18:51.9330691Z remote: Counting objects:   9% (20/217)        
2023-09-15T23:18:51.9331106Z remote: Counting objects:  10% (22/217)        
2023-09-15T23:18:51.9331503Z remote: Counting objects:  11% (24/217)        
2023-09-15T23:18:51.9331912Z remote: Counting objects:  12% (27/217)        
2023-09-15T23:18:51.9332324Z remote: Counting objects:  13% (29/217)        
2023-09-15T23:18:51.9332732Z remote: Counting objects:  14% (31/217)        
2023-09-15T23:18:51.9333141Z remote: Counting objects:  15% (33/217)        
2023-09-15T23:18:51.9333531Z remote: Counting objects:  16% (35/217)        
2023-09-15T23:18:51.9333943Z remote: Counting objects:  17% (37/217)        
2023-09-15T23:18:51.9334352Z remote: Counting objects:  18% (40/217)        
2023-09-15T23:18:51.9334760Z remote: Counting objects:  19% (42/217)        
2023-09-15T23:18:51.9335882Z remote: Counting objects:  20% (44/217)        
2023-09-15T23:18:51.9340646Z remote: Counting objects:  21% (46/217)        
2023-09-15T23:18:51.9341216Z remote: Counting objects:  22% (48/217)        
2023-09-15T23:18:51.9341633Z remote: Counting objects:  23% (50/217)        
2023-09-15T23:18:51.9342049Z remote: Counting objects:  24% (53/217)        
2023-09-15T23:18:51.9342464Z remote: Counting objects:  25% (55/217)        
2023-09-15T23:18:51.9342879Z remote: Counting objects:  26% (57/217)        
2023-09-15T23:18:51.9343281Z remote: Counting objects:  27% (59/217)        
2023-09-15T23:18:51.9343692Z remote: Counting objects:  28% (61/217)        
2023-09-15T23:18:51.9344098Z remote: Counting objects:  29% (63/217)        
2023-09-15T23:18:51.9344511Z remote: Counting objects:  30% (66/217)        
2023-09-15T23:18:51.9344920Z remote: Counting objects:  31% (68/217)        
2023-09-15T23:18:51.9345330Z remote: Counting objects:  32% (70/217)        
2023-09-15T23:18:51.9345733Z remote: Counting objects:  33% (72/217)        
2023-09-15T23:18:51.9346137Z remote: Counting objects:  34% (74/217)        
2023-09-15T23:18:51.9346554Z remote: Counting objects:  35% (76/217)        
2023-09-15T23:18:51.9346965Z remote: Counting objects:  36% (79/217)        
2023-09-15T23:18:51.9347598Z remote: Counting objects:  37% (81/217)        
2023-09-15T23:18:51.9348006Z remote: Counting objects:  38% (83/217)        
2023-09-15T23:18:51.9348413Z remote: Counting objects:  39% (85/217)        
2023-09-15T23:18:51.9348822Z remote: Counting objects:  40% (87/217)        
2023-09-15T23:18:51.9349228Z remote: Counting objects:  41% (89/217)        
2023-09-15T23:18:51.9349638Z remote: Counting objects:  42% (92/217)        
2023-09-15T23:18:51.9350042Z remote: Counting objects:  43% (94/217)        
2023-09-15T23:18:51.9350439Z remote: Counting objects:  44% (96/217)        
2023-09-15T23:18:51.9350848Z remote: Counting objects:  45% (98/217)        
2023-09-15T23:18:51.9351262Z remote: Counting objects:  46% (100/217)        
2023-09-15T23:18:51.9351693Z remote: Counting objects:  47% (102/217)        
2023-09-15T23:18:51.9352427Z remote: Counting objects:  48% (105/217)        
2023-09-15T23:18:51.9352850Z remote: Counting objects:  49% (107/217)        
2023-09-15T23:18:51.9353265Z remote: Counting objects:  50% (109/217)        
2023-09-15T23:18:51.9353677Z remote: Counting objects:  51% (111/217)        
2023-09-15T23:18:51.9354092Z remote: Counting objects:  52% (113/217)        
2023-09-15T23:18:51.9354506Z remote: Counting objects:  53% (116/217)        
2023-09-15T23:18:51.9354921Z remote: Counting objects:  54% (118/217)        
2023-09-15T23:18:51.9355321Z remote: Counting objects:  55% (120/217)        
2023-09-15T23:18:51.9355730Z remote: Counting objects:  56% (122/217)        
2023-09-15T23:18:51.9356148Z remote: Counting objects:  57% (124/217)        
2023-09-15T23:18:51.9356563Z remote: Counting objects:  58% (126/217)        
2023-09-15T23:18:51.9356976Z remote: Counting objects:  59% (129/217)        
2023-09-15T23:18:51.9357379Z remote: Counting objects:  60% (131/217)        
2023-09-15T23:18:51.9357796Z remote: Counting objects:  61% (133/217)        
2023-09-15T23:18:51.9358214Z remote: Counting objects:  62% (135/217)        
2023-09-15T23:18:51.9358628Z remote: Counting objects:  63% (137/217)        
2023-09-15T23:18:51.9359270Z remote: Counting objects:  64% (139/217)        
2023-09-15T23:18:51.9359686Z remote: Counting objects:  65% (142/217)        
2023-09-15T23:18:51.9360094Z remote: Counting objects:  66% (144/217)        
2023-09-15T23:18:51.9360502Z remote: Counting objects:  67% (146/217)        
2023-09-15T23:18:51.9360901Z remote: Counting objects:  68% (148/217)        
2023-09-15T23:18:51.9361310Z remote: Counting objects:  69% (150/217)        
2023-09-15T23:18:51.9361723Z remote: Counting objects:  70% (152/217)        
2023-09-15T23:18:51.9362136Z remote: Counting objects:  71% (155/217)        
2023-09-15T23:18:51.9362549Z remote: Counting objects:  72% (157/217)        
2023-09-15T23:18:51.9363100Z remote: Counting objects:  73% (159/217)        
2023-09-15T23:18:51.9363512Z remote: Counting objects:  74% (161/217)        
2023-09-15T23:18:51.9363929Z remote: Counting objects:  75% (163/217)        
2023-09-15T23:18:51.9364340Z remote: Counting objects:  76% (165/217)        
2023-09-15T23:18:51.9364836Z remote: Counting objects:  77% (168/217)        
2023-09-15T23:18:51.9365244Z remote: Counting objects:  78% (170/217)        
2023-09-15T23:18:51.9365644Z remote: Counting objects:  79% (172/217)        
2023-09-15T23:18:51.9366054Z remote: Counting objects:  80% (174/217)        
2023-09-15T23:18:51.9366462Z remote: Counting objects:  81% (176/217)        
2023-09-15T23:18:51.9366871Z remote: Counting objects:  82% (178/217)        
2023-09-15T23:18:51.9367282Z remote: Counting objects:  83% (181/217)        
2023-09-15T23:18:51.9367692Z remote: Counting objects:  84% (183/217)        
2023-09-15T23:18:51.9368087Z remote: Counting objects:  85% (185/217)        
2023-09-15T23:18:51.9368824Z remote: Counting objects:  86% (187/217)        
2023-09-15T23:18:51.9369243Z remote: Counting objects:  87% (189/217)        
2023-09-15T23:18:51.9369660Z remote: Counting objects:  88% (191/217)        
2023-09-15T23:18:51.9370076Z remote: Counting objects:  89% (194/217)        
2023-09-15T23:18:51.9372925Z remote: Counting objects:  90% (196/217)        
2023-09-15T23:18:51.9373365Z remote: Counting objects:  91% (198/217)        
2023-09-15T23:18:51.9373777Z remote: Counting objects:  92% (200/217)        
2023-09-15T23:18:51.9374191Z remote: Counting objects:  93% (202/217)        
2023-09-15T23:18:51.9374606Z remote: Counting objects:  94% (204/217)        
2023-09-15T23:18:51.9375019Z remote: Counting objects:  95% (207/217)        
2023-09-15T23:18:51.9375639Z remote: Counting objects:  96% (209/217)        
2023-09-15T23:18:51.9377186Z remote: Counting objects:  97% (211/217)        
2023-09-15T23:18:51.9377694Z remote: Counting objects:  98% (213/217)        
2023-09-15T23:18:51.9378127Z remote: Counting objects:  99% (215/217)        
2023-09-15T23:18:51.9378542Z remote: Counting objects: 100% (217/217)        
2023-09-15T23:18:51.9379206Z remote: Counting objects: 100% (217/217), done.        
2023-09-15T23:18:51.9379709Z remote: Compressing objects:   0% (1/166)        
2023-09-15T23:18:51.9380158Z remote: Compressing objects:   1% (2/166)        
2023-09-15T23:18:51.9380800Z remote: Compressing objects:   2% (4/166)        
2023-09-15T23:18:51.9382414Z remote: Compressing objects:   3% (5/166)        
2023-09-15T23:18:51.9382871Z remote: Compressing objects:   4% (7/166)        
2023-09-15T23:18:51.9383291Z remote: Compressing objects:   5% (9/166)        
2023-09-15T23:18:51.9383734Z remote: Compressing objects:   6% (10/166)        
2023-09-15T23:18:51.9384175Z remote: Compressing objects:   7% (12/166)        
2023-09-15T23:18:51.9384625Z remote: Compressing objects:   8% (14/166)        
2023-09-15T23:18:51.9385058Z remote: Compressing objects:   9% (15/166)        
2023-09-15T23:18:51.9385509Z remote: Compressing objects:  10% (17/166)        
2023-09-15T23:18:51.9385947Z remote: Compressing objects:  11% (19/166)        
2023-09-15T23:18:51.9392850Z remote: Compressing objects:  12% (20/166)        
2023-09-15T23:18:51.9396688Z remote: Compressing objects:  13% (22/166)        
2023-09-15T23:18:51.9397170Z remote: Compressing objects:  14% (24/166)        
2023-09-15T23:18:51.9402859Z remote: Compressing objects:  15% (25/166)        
2023-09-15T23:18:51.9407877Z remote: Compressing objects:  16% (27/166)        
2023-09-15T23:18:51.9410918Z remote: Compressing objects:  17% (29/166)        
2023-09-15T23:18:51.9420211Z remote: Compressing objects:  18% (30/166)        
2023-09-15T23:18:51.9422853Z remote: Compressing objects:  19% (32/166)        
2023-09-15T23:18:51.9425453Z remote: Compressing objects:  20% (34/166)        
2023-09-15T23:18:51.9428873Z remote: Compressing objects:  21% (35/166)        
2023-09-15T23:18:51.9432260Z remote: Compressing objects:  22% (37/166)        
2023-09-15T23:18:51.9434706Z remote: Compressing objects:  23% (39/166)        
2023-09-15T23:18:51.9437297Z remote: Compressing objects:  24% (40/166)        
2023-09-15T23:18:51.9439648Z remote: Compressing objects:  25% (42/166)        
2023-09-15T23:18:51.9445651Z remote: Compressing objects:  26% (44/166)        
2023-09-15T23:18:51.9446403Z remote: Compressing objects:  27% (45/166)        
2023-09-15T23:18:51.9449552Z remote: Compressing objects:  28% (47/166)        
2023-09-15T23:18:51.9451209Z remote: Compressing objects:  29% (49/166)        
2023-09-15T23:18:51.9461138Z remote: Compressing objects:  30% (50/166)        
2023-09-15T23:18:51.9462791Z remote: Compressing objects:  31% (52/166)        
2023-09-15T23:18:51.9464331Z remote: Compressing objects:  32% (54/166)        
2023-09-15T23:18:51.9467605Z remote: Compressing objects:  33% (55/166)        
2023-09-15T23:18:51.9468184Z remote: Compressing objects:  34% (57/166)        
2023-09-15T23:18:51.9468666Z remote: Compressing objects:  35% (59/166)        
2023-09-15T23:18:51.9469168Z remote: Compressing objects:  36% (60/166)        
2023-09-15T23:18:51.9475704Z remote: Compressing objects:  37% (62/166)        
2023-09-15T23:18:51.9477280Z remote: Compressing objects:  38% (64/166)        
2023-09-15T23:18:51.9523660Z remote: Compressing objects:  39% (65/166)        
2023-09-15T23:18:51.9524289Z remote: Compressing objects:  40% (67/166)        
2023-09-15T23:18:51.9524778Z remote: Compressing objects:  41% (69/166)        
2023-09-15T23:18:51.9525257Z remote: Compressing objects:  42% (70/166)        
2023-09-15T23:18:51.9528459Z remote: Compressing objects:  43% (72/166)        
2023-09-15T23:18:51.9532068Z remote: Compressing objects:  44% (74/166)        
2023-09-15T23:18:51.9533939Z remote: Compressing objects:  45% (75/166)        
2023-09-15T23:18:51.9534356Z remote: Compressing objects:  46% (77/166)        
2023-09-15T23:18:51.9538142Z remote: Compressing objects:  47% (79/166)        
2023-09-15T23:18:51.9547599Z remote: Compressing objects:  48% (80/166)        
2023-09-15T23:18:51.9550859Z remote: Compressing objects:  49% (82/166)        
2023-09-15T23:18:51.9568064Z remote: Compressing objects:  50% (83/166)        
2023-09-15T23:18:51.9573799Z remote: Compressing objects:  51% (85/166)        
2023-09-15T23:18:51.9574206Z remote: Compressing objects:  52% (87/166)        
2023-09-15T23:18:51.9590653Z remote: Compressing objects:  53% (88/166)        
2023-09-15T23:18:51.9600118Z remote: Compressing objects:  54% (90/166)        
2023-09-15T23:18:51.9603531Z remote: Compressing objects:  55% (92/166)        
2023-09-15T23:18:51.9620313Z remote: Compressing objects:  56% (93/166)        
2023-09-15T23:18:51.9624328Z remote: Compressing objects:  57% (95/166)        
2023-09-15T23:18:51.9632549Z remote: Compressing objects:  58% (97/166)        
2023-09-15T23:18:51.9636161Z remote: Compressing objects:  59% (98/166)        
2023-09-15T23:18:51.9642778Z remote: Compressing objects:  60% (100/166)        
2023-09-15T23:18:51.9649184Z remote: Compressing objects:  61% (102/166)        
2023-09-15T23:18:51.9654981Z remote: Compressing objects:  62% (103/166)        
2023-09-15T23:18:51.9658727Z remote: Compressing objects:  63% (105/166)        
2023-09-15T23:18:51.9666329Z remote: Compressing objects:  64% (107/166)        
2023-09-15T23:18:51.9666987Z remote: Compressing objects:  65% (108/166)        
2023-09-15T23:18:51.9676956Z remote: Compressing objects:  66% (110/166)        
2023-09-15T23:18:51.9677422Z remote: Compressing objects:  67% (112/166)        
2023-09-15T23:18:51.9677815Z remote: Compressing objects:  68% (113/166)        
2023-09-15T23:18:51.9678202Z remote: Compressing objects:  69% (115/166)        
2023-09-15T23:18:51.9678698Z remote: Compressing objects:  70% (117/166)        
2023-09-15T23:18:51.9682707Z remote: Compressing objects:  71% (118/166)        
2023-09-15T23:18:51.9684766Z remote: Compressing objects:  72% (120/166)        
2023-09-15T23:18:51.9686462Z remote: Compressing objects:  73% (122/166)        
2023-09-15T23:18:51.9687399Z remote: Compressing objects:  74% (123/166)        
2023-09-15T23:18:51.9687814Z remote: Compressing objects:  75% (125/166)        
2023-09-15T23:18:51.9689290Z remote: Compressing objects:  76% (127/166)        
2023-09-15T23:18:51.9694258Z remote: Compressing objects:  77% (128/166)        
2023-09-15T23:18:51.9694814Z remote: Compressing objects:  78% (130/166)        
2023-09-15T23:18:51.9695288Z remote: Compressing objects:  79% (132/166)        
2023-09-15T23:18:51.9695775Z remote: Compressing objects:  80% (133/166)        
2023-09-15T23:18:51.9696253Z remote: Compressing objects:  81% (135/166)        
2023-09-15T23:18:51.9696731Z remote: Compressing objects:  82% (137/166)        
2023-09-15T23:18:51.9697200Z remote: Compressing objects:  83% (138/166)        
2023-09-15T23:18:51.9697677Z remote: Compressing objects:  84% (140/166)        
2023-09-15T23:18:51.9698144Z remote: Compressing objects:  85% (142/166)        
2023-09-15T23:18:51.9698637Z remote: Compressing objects:  86% (143/166)        
2023-09-15T23:18:51.9699099Z remote: Compressing objects:  87% (145/166)        
2023-09-15T23:18:51.9699573Z remote: Compressing objects:  88% (147/166)        
2023-09-15T23:18:51.9700042Z remote: Compressing objects:  89% (148/166)        
2023-09-15T23:18:51.9700557Z remote: Compressing objects:  90% (150/166)        
2023-09-15T23:18:51.9700992Z remote: Compressing objects:  91% (152/166)        
2023-09-15T23:18:51.9701403Z remote: Compressing objects:  92% (153/166)        
2023-09-15T23:18:51.9701868Z remote: Compressing objects:  93% (155/166)        
2023-09-15T23:18:51.9702353Z remote: Compressing objects:  94% (157/166)        
2023-09-15T23:18:51.9702826Z remote: Compressing objects:  95% (158/166)        
2023-09-15T23:18:51.9704602Z remote: Compressing objects:  96% (160/166)        
2023-09-15T23:18:51.9705139Z remote: Compressing objects:  97% (162/166)        
2023-09-15T23:18:51.9705563Z remote: Compressing objects:  98% (163/166)        
2023-09-15T23:18:51.9706054Z remote: Compressing objects:  99% (165/166)        
2023-09-15T23:18:51.9706471Z remote: Compressing objects: 100% (166/166)        
2023-09-15T23:18:51.9707193Z remote: Compressing objects: 100% (166/166), done.        
2023-09-15T23:18:51.9763519Z Receiving objects:   0% (1/217)
2023-09-15T23:18:51.9763936Z Receiving objects:   1% (3/217)
2023-09-15T23:18:51.9764266Z Receiving objects:   2% (5/217)
2023-09-15T23:18:51.9764582Z Receiving objects:   3% (7/217)
2023-09-15T23:18:51.9764905Z Receiving objects:   4% (9/217)
2023-09-15T23:18:51.9765680Z Receiving objects:   5% (11/217)
2023-09-15T23:18:51.9785790Z Receiving objects:   6% (14/217)
2023-09-15T23:18:51.9786231Z Receiving objects:   7% (16/217)
2023-09-15T23:18:51.9786568Z Receiving objects:   8% (18/217)
2023-09-15T23:18:51.9786900Z Receiving objects:   9% (20/217)
2023-09-15T23:18:51.9861639Z Receiving objects:  10% (22/217)
2023-09-15T23:18:51.9891664Z Receiving objects:  11% (24/217)
2023-09-15T23:18:51.9892133Z Receiving objects:  12% (27/217)
2023-09-15T23:18:51.9892470Z Receiving objects:  13% (29/217)
2023-09-15T23:18:51.9892802Z Receiving objects:  14% (31/217)
2023-09-15T23:18:51.9893149Z Receiving objects:  15% (33/217)
2023-09-15T23:18:51.9893464Z Receiving objects:  16% (35/217)
2023-09-15T23:18:51.9893784Z Receiving objects:  17% (37/217)
2023-09-15T23:18:51.9894111Z Receiving objects:  18% (40/217)
2023-09-15T23:18:51.9894652Z Receiving objects:  19% (42/217)
2023-09-15T23:18:51.9895733Z Receiving objects:  20% (44/217)
2023-09-15T23:18:51.9911621Z Receiving objects:  21% (46/217)
2023-09-15T23:18:51.9911976Z Receiving objects:  22% (48/217)
2023-09-15T23:18:51.9912313Z Receiving objects:  23% (50/217)
2023-09-15T23:18:51.9912635Z Receiving objects:  24% (53/217)
2023-09-15T23:18:51.9912961Z Receiving objects:  25% (55/217)
2023-09-15T23:18:51.9913281Z Receiving objects:  26% (57/217)
2023-09-15T23:18:51.9913591Z Receiving objects:  27% (59/217)
2023-09-15T23:18:51.9913914Z Receiving objects:  28% (61/217)
2023-09-15T23:18:51.9914616Z Receiving objects:  29% (63/217)
2023-09-15T23:18:51.9914937Z Receiving objects:  30% (66/217)
2023-09-15T23:18:51.9915276Z Receiving objects:  31% (68/217)
2023-09-15T23:18:51.9915600Z Receiving objects:  32% (70/217)
2023-09-15T23:18:51.9945313Z Receiving objects:  33% (72/217)
2023-09-15T23:18:51.9945703Z Receiving objects:  34% (74/217)
2023-09-15T23:18:51.9946032Z Receiving objects:  35% (76/217)
2023-09-15T23:18:51.9946361Z Receiving objects:  36% (79/217)
2023-09-15T23:18:51.9961942Z Receiving objects:  37% (81/217)
2023-09-15T23:18:51.9962298Z Receiving objects:  38% (83/217)
2023-09-15T23:18:51.9964120Z Receiving objects:  39% (85/217)
2023-09-15T23:18:51.9968818Z Receiving objects:  40% (87/217)
2023-09-15T23:18:52.0001444Z Receiving objects:  41% (89/217)
2023-09-15T23:18:52.0002153Z Receiving objects:  42% (92/217)
2023-09-15T23:18:52.0002667Z Receiving objects:  43% (94/217)
2023-09-15T23:18:52.0003085Z Receiving objects:  44% (96/217)
2023-09-15T23:18:52.0012997Z Receiving objects:  45% (98/217)
2023-09-15T23:18:52.0013365Z Receiving objects:  46% (100/217)
2023-09-15T23:18:52.0015638Z Receiving objects:  47% (102/217)
2023-09-15T23:18:52.0018403Z Receiving objects:  48% (105/217)
2023-09-15T23:18:52.0018745Z Receiving objects:  49% (107/217)
2023-09-15T23:18:52.0045339Z Receiving objects:  50% (109/217)
2023-09-15T23:18:52.0045729Z Receiving objects:  51% (111/217)
2023-09-15T23:18:52.0048010Z Receiving objects:  52% (113/217)
2023-09-15T23:18:52.0049633Z Receiving objects:  53% (116/217)
2023-09-15T23:18:52.0052153Z Receiving objects:  54% (118/217)
2023-09-15T23:18:52.0066808Z Receiving objects:  55% (120/217)
2023-09-15T23:18:52.0067198Z Receiving objects:  56% (122/217)
2023-09-15T23:18:52.0067751Z Receiving objects:  57% (124/217)
2023-09-15T23:18:52.0068082Z Receiving objects:  58% (126/217)
2023-09-15T23:18:52.0097666Z Receiving objects:  59% (129/217)
2023-09-15T23:18:52.0104234Z Receiving objects:  60% (131/217)
2023-09-15T23:18:52.0126361Z Receiving objects:  61% (133/217)
2023-09-15T23:18:52.0127059Z Receiving objects:  62% (135/217)
2023-09-15T23:18:52.0127669Z Receiving objects:  63% (137/217)
2023-09-15T23:18:52.0128598Z Receiving objects:  64% (139/217)
2023-09-15T23:18:52.0129140Z Receiving objects:  65% (142/217)
2023-09-15T23:18:52.0129738Z Receiving objects:  66% (144/217)
2023-09-15T23:18:52.0130327Z Receiving objects:  67% (146/217)
2023-09-15T23:18:52.0130904Z Receiving objects:  68% (148/217)
2023-09-15T23:18:52.0131494Z Receiving objects:  69% (150/217)
2023-09-15T23:18:52.0132082Z Receiving objects:  70% (152/217)
2023-09-15T23:18:52.0132678Z Receiving objects:  71% (155/217)
2023-09-15T23:18:52.0148790Z Receiving objects:  72% (157/217)
2023-09-15T23:18:52.0149365Z Receiving objects:  73% (159/217)
2023-09-15T23:18:52.0149961Z Receiving objects:  74% (161/217)
2023-09-15T23:18:52.0150540Z Receiving objects:  75% (163/217)
2023-09-15T23:18:52.0151145Z Receiving objects:  76% (165/217)
2023-09-15T23:18:52.0151738Z Receiving objects:  77% (168/217)
2023-09-15T23:18:52.0165404Z Receiving objects:  78% (170/217)
2023-09-15T23:18:52.0165774Z Receiving objects:  79% (172/217)
2023-09-15T23:18:52.0166123Z Receiving objects:  80% (174/217)
2023-09-15T23:18:52.0166438Z Receiving objects:  81% (176/217)
2023-09-15T23:18:52.0348986Z Receiving objects:  82% (178/217)
2023-09-15T23:18:52.0349805Z remote: Total 217 (delta 32), reused 90 (delta 2), pack-reused 0        
2023-09-15T23:18:52.0363175Z Receiving objects:  83% (181/217)
2023-09-15T23:18:52.0363579Z Receiving objects:  84% (183/217)
2023-09-15T23:18:52.0363927Z Receiving objects:  85% (185/217)
2023-09-15T23:18:52.0364243Z Receiving objects:  86% (187/217)
2023-09-15T23:18:52.0364573Z Receiving objects:  87% (189/217)
2023-09-15T23:18:52.0364902Z Receiving objects:  88% (191/217)
2023-09-15T23:18:52.0365229Z Receiving objects:  89% (194/217)
2023-09-15T23:18:52.0365549Z Receiving objects:  90% (196/217)
2023-09-15T23:18:52.0365878Z Receiving objects:  91% (198/217)
2023-09-15T23:18:52.0366188Z Receiving objects:  92% (200/217)
2023-09-15T23:18:52.0366812Z Receiving objects:  93% (202/217)
2023-09-15T23:18:52.0367139Z Receiving objects:  94% (204/217)
2023-09-15T23:18:52.0367477Z Receiving objects:  95% (207/217)
2023-09-15T23:18:52.0367801Z Receiving objects:  96% (209/217)
2023-09-15T23:18:52.0368111Z Receiving objects:  97% (211/217)
2023-09-15T23:18:52.0372225Z Receiving objects:  98% (213/217)
2023-09-15T23:18:52.0373160Z Receiving objects:  99% (215/217)
2023-09-15T23:18:52.0375253Z Receiving objects: 100% (217/217)
2023-09-15T23:18:52.0375666Z Receiving objects: 100% (217/217), 375.70 KiB | 6.16 MiB/s, done.
2023-09-15T23:18:52.0378711Z Resolving deltas:   0% (0/32)
2023-09-15T23:18:52.0379074Z Resolving deltas:   3% (1/32)
2023-09-15T23:18:52.0379399Z Resolving deltas:   6% (2/32)
2023-09-15T23:18:52.0379720Z Resolving deltas:   9% (3/32)
2023-09-15T23:18:52.0380040Z Resolving deltas:  12% (4/32)
2023-09-15T23:18:52.0381262Z Resolving deltas:  15% (5/32)
2023-09-15T23:18:52.0381590Z Resolving deltas:  18% (6/32)
2023-09-15T23:18:52.0383820Z Resolving deltas:  21% (7/32)
2023-09-15T23:18:52.0386697Z Resolving deltas:  25% (8/32)
2023-09-15T23:18:52.0387807Z Resolving deltas:  28% (9/32)
2023-09-15T23:18:52.0388176Z Resolving deltas:  31% (10/32)
2023-09-15T23:18:52.0388492Z Resolving deltas:  34% (11/32)
2023-09-15T23:18:52.0389421Z Resolving deltas:  37% (12/32)
2023-09-15T23:18:52.0389754Z Resolving deltas:  40% (13/32)
2023-09-15T23:18:52.0390769Z Resolving deltas:  43% (14/32)
2023-09-15T23:18:52.0391100Z Resolving deltas:  46% (15/32)
2023-09-15T23:18:52.0391418Z Resolving deltas:  50% (16/32)
2023-09-15T23:18:52.0391723Z Resolving deltas:  53% (17/32)
2023-09-15T23:18:52.0392045Z Resolving deltas:  56% (18/32)
2023-09-15T23:18:52.0392358Z Resolving deltas:  59% (19/32)
2023-09-15T23:18:52.0392679Z Resolving deltas:  62% (20/32)
2023-09-15T23:18:52.0392999Z Resolving deltas:  65% (21/32)
2023-09-15T23:18:52.0393300Z Resolving deltas:  68% (22/32)
2023-09-15T23:18:52.0393612Z Resolving deltas:  71% (23/32)
2023-09-15T23:18:52.0393946Z Resolving deltas:  75% (24/32)
2023-09-15T23:18:52.0394267Z Resolving deltas:  78% (25/32)
2023-09-15T23:18:52.0394581Z Resolving deltas:  81% (26/32)
2023-09-15T23:18:52.0395144Z Resolving deltas:  84% (27/32)
2023-09-15T23:18:52.0395469Z Resolving deltas:  87% (28/32)
2023-09-15T23:18:52.0395786Z Resolving deltas:  90% (29/32)
2023-09-15T23:18:52.0396102Z Resolving deltas:  93% (30/32)
2023-09-15T23:18:52.0396420Z Resolving deltas:  96% (31/32)
2023-09-15T23:18:52.0396724Z Resolving deltas: 100% (32/32)
2023-09-15T23:18:52.0397058Z Resolving deltas: 100% (32/32), done.
2023-09-15T23:18:52.0520897Z From https://github.com/adamint/spotify-web-api-kotlin
2023-09-15T23:18:52.0521941Z  * [new ref]         c9af95b35c448dc54ffea8f71e7d6317dc2cd9cc -> pull/328/merge
2023-09-15T23:18:52.0547517Z ##[endgroup]
2023-09-15T23:18:52.0548644Z ##[group]Determining the checkout info
2023-09-15T23:18:52.0549777Z ##[endgroup]
2023-09-15T23:18:52.0550774Z ##[group]Checking out the ref
2023-09-15T23:18:52.0554982Z [command]/usr/bin/git checkout --progress --force refs/remotes/pull/328/merge
2023-09-15T23:18:52.1153921Z Note: switching to 'refs/remotes/pull/328/merge'.
2023-09-15T23:18:52.1154633Z 
2023-09-15T23:18:52.1155166Z You are in 'detached HEAD' state. You can look around, make experimental
2023-09-15T23:18:52.1156000Z changes and commit them, and you can discard any commits you make in this
2023-09-15T23:18:52.1156765Z state without impacting any branches by switching back to a branch.
2023-09-15T23:18:52.1157257Z 
2023-09-15T23:18:52.1157935Z If you want to create a new branch to retain commits you create, you may
2023-09-15T23:18:52.1158935Z do so (now or later) by using -c with the switch command. Example:
2023-09-15T23:18:52.1159402Z 
2023-09-15T23:18:52.1159830Z   git switch -c <new-branch-name>
2023-09-15T23:18:52.1160125Z 
2023-09-15T23:18:52.1160321Z Or undo this operation with:
2023-09-15T23:18:52.1160609Z 
2023-09-15T23:18:52.1160768Z   git switch -
2023-09-15T23:18:52.1161093Z 
2023-09-15T23:18:52.1161770Z Turn off this advice by setting config variable advice.detachedHead to false
2023-09-15T23:18:52.1162163Z 
2023-09-15T23:18:52.1162556Z HEAD is now at c9af95b Merge c20b93df0cf99d46b82a567709f0a6eef1d394a8 into 825224f82d894103a1409ee4ed298f81850e4bb0
2023-09-15T23:18:52.1189850Z ##[endgroup]
2023-09-15T23:18:52.1251340Z [command]/usr/bin/git log -1 --format='%H'
2023-09-15T23:18:52.1283866Z 'c9af95b35c448dc54ffea8f71e7d6317dc2cd9cc'
2023-09-15T23:18:52.1656094Z ##[group]Run actions/setup-java@v2
2023-09-15T23:18:52.1656540Z with:
2023-09-15T23:18:52.1657024Z   distribution: adopt
2023-09-15T23:18:52.1657343Z   java-version: 17
2023-09-15T23:18:52.1657709Z   java-package: jdk
2023-09-15T23:18:52.1658076Z   architecture: x64
2023-09-15T23:18:52.1658494Z   check-latest: false
2023-09-15T23:18:52.1658857Z   server-id: github
2023-09-15T23:18:52.1659180Z   server-username: GITHUB_ACTOR
2023-09-15T23:18:52.1659586Z   server-password: GITHUB_TOKEN
2023-09-15T23:18:52.1659983Z   overwrite-settings: true
2023-09-15T23:18:52.1660434Z   job-status: success
2023-09-15T23:18:52.1660769Z env:
2023-09-15T23:18:52.1661333Z   SPOTIFY_CLIENT_ID: ***
2023-09-15T23:18:52.1661806Z   SPOTIFY_CLIENT_SECRET: ***
2023-09-15T23:18:52.1662242Z ##[endgroup]
2023-09-15T23:18:52.3635870Z Trying to resolve the latest version from remote
2023-09-15T23:18:52.9600020Z Resolved latest version as 17.0.8+101
2023-09-15T23:18:52.9600396Z Trying to download...
2023-09-15T23:18:52.9605563Z Downloading Java 17.0.8+101 (Adopt-Hotspot) from https://github.com/adoptium/temurin17-binaries/releases/download/jdk-17.0.8.1%2B1/OpenJDK17U-jdk_x64_linux_hotspot_17.0.8.1_1.tar.gz ...
2023-09-15T23:18:54.1468352Z Extracting Java archive...
2023-09-15T23:18:54.1606458Z [command]/usr/bin/tar xz --warning=no-unknown-keyword -C /home/runner/work/_temp/ef2e55b7-5fe8-44ba-ae41-45cd84c2a75d -f /home/runner/work/_temp/80f37612-1fe5-47d6-abbf-b817a8cbb5fa
2023-09-15T23:18:58.0419147Z Java 17.0.8+101 was downloaded
2023-09-15T23:18:58.0420790Z Setting Java 17.0.8+101 as the default
2023-09-15T23:18:58.0436565Z 
2023-09-15T23:18:58.0437003Z Java configuration:
2023-09-15T23:18:58.0442681Z   Distribution: adopt
2023-09-15T23:18:58.0443269Z   Version: 17.0.8+101
2023-09-15T23:18:58.0444269Z   Path: /opt/hostedtoolcache/Java_Adopt_jdk/17.0.8-101/x64
2023-09-15T23:18:58.0444512Z 
2023-09-15T23:18:58.0469735Z Creating settings.xml with server-id: github
2023-09-15T23:18:58.0554330Z Writing to /home/runner/.m2/settings.xml
2023-09-15T23:18:58.1946865Z ##[group]Run sudo apt-get install -y curl libcurl4-openssl-dev
2023-09-15T23:18:58.1947601Z [36;1msudo apt-get install -y curl libcurl4-openssl-dev[0m
2023-09-15T23:18:58.2017347Z shell: /usr/bin/bash -e {0}
2023-09-15T23:18:58.2017630Z env:
2023-09-15T23:18:58.2018523Z   SPOTIFY_CLIENT_ID: ***
2023-09-15T23:18:58.2018859Z   SPOTIFY_CLIENT_SECRET: ***
2023-09-15T23:18:58.2019187Z   JAVA_HOME: /opt/hostedtoolcache/Java_Adopt_jdk/17.0.8-101/x64
2023-09-15T23:18:58.2019497Z ##[endgroup]
2023-09-15T23:18:59.6270293Z Reading package lists...
2023-09-15T23:18:59.8743888Z Building dependency tree...
2023-09-15T23:18:59.8764152Z Reading state information...
2023-09-15T23:19:00.0171046Z curl is already the newest version (7.81.0-1ubuntu1.13).
2023-09-15T23:19:00.0171851Z Suggested packages:
2023-09-15T23:19:00.0173109Z   libcurl4-doc libidn11-dev libkrb5-dev libldap2-dev librtmp-dev libssh2-1-dev
2023-09-15T23:19:00.0412589Z The following NEW packages will be installed:
2023-09-15T23:19:00.0413303Z   libcurl4-openssl-dev
2023-09-15T23:19:00.0614322Z 0 upgraded, 1 newly installed, 0 to remove and 28 not upgraded.
2023-09-15T23:19:00.0615208Z Need to get 386 kB of archives.
2023-09-15T23:19:00.0629253Z After this operation, 1697 kB of additional disk space will be used.
2023-09-15T23:19:00.0630261Z Get:1 file:/etc/apt/apt-mirrors.txt Mirrorlist [142 B]
2023-09-15T23:19:00.1199576Z Get:2 http://azure.archive.ubuntu.com/ubuntu jammy-updates/main amd64 libcurl4-openssl-dev amd64 7.81.0-1ubuntu1.13 [386 kB]
2023-09-15T23:19:00.5768061Z Fetched 386 kB in 0s (2504 kB/s)
2023-09-15T23:19:00.6071467Z Selecting previously unselected package libcurl4-openssl-dev:amd64.
2023-09-15T23:19:00.6296099Z (Reading database ... 
2023-09-15T23:19:00.6296420Z (Reading database ... 5%
2023-09-15T23:19:00.6296713Z (Reading database ... 10%
2023-09-15T23:19:00.6296993Z (Reading database ... 15%
2023-09-15T23:19:00.6297254Z (Reading database ... 20%
2023-09-15T23:19:00.6298799Z (Reading database ... 25%
2023-09-15T23:19:00.6299386Z (Reading database ... 30%
2023-09-15T23:19:00.6299856Z (Reading database ... 35%
2023-09-15T23:19:00.6300348Z (Reading database ... 40%
2023-09-15T23:19:00.6300623Z (Reading database ... 45%
2023-09-15T23:19:00.6300884Z (Reading database ... 50%
2023-09-15T23:19:00.6643786Z (Reading database ... 55%
2023-09-15T23:19:00.6949925Z (Reading database ... 60%
2023-09-15T23:19:00.7223042Z (Reading database ... 65%
2023-09-15T23:19:00.7784501Z (Reading database ... 70%
2023-09-15T23:19:00.8110935Z (Reading database ... 75%
2023-09-15T23:19:00.8830685Z (Reading database ... 80%
2023-09-15T23:19:00.9629854Z (Reading database ... 85%
2023-09-15T23:19:01.0027102Z (Reading database ... 90%
2023-09-15T23:19:01.0639343Z (Reading database ... 95%
2023-09-15T23:19:01.0639738Z (Reading database ... 100%
2023-09-15T23:19:01.0640141Z (Reading database ... 228594 files and directories currently installed.)
2023-09-15T23:19:01.0766940Z Preparing to unpack .../libcurl4-openssl-dev_7.81.0-1ubuntu1.13_amd64.deb ...
2023-09-15T23:19:01.0924817Z Unpacking libcurl4-openssl-dev:amd64 (7.81.0-1ubuntu1.13) ...
2023-09-15T23:19:01.1598634Z Setting up libcurl4-openssl-dev:amd64 (7.81.0-1ubuntu1.13) ...
2023-09-15T23:19:01.1631844Z Processing triggers for man-db (2.10.2-1) ...
2023-09-15T23:19:01.9755818Z NEEDRESTART-VER: 3.5
2023-09-15T23:19:02.3070311Z NEEDRESTART-KCUR: 6.2.0-1011-azure
2023-09-15T23:19:02.3072824Z NEEDRESTART-KEXP: 6.2.0-1011-azure
2023-09-15T23:19:02.3073476Z NEEDRESTART-KSTA: 1
2023-09-15T23:19:05.1368004Z ##[group]Run ./gradlew testDebugUnitTest
2023-09-15T23:19:05.1368408Z [36;1m./gradlew testDebugUnitTest[0m
2023-09-15T23:19:05.1432775Z shell: /usr/bin/bash -e {0}
2023-09-15T23:19:05.1433047Z env:
2023-09-15T23:19:05.1433409Z   SPOTIFY_CLIENT_ID: ***
2023-09-15T23:19:05.1433744Z   SPOTIFY_CLIENT_SECRET: ***
2023-09-15T23:19:05.1434061Z   JAVA_HOME: /opt/hostedtoolcache/Java_Adopt_jdk/17.0.8-101/x64
2023-09-15T23:19:05.1434366Z ##[endgroup]
2023-09-15T23:19:05.2559552Z Downloading https://services.gradle.org/distributions/gradle-8.3-bin.zip
2023-09-15T23:19:07.0353823Z ............10%............20%.............30%............40%.............50%............60%.............70%............80%.............90%............100%
2023-09-15T23:19:08.3264278Z 
2023-09-15T23:19:08.3264863Z Welcome to Gradle 8.3!
2023-09-15T23:19:08.3265163Z 
2023-09-15T23:19:08.3265436Z Here are the highlights of this release:
2023-09-15T23:19:08.3266142Z  - Faster Java compilation
2023-09-15T23:19:08.3266619Z  - Reduced memory usage
2023-09-15T23:19:08.3267036Z  - Support for running on Java 20
2023-09-15T23:19:08.3267534Z 
2023-09-15T23:19:08.3267947Z For more details see https://docs.gradle.org/8.3/release-notes.html
2023-09-15T23:19:08.3268276Z 
2023-09-15T23:19:08.4255864Z Starting a Gradle Daemon (subsequent builds will be faster)
2023-09-15T23:20:32.0263588Z 
2023-09-15T23:20:32.0285021Z > Configure project :
2023-09-15T23:20:32.0298672Z w: file:///home/runner/work/spotify-web-api-kotlin/spotify-web-api-kotlin/build.gradle.kts:59:9: 'targetSdk: Int?' is deprecated. Will be removed from library DSL in v9.0
2023-09-15T23:20:32.0320334Z w: file:///home/runner/work/spotify-web-api-kotlin/spotify-web-api-kotlin/build.gradle.kts:113:13: 'webpackTask(KotlinWebpack.() -> Unit): Unit' is deprecated. Please use webpackTask(Action)
2023-09-15T23:20:32.0330453Z w: file:///home/runner/work/spotify-web-api-kotlin/spotify-web-api-kotlin/build.gradle.kts:118:13: 'testTask(KotlinJsTest.() -> Unit): Unit' is deprecated. Please use testTask(Action)
2023-09-15T23:20:32.0340583Z w: file:///home/runner/work/spotify-web-api-kotlin/spotify-web-api-kotlin/build.gradle.kts:355:30: 'getter for buildDir: File!' is deprecated. Deprecated in Java
2023-09-15T23:20:34.6254670Z 
2023-09-15T23:20:34.6255470Z Please wait while Kotlin/Native compiler 1.9.10 is being installed.
2023-09-15T23:20:35.0256467Z Download https://download.jetbrains.com/kotlin/native/builds/releases/1.9.10/linux-x86_64/kotlin-native-prebuilt-linux-x86_64-1.9.10.tar.gz (192.68 MB)
2023-09-15T23:20:37.5261576Z Download kotlin-native-prebuilt-linux-x86_64-1.9.10.tar.gz finished, took 2 s 436 ms
2023-09-15T23:20:37.5262646Z Unpack Kotlin/Native compiler to /home/runner/.konan/kotlin-native-prebuilt-linux-x86_64-1.9.10
2023-09-15T23:20:40.4254742Z Unpack Kotlin/Native compiler to /home/runner/.konan/kotlin-native-prebuilt-linux-x86_64-1.9.10 finished, took 2 s 924 ms
2023-09-15T23:20:43.9261460Z 
2023-09-15T23:20:43.9262329Z Some Kotlin/Native targets cannot be built on this linux_x64 machine and are disabled:
2023-09-15T23:20:43.9263115Z     * In project ':':
2023-09-15T23:20:43.9263740Z         * targets 'macosX64', 'iosArm64', 'iosX64' (can be built with one of the hosts: macos_x64, macos_arm64)
2023-09-15T23:20:43.9264500Z To hide this message, add 'kotlin.native.ignoreDisabledTargets=true' to the Gradle properties.
2023-09-15T23:20:43.9264888Z 
2023-09-15T23:20:44.0260101Z 
2023-09-15T23:20:44.0261125Z > Task :preBuild UP-TO-DATE
2023-09-15T23:20:44.0261665Z > Task :preDebugBuild UP-TO-DATE
2023-09-15T23:20:44.1254523Z > Task :generateDebugResValues
2023-09-15T23:20:44.1255097Z > Task :generateDebugResources
2023-09-15T23:20:44.3254369Z > Task :packageDebugResources
2023-09-15T23:20:45.0255110Z > Task :parseDebugLocalResources
2023-09-15T23:20:45.0255861Z > Task :javaPreCompileDebug
2023-09-15T23:20:45.0256831Z > Task :preDebugUnitTestBuild UP-TO-DATE
2023-09-15T23:20:45.0257405Z > Task :javaPreCompileDebugUnitTest
2023-09-15T23:20:45.1268254Z 
2023-09-15T23:20:45.1269540Z > Task :processDebugManifest
2023-09-15T23:20:45.1270929Z package="com.adamratzman.spotify" found in source AndroidManifest.xml: /home/runner/work/spotify-web-api-kotlin/spotify-web-api-kotlin/src/androidMain/AndroidManifest.xml.
2023-09-15T23:20:45.1271881Z Setting the namespace via the package attribute in the source AndroidManifest.xml is no longer supported, and the value is ignored.
2023-09-15T23:20:45.1272978Z Recommendation: remove package="com.adamratzman.spotify" from the source AndroidManifest.xml: /home/runner/work/spotify-web-api-kotlin/spotify-web-api-kotlin/src/androidMain/AndroidManifest.xml.
2023-09-15T23:20:45.1273617Z 
2023-09-15T23:20:45.1363749Z > Task :generateDebugRFile
2023-09-15T23:21:08.4254811Z > Task :generateDebugUnitTestStubRFile
2023-09-15T23:21:15.1264676Z > Task :compileDebugKotlinAndroid
2023-09-15T23:21:51.8255896Z w: file:///home/runner/work/spotify-web-api-kotlin/spotify-web-api-kotlin/src/androidMain/kotlin/com/adamratzman/spotify/auth/pkce/AbstractSpotifyPkceLoginActivity.kt:56:21 Return type must be specified in explicit API mode
2023-09-15T23:21:51.8260205Z w: file:///home/runner/work/spotify-web-api-kotlin/spotify-web-api-kotlin/src/commonMain/kotlin/com.adamratzman.spotify/utils/Utils.kt:20:39 Parameter 'catchInternalServerError' is never used
2023-09-15T23:21:51.9254836Z 
2023-09-15T23:21:51.9261605Z > Task :compileDebugJavaWithJavac NO-SOURCE
2023-09-15T23:21:52.0254320Z > Task :bundleLibRuntimeToJarDebug
2023-09-15T23:21:52.1254415Z > Task :bundleLibCompileToJarDebug
2023-09-15T23:21:52.1254783Z > Task :processDebugJavaRes
2023-09-15T23:22:03.7256066Z 
2023-09-15T23:22:03.7256984Z > Task :compileDebugUnitTestKotlinAndroid
2023-09-15T23:22:03.7258582Z w: file:///home/runner/work/spotify-web-api-kotlin/spotify-web-api-kotlin/src/commonJvmLikeTest/kotlin/com/adamratzman/spotify/CommonImpl.kt:76:38 Type mismatch: inferred type is String? but String was expected
2023-09-15T23:22:03.7259814Z w: file:///home/runner/work/spotify-web-api-kotlin/spotify-web-api-kotlin/src/commonTest/kotlin/com.adamratzman/spotify/priv/ClientPlayerApiTest.kt:196:13 Variable 'trackId' is never used
2023-09-15T23:22:03.7371292Z w: file:///home/runner/work/spotify-web-api-kotlin/spotify-web-api-kotlin/src/commonTest/kotlin/com.adamratzman/spotify/priv/ClientPlaylistApiTest.kt:83:13 Variable 'tracks' is never used
2023-09-15T23:22:03.7371759Z 
2023-09-15T23:22:03.7372030Z > Task :compileDebugUnitTestJavaWithJavac NO-SOURCE
2023-09-15T23:22:03.8259541Z > Task :processDebugUnitTestJavaRes
2023-09-15T23:22:08.7257904Z 
2023-09-15T23:22:08.7258510Z > Task :testDebugUnitTest
2023-09-15T23:22:08.7258801Z 
2023-09-15T23:22:08.7259125Z com.adamratzman.spotify.priv.ClientEpisodeApiTest > testGetEpisode STANDARD_ERROR
2023-09-15T23:22:08.7259708Z     SLF4J: Failed to load class "org.slf4j.impl.StaticLoggerBinder".
2023-09-15T23:22:08.7260550Z     SLF4J: Defaulting to no-operation (NOP) logger implementation
2023-09-15T23:22:08.7261109Z     SLF4J: See http://www.slf4j.org/codes.html#StaticLoggerBinder for further details.
2023-09-15T23:22:09.9254785Z 
2023-09-15T23:22:09.9255750Z com.adamratzman.spotify.priv.ClientEpisodeApiTest > testGetEpisode STANDARD_OUT
2023-09-15T23:22:09.9256526Z     Api is not initialized. buildSpotifyApi returns com.adamratzman.spotify.SpotifyAppApi@574c1b23
2023-09-15T23:22:09.9256931Z 
2023-09-15T23:22:09.9257289Z com.adamratzman.spotify.priv.ClientEpisodeApiTest > testGetEpisodes STANDARD_OUT
2023-09-15T23:22:09.9257967Z     Api is not initialized. buildSpotifyApi returns com.adamratzman.spotify.SpotifyAppApi@574c1b23
2023-09-15T23:22:10.0297886Z 
2023-09-15T23:22:10.0298764Z com.adamratzman.spotify.priv.ClientLibraryApiTest > testLibraryShows STANDARD_OUT
2023-09-15T23:22:10.0299836Z     Api is not initialized. buildSpotifyApi returns com.adamratzman.spotify.SpotifyAppApi@574c1b23
2023-09-15T23:22:10.0300335Z 
2023-09-15T23:22:10.0300985Z com.adamratzman.spotify.priv.ClientLibraryApiTest > testLibraryAlbums STANDARD_OUT
2023-09-15T23:22:10.0302170Z     Api is not initialized. buildSpotifyApi returns com.adamratzman.spotify.SpotifyAppApi@574c1b23
2023-09-15T23:22:10.0302893Z 
2023-09-15T23:22:10.0303324Z com.adamratzman.spotify.priv.ClientLibraryApiTest > testLibraryTracks STANDARD_OUT
2023-09-15T23:22:10.0304280Z     Api is not initialized. buildSpotifyApi returns com.adamratzman.spotify.SpotifyAppApi@574c1b23
2023-09-15T23:22:10.0304751Z 
2023-09-15T23:22:10.0305379Z com.adamratzman.spotify.priv.ClientLibraryApiTest > testInvalidInputs STANDARD_OUT
2023-09-15T23:22:10.0306131Z     Api is not initialized. buildSpotifyApi returns com.adamratzman.spotify.SpotifyAppApi@574c1b23
2023-09-15T23:22:10.0306796Z 
2023-09-15T23:22:10.0307455Z com.adamratzman.spotify.priv.ClientLibraryApiTest > testLibraryEpisodes STANDARD_OUT
2023-09-15T23:22:10.0308521Z     Api is not initialized. buildSpotifyApi returns com.adamratzman.spotify.SpotifyAppApi@574c1b23
2023-09-15T23:22:10.0308992Z 
2023-09-15T23:22:10.0309660Z com.adamratzman.spotify.priv.ClientPersonalizationApiTest > testGetTopArtists STANDARD_OUT
2023-09-15T23:22:10.0310467Z     Api is not initialized. buildSpotifyApi returns com.adamratzman.spotify.SpotifyAppApi@574c1b23
2023-09-15T23:22:10.0311133Z 
2023-09-15T23:22:10.0311603Z com.adamratzman.spotify.priv.ClientPersonalizationApiTest > testGetTopTracks STANDARD_OUT
2023-09-15T23:22:10.0312579Z     Api is not initialized. buildSpotifyApi returns com.adamratzman.spotify.SpotifyAppApi@574c1b23
2023-09-15T23:22:10.0313048Z 
2023-09-15T23:22:10.0313705Z com.adamratzman.spotify.priv.ClientPlaylistApiTest > testRemovePlaylistPlayables STANDARD_OUT
2023-09-15T23:22:10.0314516Z     Api is not initialized. buildSpotifyApi returns com.adamratzman.spotify.SpotifyAppApi@574c1b23
2023-09-15T23:22:10.0317341Z 
2023-09-15T23:22:10.0318041Z com.adamratzman.spotify.priv.ClientPlaylistApiTest > testGetClientPlaylists STANDARD_OUT
2023-09-15T23:22:10.0330058Z     Api is not initialized. buildSpotifyApi returns com.adamratzman.spotify.SpotifyAppApi@574c1b23
2023-09-15T23:22:10.0330618Z 
2023-09-15T23:22:10.0331357Z com.adamratzman.spotify.priv.ClientPlaylistApiTest > testAddAndRemoveChunkedTracks STANDARD_OUT
2023-09-15T23:22:10.0332468Z     Api is not initialized. buildSpotifyApi returns com.adamratzman.spotify.SpotifyAppApi@574c1b23
2023-09-15T23:22:10.0333151Z 
2023-09-15T23:22:10.0333645Z com.adamratzman.spotify.priv.ClientPlaylistApiTest > testEditPlaylists STANDARD_OUT
2023-09-15T23:22:10.0334693Z     Api is not initialized. buildSpotifyApi returns com.adamratzman.spotify.SpotifyAppApi@574c1b23
2023-09-15T23:22:10.0335170Z 
2023-09-15T23:22:10.0335778Z com.adamratzman.spotify.priv.ClientShowApiTest > testGetShows STANDARD_OUT
2023-09-15T23:22:10.0336516Z     Api is not initialized. buildSpotifyApi returns com.adamratzman.spotify.SpotifyAppApi@574c1b23
2023-09-15T23:22:10.1257456Z 
2023-09-15T23:22:10.1295605Z com.adamratzman.spotify.priv.ClientShowApiTest > testGetShow STANDARD_OUT
2023-09-15T23:22:10.1297168Z     Api is not initialized. buildSpotifyApi returns com.adamratzman.spotify.SpotifyAppApi@574c1b23
2023-09-15T23:22:10.1297729Z 
2023-09-15T23:22:10.1298373Z com.adamratzman.spotify.priv.ClientUserApiTest > testClientProfile STANDARD_OUT
2023-09-15T23:22:10.1299170Z     Api is not initialized. buildSpotifyApi returns com.adamratzman.spotify.SpotifyAppApi@574c1b23
2023-09-15T23:22:10.1299845Z 
2023-09-15T23:22:10.1300244Z com.adamratzman.spotify.priv.ShowApiTest > testGetShows STANDARD_OUT
2023-09-15T23:22:10.1301317Z     Api is not initialized. buildSpotifyApi returns com.adamratzman.spotify.SpotifyAppApi@574c1b23
2023-09-15T23:22:10.1301789Z 
2023-09-15T23:22:10.1302374Z com.adamratzman.spotify.priv.ShowApiTest > testGetShow STANDARD_OUT
2023-09-15T23:22:10.1303091Z     Api is not initialized. buildSpotifyApi returns com.adamratzman.spotify.SpotifyAppApi@574c1b23
2023-09-15T23:22:10.1303766Z 
2023-09-15T23:22:10.1324504Z com.adamratzman.spotify.priv.ShowApiTest > testGetShowEpisodes STANDARD_OUT
2023-09-15T23:22:10.1325741Z     Api is not initialized. buildSpotifyApi returns com.adamratzman.spotify.SpotifyAppApi@574c1b23
2023-09-15T23:22:36.8286520Z 
2023-09-15T23:22:36.8287625Z Deprecated Gradle features were used in this build, making it incompatible with Gradle 9.0.
2023-09-15T23:22:36.8290033Z 
2023-09-15T23:22:36.8290948Z You can use '--warning-mode all' to show the individual deprecation warnings and determine if they come from your own scripts or plugins.
2023-09-15T23:22:36.8291342Z 
2023-09-15T23:22:36.8291734Z For more on this, please refer to https://docs.gradle.org/8.3/userguide/command_line_interface.html#sec:command_line_warnings in the Gradle documentation.
2023-09-15T23:22:36.8292118Z 
2023-09-15T23:22:36.8292242Z BUILD SUCCESSFUL in 3m 31s
2023-09-15T23:22:36.8292519Z 15 actionable tasks: 15 executed
2023-09-15T23:22:37.1550085Z ##[group]Run ./gradlew jvmTest
2023-09-15T23:22:37.1550505Z [36;1m./gradlew jvmTest[0m
2023-09-15T23:22:37.1632072Z shell: /usr/bin/bash -e {0}
2023-09-15T23:22:37.1632341Z env:
2023-09-15T23:22:37.1632755Z   SPOTIFY_CLIENT_ID: ***
2023-09-15T23:22:37.1633098Z   SPOTIFY_CLIENT_SECRET: ***
2023-09-15T23:22:37.1633451Z   JAVA_HOME: /opt/hostedtoolcache/Java_Adopt_jdk/17.0.8-101/x64
2023-09-15T23:22:37.1633801Z ##[endgroup]
2023-09-15T23:22:38.7137571Z 
2023-09-15T23:22:38.7139729Z Some Kotlin/Native targets cannot be built on this linux_x64 machine and are disabled:
2023-09-15T23:22:38.7140663Z     * In project ':':
2023-09-15T23:22:38.7143050Z         * targets 'macosX64', 'iosArm64', 'iosX64' (can be built with one of the hosts: macos_x64, macos_arm64)
2023-09-15T23:22:38.7145264Z To hide this message, add 'kotlin.native.ignoreDisabledTargets=true' to the Gradle properties.
2023-09-15T23:22:38.7145694Z 
2023-09-15T23:22:41.6154786Z > Task :jvmProcessResources NO-SOURCE
2023-09-15T23:22:41.6166988Z > Task :jvmTestProcessResources
2023-09-15T23:23:03.4160164Z 
2023-09-15T23:23:03.4162280Z > Task :compileKotlinJvm
2023-09-15T23:23:03.4164150Z w: file:///home/runner/work/spotify-web-api-kotlin/spotify-web-api-kotlin/src/commonMain/kotlin/com.adamratzman.spotify/utils/Utils.kt:20:39 Parameter 'catchInternalServerError' is never used
2023-09-15T23:23:03.6132841Z 
2023-09-15T23:23:03.6133448Z > Task :jvmMainClasses
2023-09-15T23:23:10.8153316Z 
2023-09-15T23:23:10.8154207Z > Task :compileTestKotlinJvm
2023-09-15T23:23:10.8155472Z w: file:///home/runner/work/spotify-web-api-kotlin/spotify-web-api-kotlin/src/commonTest/kotlin/com.adamratzman/spotify/priv/ClientPlayerApiTest.kt:196:13 Variable 'trackId' is never used
2023-09-15T23:23:10.8156574Z w: file:///home/runner/work/spotify-web-api-kotlin/spotify-web-api-kotlin/src/commonTest/kotlin/com.adamratzman/spotify/priv/ClientPlaylistApiTest.kt:83:13 Variable 'tracks' is never used
2023-09-15T23:23:10.9131871Z 
2023-09-15T23:23:10.9132638Z > Task :jvmTestClasses
2023-09-15T23:23:12.9173551Z 
2023-09-15T23:23:12.9174474Z > Task :jvmTest
2023-09-15T23:23:12.9174805Z 
2023-09-15T23:23:12.9175218Z com.adamratzman.spotify.priv.ClientEpisodeApiTest[jvm] > testGetEpisode[jvm] STANDARD_ERROR
2023-09-15T23:23:12.9175863Z     SLF4J: Failed to load class "org.slf4j.impl.StaticLoggerBinder".
2023-09-15T23:23:12.9176747Z     SLF4J: Defaulting to no-operation (NOP) logger implementation
2023-09-15T23:23:12.9184416Z     SLF4J: See http://www.slf4j.org/codes.html#StaticLoggerBinder for further details.
2023-09-15T23:23:12.9184897Z 
2023-09-15T23:23:12.9185274Z com.adamratzman.spotify.priv.ClientEpisodeApiTest[jvm] > testGetEpisode[jvm] STANDARD_OUT
2023-09-15T23:23:12.9189549Z     Api is not initialized. buildSpotifyApi returns com.adamratzman.spotify.SpotifyAppApi@1bc9b69b
2023-09-15T23:23:12.9190210Z 
2023-09-15T23:23:12.9190592Z com.adamratzman.spotify.priv.ClientEpisodeApiTest[jvm] > testGetEpisodes[jvm] STANDARD_OUT
2023-09-15T23:23:12.9191310Z     Api is not initialized. buildSpotifyApi returns com.adamratzman.spotify.SpotifyAppApi@1bc9b69b
2023-09-15T23:23:12.9193735Z 
2023-09-15T23:23:12.9202776Z com.adamratzman.spotify.priv.ClientLibraryApiTest[jvm] > testLibraryShows[jvm] STANDARD_OUT
2023-09-15T23:23:12.9203563Z     Api is not initialized. buildSpotifyApi returns com.adamratzman.spotify.SpotifyAppApi@1bc9b69b
2023-09-15T23:23:12.9203983Z 
2023-09-15T23:23:12.9204385Z com.adamratzman.spotify.priv.ClientLibraryApiTest[jvm] > testLibraryAlbums[jvm] STANDARD_OUT
2023-09-15T23:23:12.9215007Z     Api is not initialized. buildSpotifyApi returns com.adamratzman.spotify.SpotifyAppApi@1bc9b69b
2023-09-15T23:23:12.9215427Z 
2023-09-15T23:23:12.9215802Z com.adamratzman.spotify.priv.ClientLibraryApiTest[jvm] > testLibraryTracks[jvm] STANDARD_OUT
2023-09-15T23:23:12.9216501Z     Api is not initialized. buildSpotifyApi returns com.adamratzman.spotify.SpotifyAppApi@1bc9b69b
2023-09-15T23:23:12.9216897Z 
2023-09-15T23:23:12.9217658Z com.adamratzman.spotify.priv.ClientLibraryApiTest[jvm] > testInvalidInputs[jvm] STANDARD_OUT
2023-09-15T23:23:12.9218360Z     Api is not initialized. buildSpotifyApi returns com.adamratzman.spotify.SpotifyAppApi@1bc9b69b
2023-09-15T23:23:12.9218751Z 
2023-09-15T23:23:12.9219121Z com.adamratzman.spotify.priv.ClientLibraryApiTest[jvm] > testLibraryEpisodes[jvm] STANDARD_OUT
2023-09-15T23:23:12.9219804Z     Api is not initialized. buildSpotifyApi returns com.adamratzman.spotify.SpotifyAppApi@1bc9b69b
2023-09-15T23:23:12.9220204Z 
2023-09-15T23:23:12.9220606Z com.adamratzman.spotify.priv.ClientPersonalizationApiTest[jvm] > testGetTopArtists[jvm] STANDARD_OUT
2023-09-15T23:23:12.9221356Z     Api is not initialized. buildSpotifyApi returns com.adamratzman.spotify.SpotifyAppApi@1bc9b69b
2023-09-15T23:23:12.9221738Z 
2023-09-15T23:23:12.9222137Z com.adamratzman.spotify.priv.ClientPersonalizationApiTest[jvm] > testGetTopTracks[jvm] STANDARD_OUT
2023-09-15T23:23:12.9222831Z     Api is not initialized. buildSpotifyApi returns com.adamratzman.spotify.SpotifyAppApi@1bc9b69b
2023-09-15T23:23:12.9223216Z 
2023-09-15T23:23:12.9223610Z com.adamratzman.spotify.priv.ClientPlaylistApiTest[jvm] > testRemovePlaylistPlayables[jvm] STANDARD_OUT
2023-09-15T23:23:12.9224311Z     Api is not initialized. buildSpotifyApi returns com.adamratzman.spotify.SpotifyAppApi@1bc9b69b
2023-09-15T23:23:12.9224695Z 
2023-09-15T23:23:12.9235953Z com.adamratzman.spotify.priv.ClientPlaylistApiTest[jvm] > testGetClientPlaylists[jvm] STANDARD_OUT
2023-09-15T23:23:12.9237083Z     Api is not initialized. buildSpotifyApi returns com.adamratzman.spotify.SpotifyAppApi@1bc9b69b
2023-09-15T23:23:12.9237484Z 
2023-09-15T23:23:12.9237899Z com.adamratzman.spotify.priv.ClientPlaylistApiTest[jvm] > testAddAndRemoveChunkedTracks[jvm] STANDARD_OUT
2023-09-15T23:23:12.9238625Z     Api is not initialized. buildSpotifyApi returns com.adamratzman.spotify.SpotifyAppApi@1bc9b69b
2023-09-15T23:23:12.9239836Z 
2023-09-15T23:23:12.9240164Z com.adamratzman.spotify.priv.ClientPlaylistApiTest[jvm] > testEditPlaylists[jvm] STANDARD_OUT
2023-09-15T23:23:12.9240771Z     Api is not initialized. buildSpotifyApi returns com.adamratzman.spotify.SpotifyAppApi@1bc9b69b
2023-09-15T23:23:12.9241085Z 
2023-09-15T23:23:12.9241353Z com.adamratzman.spotify.priv.ClientShowApiTest[jvm] > testGetShows[jvm] STANDARD_OUT
2023-09-15T23:23:12.9241937Z     Api is not initialized. buildSpotifyApi returns com.adamratzman.spotify.SpotifyAppApi@1bc9b69b
2023-09-15T23:23:12.9242258Z 
2023-09-15T23:23:12.9242523Z com.adamratzman.spotify.priv.ClientShowApiTest[jvm] > testGetShow[jvm] STANDARD_OUT
2023-09-15T23:23:12.9243079Z     Api is not initialized. buildSpotifyApi returns com.adamratzman.spotify.SpotifyAppApi@1bc9b69b
2023-09-15T23:23:12.9243391Z 
2023-09-15T23:23:12.9243668Z com.adamratzman.spotify.priv.ClientUserApiTest[jvm] > testClientProfile[jvm] STANDARD_OUT
2023-09-15T23:23:12.9244251Z     Api is not initialized. buildSpotifyApi returns com.adamratzman.spotify.SpotifyAppApi@1bc9b69b
2023-09-15T23:23:12.9244561Z 
2023-09-15T23:23:12.9244811Z com.adamratzman.spotify.priv.ShowApiTest[jvm] > testGetShows[jvm] STANDARD_OUT
2023-09-15T23:23:12.9245364Z     Api is not initialized. buildSpotifyApi returns com.adamratzman.spotify.SpotifyAppApi@1bc9b69b
2023-09-15T23:23:12.9245673Z 
2023-09-15T23:23:12.9245915Z com.adamratzman.spotify.priv.ShowApiTest[jvm] > testGetShow[jvm] STANDARD_OUT
2023-09-15T23:23:12.9246529Z     Api is not initialized. buildSpotifyApi returns com.adamratzman.spotify.SpotifyAppApi@1bc9b69b
2023-09-15T23:23:12.9246845Z 
2023-09-15T23:23:12.9247114Z com.adamratzman.spotify.priv.ShowApiTest[jvm] > testGetShowEpisodes[jvm] STANDARD_OUT
2023-09-15T23:23:12.9247668Z     Api is not initialized. buildSpotifyApi returns com.adamratzman.spotify.SpotifyAppApi@1bc9b69b
2023-09-15T23:23:43.9140751Z 
2023-09-15T23:23:43.9141648Z Deprecated Gradle features were used in this build, making it incompatible with Gradle 9.0.
2023-09-15T23:23:43.9142113Z 
2023-09-15T23:23:43.9143329Z You can use '--warning-mode all' to show the individual deprecation warnings and determine if they come from your own scripts or plugins.
2023-09-15T23:23:43.9143796Z 
2023-09-15T23:23:43.9144240Z For more on this, please refer to https://docs.gradle.org/8.3/userguide/command_line_interface.html#sec:command_line_warnings in the Gradle documentation.
2023-09-15T23:23:43.9144695Z 
2023-09-15T23:23:43.9144890Z BUILD SUCCESSFUL in 1m 6s
2023-09-15T23:23:43.9145275Z 4 actionable tasks: 4 executed
2023-09-15T23:23:43.9501434Z ##[group]Run actions/upload-artifact@v2
2023-09-15T23:23:43.9501719Z with:
2023-09-15T23:23:43.9501973Z   name: code-coverage-report
2023-09-15T23:23:43.9502254Z   path: build/reports
2023-09-15T23:23:43.9502515Z   if-no-files-found: warn
2023-09-15T23:23:43.9502758Z env:
2023-09-15T23:23:43.9503107Z   SPOTIFY_CLIENT_ID: ***
2023-09-15T23:23:43.9503411Z   SPOTIFY_CLIENT_SECRET: ***
2023-09-15T23:23:43.9503748Z   JAVA_HOME: /opt/hostedtoolcache/Java_Adopt_jdk/17.0.8-101/x64
2023-09-15T23:23:43.9504058Z ##[endgroup]
2023-09-15T23:23:44.0536080Z With the provided path, there will be 64 files uploaded
2023-09-15T23:23:44.0536706Z Starting artifact upload
2023-09-15T23:23:44.0537544Z For more detailed logs during the artifact upload process, enable step-debugging: https://docs.github.com/actions/monitoring-and-troubleshooting-workflows/enabling-debug-logging#enabling-step-debug-logging
2023-09-15T23:23:44.0538159Z Artifact name is valid!
2023-09-15T23:23:44.1070777Z Container for artifact "code-coverage-report" successfully created. Starting upload of file(s)
2023-09-15T23:23:46.5507446Z Total size of all the files uploaded is 56061 bytes
2023-09-15T23:23:46.5509259Z File upload process has finished. Finalizing the artifact upload
2023-09-15T23:23:46.5689166Z Artifact has been finalized. All files have been successfully uploaded!
2023-09-15T23:23:46.5689484Z 
2023-09-15T23:23:46.5689731Z The raw size of all the files that were specified for upload is 186568 bytes
2023-09-15T23:23:46.5690411Z The size of all the files that were uploaded is 56061 bytes. This takes into account any gzip compression used to reduce the upload size, time and storage
2023-09-15T23:23:46.5690823Z 
2023-09-15T23:23:46.5691953Z Note: The size of downloaded zips can differ significantly from the reported size. For more information see: https://github.com/actions/upload-artifact#zipped-artifact-downloads 
2023-09-15T23:23:46.5692437Z 
2023-09-15T23:23:46.5692752Z Artifact code-coverage-report has been successfully uploaded!
2023-09-15T23:23:46.5841314Z Post job cleanup.
2023-09-15T23:23:46.7618846Z Post job cleanup.
2023-09-15T23:23:46.9052079Z [command]/usr/bin/git version
2023-09-15T23:23:46.9127798Z git version 2.42.0
2023-09-15T23:23:46.9215912Z Temporarily overriding HOME='/home/runner/work/_temp/d77a925b-cb11-491d-a5ed-f7f828cfe7a4' before making global git config changes
2023-09-15T23:23:46.9216820Z Adding repository directory to the temporary git global config as a safe directory
2023-09-15T23:23:46.9217777Z [command]/usr/bin/git config --global --add safe.directory /home/runner/work/spotify-web-api-kotlin/spotify-web-api-kotlin
2023-09-15T23:23:46.9247958Z [command]/usr/bin/git config --local --name-only --get-regexp core\.sshCommand
2023-09-15T23:23:46.9292185Z [command]/usr/bin/git submodule foreach --recursive sh -c "git config --local --name-only --get-regexp 'core\.sshCommand' && git config --local --unset-all 'core.sshCommand' || :"
2023-09-15T23:23:46.9570885Z [command]/usr/bin/git config --local --name-only --get-regexp http\.https\:\/\/github\.com\/\.extraheader
2023-09-15T23:23:46.9604978Z http.https://github.com/.extraheader
2023-09-15T23:23:46.9616874Z [command]/usr/bin/git config --local --unset-all http.https://github.com/.extraheader
2023-09-15T23:23:46.9658073Z [command]/usr/bin/git submodule foreach --recursive sh -c "git config --local --name-only --get-regexp 'http\.https\:\/\/github\.com\/\.extraheader' && git config --local --unset-all 'http.https://github.com/.extraheader' || :"
2023-09-15T23:23:47.0195805Z Cleaning up orphan processes
2023-09-15T23:23:47.0496154Z Terminate orphan process: pid (1901) (java)
2023-09-15T23:23:47.0523628Z Terminate orphan process: pid (2073) (java)
