2023-09-15T23:43:16.6602256Z Requested labels: ubuntu-latest
2023-09-15T23:43:16.6602589Z Job defined at: adamint/spotify-web-api-kotlin/.github/workflows/release.yml@refs/heads/main
2023-09-15T23:43:16.6602699Z Waiting for a runner to pick up this job...
2023-09-15T23:43:16.8763444Z Job is waiting for a hosted runner to come online.
2023-09-15T23:43:20.0495575Z Job is about to start running on the hosted runner: GitHub Actions 2 (hosted)
2023-09-15T23:43:22.5019726Z Current runner version: '2.309.0'
2023-09-15T23:43:22.5052750Z ##[group]Operating System
2023-09-15T23:43:22.5054120Z Ubuntu
2023-09-15T23:43:22.5055225Z 22.04.3
2023-09-15T23:43:22.5056260Z LTS
2023-09-15T23:43:22.5057268Z ##[endgroup]
2023-09-15T23:43:22.5058355Z ##[group]Runner Image
2023-09-15T23:43:22.5059529Z Image: ubuntu-22.04
2023-09-15T23:43:22.5060628Z Version: 20230911.1.0
2023-09-15T23:43:22.5062124Z Included Software: https://github.com/actions/runner-images/blob/ubuntu22/20230911.1/images/linux/Ubuntu2204-Readme.md
2023-09-15T23:43:22.5063832Z Image Release: https://github.com/actions/runner-images/releases/tag/ubuntu22%2F20230911.1
2023-09-15T23:43:22.5065250Z ##[endgroup]
2023-09-15T23:43:22.5066328Z ##[group]Runner Image Provisioner
2023-09-15T23:43:22.5067484Z 2.0.299.1
2023-09-15T23:43:22.5068544Z ##[endgroup]
2023-09-15T23:43:22.5070978Z ##[group]GITHUB_TOKEN Permissions
2023-09-15T23:43:22.5073702Z Actions: write
2023-09-15T23:43:22.5074857Z Checks: write
2023-09-15T23:43:22.5076142Z Contents: write
2023-09-15T23:43:22.5077310Z Deployments: write
2023-09-15T23:43:22.5078434Z Discussions: write
2023-09-15T23:43:22.5079512Z Issues: write
2023-09-15T23:43:22.5080538Z Metadata: read
2023-09-15T23:43:22.5081645Z Packages: write
2023-09-15T23:43:22.5082678Z Pages: write
2023-09-15T23:43:22.5083764Z PullRequests: write
2023-09-15T23:43:22.5084852Z RepositoryProjects: write
2023-09-15T23:43:22.5086210Z SecurityEvents: write
2023-09-15T23:43:22.5087331Z Statuses: write
2023-09-15T23:43:22.5088389Z ##[endgroup]
2023-09-15T23:43:22.5093160Z Secret source: Actions
2023-09-15T23:43:22.5094456Z Prepare workflow directory
2023-09-15T23:43:22.6260685Z Prepare all required actions
2023-09-15T23:43:22.6460910Z Getting action download info
2023-09-15T23:43:22.8787865Z Download action repository 'actions/checkout@v2' (SHA:ee0669bd1cc54295c223e0bb666b733df41de1c5)
2023-09-15T23:43:23.4624467Z Download action repository 'actions/setup-java@v2' (SHA:91d3aa4956ec4a53e477c4907347b5e3481be8c9)
2023-09-15T23:43:24.0192509Z Download action repository 'actions/upload-artifact@v2' (SHA:82c141cc518b40d92cc801eee768e7aafc9c2fa2)
2023-09-15T23:43:24.5385720Z Complete job name: release_android_jvm_linux_js
2023-09-15T23:43:24.6310182Z ##[group]Run actions/checkout@v2
2023-09-15T23:43:24.6310909Z with:
2023-09-15T23:43:24.6311548Z   repository: adamint/spotify-web-api-kotlin
2023-09-15T23:43:24.6312493Z   token: ***
2023-09-15T23:43:24.6313098Z   ssh-strict: true
2023-09-15T23:43:24.6313720Z   persist-credentials: true
2023-09-15T23:43:24.6314331Z   clean: true
2023-09-15T23:43:24.6314899Z   fetch-depth: 1
2023-09-15T23:43:24.6315469Z   lfs: false
2023-09-15T23:43:24.6316029Z   submodules: false
2023-09-15T23:43:24.6316625Z   set-safe-directory: true
2023-09-15T23:43:24.6317202Z env:
2023-09-15T23:43:24.6317869Z   SPOTIFY_CLIENT_ID: ***
2023-09-15T23:43:24.6318579Z   SPOTIFY_CLIENT_SECRET: ***
2023-09-15T23:43:24.6321153Z   SPOTIFY_TOKEN_STRING: BQDdMp_9UXHCE7dmz2aqmtd-odJrBMJhf-eCpyhwyPlEyM8TxqXnz83DXPenm207LL2TDdMYPybLi4D7yBQvM-HuVmfs64dRp8z28GXdMW7eA0MDtJWMmv13aAA62864KN3tgHVoqUeSqRyIr8zFZcnSSN1ccp898FOX1arGsrOOpxtsqRb3aVCHiTsZxEH5KtNMEPe-Z7c-o7suZJ0aIgSDoJXFFuGxVkZGPVBNm1dP_8gfhJOyYZjPOcA9Ma1FFhQyprMOlIFwgC8ndMcU0z0OHpAoS81CVB8N4C36nhuhZQpI4OFab4oaJFLPBOqbAWk
2023-09-15T23:43:24.6323846Z   SPOTIFY_REDIRECT_URI: https://***.com/projects/spotify/callback
2023-09-15T23:43:24.6324678Z   NEXUS_USERNAME: ***
2023-09-15T23:43:24.6325337Z   NEXUS_PASSWORD: ***
2023-09-15T23:43:24.6344633Z   ORG_GRADLE_PROJECT_SIGNING_KEY: ***
2023-09-15T23:43:24.6345399Z   ORG_GRADLE_PROJECT_SIGNING_PASSWORD: ***
2023-09-15T23:43:24.6346123Z   SPOTIFY_API_PUBLISH_VERSION: 4.0.3
2023-09-15T23:43:24.6346764Z ##[endgroup]
2023-09-15T23:43:24.9007056Z Syncing repository: adamint/spotify-web-api-kotlin
2023-09-15T23:43:24.9010804Z ##[group]Getting Git version info
2023-09-15T23:43:24.9013267Z Working directory is '/home/runner/work/spotify-web-api-kotlin/spotify-web-api-kotlin'
2023-09-15T23:43:24.9015308Z [command]/usr/bin/git version
2023-09-15T23:43:24.9039258Z git version 2.42.0
2023-09-15T23:43:24.9068328Z ##[endgroup]
2023-09-15T23:43:24.9087400Z Temporarily overriding HOME='/home/runner/work/_temp/ce7211b9-d8de-4aa2-81e1-650024a26b35' before making global git config changes
2023-09-15T23:43:24.9089058Z Adding repository directory to the temporary git global config as a safe directory
2023-09-15T23:43:24.9092144Z [command]/usr/bin/git config --global --add safe.directory /home/runner/work/spotify-web-api-kotlin/spotify-web-api-kotlin
2023-09-15T23:43:24.9138635Z Deleting the contents of '/home/runner/work/spotify-web-api-kotlin/spotify-web-api-kotlin'
2023-09-15T23:43:24.9144951Z ##[group]Initializing the repository
2023-09-15T23:43:24.9149007Z [command]/usr/bin/git init /home/runner/work/spotify-web-api-kotlin/spotify-web-api-kotlin
2023-09-15T23:43:24.9227471Z hint: Using 'master' as the name for the initial branch. This default branch name
2023-09-15T23:43:24.9229386Z hint: is subject to change. To configure the initial branch name to use in all
2023-09-15T23:43:24.9231044Z hint: of your new repositories, which will suppress this warning, call:
2023-09-15T23:43:24.9286453Z hint: 
2023-09-15T23:43:24.9287695Z hint: 	git config --global init.defaultBranch <name>
2023-09-15T23:43:24.9288764Z hint: 
2023-09-15T23:43:24.9289892Z hint: Names commonly chosen instead of 'master' are 'main', 'trunk' and
2023-09-15T23:43:24.9291298Z hint: 'development'. The just-created branch can be renamed via this command:
2023-09-15T23:43:24.9292349Z hint: 
2023-09-15T23:43:24.9293351Z hint: 	git branch -m <name>
2023-09-15T23:43:24.9294709Z Initialized empty Git repository in /home/runner/work/spotify-web-api-kotlin/spotify-web-api-kotlin/.git/
2023-09-15T23:43:24.9296287Z [command]/usr/bin/git remote add origin https://github.com/adamint/spotify-web-api-kotlin
2023-09-15T23:43:24.9330930Z ##[endgroup]
2023-09-15T23:43:24.9332521Z ##[group]Disabling automatic garbage collection
2023-09-15T23:43:24.9337562Z [command]/usr/bin/git config --local gc.auto 0
2023-09-15T23:43:24.9371741Z ##[endgroup]
2023-09-15T23:43:24.9373749Z ##[group]Setting up auth
2023-09-15T23:43:24.9379273Z [command]/usr/bin/git config --local --name-only --get-regexp core\.sshCommand
2023-09-15T23:43:24.9418283Z [command]/usr/bin/git submodule foreach --recursive sh -c "git config --local --name-only --get-regexp 'core\.sshCommand' && git config --local --unset-all 'core.sshCommand' || :"
2023-09-15T23:43:24.9798101Z [command]/usr/bin/git config --local --name-only --get-regexp http\.https\:\/\/github\.com\/\.extraheader
2023-09-15T23:43:24.9835932Z [command]/usr/bin/git submodule foreach --recursive sh -c "git config --local --name-only --get-regexp 'http\.https\:\/\/github\.com\/\.extraheader' && git config --local --unset-all 'http.https://github.com/.extraheader' || :"
2023-09-15T23:43:25.0092426Z [command]/usr/bin/git config --local http.https://github.com/.extraheader AUTHORIZATION: basic ***
2023-09-15T23:43:25.0136867Z ##[endgroup]
2023-09-15T23:43:25.0138864Z ##[group]Fetching the repository
2023-09-15T23:43:25.0145999Z [command]/usr/bin/git -c protocol.version=2 fetch --no-tags --prune --progress --no-recurse-submodules --depth=1 origin +06ad1924c5b2192569e5f02f8615a444f405b1f5:refs/remotes/origin/main
2023-09-15T23:43:25.2913141Z remote: Enumerating objects: 217, done.        
2023-09-15T23:43:25.2914669Z remote: Counting objects:   0% (1/217)        
2023-09-15T23:43:25.2916057Z remote: Counting objects:   1% (3/217)        
2023-09-15T23:43:25.3034686Z remote: Counting objects:   2% (5/217)        
2023-09-15T23:43:25.3035426Z remote: Counting objects:   3% (7/217)        
2023-09-15T23:43:25.3036116Z remote: Counting objects:   4% (9/217)        
2023-09-15T23:43:25.3036824Z remote: Counting objects:   5% (11/217)        
2023-09-15T23:43:25.3037511Z remote: Counting objects:   6% (14/217)        
2023-09-15T23:43:25.3038191Z remote: Counting objects:   7% (16/217)        
2023-09-15T23:43:25.3038868Z remote: Counting objects:   8% (18/217)        
2023-09-15T23:43:25.3039526Z remote: Counting objects:   9% (20/217)        
2023-09-15T23:43:25.3040646Z remote: Counting objects:  10% (22/217)        
2023-09-15T23:43:25.3041310Z remote: Counting objects:  11% (24/217)        
2023-09-15T23:43:25.3042000Z remote: Counting objects:  12% (27/217)        
2023-09-15T23:43:25.3042658Z remote: Counting objects:  13% (29/217)        
2023-09-15T23:43:25.3043316Z remote: Counting objects:  14% (31/217)        
2023-09-15T23:43:25.3043987Z remote: Counting objects:  15% (33/217)        
2023-09-15T23:43:25.3044634Z remote: Counting objects:  16% (35/217)        
2023-09-15T23:43:25.3045293Z remote: Counting objects:  17% (37/217)        
2023-09-15T23:43:25.3046229Z remote: Counting objects:  18% (40/217)        
2023-09-15T23:43:25.3046899Z remote: Counting objects:  19% (42/217)        
2023-09-15T23:43:25.3047605Z remote: Counting objects:  20% (44/217)        
2023-09-15T23:43:25.3048266Z remote: Counting objects:  21% (46/217)        
2023-09-15T23:43:25.3051191Z remote: Counting objects:  22% (48/217)        
2023-09-15T23:43:25.3051884Z remote: Counting objects:  23% (50/217)        
2023-09-15T23:43:25.3052544Z remote: Counting objects:  24% (53/217)        
2023-09-15T23:43:25.3053217Z remote: Counting objects:  25% (55/217)        
2023-09-15T23:43:25.3053874Z remote: Counting objects:  26% (57/217)        
2023-09-15T23:43:25.3054541Z remote: Counting objects:  27% (59/217)        
2023-09-15T23:43:25.3055204Z remote: Counting objects:  28% (61/217)        
2023-09-15T23:43:25.3055843Z remote: Counting objects:  29% (63/217)        
2023-09-15T23:43:25.3056493Z remote: Counting objects:  30% (66/217)        
2023-09-15T23:43:25.3057133Z remote: Counting objects:  31% (68/217)        
2023-09-15T23:43:25.3057791Z remote: Counting objects:  32% (70/217)        
2023-09-15T23:43:25.3058462Z remote: Counting objects:  33% (72/217)        
2023-09-15T23:43:25.3059109Z remote: Counting objects:  34% (74/217)        
2023-09-15T23:43:25.3059837Z remote: Counting objects:  35% (76/217)        
2023-09-15T23:43:25.3060510Z remote: Counting objects:  36% (79/217)        
2023-09-15T23:43:25.3061166Z remote: Counting objects:  37% (81/217)        
2023-09-15T23:43:25.3062060Z remote: Counting objects:  38% (83/217)        
2023-09-15T23:43:25.3062747Z remote: Counting objects:  39% (85/217)        
2023-09-15T23:43:25.3063443Z remote: Counting objects:  40% (87/217)        
2023-09-15T23:43:25.3064125Z remote: Counting objects:  41% (89/217)        
2023-09-15T23:43:25.3064789Z remote: Counting objects:  42% (92/217)        
2023-09-15T23:43:25.3065460Z remote: Counting objects:  43% (94/217)        
2023-09-15T23:43:25.3066120Z remote: Counting objects:  44% (96/217)        
2023-09-15T23:43:25.3066790Z remote: Counting objects:  45% (98/217)        
2023-09-15T23:43:25.3078098Z remote: Counting objects:  46% (100/217)        
2023-09-15T23:43:25.3079018Z remote: Counting objects:  47% (102/217)        
2023-09-15T23:43:25.3079729Z remote: Counting objects:  48% (105/217)        
2023-09-15T23:43:25.3080415Z remote: Counting objects:  49% (107/217)        
2023-09-15T23:43:25.3081111Z remote: Counting objects:  50% (109/217)        
2023-09-15T23:43:25.3081787Z remote: Counting objects:  51% (111/217)        
2023-09-15T23:43:25.3082458Z remote: Counting objects:  52% (113/217)        
2023-09-15T23:43:25.3083119Z remote: Counting objects:  53% (116/217)        
2023-09-15T23:43:25.3083766Z remote: Counting objects:  54% (118/217)        
2023-09-15T23:43:25.3084433Z remote: Counting objects:  55% (120/217)        
2023-09-15T23:43:25.3085110Z remote: Counting objects:  56% (122/217)        
2023-09-15T23:43:25.3085949Z remote: Counting objects:  57% (124/217)        
2023-09-15T23:43:25.3086879Z remote: Counting objects:  58% (126/217)        
2023-09-15T23:43:25.3087550Z remote: Counting objects:  59% (129/217)        
2023-09-15T23:43:25.3088283Z remote: Counting objects:  60% (131/217)        
2023-09-15T23:43:25.3088950Z remote: Counting objects:  61% (133/217)        
2023-09-15T23:43:25.3089612Z remote: Counting objects:  62% (135/217)        
2023-09-15T23:43:25.3090769Z remote: Counting objects:  63% (137/217)        
2023-09-15T23:43:25.3091466Z remote: Counting objects:  64% (139/217)        
2023-09-15T23:43:25.3092823Z remote: Counting objects:  65% (142/217)        
2023-09-15T23:43:25.3093530Z remote: Counting objects:  66% (144/217)        
2023-09-15T23:43:25.3094557Z remote: Counting objects:  67% (146/217)        
2023-09-15T23:43:25.3095239Z remote: Counting objects:  68% (148/217)        
2023-09-15T23:43:25.3095916Z remote: Counting objects:  69% (150/217)        
2023-09-15T23:43:25.3096563Z remote: Counting objects:  70% (152/217)        
2023-09-15T23:43:25.3097229Z remote: Counting objects:  71% (155/217)        
2023-09-15T23:43:25.3097904Z remote: Counting objects:  72% (157/217)        
2023-09-15T23:43:25.3098554Z remote: Counting objects:  73% (159/217)        
2023-09-15T23:43:25.3099600Z remote: Counting objects:  74% (161/217)        
2023-09-15T23:43:25.3100280Z remote: Counting objects:  75% (163/217)        
2023-09-15T23:43:25.3100960Z remote: Counting objects:  76% (165/217)        
2023-09-15T23:43:25.3101620Z remote: Counting objects:  77% (168/217)        
2023-09-15T23:43:25.3102289Z remote: Counting objects:  78% (170/217)        
2023-09-15T23:43:25.3102971Z remote: Counting objects:  79% (172/217)        
2023-09-15T23:43:25.3103639Z remote: Counting objects:  80% (174/217)        
2023-09-15T23:43:25.3104321Z remote: Counting objects:  81% (176/217)        
2023-09-15T23:43:25.3105001Z remote: Counting objects:  82% (178/217)        
2023-09-15T23:43:25.3106216Z remote: Counting objects:  83% (181/217)        
2023-09-15T23:43:25.3106912Z remote: Counting objects:  84% (183/217)        
2023-09-15T23:43:25.3107593Z remote: Counting objects:  85% (185/217)        
2023-09-15T23:43:25.3108268Z remote: Counting objects:  86% (187/217)        
2023-09-15T23:43:25.3108953Z remote: Counting objects:  87% (189/217)        
2023-09-15T23:43:25.3109628Z remote: Counting objects:  88% (191/217)        
2023-09-15T23:43:25.3110330Z remote: Counting objects:  89% (194/217)        
2023-09-15T23:43:25.3110992Z remote: Counting objects:  90% (196/217)        
2023-09-15T23:43:25.3111867Z remote: Counting objects:  91% (198/217)        
2023-09-15T23:43:25.3112555Z remote: Counting objects:  92% (200/217)        
2023-09-15T23:43:25.3113213Z remote: Counting objects:  93% (202/217)        
2023-09-15T23:43:25.3113880Z remote: Counting objects:  94% (204/217)        
2023-09-15T23:43:25.3114533Z remote: Counting objects:  95% (207/217)        
2023-09-15T23:43:25.3115206Z remote: Counting objects:  96% (209/217)        
2023-09-15T23:43:25.3115871Z remote: Counting objects:  97% (211/217)        
2023-09-15T23:43:25.3116531Z remote: Counting objects:  98% (213/217)        
2023-09-15T23:43:25.3117207Z remote: Counting objects:  99% (215/217)        
2023-09-15T23:43:25.3117866Z remote: Counting objects: 100% (217/217)        
2023-09-15T23:43:25.3118577Z remote: Counting objects: 100% (217/217), done.        
2023-09-15T23:43:25.3119346Z remote: Compressing objects:   0% (1/166)        
2023-09-15T23:43:25.3120046Z remote: Compressing objects:   1% (2/166)        
2023-09-15T23:43:25.3120734Z remote: Compressing objects:   2% (4/166)        
2023-09-15T23:43:25.3121420Z remote: Compressing objects:   3% (5/166)        
2023-09-15T23:43:25.3122086Z remote: Compressing objects:   4% (7/166)        
2023-09-15T23:43:25.3122794Z remote: Compressing objects:   5% (9/166)        
2023-09-15T23:43:25.3123496Z remote: Compressing objects:   6% (10/166)        
2023-09-15T23:43:25.3124224Z remote: Compressing objects:   7% (12/166)        
2023-09-15T23:43:25.3124919Z remote: Compressing objects:   8% (14/166)        
2023-09-15T23:43:25.3125805Z remote: Compressing objects:   9% (15/166)        
2023-09-15T23:43:25.3126527Z remote: Compressing objects:  10% (17/166)        
2023-09-15T23:43:25.3127219Z remote: Compressing objects:  11% (19/166)        
2023-09-15T23:43:25.3127935Z remote: Compressing objects:  12% (20/166)        
2023-09-15T23:43:25.3128785Z remote: Compressing objects:  13% (22/166)        
2023-09-15T23:43:25.3129505Z remote: Compressing objects:  14% (24/166)        
2023-09-15T23:43:25.3130222Z remote: Compressing objects:  15% (25/166)        
2023-09-15T23:43:25.3130954Z remote: Compressing objects:  16% (27/166)        
2023-09-15T23:43:25.3131641Z remote: Compressing objects:  17% (29/166)        
2023-09-15T23:43:25.3132320Z remote: Compressing objects:  18% (30/166)        
2023-09-15T23:43:25.3132997Z remote: Compressing objects:  19% (32/166)        
2023-09-15T23:43:25.3133693Z remote: Compressing objects:  20% (34/166)        
2023-09-15T23:43:25.3134368Z remote: Compressing objects:  21% (35/166)        
2023-09-15T23:43:25.3135056Z remote: Compressing objects:  22% (37/166)        
2023-09-15T23:43:25.3135738Z remote: Compressing objects:  23% (39/166)        
2023-09-15T23:43:25.3136404Z remote: Compressing objects:  24% (40/166)        
2023-09-15T23:43:25.3137087Z remote: Compressing objects:  25% (42/166)        
2023-09-15T23:43:25.3137763Z remote: Compressing objects:  26% (44/166)        
2023-09-15T23:43:25.3138428Z remote: Compressing objects:  27% (45/166)        
2023-09-15T23:43:25.3139116Z remote: Compressing objects:  28% (47/166)        
2023-09-15T23:43:25.3139781Z remote: Compressing objects:  29% (49/166)        
2023-09-15T23:43:25.3140459Z remote: Compressing objects:  30% (50/166)        
2023-09-15T23:43:25.3141129Z remote: Compressing objects:  31% (52/166)        
2023-09-15T23:43:25.3141806Z remote: Compressing objects:  32% (54/166)        
2023-09-15T23:43:25.3142480Z remote: Compressing objects:  33% (55/166)        
2023-09-15T23:43:25.3143144Z remote: Compressing objects:  34% (57/166)        
2023-09-15T23:43:25.3143823Z remote: Compressing objects:  35% (59/166)        
2023-09-15T23:43:25.3144495Z remote: Compressing objects:  36% (60/166)        
2023-09-15T23:43:25.3145160Z remote: Compressing objects:  37% (62/166)        
2023-09-15T23:43:25.3145838Z remote: Compressing objects:  38% (64/166)        
2023-09-15T23:43:25.3146522Z remote: Compressing objects:  39% (65/166)        
2023-09-15T23:43:25.3147339Z remote: Compressing objects:  40% (67/166)        
2023-09-15T23:43:25.3148053Z remote: Compressing objects:  41% (69/166)        
2023-09-15T23:43:25.3148747Z remote: Compressing objects:  42% (70/166)        
2023-09-15T23:43:25.3149442Z remote: Compressing objects:  43% (72/166)        
2023-09-15T23:43:25.3150114Z remote: Compressing objects:  44% (74/166)        
2023-09-15T23:43:25.3150798Z remote: Compressing objects:  45% (75/166)        
2023-09-15T23:43:25.3151466Z remote: Compressing objects:  46% (77/166)        
2023-09-15T23:43:25.3152132Z remote: Compressing objects:  47% (79/166)        
2023-09-15T23:43:25.3152813Z remote: Compressing objects:  48% (80/166)        
2023-09-15T23:43:25.3153494Z remote: Compressing objects:  49% (82/166)        
2023-09-15T23:43:25.3154190Z remote: Compressing objects:  50% (83/166)        
2023-09-15T23:43:25.3154877Z remote: Compressing objects:  51% (85/166)        
2023-09-15T23:43:25.3155552Z remote: Compressing objects:  52% (87/166)        
2023-09-15T23:43:25.3196893Z remote: Compressing objects:  53% (88/166)        
2023-09-15T23:43:25.3197616Z remote: Compressing objects:  54% (90/166)        
2023-09-15T23:43:25.3198315Z remote: Compressing objects:  55% (92/166)        
2023-09-15T23:43:25.3199349Z remote: Compressing objects:  56% (93/166)        
2023-09-15T23:43:25.3200030Z remote: Compressing objects:  57% (95/166)        
2023-09-15T23:43:25.3200750Z remote: Compressing objects:  58% (97/166)        
2023-09-15T23:43:25.3202098Z remote: Compressing objects:  59% (98/166)        
2023-09-15T23:43:25.3203047Z remote: Compressing objects:  60% (100/166)        
2023-09-15T23:43:25.3203815Z remote: Compressing objects:  61% (102/166)        
2023-09-15T23:43:25.3204509Z remote: Compressing objects:  62% (103/166)        
2023-09-15T23:43:25.3208216Z remote: Compressing objects:  63% (105/166)        
2023-09-15T23:43:25.3212634Z remote: Compressing objects:  64% (107/166)        
2023-09-15T23:43:25.3216504Z remote: Compressing objects:  65% (108/166)        
2023-09-15T23:43:25.3221638Z remote: Compressing objects:  66% (110/166)        
2023-09-15T23:43:25.3222643Z remote: Compressing objects:  67% (112/166)        
2023-09-15T23:43:25.3223477Z remote: Compressing objects:  68% (113/166)        
2023-09-15T23:43:25.3224370Z remote: Compressing objects:  69% (115/166)        
2023-09-15T23:43:25.3225229Z remote: Compressing objects:  70% (117/166)        
2023-09-15T23:43:25.3226084Z remote: Compressing objects:  71% (118/166)        
2023-09-15T23:43:25.3226965Z remote: Compressing objects:  72% (120/166)        
2023-09-15T23:43:25.3227809Z remote: Compressing objects:  73% (122/166)        
2023-09-15T23:43:25.3228684Z remote: Compressing objects:  74% (123/166)        
2023-09-15T23:43:25.3229540Z remote: Compressing objects:  75% (125/166)        
2023-09-15T23:43:25.3230391Z remote: Compressing objects:  76% (127/166)        
2023-09-15T23:43:25.3231250Z remote: Compressing objects:  77% (128/166)        
2023-09-15T23:43:25.3232109Z remote: Compressing objects:  78% (130/166)        
2023-09-15T23:43:25.3232961Z remote: Compressing objects:  79% (132/166)        
2023-09-15T23:43:25.3233810Z remote: Compressing objects:  80% (133/166)        
2023-09-15T23:43:25.3234656Z remote: Compressing objects:  81% (135/166)        
2023-09-15T23:43:25.3235531Z remote: Compressing objects:  82% (137/166)        
2023-09-15T23:43:25.3236389Z remote: Compressing objects:  83% (138/166)        
2023-09-15T23:43:25.3237246Z remote: Compressing objects:  84% (140/166)        
2023-09-15T23:43:25.3238107Z remote: Compressing objects:  85% (142/166)        
2023-09-15T23:43:25.3238979Z remote: Compressing objects:  86% (143/166)        
2023-09-15T23:43:25.3239815Z remote: Compressing objects:  87% (145/166)        
2023-09-15T23:43:25.3240671Z remote: Compressing objects:  88% (147/166)        
2023-09-15T23:43:25.3241535Z remote: Compressing objects:  89% (148/166)        
2023-09-15T23:43:25.3242466Z remote: Compressing objects:  90% (150/166)        
2023-09-15T23:43:25.3243536Z remote: Compressing objects:  91% (152/166)        
2023-09-15T23:43:25.3244364Z remote: Compressing objects:  92% (153/166)        
2023-09-15T23:43:25.3245246Z remote: Compressing objects:  93% (155/166)        
2023-09-15T23:43:25.3246421Z remote: Compressing objects:  94% (157/166)        
2023-09-15T23:43:25.3247154Z remote: Compressing objects:  95% (158/166)        
2023-09-15T23:43:25.3247865Z remote: Compressing objects:  96% (160/166)        
2023-09-15T23:43:25.3248571Z remote: Compressing objects:  97% (162/166)        
2023-09-15T23:43:25.3249287Z remote: Compressing objects:  98% (163/166)        
2023-09-15T23:43:25.3250003Z remote: Compressing objects:  99% (165/166)        
2023-09-15T23:43:25.3250706Z remote: Compressing objects: 100% (166/166)        
2023-09-15T23:43:25.3251454Z remote: Compressing objects: 100% (166/166), done.        
2023-09-15T23:43:25.3380841Z Receiving objects:   0% (1/217)
2023-09-15T23:43:25.3381733Z Receiving objects:   1% (3/217)
2023-09-15T23:43:25.3382501Z Receiving objects:   2% (5/217)
2023-09-15T23:43:25.3385467Z Receiving objects:   3% (7/217)
2023-09-15T23:43:25.3387064Z Receiving objects:   4% (9/217)
2023-09-15T23:43:25.3387869Z Receiving objects:   5% (11/217)
2023-09-15T23:43:25.3393044Z Receiving objects:   6% (14/217)
2023-09-15T23:43:25.3399945Z Receiving objects:   7% (16/217)
2023-09-15T23:43:25.3482511Z Receiving objects:   8% (18/217)
2023-09-15T23:43:25.3483586Z Receiving objects:   9% (20/217)
2023-09-15T23:43:25.3668359Z Receiving objects:  10% (22/217)
2023-09-15T23:43:25.3674355Z Receiving objects:  11% (24/217)
2023-09-15T23:43:25.3675016Z Receiving objects:  12% (27/217)
2023-09-15T23:43:25.3675638Z Receiving objects:  13% (29/217)
2023-09-15T23:43:25.3676264Z Receiving objects:  14% (31/217)
2023-09-15T23:43:25.3676877Z Receiving objects:  15% (33/217)
2023-09-15T23:43:25.3677714Z Receiving objects:  16% (35/217)
2023-09-15T23:43:25.3686142Z Receiving objects:  17% (37/217)
2023-09-15T23:43:25.3686794Z Receiving objects:  18% (40/217)
2023-09-15T23:43:25.3687413Z Receiving objects:  19% (42/217)
2023-09-15T23:43:25.3688034Z Receiving objects:  20% (44/217)
2023-09-15T23:43:25.3688635Z Receiving objects:  21% (46/217)
2023-09-15T23:43:25.3689245Z Receiving objects:  22% (48/217)
2023-09-15T23:43:25.3689854Z Receiving objects:  23% (50/217)
2023-09-15T23:43:25.3690451Z Receiving objects:  24% (53/217)
2023-09-15T23:43:25.3691065Z Receiving objects:  25% (55/217)
2023-09-15T23:43:25.3691662Z Receiving objects:  26% (57/217)
2023-09-15T23:43:25.3692276Z Receiving objects:  27% (59/217)
2023-09-15T23:43:25.3692883Z Receiving objects:  28% (61/217)
2023-09-15T23:43:25.3693472Z Receiving objects:  29% (63/217)
2023-09-15T23:43:25.3694074Z Receiving objects:  30% (66/217)
2023-09-15T23:43:25.3694665Z Receiving objects:  31% (68/217)
2023-09-15T23:43:25.3695264Z Receiving objects:  32% (70/217)
2023-09-15T23:43:25.3782092Z Receiving objects:  33% (72/217)
2023-09-15T23:43:25.3782730Z Receiving objects:  34% (74/217)
2023-09-15T23:43:25.3783399Z Receiving objects:  35% (76/217)
2023-09-15T23:43:25.3784011Z Receiving objects:  36% (79/217)
2023-09-15T23:43:25.3784629Z Receiving objects:  37% (81/217)
2023-09-15T23:43:25.3785247Z Receiving objects:  38% (83/217)
2023-09-15T23:43:25.3785853Z Receiving objects:  39% (85/217)
2023-09-15T23:43:25.3786469Z Receiving objects:  40% (87/217)
2023-09-15T23:43:25.3835631Z Receiving objects:  41% (89/217)
2023-09-15T23:43:25.3925758Z Receiving objects:  42% (92/217)
2023-09-15T23:43:25.3926450Z Receiving objects:  43% (94/217)
2023-09-15T23:43:25.3927086Z Receiving objects:  44% (96/217)
2023-09-15T23:43:25.3960884Z Receiving objects:  45% (98/217)
2023-09-15T23:43:25.3965846Z Receiving objects:  46% (100/217)
2023-09-15T23:43:25.3966526Z Receiving objects:  47% (102/217)
2023-09-15T23:43:25.3973145Z Receiving objects:  48% (105/217)
2023-09-15T23:43:25.3973800Z Receiving objects:  49% (107/217)
2023-09-15T23:43:25.3974452Z Receiving objects:  50% (109/217)
2023-09-15T23:43:25.3975062Z Receiving objects:  51% (111/217)
2023-09-15T23:43:25.3981858Z Receiving objects:  52% (113/217)
2023-09-15T23:43:25.3984902Z Receiving objects:  53% (116/217)
2023-09-15T23:43:25.3985524Z Receiving objects:  54% (118/217)
2023-09-15T23:43:25.3986148Z Receiving objects:  55% (120/217)
2023-09-15T23:43:25.3986771Z Receiving objects:  56% (122/217)
2023-09-15T23:43:25.3987387Z Receiving objects:  57% (124/217)
2023-09-15T23:43:25.3988000Z Receiving objects:  58% (126/217)
2023-09-15T23:43:25.3988614Z Receiving objects:  59% (129/217)
2023-09-15T23:43:25.4006872Z Receiving objects:  60% (131/217)
2023-09-15T23:43:25.4007590Z Receiving objects:  61% (133/217)
2023-09-15T23:43:25.4008229Z Receiving objects:  62% (135/217)
2023-09-15T23:43:25.4008872Z Receiving objects:  63% (137/217)
2023-09-15T23:43:25.4009527Z Receiving objects:  64% (139/217)
2023-09-15T23:43:25.4010145Z Receiving objects:  65% (142/217)
2023-09-15T23:43:25.4010790Z Receiving objects:  66% (144/217)
2023-09-15T23:43:25.4011410Z Receiving objects:  67% (146/217)
2023-09-15T23:43:25.4012044Z Receiving objects:  68% (148/217)
2023-09-15T23:43:25.4012657Z Receiving objects:  69% (150/217)
2023-09-15T23:43:25.4013273Z Receiving objects:  70% (152/217)
2023-09-15T23:43:25.4013878Z Receiving objects:  71% (155/217)
2023-09-15T23:43:25.4014542Z Receiving objects:  72% (157/217)
2023-09-15T23:43:25.4015169Z Receiving objects:  73% (159/217)
2023-09-15T23:43:25.4015792Z Receiving objects:  74% (161/217)
2023-09-15T23:43:25.4016431Z Receiving objects:  75% (163/217)
2023-09-15T23:43:25.4017044Z Receiving objects:  76% (165/217)
2023-09-15T23:43:25.4017654Z Receiving objects:  77% (168/217)
2023-09-15T23:43:25.4058132Z Receiving objects:  78% (170/217)
2023-09-15T23:43:25.4058883Z Receiving objects:  79% (172/217)
2023-09-15T23:43:25.4059530Z Receiving objects:  80% (174/217)
2023-09-15T23:43:25.4061213Z Receiving objects:  81% (176/217)
2023-09-15T23:43:25.4269274Z Receiving objects:  82% (178/217)
2023-09-15T23:43:25.4270357Z remote: Total 217 (delta 32), reused 90 (delta 2), pack-reused 0        
2023-09-15T23:43:25.4271208Z Receiving objects:  83% (181/217)
2023-09-15T23:43:25.4271848Z Receiving objects:  84% (183/217)
2023-09-15T23:43:25.4272479Z Receiving objects:  85% (185/217)
2023-09-15T23:43:25.4273108Z Receiving objects:  86% (187/217)
2023-09-15T23:43:25.4291787Z Receiving objects:  87% (189/217)
2023-09-15T23:43:25.4330710Z Receiving objects:  88% (191/217)
2023-09-15T23:43:25.4331450Z Receiving objects:  89% (194/217)
2023-09-15T23:43:25.4332117Z Receiving objects:  90% (196/217)
2023-09-15T23:43:25.4332751Z Receiving objects:  91% (198/217)
2023-09-15T23:43:25.4333399Z Receiving objects:  92% (200/217)
2023-09-15T23:43:25.4334005Z Receiving objects:  93% (202/217)
2023-09-15T23:43:25.4334609Z Receiving objects:  94% (204/217)
2023-09-15T23:43:25.4335224Z Receiving objects:  95% (207/217)
2023-09-15T23:43:25.4335851Z Receiving objects:  96% (209/217)
2023-09-15T23:43:25.4336474Z Receiving objects:  97% (211/217)
2023-09-15T23:43:25.4337085Z Receiving objects:  98% (213/217)
2023-09-15T23:43:25.4337703Z Receiving objects:  99% (215/217)
2023-09-15T23:43:25.4338320Z Receiving objects: 100% (217/217)
2023-09-15T23:43:25.4339032Z Receiving objects: 100% (217/217), 375.81 KiB | 4.13 MiB/s, done.
2023-09-15T23:43:25.4339856Z Resolving deltas:   0% (0/32)
2023-09-15T23:43:25.4340462Z Resolving deltas:   3% (1/32)
2023-09-15T23:43:25.4341075Z Resolving deltas:   6% (2/32)
2023-09-15T23:43:25.4341686Z Resolving deltas:   9% (3/32)
2023-09-15T23:43:25.4342284Z Resolving deltas:  12% (4/32)
2023-09-15T23:43:25.4342893Z Resolving deltas:  15% (5/32)
2023-09-15T23:43:25.4343482Z Resolving deltas:  18% (6/32)
2023-09-15T23:43:25.4344098Z Resolving deltas:  21% (7/32)
2023-09-15T23:43:25.4344683Z Resolving deltas:  25% (8/32)
2023-09-15T23:43:25.4345256Z Resolving deltas:  28% (9/32)
2023-09-15T23:43:25.4345841Z Resolving deltas:  31% (10/32)
2023-09-15T23:43:25.4346447Z Resolving deltas:  34% (11/32)
2023-09-15T23:43:25.4347039Z Resolving deltas:  37% (12/32)
2023-09-15T23:43:25.4347629Z Resolving deltas:  40% (13/32)
2023-09-15T23:43:25.4357798Z Resolving deltas:  43% (14/32)
2023-09-15T23:43:25.4358644Z Resolving deltas:  46% (15/32)
2023-09-15T23:43:25.4359269Z Resolving deltas:  50% (16/32)
2023-09-15T23:43:25.4359888Z Resolving deltas:  53% (17/32)
2023-09-15T23:43:25.4360474Z Resolving deltas:  56% (18/32)
2023-09-15T23:43:25.4361055Z Resolving deltas:  59% (19/32)
2023-09-15T23:43:25.4361632Z Resolving deltas:  62% (20/32)
2023-09-15T23:43:25.4362208Z Resolving deltas:  65% (21/32)
2023-09-15T23:43:25.4362798Z Resolving deltas:  68% (22/32)
2023-09-15T23:43:25.4363378Z Resolving deltas:  71% (23/32)
2023-09-15T23:43:25.4363948Z Resolving deltas:  75% (24/32)
2023-09-15T23:43:25.4364521Z Resolving deltas:  78% (25/32)
2023-09-15T23:43:25.4365078Z Resolving deltas:  81% (26/32)
2023-09-15T23:43:25.4365887Z Resolving deltas:  84% (27/32)
2023-09-15T23:43:25.4366492Z Resolving deltas:  87% (28/32)
2023-09-15T23:43:25.4367065Z Resolving deltas:  90% (29/32)
2023-09-15T23:43:25.4367651Z Resolving deltas:  93% (30/32)
2023-09-15T23:43:25.4368233Z Resolving deltas:  96% (31/32)
2023-09-15T23:43:25.4368820Z Resolving deltas: 100% (32/32)
2023-09-15T23:43:25.4369434Z Resolving deltas: 100% (32/32), done.
2023-09-15T23:43:25.4432254Z From https://github.com/adamint/spotify-web-api-kotlin
2023-09-15T23:43:25.4433547Z  * [new ref]         06ad1924c5b2192569e5f02f8615a444f405b1f5 -> origin/main
2023-09-15T23:43:25.4472003Z ##[endgroup]
2023-09-15T23:43:25.4473007Z ##[group]Determining the checkout info
2023-09-15T23:43:25.4473957Z ##[endgroup]
2023-09-15T23:43:25.4474853Z ##[group]Checking out the ref
2023-09-15T23:43:25.4475854Z [command]/usr/bin/git checkout --progress --force -B main refs/remotes/origin/main
2023-09-15T23:43:25.4686303Z Switched to a new branch 'main'
2023-09-15T23:43:25.4687375Z branch 'main' set up to track 'origin/main'.
2023-09-15T23:43:25.4709939Z ##[endgroup]
2023-09-15T23:43:25.4745993Z [command]/usr/bin/git log -1 --format='%H'
2023-09-15T23:43:25.4784299Z '06ad1924c5b2192569e5f02f8615a444f405b1f5'
2023-09-15T23:43:25.5180887Z ##[group]Run actions/setup-java@v2
2023-09-15T23:43:25.5181551Z with:
2023-09-15T23:43:25.5182108Z   distribution: adopt
2023-09-15T23:43:25.5182686Z   java-version: 17
2023-09-15T23:43:25.5183246Z   java-package: jdk
2023-09-15T23:43:25.5183810Z   architecture: x64
2023-09-15T23:43:25.5184372Z   check-latest: false
2023-09-15T23:43:25.5184936Z   server-id: github
2023-09-15T23:43:25.5185526Z   server-username: GITHUB_ACTOR
2023-09-15T23:43:25.5186132Z   server-password: GITHUB_TOKEN
2023-09-15T23:43:25.5186731Z   overwrite-settings: true
2023-09-15T23:43:25.5187308Z   job-status: success
2023-09-15T23:43:25.5187843Z env:
2023-09-15T23:43:25.5188572Z   SPOTIFY_CLIENT_ID: ***
2023-09-15T23:43:25.5189244Z   SPOTIFY_CLIENT_SECRET: ***
2023-09-15T23:43:25.5191786Z   SPOTIFY_TOKEN_STRING: BQDdMp_9UXHCE7dmz2aqmtd-odJrBMJhf-eCpyhwyPlEyM8TxqXnz83DXPenm207LL2TDdMYPybLi4D7yBQvM-HuVmfs64dRp8z28GXdMW7eA0MDtJWMmv13aAA62864KN3tgHVoqUeSqRyIr8zFZcnSSN1ccp898FOX1arGsrOOpxtsqRb3aVCHiTsZxEH5KtNMEPe-Z7c-o7suZJ0aIgSDoJXFFuGxVkZGPVBNm1dP_8gfhJOyYZjPOcA9Ma1FFhQyprMOlIFwgC8ndMcU0z0OHpAoS81CVB8N4C36nhuhZQpI4OFab4oaJFLPBOqbAWk
2023-09-15T23:43:25.5194555Z   SPOTIFY_REDIRECT_URI: https://***.com/projects/spotify/callback
2023-09-15T23:43:25.5195349Z   NEXUS_USERNAME: ***
2023-09-15T23:43:25.5195995Z   NEXUS_PASSWORD: ***
2023-09-15T23:43:25.5215121Z   ORG_GRADLE_PROJECT_SIGNING_KEY: ***
2023-09-15T23:43:25.5215869Z   ORG_GRADLE_PROJECT_SIGNING_PASSWORD: ***
2023-09-15T23:43:25.5216552Z   SPOTIFY_API_PUBLISH_VERSION: 4.0.3
2023-09-15T23:43:25.5217185Z ##[endgroup]
2023-09-15T23:43:25.7272602Z Trying to resolve the latest version from remote
2023-09-15T23:43:27.1848019Z Resolved latest version as 17.0.8+101
2023-09-15T23:43:27.1850410Z Trying to download...
2023-09-15T23:43:27.1855594Z Downloading Java 17.0.8+101 (Adopt-Hotspot) from https://github.com/adoptium/temurin17-binaries/releases/download/jdk-17.0.8.1%2B1/OpenJDK17U-jdk_x64_linux_hotspot_17.0.8.1_1.tar.gz ...
2023-09-15T23:43:28.5815426Z Extracting Java archive...
2023-09-15T23:43:28.5949498Z [command]/usr/bin/tar xz --warning=no-unknown-keyword -C /home/runner/work/_temp/785cf70e-3aaf-4185-be03-15b903aaaa4e -f /home/runner/work/_temp/24bc1cd1-6803-426b-b671-ca2ca6c2418d
2023-09-15T23:43:32.8212734Z Java 17.0.8+101 was downloaded
2023-09-15T23:43:32.8213673Z Setting Java 17.0.8+101 as the default
2023-09-15T23:43:32.8226205Z 
2023-09-15T23:43:32.8226707Z Java configuration:
2023-09-15T23:43:32.8230165Z   Distribution: adopt
2023-09-15T23:43:32.8281132Z   Version: 17.0.8+101
2023-09-15T23:43:32.8282079Z   Path: /opt/hostedtoolcache/Java_Adopt_jdk/17.0.8-101/x64
2023-09-15T23:43:32.8282555Z 
2023-09-15T23:43:32.8310022Z Creating settings.xml with server-id: github
2023-09-15T23:43:32.8327104Z Writing to /home/runner/.m2/settings.xml
2023-09-15T23:43:32.8498253Z ##[group]Run sudo apt-get install -y curl libcurl4-openssl-dev
2023-09-15T23:43:32.8499175Z [36;1msudo apt-get install -y curl libcurl4-openssl-dev[0m
2023-09-15T23:43:32.8565410Z shell: /usr/bin/bash -e {0}
2023-09-15T23:43:32.8566205Z env:
2023-09-15T23:43:32.8567146Z   SPOTIFY_CLIENT_ID: ***
2023-09-15T23:43:32.8567837Z   SPOTIFY_CLIENT_SECRET: ***
2023-09-15T23:43:32.8570355Z   SPOTIFY_TOKEN_STRING: BQDdMp_9UXHCE7dmz2aqmtd-odJrBMJhf-eCpyhwyPlEyM8TxqXnz83DXPenm207LL2TDdMYPybLi4D7yBQvM-HuVmfs64dRp8z28GXdMW7eA0MDtJWMmv13aAA62864KN3tgHVoqUeSqRyIr8zFZcnSSN1ccp898FOX1arGsrOOpxtsqRb3aVCHiTsZxEH5KtNMEPe-Z7c-o7suZJ0aIgSDoJXFFuGxVkZGPVBNm1dP_8gfhJOyYZjPOcA9Ma1FFhQyprMOlIFwgC8ndMcU0z0OHpAoS81CVB8N4C36nhuhZQpI4OFab4oaJFLPBOqbAWk
2023-09-15T23:43:32.8573023Z   SPOTIFY_REDIRECT_URI: https://***.com/projects/spotify/callback
2023-09-15T23:43:32.8573806Z   NEXUS_USERNAME: ***
2023-09-15T23:43:32.8574423Z   NEXUS_PASSWORD: ***
2023-09-15T23:43:32.8592492Z   ORG_GRADLE_PROJECT_SIGNING_KEY: ***
2023-09-15T23:43:32.8593213Z   ORG_GRADLE_PROJECT_SIGNING_PASSWORD: ***
2023-09-15T23:43:32.8594233Z   SPOTIFY_API_PUBLISH_VERSION: 4.0.3
2023-09-15T23:43:32.8594963Z   JAVA_HOME: /opt/hostedtoolcache/Java_Adopt_jdk/17.0.8-101/x64
2023-09-15T23:43:32.8595711Z ##[endgroup]
2023-09-15T23:43:34.5090245Z Reading package lists...
2023-09-15T23:43:34.6830357Z Building dependency tree...
2023-09-15T23:43:34.6849332Z Reading state information...
2023-09-15T23:43:34.8198377Z curl is already the newest version (7.81.0-1ubuntu1.13).
2023-09-15T23:43:34.8199441Z Suggested packages:
2023-09-15T23:43:34.8200989Z   libcurl4-doc libidn11-dev libkrb5-dev libldap2-dev librtmp-dev libssh2-1-dev
2023-09-15T23:43:34.8369512Z The following NEW packages will be installed:
2023-09-15T23:43:34.8374828Z   libcurl4-openssl-dev
2023-09-15T23:43:34.8552217Z 0 upgraded, 1 newly installed, 0 to remove and 28 not upgraded.
2023-09-15T23:43:34.8553243Z Need to get 386 kB of archives.
2023-09-15T23:43:34.8554175Z After this operation, 1697 kB of additional disk space will be used.
2023-09-15T23:43:34.8555413Z Get:1 file:/etc/apt/apt-mirrors.txt Mirrorlist [142 B]
2023-09-15T23:43:34.9251122Z Get:2 http://azure.archive.ubuntu.com/ubuntu jammy-updates/main amd64 libcurl4-openssl-dev amd64 7.81.0-1ubuntu1.13 [386 kB]
2023-09-15T23:43:35.2969191Z Fetched 386 kB in 0s (4366 kB/s)
2023-09-15T23:43:35.3281778Z Selecting previously unselected package libcurl4-openssl-dev:amd64.
2023-09-15T23:43:35.3496724Z (Reading database ... 
2023-09-15T23:43:35.3497913Z (Reading database ... 5%
2023-09-15T23:43:35.3498696Z (Reading database ... 10%
2023-09-15T23:43:35.3499304Z (Reading database ... 15%
2023-09-15T23:43:35.3499900Z (Reading database ... 20%
2023-09-15T23:43:35.3500510Z (Reading database ... 25%
2023-09-15T23:43:35.3501084Z (Reading database ... 30%
2023-09-15T23:43:35.3501668Z (Reading database ... 35%
2023-09-15T23:43:35.3502235Z (Reading database ... 40%
2023-09-15T23:43:35.3502814Z (Reading database ... 45%
2023-09-15T23:43:35.3503403Z (Reading database ... 50%
2023-09-15T23:43:35.3798593Z (Reading database ... 55%
2023-09-15T23:43:35.4123186Z (Reading database ... 60%
2023-09-15T23:43:35.4386238Z (Reading database ... 65%
2023-09-15T23:43:35.4799822Z (Reading database ... 70%
2023-09-15T23:43:35.5113052Z (Reading database ... 75%
2023-09-15T23:43:35.5767842Z (Reading database ... 80%
2023-09-15T23:43:35.6443912Z (Reading database ... 85%
2023-09-15T23:43:35.6726219Z (Reading database ... 90%
2023-09-15T23:43:35.7193206Z (Reading database ... 95%
2023-09-15T23:43:35.7206693Z (Reading database ... 100%
2023-09-15T23:43:35.7207786Z (Reading database ... 228594 files and directories currently installed.)
2023-09-15T23:43:35.7256923Z Preparing to unpack .../libcurl4-openssl-dev_7.81.0-1ubuntu1.13_amd64.deb ...
2023-09-15T23:43:35.7299493Z Unpacking libcurl4-openssl-dev:amd64 (7.81.0-1ubuntu1.13) ...
2023-09-15T23:43:35.7944412Z Setting up libcurl4-openssl-dev:amd64 (7.81.0-1ubuntu1.13) ...
2023-09-15T23:43:35.7979567Z Processing triggers for man-db (2.10.2-1) ...
2023-09-15T23:43:36.5667352Z NEEDRESTART-VER: 3.5
2023-09-15T23:43:36.8761856Z NEEDRESTART-KCUR: 6.2.0-1011-azure
2023-09-15T23:43:36.8763001Z NEEDRESTART-KEXP: 6.2.0-1011-azure
2023-09-15T23:43:36.8763883Z NEEDRESTART-KSTA: 1
2023-09-15T23:43:39.4262882Z ##[group]Run ./gradlew testDebugUnitTest
2023-09-15T23:43:39.4263620Z [36;1m./gradlew testDebugUnitTest[0m
2023-09-15T23:43:39.4328629Z shell: /usr/bin/bash -e {0}
2023-09-15T23:43:39.4329209Z env:
2023-09-15T23:43:39.4329917Z   SPOTIFY_CLIENT_ID: ***
2023-09-15T23:43:39.4330638Z   SPOTIFY_CLIENT_SECRET: ***
2023-09-15T23:43:39.4333151Z   SPOTIFY_TOKEN_STRING: BQDdMp_9UXHCE7dmz2aqmtd-odJrBMJhf-eCpyhwyPlEyM8TxqXnz83DXPenm207LL2TDdMYPybLi4D7yBQvM-HuVmfs64dRp8z28GXdMW7eA0MDtJWMmv13aAA62864KN3tgHVoqUeSqRyIr8zFZcnSSN1ccp898FOX1arGsrOOpxtsqRb3aVCHiTsZxEH5KtNMEPe-Z7c-o7suZJ0aIgSDoJXFFuGxVkZGPVBNm1dP_8gfhJOyYZjPOcA9Ma1FFhQyprMOlIFwgC8ndMcU0z0OHpAoS81CVB8N4C36nhuhZQpI4OFab4oaJFLPBOqbAWk
2023-09-15T23:43:39.4335885Z   SPOTIFY_REDIRECT_URI: https://***.com/projects/spotify/callback
2023-09-15T23:43:39.4336665Z   NEXUS_USERNAME: ***
2023-09-15T23:43:39.4337517Z   NEXUS_PASSWORD: ***
2023-09-15T23:43:39.4357114Z   ORG_GRADLE_PROJECT_SIGNING_KEY: ***
2023-09-15T23:43:39.4357891Z   ORG_GRADLE_PROJECT_SIGNING_PASSWORD: ***
2023-09-15T23:43:39.4358573Z   SPOTIFY_API_PUBLISH_VERSION: 4.0.3
2023-09-15T23:43:39.4359305Z   JAVA_HOME: /opt/hostedtoolcache/Java_Adopt_jdk/17.0.8-101/x64
2023-09-15T23:43:39.4360046Z ##[endgroup]
2023-09-15T23:43:39.5486422Z Downloading https://services.gradle.org/distributions/gradle-8.3-bin.zip
2023-09-15T23:43:41.7918253Z ............10%............20%.............30%............40%.............50%............60%.............70%............80%.............90%............100%
2023-09-15T23:43:43.1614497Z 
2023-09-15T23:43:43.1615120Z Welcome to Gradle 8.3!
2023-09-15T23:43:43.1615637Z 
2023-09-15T23:43:43.1616149Z Here are the highlights of this release:
2023-09-15T23:43:43.1617045Z  - Faster Java compilation
2023-09-15T23:43:43.1619836Z  - Reduced memory usage
2023-09-15T23:43:43.1620503Z  - Support for running on Java 20
2023-09-15T23:43:43.1620908Z 
2023-09-15T23:43:43.1621383Z For more details see https://docs.gradle.org/8.3/release-notes.html
2023-09-15T23:43:43.1621924Z 
2023-09-15T23:43:43.2601496Z Starting a Gradle Daemon (subsequent builds will be faster)
2023-09-15T23:45:20.3605466Z 
2023-09-15T23:45:20.3622469Z > Configure project :
2023-09-15T23:45:20.3632087Z w: file:///home/runner/work/spotify-web-api-kotlin/spotify-web-api-kotlin/build.gradle.kts:59:9: 'targetSdk: Int?' is deprecated. Will be removed from library DSL in v9.0
2023-09-15T23:45:20.3638593Z w: file:///home/runner/work/spotify-web-api-kotlin/spotify-web-api-kotlin/build.gradle.kts:113:13: 'webpackTask(KotlinWebpack.() -> Unit): Unit' is deprecated. Please use webpackTask(Action)
2023-09-15T23:45:20.3644284Z w: file:///home/runner/work/spotify-web-api-kotlin/spotify-web-api-kotlin/build.gradle.kts:118:13: 'testTask(KotlinJsTest.() -> Unit): Unit' is deprecated. Please use testTask(Action)
2023-09-15T23:45:20.3649387Z w: file:///home/runner/work/spotify-web-api-kotlin/spotify-web-api-kotlin/build.gradle.kts:355:30: 'getter for buildDir: File!' is deprecated. Deprecated in Java
2023-09-15T23:45:22.7596365Z 
2023-09-15T23:45:22.7597234Z Please wait while Kotlin/Native compiler 1.9.10 is being installed.
2023-09-15T23:45:23.3598045Z Download https://download.jetbrains.com/kotlin/native/builds/releases/1.9.10/linux-x86_64/kotlin-native-prebuilt-linux-x86_64-1.9.10.tar.gz (192.68 MB)
2023-09-15T23:45:25.8602737Z Download kotlin-native-prebuilt-linux-x86_64-1.9.10.tar.gz finished, took 2 s 579 ms
2023-09-15T23:45:25.8604338Z Unpack Kotlin/Native compiler to /home/runner/.konan/kotlin-native-prebuilt-linux-x86_64-1.9.10
2023-09-15T23:45:28.8597197Z Unpack Kotlin/Native compiler to /home/runner/.konan/kotlin-native-prebuilt-linux-x86_64-1.9.10 finished, took 2 s 993 ms
2023-09-15T23:45:32.0599392Z 
2023-09-15T23:45:32.0657382Z Some Kotlin/Native targets cannot be built on this linux_x64 machine and are disabled:
2023-09-15T23:45:32.0658742Z     * In project ':':
2023-09-15T23:45:32.0659879Z         * targets 'macosX64', 'iosArm64', 'iosX64' (can be built with one of the hosts: macos_x64, macos_arm64)
2023-09-15T23:45:32.0661702Z To hide this message, add 'kotlin.native.ignoreDisabledTargets=true' to the Gradle properties.
2023-09-15T23:45:32.0662516Z 
2023-09-15T23:45:32.0662842Z 
2023-09-15T23:45:32.0663525Z > Task :preBuild UP-TO-DATE
2023-09-15T23:45:32.0744191Z > Task :preDebugBuild UP-TO-DATE
2023-09-15T23:45:32.1597360Z > Task :generateDebugResValues
2023-09-15T23:45:32.2596825Z > Task :generateDebugResources
2023-09-15T23:45:32.3596702Z > Task :packageDebugResources
2023-09-15T23:45:34.3601230Z > Task :parseDebugLocalResources
2023-09-15T23:45:34.3601996Z > Task :javaPreCompileDebug
2023-09-15T23:45:34.3602893Z > Task :preDebugUnitTestBuild UP-TO-DATE
2023-09-15T23:45:34.3603604Z > Task :javaPreCompileDebugUnitTest
2023-09-15T23:45:34.3604000Z 
2023-09-15T23:45:34.3604296Z > Task :processDebugManifest
2023-09-15T23:45:34.3605938Z package="com.***.spotify" found in source AndroidManifest.xml: /home/runner/work/spotify-web-api-kotlin/spotify-web-api-kotlin/src/androidMain/AndroidManifest.xml.
2023-09-15T23:45:34.3607705Z Setting the namespace via the package attribute in the source AndroidManifest.xml is no longer supported, and the value is ignored.
2023-09-15T23:45:34.3609385Z Recommendation: remove package="com.***.spotify" from the source AndroidManifest.xml: /home/runner/work/spotify-web-api-kotlin/spotify-web-api-kotlin/src/androidMain/AndroidManifest.xml.
2023-09-15T23:45:34.4596132Z 
2023-09-15T23:45:34.4596831Z > Task :generateDebugRFile
2023-09-15T23:46:04.4597518Z > Task :compileDebugKotlinAndroid
2023-09-15T23:46:08.2597322Z > Task :generateDebugUnitTestStubRFile
2023-09-15T23:46:45.9597305Z 
2023-09-15T23:46:45.9597994Z > Task :compileDebugKotlinAndroid
2023-09-15T23:46:45.9600028Z w: file:///home/runner/work/spotify-web-api-kotlin/spotify-web-api-kotlin/src/commonMain/kotlin/com.***.spotify/utils/Utils.kt:20:39 Parameter 'catchInternalServerError' is never used
2023-09-15T23:46:46.1606378Z 
2023-09-15T23:46:46.1619380Z > Task :compileDebugJavaWithJavac NO-SOURCE
2023-09-15T23:46:46.2640302Z > Task :bundleLibRuntimeToJarDebug
2023-09-15T23:46:46.2641063Z > Task :bundleLibCompileToJarDebug
2023-09-15T23:46:46.3677568Z > Task :processDebugJavaRes
2023-09-15T23:46:55.9598475Z 
2023-09-15T23:46:55.9599553Z > Task :compileDebugUnitTestKotlinAndroid
2023-09-15T23:46:55.9601779Z w: file:///home/runner/work/spotify-web-api-kotlin/spotify-web-api-kotlin/src/commonJvmLikeTest/kotlin/com/***/spotify/CommonImpl.kt:75:38 Type mismatch: inferred type is String? but String was expected
2023-09-15T23:46:55.9604180Z w: file:///home/runner/work/spotify-web-api-kotlin/spotify-web-api-kotlin/src/commonTest/kotlin/com.***/spotify/priv/ClientPlayerApiTest.kt:196:13 Variable 'trackId' is never used
2023-09-15T23:46:55.9659863Z w: file:///home/runner/work/spotify-web-api-kotlin/spotify-web-api-kotlin/src/commonTest/kotlin/com.***/spotify/priv/ClientPlaylistApiTest.kt:83:13 Variable 'tracks' is never used
2023-09-15T23:46:55.9660868Z 
2023-09-15T23:46:55.9661472Z > Task :compileDebugUnitTestJavaWithJavac NO-SOURCE
2023-09-15T23:46:55.9662311Z > Task :processDebugUnitTestJavaRes
2023-09-15T23:47:00.9599141Z 
2023-09-15T23:47:00.9599931Z > Task :testDebugUnitTest
2023-09-15T23:47:00.9600458Z 
2023-09-15T23:47:00.9601183Z com.***.spotify.priv.ClientEpisodeApiTest > testGetEpisode STANDARD_ERROR
2023-09-15T23:47:00.9602301Z     SLF4J: Failed to load class "org.slf4j.impl.StaticLoggerBinder".
2023-09-15T23:47:00.9603587Z     SLF4J: Defaulting to no-operation (NOP) logger implementation
2023-09-15T23:47:00.9604732Z     SLF4J: See http://www.slf4j.org/codes.html#StaticLoggerBinder for further details.
2023-09-15T23:48:09.1600395Z 
2023-09-15T23:48:09.1604296Z Deprecated Gradle features were used in this build, making it incompatible with Gradle 9.0.
2023-09-15T23:48:09.1604975Z 
2023-09-15T23:48:09.1606602Z You can use '--warning-mode all' to show the individual deprecation warnings and determine if they come from your own scripts or plugins.
2023-09-15T23:48:09.1607409Z 
2023-09-15T23:48:09.1608548Z For more on this, please refer to https://docs.gradle.org/8.3/userguide/command_line_interface.html#sec:command_line_warnings in the Gradle documentation.
2023-09-15T23:48:09.1609328Z 
2023-09-15T23:48:09.1609642Z BUILD SUCCESSFUL in 4m 29s
2023-09-15T23:48:09.1610310Z 15 actionable tasks: 15 executed
2023-09-15T23:48:09.4984104Z ##[group]Run ./gradlew jvmTest
2023-09-15T23:48:09.4984816Z [36;1m./gradlew jvmTest[0m
2023-09-15T23:48:09.5059040Z shell: /usr/bin/bash -e {0}
2023-09-15T23:48:09.5059736Z env:
2023-09-15T23:48:09.5060507Z   SPOTIFY_CLIENT_ID: ***
2023-09-15T23:48:09.5061246Z   SPOTIFY_CLIENT_SECRET: ***
2023-09-15T23:48:09.5063905Z   SPOTIFY_TOKEN_STRING: BQDdMp_9UXHCE7dmz2aqmtd-odJrBMJhf-eCpyhwyPlEyM8TxqXnz83DXPenm207LL2TDdMYPybLi4D7yBQvM-HuVmfs64dRp8z28GXdMW7eA0MDtJWMmv13aAA62864KN3tgHVoqUeSqRyIr8zFZcnSSN1ccp898FOX1arGsrOOpxtsqRb3aVCHiTsZxEH5KtNMEPe-Z7c-o7suZJ0aIgSDoJXFFuGxVkZGPVBNm1dP_8gfhJOyYZjPOcA9Ma1FFhQyprMOlIFwgC8ndMcU0z0OHpAoS81CVB8N4C36nhuhZQpI4OFab4oaJFLPBOqbAWk
2023-09-15T23:48:09.5066820Z   SPOTIFY_REDIRECT_URI: https://***.com/projects/spotify/callback
2023-09-15T23:48:09.5067699Z   NEXUS_USERNAME: ***
2023-09-15T23:48:09.5068381Z   NEXUS_PASSWORD: ***
2023-09-15T23:48:09.5088953Z   ORG_GRADLE_PROJECT_SIGNING_KEY: ***
2023-09-15T23:48:09.5089804Z   ORG_GRADLE_PROJECT_SIGNING_PASSWORD: ***
2023-09-15T23:48:09.5090543Z   SPOTIFY_API_PUBLISH_VERSION: 4.0.3
2023-09-15T23:48:09.5091318Z   JAVA_HOME: /opt/hostedtoolcache/Java_Adopt_jdk/17.0.8-101/x64
2023-09-15T23:48:09.5092123Z ##[endgroup]
2023-09-15T23:48:11.0962216Z 
2023-09-15T23:48:11.0972212Z Some Kotlin/Native targets cannot be built on this linux_x64 machine and are disabled:
2023-09-15T23:48:11.0973367Z     * In project ':':
2023-09-15T23:48:11.0974417Z         * targets 'macosX64', 'iosArm64', 'iosX64' (can be built with one of the hosts: macos_x64, macos_arm64)
2023-09-15T23:48:11.0975699Z To hide this message, add 'kotlin.native.ignoreDisabledTargets=true' to the Gradle properties.
2023-09-15T23:48:11.0976364Z 
2023-09-15T23:48:15.4974125Z > Task :jvmProcessResources NO-SOURCE
2023-09-15T23:48:15.4975403Z > Task :jvmTestProcessResources
2023-09-15T23:48:34.5966283Z 
2023-09-15T23:48:34.5967153Z > Task :compileKotlinJvm
2023-09-15T23:48:34.5968945Z w: file:///home/runner/work/spotify-web-api-kotlin/spotify-web-api-kotlin/src/commonMain/kotlin/com.***.spotify/utils/Utils.kt:20:39 Parameter 'catchInternalServerError' is never used
2023-09-15T23:48:34.7961086Z 
2023-09-15T23:48:34.7963880Z > Task :jvmMainClasses
2023-09-15T23:48:41.5952487Z 
2023-09-15T23:48:41.5953459Z > Task :compileTestKotlinJvm
2023-09-15T23:48:41.6070945Z w: file:///home/runner/work/spotify-web-api-kotlin/spotify-web-api-kotlin/src/commonTest/kotlin/com.***/spotify/priv/ClientPlayerApiTest.kt:196:13 Variable 'trackId' is never used
2023-09-15T23:48:41.6072738Z w: file:///home/runner/work/spotify-web-api-kotlin/spotify-web-api-kotlin/src/commonTest/kotlin/com.***/spotify/priv/ClientPlaylistApiTest.kt:83:13 Variable 'tracks' is never used
2023-09-15T23:48:41.6948364Z 
2023-09-15T23:48:41.6948966Z > Task :jvmTestClasses
2023-09-15T23:48:43.6966735Z 
2023-09-15T23:48:43.6967645Z > Task :jvmTest
2023-09-15T23:48:43.6968141Z 
2023-09-15T23:48:43.6968884Z com.***.spotify.priv.ClientEpisodeApiTest[jvm] > testGetEpisode[jvm] STANDARD_ERROR
2023-09-15T23:48:43.6970068Z     SLF4J: Failed to load class "org.slf4j.impl.StaticLoggerBinder".
2023-09-15T23:48:43.6971362Z     SLF4J: Defaulting to no-operation (NOP) logger implementation
2023-09-15T23:48:43.6972958Z     SLF4J: See http://www.slf4j.org/codes.html#StaticLoggerBinder for further details.
2023-09-15T23:50:25.7948631Z 
2023-09-15T23:50:25.7949833Z com.***.spotify.pub.SearchApiTest[jvm] > testSearchMultiple[jvm] FAILED
2023-09-15T23:50:25.7962524Z     kotlinx.coroutines.channels.ClosedReceiveChannelException at BufferedChannel.kt:1729
2023-09-15T23:50:25.7966757Z         Caused by: kotlinx.coroutines.channels.ClosedReceiveChannelException at BufferedChannel.kt:1729
2023-09-15T23:50:32.2968568Z 
2023-09-15T23:50:32.2968590Z 
2023-09-15T23:50:32.2970105Z 95 tests completed, 1 failed
2023-09-15T23:50:32.2970794Z > Task :jvmTest FAILED
2023-09-15T23:50:32.2971765Z 
2023-09-15T23:50:32.2971775Z 
2023-09-15T23:50:32.2972709Z FAILURE: Build failed with an exception.
2023-09-15T23:50:32.2974016Z Deprecated Gradle features were used in this build, making it incompatible with Gradle 9.0.
2023-09-15T23:50:32.2975278Z 
2023-09-15T23:50:32.2975285Z 
2023-09-15T23:50:32.2976160Z * What went wrong:
2023-09-15T23:50:32.2977425Z You can use '--warning-mode all' to show the individual deprecation warnings and determine if they come from your own scripts or plugins.
2023-09-15T23:50:32.2979144Z Execution failed for task ':jvmTest'.
2023-09-15T23:50:32.2979551Z 
2023-09-15T23:50:32.2980963Z > There were failing tests. See the report at: file:///home/runner/work/spotify-web-api-kotlin/spotify-web-api-kotlin/build/reports/tests/jvmTest/index.html
2023-09-15T23:50:32.2982616Z For more on this, please refer to https://docs.gradle.org/8.3/userguide/command_line_interface.html#sec:command_line_warnings in the Gradle documentation.
2023-09-15T23:50:32.2984009Z 
2023-09-15T23:50:32.2984334Z 4 actionable tasks: 4 executed
2023-09-15T23:50:32.2985118Z * Try:
2023-09-15T23:50:32.2985909Z > Run with --scan to get full insights.
2023-09-15T23:50:32.2989370Z 
2023-09-15T23:50:32.2989876Z BUILD FAILED in 2m 22s
2023-09-15T23:50:32.3517029Z ##[error]Process completed with exit code 1.
2023-09-15T23:50:32.3596794Z ##[group]Run actions/upload-artifact@v2
2023-09-15T23:50:32.3597839Z with:
2023-09-15T23:50:32.3598783Z   name: code-coverage-report
2023-09-15T23:50:32.3599750Z   path: build/reports
2023-09-15T23:50:32.3600664Z   if-no-files-found: warn
2023-09-15T23:50:32.3601588Z env:
2023-09-15T23:50:32.3602603Z   SPOTIFY_CLIENT_ID: ***
2023-09-15T23:50:32.3603645Z   SPOTIFY_CLIENT_SECRET: ***
2023-09-15T23:50:32.3606820Z   SPOTIFY_TOKEN_STRING: BQDdMp_9UXHCE7dmz2aqmtd-odJrBMJhf-eCpyhwyPlEyM8TxqXnz83DXPenm207LL2TDdMYPybLi4D7yBQvM-HuVmfs64dRp8z28GXdMW7eA0MDtJWMmv13aAA62864KN3tgHVoqUeSqRyIr8zFZcnSSN1ccp898FOX1arGsrOOpxtsqRb3aVCHiTsZxEH5KtNMEPe-Z7c-o7suZJ0aIgSDoJXFFuGxVkZGPVBNm1dP_8gfhJOyYZjPOcA9Ma1FFhQyprMOlIFwgC8ndMcU0z0OHpAoS81CVB8N4C36nhuhZQpI4OFab4oaJFLPBOqbAWk
2023-09-15T23:50:32.3737414Z   SPOTIFY_REDIRECT_URI: https://***.com/projects/spotify/callback
2023-09-15T23:50:32.3738226Z   NEXUS_USERNAME: ***
2023-09-15T23:50:32.3738822Z   NEXUS_PASSWORD: ***
2023-09-15T23:50:32.3758292Z   ORG_GRADLE_PROJECT_SIGNING_KEY: ***
2023-09-15T23:50:32.3759018Z   ORG_GRADLE_PROJECT_SIGNING_PASSWORD: ***
2023-09-15T23:50:32.3759691Z   SPOTIFY_API_PUBLISH_VERSION: 4.0.3
2023-09-15T23:50:32.3760400Z   JAVA_HOME: /opt/hostedtoolcache/Java_Adopt_jdk/17.0.8-101/x64
2023-09-15T23:50:32.3761146Z ##[endgroup]
2023-09-15T23:50:32.4695248Z With the provided path, there will be 64 files uploaded
2023-09-15T23:50:32.4696388Z Starting artifact upload
2023-09-15T23:50:32.4697745Z For more detailed logs during the artifact upload process, enable step-debugging: https://docs.github.com/actions/monitoring-and-troubleshooting-workflows/enabling-debug-logging#enabling-step-debug-logging
2023-09-15T23:50:32.4698875Z Artifact name is valid!
2023-09-15T23:50:32.6145366Z Container for artifact "code-coverage-report" successfully created. Starting upload of file(s)
2023-09-15T23:50:38.2040339Z Total size of all the files uploaded is 56143 bytes
2023-09-15T23:50:38.2041229Z File upload process has finished. Finalizing the artifact upload
2023-09-15T23:50:38.3309531Z Artifact has been finalized. All files have been successfully uploaded!
2023-09-15T23:50:38.3310521Z 
2023-09-15T23:50:38.3313353Z The raw size of all the files that were specified for upload is 187191 bytes
2023-09-15T23:50:38.3314739Z The size of all the files that were uploaded is 56143 bytes. This takes into account any gzip compression used to reduce the upload size, time and storage
2023-09-15T23:50:38.3315645Z 
2023-09-15T23:50:38.3317373Z Note: The size of downloaded zips can differ significantly from the reported size. For more information see: https://github.com/actions/upload-artifact#zipped-artifact-downloads 
2023-09-15T23:50:38.3318230Z 
2023-09-15T23:50:38.3318669Z Artifact code-coverage-report has been successfully uploaded!
2023-09-15T23:50:38.3436328Z Post job cleanup.
2023-09-15T23:50:38.5172287Z Post job cleanup.
2023-09-15T23:50:38.6714133Z [command]/usr/bin/git version
2023-09-15T23:50:38.6819193Z git version 2.42.0
2023-09-15T23:50:38.6867169Z Temporarily overriding HOME='/home/runner/work/_temp/b380eea5-a9bb-41ba-9ea4-a3ab54806e30' before making global git config changes
2023-09-15T23:50:38.6868651Z Adding repository directory to the temporary git global config as a safe directory
2023-09-15T23:50:38.6875204Z [command]/usr/bin/git config --global --add safe.directory /home/runner/work/spotify-web-api-kotlin/spotify-web-api-kotlin
2023-09-15T23:50:38.6921405Z [command]/usr/bin/git config --local --name-only --get-regexp core\.sshCommand
2023-09-15T23:50:38.6969798Z [command]/usr/bin/git submodule foreach --recursive sh -c "git config --local --name-only --get-regexp 'core\.sshCommand' && git config --local --unset-all 'core.sshCommand' || :"
2023-09-15T23:50:38.7277281Z [command]/usr/bin/git config --local --name-only --get-regexp http\.https\:\/\/github\.com\/\.extraheader
2023-09-15T23:50:38.7309859Z http.https://github.com/.extraheader
2023-09-15T23:50:38.7322420Z [command]/usr/bin/git config --local --unset-all http.https://github.com/.extraheader
2023-09-15T23:50:38.7398300Z [command]/usr/bin/git submodule foreach --recursive sh -c "git config --local --name-only --get-regexp 'http\.https\:\/\/github\.com\/\.extraheader' && git config --local --unset-all 'http.https://github.com/.extraheader' || :"
2023-09-15T23:50:38.7941361Z Cleaning up orphan processes
2023-09-15T23:50:38.8312796Z Terminate orphan process: pid (1903) (java)
2023-09-15T23:50:38.8391694Z Terminate orphan process: pid (2089) (java)
