2023-09-26T18:35:17.0976058Z Requested labels: ubuntu-latest
2023-09-26T18:35:17.0976341Z Job defined at: Aircoookie/WLED/.github/workflows/wled-ci.yml@refs/heads/0_15
2023-09-26T18:35:17.0976443Z Waiting for a runner to pick up this job...
2023-09-26T18:35:17.6551566Z Job is waiting for a hosted runner to come online.
2023-09-26T18:35:20.9968227Z Job is about to start running on the hosted runner: GitHub Actions 10 (hosted)
2023-09-26T18:35:23.3285897Z Current runner version: '2.309.0'
2023-09-26T18:35:23.3314306Z ##[group]Operating System
2023-09-26T18:35:23.3315088Z Ubuntu
2023-09-26T18:35:23.3315356Z 22.04.3
2023-09-26T18:35:23.3315714Z LTS
2023-09-26T18:35:23.3316027Z ##[endgroup]
2023-09-26T18:35:23.3316319Z ##[group]Runner Image
2023-09-26T18:35:23.3316776Z Image: ubuntu-22.04
2023-09-26T18:35:23.3317134Z Version: 20230924.1.0
2023-09-26T18:35:23.3317650Z Included Software: https://github.com/actions/runner-images/blob/ubuntu22/20230924.1/images/linux/Ubuntu2204-Readme.md
2023-09-26T18:35:23.3318337Z Image Release: https://github.com/actions/runner-images/releases/tag/ubuntu22%2F20230924.1
2023-09-26T18:35:23.3318828Z ##[endgroup]
2023-09-26T18:35:23.3319231Z ##[group]Runner Image Provisioner
2023-09-26T18:35:23.3319596Z 2.0.310.1
2023-09-26T18:35:23.3319906Z ##[endgroup]
2023-09-26T18:35:23.3320912Z ##[group]GITHUB_TOKEN Permissions
2023-09-26T18:35:23.3322846Z Actions: write
2023-09-26T18:35:23.3323159Z Checks: write
2023-09-26T18:35:23.3323752Z Contents: write
2023-09-26T18:35:23.3324324Z Deployments: write
2023-09-26T18:35:23.3324969Z Discussions: write
2023-09-26T18:35:23.3325271Z Issues: write
2023-09-26T18:35:23.3325623Z Metadata: read
2023-09-26T18:35:23.3326053Z Packages: write
2023-09-26T18:35:23.3326346Z Pages: write
2023-09-26T18:35:23.3326702Z PullRequests: write
2023-09-26T18:35:23.3327101Z RepositoryProjects: write
2023-09-26T18:35:23.3327445Z SecurityEvents: write
2023-09-26T18:35:23.3327884Z Statuses: write
2023-09-26T18:35:23.3328232Z ##[endgroup]
2023-09-26T18:35:23.3332035Z Secret source: Actions
2023-09-26T18:35:23.3332545Z Prepare workflow directory
2023-09-26T18:35:23.4095412Z Prepare all required actions
2023-09-26T18:35:23.4296754Z Getting action download info
2023-09-26T18:35:23.6090314Z Download action repository 'actions/checkout@v3' (SHA:f43a0e5ff2bd294095638e18286ca9a3d1956744)
2023-09-26T18:35:23.9671470Z Download action repository 'actions/cache@v3' (SHA:704facf57e6136b1bc63b828d79edcd491f0ee84)
2023-09-26T18:35:24.3014968Z Download action repository 'actions/setup-python@v4' (SHA:61a6322f88396a6271a6ee3565807d608ecaddd1)
2023-09-26T18:35:24.5509265Z Download action repository 'actions/upload-artifact@v2' (SHA:82c141cc518b40d92cc801eee768e7aafc9c2fa2)
2023-09-26T18:35:24.8763741Z Complete job name: Build Enviornments (esp32s3dev_8MB_PSRAM_opi)
2023-09-26T18:35:24.9909734Z ##[group]Run actions/checkout@v3
2023-09-26T18:35:24.9910081Z with:
2023-09-26T18:35:24.9910313Z   repository: Aircoookie/WLED
2023-09-26T18:35:24.9910856Z   token: ***
2023-09-26T18:35:24.9911096Z   ssh-strict: true
2023-09-26T18:35:24.9911354Z   persist-credentials: true
2023-09-26T18:35:24.9911588Z   clean: true
2023-09-26T18:35:24.9911848Z   sparse-checkout-cone-mode: true
2023-09-26T18:35:24.9912114Z   fetch-depth: 1
2023-09-26T18:35:24.9912330Z   fetch-tags: false
2023-09-26T18:35:24.9912560Z   lfs: false
2023-09-26T18:35:24.9912780Z   submodules: false
2023-09-26T18:35:24.9913010Z   set-safe-directory: true
2023-09-26T18:35:24.9913252Z ##[endgroup]
2023-09-26T18:35:25.2716707Z Syncing repository: Aircoookie/WLED
2023-09-26T18:35:25.2718879Z ##[group]Getting Git version info
2023-09-26T18:35:25.2719484Z Working directory is '/home/runner/work/WLED/WLED'
2023-09-26T18:35:25.2720060Z [command]/usr/bin/git version
2023-09-26T18:35:25.2845349Z git version 2.42.0
2023-09-26T18:35:25.2871432Z ##[endgroup]
2023-09-26T18:35:25.2915100Z Temporarily overriding HOME='/home/runner/work/_temp/d7037f44-3280-4c81-8923-4d080ac478c7' before making global git config changes
2023-09-26T18:35:25.2915957Z Adding repository directory to the temporary git global config as a safe directory
2023-09-26T18:35:25.2917097Z [command]/usr/bin/git config --global --add safe.directory /home/runner/work/WLED/WLED
2023-09-26T18:35:25.2969537Z Deleting the contents of '/home/runner/work/WLED/WLED'
2023-09-26T18:35:25.2976137Z ##[group]Initializing the repository
2023-09-26T18:35:25.2993845Z [command]/usr/bin/git init /home/runner/work/WLED/WLED
2023-09-26T18:35:25.3070309Z hint: Using 'master' as the name for the initial branch. This default branch name
2023-09-26T18:35:25.3071391Z hint: is subject to change. To configure the initial branch name to use in all
2023-09-26T18:35:25.3071840Z hint: of your new repositories, which will suppress this warning, call:
2023-09-26T18:35:25.3072171Z hint: 
2023-09-26T18:35:25.3072574Z hint: 	git config --global init.defaultBranch <name>
2023-09-26T18:35:25.3072838Z hint: 
2023-09-26T18:35:25.3073223Z hint: Names commonly chosen instead of 'master' are 'main', 'trunk' and
2023-09-26T18:35:25.3073729Z hint: 'development'. The just-created branch can be renamed via this command:
2023-09-26T18:35:25.3074025Z hint: 
2023-09-26T18:35:25.3074291Z hint: 	git branch -m <name>
2023-09-26T18:35:25.3083964Z Initialized empty Git repository in /home/runner/work/WLED/WLED/.git/
2023-09-26T18:35:25.3104849Z [command]/usr/bin/git remote add origin https://github.com/Aircoookie/WLED
2023-09-26T18:35:25.3154170Z ##[endgroup]
2023-09-26T18:35:25.3156846Z ##[group]Disabling automatic garbage collection
2023-09-26T18:35:25.3158535Z [command]/usr/bin/git config --local gc.auto 0
2023-09-26T18:35:25.3196496Z ##[endgroup]
2023-09-26T18:35:25.3197131Z ##[group]Setting up auth
2023-09-26T18:35:25.3203215Z [command]/usr/bin/git config --local --name-only --get-regexp core\.sshCommand
2023-09-26T18:35:25.3240450Z [command]/usr/bin/git submodule foreach --recursive sh -c "git config --local --name-only --get-regexp 'core\.sshCommand' && git config --local --unset-all 'core.sshCommand' || :"
2023-09-26T18:35:25.3687891Z [command]/usr/bin/git config --local --name-only --get-regexp http\.https\:\/\/github\.com\/\.extraheader
2023-09-26T18:35:25.3723771Z [command]/usr/bin/git submodule foreach --recursive sh -c "git config --local --name-only --get-regexp 'http\.https\:\/\/github\.com\/\.extraheader' && git config --local --unset-all 'http.https://github.com/.extraheader' || :"
2023-09-26T18:35:25.3991667Z [command]/usr/bin/git config --local http.https://github.com/.extraheader AUTHORIZATION: basic ***
2023-09-26T18:35:25.4035897Z ##[endgroup]
2023-09-26T18:35:25.4036941Z ##[group]Fetching the repository
2023-09-26T18:35:25.4047674Z [command]/usr/bin/git -c protocol.version=2 fetch --no-tags --prune --progress --no-recurse-submodules --depth=1 origin +25831bfb6073cf5d3d39114f4106e99ba8411dee:refs/remotes/origin/0_15
2023-09-26T18:35:25.7018710Z remote: Enumerating objects: 496, done.        
2023-09-26T18:35:25.7037376Z remote: Counting objects:   0% (1/496)        
2023-09-26T18:35:25.7038461Z remote: Counting objects:   1% (5/496)        
2023-09-26T18:35:25.7038985Z remote: Counting objects:   2% (10/496)        
2023-09-26T18:35:25.7039682Z remote: Counting objects:   3% (15/496)        
2023-09-26T18:35:25.7040178Z remote: Counting objects:   4% (20/496)        
2023-09-26T18:35:25.7040864Z remote: Counting objects:   5% (25/496)        
2023-09-26T18:35:25.7041343Z remote: Counting objects:   6% (30/496)        
2023-09-26T18:35:25.7042006Z remote: Counting objects:   7% (35/496)        
2023-09-26T18:35:25.7042503Z remote: Counting objects:   8% (40/496)        
2023-09-26T18:35:25.7043176Z remote: Counting objects:   9% (45/496)        
2023-09-26T18:35:25.7043750Z remote: Counting objects:  10% (50/496)        
2023-09-26T18:35:25.7045081Z remote: Counting objects:  11% (55/496)        
2023-09-26T18:35:25.7045402Z remote: Counting objects:  12% (60/496)        
2023-09-26T18:35:25.7045699Z remote: Counting objects:  13% (65/496)        
2023-09-26T18:35:25.7045983Z remote: Counting objects:  14% (70/496)        
2023-09-26T18:35:25.7046276Z remote: Counting objects:  15% (75/496)        
2023-09-26T18:35:25.7046574Z remote: Counting objects:  16% (80/496)        
2023-09-26T18:35:25.7046852Z remote: Counting objects:  17% (85/496)        
2023-09-26T18:35:25.7047143Z remote: Counting objects:  18% (90/496)        
2023-09-26T18:35:25.7047428Z remote: Counting objects:  19% (95/496)        
2023-09-26T18:35:25.7047722Z remote: Counting objects:  20% (100/496)        
2023-09-26T18:35:25.7048325Z remote: Counting objects:  21% (105/496)        
2023-09-26T18:35:25.7048623Z remote: Counting objects:  22% (110/496)        
2023-09-26T18:35:25.7048924Z remote: Counting objects:  23% (115/496)        
2023-09-26T18:35:25.7049208Z remote: Counting objects:  24% (120/496)        
2023-09-26T18:35:25.7049515Z remote: Counting objects:  25% (124/496)        
2023-09-26T18:35:25.7049813Z remote: Counting objects:  26% (129/496)        
2023-09-26T18:35:25.7050095Z remote: Counting objects:  27% (134/496)        
2023-09-26T18:35:25.7050395Z remote: Counting objects:  28% (139/496)        
2023-09-26T18:35:25.7050692Z remote: Counting objects:  29% (144/496)        
2023-09-26T18:35:25.7050986Z remote: Counting objects:  30% (149/496)        
2023-09-26T18:35:25.7051266Z remote: Counting objects:  31% (154/496)        
2023-09-26T18:35:25.7051556Z remote: Counting objects:  32% (159/496)        
2023-09-26T18:35:25.7051852Z remote: Counting objects:  33% (164/496)        
2023-09-26T18:35:25.7052134Z remote: Counting objects:  34% (169/496)        
2023-09-26T18:35:25.7052438Z remote: Counting objects:  35% (174/496)        
2023-09-26T18:35:25.7052739Z remote: Counting objects:  36% (179/496)        
2023-09-26T18:35:25.7053017Z remote: Counting objects:  37% (184/496)        
2023-09-26T18:35:25.7053315Z remote: Counting objects:  38% (189/496)        
2023-09-26T18:35:25.7053605Z remote: Counting objects:  39% (194/496)        
2023-09-26T18:35:25.7053886Z remote: Counting objects:  40% (199/496)        
2023-09-26T18:35:25.7054175Z remote: Counting objects:  41% (204/496)        
2023-09-26T18:35:25.7054467Z remote: Counting objects:  42% (209/496)        
2023-09-26T18:35:25.7056079Z remote: Counting objects:  43% (214/496)        
2023-09-26T18:35:25.7056722Z remote: Counting objects:  44% (219/496)        
2023-09-26T18:35:25.7057026Z remote: Counting objects:  45% (224/496)        
2023-09-26T18:35:25.7057322Z remote: Counting objects:  46% (229/496)        
2023-09-26T18:35:25.7057600Z remote: Counting objects:  47% (234/496)        
2023-09-26T18:35:25.7057961Z remote: Counting objects:  48% (239/496)        
2023-09-26T18:35:25.7058327Z remote: Counting objects:  49% (244/496)        
2023-09-26T18:35:25.7058606Z remote: Counting objects:  50% (248/496)        
2023-09-26T18:35:25.7059123Z remote: Counting objects:  51% (253/496)        
2023-09-26T18:35:25.7059430Z remote: Counting objects:  52% (258/496)        
2023-09-26T18:35:25.7059729Z remote: Counting objects:  53% (263/496)        
2023-09-26T18:35:25.7060009Z remote: Counting objects:  54% (268/496)        
2023-09-26T18:35:25.7060304Z remote: Counting objects:  55% (273/496)        
2023-09-26T18:35:25.7060596Z remote: Counting objects:  56% (278/496)        
2023-09-26T18:35:25.7060872Z remote: Counting objects:  57% (283/496)        
2023-09-26T18:35:25.7061163Z remote: Counting objects:  58% (288/496)        
2023-09-26T18:35:25.7061454Z remote: Counting objects:  59% (293/496)        
2023-09-26T18:35:25.7061731Z remote: Counting objects:  60% (298/496)        
2023-09-26T18:35:25.7062029Z remote: Counting objects:  61% (303/496)        
2023-09-26T18:35:25.7062318Z remote: Counting objects:  62% (308/496)        
2023-09-26T18:35:25.7062595Z remote: Counting objects:  63% (313/496)        
2023-09-26T18:35:25.7062889Z remote: Counting objects:  64% (318/496)        
2023-09-26T18:35:25.7063311Z remote: Counting objects:  65% (323/496)        
2023-09-26T18:35:25.7063607Z remote: Counting objects:  66% (328/496)        
2023-09-26T18:35:25.7063899Z remote: Counting objects:  67% (333/496)        
2023-09-26T18:35:25.7064839Z remote: Counting objects:  68% (338/496)        
2023-09-26T18:35:25.7065513Z remote: Counting objects:  69% (343/496)        
2023-09-26T18:35:25.7065818Z remote: Counting objects:  70% (348/496)        
2023-09-26T18:35:25.7066093Z remote: Counting objects:  71% (353/496)        
2023-09-26T18:35:25.7066391Z remote: Counting objects:  72% (358/496)        
2023-09-26T18:35:25.7066681Z remote: Counting objects:  73% (363/496)        
2023-09-26T18:35:25.7067133Z remote: Counting objects:  74% (368/496)        
2023-09-26T18:35:25.7067409Z remote: Counting objects:  75% (372/496)        
2023-09-26T18:35:25.7067705Z remote: Counting objects:  76% (377/496)        
2023-09-26T18:35:25.7067997Z remote: Counting objects:  77% (382/496)        
2023-09-26T18:35:25.7068281Z remote: Counting objects:  78% (387/496)        
2023-09-26T18:35:25.7068573Z remote: Counting objects:  79% (392/496)        
2023-09-26T18:35:25.7068863Z remote: Counting objects:  80% (397/496)        
2023-09-26T18:35:25.7069142Z remote: Counting objects:  81% (402/496)        
2023-09-26T18:35:25.7069430Z remote: Counting objects:  82% (407/496)        
2023-09-26T18:35:25.7069719Z remote: Counting objects:  83% (412/496)        
2023-09-26T18:35:25.7069996Z remote: Counting objects:  84% (417/496)        
2023-09-26T18:35:25.7070285Z remote: Counting objects:  85% (422/496)        
2023-09-26T18:35:25.7070576Z remote: Counting objects:  86% (427/496)        
2023-09-26T18:35:25.7070873Z remote: Counting objects:  87% (432/496)        
2023-09-26T18:35:25.7071152Z remote: Counting objects:  88% (437/496)        
2023-09-26T18:35:25.7071928Z remote: Counting objects:  89% (442/496)        
2023-09-26T18:35:25.7072228Z remote: Counting objects:  90% (447/496)        
2023-09-26T18:35:25.7072513Z remote: Counting objects:  91% (452/496)        
2023-09-26T18:35:25.7072805Z remote: Counting objects:  92% (457/496)        
2023-09-26T18:35:25.7073098Z remote: Counting objects:  93% (462/496)        
2023-09-26T18:35:25.7073391Z remote: Counting objects:  94% (467/496)        
2023-09-26T18:35:25.7073668Z remote: Counting objects:  95% (472/496)        
2023-09-26T18:35:25.7073960Z remote: Counting objects:  96% (477/496)        
2023-09-26T18:35:25.7074248Z remote: Counting objects:  97% (482/496)        
2023-09-26T18:35:25.7074526Z remote: Counting objects:  98% (487/496)        
2023-09-26T18:35:25.7074815Z remote: Counting objects:  99% (492/496)        
2023-09-26T18:35:25.7075326Z remote: Counting objects: 100% (496/496)        
2023-09-26T18:35:25.7075626Z remote: Counting objects: 100% (496/496), done.        
2023-09-26T18:35:25.7075962Z remote: Compressing objects:   0% (1/448)        
2023-09-26T18:35:25.7076716Z remote: Compressing objects:   1% (5/448)        
2023-09-26T18:35:25.7077197Z remote: Compressing objects:   2% (9/448)        
2023-09-26T18:35:25.7077525Z remote: Compressing objects:   3% (14/448)        
2023-09-26T18:35:25.7077842Z remote: Compressing objects:   4% (18/448)        
2023-09-26T18:35:25.7078160Z remote: Compressing objects:   5% (23/448)        
2023-09-26T18:35:25.7078456Z remote: Compressing objects:   6% (27/448)        
2023-09-26T18:35:25.7078771Z remote: Compressing objects:   7% (32/448)        
2023-09-26T18:35:25.7079086Z remote: Compressing objects:   8% (36/448)        
2023-09-26T18:35:25.7079387Z remote: Compressing objects:   9% (41/448)        
2023-09-26T18:35:25.7079704Z remote: Compressing objects:  10% (45/448)        
2023-09-26T18:35:25.7080447Z remote: Compressing objects:  11% (50/448)        
2023-09-26T18:35:25.7097574Z remote: Compressing objects:  12% (54/448)        
2023-09-26T18:35:25.7131194Z remote: Compressing objects:  13% (59/448)        
2023-09-26T18:35:25.7173993Z remote: Compressing objects:  14% (63/448)        
2023-09-26T18:35:25.7230216Z remote: Compressing objects:  15% (68/448)        
2023-09-26T18:35:25.7281129Z remote: Compressing objects:  16% (72/448)        
2023-09-26T18:35:25.7288805Z remote: Compressing objects:  17% (77/448)        
2023-09-26T18:35:25.7289138Z remote: Compressing objects:  18% (81/448)        
2023-09-26T18:35:25.7289450Z remote: Compressing objects:  19% (86/448)        
2023-09-26T18:35:25.7307490Z remote: Compressing objects:  20% (90/448)        
2023-09-26T18:35:25.7327638Z remote: Compressing objects:  21% (95/448)        
2023-09-26T18:35:25.7327973Z remote: Compressing objects:  22% (99/448)        
2023-09-26T18:35:25.7349300Z remote: Compressing objects:  23% (104/448)        
2023-09-26T18:35:25.7369281Z remote: Compressing objects:  24% (108/448)        
2023-09-26T18:35:25.7389848Z remote: Compressing objects:  25% (112/448)        
2023-09-26T18:35:25.7408554Z remote: Compressing objects:  26% (117/448)        
2023-09-26T18:35:25.7430523Z remote: Compressing objects:  27% (121/448)        
2023-09-26T18:35:25.7431057Z remote: Compressing objects:  28% (126/448)        
2023-09-26T18:35:25.7461769Z remote: Compressing objects:  29% (130/448)        
2023-09-26T18:35:25.7481995Z remote: Compressing objects:  30% (135/448)        
2023-09-26T18:35:25.7482346Z remote: Compressing objects:  31% (139/448)        
2023-09-26T18:35:25.7493683Z remote: Compressing objects:  32% (144/448)        
2023-09-26T18:35:25.7494173Z remote: Compressing objects:  33% (148/448)        
2023-09-26T18:35:25.7494854Z remote: Compressing objects:  34% (153/448)        
2023-09-26T18:35:25.7495356Z remote: Compressing objects:  35% (157/448)        
2023-09-26T18:35:25.7495825Z remote: Compressing objects:  36% (162/448)        
2023-09-26T18:35:25.7520238Z remote: Compressing objects:  37% (166/448)        
2023-09-26T18:35:25.7520731Z remote: Compressing objects:  38% (171/448)        
2023-09-26T18:35:25.7521194Z remote: Compressing objects:  39% (175/448)        
2023-09-26T18:35:25.7521934Z remote: Compressing objects:  40% (180/448)        
2023-09-26T18:35:25.7522431Z remote: Compressing objects:  41% (184/448)        
2023-09-26T18:35:25.7523115Z remote: Compressing objects:  42% (189/448)        
2023-09-26T18:35:25.7523590Z remote: Compressing objects:  43% (193/448)        
2023-09-26T18:35:25.7524279Z remote: Compressing objects:  44% (198/448)        
2023-09-26T18:35:25.7524991Z remote: Compressing objects:  45% (202/448)        
2023-09-26T18:35:25.7526026Z remote: Compressing objects:  46% (207/448)        
2023-09-26T18:35:25.7526352Z remote: Compressing objects:  47% (211/448)        
2023-09-26T18:35:25.7526870Z remote: Compressing objects:  48% (216/448)        
2023-09-26T18:35:25.7527465Z remote: Compressing objects:  49% (220/448)        
2023-09-26T18:35:25.7528066Z remote: Compressing objects:  50% (224/448)        
2023-09-26T18:35:25.7528620Z remote: Compressing objects:  51% (229/448)        
2023-09-26T18:35:25.7529518Z remote: Compressing objects:  52% (233/448)        
2023-09-26T18:35:25.7530345Z remote: Compressing objects:  53% (238/448)        
2023-09-26T18:35:25.7530773Z remote: Compressing objects:  54% (242/448)        
2023-09-26T18:35:25.7531388Z remote: Compressing objects:  55% (247/448)        
2023-09-26T18:35:25.7531795Z remote: Compressing objects:  56% (251/448)        
2023-09-26T18:35:25.7532191Z remote: Compressing objects:  57% (256/448)        
2023-09-26T18:35:25.7532717Z remote: Compressing objects:  58% (260/448)        
2023-09-26T18:35:25.7544451Z remote: Compressing objects:  59% (265/448)        
2023-09-26T18:35:25.7572225Z remote: Compressing objects:  60% (269/448)        
2023-09-26T18:35:25.7594136Z remote: Compressing objects:  61% (274/448)        
2023-09-26T18:35:25.7594697Z remote: Compressing objects:  62% (278/448)        
2023-09-26T18:35:25.7595639Z remote: Compressing objects:  63% (283/448)        
2023-09-26T18:35:25.7620506Z remote: Compressing objects:  64% (287/448)        
2023-09-26T18:35:25.7662432Z remote: Compressing objects:  65% (292/448)        
2023-09-26T18:35:25.7703548Z remote: Compressing objects:  66% (296/448)        
2023-09-26T18:35:25.7733275Z remote: Compressing objects:  67% (301/448)        
2023-09-26T18:35:25.7733778Z remote: Compressing objects:  68% (305/448)        
2023-09-26T18:35:25.7758288Z remote: Compressing objects:  69% (310/448)        
2023-09-26T18:35:25.7784477Z remote: Compressing objects:  70% (314/448)        
2023-09-26T18:35:25.7819182Z remote: Compressing objects:  71% (319/448)        
2023-09-26T18:35:25.7854905Z remote: Compressing objects:  72% (323/448)        
2023-09-26T18:35:25.7881041Z remote: Compressing objects:  73% (328/448)        
2023-09-26T18:35:25.7908394Z remote: Compressing objects:  74% (332/448)        
2023-09-26T18:35:25.7943444Z remote: Compressing objects:  75% (336/448)        
2023-09-26T18:35:25.7974327Z remote: Compressing objects:  76% (341/448)        
2023-09-26T18:35:25.8009072Z remote: Compressing objects:  77% (345/448)        
2023-09-26T18:35:25.8009773Z remote: Compressing objects:  78% (350/448)        
2023-09-26T18:35:25.8010582Z remote: Compressing objects:  79% (354/448)        
2023-09-26T18:35:25.8011134Z remote: Compressing objects:  80% (359/448)        
2023-09-26T18:35:25.8011887Z remote: Compressing objects:  81% (363/448)        
2023-09-26T18:35:25.8012405Z remote: Compressing objects:  82% (368/448)        
2023-09-26T18:35:25.8013135Z remote: Compressing objects:  83% (372/448)        
2023-09-26T18:35:25.8013667Z remote: Compressing objects:  84% (377/448)        
2023-09-26T18:35:25.8014398Z remote: Compressing objects:  85% (381/448)        
2023-09-26T18:35:25.8014907Z remote: Compressing objects:  86% (386/448)        
2023-09-26T18:35:25.8015651Z remote: Compressing objects:  87% (390/448)        
2023-09-26T18:35:25.8016255Z remote: Compressing objects:  88% (395/448)        
2023-09-26T18:35:25.8016996Z remote: Compressing objects:  89% (399/448)        
2023-09-26T18:35:25.8017520Z remote: Compressing objects:  90% (404/448)        
2023-09-26T18:35:25.8018355Z remote: Compressing objects:  91% (408/448)        
2023-09-26T18:35:25.8018868Z remote: Compressing objects:  92% (413/448)        
2023-09-26T18:35:25.8019607Z remote: Compressing objects:  93% (417/448)        
2023-09-26T18:35:25.8020131Z remote: Compressing objects:  94% (422/448)        
2023-09-26T18:35:25.8020863Z remote: Compressing objects:  95% (426/448)        
2023-09-26T18:35:25.8021370Z remote: Compressing objects:  96% (431/448)        
2023-09-26T18:35:25.8022095Z remote: Compressing objects:  97% (435/448)        
2023-09-26T18:35:25.8022619Z remote: Compressing objects:  98% (440/448)        
2023-09-26T18:35:25.8023338Z remote: Compressing objects:  99% (444/448)        
2023-09-26T18:35:25.8023873Z remote: Compressing objects: 100% (448/448)        
2023-09-26T18:35:25.8024616Z remote: Compressing objects: 100% (448/448), done.        
2023-09-26T18:35:25.8038634Z Receiving objects:   0% (1/496)
2023-09-26T18:35:25.8041699Z Receiving objects:   1% (5/496)
2023-09-26T18:35:25.8042135Z Receiving objects:   2% (10/496)
2023-09-26T18:35:25.8042825Z Receiving objects:   3% (15/496)
2023-09-26T18:35:25.8065956Z Receiving objects:   4% (20/496)
2023-09-26T18:35:25.8522778Z Receiving objects:   5% (25/496)
2023-09-26T18:35:25.8553686Z Receiving objects:   6% (30/496)
2023-09-26T18:35:25.8562534Z Receiving objects:   7% (35/496)
2023-09-26T18:35:25.8565688Z Receiving objects:   8% (40/496)
2023-09-26T18:35:25.8568587Z Receiving objects:   9% (45/496)
2023-09-26T18:35:25.8569294Z Receiving objects:  10% (50/496)
2023-09-26T18:35:25.8572577Z Receiving objects:  11% (55/496)
2023-09-26T18:35:25.8573156Z Receiving objects:  12% (60/496)
2023-09-26T18:35:25.8574935Z Receiving objects:  13% (65/496)
2023-09-26T18:35:25.8588153Z Receiving objects:  14% (70/496)
2023-09-26T18:35:25.8590723Z Receiving objects:  15% (75/496)
2023-09-26T18:35:25.8632009Z Receiving objects:  16% (80/496)
2023-09-26T18:35:25.8700656Z Receiving objects:  17% (85/496)
2023-09-26T18:35:25.8701326Z Receiving objects:  18% (90/496)
2023-09-26T18:35:25.8703840Z Receiving objects:  19% (95/496)
2023-09-26T18:35:25.8707837Z Receiving objects:  20% (100/496)
2023-09-26T18:35:25.8765282Z Receiving objects:  21% (105/496)
2023-09-26T18:35:25.8845596Z Receiving objects:  22% (110/496)
2023-09-26T18:35:25.8848716Z Receiving objects:  23% (115/496)
2023-09-26T18:35:25.8851272Z Receiving objects:  24% (120/496)
2023-09-26T18:35:25.8851882Z Receiving objects:  25% (124/496)
2023-09-26T18:35:25.8861384Z Receiving objects:  26% (129/496)
2023-09-26T18:35:25.8862886Z Receiving objects:  27% (134/496)
2023-09-26T18:35:25.8867869Z Receiving objects:  28% (139/496)
2023-09-26T18:35:25.8870924Z Receiving objects:  29% (144/496)
2023-09-26T18:35:25.8872428Z Receiving objects:  30% (149/496)
2023-09-26T18:35:25.8873264Z Receiving objects:  31% (154/496)
2023-09-26T18:35:25.8874429Z Receiving objects:  32% (159/496)
2023-09-26T18:35:25.8923225Z Receiving objects:  33% (164/496)
2023-09-26T18:35:25.9897992Z Receiving objects:  34% (169/496)
2023-09-26T18:35:26.0492834Z Receiving objects:  35% (174/496)
2023-09-26T18:35:26.0497856Z Receiving objects:  36% (179/496)
2023-09-26T18:35:26.0510992Z Receiving objects:  37% (184/496)
2023-09-26T18:35:26.0725258Z Receiving objects:  38% (189/496)
2023-09-26T18:35:26.0881906Z Receiving objects:  39% (194/496)
2023-09-26T18:35:26.0883674Z Receiving objects:  40% (199/496)
2023-09-26T18:35:26.0886887Z Receiving objects:  41% (204/496)
2023-09-26T18:35:26.0890747Z Receiving objects:  42% (209/496)
2023-09-26T18:35:26.0892149Z Receiving objects:  43% (214/496)
2023-09-26T18:35:26.0897799Z Receiving objects:  44% (219/496)
2023-09-26T18:35:26.0900105Z Receiving objects:  45% (224/496)
2023-09-26T18:35:26.0902393Z Receiving objects:  46% (229/496)
2023-09-26T18:35:26.0906204Z Receiving objects:  47% (234/496)
2023-09-26T18:35:26.0910320Z Receiving objects:  48% (239/496)
2023-09-26T18:35:26.0911648Z Receiving objects:  49% (244/496)
2023-09-26T18:35:26.0913875Z Receiving objects:  50% (248/496)
2023-09-26T18:35:26.0916367Z Receiving objects:  51% (253/496)
2023-09-26T18:35:26.0929756Z Receiving objects:  52% (258/496)
2023-09-26T18:35:26.0930460Z Receiving objects:  53% (263/496)
2023-09-26T18:35:26.0932004Z Receiving objects:  54% (268/496)
2023-09-26T18:35:26.0934871Z Receiving objects:  55% (273/496)
2023-09-26T18:35:26.0943193Z Receiving objects:  56% (278/496)
2023-09-26T18:35:26.0945474Z Receiving objects:  57% (283/496)
2023-09-26T18:35:26.0950493Z Receiving objects:  58% (288/496)
2023-09-26T18:35:26.0995008Z Receiving objects:  59% (293/496)
2023-09-26T18:35:26.1008295Z Receiving objects:  60% (298/496)
2023-09-26T18:35:26.1022526Z Receiving objects:  61% (303/496)
2023-09-26T18:35:26.1025912Z Receiving objects:  62% (308/496)
2023-09-26T18:35:26.1030959Z Receiving objects:  63% (313/496)
2023-09-26T18:35:26.1032547Z Receiving objects:  64% (318/496)
2023-09-26T18:35:26.1035339Z Receiving objects:  65% (323/496)
2023-09-26T18:35:26.1056766Z Receiving objects:  66% (328/496)
2023-09-26T18:35:26.1057731Z Receiving objects:  67% (333/496)
2023-09-26T18:35:26.1064438Z Receiving objects:  68% (338/496)
2023-09-26T18:35:26.1072280Z Receiving objects:  69% (343/496)
2023-09-26T18:35:26.1080093Z Receiving objects:  70% (348/496)
2023-09-26T18:35:26.1084997Z Receiving objects:  71% (353/496)
2023-09-26T18:35:26.1092784Z Receiving objects:  72% (358/496)
2023-09-26T18:35:26.1096044Z Receiving objects:  73% (363/496)
2023-09-26T18:35:26.1113534Z Receiving objects:  74% (368/496)
2023-09-26T18:35:26.1176102Z Receiving objects:  75% (372/496)
2023-09-26T18:35:26.1185818Z Receiving objects:  76% (377/496)
2023-09-26T18:35:26.1188470Z Receiving objects:  77% (382/496)
2023-09-26T18:35:26.1194343Z Receiving objects:  78% (387/496)
2023-09-26T18:35:26.1199138Z Receiving objects:  79% (392/496)
2023-09-26T18:35:26.1207026Z Receiving objects:  80% (397/496)
2023-09-26T18:35:26.1208919Z Receiving objects:  81% (402/496)
2023-09-26T18:35:26.1210575Z Receiving objects:  82% (407/496)
2023-09-26T18:35:26.1211143Z Receiving objects:  83% (412/496)
2023-09-26T18:35:26.1212679Z Receiving objects:  84% (417/496)
2023-09-26T18:35:26.1213242Z Receiving objects:  85% (422/496)
2023-09-26T18:35:26.1214099Z Receiving objects:  86% (427/496)
2023-09-26T18:35:26.1214591Z Receiving objects:  87% (432/496)
2023-09-26T18:35:26.1215397Z Receiving objects:  88% (437/496)
2023-09-26T18:35:26.1217348Z Receiving objects:  89% (442/496)
2023-09-26T18:35:26.1236589Z Receiving objects:  90% (447/496)
2023-09-26T18:35:26.1238618Z Receiving objects:  91% (452/496)
2023-09-26T18:35:26.1243542Z Receiving objects:  92% (457/496)
2023-09-26T18:35:26.1244252Z Receiving objects:  93% (462/496)
2023-09-26T18:35:26.1246697Z Receiving objects:  94% (467/496)
2023-09-26T18:35:26.1252629Z Receiving objects:  95% (472/496)
2023-09-26T18:35:26.1259458Z Receiving objects:  96% (477/496)
2023-09-26T18:35:26.1265444Z Receiving objects:  97% (482/496)
2023-09-26T18:35:26.1266444Z remote: Total 496 (delta 36), reused 428 (delta 34), pack-reused 0        
2023-09-26T18:35:26.1271555Z Receiving objects:  98% (487/496)
2023-09-26T18:35:26.1278532Z Receiving objects:  99% (492/496)
2023-09-26T18:35:26.1279115Z Receiving objects: 100% (496/496)
2023-09-26T18:35:26.1279962Z Receiving objects: 100% (496/496), 7.70 MiB | 23.81 MiB/s, done.
2023-09-26T18:35:26.1286398Z Resolving deltas:   0% (0/36)
2023-09-26T18:35:26.1287102Z Resolving deltas:   2% (1/36)
2023-09-26T18:35:26.1287975Z Resolving deltas:   5% (2/36)
2023-09-26T18:35:26.1288559Z Resolving deltas:   8% (3/36)
2023-09-26T18:35:26.1289324Z Resolving deltas:  11% (4/36)
2023-09-26T18:35:26.1291263Z Resolving deltas:  13% (5/36)
2023-09-26T18:35:26.1292525Z Resolving deltas:  16% (6/36)
2023-09-26T18:35:26.1293206Z Resolving deltas:  19% (7/36)
2023-09-26T18:35:26.1294648Z Resolving deltas:  22% (8/36)
2023-09-26T18:35:26.1295179Z Resolving deltas:  25% (9/36)
2023-09-26T18:35:26.1296382Z Resolving deltas:  27% (10/36)
2023-09-26T18:35:26.1297125Z Resolving deltas:  30% (11/36)
2023-09-26T18:35:26.1298669Z Resolving deltas:  33% (12/36)
2023-09-26T18:35:26.1299791Z Resolving deltas:  36% (13/36)
2023-09-26T18:35:26.1301164Z Resolving deltas:  38% (14/36)
2023-09-26T18:35:26.1301803Z Resolving deltas:  41% (15/36)
2023-09-26T18:35:26.1302999Z Resolving deltas:  44% (16/36)
2023-09-26T18:35:26.1315673Z Resolving deltas:  47% (17/36)
2023-09-26T18:35:26.1316324Z Resolving deltas:  50% (18/36)
2023-09-26T18:35:26.1317097Z Resolving deltas:  52% (19/36)
2023-09-26T18:35:26.1317735Z Resolving deltas:  55% (20/36)
2023-09-26T18:35:26.1318532Z Resolving deltas:  58% (21/36)
2023-09-26T18:35:26.1319051Z Resolving deltas:  61% (22/36)
2023-09-26T18:35:26.1319738Z Resolving deltas:  63% (23/36)
2023-09-26T18:35:26.1320268Z Resolving deltas:  66% (24/36)
2023-09-26T18:35:26.1321107Z Resolving deltas:  69% (25/36)
2023-09-26T18:35:26.1321617Z Resolving deltas:  72% (26/36)
2023-09-26T18:35:26.1322304Z Resolving deltas:  75% (27/36)
2023-09-26T18:35:26.1322869Z Resolving deltas:  77% (28/36)
2023-09-26T18:35:26.1323925Z Resolving deltas:  80% (29/36)
2023-09-26T18:35:26.1324458Z Resolving deltas:  83% (30/36)
2023-09-26T18:35:26.1325443Z Resolving deltas:  86% (31/36)
2023-09-26T18:35:26.1333455Z Resolving deltas:  88% (32/36)
2023-09-26T18:35:26.1338075Z Resolving deltas:  91% (33/36)
2023-09-26T18:35:26.1341828Z Resolving deltas:  94% (34/36)
2023-09-26T18:35:26.1346545Z Resolving deltas:  97% (35/36)
2023-09-26T18:35:26.1347219Z Resolving deltas: 100% (36/36)
2023-09-26T18:35:26.1348505Z Resolving deltas: 100% (36/36), done.
2023-09-26T18:35:26.1602640Z From https://github.com/Aircoookie/WLED
2023-09-26T18:35:26.1604042Z  * [new ref]         25831bfb6073cf5d3d39114f4106e99ba8411dee -> origin/0_15
2023-09-26T18:35:26.1649881Z ##[endgroup]
2023-09-26T18:35:26.1650915Z ##[group]Determining the checkout info
2023-09-26T18:35:26.1651863Z ##[endgroup]
2023-09-26T18:35:26.1652584Z ##[group]Checking out the ref
2023-09-26T18:35:26.1653838Z [command]/usr/bin/git checkout --progress --force -B 0_15 refs/remotes/origin/0_15
2023-09-26T18:35:26.2259861Z Switched to a new branch '0_15'
2023-09-26T18:35:26.2260999Z branch '0_15' set up to track 'origin/0_15'.
2023-09-26T18:35:26.2286975Z ##[endgroup]
2023-09-26T18:35:26.2321749Z [command]/usr/bin/git log -1 --format='%H'
2023-09-26T18:35:26.2364369Z '25831bfb6073cf5d3d39114f4106e99ba8411dee'
2023-09-26T18:35:26.4368930Z ##[group]Run actions/cache@v3
2023-09-26T18:35:26.4369302Z with:
2023-09-26T18:35:26.4369625Z   path: ~/.cache/pip
2023-09-26T18:35:26.4370037Z   key: Linux-pip-81ff51cfad9e9eb735c6b16e2b137bb04b536de75d900d6b02aa29724c130501
2023-09-26T18:35:26.4370521Z   restore-keys: Linux-pip-

2023-09-26T18:35:26.4370960Z   enableCrossOsArchive: false
2023-09-26T18:35:26.4371518Z   fail-on-cache-miss: false
2023-09-26T18:35:26.4371788Z   lookup-only: false
2023-09-26T18:35:26.4372091Z ##[endgroup]
2023-09-26T18:35:26.9035424Z Cache Size: ~4 MB (3959889 B)
2023-09-26T18:35:26.9062730Z [command]/usr/bin/tar -xf /home/runner/work/_temp/3e56cbac-8e93-4b52-9ab7-f817882c2d59/cache.tzst -P -C /home/runner/work/WLED/WLED --use-compress-program unzstd
2023-09-26T18:35:26.9292933Z Cache restored successfully
2023-09-26T18:35:26.9545041Z Cache restored from key: Linux-pip-81ff51cfad9e9eb735c6b16e2b137bb04b536de75d900d6b02aa29724c130501
2023-09-26T18:35:27.0957136Z ##[group]Run actions/cache@v3
2023-09-26T18:35:27.0957408Z with:
2023-09-26T18:35:27.0957639Z   path: ~/.platformio
2023-09-26T18:35:27.0957872Z   key: Linux-
2023-09-26T18:35:27.0958125Z   enableCrossOsArchive: false
2023-09-26T18:35:27.0958404Z   fail-on-cache-miss: false
2023-09-26T18:35:27.0958646Z   lookup-only: false
2023-09-26T18:35:27.0958879Z ##[endgroup]
2023-09-26T18:35:28.4027996Z Cache Size: ~192 MB (201123108 B)
2023-09-26T18:35:28.4061197Z Received 201123108 of 201123108 (100.0%), 191.8 MBs/sec
2023-09-26T18:35:28.4069475Z [command]/usr/bin/tar -xf /home/runner/work/_temp/ea75e7db-46a5-4e92-994d-c38d10accdf2/cache.tzst -P -C /home/runner/work/WLED/WLED --use-compress-program unzstd
2023-09-26T18:35:29.2088602Z Cache restored successfully
2023-09-26T18:35:29.2474895Z Cache restored from key: Linux-
2023-09-26T18:35:29.2626938Z ##[group]Run actions/setup-python@v4
2023-09-26T18:35:29.2627246Z with:
2023-09-26T18:35:29.2627480Z   python-version: 3.9
2023-09-26T18:35:29.2627724Z   check-latest: false
2023-09-26T18:35:29.2628154Z   token: ***
2023-09-26T18:35:29.2628399Z   update-environment: true
2023-09-26T18:35:29.2628670Z   allow-prereleases: false
2023-09-26T18:35:29.2628921Z ##[endgroup]
2023-09-26T18:35:29.4417142Z ##[group]Installed versions
2023-09-26T18:35:29.4500208Z Successfully set up CPython (3.9.18)
2023-09-26T18:35:29.4500998Z ##[endgroup]
2023-09-26T18:35:29.4629727Z ##[group]Run pip install -r requirements.txt
2023-09-26T18:35:29.4630188Z [36;1mpip install -r requirements.txt[0m
2023-09-26T18:35:29.4695020Z shell: /usr/bin/bash -e {0}
2023-09-26T18:35:29.4695297Z env:
2023-09-26T18:35:29.4695614Z   pythonLocation: /opt/hostedtoolcache/Python/3.9.18/x64
2023-09-26T18:35:29.4696018Z   PKG_CONFIG_PATH: /opt/hostedtoolcache/Python/3.9.18/x64/lib/pkgconfig
2023-09-26T18:35:29.4696404Z   Python_ROOT_DIR: /opt/hostedtoolcache/Python/3.9.18/x64
2023-09-26T18:35:29.4696770Z   Python2_ROOT_DIR: /opt/hostedtoolcache/Python/3.9.18/x64
2023-09-26T18:35:29.4697128Z   Python3_ROOT_DIR: /opt/hostedtoolcache/Python/3.9.18/x64
2023-09-26T18:35:29.4697503Z   LD_LIBRARY_PATH: /opt/hostedtoolcache/Python/3.9.18/x64/lib
2023-09-26T18:35:29.4697805Z ##[endgroup]
2023-09-26T18:35:30.4759757Z Collecting aiofiles==22.1.0 (from -r requirements.txt (line 7))
2023-09-26T18:35:30.4787151Z   Using cached aiofiles-22.1.0-py3-none-any.whl (14 kB)
2023-09-26T18:35:30.5052799Z Collecting ajsonrpc==1.2.0 (from -r requirements.txt (line 9))
2023-09-26T18:35:30.5076933Z   Using cached ajsonrpc-1.2.0-py3-none-any.whl (22 kB)
2023-09-26T18:35:30.5553598Z Collecting anyio==3.6.2 (from -r requirements.txt (line 11))
2023-09-26T18:35:30.5581780Z   Using cached anyio-3.6.2-py3-none-any.whl (80 kB)
2023-09-26T18:35:30.5910307Z Collecting bottle==0.12.25 (from -r requirements.txt (line 13))
2023-09-26T18:35:30.5936685Z   Using cached bottle-0.12.25-py3-none-any.whl (90 kB)
2023-09-26T18:35:30.6314291Z Collecting certifi==2023.7.22 (from -r requirements.txt (line 15))
2023-09-26T18:35:30.6317914Z   Obtaining dependency information for certifi==2023.7.22 from https://files.pythonhosted.org/packages/4c/dd/2234eab22353ffc7d94e8d13177aaa050113286e93e7b40eae01fbf7c3d9/certifi-2023.7.22-py3-none-any.whl.metadata
2023-09-26T18:35:30.6342791Z   Using cached certifi-2023.7.22-py3-none-any.whl.metadata (2.2 kB)
2023-09-26T18:35:30.7680198Z Collecting charset-normalizer==3.1.0 (from -r requirements.txt (line 17))
2023-09-26T18:35:30.7710445Z   Using cached charset_normalizer-3.1.0-cp39-cp39-manylinux_2_17_x86_64.manylinux2014_x86_64.whl (199 kB)
2023-09-26T18:35:30.8180884Z Collecting click==8.1.3 (from -r requirements.txt (line 19))
2023-09-26T18:35:30.8206027Z   Using cached click-8.1.3-py3-none-any.whl (96 kB)
2023-09-26T18:35:30.8562887Z Collecting colorama==0.4.6 (from -r requirements.txt (line 23))
2023-09-26T18:35:30.8588345Z   Using cached colorama-0.4.6-py2.py3-none-any.whl (25 kB)
2023-09-26T18:35:30.8837674Z Collecting h11==0.14.0 (from -r requirements.txt (line 25))
2023-09-26T18:35:30.8864285Z   Using cached h11-0.14.0-py3-none-any.whl (58 kB)
2023-09-26T18:35:30.9148472Z Collecting idna==3.4 (from -r requirements.txt (line 29))
2023-09-26T18:35:30.9176103Z   Using cached idna-3.4-py3-none-any.whl (61 kB)
2023-09-26T18:35:31.0002670Z Collecting marshmallow==3.19.0 (from -r requirements.txt (line 33))
2023-09-26T18:35:31.0031350Z   Using cached marshmallow-3.19.0-py3-none-any.whl (49 kB)
2023-09-26T18:35:31.0455292Z Collecting packaging==23.1 (from -r requirements.txt (line 35))
2023-09-26T18:35:31.0482733Z   Using cached packaging-23.1-py3-none-any.whl (48 kB)
2023-09-26T18:35:31.1006281Z Collecting platformio==6.1.6 (from -r requirements.txt (line 37))
2023-09-26T18:35:31.1009950Z   Using cached platformio-6.1.6-py3-none-any.whl
2023-09-26T18:35:31.1318078Z Collecting pyelftools==0.29 (from -r requirements.txt (line 39))
2023-09-26T18:35:31.1348441Z   Using cached pyelftools-0.29-py2.py3-none-any.whl (174 kB)
2023-09-26T18:35:31.1594509Z Collecting pyserial==3.5 (from -r requirements.txt (line 41))
2023-09-26T18:35:31.1621234Z   Using cached pyserial-3.5-py2.py3-none-any.whl (90 kB)
2023-09-26T18:35:31.2225509Z Collecting requests==2.31.0 (from -r requirements.txt (line 43))
2023-09-26T18:35:31.2227713Z   Obtaining dependency information for requests==2.31.0 from https://files.pythonhosted.org/packages/70/8e/0e2d847013cb52cd35b38c009bb167a1a26b2ce6cd6965bf26b47bc0bf44/requests-2.31.0-py3-none-any.whl.metadata
2023-09-26T18:35:31.2251661Z   Using cached requests-2.31.0-py3-none-any.whl.metadata (4.6 kB)
2023-09-26T18:35:31.2532220Z Collecting semantic-version==2.10.0 (from -r requirements.txt (line 45))
2023-09-26T18:35:31.2555291Z   Using cached semantic_version-2.10.0-py2.py3-none-any.whl (15 kB)
2023-09-26T18:35:31.2772061Z Collecting sniffio==1.3.0 (from -r requirements.txt (line 47))
2023-09-26T18:35:31.2793878Z   Using cached sniffio-1.3.0-py3-none-any.whl (10 kB)
2023-09-26T18:35:31.3321886Z Collecting starlette==0.23.1 (from -r requirements.txt (line 49))
2023-09-26T18:35:31.3347856Z   Using cached starlette-0.23.1-py3-none-any.whl (64 kB)
2023-09-26T18:35:31.3606194Z Collecting tabulate==0.9.0 (from -r requirements.txt (line 51))
2023-09-26T18:35:31.3629787Z   Using cached tabulate-0.9.0-py3-none-any.whl (35 kB)
2023-09-26T18:35:31.4272179Z Collecting urllib3==1.26.15 (from -r requirements.txt (line 53))
2023-09-26T18:35:31.4297177Z   Using cached urllib3-1.26.15-py2.py3-none-any.whl (140 kB)
2023-09-26T18:35:31.4796080Z Collecting uvicorn==0.20.0 (from -r requirements.txt (line 55))
2023-09-26T18:35:31.4821003Z   Using cached uvicorn-0.20.0-py3-none-any.whl (56 kB)
2023-09-26T18:35:31.5089663Z Collecting wsproto==1.2.0 (from -r requirements.txt (line 57))
2023-09-26T18:35:31.5113807Z   Using cached wsproto-1.2.0-py3-none-any.whl (24 kB)
2023-09-26T18:35:31.7729117Z Collecting typing-extensions>=3.10.0 (from starlette==0.23.1->-r requirements.txt (line 49))
2023-09-26T18:35:31.7730293Z   Obtaining dependency information for typing-extensions>=3.10.0 from https://files.pythonhosted.org/packages/24/21/7d397a4b7934ff4028987914ac1044d3b7d52712f30e2ac7a2ae5bc86dd0/typing_extensions-4.8.0-py3-none-any.whl.metadata
2023-09-26T18:35:31.8730023Z   Downloading typing_extensions-4.8.0-py3-none-any.whl.metadata (3.0 kB)
2023-09-26T18:35:31.9938227Z Using cached certifi-2023.7.22-py3-none-any.whl (158 kB)
2023-09-26T18:35:31.9960061Z Using cached requests-2.31.0-py3-none-any.whl (62 kB)
2023-09-26T18:35:32.0057753Z Downloading typing_extensions-4.8.0-py3-none-any.whl (31 kB)
2023-09-26T18:35:32.1777219Z Installing collected packages: pyserial, pyelftools, bottle, urllib3, typing-extensions, tabulate, sniffio, semantic-version, packaging, idna, h11, colorama, click, charset-normalizer, certifi, ajsonrpc, aiofiles, wsproto, uvicorn, requests, marshmallow, anyio, starlette, platformio
2023-09-26T18:35:33.5483279Z Successfully installed aiofiles-22.1.0 ajsonrpc-1.2.0 anyio-3.6.2 bottle-0.12.25 certifi-2023.7.22 charset-normalizer-3.1.0 click-8.1.3 colorama-0.4.6 h11-0.14.0 idna-3.4 marshmallow-3.19.0 packaging-23.1 platformio-6.1.6 pyelftools-0.29 pyserial-3.5 requests-2.31.0 semantic-version-2.10.0 sniffio-1.3.0 starlette-0.23.1 tabulate-0.9.0 typing-extensions-4.8.0 urllib3-1.26.15 uvicorn-0.20.0 wsproto-1.2.0
2023-09-26T18:35:33.7751514Z 
2023-09-26T18:35:33.7752739Z [notice] A new release of pip is available: 23.0.1 -> 23.2.1
2023-09-26T18:35:33.7753528Z [notice] To update, run: pip install --upgrade pip
2023-09-26T18:35:33.8993621Z ##[group]Run pio run -e esp32s3dev_8MB_PSRAM_opi
2023-09-26T18:35:33.8994163Z [36;1mpio run -e esp32s3dev_8MB_PSRAM_opi[0m
2023-09-26T18:35:33.9051317Z shell: /usr/bin/bash -e {0}
2023-09-26T18:35:33.9051581Z env:
2023-09-26T18:35:33.9051886Z   pythonLocation: /opt/hostedtoolcache/Python/3.9.18/x64
2023-09-26T18:35:33.9052284Z   PKG_CONFIG_PATH: /opt/hostedtoolcache/Python/3.9.18/x64/lib/pkgconfig
2023-09-26T18:35:33.9052672Z   Python_ROOT_DIR: /opt/hostedtoolcache/Python/3.9.18/x64
2023-09-26T18:35:33.9053036Z   Python2_ROOT_DIR: /opt/hostedtoolcache/Python/3.9.18/x64
2023-09-26T18:35:33.9053391Z   Python3_ROOT_DIR: /opt/hostedtoolcache/Python/3.9.18/x64
2023-09-26T18:35:33.9053743Z   LD_LIBRARY_PATH: /opt/hostedtoolcache/Python/3.9.18/x64/lib
2023-09-26T18:35:33.9054047Z   WLED_RELEASE: true
2023-09-26T18:35:33.9054290Z ##[endgroup]
2023-09-26T18:35:34.2085266Z Processing esp32s3dev_8MB_PSRAM_opi (board: esp32-s3-devkitc-1; platform: espressif32@5.3.0; framework: arduino)
2023-09-26T18:35:34.2086346Z --------------------------------------------------------------------------------
2023-09-26T18:35:34.2105620Z Platform Manager: Installing espressif32 @ 5.3.0
2023-09-26T18:35:37.8350309Z Downloading 0% 10% 20% 30% 40% 50% 60% 70% 80% 90% 100%
2023-09-26T18:35:37.9280835Z Unpacking
2023-09-26T18:35:38.1926631Z Platform Manager: espressif32@5.3.0 has been installed!
2023-09-26T18:35:38.2080428Z Tool Manager: Installing espressif/toolchain-xtensa-esp32s3 @ 8.4.0+2021r2-patch5
2023-09-26T18:35:40.6750496Z Downloading 0% 10% 20% 30% 40% 50% 60% 70% 80% 90% 100%
2023-09-26T18:35:42.3927918Z Unpacking
2023-09-26T18:35:44.6361606Z Tool Manager: toolchain-xtensa-esp32s3@8.4.0+2021r2-patch5 has been installed!
2023-09-26T18:35:44.6389159Z Tool Manager: Installing espressif/toolchain-riscv32-esp @ 8.4.0+2021r2-patch5
2023-09-26T18:35:47.6993175Z Downloading 0% 10% 20% 30% 40% 50% 60% 70% 80% 90% 100%
2023-09-26T18:35:52.4152548Z Unpacking
2023-09-26T18:35:59.6390200Z Tool Manager: toolchain-riscv32-esp@8.4.0+2021r2-patch5 has been installed!
2023-09-26T18:35:59.6417469Z Tool Manager: Installing platformio/framework-arduinoespressif32 @ ~3.20006.0
2023-09-26T18:36:03.0665906Z Downloading 0% 10% 20% 30% 40% 50% 60% 70% 80% 90% 100%
2023-09-26T18:36:10.9941339Z Unpacking
2023-09-26T18:36:21.8281421Z Tool Manager: framework-arduinoespressif32@3.20006.221224 has been installed!
2023-09-26T18:36:21.8310606Z Tool Manager: Installing platformio/tool-esptoolpy @ ~1.40400.0
2023-09-26T18:36:23.8501923Z Downloading 0% 10% 20% 30% 40% 50% 60% 70% 80% 90% 100%
2023-09-26T18:36:23.8834604Z Unpacking
2023-09-26T18:36:23.9807668Z Tool Manager: tool-esptoolpy@1.40400.0 has been installed!
2023-09-26T18:36:23.9864706Z Library Manager: Installing git+https://github.com/pbolduc/AsyncTCP.git @ 1.2.0
2023-09-26T18:36:23.9940802Z git version 2.42.0
2023-09-26T18:36:23.9980375Z Cloning into '/home/runner/.platformio/.cache/tmp/pkg-installing-vcclq_4v'...
2023-09-26T18:36:24.4296931Z Library Manager: AsyncTCP@1.2.0+sha.38b8475 has been installed!
2023-09-26T18:36:24.4312918Z Library Manager: Installing fastled/FastLED @ 3.6.0
2023-09-26T18:36:26.7957150Z Downloading 0% 10% 20% 30% 40% 50% 60% 70% 80% 90% 100%
2023-09-26T18:36:26.8251762Z Unpacking
2023-09-26T18:36:26.8907770Z Library Manager: FastLED@3.6.0 has been installed!
2023-09-26T18:36:26.8915206Z Library Manager: Installing makuna/NeoPixelBus @ 2.7.5
2023-09-26T18:36:29.2780401Z Downloading 0% 10% 20% 30% 40% 50% 60% 70% 80% 90% 100%
2023-09-26T18:36:29.3064113Z Unpacking
2023-09-26T18:36:29.3742827Z Library Manager: NeoPixelBus@2.7.5 has been installed!
2023-09-26T18:36:29.3744316Z Library Manager: Resolving dependencies...
2023-09-26T18:36:29.3942570Z Library Manager: Installing git+https://github.com/Aircoookie/ESPAsyncWebServer.git @ ~2.0.7
2023-09-26T18:36:29.3985679Z git version 2.42.0
2023-09-26T18:36:29.4027098Z Cloning into '/home/runner/.platformio/.cache/tmp/pkg-installing-cxgs7kes'...
2023-09-26T18:36:29.6901875Z Library Manager: ESPAsyncWebServerAircoookie@2.0.7+sha.b9349dc has been installed!
2023-09-26T18:36:29.6903754Z Library Manager: Resolving dependencies...
2023-09-26T18:36:29.6922794Z Library Manager: Installing git+https://github.com/blazoncek/QuickESPNow.git#optional-debug
2023-09-26T18:36:29.6961426Z git version 2.42.0
2023-09-26T18:36:29.7004102Z Cloning into '/home/runner/.platformio/.cache/tmp/pkg-installing-rxgjvox1'...
2023-09-26T18:36:29.9638180Z Library Manager: QuickEspNow@0.6.2+sha.b357ffa has been installed!
2023-09-26T18:36:30.3729398Z Verbose mode can be enabled via `-v, --verbose` option
2023-09-26T18:36:30.3905124Z CONFIGURATION: https://docs.platformio.org/page/boards/espressif32/esp32-s3-devkitc-1.html
2023-09-26T18:36:30.3905918Z PLATFORM: Espressif 32 (5.3.0) > Espressif ESP32-S3-DevKitC-1-N8 (8 MB QD, No PSRAM)
2023-09-26T18:36:30.3906380Z HARDWARE: ESP32S3 240MHz, 320KB RAM, 8MB Flash
2023-09-26T18:36:30.3907389Z DEBUG: Current (esp-builtin) On-board (esp-builtin) External (cmsis-dap, esp-bridge, esp-prog, iot-bus-jtag, jlink, minimodule, olimex-arm-usb-ocd, olimex-arm-usb-ocd-h, olimex-arm-usb-tiny-h, olimex-jtag-tiny, tumpa)
2023-09-26T18:36:30.3908042Z PACKAGES: 
2023-09-26T18:36:30.3908484Z  - framework-arduinoespressif32 @ 3.20006.221224 (2.0.6) 
2023-09-26T18:36:30.3908930Z  - tool-esptoolpy @ 1.40400.0 (4.4.0) 
2023-09-26T18:36:30.3909354Z  - toolchain-riscv32-esp @ 8.4.0+2021r2-patch5 
2023-09-26T18:36:30.3909814Z  - toolchain-xtensa-esp32s3 @ 8.4.0+2021r2-patch5
2023-09-26T18:36:30.3948112Z Converting wled00.ino
2023-09-26T18:36:30.4411766Z LDF: Library Dependency Finder -> https://bit.ly/configure-pio-ldf
2023-09-26T18:36:30.4412800Z LDF Modes: Finder ~ chain, Compatibility ~ strict
2023-09-26T18:36:30.6057066Z Library Manager: Installing IRremoteESP8266 @ 2.8.2
2023-09-26T18:36:34.3300064Z Downloading 0% 10% 20% 30% 40% 50% 60% 70% 80% 90% 100%
2023-09-26T18:36:34.3952324Z Unpacking
2023-09-26T18:36:34.5203610Z Library Manager: IRremoteESP8266@2.8.2 has been installed!
2023-09-26T18:36:34.6564228Z Found 39 compatible libraries
2023-09-26T18:36:34.6565289Z Scanning dependencies...
2023-09-26T18:36:36.0661024Z Dependency Graph
2023-09-26T18:36:36.0663334Z |-- AsyncTCP @ 1.2.0+sha.38b8475
2023-09-26T18:36:36.0664970Z |-- FastLED @ 3.6.0
2023-09-26T18:36:36.0665513Z |   |-- SPI @ 2.0.0
2023-09-26T18:36:36.0666746Z |-- IRremoteESP8266 @ 2.8.2
2023-09-26T18:36:36.0667715Z |-- NeoPixelBus @ 2.7.5
2023-09-26T18:36:36.0669631Z |   |-- SPI @ 2.0.0
2023-09-26T18:36:36.0670699Z |-- ESPAsyncWebServerAircoookie @ 2.0.7+sha.b9349dc
2023-09-26T18:36:36.0672944Z |   |-- AsyncTCP @ 1.2.0+sha.38b8475
2023-09-26T18:36:36.0674055Z |   |-- FS @ 2.0.0
2023-09-26T18:36:36.0675772Z |   |-- WiFi @ 2.0.0
2023-09-26T18:36:36.0676858Z |   |-- LittleFS @ 2.0.0
2023-09-26T18:36:36.0678621Z |   |   |-- FS @ 2.0.0
2023-09-26T18:36:36.0679754Z |-- QuickEspNow @ 0.6.2+sha.b357ffa
2023-09-26T18:36:36.0682926Z |-- Wire @ 2.0.0
2023-09-26T18:36:36.0683463Z |-- SD @ 2.0.0
2023-09-26T18:36:36.0686363Z |   |-- FS @ 2.0.0
2023-09-26T18:36:36.0686934Z |   |-- SPI @ 2.0.0
2023-09-26T18:36:36.0687682Z |-- SD_MMC @ 2.0.0
2023-09-26T18:36:36.0688154Z |   |-- FS @ 2.0.0
2023-09-26T18:36:36.0689296Z |-- SPI @ 2.0.0
2023-09-26T18:36:36.0689796Z |-- EEPROM @ 2.0.0
2023-09-26T18:36:36.0690537Z |-- ArduinoOTA @ 2.0.0
2023-09-26T18:36:36.0691055Z |   |-- Update @ 2.0.0
2023-09-26T18:36:36.0691779Z |   |-- WiFi @ 2.0.0
2023-09-26T18:36:36.0692336Z |   |-- ESPmDNS @ 2.0.0
2023-09-26T18:36:36.0693079Z |   |   |-- WiFi @ 2.0.0
2023-09-26T18:36:36.0693588Z |-- DNSServer @ 2.0.0
2023-09-26T18:36:36.0694310Z |   |-- WiFi @ 2.0.0
2023-09-26T18:36:36.0694800Z |-- ESPmDNS @ 2.0.0
2023-09-26T18:36:36.0695537Z |   |-- WiFi @ 2.0.0
2023-09-26T18:36:36.0696035Z |-- Ethernet @ 2.0.0
2023-09-26T18:36:36.0696751Z |   |-- WiFi @ 2.0.0
2023-09-26T18:36:36.0697248Z |-- LittleFS @ 2.0.0
2023-09-26T18:36:36.0697962Z |   |-- FS @ 2.0.0
2023-09-26T18:36:36.0698439Z |-- WiFi @ 2.0.0
2023-09-26T18:36:36.0699268Z |-- ESP32 Async UDP @ 2.0.0
2023-09-26T18:36:36.0699722Z |-- WebServer @ 2.0.0
2023-09-26T18:36:36.0700603Z |   |-- WiFi @ 2.0.0
2023-09-26T18:36:36.0701051Z |   |-- FS @ 2.0.0
2023-09-26T18:36:36.2191685Z Building in release mode
2023-09-26T18:36:36.7543960Z Compiling .pio/build/esp32s3dev_8MB_PSRAM_opi/libb9b/FastLED/FastLED.cpp.o
2023-09-26T18:36:36.7768744Z Compiling .pio/build/esp32s3dev_8MB_PSRAM_opi/libb9b/FastLED/bitswap.cpp.o
2023-09-26T18:36:37.3568078Z Compiling .pio/build/esp32s3dev_8MB_PSRAM_opi/libb9b/FastLED/colorpalettes.cpp.o
2023-09-26T18:36:37.4208226Z Compiling .pio/build/esp32s3dev_8MB_PSRAM_opi/libb9b/FastLED/colorutils.cpp.o
2023-09-26T18:36:37.9208460Z Compiling .pio/build/esp32s3dev_8MB_PSRAM_opi/libb9b/FastLED/hsv2rgb.cpp.o
2023-09-26T18:36:38.3327836Z Compiling .pio/build/esp32s3dev_8MB_PSRAM_opi/libb9b/FastLED/lib8tion.cpp.o
2023-09-26T18:36:38.5528070Z Compiling .pio/build/esp32s3dev_8MB_PSRAM_opi/libb9b/FastLED/noise.cpp.o
2023-09-26T18:36:38.8928729Z Compiling .pio/build/esp32s3dev_8MB_PSRAM_opi/libb9b/FastLED/platforms.cpp.o
2023-09-26T18:36:38.9368248Z Compiling .pio/build/esp32s3dev_8MB_PSRAM_opi/libb9b/FastLED/platforms/esp/32/clockless_rmt_esp32.cpp.o
2023-09-26T18:36:39.5248327Z Compiling .pio/build/esp32s3dev_8MB_PSRAM_opi/libb9b/FastLED/power_mgt.cpp.o
2023-09-26T18:36:39.5808970Z Compiling .pio/build/esp32s3dev_8MB_PSRAM_opi/libb9b/FastLED/wiring.cpp.o
2023-09-26T18:36:40.5222337Z Compiling .pio/build/esp32s3dev_8MB_PSRAM_opi/src/FX.cpp.o
2023-09-26T18:36:40.5728190Z Compiling .pio/build/esp32s3dev_8MB_PSRAM_opi/src/FX_2Dfcn.cpp.o
2023-09-26T18:36:42.3528065Z Compiling .pio/build/esp32s3dev_8MB_PSRAM_opi/src/FX_fcn.cpp.o
2023-09-26T18:36:44.7448046Z Compiling .pio/build/esp32s3dev_8MB_PSRAM_opi/src/alexa.cpp.o
2023-09-26T18:36:46.3968406Z Compiling .pio/build/esp32s3dev_8MB_PSRAM_opi/src/bus_manager.cpp.o
2023-09-26T18:36:46.7051760Z Compiling .pio/build/esp32s3dev_8MB_PSRAM_opi/src/button.cpp.o
2023-09-26T18:36:48.0127947Z Compiling .pio/build/esp32s3dev_8MB_PSRAM_opi/src/cfg.cpp.o
2023-09-26T18:36:48.0487911Z Compiling .pio/build/esp32s3dev_8MB_PSRAM_opi/src/colors.cpp.o
2023-09-26T18:36:49.4048092Z Compiling .pio/build/esp32s3dev_8MB_PSRAM_opi/src/dmx.cpp.o
2023-09-26T18:36:50.9528517Z Compiling .pio/build/esp32s3dev_8MB_PSRAM_opi/src/e131.cpp.o
2023-09-26T18:36:52.2008124Z Compiling .pio/build/esp32s3dev_8MB_PSRAM_opi/src/file.cpp.o
2023-09-26T18:36:52.3607922Z Compiling .pio/build/esp32s3dev_8MB_PSRAM_opi/src/hue.cpp.o
2023-09-26T18:36:53.9445344Z Compiling .pio/build/esp32s3dev_8MB_PSRAM_opi/src/improv.cpp.o
2023-09-26T18:36:54.0607970Z Compiling .pio/build/esp32s3dev_8MB_PSRAM_opi/src/ir.cpp.o
2023-09-26T18:36:55.2504478Z Compiling .pio/build/esp32s3dev_8MB_PSRAM_opi/src/json.cpp.o
2023-09-26T18:36:55.9206642Z Compiling .pio/build/esp32s3dev_8MB_PSRAM_opi/src/led.cpp.o
2023-09-26T18:36:57.3368115Z Compiling .pio/build/esp32s3dev_8MB_PSRAM_opi/src/lx_parser.cpp.o
2023-09-26T18:36:58.5714987Z Compiling .pio/build/esp32s3dev_8MB_PSRAM_opi/src/mqtt.cpp.o
2023-09-26T18:36:58.6067620Z Compiling .pio/build/esp32s3dev_8MB_PSRAM_opi/src/net_debug.cpp.o
2023-09-26T18:36:59.8398797Z Compiling .pio/build/esp32s3dev_8MB_PSRAM_opi/src/network.cpp.o
2023-09-26T18:37:00.1128185Z Compiling .pio/build/esp32s3dev_8MB_PSRAM_opi/src/ntp.cpp.o
2023-09-26T18:37:01.0844352Z Compiling .pio/build/esp32s3dev_8MB_PSRAM_opi/src/overlay.cpp.o
2023-09-26T18:37:01.5328300Z Compiling .pio/build/esp32s3dev_8MB_PSRAM_opi/src/pin_manager.cpp.o
2023-09-26T18:37:02.3797806Z Compiling .pio/build/esp32s3dev_8MB_PSRAM_opi/src/playlist.cpp.o
2023-09-26T18:37:02.8688036Z Compiling .pio/build/esp32s3dev_8MB_PSRAM_opi/src/presets.cpp.o
2023-09-26T18:37:03.9478784Z Compiling .pio/build/esp32s3dev_8MB_PSRAM_opi/src/remote.cpp.o
2023-09-26T18:37:04.8728104Z Compiling .pio/build/esp32s3dev_8MB_PSRAM_opi/src/set.cpp.o
2023-09-26T18:37:05.2208687Z Compiling .pio/build/esp32s3dev_8MB_PSRAM_opi/src/src/dependencies/async-mqtt-client/AsyncMqttClient.cpp.o
2023-09-26T18:37:07.3648726Z Compiling .pio/build/esp32s3dev_8MB_PSRAM_opi/src/src/dependencies/async-mqtt-client/AsyncMqttClient/Packets/ConnAckPacket.cpp.o
2023-09-26T18:37:07.4089230Z Compiling .pio/build/esp32s3dev_8MB_PSRAM_opi/src/src/dependencies/async-mqtt-client/AsyncMqttClient/Packets/PingRespPacket.cpp.o
2023-09-26T18:37:07.8691796Z Compiling .pio/build/esp32s3dev_8MB_PSRAM_opi/src/src/dependencies/async-mqtt-client/AsyncMqttClient/Packets/PubAckPacket.cpp.o
2023-09-26T18:37:07.9008742Z Compiling .pio/build/esp32s3dev_8MB_PSRAM_opi/src/src/dependencies/async-mqtt-client/AsyncMqttClient/Packets/PubCompPacket.cpp.o
2023-09-26T18:37:08.3768802Z Compiling .pio/build/esp32s3dev_8MB_PSRAM_opi/src/src/dependencies/async-mqtt-client/AsyncMqttClient/Packets/PubRecPacket.cpp.o
2023-09-26T18:37:08.4088705Z Compiling .pio/build/esp32s3dev_8MB_PSRAM_opi/src/src/dependencies/async-mqtt-client/AsyncMqttClient/Packets/PubRelPacket.cpp.o
2023-09-26T18:37:08.8768666Z Compiling .pio/build/esp32s3dev_8MB_PSRAM_opi/src/src/dependencies/async-mqtt-client/AsyncMqttClient/Packets/PublishPacket.cpp.o
2023-09-26T18:37:08.9648870Z Compiling .pio/build/esp32s3dev_8MB_PSRAM_opi/src/src/dependencies/async-mqtt-client/AsyncMqttClient/Packets/SubAckPacket.cpp.o
2023-09-26T18:37:09.4129455Z Compiling .pio/build/esp32s3dev_8MB_PSRAM_opi/src/src/dependencies/async-mqtt-client/AsyncMqttClient/Packets/UnsubAckPacket.cpp.o
2023-09-26T18:37:09.4608119Z Compiling .pio/build/esp32s3dev_8MB_PSRAM_opi/src/src/dependencies/dmx/ESPDMX.cpp.o
2023-09-26T18:37:09.5130550Z Compiling .pio/build/esp32s3dev_8MB_PSRAM_opi/src/src/dependencies/dmx/SparkFunDMX.cpp.o
2023-09-26T18:37:09.9128295Z Compiling .pio/build/esp32s3dev_8MB_PSRAM_opi/src/src/dependencies/e131/ESPAsyncE131.cpp.o
2023-09-26T18:37:10.0008339Z Compiling .pio/build/esp32s3dev_8MB_PSRAM_opi/src/src/dependencies/espalexa/EspalexaDevice.cpp.o
2023-09-26T18:37:10.5846706Z Compiling .pio/build/esp32s3dev_8MB_PSRAM_opi/src/src/dependencies/network/Network.cpp.o
2023-09-26T18:37:10.6448103Z Compiling .pio/build/esp32s3dev_8MB_PSRAM_opi/src/src/dependencies/time/DS1307RTC.cpp.o
2023-09-26T18:37:10.8568904Z Compiling .pio/build/esp32s3dev_8MB_PSRAM_opi/src/src/dependencies/time/DateStrings.cpp.o
2023-09-26T18:37:10.9608956Z Compiling .pio/build/esp32s3dev_8MB_PSRAM_opi/src/src/dependencies/time/Time.cpp.o
2023-09-26T18:37:11.1450636Z Compiling .pio/build/esp32s3dev_8MB_PSRAM_opi/src/src/dependencies/timezone/Timezone.cpp.o
2023-09-26T18:37:11.4928071Z Compiling .pio/build/esp32s3dev_8MB_PSRAM_opi/src/udp.cpp.o
2023-09-26T18:37:11.6769150Z Compiling .pio/build/esp32s3dev_8MB_PSRAM_opi/src/um_manager.cpp.o
2023-09-26T18:37:12.9888172Z Compiling .pio/build/esp32s3dev_8MB_PSRAM_opi/src/usermod.cpp.o
2023-09-26T18:37:13.7088355Z Compiling .pio/build/esp32s3dev_8MB_PSRAM_opi/src/usermods_list.cpp.o
2023-09-26T18:37:14.2345029Z Compiling .pio/build/esp32s3dev_8MB_PSRAM_opi/src/util.cpp.o
2023-09-26T18:37:14.9616442Z Compiling .pio/build/esp32s3dev_8MB_PSRAM_opi/src/wled.cpp.o
2023-09-26T18:37:15.8528072Z Compiling .pio/build/esp32s3dev_8MB_PSRAM_opi/src/wled00.ino.cpp.o
2023-09-26T18:37:16.6281024Z Compiling .pio/build/esp32s3dev_8MB_PSRAM_opi/src/wled_eeprom.cpp.o
2023-09-26T18:37:16.6736529Z Compiling .pio/build/esp32s3dev_8MB_PSRAM_opi/src/wled_math.cpp.o
2023-09-26T18:37:17.0928206Z Compiling .pio/build/esp32s3dev_8MB_PSRAM_opi/src/wled_serial.cpp.o
2023-09-26T18:37:17.1848185Z Compiling .pio/build/esp32s3dev_8MB_PSRAM_opi/src/wled_server.cpp.o
2023-09-26T18:37:18.7860442Z Compiling .pio/build/esp32s3dev_8MB_PSRAM_opi/src/ws.cpp.o
2023-09-26T18:37:19.8487887Z Compiling .pio/build/esp32s3dev_8MB_PSRAM_opi/src/xml.cpp.o
2023-09-26T18:37:20.4882301Z Building .pio/build/esp32s3dev_8MB_PSRAM_opi/bootloader.bin
2023-09-26T18:37:20.5940169Z esptool.py v4.4
2023-09-26T18:37:20.5940945Z Creating esp32s3 image...
2023-09-26T18:37:20.5942272Z Merged 1 ELF section
2023-09-26T18:37:20.5942719Z Successfully created esp32s3 image.
2023-09-26T18:37:20.6064023Z Generating partitions .pio/build/esp32s3dev_8MB_PSRAM_opi/partitions.bin
2023-09-26T18:37:20.8760779Z Compiling .pio/build/esp32s3dev_8MB_PSRAM_opi/lib3a3/AsyncTCP/AsyncTCP.cpp.o
2023-09-26T18:37:21.7128735Z Compiling .pio/build/esp32s3dev_8MB_PSRAM_opi/lib30b/SPI/SPI.cpp.o
2023-09-26T18:37:21.7555856Z Archiving .pio/build/esp32s3dev_8MB_PSRAM_opi/lib3a3/libAsyncTCP.a
2023-09-26T18:37:21.7614648Z Indexing .pio/build/esp32s3dev_8MB_PSRAM_opi/lib3a3/libAsyncTCP.a
2023-09-26T18:37:21.9732582Z Compiling .pio/build/esp32s3dev_8MB_PSRAM_opi/lib714/IRremoteESP8266/IRac.cpp.o
2023-09-26T18:37:21.9903305Z Archiving .pio/build/esp32s3dev_8MB_PSRAM_opi/lib30b/libSPI.a
2023-09-26T18:37:21.9995671Z Indexing .pio/build/esp32s3dev_8MB_PSRAM_opi/lib30b/libSPI.a
2023-09-26T18:37:22.0207640Z Compiling .pio/build/esp32s3dev_8MB_PSRAM_opi/lib714/IRremoteESP8266/IRrecv.cpp.o
2023-09-26T18:37:22.6927986Z Compiling .pio/build/esp32s3dev_8MB_PSRAM_opi/lib714/IRremoteESP8266/IRsend.cpp.o
2023-09-26T18:37:22.7168698Z Compiling .pio/build/esp32s3dev_8MB_PSRAM_opi/lib714/IRremoteESP8266/IRtext.cpp.o
2023-09-26T18:37:23.1928076Z Compiling .pio/build/esp32s3dev_8MB_PSRAM_opi/lib714/IRremoteESP8266/IRtimer.cpp.o
2023-09-26T18:37:23.2849678Z Compiling .pio/build/esp32s3dev_8MB_PSRAM_opi/lib714/IRremoteESP8266/IRutils.cpp.o
2023-09-26T18:37:23.6568445Z Compiling .pio/build/esp32s3dev_8MB_PSRAM_opi/lib714/IRremoteESP8266/ir_Airton.cpp.o
2023-09-26T18:37:24.1768170Z Compiling .pio/build/esp32s3dev_8MB_PSRAM_opi/lib714/IRremoteESP8266/ir_Airwell.cpp.o
2023-09-26T18:37:24.2329812Z Compiling .pio/build/esp32s3dev_8MB_PSRAM_opi/lib714/IRremoteESP8266/ir_Aiwa.cpp.o
2023-09-26T18:37:24.6841320Z Compiling .pio/build/esp32s3dev_8MB_PSRAM_opi/lib714/IRremoteESP8266/ir_Amcor.cpp.o
2023-09-26T18:37:24.7167948Z Compiling .pio/build/esp32s3dev_8MB_PSRAM_opi/lib714/IRremoteESP8266/ir_Argo.cpp.o
2023-09-26T18:37:25.2328266Z Compiling .pio/build/esp32s3dev_8MB_PSRAM_opi/lib714/IRremoteESP8266/ir_Arris.cpp.o
2023-09-26T18:37:25.2768095Z Compiling .pio/build/esp32s3dev_8MB_PSRAM_opi/lib714/IRremoteESP8266/ir_Bose.cpp.o
2023-09-26T18:37:25.7048443Z Compiling .pio/build/esp32s3dev_8MB_PSRAM_opi/lib714/IRremoteESP8266/ir_Carrier.cpp.o
2023-09-26T18:37:25.7425403Z Compiling .pio/build/esp32s3dev_8MB_PSRAM_opi/lib714/IRremoteESP8266/ir_Coolix.cpp.o
2023-09-26T18:37:26.3375668Z Compiling .pio/build/esp32s3dev_8MB_PSRAM_opi/lib714/IRremoteESP8266/ir_Corona.cpp.o
2023-09-26T18:37:26.3688064Z Compiling .pio/build/esp32s3dev_8MB_PSRAM_opi/lib714/IRremoteESP8266/ir_Daikin.cpp.o
2023-09-26T18:37:26.9888143Z Compiling .pio/build/esp32s3dev_8MB_PSRAM_opi/lib714/IRremoteESP8266/ir_Delonghi.cpp.o
2023-09-26T18:37:27.5608095Z Compiling .pio/build/esp32s3dev_8MB_PSRAM_opi/lib714/IRremoteESP8266/ir_Denon.cpp.o
2023-09-26T18:37:27.8314735Z Compiling .pio/build/esp32s3dev_8MB_PSRAM_opi/lib714/IRremoteESP8266/ir_Dish.cpp.o
2023-09-26T18:37:28.0168118Z Compiling .pio/build/esp32s3dev_8MB_PSRAM_opi/lib714/IRremoteESP8266/ir_Doshisha.cpp.o
2023-09-26T18:37:28.2928497Z Compiling .pio/build/esp32s3dev_8MB_PSRAM_opi/lib714/IRremoteESP8266/ir_Ecoclim.cpp.o
2023-09-26T18:37:28.4768335Z Compiling .pio/build/esp32s3dev_8MB_PSRAM_opi/lib714/IRremoteESP8266/ir_Electra.cpp.o
2023-09-26T18:37:28.9248396Z Compiling .pio/build/esp32s3dev_8MB_PSRAM_opi/lib714/IRremoteESP8266/ir_EliteScreens.cpp.o
2023-09-26T18:37:29.0568593Z Compiling .pio/build/esp32s3dev_8MB_PSRAM_opi/lib714/IRremoteESP8266/ir_Epson.cpp.o
2023-09-26T18:37:29.3888030Z Compiling .pio/build/esp32s3dev_8MB_PSRAM_opi/lib714/IRremoteESP8266/ir_Fujitsu.cpp.o
2023-09-26T18:37:29.5128384Z Compiling .pio/build/esp32s3dev_8MB_PSRAM_opi/lib714/IRremoteESP8266/ir_GICable.cpp.o
2023-09-26T18:37:29.9648632Z Compiling .pio/build/esp32s3dev_8MB_PSRAM_opi/lib714/IRremoteESP8266/ir_GlobalCache.cpp.o
2023-09-26T18:37:30.0728207Z Compiling .pio/build/esp32s3dev_8MB_PSRAM_opi/lib714/IRremoteESP8266/ir_Goodweather.cpp.o
2023-09-26T18:37:30.1368199Z Compiling .pio/build/esp32s3dev_8MB_PSRAM_opi/lib714/IRremoteESP8266/ir_Gree.cpp.o
2023-09-26T18:37:30.6368737Z Compiling .pio/build/esp32s3dev_8MB_PSRAM_opi/lib714/IRremoteESP8266/ir_Haier.cpp.o
2023-09-26T18:37:30.7768370Z Compiling .pio/build/esp32s3dev_8MB_PSRAM_opi/lib714/IRremoteESP8266/ir_Hitachi.cpp.o
2023-09-26T18:37:31.4448472Z Compiling .pio/build/esp32s3dev_8MB_PSRAM_opi/lib714/IRremoteESP8266/ir_Inax.cpp.o
2023-09-26T18:37:31.6808221Z Compiling .pio/build/esp32s3dev_8MB_PSRAM_opi/lib714/IRremoteESP8266/ir_JVC.cpp.o
2023-09-26T18:37:31.9088076Z Compiling .pio/build/esp32s3dev_8MB_PSRAM_opi/lib714/IRremoteESP8266/ir_Kelon.cpp.o
2023-09-26T18:37:32.1408508Z Compiling .pio/build/esp32s3dev_8MB_PSRAM_opi/lib714/IRremoteESP8266/ir_Kelvinator.cpp.o
2023-09-26T18:37:32.4808128Z Compiling .pio/build/esp32s3dev_8MB_PSRAM_opi/lib714/IRremoteESP8266/ir_LG.cpp.o
2023-09-26T18:37:32.7968299Z Compiling .pio/build/esp32s3dev_8MB_PSRAM_opi/lib714/IRremoteESP8266/ir_Lasertag.cpp.o
2023-09-26T18:37:33.2205527Z Compiling .pio/build/esp32s3dev_8MB_PSRAM_opi/lib714/IRremoteESP8266/ir_Lego.cpp.o
2023-09-26T18:37:33.2609744Z Compiling .pio/build/esp32s3dev_8MB_PSRAM_opi/lib714/IRremoteESP8266/ir_Lutron.cpp.o
2023-09-26T18:37:33.6808147Z Compiling .pio/build/esp32s3dev_8MB_PSRAM_opi/lib714/IRremoteESP8266/ir_MWM.cpp.o
2023-09-26T18:37:33.7248346Z Compiling .pio/build/esp32s3dev_8MB_PSRAM_opi/lib714/IRremoteESP8266/ir_Magiquest.cpp.o
2023-09-26T18:37:34.1488313Z Compiling .pio/build/esp32s3dev_8MB_PSRAM_opi/lib714/IRremoteESP8266/ir_Metz.cpp.o
2023-09-26T18:37:34.1888201Z Compiling .pio/build/esp32s3dev_8MB_PSRAM_opi/lib714/IRremoteESP8266/ir_Midea.cpp.o
2023-09-26T18:37:34.6168320Z Compiling .pio/build/esp32s3dev_8MB_PSRAM_opi/lib714/IRremoteESP8266/ir_MilesTag2.cpp.o
2023-09-26T18:37:34.8768228Z Compiling .pio/build/esp32s3dev_8MB_PSRAM_opi/lib714/IRremoteESP8266/ir_Mirage.cpp.o
2023-09-26T18:37:35.0726736Z Compiling .pio/build/esp32s3dev_8MB_PSRAM_opi/lib714/IRremoteESP8266/ir_Mitsubishi.cpp.o
2023-09-26T18:37:35.3448234Z Compiling .pio/build/esp32s3dev_8MB_PSRAM_opi/lib714/IRremoteESP8266/ir_MitsubishiHeavy.cpp.o
2023-09-26T18:37:35.8690370Z Compiling .pio/build/esp32s3dev_8MB_PSRAM_opi/lib714/IRremoteESP8266/ir_Multibrackets.cpp.o
2023-09-26T18:37:36.0728140Z Compiling .pio/build/esp32s3dev_8MB_PSRAM_opi/lib714/IRremoteESP8266/ir_NEC.cpp.o
2023-09-26T18:37:36.3287992Z Compiling .pio/build/esp32s3dev_8MB_PSRAM_opi/lib714/IRremoteESP8266/ir_Neoclima.cpp.o
2023-09-26T18:37:36.5550963Z Compiling .pio/build/esp32s3dev_8MB_PSRAM_opi/lib714/IRremoteESP8266/ir_Nikai.cpp.o
2023-09-26T18:37:36.9728042Z Compiling .pio/build/esp32s3dev_8MB_PSRAM_opi/lib714/IRremoteESP8266/ir_Panasonic.cpp.o
2023-09-26T18:37:37.0168223Z Compiling .pio/build/esp32s3dev_8MB_PSRAM_opi/lib714/IRremoteESP8266/ir_Pioneer.cpp.o
2023-09-26T18:37:37.4808930Z Compiling .pio/build/esp32s3dev_8MB_PSRAM_opi/lib714/IRremoteESP8266/ir_Pronto.cpp.o
2023-09-26T18:37:37.6488143Z Compiling .pio/build/esp32s3dev_8MB_PSRAM_opi/lib714/IRremoteESP8266/ir_RC5_RC6.cpp.o
2023-09-26T18:37:37.6780724Z Compiling .pio/build/esp32s3dev_8MB_PSRAM_opi/lib714/IRremoteESP8266/ir_RCMM.cpp.o
2023-09-26T18:37:38.1128345Z Compiling .pio/build/esp32s3dev_8MB_PSRAM_opi/lib714/IRremoteESP8266/ir_Rhoss.cpp.o
2023-09-26T18:37:38.1407976Z Compiling .pio/build/esp32s3dev_8MB_PSRAM_opi/lib714/IRremoteESP8266/ir_Samsung.cpp.o
2023-09-26T18:37:38.6488310Z Compiling .pio/build/esp32s3dev_8MB_PSRAM_opi/lib714/IRremoteESP8266/ir_Sanyo.cpp.o
2023-09-26T18:37:38.8347979Z Compiling .pio/build/esp32s3dev_8MB_PSRAM_opi/lib714/IRremoteESP8266/ir_Sharp.cpp.o
2023-09-26T18:37:39.3008242Z Compiling .pio/build/esp32s3dev_8MB_PSRAM_opi/lib714/IRremoteESP8266/ir_Sherwood.cpp.o
2023-09-26T18:37:39.4742885Z Compiling .pio/build/esp32s3dev_8MB_PSRAM_opi/lib714/IRremoteESP8266/ir_Sony.cpp.o
2023-09-26T18:37:39.5087994Z Compiling .pio/build/esp32s3dev_8MB_PSRAM_opi/lib714/IRremoteESP8266/ir_Symphony.cpp.o
2023-09-26T18:37:39.9593325Z Compiling .pio/build/esp32s3dev_8MB_PSRAM_opi/lib714/IRremoteESP8266/ir_Tcl.cpp.o
2023-09-26T18:37:39.9888214Z Compiling .pio/build/esp32s3dev_8MB_PSRAM_opi/lib714/IRremoteESP8266/ir_Technibel.cpp.o
2023-09-26T18:37:40.5610619Z Compiling .pio/build/esp32s3dev_8MB_PSRAM_opi/lib714/IRremoteESP8266/ir_Teco.cpp.o
2023-09-26T18:37:40.5888115Z Compiling .pio/build/esp32s3dev_8MB_PSRAM_opi/lib714/IRremoteESP8266/ir_Teknopoint.cpp.o
2023-09-26T18:37:41.0568480Z Compiling .pio/build/esp32s3dev_8MB_PSRAM_opi/lib714/IRremoteESP8266/ir_Toshiba.cpp.o
2023-09-26T18:37:41.1248220Z Compiling .pio/build/esp32s3dev_8MB_PSRAM_opi/lib714/IRremoteESP8266/ir_Transcold.cpp.o
2023-09-26T18:37:41.6770781Z Compiling .pio/build/esp32s3dev_8MB_PSRAM_opi/lib714/IRremoteESP8266/ir_Trotec.cpp.o
2023-09-26T18:37:41.7088049Z Compiling .pio/build/esp32s3dev_8MB_PSRAM_opi/lib714/IRremoteESP8266/ir_Truma.cpp.o
2023-09-26T18:37:42.2408616Z Compiling .pio/build/esp32s3dev_8MB_PSRAM_opi/lib714/IRremoteESP8266/ir_Vestel.cpp.o
2023-09-26T18:37:42.2900866Z Compiling .pio/build/esp32s3dev_8MB_PSRAM_opi/lib714/IRremoteESP8266/ir_Voltas.cpp.o
2023-09-26T18:37:42.8808157Z Compiling .pio/build/esp32s3dev_8MB_PSRAM_opi/lib714/IRremoteESP8266/ir_Whirlpool.cpp.o
2023-09-26T18:37:42.9648369Z Compiling .pio/build/esp32s3dev_8MB_PSRAM_opi/lib714/IRremoteESP8266/ir_Whynter.cpp.o
2023-09-26T18:37:43.4248249Z Compiling .pio/build/esp32s3dev_8MB_PSRAM_opi/lib714/IRremoteESP8266/ir_Xmp.cpp.o
2023-09-26T18:37:43.5030456Z Compiling .pio/build/esp32s3dev_8MB_PSRAM_opi/lib714/IRremoteESP8266/ir_Zepeal.cpp.o
2023-09-26T18:37:44.1736267Z Compiling .pio/build/esp32s3dev_8MB_PSRAM_opi/libb37/NeoPixelBus/internal/animations/NeoPixelAnimator.cpp.o
2023-09-26T18:37:44.2010127Z Archiving .pio/build/esp32s3dev_8MB_PSRAM_opi/lib714/libIRremoteESP8266.a
2023-09-26T18:37:44.2407858Z Indexing .pio/build/esp32s3dev_8MB_PSRAM_opi/lib714/libIRremoteESP8266.a
2023-09-26T18:37:44.3327771Z Compiling .pio/build/esp32s3dev_8MB_PSRAM_opi/libb37/NeoPixelBus/internal/colors/HsbColor.cpp.o
2023-09-26T18:37:44.7981987Z Compiling .pio/build/esp32s3dev_8MB_PSRAM_opi/libb37/NeoPixelBus/internal/colors/HslColor.cpp.o
2023-09-26T18:37:44.8258936Z Compiling .pio/build/esp32s3dev_8MB_PSRAM_opi/libb37/NeoPixelBus/internal/colors/HtmlColor.cpp.o
2023-09-26T18:37:45.2877357Z Compiling .pio/build/esp32s3dev_8MB_PSRAM_opi/libb37/NeoPixelBus/internal/colors/HtmlColorNameStrings.cpp.o
2023-09-26T18:37:45.3168167Z Compiling .pio/build/esp32s3dev_8MB_PSRAM_opi/libb37/NeoPixelBus/internal/colors/HtmlColorNames.cpp.o
2023-09-26T18:37:45.7648608Z Compiling .pio/build/esp32s3dev_8MB_PSRAM_opi/libb37/NeoPixelBus/internal/colors/HtmlColorShortNames.cpp.o
2023-09-26T18:37:45.7930697Z Compiling .pio/build/esp32s3dev_8MB_PSRAM_opi/libb37/NeoPixelBus/internal/colors/NeoGammaDynamicTableMethod.cpp.o
2023-09-26T18:37:46.2314339Z Compiling .pio/build/esp32s3dev_8MB_PSRAM_opi/libb37/NeoPixelBus/internal/colors/NeoGammaTableMethod.cpp.o
2023-09-26T18:37:46.2606482Z Compiling .pio/build/esp32s3dev_8MB_PSRAM_opi/libb37/NeoPixelBus/internal/colors/Rgb48Color.cpp.o
2023-09-26T18:37:46.6928643Z Compiling .pio/build/esp32s3dev_8MB_PSRAM_opi/libb37/NeoPixelBus/internal/colors/RgbColor.cpp.o
2023-09-26T18:37:46.7768613Z Compiling .pio/build/esp32s3dev_8MB_PSRAM_opi/libb37/NeoPixelBus/internal/colors/RgbColorBase.cpp.o
2023-09-26T18:37:47.2129229Z Compiling .pio/build/esp32s3dev_8MB_PSRAM_opi/libb37/NeoPixelBus/internal/colors/Rgbw64Color.cpp.o
2023-09-26T18:37:47.2648252Z Compiling .pio/build/esp32s3dev_8MB_PSRAM_opi/libb37/NeoPixelBus/internal/colors/RgbwColor.cpp.o
2023-09-26T18:37:47.7328257Z Compiling .pio/build/esp32s3dev_8MB_PSRAM_opi/libb37/NeoPixelBus/internal/colors/SegmentDigit.cpp.o
2023-09-26T18:37:47.8168860Z Compiling .pio/build/esp32s3dev_8MB_PSRAM_opi/libb37/NeoPixelBus/internal/methods/Esp32_i2s.c.o
2023-09-26T18:37:47.8648958Z Compiling .pio/build/esp32s3dev_8MB_PSRAM_opi/libb37/NeoPixelBus/internal/methods/NeoEsp32RmtMethod.cpp.o
2023-09-26T18:37:48.2488652Z Compiling .pio/build/esp32s3dev_8MB_PSRAM_opi/libb37/NeoPixelBus/internal/methods/NeoEsp8266I2sMethodCore.cpp.o
2023-09-26T18:37:48.3888284Z Compiling .pio/build/esp32s3dev_8MB_PSRAM_opi/libb37/NeoPixelBus/internal/methods/NeoEsp8266UartMethod.cpp.o
2023-09-26T18:37:48.4368243Z Compiling .pio/build/esp32s3dev_8MB_PSRAM_opi/libb37/NeoPixelBus/internal/methods/NeoEspBitBangMethod.cpp.o
2023-09-26T18:37:48.6952183Z Compiling .pio/build/esp32s3dev_8MB_PSRAM_opi/libb37/NeoPixelBus/internal/methods/NeoPixelAvr.c.o
2023-09-26T18:37:48.9124441Z Compiling .pio/build/esp32s3dev_8MB_PSRAM_opi/lib7aa/FS/FS.cpp.o
2023-09-26T18:37:48.9331988Z Archiving .pio/build/esp32s3dev_8MB_PSRAM_opi/libb37/libNeoPixelBus.a
2023-09-26T18:37:48.9476957Z Indexing .pio/build/esp32s3dev_8MB_PSRAM_opi/libb37/libNeoPixelBus.a
2023-09-26T18:37:48.9808334Z Compiling .pio/build/esp32s3dev_8MB_PSRAM_opi/lib7aa/FS/vfs_api.cpp.o
2023-09-26T18:37:49.7349483Z Compiling .pio/build/esp32s3dev_8MB_PSRAM_opi/lib989/WiFi/WiFi.cpp.o
2023-09-26T18:37:49.7559565Z Archiving .pio/build/esp32s3dev_8MB_PSRAM_opi/lib7aa/libFS.a
2023-09-26T18:37:49.7639996Z Indexing .pio/build/esp32s3dev_8MB_PSRAM_opi/lib7aa/libFS.a
2023-09-26T18:37:49.7888516Z Compiling .pio/build/esp32s3dev_8MB_PSRAM_opi/lib989/WiFi/WiFiAP.cpp.o
2023-09-26T18:37:50.2907889Z Compiling .pio/build/esp32s3dev_8MB_PSRAM_opi/lib989/WiFi/WiFiClient.cpp.o
2023-09-26T18:37:50.4048154Z Compiling .pio/build/esp32s3dev_8MB_PSRAM_opi/lib989/WiFi/WiFiGeneric.cpp.o
2023-09-26T18:37:51.0688231Z Compiling .pio/build/esp32s3dev_8MB_PSRAM_opi/lib989/WiFi/WiFiMulti.cpp.o
2023-09-26T18:37:51.3568791Z Compiling .pio/build/esp32s3dev_8MB_PSRAM_opi/lib989/WiFi/WiFiSTA.cpp.o
2023-09-26T18:37:51.7048353Z Compiling .pio/build/esp32s3dev_8MB_PSRAM_opi/lib989/WiFi/WiFiScan.cpp.o
2023-09-26T18:37:52.0408359Z Compiling .pio/build/esp32s3dev_8MB_PSRAM_opi/lib989/WiFi/WiFiServer.cpp.o
2023-09-26T18:37:52.2808494Z Compiling .pio/build/esp32s3dev_8MB_PSRAM_opi/lib989/WiFi/WiFiUdp.cpp.o
2023-09-26T18:37:52.7734344Z Compiling .pio/build/esp32s3dev_8MB_PSRAM_opi/lib620/LittleFS/LittleFS.cpp.o
2023-09-26T18:37:52.8248294Z Archiving .pio/build/esp32s3dev_8MB_PSRAM_opi/lib989/libWiFi.a
2023-09-26T18:37:52.8367415Z Indexing .pio/build/esp32s3dev_8MB_PSRAM_opi/lib989/libWiFi.a
2023-09-26T18:37:53.0568286Z Compiling .pio/build/esp32s3dev_8MB_PSRAM_opi/lib826/ESPAsyncWebServerAircoookie/AsyncEventSource.cpp.o
2023-09-26T18:37:53.3493458Z Archiving .pio/build/esp32s3dev_8MB_PSRAM_opi/lib620/libLittleFS.a
2023-09-26T18:37:53.3562713Z Indexing .pio/build/esp32s3dev_8MB_PSRAM_opi/lib620/libLittleFS.a
2023-09-26T18:37:53.4008289Z Compiling .pio/build/esp32s3dev_8MB_PSRAM_opi/lib826/ESPAsyncWebServerAircoookie/AsyncWebSocket.cpp.o
2023-09-26T18:37:54.0448663Z Compiling .pio/build/esp32s3dev_8MB_PSRAM_opi/lib826/ESPAsyncWebServerAircoookie/SPIFFSEditor.cpp.o
2023-09-26T18:37:54.8166758Z Compiling .pio/build/esp32s3dev_8MB_PSRAM_opi/lib826/ESPAsyncWebServerAircoookie/WebAuthentication.cpp.o
2023-09-26T18:37:54.8968352Z Compiling .pio/build/esp32s3dev_8MB_PSRAM_opi/lib826/ESPAsyncWebServerAircoookie/WebHandlers.cpp.o
2023-09-26T18:37:55.4088444Z Compiling .pio/build/esp32s3dev_8MB_PSRAM_opi/lib826/ESPAsyncWebServerAircoookie/WebRequest.cpp.o
2023-09-26T18:37:55.7260972Z Compiling .pio/build/esp32s3dev_8MB_PSRAM_opi/lib826/ESPAsyncWebServerAircoookie/WebResponses.cpp.o
2023-09-26T18:37:56.9048101Z Compiling .pio/build/esp32s3dev_8MB_PSRAM_opi/lib826/ESPAsyncWebServerAircoookie/WebServer.cpp.o
2023-09-26T18:37:57.1744560Z Compiling .pio/build/esp32s3dev_8MB_PSRAM_opi/libe98/QuickEspNow/QuickEspNow_esp32.cpp.o
2023-09-26T18:37:57.7406414Z Compiling .pio/build/esp32s3dev_8MB_PSRAM_opi/libe98/QuickEspNow/QuickEspNow_esp8266.cpp.o
2023-09-26T18:37:57.8446680Z Archiving .pio/build/esp32s3dev_8MB_PSRAM_opi/lib826/libESPAsyncWebServerAircoookie.a
2023-09-26T18:37:57.8567684Z Indexing .pio/build/esp32s3dev_8MB_PSRAM_opi/lib826/libESPAsyncWebServerAircoookie.a
2023-09-26T18:37:58.0743896Z Compiling .pio/build/esp32s3dev_8MB_PSRAM_opi/liba33/Wire/Wire.cpp.o
2023-09-26T18:37:58.1800492Z Archiving .pio/build/esp32s3dev_8MB_PSRAM_opi/libe98/libQuickEspNow.a
2023-09-26T18:37:58.1881990Z Indexing .pio/build/esp32s3dev_8MB_PSRAM_opi/libe98/libQuickEspNow.a
2023-09-26T18:37:58.3896367Z Compiling .pio/build/esp32s3dev_8MB_PSRAM_opi/lib770/SD/SD.cpp.o
2023-09-26T18:37:58.6568470Z Archiving .pio/build/esp32s3dev_8MB_PSRAM_opi/liba33/libWire.a
2023-09-26T18:37:58.6647846Z Indexing .pio/build/esp32s3dev_8MB_PSRAM_opi/liba33/libWire.a
2023-09-26T18:37:58.7168477Z Compiling .pio/build/esp32s3dev_8MB_PSRAM_opi/lib770/SD/sd_diskio.cpp.o
2023-09-26T18:37:58.9668569Z Compiling .pio/build/esp32s3dev_8MB_PSRAM_opi/lib770/SD/sd_diskio_crc.c.o
2023-09-26T18:37:59.2266375Z Compiling .pio/build/esp32s3dev_8MB_PSRAM_opi/libc3a/SD_MMC/SD_MMC.cpp.o
2023-09-26T18:37:59.3805791Z Archiving .pio/build/esp32s3dev_8MB_PSRAM_opi/lib770/libSD.a
2023-09-26T18:37:59.3871408Z Indexing .pio/build/esp32s3dev_8MB_PSRAM_opi/lib770/libSD.a
2023-09-26T18:37:59.5847935Z Compiling .pio/build/esp32s3dev_8MB_PSRAM_opi/libc24/EEPROM/EEPROM.cpp.o
2023-09-26T18:37:59.8287137Z Archiving .pio/build/esp32s3dev_8MB_PSRAM_opi/libc3a/libSD_MMC.a
2023-09-26T18:37:59.8369668Z Indexing .pio/build/esp32s3dev_8MB_PSRAM_opi/libc3a/libSD_MMC.a
2023-09-26T18:38:00.1123990Z Compiling .pio/build/esp32s3dev_8MB_PSRAM_opi/lib4b6/Update/HttpsOTAUpdate.cpp.o
2023-09-26T18:38:00.2008727Z Archiving .pio/build/esp32s3dev_8MB_PSRAM_opi/libc24/libEEPROM.a
2023-09-26T18:38:00.2111430Z Indexing .pio/build/esp32s3dev_8MB_PSRAM_opi/libc24/libEEPROM.a
2023-09-26T18:38:00.2733390Z Compiling .pio/build/esp32s3dev_8MB_PSRAM_opi/lib4b6/Update/Updater.cpp.o
2023-09-26T18:38:00.4781986Z Compiling .pio/build/esp32s3dev_8MB_PSRAM_opi/lib4b6/ESPmDNS/ESPmDNS.cpp.o
2023-09-26T18:38:00.8561714Z Archiving .pio/build/esp32s3dev_8MB_PSRAM_opi/lib4b6/libUpdate.a
2023-09-26T18:38:00.8639652Z Indexing .pio/build/esp32s3dev_8MB_PSRAM_opi/lib4b6/libUpdate.a
2023-09-26T18:38:01.0688306Z Compiling .pio/build/esp32s3dev_8MB_PSRAM_opi/lib134/ArduinoOTA/ArduinoOTA.cpp.o
2023-09-26T18:38:01.0899392Z Archiving .pio/build/esp32s3dev_8MB_PSRAM_opi/lib4b6/libESPmDNS.a
2023-09-26T18:38:01.0967698Z Indexing .pio/build/esp32s3dev_8MB_PSRAM_opi/lib4b6/libESPmDNS.a
2023-09-26T18:38:01.2927986Z Compiling .pio/build/esp32s3dev_8MB_PSRAM_opi/lib147/DNSServer/DNSServer.cpp.o
2023-09-26T18:38:01.7846907Z Archiving .pio/build/esp32s3dev_8MB_PSRAM_opi/lib134/libArduinoOTA.a
2023-09-26T18:38:01.7910383Z Indexing .pio/build/esp32s3dev_8MB_PSRAM_opi/lib134/libArduinoOTA.a
2023-09-26T18:38:01.8022886Z Archiving .pio/build/esp32s3dev_8MB_PSRAM_opi/lib147/libDNSServer.a
2023-09-26T18:38:01.8240411Z Indexing .pio/build/esp32s3dev_8MB_PSRAM_opi/lib147/libDNSServer.a
2023-09-26T18:38:02.0146561Z Compiling .pio/build/esp32s3dev_8MB_PSRAM_opi/lib720/Ethernet/ETH.cpp.o
2023-09-26T18:38:02.2464081Z Compiling .pio/build/esp32s3dev_8MB_PSRAM_opi/lib59e/AsyncUDP/AsyncUDP.cpp.o
2023-09-26T18:38:02.5840599Z Archiving .pio/build/esp32s3dev_8MB_PSRAM_opi/lib720/libEthernet.a
2023-09-26T18:38:02.5920109Z Indexing .pio/build/esp32s3dev_8MB_PSRAM_opi/lib720/libEthernet.a
2023-09-26T18:38:02.7888022Z Compiling .pio/build/esp32s3dev_8MB_PSRAM_opi/lib1ce/WebServer/Parsing.cpp.o
2023-09-26T18:38:03.0462031Z Archiving .pio/build/esp32s3dev_8MB_PSRAM_opi/lib59e/libAsyncUDP.a
2023-09-26T18:38:03.0549486Z Indexing .pio/build/esp32s3dev_8MB_PSRAM_opi/lib59e/libAsyncUDP.a
2023-09-26T18:38:03.0886451Z Compiling .pio/build/esp32s3dev_8MB_PSRAM_opi/lib1ce/WebServer/WebServer.cpp.o
2023-09-26T18:38:03.7288984Z Compiling .pio/build/esp32s3dev_8MB_PSRAM_opi/lib1ce/WebServer/detail/mimetable.cpp.o
2023-09-26T18:38:03.9608111Z Compiling .pio/build/esp32s3dev_8MB_PSRAM_opi/FrameworkArduino/Esp.cpp.o
2023-09-26T18:38:04.2388548Z Archiving .pio/build/esp32s3dev_8MB_PSRAM_opi/lib1ce/libWebServer.a
2023-09-26T18:38:04.2507286Z Indexing .pio/build/esp32s3dev_8MB_PSRAM_opi/lib1ce/libWebServer.a
2023-09-26T18:38:04.2744256Z Compiling .pio/build/esp32s3dev_8MB_PSRAM_opi/FrameworkArduino/FirmwareMSC.cpp.o
2023-09-26T18:38:04.5612383Z Compiling .pio/build/esp32s3dev_8MB_PSRAM_opi/FrameworkArduino/FunctionalInterrupt.cpp.o
2023-09-26T18:38:04.5968123Z Compiling .pio/build/esp32s3dev_8MB_PSRAM_opi/FrameworkArduino/HWCDC.cpp.o
2023-09-26T18:38:04.9128181Z Compiling .pio/build/esp32s3dev_8MB_PSRAM_opi/FrameworkArduino/HardwareSerial.cpp.o
2023-09-26T18:38:05.0269941Z Compiling .pio/build/esp32s3dev_8MB_PSRAM_opi/FrameworkArduino/IPAddress.cpp.o
2023-09-26T18:38:05.4796836Z Compiling .pio/build/esp32s3dev_8MB_PSRAM_opi/FrameworkArduino/IPv6Address.cpp.o
2023-09-26T18:38:05.5185027Z Compiling .pio/build/esp32s3dev_8MB_PSRAM_opi/FrameworkArduino/MD5Builder.cpp.o
2023-09-26T18:38:05.9725268Z Compiling .pio/build/esp32s3dev_8MB_PSRAM_opi/FrameworkArduino/Print.cpp.o
2023-09-26T18:38:06.0128167Z Compiling .pio/build/esp32s3dev_8MB_PSRAM_opi/FrameworkArduino/Stream.cpp.o
2023-09-26T18:38:06.5348330Z Compiling .pio/build/esp32s3dev_8MB_PSRAM_opi/FrameworkArduino/StreamString.cpp.o
2023-09-26T18:38:06.5648322Z Compiling .pio/build/esp32s3dev_8MB_PSRAM_opi/FrameworkArduino/Tone.cpp.o
2023-09-26T18:38:07.0859591Z Compiling .pio/build/esp32s3dev_8MB_PSRAM_opi/FrameworkArduino/USB.cpp.o
2023-09-26T18:38:07.1232354Z Compiling .pio/build/esp32s3dev_8MB_PSRAM_opi/FrameworkArduino/USBCDC.cpp.o
2023-09-26T18:38:07.4408609Z Compiling .pio/build/esp32s3dev_8MB_PSRAM_opi/FrameworkArduino/USBMSC.cpp.o
2023-09-26T18:38:07.4848867Z Compiling .pio/build/esp32s3dev_8MB_PSRAM_opi/FrameworkArduino/WMath.cpp.o
2023-09-26T18:38:07.5887955Z Compiling .pio/build/esp32s3dev_8MB_PSRAM_opi/FrameworkArduino/WString.cpp.o
2023-09-26T18:38:07.6928190Z Compiling .pio/build/esp32s3dev_8MB_PSRAM_opi/FrameworkArduino/base64.cpp.o
2023-09-26T18:38:08.1528168Z Compiling .pio/build/esp32s3dev_8MB_PSRAM_opi/FrameworkArduino/cbuf.cpp.o
2023-09-26T18:38:08.2848335Z Compiling .pio/build/esp32s3dev_8MB_PSRAM_opi/FrameworkArduino/esp32-hal-adc.c.o
2023-09-26T18:38:08.4088522Z Compiling .pio/build/esp32s3dev_8MB_PSRAM_opi/FrameworkArduino/esp32-hal-bt.c.o
2023-09-26T18:38:08.4528381Z Compiling .pio/build/esp32s3dev_8MB_PSRAM_opi/FrameworkArduino/esp32-hal-cpu.c.o
2023-09-26T18:38:08.5448617Z Compiling .pio/build/esp32s3dev_8MB_PSRAM_opi/FrameworkArduino/esp32-hal-dac.c.o
2023-09-26T18:38:08.6288396Z Compiling .pio/build/esp32s3dev_8MB_PSRAM_opi/FrameworkArduino/esp32-hal-gpio.c.o
2023-09-26T18:38:08.6723113Z Compiling .pio/build/esp32s3dev_8MB_PSRAM_opi/FrameworkArduino/esp32-hal-i2c-slave.c.o
2023-09-26T18:38:08.8314885Z Compiling .pio/build/esp32s3dev_8MB_PSRAM_opi/FrameworkArduino/esp32-hal-i2c.c.o
2023-09-26T18:38:08.9483736Z Compiling .pio/build/esp32s3dev_8MB_PSRAM_opi/FrameworkArduino/esp32-hal-ledc.c.o
2023-09-26T18:38:09.0248437Z Compiling .pio/build/esp32s3dev_8MB_PSRAM_opi/FrameworkArduino/esp32-hal-matrix.c.o
2023-09-26T18:38:09.1215761Z Compiling .pio/build/esp32s3dev_8MB_PSRAM_opi/FrameworkArduino/esp32-hal-misc.c.o
2023-09-26T18:38:09.1608316Z Compiling .pio/build/esp32s3dev_8MB_PSRAM_opi/FrameworkArduino/esp32-hal-psram.c.o
2023-09-26T18:38:09.2933784Z Compiling .pio/build/esp32s3dev_8MB_PSRAM_opi/FrameworkArduino/esp32-hal-rgb-led.c.o
2023-09-26T18:38:09.3248708Z Compiling .pio/build/esp32s3dev_8MB_PSRAM_opi/FrameworkArduino/esp32-hal-rmt.c.o
2023-09-26T18:38:09.4408428Z Compiling .pio/build/esp32s3dev_8MB_PSRAM_opi/FrameworkArduino/esp32-hal-sigmadelta.c.o
2023-09-26T18:38:09.5664527Z Compiling .pio/build/esp32s3dev_8MB_PSRAM_opi/FrameworkArduino/esp32-hal-spi.c.o
2023-09-26T18:38:09.6048648Z Compiling .pio/build/esp32s3dev_8MB_PSRAM_opi/FrameworkArduino/esp32-hal-time.c.o
2023-09-26T18:38:09.7748980Z Compiling .pio/build/esp32s3dev_8MB_PSRAM_opi/FrameworkArduino/esp32-hal-timer.c.o
2023-09-26T18:38:10.0038161Z Compiling .pio/build/esp32s3dev_8MB_PSRAM_opi/FrameworkArduino/esp32-hal-tinyusb.c.o
2023-09-26T18:38:10.0368508Z Compiling .pio/build/esp32s3dev_8MB_PSRAM_opi/FrameworkArduino/esp32-hal-touch.c.o
2023-09-26T18:38:10.1968541Z Compiling .pio/build/esp32s3dev_8MB_PSRAM_opi/FrameworkArduino/esp32-hal-uart.c.o
2023-09-26T18:38:10.3128195Z Compiling .pio/build/esp32s3dev_8MB_PSRAM_opi/FrameworkArduino/firmware_msc_fat.c.o
2023-09-26T18:38:10.4526701Z Compiling .pio/build/esp32s3dev_8MB_PSRAM_opi/FrameworkArduino/libb64/cdecode.c.o
2023-09-26T18:38:10.4928034Z Compiling .pio/build/esp32s3dev_8MB_PSRAM_opi/FrameworkArduino/libb64/cencode.c.o
2023-09-26T18:38:10.5288028Z Compiling .pio/build/esp32s3dev_8MB_PSRAM_opi/FrameworkArduino/main.cpp.o
2023-09-26T18:38:10.5568745Z Compiling .pio/build/esp32s3dev_8MB_PSRAM_opi/FrameworkArduino/stdlib_noniso.c.o
2023-09-26T18:38:10.6888580Z Compiling .pio/build/esp32s3dev_8MB_PSRAM_opi/FrameworkArduino/wiring_pulse.c.o
2023-09-26T18:38:10.8202448Z Compiling .pio/build/esp32s3dev_8MB_PSRAM_opi/FrameworkArduino/wiring_shift.c.o
2023-09-26T18:38:10.9843148Z Archiving .pio/build/esp32s3dev_8MB_PSRAM_opi/libFrameworkArduino.a
2023-09-26T18:38:11.0028221Z Indexing .pio/build/esp32s3dev_8MB_PSRAM_opi/libFrameworkArduino.a
2023-09-26T18:38:11.0748225Z Linking .pio/build/esp32s3dev_8MB_PSRAM_opi/firmware.elf
2023-09-26T18:38:19.5807604Z Retrieving maximum program size .pio/build/esp32s3dev_8MB_PSRAM_opi/firmware.elf
2023-09-26T18:38:19.5811337Z Checking size .pio/build/esp32s3dev_8MB_PSRAM_opi/firmware.elf
2023-09-26T18:38:19.5979151Z Advanced Memory Usage is available via "PlatformIO Home > Project Inspect"
2023-09-26T18:38:19.5979928Z RAM:   [==        ]  24.3% (used 79528 bytes from 327680 bytes)
2023-09-26T18:38:19.5980584Z Flash: [=======   ]  65.1% (used 1366121 bytes from 2097152 bytes)
2023-09-26T18:38:19.6006557Z Building .pio/build/esp32s3dev_8MB_PSRAM_opi/firmware.bin
2023-09-26T18:38:19.8560846Z esptool.py v4.4
2023-09-26T18:38:19.8561642Z Creating esp32s3 image...
2023-09-26T18:38:19.8642825Z Merged 2 ELF sections
2023-09-26T18:38:19.8647601Z Successfully created esp32s3 image.
2023-09-26T18:38:19.8648106Z bin_rename_copy([".pio/build/esp32s3dev_8MB_PSRAM_opi/firmware.bin"], [".pio/build/esp32s3dev_8MB_PSRAM_opi/firmware.elf"])
2023-09-26T18:38:19.8659575Z bin_gzip([".pio/build/esp32s3dev_8MB_PSRAM_opi/firmware.bin"], [".pio/build/esp32s3dev_8MB_PSRAM_opi/firmware.elf"])
2023-09-26T18:38:20.4207701Z ======================== [SUCCESS] Took 166.21 seconds ========================
2023-09-26T18:38:20.4208421Z 
2023-09-26T18:38:20.4215769Z Environment               Status    Duration
2023-09-26T18:38:20.4216529Z ------------------------  --------  ------------
2023-09-26T18:38:20.4217055Z esp32s3dev_8MB_PSRAM_opi  SUCCESS   00:02:46.211
2023-09-26T18:38:20.4217646Z ========================= 1 succeeded in 00:02:46.211 =========================
2023-09-26T18:38:21.4100827Z 
2023-09-26T18:38:21.4101911Z ********************************************************************************
2023-09-26T18:38:21.4102879Z There is a new version 6.1.11 of PlatformIO available.
2023-09-26T18:38:21.4104286Z Please upgrade it via `platformio upgrade` or `pip install -U platformio` command.
2023-09-26T18:38:21.4104798Z Changes: https://docs.platformio.org/en/latest/history.html
2023-09-26T18:38:21.4105171Z ********************************************************************************
2023-09-26T18:38:21.4105362Z 
2023-09-26T18:38:21.4292195Z 
2023-09-26T18:38:21.4292976Z ********************************************************************************
2023-09-26T18:38:21.4295773Z We found 491.76MB of unnecessary PlatformIO system data (temporary files, unnecessary packages, etc.).
2023-09-26T18:38:21.4296896Z Use `pio system prune --dry-run` to list them or `pio system prune` to save disk space.
2023-09-26T18:38:21.4672745Z ##[group]Run actions/upload-artifact@v2
2023-09-26T18:38:21.4673058Z with:
2023-09-26T18:38:21.4673334Z   name: firmware-esp32s3dev_8MB_PSRAM_opi
2023-09-26T18:38:21.4673936Z   path: build_output/firmware/*.bin
build_output/firmware/*.gz

2023-09-26T18:38:21.4674265Z   if-no-files-found: warn
2023-09-26T18:38:21.4674525Z env:
2023-09-26T18:38:21.4674821Z   pythonLocation: /opt/hostedtoolcache/Python/3.9.18/x64
2023-09-26T18:38:21.4675225Z   PKG_CONFIG_PATH: /opt/hostedtoolcache/Python/3.9.18/x64/lib/pkgconfig
2023-09-26T18:38:21.4675595Z   Python_ROOT_DIR: /opt/hostedtoolcache/Python/3.9.18/x64
2023-09-26T18:38:21.4675959Z   Python2_ROOT_DIR: /opt/hostedtoolcache/Python/3.9.18/x64
2023-09-26T18:38:21.4676319Z   Python3_ROOT_DIR: /opt/hostedtoolcache/Python/3.9.18/x64
2023-09-26T18:38:21.4676686Z   LD_LIBRARY_PATH: /opt/hostedtoolcache/Python/3.9.18/x64/lib
2023-09-26T18:38:21.4676982Z ##[endgroup]
2023-09-26T18:38:21.5372473Z With the provided path, there will be 2 files uploaded
2023-09-26T18:38:21.5374989Z Starting artifact upload
2023-09-26T18:38:21.5376124Z For more detailed logs during the artifact upload process, enable step-debugging: https://docs.github.com/actions/monitoring-and-troubleshooting-workflows/enabling-debug-logging#enabling-step-debug-logging
2023-09-26T18:38:21.5376897Z Artifact name is valid!
2023-09-26T18:38:21.6110758Z Container for artifact "firmware-esp32s3dev_8MB_PSRAM_opi" successfully created. Starting upload of file(s)
2023-09-26T18:38:21.9288855Z Total size of all the files uploaded is 1841020 bytes
2023-09-26T18:38:21.9289296Z File upload process has finished. Finalizing the artifact upload
2023-09-26T18:38:21.9803981Z Artifact has been finalized. All files have been successfully uploaded!
2023-09-26T18:38:21.9804328Z 
2023-09-26T18:38:21.9804578Z The raw size of all the files that were specified for upload is 2286606 bytes
2023-09-26T18:38:21.9805459Z The size of all the files that were uploaded is 1841020 bytes. This takes into account any gzip compression used to reduce the upload size, time and storage
2023-09-26T18:38:21.9805879Z 
2023-09-26T18:38:21.9806600Z Note: The size of downloaded zips can differ significantly from the reported size. For more information see: https://github.com/actions/upload-artifact#zipped-artifact-downloads 
2023-09-26T18:38:21.9807110Z 
2023-09-26T18:38:21.9807458Z Artifact firmware-esp32s3dev_8MB_PSRAM_opi has been successfully uploaded!
2023-09-26T18:38:21.9911405Z Post job cleanup.
2023-09-26T18:38:22.4152459Z Post job cleanup.
2023-09-26T18:38:22.5673838Z Cache hit occurred on the primary key Linux-, not saving cache.
2023-09-26T18:38:22.8328210Z Post job cleanup.
2023-09-26T18:38:22.9876622Z Cache hit occurred on the primary key Linux-pip-81ff51cfad9e9eb735c6b16e2b137bb04b536de75d900d6b02aa29724c130501, not saving cache.
2023-09-26T18:38:22.9990881Z Post job cleanup.
2023-09-26T18:38:23.1070062Z [command]/usr/bin/git version
2023-09-26T18:38:23.1122680Z git version 2.42.0
2023-09-26T18:38:23.1167526Z Temporarily overriding HOME='/home/runner/work/_temp/40c98418-5f6f-45c1-80ad-4471e81c5820' before making global git config changes
2023-09-26T18:38:23.1168515Z Adding repository directory to the temporary git global config as a safe directory
2023-09-26T18:38:23.1174346Z [command]/usr/bin/git config --global --add safe.directory /home/runner/work/WLED/WLED
2023-09-26T18:38:23.1224229Z [command]/usr/bin/git config --local --name-only --get-regexp core\.sshCommand
2023-09-26T18:38:23.1267369Z [command]/usr/bin/git submodule foreach --recursive sh -c "git config --local --name-only --get-regexp 'core\.sshCommand' && git config --local --unset-all 'core.sshCommand' || :"
2023-09-26T18:38:23.1565082Z [command]/usr/bin/git config --local --name-only --get-regexp http\.https\:\/\/github\.com\/\.extraheader
2023-09-26T18:38:23.1603474Z http.https://github.com/.extraheader
2023-09-26T18:38:23.1622420Z [command]/usr/bin/git config --local --unset-all http.https://github.com/.extraheader
2023-09-26T18:38:23.1671010Z [command]/usr/bin/git submodule foreach --recursive sh -c "git config --local --name-only --get-regexp 'http\.https\:\/\/github\.com\/\.extraheader' && git config --local --unset-all 'http.https://github.com/.extraheader' || :"
2023-09-26T18:38:23.2183495Z Cleaning up orphan processes
