2023-09-26T18:35:17.1684252Z Requested labels: ubuntu-latest
2023-09-26T18:35:17.1684572Z Job defined at: Aircoookie/WLED/.github/workflows/wled-ci.yml@refs/heads/0_15
2023-09-26T18:35:17.1684743Z Waiting for a runner to pick up this job...
2023-09-26T18:35:17.6830861Z Job is waiting for a hosted runner to come online.
2023-09-26T18:35:21.0784876Z Job is about to start running on the hosted runner: GitHub Actions 11 (hosted)
2023-09-26T18:35:23.4071433Z Current runner version: '2.309.0'
2023-09-26T18:35:23.4103957Z ##[group]Operating System
2023-09-26T18:35:23.4104534Z Ubuntu
2023-09-26T18:35:23.4104860Z 22.04.3
2023-09-26T18:35:23.4105167Z LTS
2023-09-26T18:35:23.4105574Z ##[endgroup]
2023-09-26T18:35:23.4105936Z ##[group]Runner Image
2023-09-26T18:35:23.4106319Z Image: ubuntu-22.04
2023-09-26T18:35:23.4106624Z Version: 20230917.1.0
2023-09-26T18:35:23.4107175Z Included Software: https://github.com/actions/runner-images/blob/ubuntu22/20230917.1/images/linux/Ubuntu2204-Readme.md
2023-09-26T18:35:23.4107943Z Image Release: https://github.com/actions/runner-images/releases/tag/ubuntu22%2F20230917.1
2023-09-26T18:35:23.4108386Z ##[endgroup]
2023-09-26T18:35:23.4108765Z ##[group]Runner Image Provisioner
2023-09-26T18:35:23.4109132Z 2.0.299.1
2023-09-26T18:35:23.4109394Z ##[endgroup]
2023-09-26T18:35:23.4110541Z ##[group]GITHUB_TOKEN Permissions
2023-09-26T18:35:23.4112345Z Actions: write
2023-09-26T18:35:23.4112714Z Checks: write
2023-09-26T18:35:23.4113459Z Contents: write
2023-09-26T18:35:23.4113892Z Deployments: write
2023-09-26T18:35:23.4114270Z Discussions: write
2023-09-26T18:35:23.4114671Z Issues: write
2023-09-26T18:35:23.4115018Z Metadata: read
2023-09-26T18:35:23.4115365Z Packages: write
2023-09-26T18:35:23.4115664Z Pages: write
2023-09-26T18:35:23.4116018Z PullRequests: write
2023-09-26T18:35:23.4116486Z RepositoryProjects: write
2023-09-26T18:35:23.4116832Z SecurityEvents: write
2023-09-26T18:35:23.4117193Z Statuses: write
2023-09-26T18:35:23.4117540Z ##[endgroup]
2023-09-26T18:35:23.4121353Z Secret source: Actions
2023-09-26T18:35:23.4122048Z Prepare workflow directory
2023-09-26T18:35:23.4900038Z Prepare all required actions
2023-09-26T18:35:23.5102924Z Getting action download info
2023-09-26T18:35:23.7131860Z Download action repository 'actions/checkout@v3' (SHA:f43a0e5ff2bd294095638e18286ca9a3d1956744)
2023-09-26T18:35:24.0756260Z Download action repository 'actions/cache@v3' (SHA:704facf57e6136b1bc63b828d79edcd491f0ee84)
2023-09-26T18:35:24.4332061Z Download action repository 'actions/setup-python@v4' (SHA:61a6322f88396a6271a6ee3565807d608ecaddd1)
2023-09-26T18:35:24.7387738Z Download action repository 'actions/upload-artifact@v2' (SHA:82c141cc518b40d92cc801eee768e7aafc9c2fa2)
2023-09-26T18:35:25.1044857Z Complete job name: Build Enviornments (nodemcuv2)
2023-09-26T18:35:25.2163424Z ##[group]Run actions/checkout@v3
2023-09-26T18:35:25.2163767Z with:
2023-09-26T18:35:25.2164198Z   repository: Aircoookie/WLED
2023-09-26T18:35:25.2164772Z   token: ***
2023-09-26T18:35:25.2165011Z   ssh-strict: true
2023-09-26T18:35:25.2165263Z   persist-credentials: true
2023-09-26T18:35:25.2165525Z   clean: true
2023-09-26T18:35:25.2165786Z   sparse-checkout-cone-mode: true
2023-09-26T18:35:25.2166042Z   fetch-depth: 1
2023-09-26T18:35:25.2166280Z   fetch-tags: false
2023-09-26T18:35:25.2166499Z   lfs: false
2023-09-26T18:35:25.2166713Z   submodules: false
2023-09-26T18:35:25.2166953Z   set-safe-directory: true
2023-09-26T18:35:25.2167198Z ##[endgroup]
2023-09-26T18:35:25.5144272Z Syncing repository: Aircoookie/WLED
2023-09-26T18:35:25.5146266Z ##[group]Getting Git version info
2023-09-26T18:35:25.5146902Z Working directory is '/home/runner/work/WLED/WLED'
2023-09-26T18:35:25.5147488Z [command]/usr/bin/git version
2023-09-26T18:35:25.5241867Z git version 2.42.0
2023-09-26T18:35:25.5283075Z ##[endgroup]
2023-09-26T18:35:25.5323001Z Temporarily overriding HOME='/home/runner/work/_temp/558bd902-436f-45e3-8ac1-6acb7fb46500' before making global git config changes
2023-09-26T18:35:25.5328398Z Adding repository directory to the temporary git global config as a safe directory
2023-09-26T18:35:25.5336875Z [command]/usr/bin/git config --global --add safe.directory /home/runner/work/WLED/WLED
2023-09-26T18:35:25.5395411Z Deleting the contents of '/home/runner/work/WLED/WLED'
2023-09-26T18:35:25.5404432Z ##[group]Initializing the repository
2023-09-26T18:35:25.5410817Z [command]/usr/bin/git init /home/runner/work/WLED/WLED
2023-09-26T18:35:25.5516753Z hint: Using 'master' as the name for the initial branch. This default branch name
2023-09-26T18:35:25.5518246Z hint: is subject to change. To configure the initial branch name to use in all
2023-09-26T18:35:25.5519272Z hint: of your new repositories, which will suppress this warning, call:
2023-09-26T18:35:25.5519654Z hint: 
2023-09-26T18:35:25.5520155Z hint: 	git config --global init.defaultBranch <name>
2023-09-26T18:35:25.5520438Z hint: 
2023-09-26T18:35:25.5520828Z hint: Names commonly chosen instead of 'master' are 'main', 'trunk' and
2023-09-26T18:35:25.5521327Z hint: 'development'. The just-created branch can be renamed via this command:
2023-09-26T18:35:25.5521642Z hint: 
2023-09-26T18:35:25.5521914Z hint: 	git branch -m <name>
2023-09-26T18:35:25.5533704Z Initialized empty Git repository in /home/runner/work/WLED/WLED/.git/
2023-09-26T18:35:25.5548086Z [command]/usr/bin/git remote add origin https://github.com/Aircoookie/WLED
2023-09-26T18:35:25.5598484Z ##[endgroup]
2023-09-26T18:35:25.5599003Z ##[group]Disabling automatic garbage collection
2023-09-26T18:35:25.5605510Z [command]/usr/bin/git config --local gc.auto 0
2023-09-26T18:35:25.5715378Z ##[endgroup]
2023-09-26T18:35:25.5715858Z ##[group]Setting up auth
2023-09-26T18:35:25.5716512Z [command]/usr/bin/git config --local --name-only --get-regexp core\.sshCommand
2023-09-26T18:35:25.5718950Z [command]/usr/bin/git submodule foreach --recursive sh -c "git config --local --name-only --get-regexp 'core\.sshCommand' && git config --local --unset-all 'core.sshCommand' || :"
2023-09-26T18:35:25.6148713Z [command]/usr/bin/git config --local --name-only --get-regexp http\.https\:\/\/github\.com\/\.extraheader
2023-09-26T18:35:25.6173897Z [command]/usr/bin/git submodule foreach --recursive sh -c "git config --local --name-only --get-regexp 'http\.https\:\/\/github\.com\/\.extraheader' && git config --local --unset-all 'http.https://github.com/.extraheader' || :"
2023-09-26T18:35:25.6439357Z [command]/usr/bin/git config --local http.https://github.com/.extraheader AUTHORIZATION: basic ***
2023-09-26T18:35:25.6490258Z ##[endgroup]
2023-09-26T18:35:25.6491125Z ##[group]Fetching the repository
2023-09-26T18:35:25.6500044Z [command]/usr/bin/git -c protocol.version=2 fetch --no-tags --prune --progress --no-recurse-submodules --depth=1 origin +25831bfb6073cf5d3d39114f4106e99ba8411dee:refs/remotes/origin/0_15
2023-09-26T18:35:25.8967328Z remote: Enumerating objects: 496, done.        
2023-09-26T18:35:25.8972635Z remote: Counting objects:   0% (1/496)        
2023-09-26T18:35:25.8974604Z remote: Counting objects:   1% (5/496)        
2023-09-26T18:35:25.8975108Z remote: Counting objects:   2% (10/496)        
2023-09-26T18:35:25.8976237Z remote: Counting objects:   3% (15/496)        
2023-09-26T18:35:25.8976711Z remote: Counting objects:   4% (20/496)        
2023-09-26T18:35:25.8977170Z remote: Counting objects:   5% (25/496)        
2023-09-26T18:35:25.8977560Z remote: Counting objects:   6% (30/496)        
2023-09-26T18:35:25.8978827Z remote: Counting objects:   7% (35/496)        
2023-09-26T18:35:25.8980995Z remote: Counting objects:   8% (40/496)        
2023-09-26T18:35:25.8982581Z remote: Counting objects:   9% (45/496)        
2023-09-26T18:35:25.8983832Z remote: Counting objects:  10% (50/496)        
2023-09-26T18:35:25.8987244Z remote: Counting objects:  11% (55/496)        
2023-09-26T18:35:25.8988037Z remote: Counting objects:  12% (60/496)        
2023-09-26T18:35:25.8988446Z remote: Counting objects:  13% (65/496)        
2023-09-26T18:35:25.8989381Z remote: Counting objects:  14% (70/496)        
2023-09-26T18:35:25.8989775Z remote: Counting objects:  15% (75/496)        
2023-09-26T18:35:25.8990141Z remote: Counting objects:  16% (80/496)        
2023-09-26T18:35:25.8990483Z remote: Counting objects:  17% (85/496)        
2023-09-26T18:35:25.8990821Z remote: Counting objects:  18% (90/496)        
2023-09-26T18:35:25.8991184Z remote: Counting objects:  19% (95/496)        
2023-09-26T18:35:25.8992155Z remote: Counting objects:  20% (100/496)        
2023-09-26T18:35:25.8992700Z remote: Counting objects:  21% (105/496)        
2023-09-26T18:35:25.8994240Z remote: Counting objects:  22% (110/496)        
2023-09-26T18:35:25.8994734Z remote: Counting objects:  23% (115/496)        
2023-09-26T18:35:25.8995764Z remote: Counting objects:  24% (120/496)        
2023-09-26T18:35:25.8996293Z remote: Counting objects:  25% (124/496)        
2023-09-26T18:35:25.8997292Z remote: Counting objects:  26% (129/496)        
2023-09-26T18:35:25.8997793Z remote: Counting objects:  27% (134/496)        
2023-09-26T18:35:25.8998772Z remote: Counting objects:  28% (139/496)        
2023-09-26T18:35:25.8999275Z remote: Counting objects:  29% (144/496)        
2023-09-26T18:35:25.9000113Z remote: Counting objects:  30% (149/496)        
2023-09-26T18:35:25.9000604Z remote: Counting objects:  31% (154/496)        
2023-09-26T18:35:25.9001648Z remote: Counting objects:  32% (159/496)        
2023-09-26T18:35:25.9002144Z remote: Counting objects:  33% (164/496)        
2023-09-26T18:35:25.9003152Z remote: Counting objects:  34% (169/496)        
2023-09-26T18:35:25.9003658Z remote: Counting objects:  35% (174/496)        
2023-09-26T18:35:25.9004962Z remote: Counting objects:  36% (179/496)        
2023-09-26T18:35:25.9005460Z remote: Counting objects:  37% (184/496)        
2023-09-26T18:35:25.9006510Z remote: Counting objects:  38% (189/496)        
2023-09-26T18:35:25.9007005Z remote: Counting objects:  39% (194/496)        
2023-09-26T18:35:25.9007973Z remote: Counting objects:  40% (199/496)        
2023-09-26T18:35:25.9008453Z remote: Counting objects:  41% (204/496)        
2023-09-26T18:35:25.9009482Z remote: Counting objects:  42% (209/496)        
2023-09-26T18:35:25.9009975Z remote: Counting objects:  43% (214/496)        
2023-09-26T18:35:25.9010998Z remote: Counting objects:  44% (219/496)        
2023-09-26T18:35:25.9011479Z remote: Counting objects:  45% (224/496)        
2023-09-26T18:35:25.9012488Z remote: Counting objects:  46% (229/496)        
2023-09-26T18:35:25.9013043Z remote: Counting objects:  47% (234/496)        
2023-09-26T18:35:25.9014174Z remote: Counting objects:  48% (239/496)        
2023-09-26T18:35:25.9015141Z remote: Counting objects:  49% (244/496)        
2023-09-26T18:35:25.9015443Z remote: Counting objects:  50% (248/496)        
2023-09-26T18:35:25.9016956Z remote: Counting objects:  51% (253/496)        
2023-09-26T18:35:25.9017604Z remote: Counting objects:  52% (258/496)        
2023-09-26T18:35:25.9017902Z remote: Counting objects:  53% (263/496)        
2023-09-26T18:35:25.9019883Z remote: Counting objects:  54% (268/496)        
2023-09-26T18:35:25.9020193Z remote: Counting objects:  55% (273/496)        
2023-09-26T18:35:25.9021115Z remote: Counting objects:  56% (278/496)        
2023-09-26T18:35:25.9021416Z remote: Counting objects:  57% (283/496)        
2023-09-26T18:35:25.9022639Z remote: Counting objects:  58% (288/496)        
2023-09-26T18:35:25.9023256Z remote: Counting objects:  59% (293/496)        
2023-09-26T18:35:25.9023549Z remote: Counting objects:  60% (298/496)        
2023-09-26T18:35:25.9024801Z remote: Counting objects:  61% (303/496)        
2023-09-26T18:35:25.9025416Z remote: Counting objects:  62% (308/496)        
2023-09-26T18:35:25.9026047Z remote: Counting objects:  63% (313/496)        
2023-09-26T18:35:25.9026670Z remote: Counting objects:  64% (318/496)        
2023-09-26T18:35:25.9027460Z remote: Counting objects:  65% (323/496)        
2023-09-26T18:35:25.9028080Z remote: Counting objects:  66% (328/496)        
2023-09-26T18:35:25.9028697Z remote: Counting objects:  67% (333/496)        
2023-09-26T18:35:25.9029371Z remote: Counting objects:  68% (338/496)        
2023-09-26T18:35:25.9029975Z remote: Counting objects:  69% (343/496)        
2023-09-26T18:35:25.9030881Z remote: Counting objects:  70% (348/496)        
2023-09-26T18:35:25.9032067Z remote: Counting objects:  71% (353/496)        
2023-09-26T18:35:25.9032665Z remote: Counting objects:  72% (358/496)        
2023-09-26T18:35:25.9033857Z remote: Counting objects:  73% (363/496)        
2023-09-26T18:35:25.9034720Z remote: Counting objects:  74% (368/496)        
2023-09-26T18:35:25.9035001Z remote: Counting objects:  75% (372/496)        
2023-09-26T18:35:25.9035291Z remote: Counting objects:  76% (377/496)        
2023-09-26T18:35:25.9035591Z remote: Counting objects:  77% (382/496)        
2023-09-26T18:35:25.9035878Z remote: Counting objects:  78% (387/496)        
2023-09-26T18:35:25.9036169Z remote: Counting objects:  79% (392/496)        
2023-09-26T18:35:25.9037383Z remote: Counting objects:  80% (397/496)        
2023-09-26T18:35:25.9037673Z remote: Counting objects:  81% (402/496)        
2023-09-26T18:35:25.9037967Z remote: Counting objects:  82% (407/496)        
2023-09-26T18:35:25.9038845Z remote: Counting objects:  83% (412/496)        
2023-09-26T18:35:25.9039146Z remote: Counting objects:  84% (417/496)        
2023-09-26T18:35:25.9039786Z remote: Counting objects:  85% (422/496)        
2023-09-26T18:35:25.9040081Z remote: Counting objects:  86% (427/496)        
2023-09-26T18:35:25.9040385Z remote: Counting objects:  87% (432/496)        
2023-09-26T18:35:25.9040668Z remote: Counting objects:  88% (437/496)        
2023-09-26T18:35:25.9040958Z remote: Counting objects:  89% (442/496)        
2023-09-26T18:35:25.9041249Z remote: Counting objects:  90% (447/496)        
2023-09-26T18:35:25.9041535Z remote: Counting objects:  91% (452/496)        
2023-09-26T18:35:25.9041829Z remote: Counting objects:  92% (457/496)        
2023-09-26T18:35:25.9043237Z remote: Counting objects:  93% (462/496)        
2023-09-26T18:35:25.9049995Z remote: Counting objects:  94% (467/496)        
2023-09-26T18:35:25.9050367Z remote: Counting objects:  95% (472/496)        
2023-09-26T18:35:25.9050638Z remote: Counting objects:  96% (477/496)        
2023-09-26T18:35:25.9050905Z remote: Counting objects:  97% (482/496)        
2023-09-26T18:35:25.9051156Z remote: Counting objects:  98% (487/496)        
2023-09-26T18:35:25.9051417Z remote: Counting objects:  99% (492/496)        
2023-09-26T18:35:25.9051693Z remote: Counting objects: 100% (496/496)        
2023-09-26T18:35:25.9051957Z remote: Counting objects: 100% (496/496), done.        
2023-09-26T18:35:25.9052256Z remote: Compressing objects:   0% (1/450)        
2023-09-26T18:35:25.9052565Z remote: Compressing objects:   1% (5/450)        
2023-09-26T18:35:25.9053080Z remote: Compressing objects:   2% (9/450)        
2023-09-26T18:35:25.9053359Z remote: Compressing objects:   3% (14/450)        
2023-09-26T18:35:25.9053639Z remote: Compressing objects:   4% (18/450)        
2023-09-26T18:35:25.9053919Z remote: Compressing objects:   5% (23/450)        
2023-09-26T18:35:25.9054286Z remote: Compressing objects:   6% (27/450)        
2023-09-26T18:35:25.9054599Z remote: Compressing objects:   7% (32/450)        
2023-09-26T18:35:25.9054915Z remote: Compressing objects:   8% (36/450)        
2023-09-26T18:35:25.9055213Z remote: Compressing objects:   9% (41/450)        
2023-09-26T18:35:25.9055522Z remote: Compressing objects:  10% (45/450)        
2023-09-26T18:35:25.9056574Z remote: Compressing objects:  11% (50/450)        
2023-09-26T18:35:25.9056887Z remote: Compressing objects:  12% (54/450)        
2023-09-26T18:35:25.9094685Z remote: Compressing objects:  13% (59/450)        
2023-09-26T18:35:25.9150886Z remote: Compressing objects:  14% (63/450)        
2023-09-26T18:35:25.9205486Z remote: Compressing objects:  15% (68/450)        
2023-09-26T18:35:25.9221648Z remote: Compressing objects:  16% (72/450)        
2023-09-26T18:35:25.9226115Z remote: Compressing objects:  17% (77/450)        
2023-09-26T18:35:25.9228814Z remote: Compressing objects:  18% (81/450)        
2023-09-26T18:35:25.9246498Z remote: Compressing objects:  19% (86/450)        
2023-09-26T18:35:25.9289424Z remote: Compressing objects:  20% (90/450)        
2023-09-26T18:35:25.9297738Z remote: Compressing objects:  21% (95/450)        
2023-09-26T18:35:25.9298088Z remote: Compressing objects:  22% (99/450)        
2023-09-26T18:35:25.9316349Z remote: Compressing objects:  23% (104/450)        
2023-09-26T18:35:25.9335617Z remote: Compressing objects:  24% (108/450)        
2023-09-26T18:35:25.9366501Z remote: Compressing objects:  25% (113/450)        
2023-09-26T18:35:25.9378915Z remote: Compressing objects:  26% (117/450)        
2023-09-26T18:35:25.9402814Z remote: Compressing objects:  27% (122/450)        
2023-09-26T18:35:25.9403295Z remote: Compressing objects:  28% (126/450)        
2023-09-26T18:35:25.9419085Z remote: Compressing objects:  29% (131/450)        
2023-09-26T18:35:25.9438116Z remote: Compressing objects:  30% (135/450)        
2023-09-26T18:35:25.9438584Z remote: Compressing objects:  31% (140/450)        
2023-09-26T18:35:25.9453675Z remote: Compressing objects:  32% (144/450)        
2023-09-26T18:35:25.9454148Z remote: Compressing objects:  33% (149/450)        
2023-09-26T18:35:25.9454625Z remote: Compressing objects:  34% (153/450)        
2023-09-26T18:35:25.9510843Z remote: Compressing objects:  35% (158/450)        
2023-09-26T18:35:25.9511205Z remote: Compressing objects:  36% (162/450)        
2023-09-26T18:35:25.9511548Z remote: Compressing objects:  37% (167/450)        
2023-09-26T18:35:25.9511864Z remote: Compressing objects:  38% (171/450)        
2023-09-26T18:35:25.9512165Z remote: Compressing objects:  39% (176/450)        
2023-09-26T18:35:25.9512492Z remote: Compressing objects:  40% (180/450)        
2023-09-26T18:35:25.9512802Z remote: Compressing objects:  41% (185/450)        
2023-09-26T18:35:25.9513100Z remote: Compressing objects:  42% (189/450)        
2023-09-26T18:35:25.9513411Z remote: Compressing objects:  43% (194/450)        
2023-09-26T18:35:25.9513719Z remote: Compressing objects:  44% (198/450)        
2023-09-26T18:35:25.9514090Z remote: Compressing objects:  45% (203/450)        
2023-09-26T18:35:25.9514408Z remote: Compressing objects:  46% (207/450)        
2023-09-26T18:35:25.9514714Z remote: Compressing objects:  47% (212/450)        
2023-09-26T18:35:25.9515022Z remote: Compressing objects:  48% (216/450)        
2023-09-26T18:35:25.9515324Z remote: Compressing objects:  49% (221/450)        
2023-09-26T18:35:25.9515631Z remote: Compressing objects:  50% (225/450)        
2023-09-26T18:35:25.9515937Z remote: Compressing objects:  51% (230/450)        
2023-09-26T18:35:25.9516233Z remote: Compressing objects:  52% (234/450)        
2023-09-26T18:35:25.9516958Z remote: Compressing objects:  53% (239/450)        
2023-09-26T18:35:25.9517285Z remote: Compressing objects:  54% (243/450)        
2023-09-26T18:35:25.9517582Z remote: Compressing objects:  55% (248/450)        
2023-09-26T18:35:25.9517888Z remote: Compressing objects:  56% (252/450)        
2023-09-26T18:35:25.9518192Z remote: Compressing objects:  57% (257/450)        
2023-09-26T18:35:25.9518500Z remote: Compressing objects:  58% (261/450)        
2023-09-26T18:35:25.9525596Z remote: Compressing objects:  59% (266/450)        
2023-09-26T18:35:25.9526721Z remote: Compressing objects:  60% (270/450)        
2023-09-26T18:35:25.9548100Z remote: Compressing objects:  61% (275/450)        
2023-09-26T18:35:25.9548511Z remote: Compressing objects:  62% (279/450)        
2023-09-26T18:35:25.9548827Z remote: Compressing objects:  63% (284/450)        
2023-09-26T18:35:25.9596022Z remote: Compressing objects:  64% (288/450)        
2023-09-26T18:35:25.9640363Z remote: Compressing objects:  65% (293/450)        
2023-09-26T18:35:25.9650106Z remote: Compressing objects:  66% (297/450)        
2023-09-26T18:35:25.9703454Z remote: Compressing objects:  67% (302/450)        
2023-09-26T18:35:25.9706547Z remote: Compressing objects:  68% (306/450)        
2023-09-26T18:35:25.9735642Z remote: Compressing objects:  69% (311/450)        
2023-09-26T18:35:25.9748747Z remote: Compressing objects:  70% (315/450)        
2023-09-26T18:35:25.9778567Z remote: Compressing objects:  71% (320/450)        
2023-09-26T18:35:25.9795704Z remote: Compressing objects:  72% (324/450)        
2023-09-26T18:35:25.9820378Z remote: Compressing objects:  73% (329/450)        
2023-09-26T18:35:25.9864464Z remote: Compressing objects:  74% (333/450)        
2023-09-26T18:35:25.9912126Z remote: Compressing objects:  75% (338/450)        
2023-09-26T18:35:25.9933940Z remote: Compressing objects:  76% (342/450)        
2023-09-26T18:35:25.9968766Z remote: Compressing objects:  77% (347/450)        
2023-09-26T18:35:25.9978984Z remote: Compressing objects:  78% (351/450)        
2023-09-26T18:35:25.9979622Z remote: Compressing objects:  79% (356/450)        
2023-09-26T18:35:25.9980233Z remote: Compressing objects:  80% (360/450)        
2023-09-26T18:35:25.9980720Z remote: Compressing objects:  81% (365/450)        
2023-09-26T18:35:25.9982573Z remote: Compressing objects:  82% (369/450)        
2023-09-26T18:35:25.9982931Z remote: Compressing objects:  83% (374/450)        
2023-09-26T18:35:25.9983249Z remote: Compressing objects:  84% (378/450)        
2023-09-26T18:35:25.9983552Z remote: Compressing objects:  85% (383/450)        
2023-09-26T18:35:25.9983866Z remote: Compressing objects:  86% (387/450)        
2023-09-26T18:35:25.9984196Z remote: Compressing objects:  87% (392/450)        
2023-09-26T18:35:25.9984493Z remote: Compressing objects:  88% (396/450)        
2023-09-26T18:35:25.9984805Z remote: Compressing objects:  89% (401/450)        
2023-09-26T18:35:25.9985132Z remote: Compressing objects:  90% (405/450)        
2023-09-26T18:35:25.9985466Z remote: Compressing objects:  91% (410/450)        
2023-09-26T18:35:25.9985773Z remote: Compressing objects:  92% (414/450)        
2023-09-26T18:35:25.9986065Z remote: Compressing objects:  93% (419/450)        
2023-09-26T18:35:25.9986373Z remote: Compressing objects:  94% (423/450)        
2023-09-26T18:35:25.9986678Z remote: Compressing objects:  95% (428/450)        
2023-09-26T18:35:25.9986972Z remote: Compressing objects:  96% (432/450)        
2023-09-26T18:35:25.9987279Z remote: Compressing objects:  97% (437/450)        
2023-09-26T18:35:25.9987581Z remote: Compressing objects:  98% (441/450)        
2023-09-26T18:35:25.9987888Z remote: Compressing objects:  99% (446/450)        
2023-09-26T18:35:25.9988191Z remote: Compressing objects: 100% (450/450)        
2023-09-26T18:35:25.9988513Z remote: Compressing objects: 100% (450/450), done.        
2023-09-26T18:35:26.0043514Z Receiving objects:   0% (1/496)
2023-09-26T18:35:26.0044331Z Receiving objects:   1% (5/496)
2023-09-26T18:35:26.0044625Z Receiving objects:   2% (10/496)
2023-09-26T18:35:26.0044896Z Receiving objects:   3% (15/496)
2023-09-26T18:35:26.0073056Z Receiving objects:   4% (20/496)
2023-09-26T18:35:26.1430952Z Receiving objects:   5% (25/496)
2023-09-26T18:35:26.1439346Z Receiving objects:   6% (30/496)
2023-09-26T18:35:26.1447641Z Receiving objects:   7% (35/496)
2023-09-26T18:35:26.1452476Z Receiving objects:   8% (40/496)
2023-09-26T18:35:26.1490950Z Receiving objects:   9% (45/496)
2023-09-26T18:35:26.1491684Z Receiving objects:  10% (50/496)
2023-09-26T18:35:26.1496148Z Receiving objects:  11% (55/496)
2023-09-26T18:35:26.1503504Z Receiving objects:  12% (60/496)
2023-09-26T18:35:26.1504439Z Receiving objects:  13% (65/496)
2023-09-26T18:35:26.1506158Z Receiving objects:  14% (70/496)
2023-09-26T18:35:26.1509960Z Receiving objects:  15% (75/496)
2023-09-26T18:35:26.1582853Z Receiving objects:  16% (80/496)
2023-09-26T18:35:26.1634546Z Receiving objects:  17% (85/496)
2023-09-26T18:35:26.1681146Z Receiving objects:  18% (90/496)
2023-09-26T18:35:26.1681774Z Receiving objects:  19% (95/496)
2023-09-26T18:35:26.1683497Z Receiving objects:  20% (100/496)
2023-09-26T18:35:26.1745044Z Receiving objects:  21% (105/496)
2023-09-26T18:35:26.1870670Z Receiving objects:  22% (110/496)
2023-09-26T18:35:26.1871464Z Receiving objects:  23% (115/496)
2023-09-26T18:35:26.1873436Z Receiving objects:  24% (120/496)
2023-09-26T18:35:26.1873958Z Receiving objects:  25% (124/496)
2023-09-26T18:35:26.1923850Z Receiving objects:  26% (129/496)
2023-09-26T18:35:26.1924637Z Receiving objects:  27% (134/496)
2023-09-26T18:35:26.1928976Z Receiving objects:  28% (139/496)
2023-09-26T18:35:26.1930312Z Receiving objects:  29% (144/496)
2023-09-26T18:35:26.1932758Z Receiving objects:  30% (149/496)
2023-09-26T18:35:26.1933318Z Receiving objects:  31% (154/496)
2023-09-26T18:35:26.1991458Z Receiving objects:  32% (159/496)
2023-09-26T18:35:26.1992931Z Receiving objects:  33% (164/496)
2023-09-26T18:35:26.3304663Z Receiving objects:  34% (169/496)
2023-09-26T18:35:26.3305995Z Receiving objects:  35% (174/496)
2023-09-26T18:35:26.3309980Z Receiving objects:  36% (179/496)
2023-09-26T18:35:26.3323023Z Receiving objects:  37% (184/496)
2023-09-26T18:35:26.3417860Z Receiving objects:  38% (189/496)
2023-09-26T18:35:26.3478483Z Receiving objects:  39% (194/496)
2023-09-26T18:35:26.3480850Z Receiving objects:  40% (199/496)
2023-09-26T18:35:26.3481494Z Receiving objects:  41% (204/496)
2023-09-26T18:35:26.3486389Z Receiving objects:  42% (209/496)
2023-09-26T18:35:26.3488167Z Receiving objects:  43% (214/496)
2023-09-26T18:35:26.3490676Z Receiving objects:  44% (219/496)
2023-09-26T18:35:26.3492995Z Receiving objects:  45% (224/496)
2023-09-26T18:35:26.3499701Z Receiving objects:  46% (229/496)
2023-09-26T18:35:26.3502161Z Receiving objects:  47% (234/496)
2023-09-26T18:35:26.3507069Z Receiving objects:  48% (239/496)
2023-09-26T18:35:26.3508305Z Receiving objects:  49% (244/496)
2023-09-26T18:35:26.3511246Z Receiving objects:  50% (248/496)
2023-09-26T18:35:26.3513132Z Receiving objects:  51% (253/496)
2023-09-26T18:35:26.3567795Z Receiving objects:  52% (258/496)
2023-09-26T18:35:26.3572612Z Receiving objects:  53% (263/496)
2023-09-26T18:35:26.3579486Z Receiving objects:  54% (268/496)
2023-09-26T18:35:26.3586807Z Receiving objects:  55% (273/496)
2023-09-26T18:35:26.3598094Z Receiving objects:  56% (278/496)
2023-09-26T18:35:26.3603125Z Receiving objects:  57% (283/496)
2023-09-26T18:35:26.3611628Z Receiving objects:  58% (288/496)
2023-09-26T18:35:26.3661163Z Receiving objects:  59% (293/496)
2023-09-26T18:35:26.3680075Z Receiving objects:  60% (298/496)
2023-09-26T18:35:26.3699521Z Receiving objects:  61% (303/496)
2023-09-26T18:35:26.3707542Z Receiving objects:  62% (308/496)
2023-09-26T18:35:26.3717144Z Receiving objects:  63% (313/496)
2023-09-26T18:35:26.3723250Z Receiving objects:  64% (318/496)
2023-09-26T18:35:26.3731619Z Receiving objects:  65% (323/496)
2023-09-26T18:35:26.3757473Z Receiving objects:  66% (328/496)
2023-09-26T18:35:26.3762389Z Receiving objects:  67% (333/496)
2023-09-26T18:35:26.3772782Z Receiving objects:  68% (338/496)
2023-09-26T18:35:26.3785591Z Receiving objects:  69% (343/496)
2023-09-26T18:35:26.3798096Z Receiving objects:  70% (348/496)
2023-09-26T18:35:26.3807115Z Receiving objects:  71% (353/496)
2023-09-26T18:35:26.3817457Z Receiving objects:  72% (358/496)
2023-09-26T18:35:26.3821445Z Receiving objects:  73% (363/496)
2023-09-26T18:35:26.3840872Z Receiving objects:  74% (368/496)
2023-09-26T18:35:26.3910328Z Receiving objects:  75% (372/496)
2023-09-26T18:35:26.3922244Z Receiving objects:  76% (377/496)
2023-09-26T18:35:26.3926266Z Receiving objects:  77% (382/496)
2023-09-26T18:35:26.3933579Z Receiving objects:  78% (387/496)
2023-09-26T18:35:26.3939488Z Receiving objects:  79% (392/496)
2023-09-26T18:35:26.3948338Z Receiving objects:  80% (397/496)
2023-09-26T18:35:26.3950870Z Receiving objects:  81% (402/496)
2023-09-26T18:35:26.3951915Z Receiving objects:  82% (407/496)
2023-09-26T18:35:26.3952893Z Receiving objects:  83% (412/496)
2023-09-26T18:35:26.3954218Z Receiving objects:  84% (417/496)
2023-09-26T18:35:26.3955492Z Receiving objects:  85% (422/496)
2023-09-26T18:35:26.3956474Z Receiving objects:  86% (427/496)
2023-09-26T18:35:26.3958805Z Receiving objects:  87% (432/496)
2023-09-26T18:35:26.3961741Z Receiving objects:  88% (437/496)
2023-09-26T18:35:26.3968903Z Receiving objects:  89% (442/496)
2023-09-26T18:35:26.4018907Z Receiving objects:  90% (447/496)
2023-09-26T18:35:26.4022372Z Receiving objects:  91% (452/496)
2023-09-26T18:35:26.4027310Z Receiving objects:  92% (457/496)
2023-09-26T18:35:26.4030748Z Receiving objects:  93% (462/496)
2023-09-26T18:35:26.4034867Z Receiving objects:  94% (467/496)
2023-09-26T18:35:26.4043040Z Receiving objects:  95% (472/496)
2023-09-26T18:35:26.4049257Z Receiving objects:  96% (477/496)
2023-09-26T18:35:26.4050172Z remote: Total 496 (delta 34), reused 425 (delta 32), pack-reused 0        
2023-09-26T18:35:26.4062652Z Receiving objects:  97% (482/496)
2023-09-26T18:35:26.4070397Z Receiving objects:  98% (487/496)
2023-09-26T18:35:26.4078170Z Receiving objects:  99% (492/496)
2023-09-26T18:35:26.4079246Z Receiving objects: 100% (496/496)
2023-09-26T18:35:26.4079663Z Receiving objects: 100% (496/496), 7.70 MiB | 19.09 MiB/s, done.
2023-09-26T18:35:26.4090396Z Resolving deltas:   0% (0/34)
2023-09-26T18:35:26.4090774Z Resolving deltas:   2% (1/34)
2023-09-26T18:35:26.4091138Z Resolving deltas:   5% (2/34)
2023-09-26T18:35:26.4091535Z Resolving deltas:   8% (3/34)
2023-09-26T18:35:26.4094135Z Resolving deltas:  11% (4/34)
2023-09-26T18:35:26.4095768Z Resolving deltas:  14% (5/34)
2023-09-26T18:35:26.4096318Z Resolving deltas:  17% (6/34)
2023-09-26T18:35:26.4098602Z Resolving deltas:  20% (7/34)
2023-09-26T18:35:26.4099421Z Resolving deltas:  23% (8/34)
2023-09-26T18:35:26.4099965Z Resolving deltas:  26% (9/34)
2023-09-26T18:35:26.4101463Z Resolving deltas:  29% (10/34)
2023-09-26T18:35:26.4101757Z Resolving deltas:  32% (11/34)
2023-09-26T18:35:26.4105681Z Resolving deltas:  35% (12/34)
2023-09-26T18:35:26.4106563Z Resolving deltas:  38% (13/34)
2023-09-26T18:35:26.4107161Z Resolving deltas:  41% (14/34)
2023-09-26T18:35:26.4111115Z Resolving deltas:  44% (15/34)
2023-09-26T18:35:26.4121348Z Resolving deltas:  47% (16/34)
2023-09-26T18:35:26.4122179Z Resolving deltas:  50% (17/34)
2023-09-26T18:35:26.4122735Z Resolving deltas:  52% (18/34)
2023-09-26T18:35:26.4123079Z Resolving deltas:  55% (19/34)
2023-09-26T18:35:26.4123415Z Resolving deltas:  58% (20/34)
2023-09-26T18:35:26.4123702Z Resolving deltas:  61% (21/34)
2023-09-26T18:35:26.4124275Z Resolving deltas:  64% (22/34)
2023-09-26T18:35:26.4124618Z Resolving deltas:  67% (23/34)
2023-09-26T18:35:26.4124904Z Resolving deltas:  70% (24/34)
2023-09-26T18:35:26.4125255Z Resolving deltas:  73% (25/34)
2023-09-26T18:35:26.4125591Z Resolving deltas:  76% (26/34)
2023-09-26T18:35:26.4125944Z Resolving deltas:  79% (27/34)
2023-09-26T18:35:26.4126277Z Resolving deltas:  82% (28/34)
2023-09-26T18:35:26.4133566Z Resolving deltas:  85% (29/34)
2023-09-26T18:35:26.4140198Z Resolving deltas:  91% (31/34)
2023-09-26T18:35:26.4146157Z Resolving deltas:  94% (32/34)
2023-09-26T18:35:26.4152346Z Resolving deltas:  97% (33/34)
2023-09-26T18:35:26.4158964Z Resolving deltas: 100% (34/34)
2023-09-26T18:35:26.4159303Z Resolving deltas: 100% (34/34), done.
2023-09-26T18:35:26.4388715Z From https://github.com/Aircoookie/WLED
2023-09-26T18:35:26.4389831Z  * [new ref]         25831bfb6073cf5d3d39114f4106e99ba8411dee -> origin/0_15
2023-09-26T18:35:26.4435763Z ##[endgroup]
2023-09-26T18:35:26.4436304Z ##[group]Determining the checkout info
2023-09-26T18:35:26.4437023Z ##[endgroup]
2023-09-26T18:35:26.4437491Z ##[group]Checking out the ref
2023-09-26T18:35:26.4438235Z [command]/usr/bin/git checkout --progress --force -B 0_15 refs/remotes/origin/0_15
2023-09-26T18:35:26.5048683Z Switched to a new branch '0_15'
2023-09-26T18:35:26.5050142Z branch '0_15' set up to track 'origin/0_15'.
2023-09-26T18:35:26.5076367Z ##[endgroup]
2023-09-26T18:35:26.5125802Z [command]/usr/bin/git log -1 --format='%H'
2023-09-26T18:35:26.5153591Z '25831bfb6073cf5d3d39114f4106e99ba8411dee'
2023-09-26T18:35:26.7139759Z ##[group]Run actions/cache@v3
2023-09-26T18:35:26.7140235Z with:
2023-09-26T18:35:26.7140552Z   path: ~/.cache/pip
2023-09-26T18:35:26.7140968Z   key: Linux-pip-81ff51cfad9e9eb735c6b16e2b137bb04b536de75d900d6b02aa29724c130501
2023-09-26T18:35:26.7141450Z   restore-keys: Linux-pip-

2023-09-26T18:35:26.7141799Z   enableCrossOsArchive: false
2023-09-26T18:35:26.7142177Z   fail-on-cache-miss: false
2023-09-26T18:35:26.7142509Z   lookup-only: false
2023-09-26T18:35:26.7142818Z ##[endgroup]
2023-09-26T18:35:27.1978266Z Cache Size: ~4 MB (3959889 B)
2023-09-26T18:35:27.2005660Z [command]/usr/bin/tar -xf /home/runner/work/_temp/6a368c9a-0f44-4fd2-a71d-b9142d364c69/cache.tzst -P -C /home/runner/work/WLED/WLED --use-compress-program unzstd
2023-09-26T18:35:27.2231973Z Cache restored successfully
2023-09-26T18:35:27.2544006Z Cache restored from key: Linux-pip-81ff51cfad9e9eb735c6b16e2b137bb04b536de75d900d6b02aa29724c130501
2023-09-26T18:35:27.4004212Z ##[group]Run actions/cache@v3
2023-09-26T18:35:27.4004534Z with:
2023-09-26T18:35:27.4004763Z   path: ~/.platformio
2023-09-26T18:35:27.4005005Z   key: Linux-
2023-09-26T18:35:27.4005270Z   enableCrossOsArchive: false
2023-09-26T18:35:27.4005553Z   fail-on-cache-miss: false
2023-09-26T18:35:27.4005798Z   lookup-only: false
2023-09-26T18:35:27.4006034Z ##[endgroup]
2023-09-26T18:35:28.6680651Z Cache Size: ~192 MB (201123108 B)
2023-09-26T18:35:28.6731615Z [command]/usr/bin/tar -xf /home/runner/work/_temp/d62e60b3-9887-4c34-9fcd-5edcf7e30cbe/cache.tzst -P -C /home/runner/work/WLED/WLED --use-compress-program unzstd
2023-09-26T18:35:28.6846133Z Received 201123108 of 201123108 (100.0%), 191.8 MBs/sec
2023-09-26T18:35:29.5029194Z Cache restored successfully
2023-09-26T18:35:29.5431603Z Cache restored from key: Linux-
2023-09-26T18:35:29.5596222Z ##[group]Run actions/setup-python@v4
2023-09-26T18:35:29.5596518Z with:
2023-09-26T18:35:29.5596758Z   python-version: 3.9
2023-09-26T18:35:29.5597022Z   check-latest: false
2023-09-26T18:35:29.5597475Z   token: ***
2023-09-26T18:35:29.5597726Z   update-environment: true
2023-09-26T18:35:29.5598008Z   allow-prereleases: false
2023-09-26T18:35:29.5598272Z ##[endgroup]
2023-09-26T18:35:29.7379718Z ##[group]Installed versions
2023-09-26T18:35:29.7471305Z Successfully set up CPython (3.9.18)
2023-09-26T18:35:29.7472225Z ##[endgroup]
2023-09-26T18:35:29.7600649Z ##[group]Run pip install -r requirements.txt
2023-09-26T18:35:29.7601075Z [36;1mpip install -r requirements.txt[0m
2023-09-26T18:35:29.7669776Z shell: /usr/bin/bash -e {0}
2023-09-26T18:35:29.7670052Z env:
2023-09-26T18:35:29.7670371Z   pythonLocation: /opt/hostedtoolcache/Python/3.9.18/x64
2023-09-26T18:35:29.7670815Z   PKG_CONFIG_PATH: /opt/hostedtoolcache/Python/3.9.18/x64/lib/pkgconfig
2023-09-26T18:35:29.7671206Z   Python_ROOT_DIR: /opt/hostedtoolcache/Python/3.9.18/x64
2023-09-26T18:35:29.7671574Z   Python2_ROOT_DIR: /opt/hostedtoolcache/Python/3.9.18/x64
2023-09-26T18:35:29.7671937Z   Python3_ROOT_DIR: /opt/hostedtoolcache/Python/3.9.18/x64
2023-09-26T18:35:29.7672305Z   LD_LIBRARY_PATH: /opt/hostedtoolcache/Python/3.9.18/x64/lib
2023-09-26T18:35:29.7672609Z ##[endgroup]
2023-09-26T18:35:30.9102404Z Collecting aiofiles==22.1.0 (from -r requirements.txt (line 7))
2023-09-26T18:35:30.9128903Z   Using cached aiofiles-22.1.0-py3-none-any.whl (14 kB)
2023-09-26T18:35:30.9399350Z Collecting ajsonrpc==1.2.0 (from -r requirements.txt (line 9))
2023-09-26T18:35:30.9423570Z   Using cached ajsonrpc-1.2.0-py3-none-any.whl (22 kB)
2023-09-26T18:35:31.0004255Z Collecting anyio==3.6.2 (from -r requirements.txt (line 11))
2023-09-26T18:35:31.0031979Z   Using cached anyio-3.6.2-py3-none-any.whl (80 kB)
2023-09-26T18:35:31.0371940Z Collecting bottle==0.12.25 (from -r requirements.txt (line 13))
2023-09-26T18:35:31.0397078Z   Using cached bottle-0.12.25-py3-none-any.whl (90 kB)
2023-09-26T18:35:31.0776696Z Collecting certifi==2023.7.22 (from -r requirements.txt (line 15))
2023-09-26T18:35:31.0779444Z   Obtaining dependency information for certifi==2023.7.22 from https://files.pythonhosted.org/packages/4c/dd/2234eab22353ffc7d94e8d13177aaa050113286e93e7b40eae01fbf7c3d9/certifi-2023.7.22-py3-none-any.whl.metadata
2023-09-26T18:35:31.0804902Z   Using cached certifi-2023.7.22-py3-none-any.whl.metadata (2.2 kB)
2023-09-26T18:35:31.2139142Z Collecting charset-normalizer==3.1.0 (from -r requirements.txt (line 17))
2023-09-26T18:35:31.2168172Z   Using cached charset_normalizer-3.1.0-cp39-cp39-manylinux_2_17_x86_64.manylinux2014_x86_64.whl (199 kB)
2023-09-26T18:35:31.2632346Z Collecting click==8.1.3 (from -r requirements.txt (line 19))
2023-09-26T18:35:31.2658267Z   Using cached click-8.1.3-py3-none-any.whl (96 kB)
2023-09-26T18:35:31.3020251Z Collecting colorama==0.4.6 (from -r requirements.txt (line 23))
2023-09-26T18:35:31.3045018Z   Using cached colorama-0.4.6-py2.py3-none-any.whl (25 kB)
2023-09-26T18:35:31.3280839Z Collecting h11==0.14.0 (from -r requirements.txt (line 25))
2023-09-26T18:35:31.3303303Z   Using cached h11-0.14.0-py3-none-any.whl (58 kB)
2023-09-26T18:35:31.3590482Z Collecting idna==3.4 (from -r requirements.txt (line 29))
2023-09-26T18:35:31.3619756Z   Using cached idna-3.4-py3-none-any.whl (61 kB)
2023-09-26T18:35:31.4582437Z Collecting marshmallow==3.19.0 (from -r requirements.txt (line 33))
2023-09-26T18:35:31.4624348Z   Using cached marshmallow-3.19.0-py3-none-any.whl (49 kB)
2023-09-26T18:35:31.5127943Z Collecting packaging==23.1 (from -r requirements.txt (line 35))
2023-09-26T18:35:31.5154990Z   Using cached packaging-23.1-py3-none-any.whl (48 kB)
2023-09-26T18:35:31.5663952Z Collecting platformio==6.1.6 (from -r requirements.txt (line 37))
2023-09-26T18:35:31.5666243Z   Using cached platformio-6.1.6-py3-none-any.whl
2023-09-26T18:35:31.5988453Z Collecting pyelftools==0.29 (from -r requirements.txt (line 39))
2023-09-26T18:35:31.6017861Z   Using cached pyelftools-0.29-py2.py3-none-any.whl (174 kB)
2023-09-26T18:35:31.6273766Z Collecting pyserial==3.5 (from -r requirements.txt (line 41))
2023-09-26T18:35:31.6310137Z   Using cached pyserial-3.5-py2.py3-none-any.whl (90 kB)
2023-09-26T18:35:31.6901595Z Collecting requests==2.31.0 (from -r requirements.txt (line 43))
2023-09-26T18:35:31.6906481Z   Obtaining dependency information for requests==2.31.0 from https://files.pythonhosted.org/packages/70/8e/0e2d847013cb52cd35b38c009bb167a1a26b2ce6cd6965bf26b47bc0bf44/requests-2.31.0-py3-none-any.whl.metadata
2023-09-26T18:35:31.6933362Z   Using cached requests-2.31.0-py3-none-any.whl.metadata (4.6 kB)
2023-09-26T18:35:31.7221585Z Collecting semantic-version==2.10.0 (from -r requirements.txt (line 45))
2023-09-26T18:35:31.7248875Z   Using cached semantic_version-2.10.0-py2.py3-none-any.whl (15 kB)
2023-09-26T18:35:31.7470991Z Collecting sniffio==1.3.0 (from -r requirements.txt (line 47))
2023-09-26T18:35:31.7499230Z   Using cached sniffio-1.3.0-py3-none-any.whl (10 kB)
2023-09-26T18:35:31.8034684Z Collecting starlette==0.23.1 (from -r requirements.txt (line 49))
2023-09-26T18:35:31.8061671Z   Using cached starlette-0.23.1-py3-none-any.whl (64 kB)
2023-09-26T18:35:31.8316676Z Collecting tabulate==0.9.0 (from -r requirements.txt (line 51))
2023-09-26T18:35:31.8341738Z   Using cached tabulate-0.9.0-py3-none-any.whl (35 kB)
2023-09-26T18:35:31.9036687Z Collecting urllib3==1.26.15 (from -r requirements.txt (line 53))
2023-09-26T18:35:31.9065107Z   Using cached urllib3-1.26.15-py2.py3-none-any.whl (140 kB)
2023-09-26T18:35:31.9561988Z Collecting uvicorn==0.20.0 (from -r requirements.txt (line 55))
2023-09-26T18:35:31.9592804Z   Using cached uvicorn-0.20.0-py3-none-any.whl (56 kB)
2023-09-26T18:35:31.9840501Z Collecting wsproto==1.2.0 (from -r requirements.txt (line 57))
2023-09-26T18:35:31.9866485Z   Using cached wsproto-1.2.0-py3-none-any.whl (24 kB)
2023-09-26T18:35:32.2509800Z Collecting typing-extensions>=3.10.0 (from starlette==0.23.1->-r requirements.txt (line 49))
2023-09-26T18:35:32.2515493Z   Obtaining dependency information for typing-extensions>=3.10.0 from https://files.pythonhosted.org/packages/24/21/7d397a4b7934ff4028987914ac1044d3b7d52712f30e2ac7a2ae5bc86dd0/typing_extensions-4.8.0-py3-none-any.whl.metadata
2023-09-26T18:35:32.3516087Z   Downloading typing_extensions-4.8.0-py3-none-any.whl.metadata (3.0 kB)
2023-09-26T18:35:32.4879515Z Using cached certifi-2023.7.22-py3-none-any.whl (158 kB)
2023-09-26T18:35:32.4910735Z Using cached requests-2.31.0-py3-none-any.whl (62 kB)
2023-09-26T18:35:32.5001572Z Downloading typing_extensions-4.8.0-py3-none-any.whl (31 kB)
2023-09-26T18:35:32.6775247Z Installing collected packages: pyserial, pyelftools, bottle, urllib3, typing-extensions, tabulate, sniffio, semantic-version, packaging, idna, h11, colorama, click, charset-normalizer, certifi, ajsonrpc, aiofiles, wsproto, uvicorn, requests, marshmallow, anyio, starlette, platformio
2023-09-26T18:35:34.0845870Z Successfully installed aiofiles-22.1.0 ajsonrpc-1.2.0 anyio-3.6.2 bottle-0.12.25 certifi-2023.7.22 charset-normalizer-3.1.0 click-8.1.3 colorama-0.4.6 h11-0.14.0 idna-3.4 marshmallow-3.19.0 packaging-23.1 platformio-6.1.6 pyelftools-0.29 pyserial-3.5 requests-2.31.0 semantic-version-2.10.0 sniffio-1.3.0 starlette-0.23.1 tabulate-0.9.0 typing-extensions-4.8.0 urllib3-1.26.15 uvicorn-0.20.0 wsproto-1.2.0
2023-09-26T18:35:34.3321811Z 
2023-09-26T18:35:34.3322733Z [notice] A new release of pip is available: 23.0.1 -> 23.2.1
2023-09-26T18:35:34.3323251Z [notice] To update, run: pip install --upgrade pip
2023-09-26T18:35:34.4821307Z ##[group]Run pio run -e nodemcuv2
2023-09-26T18:35:34.4821699Z [36;1mpio run -e nodemcuv2[0m
2023-09-26T18:35:34.4891149Z shell: /usr/bin/bash -e {0}
2023-09-26T18:35:34.4891398Z env:
2023-09-26T18:35:34.4891710Z   pythonLocation: /opt/hostedtoolcache/Python/3.9.18/x64
2023-09-26T18:35:34.4892146Z   PKG_CONFIG_PATH: /opt/hostedtoolcache/Python/3.9.18/x64/lib/pkgconfig
2023-09-26T18:35:34.4892540Z   Python_ROOT_DIR: /opt/hostedtoolcache/Python/3.9.18/x64
2023-09-26T18:35:34.4892912Z   Python2_ROOT_DIR: /opt/hostedtoolcache/Python/3.9.18/x64
2023-09-26T18:35:34.4893283Z   Python3_ROOT_DIR: /opt/hostedtoolcache/Python/3.9.18/x64
2023-09-26T18:35:34.4893655Z   LD_LIBRARY_PATH: /opt/hostedtoolcache/Python/3.9.18/x64/lib
2023-09-26T18:35:34.4893965Z   WLED_RELEASE: true
2023-09-26T18:35:34.4894205Z ##[endgroup]
2023-09-26T18:35:35.7784178Z Processing nodemcuv2 (board: nodemcuv2; platform: espressif8266@4.2.0; framework: arduino)
2023-09-26T18:35:35.7785581Z --------------------------------------------------------------------------------
2023-09-26T18:35:35.7802987Z Platform Manager: Installing espressif8266 @ 4.2.0
2023-09-26T18:35:39.1821315Z Downloading 0% 10% 20% 30% 40%
2023-09-26T18:35:39.2472508Z Unpacking
2023-09-26T18:35:39.2813644Z Platform Manager: espressif8266@4.2.0 has been installed!
2023-09-26T18:35:39.2938465Z Tool Manager: Installing platformio/toolchain-xtensa @ ~2.100300.220621
2023-09-26T18:35:41.8331681Z Downloading 0% 10% 20% 30% 40% 50% 60% 70% 80% 90% 100%
2023-09-26T18:35:43.6786380Z Unpacking
2023-09-26T18:35:46.0041338Z Tool Manager: toolchain-xtensa@2.100300.220621 has been installed!
2023-09-26T18:35:46.0064158Z Tool Manager: Installing platformio/framework-arduinoespressif8266 @ *
2023-09-26T18:35:48.3904387Z Downloading 0% 10% 20% 30% 40% 50% 60% 70% 80% 90% 100%
2023-09-26T18:35:49.4698956Z Unpacking
2023-09-26T18:35:51.1630135Z Tool Manager: framework-arduinoespressif8266@3.30102.0 has been installed!
2023-09-26T18:35:51.1656261Z Tool Manager: Installing platformio/tool-esptool @ *
2023-09-26T18:35:53.0285955Z Downloading 0% 10% 20%
2023-09-26T18:35:53.0346127Z Unpacking
2023-09-26T18:35:53.0384268Z Tool Manager: tool-esptool@1.413.0 has been installed!
2023-09-26T18:35:53.0463546Z Library Manager: Installing fastled/FastLED @ 3.6.0
2023-09-26T18:35:55.6213318Z Downloading 0% 10% 20% 30% 40% 50% 60% 70% 80% 90% 100%
2023-09-26T18:35:55.6528872Z Unpacking
2023-09-26T18:35:55.7243538Z Library Manager: FastLED@3.6.0 has been installed!
2023-09-26T18:35:55.7255548Z Library Manager: Installing makuna/NeoPixelBus @ 2.7.5
2023-09-26T18:35:58.1736518Z Downloading 0% 10% 20% 30% 40% 50% 60% 70% 80% 90% 100%
2023-09-26T18:35:58.2018407Z Unpacking
2023-09-26T18:35:58.2661516Z Library Manager: NeoPixelBus@2.7.5 has been installed!
2023-09-26T18:35:58.2664532Z Library Manager: Resolving dependencies...
2023-09-26T18:35:58.2864012Z Library Manager: Installing git+https://github.com/Aircoookie/ESPAsyncWebServer.git @ ~2.0.7
2023-09-26T18:35:58.2941554Z git version 2.42.0
2023-09-26T18:35:58.2980212Z Cloning into '/home/runner/.platformio/.cache/tmp/pkg-installing-fsxm6drd'...
2023-09-26T18:35:58.6185386Z Library Manager: ESPAsyncWebServerAircoookie@2.0.7+sha.b9349dc has been installed!
2023-09-26T18:35:58.6189947Z Library Manager: Resolving dependencies...
2023-09-26T18:35:58.6192675Z Library Manager: Installing ESPAsyncTCP
2023-09-26T18:36:00.7057931Z Downloading 0% 10% 20% 30% 40% 50%
2023-09-26T18:36:00.7130753Z Unpacking
2023-09-26T18:36:00.7263614Z Library Manager: ESPAsyncTCP@1.2.2 has been installed!
2023-09-26T18:36:00.7281869Z Library Manager: Installing git+https://github.com/blazoncek/QuickESPNow.git#optional-debug
2023-09-26T18:36:00.7326487Z git version 2.42.0
2023-09-26T18:36:00.7372517Z Cloning into '/home/runner/.platformio/.cache/tmp/pkg-installing-suwyo_l5'...
2023-09-26T18:36:01.0252765Z Library Manager: QuickEspNow@0.6.2+sha.b357ffa has been installed!
2023-09-26T18:36:01.5232640Z Verbose mode can be enabled via `-v, --verbose` option
2023-09-26T18:36:01.5397679Z CONFIGURATION: https://docs.platformio.org/page/boards/espressif8266/nodemcuv2.html
2023-09-26T18:36:01.5398602Z PLATFORM: Espressif 8266 (4.2.0) > NodeMCU 1.0 (ESP-12E Module)
2023-09-26T18:36:01.5398968Z HARDWARE: ESP8266 80MHz, 80KB RAM, 4MB Flash
2023-09-26T18:36:01.5399268Z PACKAGES: 
2023-09-26T18:36:01.5399660Z  - framework-arduinoespressif8266 @ 3.30102.0 (3.1.2) 
2023-09-26T18:36:01.5400057Z  - tool-esptool @ 1.413.0 (4.13) 
2023-09-26T18:36:01.5400403Z  - tool-esptoolpy @ 1.30100.210531 (3.1.0) 
2023-09-26T18:36:01.5400773Z  - toolchain-xtensa @ 2.100300.220621 (10.3.0)
2023-09-26T18:36:01.5437203Z Converting wled00.ino
2023-09-26T18:36:01.5949475Z LDF: Library Dependency Finder -> https://bit.ly/configure-pio-ldf
2023-09-26T18:36:01.5950285Z LDF Modes: Finder ~ chain, Compatibility ~ strict
2023-09-26T18:36:01.7261409Z Library Manager: Installing ESPAsyncUDP
2023-09-26T18:36:03.9730813Z Downloading 0% 10% 20%
2023-09-26T18:36:03.9808919Z Unpacking
2023-09-26T18:36:03.9888431Z Library Manager: ESPAsyncUDP@0.0.0-alpha+sha.697c75a025 has been installed!
2023-09-26T18:36:03.9901381Z Library Manager: Installing IRremoteESP8266 @ 2.8.2
2023-09-26T18:36:07.5539868Z Downloading 0% 10% 20% 30% 40% 50% 60% 70% 80% 90% 100%
2023-09-26T18:36:07.6232173Z Unpacking
2023-09-26T18:36:07.7603681Z Library Manager: IRremoteESP8266@2.8.2 has been installed!
2023-09-26T18:36:07.8483881Z Found 44 compatible libraries
2023-09-26T18:36:07.8487333Z Scanning dependencies...
2023-09-26T18:36:09.4377379Z Dependency Graph
2023-09-26T18:36:09.4379750Z |-- ESPAsyncTCP @ 1.2.2
2023-09-26T18:36:09.4383423Z |-- ESPAsyncUDP @ 0.0.0-alpha+sha.697c75a025
2023-09-26T18:36:09.4383954Z |-- FastLED @ 3.6.0
2023-09-26T18:36:09.4384333Z |   |-- EspSoftwareSerial @ 8.0.1
2023-09-26T18:36:09.4384680Z |   |-- SPI @ 1.0
2023-09-26T18:36:09.4385014Z |-- IRremoteESP8266 @ 2.8.2
2023-09-26T18:36:09.4385366Z |-- NeoPixelBus @ 2.7.5
2023-09-26T18:36:09.4385689Z |   |-- SPI @ 1.0
2023-09-26T18:36:09.4386150Z |-- ESPAsyncWebServerAircoookie @ 2.0.7+sha.b9349dc
2023-09-26T18:36:09.4386573Z |   |-- ESPAsyncTCP @ 1.2.2
2023-09-26T18:36:09.4386896Z |   |-- Hash @ 1.0
2023-09-26T18:36:09.4387219Z |   |-- ESP8266WiFi @ 1.0
2023-09-26T18:36:09.4387549Z |   |-- LittleFS @ 0.1.0
2023-09-26T18:36:09.4387920Z |-- QuickEspNow @ 0.6.2+sha.b357ffa
2023-09-26T18:36:09.4388292Z |   |-- ESP8266WiFi @ 1.0
2023-09-26T18:36:09.4388597Z |-- Wire @ 1.0
2023-09-26T18:36:09.4389655Z |-- SD @ 2.0.0
2023-09-26T18:36:09.4389960Z |   |-- SDFS @ 0.1.0
2023-09-26T18:36:09.4390277Z |   |   |-- SPI @ 1.0
2023-09-26T18:36:09.4390632Z |   |   |-- ESP8266SdFat @ 2.1.1
2023-09-26T18:36:09.4390956Z |   |   |   |-- SPI @ 1.0
2023-09-26T18:36:09.4391255Z |-- SPI @ 1.0
2023-09-26T18:36:09.4391549Z |-- EEPROM @ 1.0
2023-09-26T18:36:09.4391862Z |-- ArduinoOTA @ 1.0
2023-09-26T18:36:09.4392198Z |   |-- ESP8266WiFi @ 1.0
2023-09-26T18:36:09.4392531Z |   |-- ESP8266mDNS @ 1.2
2023-09-26T18:36:09.4392885Z |   |   |-- ESP8266WiFi @ 1.0
2023-09-26T18:36:09.4393215Z |-- DNSServer @ 1.1.1
2023-09-26T18:36:09.4393560Z |   |-- ESP8266WiFi @ 1.0
2023-09-26T18:36:09.4393891Z |-- ESP8266WiFi @ 1.0
2023-09-26T18:36:09.4394210Z |-- ESP8266mDNS @ 1.2
2023-09-26T18:36:09.4394531Z |   |-- ESP8266WiFi @ 1.0
2023-09-26T18:36:09.4394849Z |-- LittleFS @ 0.1.0
2023-09-26T18:36:09.4395590Z |-- ESP8266WebServer @ 1.0
2023-09-26T18:36:09.4395923Z |   |-- ESP8266WiFi @ 1.0
2023-09-26T18:36:09.5501772Z Building in release mode
2023-09-26T18:36:09.6404781Z Compiling .pio/build/nodemcuv2/libcde/FastLED/FastLED.cpp.o
2023-09-26T18:36:09.6439488Z Compiling .pio/build/nodemcuv2/libcde/FastLED/bitswap.cpp.o
2023-09-26T18:36:10.1727812Z Compiling .pio/build/nodemcuv2/libcde/FastLED/colorpalettes.cpp.o
2023-09-26T18:36:10.2255707Z Compiling .pio/build/nodemcuv2/libcde/FastLED/colorutils.cpp.o
2023-09-26T18:36:10.6886442Z Compiling .pio/build/nodemcuv2/libcde/FastLED/hsv2rgb.cpp.o
2023-09-26T18:36:11.0167640Z Compiling .pio/build/nodemcuv2/libcde/FastLED/lib8tion.cpp.o
2023-09-26T18:36:11.3074400Z Compiling .pio/build/nodemcuv2/libcde/FastLED/noise.cpp.o
2023-09-26T18:36:11.5254928Z Compiling .pio/build/nodemcuv2/libcde/FastLED/platforms.cpp.o
2023-09-26T18:36:11.5527400Z Compiling .pio/build/nodemcuv2/libcde/FastLED/platforms/esp/32/clockless_rmt_esp32.cpp.o
2023-09-26T18:36:11.5808513Z Compiling .pio/build/nodemcuv2/libcde/FastLED/power_mgt.cpp.o
2023-09-26T18:36:12.1212720Z Compiling .pio/build/nodemcuv2/libcde/FastLED/wiring.cpp.o
2023-09-26T18:36:12.2646454Z Compiling .pio/build/nodemcuv2/src/FX.cpp.o
2023-09-26T18:36:12.6647616Z Compiling .pio/build/nodemcuv2/src/FX_2Dfcn.cpp.o
2023-09-26T18:36:13.5237179Z wled00/FX.cpp: In function 'uint16_t mode_meteor()':
2023-09-26T18:36:13.5237924Z wled00/FX.cpp:2279:21: warning: comparison of integer expressions of different signedness: 'int' and 'const unsigned int' [-Wsign-compare]
2023-09-26T18:36:13.5238424Z  2279 |   for (int j = 0; j < meteorSize; j++) {
2023-09-26T18:36:13.5238734Z       |                   ~~^~~~~~~~~~~~
2023-09-26T18:36:13.5255724Z wled00/FX.cpp: In function 'uint16_t mode_meteor_smooth()':
2023-09-26T18:36:13.5256444Z wled00/FX.cpp:2318:21: warning: comparison of integer expressions of different signedness: 'int' and 'const unsigned int' [-Wsign-compare]
2023-09-26T18:36:13.5256943Z  2318 |   for (int j = 0; j < meteorSize; j++) {
2023-09-26T18:36:13.5257270Z       |                   ~~^~~~~~~~~~~~
2023-09-26T18:36:14.5167139Z Compiling .pio/build/nodemcuv2/src/FX_fcn.cpp.o
2023-09-26T18:36:16.8967350Z Compiling .pio/build/nodemcuv2/src/alexa.cpp.o
2023-09-26T18:36:17.7567275Z Compiling .pio/build/nodemcuv2/src/bus_manager.cpp.o
2023-09-26T18:36:18.4927280Z Compiling .pio/build/nodemcuv2/src/button.cpp.o
2023-09-26T18:36:19.5608192Z Compiling .pio/build/nodemcuv2/src/cfg.cpp.o
2023-09-26T18:36:19.9768677Z Compiling .pio/build/nodemcuv2/src/colors.cpp.o
2023-09-26T18:36:21.4847792Z Compiling .pio/build/nodemcuv2/src/dmx.cpp.o
2023-09-26T18:36:22.6183718Z Compiling .pio/build/nodemcuv2/src/e131.cpp.o
2023-09-26T18:36:22.9207996Z Compiling .pio/build/nodemcuv2/src/file.cpp.o
2023-09-26T18:36:24.1768050Z Compiling .pio/build/nodemcuv2/src/hue.cpp.o
2023-09-26T18:36:24.7127747Z Compiling .pio/build/nodemcuv2/src/improv.cpp.o
2023-09-26T18:36:25.9127740Z Compiling .pio/build/nodemcuv2/src/ir.cpp.o
2023-09-26T18:36:26.1767861Z Compiling .pio/build/nodemcuv2/src/json.cpp.o
2023-09-26T18:36:27.7927958Z Compiling .pio/build/nodemcuv2/src/led.cpp.o
2023-09-26T18:36:28.8727506Z Compiling .pio/build/nodemcuv2/src/lx_parser.cpp.o
2023-09-26T18:36:29.2821388Z Compiling .pio/build/nodemcuv2/src/mqtt.cpp.o
2023-09-26T18:36:30.3005987Z Compiling .pio/build/nodemcuv2/src/net_debug.cpp.o
2023-09-26T18:36:30.9233924Z Compiling .pio/build/nodemcuv2/src/network.cpp.o
2023-09-26T18:36:31.7007820Z Compiling .pio/build/nodemcuv2/src/ntp.cpp.o
2023-09-26T18:36:32.3240571Z Compiling .pio/build/nodemcuv2/src/overlay.cpp.o
2023-09-26T18:36:33.2607576Z Compiling .pio/build/nodemcuv2/src/pin_manager.cpp.o
2023-09-26T18:36:33.8208410Z Compiling .pio/build/nodemcuv2/src/playlist.cpp.o
2023-09-26T18:36:34.7359427Z Compiling .pio/build/nodemcuv2/src/presets.cpp.o
2023-09-26T18:36:35.4647790Z Compiling .pio/build/nodemcuv2/src/remote.cpp.o
2023-09-26T18:36:36.4807148Z Compiling .pio/build/nodemcuv2/src/set.cpp.o
2023-09-26T18:36:36.8808598Z Compiling .pio/build/nodemcuv2/src/src/dependencies/async-mqtt-client/AsyncMqttClient.cpp.o
2023-09-26T18:36:38.3927794Z Compiling .pio/build/nodemcuv2/src/src/dependencies/async-mqtt-client/AsyncMqttClient/Packets/ConnAckPacket.cpp.o
2023-09-26T18:36:38.6567710Z Compiling .pio/build/nodemcuv2/src/src/dependencies/async-mqtt-client/AsyncMqttClient/Packets/PingRespPacket.cpp.o
2023-09-26T18:36:38.8527793Z Compiling .pio/build/nodemcuv2/src/src/dependencies/async-mqtt-client/AsyncMqttClient/Packets/PubAckPacket.cpp.o
2023-09-26T18:36:39.1007881Z Compiling .pio/build/nodemcuv2/src/src/dependencies/async-mqtt-client/AsyncMqttClient/Packets/PubCompPacket.cpp.o
2023-09-26T18:36:39.3130900Z Compiling .pio/build/nodemcuv2/src/src/dependencies/async-mqtt-client/AsyncMqttClient/Packets/PubRecPacket.cpp.o
2023-09-26T18:36:39.5487771Z Compiling .pio/build/nodemcuv2/src/src/dependencies/async-mqtt-client/AsyncMqttClient/Packets/PubRelPacket.cpp.o
2023-09-26T18:36:39.7727873Z Compiling .pio/build/nodemcuv2/src/src/dependencies/async-mqtt-client/AsyncMqttClient/Packets/PublishPacket.cpp.o
2023-09-26T18:36:40.0007605Z Compiling .pio/build/nodemcuv2/src/src/dependencies/async-mqtt-client/AsyncMqttClient/Packets/SubAckPacket.cpp.o
2023-09-26T18:36:40.2527887Z Compiling .pio/build/nodemcuv2/src/src/dependencies/async-mqtt-client/AsyncMqttClient/Packets/UnsubAckPacket.cpp.o
2023-09-26T18:36:40.4606967Z Compiling .pio/build/nodemcuv2/src/src/dependencies/dmx/ESPDMX.cpp.o
2023-09-26T18:36:40.7126458Z Compiling .pio/build/nodemcuv2/src/src/dependencies/dmx/SparkFunDMX.cpp.o
2023-09-26T18:36:40.7410513Z Compiling .pio/build/nodemcuv2/src/src/dependencies/e131/ESPAsyncE131.cpp.o
2023-09-26T18:36:40.9128372Z Compiling .pio/build/nodemcuv2/src/src/dependencies/espalexa/EspalexaDevice.cpp.o
2023-09-26T18:36:41.4421321Z Compiling .pio/build/nodemcuv2/src/src/dependencies/network/Network.cpp.o
2023-09-26T18:36:41.4848015Z Compiling .pio/build/nodemcuv2/src/src/dependencies/time/DS1307RTC.cpp.o
2023-09-26T18:36:41.8325689Z Compiling .pio/build/nodemcuv2/src/src/dependencies/time/DateStrings.cpp.o
2023-09-26T18:36:41.8563553Z In file included from /home/runner/.platformio/packages/toolchain-xtensa/xtensa-lx106-elf/include/string.h:175,
2023-09-26T18:36:41.8568501Z                  from wled00/src/dependencies/time/DateStrings.cpp:22:
2023-09-26T18:36:41.8569128Z wled00/src/dependencies/time/DateStrings.cpp: In function 'char* monthStr(uint8_t)':
2023-09-26T18:36:41.8569859Z wled00/src/dependencies/time/DateStrings.cpp:72:22: warning: cast to pointer from integer of different size [-Wint-to-pointer-cast]
2023-09-26T18:36:41.8570396Z    72 |     strcpy_P(buffer, (PGM_P)pgm_read_word(&(monthNames_P[month])));
2023-09-26T18:36:41.8570731Z       |                      ^
2023-09-26T18:36:41.8578552Z wled00/src/dependencies/time/DateStrings.cpp: In function 'char* dayStr(uint8_t)':
2023-09-26T18:36:41.8579419Z wled00/src/dependencies/time/DateStrings.cpp:86:21: warning: cast to pointer from integer of different size [-Wint-to-pointer-cast]
2023-09-26T18:36:41.8580049Z    86 |    strcpy_P(buffer, (PGM_P)pgm_read_word(&(dayNames_P[day])));
2023-09-26T18:36:41.8580478Z       |                     ^
2023-09-26T18:36:41.9034224Z Compiling .pio/build/nodemcuv2/src/src/dependencies/time/Time.cpp.o
2023-09-26T18:36:42.0603640Z Compiling .pio/build/nodemcuv2/src/src/dependencies/timezone/Timezone.cpp.o
2023-09-26T18:36:42.3847132Z Compiling .pio/build/nodemcuv2/src/udp.cpp.o
2023-09-26T18:36:42.5414357Z Compiling .pio/build/nodemcuv2/src/um_manager.cpp.o
2023-09-26T18:36:44.0103176Z Compiling .pio/build/nodemcuv2/src/usermod.cpp.o
2023-09-26T18:36:44.4207377Z Compiling .pio/build/nodemcuv2/src/usermods_list.cpp.o
2023-09-26T18:36:45.4096886Z Compiling .pio/build/nodemcuv2/src/util.cpp.o
2023-09-26T18:36:45.8327836Z Compiling .pio/build/nodemcuv2/src/wled.cpp.o
2023-09-26T18:36:47.1075128Z Compiling .pio/build/nodemcuv2/src/wled00.ino.cpp.o
2023-09-26T18:36:47.5367432Z Compiling .pio/build/nodemcuv2/src/wled_eeprom.cpp.o
2023-09-26T18:36:47.5647762Z Compiling .pio/build/nodemcuv2/src/wled_math.cpp.o
2023-09-26T18:36:48.0447748Z Compiling .pio/build/nodemcuv2/src/wled_serial.cpp.o
2023-09-26T18:36:48.5293732Z Compiling .pio/build/nodemcuv2/src/wled_server.cpp.o
2023-09-26T18:36:49.8274654Z Compiling .pio/build/nodemcuv2/src/ws.cpp.o
2023-09-26T18:36:51.3527190Z Compiling .pio/build/nodemcuv2/src/xml.cpp.o
2023-09-26T18:36:51.7363310Z Generating LD script .pio/build/nodemcuv2/ld/local.eagle.app.v6.common.ld
2023-09-26T18:36:51.7607708Z Compiling .pio/build/nodemcuv2/lib8f1/ESPAsyncTCP/AsyncPrinter.cpp.o
2023-09-26T18:36:52.4007347Z Compiling .pio/build/nodemcuv2/lib8f1/ESPAsyncTCP/ESPAsyncTCP.cpp.o
2023-09-26T18:36:53.1166770Z Compiling .pio/build/nodemcuv2/lib8f1/ESPAsyncTCP/ESPAsyncTCPbuffer.cpp.o
2023-09-26T18:36:53.2363324Z Compiling .pio/build/nodemcuv2/lib8f1/ESPAsyncTCP/SyncClient.cpp.o
2023-09-26T18:36:53.8127599Z Compiling .pio/build/nodemcuv2/lib8f1/ESPAsyncTCP/tcp_axtls.c.o
2023-09-26T18:36:53.8447313Z Compiling .pio/build/nodemcuv2/libf5d/ESPAsyncUDP/AsyncUDP.cpp.o
2023-09-26T18:36:53.9083638Z Archiving .pio/build/nodemcuv2/lib8f1/libESPAsyncTCP.a
2023-09-26T18:36:53.9172786Z Indexing .pio/build/nodemcuv2/lib8f1/libESPAsyncTCP.a
2023-09-26T18:36:53.9384001Z Compiling .pio/build/nodemcuv2/lib350/SoftwareSerial/SoftwareSerial.cpp.o
2023-09-26T18:36:54.4647859Z Archiving .pio/build/nodemcuv2/libf5d/libESPAsyncUDP.a
2023-09-26T18:36:54.4722592Z Indexing .pio/build/nodemcuv2/libf5d/libESPAsyncUDP.a
2023-09-26T18:36:54.4887348Z Compiling .pio/build/nodemcuv2/lib16a/SPI/SPI.cpp.o
2023-09-26T18:36:54.7932555Z Archiving .pio/build/nodemcuv2/lib350/libSoftwareSerial.a
2023-09-26T18:36:54.8008031Z Indexing .pio/build/nodemcuv2/lib350/libSoftwareSerial.a
2023-09-26T18:36:54.8367338Z Compiling .pio/build/nodemcuv2/libac4/IRremoteESP8266/IRac.cpp.o
2023-09-26T18:36:55.0487660Z Archiving .pio/build/nodemcuv2/lib16a/libSPI.a
2023-09-26T18:36:55.0565407Z Indexing .pio/build/nodemcuv2/lib16a/libSPI.a
2023-09-26T18:36:55.0729135Z Compiling .pio/build/nodemcuv2/libac4/IRremoteESP8266/IRrecv.cpp.o
2023-09-26T18:36:55.4847753Z Compiling .pio/build/nodemcuv2/libac4/IRremoteESP8266/IRsend.cpp.o
2023-09-26T18:36:55.7047317Z Compiling .pio/build/nodemcuv2/libac4/IRremoteESP8266/IRtext.cpp.o
2023-09-26T18:36:56.0047332Z Compiling .pio/build/nodemcuv2/libac4/IRremoteESP8266/IRtimer.cpp.o
2023-09-26T18:36:56.1557664Z Compiling .pio/build/nodemcuv2/libac4/IRremoteESP8266/IRutils.cpp.o
2023-09-26T18:36:56.4368099Z Compiling .pio/build/nodemcuv2/libac4/IRremoteESP8266/ir_Airton.cpp.o
2023-09-26T18:36:56.8797151Z Compiling .pio/build/nodemcuv2/libac4/IRremoteESP8266/ir_Airwell.cpp.o
2023-09-26T18:36:56.9367370Z Compiling .pio/build/nodemcuv2/libac4/IRremoteESP8266/ir_Aiwa.cpp.o
2023-09-26T18:36:57.3565599Z Compiling .pio/build/nodemcuv2/libac4/IRremoteESP8266/ir_Amcor.cpp.o
2023-09-26T18:36:57.3686976Z Compiling .pio/build/nodemcuv2/libac4/IRremoteESP8266/ir_Argo.cpp.o
2023-09-26T18:36:57.8447339Z Compiling .pio/build/nodemcuv2/libac4/IRremoteESP8266/ir_Arris.cpp.o
2023-09-26T18:36:57.8767779Z Compiling .pio/build/nodemcuv2/libac4/IRremoteESP8266/ir_Bose.cpp.o
2023-09-26T18:36:58.2728058Z Compiling .pio/build/nodemcuv2/libac4/IRremoteESP8266/ir_Carrier.cpp.o
2023-09-26T18:36:58.3008366Z Compiling .pio/build/nodemcuv2/libac4/IRremoteESP8266/ir_Coolix.cpp.o
2023-09-26T18:36:58.8500355Z Compiling .pio/build/nodemcuv2/libac4/IRremoteESP8266/ir_Corona.cpp.o
2023-09-26T18:36:58.8686686Z Compiling .pio/build/nodemcuv2/libac4/IRremoteESP8266/ir_Daikin.cpp.o
2023-09-26T18:36:59.4268440Z Compiling .pio/build/nodemcuv2/libac4/IRremoteESP8266/ir_Delonghi.cpp.o
2023-09-26T18:36:59.9607411Z Compiling .pio/build/nodemcuv2/libac4/IRremoteESP8266/ir_Denon.cpp.o
2023-09-26T18:37:00.0447387Z Compiling .pio/build/nodemcuv2/libac4/IRremoteESP8266/ir_Dish.cpp.o
2023-09-26T18:37:00.3865744Z Compiling .pio/build/nodemcuv2/libac4/IRremoteESP8266/ir_Doshisha.cpp.o
2023-09-26T18:37:00.4807851Z Compiling .pio/build/nodemcuv2/libac4/IRremoteESP8266/ir_Ecoclim.cpp.o
2023-09-26T18:37:00.8522453Z Compiling .pio/build/nodemcuv2/libac4/IRremoteESP8266/ir_Electra.cpp.o
2023-09-26T18:37:01.0629193Z Compiling .pio/build/nodemcuv2/libac4/IRremoteESP8266/ir_EliteScreens.cpp.o
2023-09-26T18:37:01.3847302Z Compiling .pio/build/nodemcuv2/libac4/IRremoteESP8266/ir_Epson.cpp.o
2023-09-26T18:37:01.4931174Z Compiling .pio/build/nodemcuv2/libac4/IRremoteESP8266/ir_Fujitsu.cpp.o
2023-09-26T18:37:01.8068011Z Compiling .pio/build/nodemcuv2/libac4/IRremoteESP8266/ir_GICable.cpp.o
2023-09-26T18:37:02.1159424Z Compiling .pio/build/nodemcuv2/libac4/IRremoteESP8266/ir_GlobalCache.cpp.o
2023-09-26T18:37:02.2407386Z Compiling .pio/build/nodemcuv2/libac4/IRremoteESP8266/ir_Goodweather.cpp.o
2023-09-26T18:37:02.4087553Z Compiling .pio/build/nodemcuv2/libac4/IRremoteESP8266/ir_Gree.cpp.o
2023-09-26T18:37:02.8196431Z Compiling .pio/build/nodemcuv2/libac4/IRremoteESP8266/ir_Haier.cpp.o
2023-09-26T18:37:02.9923392Z Compiling .pio/build/nodemcuv2/libac4/IRremoteESP8266/ir_Hitachi.cpp.o
2023-09-26T18:37:03.5406157Z Compiling .pio/build/nodemcuv2/libac4/IRremoteESP8266/ir_Inax.cpp.o
2023-09-26T18:37:03.7843009Z Compiling .pio/build/nodemcuv2/libac4/IRremoteESP8266/ir_JVC.cpp.o
2023-09-26T18:37:03.9647871Z Compiling .pio/build/nodemcuv2/libac4/IRremoteESP8266/ir_Kelon.cpp.o
2023-09-26T18:37:04.2168913Z Compiling .pio/build/nodemcuv2/libac4/IRremoteESP8266/ir_Kelvinator.cpp.o
2023-09-26T18:37:04.4927925Z Compiling .pio/build/nodemcuv2/libac4/IRremoteESP8266/ir_LG.cpp.o
2023-09-26T18:37:04.7942486Z Compiling .pio/build/nodemcuv2/libac4/IRremoteESP8266/ir_Lasertag.cpp.o
2023-09-26T18:37:05.1367862Z Compiling .pio/build/nodemcuv2/libac4/IRremoteESP8266/ir_Lego.cpp.o
2023-09-26T18:37:05.2278224Z Compiling .pio/build/nodemcuv2/libac4/IRremoteESP8266/ir_Lutron.cpp.o
2023-09-26T18:37:05.5682783Z Compiling .pio/build/nodemcuv2/libac4/IRremoteESP8266/ir_MWM.cpp.o
2023-09-26T18:37:05.6560935Z Compiling .pio/build/nodemcuv2/libac4/IRremoteESP8266/ir_Magiquest.cpp.o
2023-09-26T18:37:05.9967352Z Compiling .pio/build/nodemcuv2/libac4/IRremoteESP8266/ir_Metz.cpp.o
2023-09-26T18:37:06.0847649Z Compiling .pio/build/nodemcuv2/libac4/IRremoteESP8266/ir_Midea.cpp.o
2023-09-26T18:37:06.4287454Z Compiling .pio/build/nodemcuv2/libac4/IRremoteESP8266/ir_MilesTag2.cpp.o
2023-09-26T18:37:06.6927411Z Compiling .pio/build/nodemcuv2/libac4/IRremoteESP8266/ir_Mirage.cpp.o
2023-09-26T18:37:06.8645827Z Compiling .pio/build/nodemcuv2/libac4/IRremoteESP8266/ir_Mitsubishi.cpp.o
2023-09-26T18:37:07.1255565Z Compiling .pio/build/nodemcuv2/libac4/IRremoteESP8266/ir_MitsubishiHeavy.cpp.o
2023-09-26T18:37:07.5567358Z Compiling .pio/build/nodemcuv2/libac4/IRremoteESP8266/ir_Multibrackets.cpp.o
2023-09-26T18:37:07.7607721Z Compiling .pio/build/nodemcuv2/libac4/IRremoteESP8266/ir_NEC.cpp.o
2023-09-26T18:37:07.9920416Z Compiling .pio/build/nodemcuv2/libac4/IRremoteESP8266/ir_Neoclima.cpp.o
2023-09-26T18:37:08.2066208Z Compiling .pio/build/nodemcuv2/libac4/IRremoteESP8266/ir_Nikai.cpp.o
2023-09-26T18:37:08.5607415Z Compiling .pio/build/nodemcuv2/libac4/IRremoteESP8266/ir_Panasonic.cpp.o
2023-09-26T18:37:08.6367525Z Compiling .pio/build/nodemcuv2/libac4/IRremoteESP8266/ir_Pioneer.cpp.o
2023-09-26T18:37:09.0647663Z Compiling .pio/build/nodemcuv2/libac4/IRremoteESP8266/ir_Pronto.cpp.o
2023-09-26T18:37:09.1887329Z Compiling .pio/build/nodemcuv2/libac4/IRremoteESP8266/ir_RC5_RC6.cpp.o
2023-09-26T18:37:09.3598238Z Compiling .pio/build/nodemcuv2/libac4/IRremoteESP8266/ir_RCMM.cpp.o
2023-09-26T18:37:09.6287298Z Compiling .pio/build/nodemcuv2/libac4/IRremoteESP8266/ir_Rhoss.cpp.o
2023-09-26T18:37:09.7927487Z Compiling .pio/build/nodemcuv2/libac4/IRremoteESP8266/ir_Samsung.cpp.o
2023-09-26T18:37:10.1247589Z Compiling .pio/build/nodemcuv2/libac4/IRremoteESP8266/ir_Sanyo.cpp.o
2023-09-26T18:37:10.4127513Z Compiling .pio/build/nodemcuv2/libac4/IRremoteESP8266/ir_Sharp.cpp.o
2023-09-26T18:37:10.7087342Z Compiling .pio/build/nodemcuv2/libac4/IRremoteESP8266/ir_Sherwood.cpp.o
2023-09-26T18:37:10.9968250Z Compiling .pio/build/nodemcuv2/libac4/IRremoteESP8266/ir_Sony.cpp.o
2023-09-26T18:37:11.0139723Z Compiling .pio/build/nodemcuv2/libac4/IRremoteESP8266/ir_Symphony.cpp.o
2023-09-26T18:37:11.4377495Z Compiling .pio/build/nodemcuv2/libac4/IRremoteESP8266/ir_Tcl.cpp.o
2023-09-26T18:37:11.4527140Z Compiling .pio/build/nodemcuv2/libac4/IRremoteESP8266/ir_Technibel.cpp.o
2023-09-26T18:37:11.9607236Z Compiling .pio/build/nodemcuv2/libac4/IRremoteESP8266/ir_Teco.cpp.o
2023-09-26T18:37:11.9968135Z Compiling .pio/build/nodemcuv2/libac4/IRremoteESP8266/ir_Teknopoint.cpp.o
2023-09-26T18:37:12.4287299Z Compiling .pio/build/nodemcuv2/libac4/IRremoteESP8266/ir_Toshiba.cpp.o
2023-09-26T18:37:12.4727513Z Compiling .pio/build/nodemcuv2/libac4/IRremoteESP8266/ir_Transcold.cpp.o
2023-09-26T18:37:12.9819555Z Compiling .pio/build/nodemcuv2/libac4/IRremoteESP8266/ir_Trotec.cpp.o
2023-09-26T18:37:13.0125552Z Compiling .pio/build/nodemcuv2/libac4/IRremoteESP8266/ir_Truma.cpp.o
2023-09-26T18:37:13.5087470Z Compiling .pio/build/nodemcuv2/libac4/IRremoteESP8266/ir_Vestel.cpp.o
2023-09-26T18:37:13.5368056Z Compiling .pio/build/nodemcuv2/libac4/IRremoteESP8266/ir_Voltas.cpp.o
2023-09-26T18:37:14.0887353Z Compiling .pio/build/nodemcuv2/libac4/IRremoteESP8266/ir_Whirlpool.cpp.o
2023-09-26T18:37:14.1074292Z Compiling .pio/build/nodemcuv2/libac4/IRremoteESP8266/ir_Whynter.cpp.o
2023-09-26T18:37:14.5368208Z Compiling .pio/build/nodemcuv2/libac4/IRremoteESP8266/ir_Xmp.cpp.o
2023-09-26T18:37:14.6607566Z Compiling .pio/build/nodemcuv2/libac4/IRremoteESP8266/ir_Zepeal.cpp.o
2023-09-26T18:37:14.9967466Z Compiling .pio/build/nodemcuv2/lib971/NeoPixelBus/internal/animations/NeoPixelAnimator.cpp.o
2023-09-26T18:37:15.0967770Z Archiving .pio/build/nodemcuv2/libac4/libIRremoteESP8266.a
2023-09-26T18:37:15.1317635Z Indexing .pio/build/nodemcuv2/libac4/libIRremoteESP8266.a
2023-09-26T18:37:15.1647984Z Compiling .pio/build/nodemcuv2/lib971/NeoPixelBus/internal/colors/HsbColor.cpp.o
2023-09-26T18:37:15.5991671Z Compiling .pio/build/nodemcuv2/lib971/NeoPixelBus/internal/colors/HslColor.cpp.o
2023-09-26T18:37:15.6204598Z Compiling .pio/build/nodemcuv2/lib971/NeoPixelBus/internal/colors/HtmlColor.cpp.o
2023-09-26T18:37:16.0593171Z Compiling .pio/build/nodemcuv2/lib971/NeoPixelBus/internal/colors/HtmlColorNameStrings.cpp.o
2023-09-26T18:37:16.0757163Z Compiling .pio/build/nodemcuv2/lib971/NeoPixelBus/internal/colors/HtmlColorNames.cpp.o
2023-09-26T18:37:16.4928072Z Compiling .pio/build/nodemcuv2/lib971/NeoPixelBus/internal/colors/HtmlColorShortNames.cpp.o
2023-09-26T18:37:16.5168419Z Compiling .pio/build/nodemcuv2/lib971/NeoPixelBus/internal/colors/NeoGammaDynamicTableMethod.cpp.o
2023-09-26T18:37:16.9321727Z Compiling .pio/build/nodemcuv2/lib971/NeoPixelBus/internal/colors/NeoGammaTableMethod.cpp.o
2023-09-26T18:37:16.9487362Z Compiling .pio/build/nodemcuv2/lib971/NeoPixelBus/internal/colors/Rgb48Color.cpp.o
2023-09-26T18:37:17.3648244Z Compiling .pio/build/nodemcuv2/lib971/NeoPixelBus/internal/colors/RgbColor.cpp.o
2023-09-26T18:37:17.4287423Z Compiling .pio/build/nodemcuv2/lib971/NeoPixelBus/internal/colors/RgbColorBase.cpp.o
2023-09-26T18:37:17.8487373Z Compiling .pio/build/nodemcuv2/lib971/NeoPixelBus/internal/colors/Rgbw64Color.cpp.o
2023-09-26T18:37:17.8863872Z Compiling .pio/build/nodemcuv2/lib971/NeoPixelBus/internal/colors/RgbwColor.cpp.o
2023-09-26T18:37:18.3407525Z Compiling .pio/build/nodemcuv2/lib971/NeoPixelBus/internal/colors/SegmentDigit.cpp.o
2023-09-26T18:37:18.3768015Z Compiling .pio/build/nodemcuv2/lib971/NeoPixelBus/internal/methods/Esp32_i2s.c.o
2023-09-26T18:37:18.4047663Z Compiling .pio/build/nodemcuv2/lib971/NeoPixelBus/internal/methods/NeoEsp32RmtMethod.cpp.o
2023-09-26T18:37:18.8156579Z Compiling .pio/build/nodemcuv2/lib971/NeoPixelBus/internal/methods/NeoEsp8266I2sMethodCore.cpp.o
2023-09-26T18:37:18.8310670Z Compiling .pio/build/nodemcuv2/lib971/NeoPixelBus/internal/methods/NeoEsp8266UartMethod.cpp.o
2023-09-26T18:37:19.2613381Z Compiling .pio/build/nodemcuv2/lib971/NeoPixelBus/internal/methods/NeoEspBitBangMethod.cpp.o
2023-09-26T18:37:19.2928562Z Compiling .pio/build/nodemcuv2/lib971/NeoPixelBus/internal/methods/NeoPixelAvr.c.o
2023-09-26T18:37:19.3246819Z Compiling .pio/build/nodemcuv2/libd9c/Hash/Hash.cpp.o
2023-09-26T18:37:19.7001602Z Archiving .pio/build/nodemcuv2/lib971/libNeoPixelBus.a
2023-09-26T18:37:19.7097719Z Indexing .pio/build/nodemcuv2/lib971/libNeoPixelBus.a
2023-09-26T18:37:19.7327884Z Compiling .pio/build/nodemcuv2/lib9e9/ESP8266WiFi/BearSSLHelpers.cpp.o
2023-09-26T18:37:19.7634455Z Archiving .pio/build/nodemcuv2/libd9c/libHash.a
2023-09-26T18:37:19.7704481Z Indexing .pio/build/nodemcuv2/libd9c/libHash.a
2023-09-26T18:37:19.7868356Z Compiling .pio/build/nodemcuv2/lib9e9/ESP8266WiFi/CertStoreBearSSL.cpp.o
2023-09-26T18:37:20.3526194Z Compiling .pio/build/nodemcuv2/lib9e9/ESP8266WiFi/ESP8266WiFi.cpp.o
2023-09-26T18:37:20.6188297Z Compiling .pio/build/nodemcuv2/lib9e9/ESP8266WiFi/ESP8266WiFiAP.cpp.o
2023-09-26T18:37:20.9569304Z Compiling .pio/build/nodemcuv2/lib9e9/ESP8266WiFi/ESP8266WiFiGeneric.cpp.o
2023-09-26T18:37:21.2488554Z Compiling .pio/build/nodemcuv2/lib9e9/ESP8266WiFi/ESP8266WiFiGratuitous.cpp.o
2023-09-26T18:37:21.5807650Z Compiling .pio/build/nodemcuv2/lib9e9/ESP8266WiFi/ESP8266WiFiMulti.cpp.o
2023-09-26T18:37:22.0868051Z Compiling .pio/build/nodemcuv2/lib9e9/ESP8266WiFi/ESP8266WiFiSTA-WPS.cpp.o
2023-09-26T18:37:22.2727826Z Compiling .pio/build/nodemcuv2/lib9e9/ESP8266WiFi/ESP8266WiFiSTA.cpp.o
2023-09-26T18:37:22.7084887Z Compiling .pio/build/nodemcuv2/lib9e9/ESP8266WiFi/ESP8266WiFiScan.cpp.o
2023-09-26T18:37:22.9607910Z Compiling .pio/build/nodemcuv2/lib9e9/ESP8266WiFi/WiFiClient.cpp.o
2023-09-26T18:37:23.3567237Z Compiling .pio/build/nodemcuv2/lib9e9/ESP8266WiFi/WiFiClientSecureBearSSL.cpp.o
2023-09-26T18:37:23.8087471Z Compiling .pio/build/nodemcuv2/lib9e9/ESP8266WiFi/WiFiServer.cpp.o
2023-09-26T18:37:24.4539485Z Compiling .pio/build/nodemcuv2/lib9e9/ESP8266WiFi/WiFiServerSecureBearSSL.cpp.o
2023-09-26T18:37:24.5319785Z Compiling .pio/build/nodemcuv2/lib9e9/ESP8266WiFi/WiFiUdp.cpp.o
2023-09-26T18:37:25.1328283Z Compiling .pio/build/nodemcuv2/lib9e9/ESP8266WiFi/enable_wifi_at_boot_time.cpp.o
2023-09-26T18:37:25.2488011Z Compiling .pio/build/nodemcuv2/libbc1/LittleFS/LittleFS.cpp.o
2023-09-26T18:37:25.7087602Z Archiving .pio/build/nodemcuv2/lib9e9/libESP8266WiFi.a
2023-09-26T18:37:25.7237691Z Indexing .pio/build/nodemcuv2/lib9e9/libESP8266WiFi.a
2023-09-26T18:37:25.7406579Z Compiling .pio/build/nodemcuv2/libbc1/LittleFS/lfs.c.o
2023-09-26T18:37:25.7943426Z In file included from /home/runner/.platformio/packages/framework-arduinoespressif8266/libraries/LittleFS/src/lfs.c:10:
2023-09-26T18:37:25.7944501Z /home/runner/.platformio/packages/framework-arduinoespressif8266/libraries/LittleFS/src/../lib/littlefs/lfs.c:450:13: warning: 'lfs_mlist_isopen' defined but not used [-Wunused-function]
2023-09-26T18:37:25.7945174Z   450 | static bool lfs_mlist_isopen(struct lfs_mlist *head,
2023-09-26T18:37:25.7945876Z       |             ^~~~~~~~~~~~~~~~
2023-09-26T18:37:26.1647416Z Compiling .pio/build/nodemcuv2/libbc1/LittleFS/lfs_util.c.o
2023-09-26T18:37:26.2127624Z Compiling .pio/build/nodemcuv2/libe73/ESPAsyncWebServerAircoookie/AsyncEventSource.cpp.o
2023-09-26T18:37:26.5167527Z Archiving .pio/build/nodemcuv2/libbc1/libLittleFS.a
2023-09-26T18:37:26.5247028Z Indexing .pio/build/nodemcuv2/libbc1/libLittleFS.a
2023-09-26T18:37:26.5448236Z Compiling .pio/build/nodemcuv2/libe73/ESPAsyncWebServerAircoookie/AsyncWebSocket.cpp.o
2023-09-26T18:37:27.1047628Z Compiling .pio/build/nodemcuv2/libe73/ESPAsyncWebServerAircoookie/SPIFFSEditor.cpp.o
2023-09-26T18:37:27.8156538Z Compiling .pio/build/nodemcuv2/libe73/ESPAsyncWebServerAircoookie/WebAuthentication.cpp.o
2023-09-26T18:37:27.9168211Z Compiling .pio/build/nodemcuv2/libe73/ESPAsyncWebServerAircoookie/WebHandlers.cpp.o
2023-09-26T18:37:28.3247978Z Compiling .pio/build/nodemcuv2/libe73/ESPAsyncWebServerAircoookie/WebRequest.cpp.o
2023-09-26T18:37:28.7047715Z Compiling .pio/build/nodemcuv2/libe73/ESPAsyncWebServerAircoookie/WebResponses.cpp.o
2023-09-26T18:37:29.6087929Z Compiling .pio/build/nodemcuv2/libe73/ESPAsyncWebServerAircoookie/WebServer.cpp.o
2023-09-26T18:37:29.8281833Z Compiling .pio/build/nodemcuv2/lib281/QuickEspNow/QuickEspNow_esp32.cpp.o
2023-09-26T18:37:30.4087304Z Compiling .pio/build/nodemcuv2/lib281/QuickEspNow/QuickEspNow_esp8266.cpp.o
2023-09-26T18:37:30.4632950Z Archiving .pio/build/nodemcuv2/libe73/libESPAsyncWebServerAircoookie.a
2023-09-26T18:37:30.4756381Z Indexing .pio/build/nodemcuv2/libe73/libESPAsyncWebServerAircoookie.a
2023-09-26T18:37:30.4997078Z Compiling .pio/build/nodemcuv2/lib666/Wire/Wire.cpp.o
2023-09-26T18:37:30.9890307Z Archiving .pio/build/nodemcuv2/lib666/libWire.a
2023-09-26T18:37:30.9966500Z Indexing .pio/build/nodemcuv2/lib666/libWire.a
2023-09-26T18:37:31.0221183Z Compiling .pio/build/nodemcuv2/libfe3/ESP8266SdFat/ExFatLib/ExFatDbg.cpp.o
2023-09-26T18:37:31.0967536Z Archiving .pio/build/nodemcuv2/lib281/libQuickEspNow.a
2023-09-26T18:37:31.1047699Z Indexing .pio/build/nodemcuv2/lib281/libQuickEspNow.a
2023-09-26T18:37:31.1207348Z Compiling .pio/build/nodemcuv2/libfe3/ESP8266SdFat/ExFatLib/ExFatFile.cpp.o
2023-09-26T18:37:31.6447474Z Compiling .pio/build/nodemcuv2/libfe3/ESP8266SdFat/ExFatLib/ExFatFilePrint.cpp.o
2023-09-26T18:37:31.7328114Z Compiling .pio/build/nodemcuv2/libfe3/ESP8266SdFat/ExFatLib/ExFatFileWrite.cpp.o
2023-09-26T18:37:32.1487371Z Compiling .pio/build/nodemcuv2/libfe3/ESP8266SdFat/ExFatLib/ExFatFormatter.cpp.o
2023-09-26T18:37:32.3408440Z Compiling .pio/build/nodemcuv2/libfe3/ESP8266SdFat/ExFatLib/ExFatName.cpp.o
2023-09-26T18:37:32.6888244Z Compiling .pio/build/nodemcuv2/libfe3/ESP8266SdFat/ExFatLib/ExFatPartition.cpp.o
2023-09-26T18:37:32.8406929Z Compiling .pio/build/nodemcuv2/libfe3/ESP8266SdFat/ExFatLib/ExFatVolume.cpp.o
2023-09-26T18:37:33.2322397Z Compiling .pio/build/nodemcuv2/libfe3/ESP8266SdFat/FatLib/FatDbg.cpp.o
2023-09-26T18:37:33.2964458Z Compiling .pio/build/nodemcuv2/libfe3/ESP8266SdFat/FatLib/FatFile.cpp.o
2023-09-26T18:37:33.7728959Z Compiling .pio/build/nodemcuv2/libfe3/ESP8266SdFat/FatLib/FatFileLFN.cpp.o
2023-09-26T18:37:34.0490564Z Compiling .pio/build/nodemcuv2/libfe3/ESP8266SdFat/FatLib/FatFilePrint.cpp.o
2023-09-26T18:37:34.3448211Z Compiling .pio/build/nodemcuv2/libfe3/ESP8266SdFat/FatLib/FatFileSFN.cpp.o
2023-09-26T18:37:34.5279448Z Compiling .pio/build/nodemcuv2/libfe3/ESP8266SdFat/FatLib/FatFormatter.cpp.o
2023-09-26T18:37:34.8538881Z Compiling .pio/build/nodemcuv2/libfe3/ESP8266SdFat/FatLib/FatName.cpp.o
2023-09-26T18:37:35.0407821Z Compiling .pio/build/nodemcuv2/libfe3/ESP8266SdFat/FatLib/FatPartition.cpp.o
2023-09-26T18:37:35.3800276Z Compiling .pio/build/nodemcuv2/libfe3/ESP8266SdFat/FatLib/FatVolume.cpp.o
2023-09-26T18:37:35.5627865Z Compiling .pio/build/nodemcuv2/libfe3/ESP8266SdFat/FreeStack.cpp.o
2023-09-26T18:37:35.8328080Z Compiling .pio/build/nodemcuv2/libfe3/ESP8266SdFat/FsLib/FsFile.cpp.o
2023-09-26T18:37:35.9767655Z Compiling .pio/build/nodemcuv2/libfe3/ESP8266SdFat/FsLib/FsNew.cpp.o
2023-09-26T18:37:36.0127652Z Compiling .pio/build/nodemcuv2/libfe3/ESP8266SdFat/FsLib/FsVolume.cpp.o
2023-09-26T18:37:36.3510422Z Compiling .pio/build/nodemcuv2/libfe3/ESP8266SdFat/MinimumSerial.cpp.o
2023-09-26T18:37:36.5351738Z Compiling .pio/build/nodemcuv2/libfe3/ESP8266SdFat/SdCard/SdCardInfo.cpp.o
2023-09-26T18:37:36.7728395Z Compiling .pio/build/nodemcuv2/libfe3/ESP8266SdFat/SdCard/SdSpiCard.cpp.o
2023-09-26T18:37:36.9887458Z Compiling .pio/build/nodemcuv2/libfe3/ESP8266SdFat/SdCard/SdioTeensy.cpp.o
2023-09-26T18:37:37.0168483Z Compiling .pio/build/nodemcuv2/libfe3/ESP8266SdFat/SpiDriver/SdSpiArtemis.cpp.o
2023-09-26T18:37:37.3327652Z Compiling .pio/build/nodemcuv2/libfe3/ESP8266SdFat/SpiDriver/SdSpiChipSelect.cpp.o
2023-09-26T18:37:37.4473838Z Compiling .pio/build/nodemcuv2/libfe3/ESP8266SdFat/SpiDriver/SdSpiDue.cpp.o
2023-09-26T18:37:37.7647344Z Compiling .pio/build/nodemcuv2/libfe3/ESP8266SdFat/SpiDriver/SdSpiESP.cpp.o
2023-09-26T18:37:37.8687764Z Compiling .pio/build/nodemcuv2/libfe3/ESP8266SdFat/SpiDriver/SdSpiParticle.cpp.o
2023-09-26T18:37:38.2007543Z Compiling .pio/build/nodemcuv2/libfe3/ESP8266SdFat/SpiDriver/SdSpiSTM32.cpp.o
2023-09-26T18:37:38.2967519Z Compiling .pio/build/nodemcuv2/libfe3/ESP8266SdFat/SpiDriver/SdSpiSTM32Core.cpp.o
2023-09-26T18:37:38.6287934Z Compiling .pio/build/nodemcuv2/libfe3/ESP8266SdFat/SpiDriver/SdSpiTeensy3.cpp.o
2023-09-26T18:37:38.7287330Z Compiling .pio/build/nodemcuv2/libfe3/ESP8266SdFat/common/FmtNumber.cpp.o
2023-09-26T18:37:38.9887432Z Compiling .pio/build/nodemcuv2/libfe3/ESP8266SdFat/common/FsCache.cpp.o
2023-09-26T18:37:39.0567559Z Compiling .pio/build/nodemcuv2/libfe3/ESP8266SdFat/common/FsDateTime.cpp.o
2023-09-26T18:37:39.4287574Z Compiling .pio/build/nodemcuv2/libfe3/ESP8266SdFat/common/FsName.cpp.o
2023-09-26T18:37:39.5349391Z Compiling .pio/build/nodemcuv2/libfe3/ESP8266SdFat/common/FsStructs.cpp.o
2023-09-26T18:37:39.5727419Z Compiling .pio/build/nodemcuv2/libfe3/ESP8266SdFat/common/FsUtf.cpp.o
2023-09-26T18:37:39.6247772Z Compiling .pio/build/nodemcuv2/libfe3/ESP8266SdFat/common/upcase.cpp.o
2023-09-26T18:37:39.6750160Z Compiling .pio/build/nodemcuv2/libfe3/ESP8266SdFat/iostream/StdioStream.cpp.o
2023-09-26T18:37:39.8607813Z Compiling .pio/build/nodemcuv2/libfe3/ESP8266SdFat/iostream/StreamBaseClass.cpp.o
2023-09-26T18:37:40.2462775Z Compiling .pio/build/nodemcuv2/libfe3/ESP8266SdFat/iostream/istream.cpp.o
2023-09-26T18:37:40.3807861Z Compiling .pio/build/nodemcuv2/libfe3/ESP8266SdFat/iostream/ostream.cpp.o
2023-09-26T18:37:40.8368361Z Compiling .pio/build/nodemcuv2/lib5b3/SDFS/SDFS.cpp.o
2023-09-26T18:37:40.9390505Z Archiving .pio/build/nodemcuv2/libfe3/libESP8266SdFat.a
2023-09-26T18:37:40.9543002Z Indexing .pio/build/nodemcuv2/libfe3/libESP8266SdFat.a
2023-09-26T18:37:40.9872472Z Compiling .pio/build/nodemcuv2/libdb9/SD/SD.cpp.o
2023-09-26T18:37:41.5468060Z Archiving .pio/build/nodemcuv2/libdb9/libSD.a
2023-09-26T18:37:41.5526974Z Indexing .pio/build/nodemcuv2/libdb9/libSD.a
2023-09-26T18:37:41.5687088Z Compiling .pio/build/nodemcuv2/lib791/EEPROM/EEPROM.cpp.o
2023-09-26T18:37:41.7439885Z Archiving .pio/build/nodemcuv2/lib5b3/libSDFS.a
2023-09-26T18:37:41.7527338Z Indexing .pio/build/nodemcuv2/lib5b3/libSDFS.a
2023-09-26T18:37:41.7767130Z Compiling .pio/build/nodemcuv2/lib6eb/ESP8266mDNS/ESP8266mDNS.cpp.o
2023-09-26T18:37:42.0087389Z Archiving .pio/build/nodemcuv2/lib791/libEEPROM.a
2023-09-26T18:37:42.0167341Z Indexing .pio/build/nodemcuv2/lib791/libEEPROM.a
2023-09-26T18:37:42.0327296Z Compiling .pio/build/nodemcuv2/lib6eb/ESP8266mDNS/LEAmDNS.cpp.o
2023-09-26T18:37:42.4687445Z Compiling .pio/build/nodemcuv2/lib6eb/ESP8266mDNS/LEAmDNS_Control.cpp.o
2023-09-26T18:37:43.0487649Z Compiling .pio/build/nodemcuv2/lib6eb/ESP8266mDNS/LEAmDNS_Helpers.cpp.o
2023-09-26T18:37:43.4367972Z Compiling .pio/build/nodemcuv2/lib6eb/ESP8266mDNS/LEAmDNS_Structs.cpp.o
2023-09-26T18:37:43.9007265Z Compiling .pio/build/nodemcuv2/lib6eb/ESP8266mDNS/LEAmDNS_Transfer.cpp.o
2023-09-26T18:37:44.4322046Z Compiling .pio/build/nodemcuv2/libe12/ArduinoOTA/ArduinoOTA.cpp.o
2023-09-26T18:37:44.8404241Z Archiving .pio/build/nodemcuv2/lib6eb/libESP8266mDNS.a
2023-09-26T18:37:44.8484332Z Indexing .pio/build/nodemcuv2/lib6eb/libESP8266mDNS.a
2023-09-26T18:37:44.8780011Z Compiling .pio/build/nodemcuv2/lib811/DNSServer/DNSServer.cpp.o
2023-09-26T18:37:45.4039998Z Archiving .pio/build/nodemcuv2/libe12/libArduinoOTA.a
2023-09-26T18:37:45.4139136Z Indexing .pio/build/nodemcuv2/libe12/libArduinoOTA.a
2023-09-26T18:37:45.4288589Z Compiling .pio/build/nodemcuv2/libd36/ESP8266WebServer/detail/mimetable.cpp.o
2023-09-26T18:37:45.5047367Z Archiving .pio/build/nodemcuv2/libd36/libESP8266WebServer.a
2023-09-26T18:37:45.5127429Z Indexing .pio/build/nodemcuv2/libd36/libESP8266WebServer.a
2023-09-26T18:37:45.5207002Z Archiving .pio/build/nodemcuv2/libFrameworkArduinoVariant.a
2023-09-26T18:37:45.5284922Z Indexing .pio/build/nodemcuv2/libFrameworkArduinoVariant.a
2023-09-26T18:37:45.5526762Z Compiling .pio/build/nodemcuv2/FrameworkArduino/Crypto.cpp.o
2023-09-26T18:37:45.5875611Z Archiving .pio/build/nodemcuv2/lib811/libDNSServer.a
2023-09-26T18:37:45.5927687Z Indexing .pio/build/nodemcuv2/lib811/libDNSServer.a
2023-09-26T18:37:45.6087594Z Compiling .pio/build/nodemcuv2/FrameworkArduino/Esp-frag.cpp.o
2023-09-26T18:37:46.0650704Z Compiling .pio/build/nodemcuv2/FrameworkArduino/Esp-version.cpp.o
2023-09-26T18:37:46.1207307Z Compiling .pio/build/nodemcuv2/FrameworkArduino/Esp.cpp.o
2023-09-26T18:37:46.5008008Z Compiling .pio/build/nodemcuv2/FrameworkArduino/FS.cpp.o
2023-09-26T18:37:46.7727478Z Compiling .pio/build/nodemcuv2/FrameworkArduino/FSnoop.cpp.o
2023-09-26T18:37:47.1887353Z Compiling .pio/build/nodemcuv2/FrameworkArduino/FunctionalInterrupt.cpp.o
2023-09-26T18:37:47.2527413Z Compiling .pio/build/nodemcuv2/FrameworkArduino/HardwareSerial.cpp.o
2023-09-26T18:37:47.6767397Z Compiling .pio/build/nodemcuv2/FrameworkArduino/IPAddress.cpp.o
2023-09-26T18:37:47.7275361Z Compiling .pio/build/nodemcuv2/FrameworkArduino/LwipDhcpServer-NonOS.cpp.o
2023-09-26T18:37:47.8567751Z Compiling .pio/build/nodemcuv2/FrameworkArduino/LwipDhcpServer.cpp.o
2023-09-26T18:37:48.1208569Z Compiling .pio/build/nodemcuv2/FrameworkArduino/LwipIntf.cpp.o
2023-09-26T18:37:48.2006928Z Compiling .pio/build/nodemcuv2/FrameworkArduino/LwipIntfCB.cpp.o
2023-09-26T18:37:48.4645256Z Compiling .pio/build/nodemcuv2/FrameworkArduino/MD5Builder.cpp.o
2023-09-26T18:37:48.5806458Z Compiling .pio/build/nodemcuv2/FrameworkArduino/Print.cpp.o
2023-09-26T18:37:49.0286029Z Compiling .pio/build/nodemcuv2/FrameworkArduino/Schedule.cpp.o
2023-09-26T18:37:49.0887971Z Compiling .pio/build/nodemcuv2/FrameworkArduino/StackThunk.cpp.o
2023-09-26T18:37:49.1648400Z Compiling .pio/build/nodemcuv2/FrameworkArduino/Stream.cpp.o
2023-09-26T18:37:49.5204902Z Compiling .pio/build/nodemcuv2/FrameworkArduino/StreamSend.cpp.o
2023-09-26T18:37:49.6515713Z Compiling .pio/build/nodemcuv2/FrameworkArduino/Tone.cpp.o
2023-09-26T18:37:50.0768663Z Compiling .pio/build/nodemcuv2/FrameworkArduino/TypeConversion.cpp.o
2023-09-26T18:37:50.1082056Z Compiling .pio/build/nodemcuv2/FrameworkArduino/Updater.cpp.o
2023-09-26T18:37:50.5208792Z Compiling .pio/build/nodemcuv2/FrameworkArduino/WMath.cpp.o
2023-09-26T18:37:50.7434056Z Compiling .pio/build/nodemcuv2/FrameworkArduino/WString.cpp.o
2023-09-26T18:37:50.9687274Z Compiling .pio/build/nodemcuv2/FrameworkArduino/abi.cpp.o
2023-09-26T18:37:51.4080034Z Compiling .pio/build/nodemcuv2/FrameworkArduino/aes_unwrap.cpp.o
2023-09-26T18:37:51.4647449Z Compiling .pio/build/nodemcuv2/FrameworkArduino/base64.cpp.o
2023-09-26T18:37:51.4847290Z Compiling .pio/build/nodemcuv2/FrameworkArduino/cbuf.cpp.o
2023-09-26T18:37:51.5927406Z Compiling .pio/build/nodemcuv2/FrameworkArduino/cont.S.o
2023-09-26T18:37:51.6207463Z Compiling .pio/build/nodemcuv2/FrameworkArduino/cont_util.cpp.o
2023-09-26T18:37:51.6727310Z Compiling .pio/build/nodemcuv2/FrameworkArduino/core_esp8266_app_entry_noextra4k.cpp.o
2023-09-26T18:37:51.8994191Z Compiling .pio/build/nodemcuv2/FrameworkArduino/core_esp8266_eboot_command.cpp.o
2023-09-26T18:37:51.9625921Z Compiling .pio/build/nodemcuv2/FrameworkArduino/core_esp8266_features.cpp.o
2023-09-26T18:37:52.0039047Z Compiling .pio/build/nodemcuv2/FrameworkArduino/core_esp8266_flash_quirks.cpp.o
2023-09-26T18:37:52.0407296Z Compiling .pio/build/nodemcuv2/FrameworkArduino/core_esp8266_flash_utils.cpp.o
2023-09-26T18:37:52.0807229Z Compiling .pio/build/nodemcuv2/FrameworkArduino/core_esp8266_i2s.cpp.o
2023-09-26T18:37:52.1968170Z Compiling .pio/build/nodemcuv2/FrameworkArduino/core_esp8266_main.cpp.o
2023-09-26T18:37:52.6289583Z Compiling .pio/build/nodemcuv2/FrameworkArduino/core_esp8266_non32xfer.cpp.o
2023-09-26T18:37:52.6765960Z Compiling .pio/build/nodemcuv2/FrameworkArduino/core_esp8266_noniso.cpp.o
2023-09-26T18:37:52.8725968Z Compiling .pio/build/nodemcuv2/FrameworkArduino/core_esp8266_phy.cpp.o
2023-09-26T18:37:52.9477476Z Compiling .pio/build/nodemcuv2/FrameworkArduino/core_esp8266_postmortem.cpp.o
2023-09-26T18:37:53.0648132Z Compiling .pio/build/nodemcuv2/FrameworkArduino/core_esp8266_si2c.cpp.o
2023-09-26T18:37:53.3131605Z Compiling .pio/build/nodemcuv2/FrameworkArduino/core_esp8266_sigma_delta.cpp.o
2023-09-26T18:37:53.6446292Z Compiling .pio/build/nodemcuv2/FrameworkArduino/core_esp8266_spi_utils.cpp.o
2023-09-26T18:37:53.7088047Z Compiling .pio/build/nodemcuv2/FrameworkArduino/core_esp8266_timer.cpp.o
2023-09-26T18:37:53.7645955Z Compiling .pio/build/nodemcuv2/FrameworkArduino/core_esp8266_vm.cpp.o
2023-09-26T18:37:53.7925933Z Compiling .pio/build/nodemcuv2/FrameworkArduino/core_esp8266_waveform_phase.cpp.o
2023-09-26T18:37:54.1487564Z Compiling .pio/build/nodemcuv2/FrameworkArduino/core_esp8266_waveform_pwm.cpp.o
2023-09-26T18:37:54.3257253Z Compiling .pio/build/nodemcuv2/FrameworkArduino/core_esp8266_wiring.cpp.o
2023-09-26T18:37:54.7007370Z Compiling .pio/build/nodemcuv2/FrameworkArduino/core_esp8266_wiring_analog.cpp.o
2023-09-26T18:37:54.7723149Z Compiling .pio/build/nodemcuv2/FrameworkArduino/core_esp8266_wiring_digital.cpp.o
2023-09-26T18:37:55.1367406Z Compiling .pio/build/nodemcuv2/FrameworkArduino/core_esp8266_wiring_pulse.cpp.o
2023-09-26T18:37:55.2767672Z Compiling .pio/build/nodemcuv2/FrameworkArduino/core_esp8266_wiring_pwm.cpp.o
2023-09-26T18:37:55.5687410Z Compiling .pio/build/nodemcuv2/FrameworkArduino/core_esp8266_wiring_shift.cpp.o
2023-09-26T18:37:55.7188630Z Compiling .pio/build/nodemcuv2/FrameworkArduino/crc32.cpp.o
2023-09-26T18:37:55.9988415Z Compiling .pio/build/nodemcuv2/FrameworkArduino/debug.cpp.o
2023-09-26T18:37:56.0207993Z Compiling .pio/build/nodemcuv2/FrameworkArduino/exc-c-wrapper-handler.S.o
2023-09-26T18:37:56.0527636Z Compiling .pio/build/nodemcuv2/FrameworkArduino/exc-sethandler.cpp.o
2023-09-26T18:37:56.1087846Z Compiling .pio/build/nodemcuv2/FrameworkArduino/flash_hal.cpp.o
2023-09-26T18:37:56.4368309Z Compiling .pio/build/nodemcuv2/FrameworkArduino/gdb_hooks.cpp.o
2023-09-26T18:37:56.4716302Z Compiling .pio/build/nodemcuv2/FrameworkArduino/heap.cpp.o
2023-09-26T18:37:56.5367369Z Compiling .pio/build/nodemcuv2/FrameworkArduino/hwdt_app_entry.cpp.o
2023-09-26T18:37:56.5515415Z Compiling .pio/build/nodemcuv2/FrameworkArduino/libb64/cdecode.cpp.o
2023-09-26T18:37:56.5686969Z Compiling .pio/build/nodemcuv2/FrameworkArduino/libb64/cencode.cpp.o
2023-09-26T18:37:56.6167021Z Compiling .pio/build/nodemcuv2/FrameworkArduino/libc_replacements.cpp.o
2023-09-26T18:37:56.6287149Z Compiling .pio/build/nodemcuv2/FrameworkArduino/mmu_iram.cpp.o
2023-09-26T18:37:56.8287540Z Compiling .pio/build/nodemcuv2/FrameworkArduino/reboot_uart_dwnld.cpp.o
2023-09-26T18:37:56.9048120Z Compiling .pio/build/nodemcuv2/FrameworkArduino/spiffs/spiffs_cache.cpp.o
2023-09-26T18:37:57.0127690Z Compiling .pio/build/nodemcuv2/FrameworkArduino/spiffs/spiffs_check.cpp.o
2023-09-26T18:37:57.0687258Z Compiling .pio/build/nodemcuv2/FrameworkArduino/spiffs/spiffs_gc.cpp.o
2023-09-26T18:37:57.2647371Z Compiling .pio/build/nodemcuv2/FrameworkArduino/spiffs/spiffs_hydrogen.cpp.o
2023-09-26T18:37:57.2927322Z Compiling .pio/build/nodemcuv2/FrameworkArduino/spiffs/spiffs_nucleus.cpp.o
2023-09-26T18:37:57.5767812Z Compiling .pio/build/nodemcuv2/FrameworkArduino/spiffs_api.cpp.o
2023-09-26T18:37:57.8647306Z Compiling .pio/build/nodemcuv2/FrameworkArduino/sqrt32.cpp.o
2023-09-26T18:37:58.1487423Z Compiling .pio/build/nodemcuv2/FrameworkArduino/stdlib_noniso.cpp.o
2023-09-26T18:37:58.1927446Z Compiling .pio/build/nodemcuv2/FrameworkArduino/time.cpp.o
2023-09-26T18:37:58.3276200Z Compiling .pio/build/nodemcuv2/FrameworkArduino/uart.cpp.o
2023-09-26T18:37:58.7688312Z Compiling .pio/build/nodemcuv2/FrameworkArduino/umm_malloc/umm_info.c.o
2023-09-26T18:37:58.7986741Z Compiling .pio/build/nodemcuv2/FrameworkArduino/umm_malloc/umm_integrity.c.o
2023-09-26T18:37:58.8260110Z Compiling .pio/build/nodemcuv2/FrameworkArduino/umm_malloc/umm_local.c.o
2023-09-26T18:37:58.8528091Z Compiling .pio/build/nodemcuv2/FrameworkArduino/umm_malloc/umm_malloc.cpp.o
2023-09-26T18:37:58.9527444Z Compiling .pio/build/nodemcuv2/FrameworkArduino/umm_malloc/umm_poison.c.o
2023-09-26T18:37:58.9807345Z Compiling .pio/build/nodemcuv2/FrameworkArduino/wpa2_eap_patch.cpp.o
2023-09-26T18:37:59.2712788Z Archiving .pio/build/nodemcuv2/libFrameworkArduino.a
2023-09-26T18:37:59.2975693Z Indexing .pio/build/nodemcuv2/libFrameworkArduino.a
2023-09-26T18:37:59.4143848Z Linking .pio/build/nodemcuv2/firmware.elf
2023-09-26T18:38:01.3833117Z Retrieving maximum program size .pio/build/nodemcuv2/firmware.elf
2023-09-26T18:38:01.3837754Z Checking size .pio/build/nodemcuv2/firmware.elf
2023-09-26T18:38:01.4008780Z Advanced Memory Usage is available via "PlatformIO Home > Project Inspect"
2023-09-26T18:38:01.4009616Z RAM:   [======    ]  59.2% (used 48484 bytes from 81920 bytes)
2023-09-26T18:38:01.4010262Z Flash: [========  ]  82.4% (used 860659 bytes from 1044464 bytes)
2023-09-26T18:38:01.4067300Z Building .pio/build/nodemcuv2/firmware.bin
2023-09-26T18:38:04.6431037Z Creating BIN file ".pio/build/nodemcuv2/firmware.bin" using "/home/runner/.platformio/packages/framework-arduinoespressif8266/bootloaders/eboot/eboot.elf" and ".pio/build/nodemcuv2/firmware.elf"
2023-09-26T18:38:04.6503506Z bin_rename_copy([".pio/build/nodemcuv2/firmware.bin"], [".pio/build/nodemcuv2/firmware.elf"])
2023-09-26T18:38:04.6522608Z bin_gzip([".pio/build/nodemcuv2/firmware.bin"], [".pio/build/nodemcuv2/firmware.elf"])
2023-09-26T18:38:05.0151669Z ======================== [SUCCESS] Took 149.24 seconds ========================
2023-09-26T18:38:05.0153028Z 
2023-09-26T18:38:05.0161518Z Environment    Status    Duration
2023-09-26T18:38:05.0162201Z -------------  --------  ------------
2023-09-26T18:38:05.0162579Z nodemcuv2      SUCCESS   00:02:29.236
2023-09-26T18:38:05.0163014Z ========================= 1 succeeded in 00:02:29.236 =========================
2023-09-26T18:38:06.1802326Z 
2023-09-26T18:38:06.1803414Z ********************************************************************************
2023-09-26T18:38:06.1806409Z There is a new version 6.1.11 of PlatformIO available.
2023-09-26T18:38:06.1807575Z Please upgrade it via `platformio upgrade` or `pip install -U platformio` command.
2023-09-26T18:38:06.1808585Z Changes: https://docs.platformio.org/en/latest/history.html
2023-09-26T18:38:06.1809020Z ********************************************************************************
2023-09-26T18:38:06.1809212Z 
2023-09-26T18:38:06.1978322Z 
2023-09-26T18:38:06.1978751Z ********************************************************************************
2023-09-26T18:38:06.1979320Z We found 107.09MB of unnecessary PlatformIO system data (temporary files, unnecessary packages, etc.).
2023-09-26T18:38:06.1980154Z Use `pio system prune --dry-run` to list them or `pio system prune` to save disk space.
2023-09-26T18:38:06.2417600Z ##[group]Run actions/upload-artifact@v2
2023-09-26T18:38:06.2417922Z with:
2023-09-26T18:38:06.2418162Z   name: firmware-nodemcuv2
2023-09-26T18:38:06.2418501Z   path: build_output/firmware/*.bin
build_output/firmware/*.gz

2023-09-26T18:38:06.2418827Z   if-no-files-found: warn
2023-09-26T18:38:06.2419081Z env:
2023-09-26T18:38:06.2419362Z   pythonLocation: /opt/hostedtoolcache/Python/3.9.18/x64
2023-09-26T18:38:06.2419761Z   PKG_CONFIG_PATH: /opt/hostedtoolcache/Python/3.9.18/x64/lib/pkgconfig
2023-09-26T18:38:06.2420149Z   Python_ROOT_DIR: /opt/hostedtoolcache/Python/3.9.18/x64
2023-09-26T18:38:06.2420518Z   Python2_ROOT_DIR: /opt/hostedtoolcache/Python/3.9.18/x64
2023-09-26T18:38:06.2420889Z   Python3_ROOT_DIR: /opt/hostedtoolcache/Python/3.9.18/x64
2023-09-26T18:38:06.2421270Z   LD_LIBRARY_PATH: /opt/hostedtoolcache/Python/3.9.18/x64/lib
2023-09-26T18:38:06.2421569Z ##[endgroup]
2023-09-26T18:38:06.3121133Z With the provided path, there will be 2 files uploaded
2023-09-26T18:38:06.3126517Z Starting artifact upload
2023-09-26T18:38:06.3127512Z For more detailed logs during the artifact upload process, enable step-debugging: https://docs.github.com/actions/monitoring-and-troubleshooting-workflows/enabling-debug-logging#enabling-step-debug-logging
2023-09-26T18:38:06.3128294Z Artifact name is valid!
2023-09-26T18:38:06.4314785Z Container for artifact "firmware-nodemcuv2" successfully created. Starting upload of file(s)
2023-09-26T18:38:06.7017853Z Total size of all the files uploaded is 1254315 bytes
2023-09-26T18:38:06.7018633Z File upload process has finished. Finalizing the artifact upload
2023-09-26T18:38:06.7619229Z Artifact has been finalized. All files have been successfully uploaded!
2023-09-26T18:38:06.7619891Z 
2023-09-26T18:38:06.7621614Z The raw size of all the files that were specified for upload is 1491872 bytes
2023-09-26T18:38:06.7622366Z The size of all the files that were uploaded is 1254315 bytes. This takes into account any gzip compression used to reduce the upload size, time and storage
2023-09-26T18:38:06.7622792Z 
2023-09-26T18:38:06.7623636Z Note: The size of downloaded zips can differ significantly from the reported size. For more information see: https://github.com/actions/upload-artifact#zipped-artifact-downloads 
2023-09-26T18:38:06.7624136Z 
2023-09-26T18:38:06.7624467Z Artifact firmware-nodemcuv2 has been successfully uploaded!
2023-09-26T18:38:06.7728305Z Post job cleanup.
2023-09-26T18:38:07.2117103Z Post job cleanup.
2023-09-26T18:38:07.3685813Z Cache hit occurred on the primary key Linux-, not saving cache.
2023-09-26T18:38:07.6435532Z Post job cleanup.
2023-09-26T18:38:07.7961486Z Cache hit occurred on the primary key Linux-pip-81ff51cfad9e9eb735c6b16e2b137bb04b536de75d900d6b02aa29724c130501, not saving cache.
2023-09-26T18:38:07.8079033Z Post job cleanup.
2023-09-26T18:38:07.9175950Z [command]/usr/bin/git version
2023-09-26T18:38:07.9231240Z git version 2.42.0
2023-09-26T18:38:07.9279581Z Temporarily overriding HOME='/home/runner/work/_temp/28391c8e-c51a-40ce-ae2d-13996a8af709' before making global git config changes
2023-09-26T18:38:07.9281241Z Adding repository directory to the temporary git global config as a safe directory
2023-09-26T18:38:07.9287765Z [command]/usr/bin/git config --global --add safe.directory /home/runner/work/WLED/WLED
2023-09-26T18:38:07.9338235Z [command]/usr/bin/git config --local --name-only --get-regexp core\.sshCommand
2023-09-26T18:38:07.9383854Z [command]/usr/bin/git submodule foreach --recursive sh -c "git config --local --name-only --get-regexp 'core\.sshCommand' && git config --local --unset-all 'core.sshCommand' || :"
2023-09-26T18:38:07.9657855Z [command]/usr/bin/git config --local --name-only --get-regexp http\.https\:\/\/github\.com\/\.extraheader
2023-09-26T18:38:07.9694750Z http.https://github.com/.extraheader
2023-09-26T18:38:07.9710541Z [command]/usr/bin/git config --local --unset-all http.https://github.com/.extraheader
2023-09-26T18:38:07.9760103Z [command]/usr/bin/git submodule foreach --recursive sh -c "git config --local --name-only --get-regexp 'http\.https\:\/\/github\.com\/\.extraheader' && git config --local --unset-all 'http.https://github.com/.extraheader' || :"
2023-09-26T18:38:08.0302052Z Cleaning up orphan processes
