2023-09-26T18:35:17.0015860Z Requested labels: ubuntu-latest
2023-09-26T18:35:17.0016087Z Job defined at: Aircoookie/WLED/.github/workflows/wled-ci.yml@refs/heads/0_15
2023-09-26T18:35:17.0016238Z Waiting for a runner to pick up this job...
2023-09-26T18:35:17.4613984Z Job is waiting for a hosted runner to come online.
2023-09-26T18:35:21.0206111Z Job is about to start running on the hosted runner: GitHub Actions 5 (hosted)
2023-09-26T18:35:24.4574998Z Current runner version: '2.309.0'
2023-09-26T18:35:24.4615922Z ##[group]Operating System
2023-09-26T18:35:24.4624520Z Ubuntu
2023-09-26T18:35:24.4626823Z 22.04.3
2023-09-26T18:35:24.4627182Z LTS
2023-09-26T18:35:24.4627603Z ##[endgroup]
2023-09-26T18:35:24.4628232Z ##[group]Runner Image
2023-09-26T18:35:24.4630202Z Image: ubuntu-22.04
2023-09-26T18:35:24.4630673Z Version: 20230917.1.0
2023-09-26T18:35:24.4632263Z Included Software: https://github.com/actions/runner-images/blob/ubuntu22/20230917.1/images/linux/Ubuntu2204-Readme.md
2023-09-26T18:35:24.4633728Z Image Release: https://github.com/actions/runner-images/releases/tag/ubuntu22%2F20230917.1
2023-09-26T18:35:24.4635312Z ##[endgroup]
2023-09-26T18:35:24.4635805Z ##[group]Runner Image Provisioner
2023-09-26T18:35:24.4636717Z 2.0.299.1
2023-09-26T18:35:24.4637906Z ##[endgroup]
2023-09-26T18:35:24.4649615Z ##[group]GITHUB_TOKEN Permissions
2023-09-26T18:35:24.4653206Z Actions: write
2023-09-26T18:35:24.4653683Z Checks: write
2023-09-26T18:35:24.4656577Z Contents: write
2023-09-26T18:35:24.4657234Z Deployments: write
2023-09-26T18:35:24.4657687Z Discussions: write
2023-09-26T18:35:24.4658606Z Issues: write
2023-09-26T18:35:24.4659938Z Metadata: read
2023-09-26T18:35:24.4660362Z Packages: write
2023-09-26T18:35:24.4660982Z Pages: write
2023-09-26T18:35:24.4661413Z PullRequests: write
2023-09-26T18:35:24.4661825Z RepositoryProjects: write
2023-09-26T18:35:24.4662478Z SecurityEvents: write
2023-09-26T18:35:24.4662928Z Statuses: write
2023-09-26T18:35:24.4663748Z ##[endgroup]
2023-09-26T18:35:24.4673129Z Secret source: Actions
2023-09-26T18:35:24.4674584Z Prepare workflow directory
2023-09-26T18:35:24.5741838Z Prepare all required actions
2023-09-26T18:35:24.6107662Z Getting action download info
2023-09-26T18:35:24.9170934Z Download action repository 'actions/checkout@v3' (SHA:f43a0e5ff2bd294095638e18286ca9a3d1956744)
2023-09-26T18:35:25.6920763Z Download action repository 'actions/cache@v3' (SHA:704facf57e6136b1bc63b828d79edcd491f0ee84)
2023-09-26T18:35:26.3141364Z Download action repository 'actions/setup-python@v4' (SHA:61a6322f88396a6271a6ee3565807d608ecaddd1)
2023-09-26T18:35:26.9266710Z Download action repository 'actions/upload-artifact@v2' (SHA:82c141cc518b40d92cc801eee768e7aafc9c2fa2)
2023-09-26T18:35:27.6187179Z Complete job name: Build Enviornments (esp32dev)
2023-09-26T18:35:27.7480583Z ##[group]Run actions/checkout@v3
2023-09-26T18:35:27.7480985Z with:
2023-09-26T18:35:27.7481237Z   repository: Aircoookie/WLED
2023-09-26T18:35:27.7481781Z   token: ***
2023-09-26T18:35:27.7482044Z   ssh-strict: true
2023-09-26T18:35:27.7482302Z   persist-credentials: true
2023-09-26T18:35:27.7482574Z   clean: true
2023-09-26T18:35:27.7482848Z   sparse-checkout-cone-mode: true
2023-09-26T18:35:27.7483151Z   fetch-depth: 1
2023-09-26T18:35:27.7483379Z   fetch-tags: false
2023-09-26T18:35:27.7483617Z   lfs: false
2023-09-26T18:35:27.7483944Z   submodules: false
2023-09-26T18:35:27.7484200Z   set-safe-directory: true
2023-09-26T18:35:27.7484466Z ##[endgroup]
2023-09-26T18:35:28.1132825Z Syncing repository: Aircoookie/WLED
2023-09-26T18:35:28.1135010Z ##[group]Getting Git version info
2023-09-26T18:35:28.1135668Z Working directory is '/home/runner/work/WLED/WLED'
2023-09-26T18:35:28.1137741Z [command]/usr/bin/git version
2023-09-26T18:35:28.1228927Z git version 2.42.0
2023-09-26T18:35:28.1270416Z ##[endgroup]
2023-09-26T18:35:28.1303067Z Temporarily overriding HOME='/home/runner/work/_temp/10529bcc-c506-4d76-ab19-8e0380749794' before making global git config changes
2023-09-26T18:35:28.1303732Z Adding repository directory to the temporary git global config as a safe directory
2023-09-26T18:35:28.1307129Z [command]/usr/bin/git config --global --add safe.directory /home/runner/work/WLED/WLED
2023-09-26T18:35:28.1371888Z Deleting the contents of '/home/runner/work/WLED/WLED'
2023-09-26T18:35:28.1378061Z ##[group]Initializing the repository
2023-09-26T18:35:28.1383288Z [command]/usr/bin/git init /home/runner/work/WLED/WLED
2023-09-26T18:35:28.1505383Z hint: Using 'master' as the name for the initial branch. This default branch name
2023-09-26T18:35:28.1506920Z hint: is subject to change. To configure the initial branch name to use in all
2023-09-26T18:35:28.1508077Z hint: of your new repositories, which will suppress this warning, call:
2023-09-26T18:35:28.1510207Z hint: 
2023-09-26T18:35:28.1511390Z hint: 	git config --global init.defaultBranch <name>
2023-09-26T18:35:28.1512039Z hint: 
2023-09-26T18:35:28.1513047Z hint: Names commonly chosen instead of 'master' are 'main', 'trunk' and
2023-09-26T18:35:28.1513912Z hint: 'development'. The just-created branch can be renamed via this command:
2023-09-26T18:35:28.1514802Z hint: 
2023-09-26T18:35:28.1515401Z hint: 	git branch -m <name>
2023-09-26T18:35:28.1522897Z Initialized empty Git repository in /home/runner/work/WLED/WLED/.git/
2023-09-26T18:35:28.1535765Z [command]/usr/bin/git remote add origin https://github.com/Aircoookie/WLED
2023-09-26T18:35:28.1607238Z ##[endgroup]
2023-09-26T18:35:28.1608204Z ##[group]Disabling automatic garbage collection
2023-09-26T18:35:28.1610197Z [command]/usr/bin/git config --local gc.auto 0
2023-09-26T18:35:28.1658259Z ##[endgroup]
2023-09-26T18:35:28.1660422Z ##[group]Setting up auth
2023-09-26T18:35:28.1668210Z [command]/usr/bin/git config --local --name-only --get-regexp core\.sshCommand
2023-09-26T18:35:28.1715399Z [command]/usr/bin/git submodule foreach --recursive sh -c "git config --local --name-only --get-regexp 'core\.sshCommand' && git config --local --unset-all 'core.sshCommand' || :"
2023-09-26T18:35:28.2254353Z [command]/usr/bin/git config --local --name-only --get-regexp http\.https\:\/\/github\.com\/\.extraheader
2023-09-26T18:35:28.2299515Z [command]/usr/bin/git submodule foreach --recursive sh -c "git config --local --name-only --get-regexp 'http\.https\:\/\/github\.com\/\.extraheader' && git config --local --unset-all 'http.https://github.com/.extraheader' || :"
2023-09-26T18:35:28.2658663Z [command]/usr/bin/git config --local http.https://github.com/.extraheader AUTHORIZATION: basic ***
2023-09-26T18:35:28.2720030Z ##[endgroup]
2023-09-26T18:35:28.2721054Z ##[group]Fetching the repository
2023-09-26T18:35:28.2736122Z [command]/usr/bin/git -c protocol.version=2 fetch --no-tags --prune --progress --no-recurse-submodules --depth=1 origin +25831bfb6073cf5d3d39114f4106e99ba8411dee:refs/remotes/origin/0_15
2023-09-26T18:35:28.7187069Z remote: Enumerating objects: 496, done.        
2023-09-26T18:35:28.7193458Z remote: Counting objects:   0% (1/496)        
2023-09-26T18:35:28.7253691Z remote: Counting objects:   1% (5/496)        
2023-09-26T18:35:28.7254076Z remote: Counting objects:   2% (10/496)        
2023-09-26T18:35:28.7307753Z remote: Counting objects:   3% (15/496)        
2023-09-26T18:35:28.7309238Z remote: Counting objects:   4% (20/496)        
2023-09-26T18:35:28.7310630Z remote: Counting objects:   5% (25/496)        
2023-09-26T18:35:28.7313004Z remote: Counting objects:   6% (30/496)        
2023-09-26T18:35:28.7314561Z remote: Counting objects:   7% (35/496)        
2023-09-26T18:35:28.7316086Z remote: Counting objects:   8% (40/496)        
2023-09-26T18:35:28.7317423Z remote: Counting objects:   9% (45/496)        
2023-09-26T18:35:28.7318884Z remote: Counting objects:  10% (50/496)        
2023-09-26T18:35:28.7320818Z remote: Counting objects:  11% (55/496)        
2023-09-26T18:35:28.7322822Z remote: Counting objects:  12% (60/496)        
2023-09-26T18:35:28.7324256Z remote: Counting objects:  13% (65/496)        
2023-09-26T18:35:28.7325613Z remote: Counting objects:  14% (70/496)        
2023-09-26T18:35:28.7326948Z remote: Counting objects:  15% (75/496)        
2023-09-26T18:35:28.7328286Z remote: Counting objects:  16% (80/496)        
2023-09-26T18:35:28.7329663Z remote: Counting objects:  17% (85/496)        
2023-09-26T18:35:28.7331207Z remote: Counting objects:  18% (90/496)        
2023-09-26T18:35:28.7332557Z remote: Counting objects:  19% (95/496)        
2023-09-26T18:35:28.7333503Z remote: Counting objects:  20% (100/496)        
2023-09-26T18:35:28.7333900Z remote: Counting objects:  21% (105/496)        
2023-09-26T18:35:28.7334877Z remote: Counting objects:  22% (110/496)        
2023-09-26T18:35:28.7335192Z remote: Counting objects:  23% (115/496)        
2023-09-26T18:35:28.7335749Z remote: Counting objects:  24% (120/496)        
2023-09-26T18:35:28.7336874Z remote: Counting objects:  25% (124/496)        
2023-09-26T18:35:28.7338419Z remote: Counting objects:  26% (129/496)        
2023-09-26T18:35:28.7339107Z remote: Counting objects:  27% (134/496)        
2023-09-26T18:35:28.7339819Z remote: Counting objects:  28% (139/496)        
2023-09-26T18:35:28.7340167Z remote: Counting objects:  29% (144/496)        
2023-09-26T18:35:28.7340842Z remote: Counting objects:  30% (149/496)        
2023-09-26T18:35:28.7341150Z remote: Counting objects:  31% (154/496)        
2023-09-26T18:35:28.7341469Z remote: Counting objects:  32% (159/496)        
2023-09-26T18:35:28.7341793Z remote: Counting objects:  33% (164/496)        
2023-09-26T18:35:28.7342098Z remote: Counting objects:  34% (169/496)        
2023-09-26T18:35:28.7342434Z remote: Counting objects:  35% (174/496)        
2023-09-26T18:35:28.7342755Z remote: Counting objects:  36% (179/496)        
2023-09-26T18:35:28.7343083Z remote: Counting objects:  37% (184/496)        
2023-09-26T18:35:28.7343399Z remote: Counting objects:  38% (189/496)        
2023-09-26T18:35:28.7344711Z remote: Counting objects:  39% (194/496)        
2023-09-26T18:35:28.7345064Z remote: Counting objects:  40% (199/496)        
2023-09-26T18:35:28.7345364Z remote: Counting objects:  41% (204/496)        
2023-09-26T18:35:28.7345687Z remote: Counting objects:  42% (209/496)        
2023-09-26T18:35:28.7346010Z remote: Counting objects:  43% (214/496)        
2023-09-26T18:35:28.7346327Z remote: Counting objects:  44% (219/496)        
2023-09-26T18:35:28.7346630Z remote: Counting objects:  45% (224/496)        
2023-09-26T18:35:28.7346951Z remote: Counting objects:  46% (229/496)        
2023-09-26T18:35:28.7347266Z remote: Counting objects:  47% (234/496)        
2023-09-26T18:35:28.7347578Z remote: Counting objects:  48% (239/496)        
2023-09-26T18:35:28.7347896Z remote: Counting objects:  49% (244/496)        
2023-09-26T18:35:28.7348213Z remote: Counting objects:  50% (248/496)        
2023-09-26T18:35:28.7348809Z remote: Counting objects:  51% (253/496)        
2023-09-26T18:35:28.7349160Z remote: Counting objects:  52% (258/496)        
2023-09-26T18:35:28.7350191Z remote: Counting objects:  53% (263/496)        
2023-09-26T18:35:28.7350511Z remote: Counting objects:  54% (268/496)        
2023-09-26T18:35:28.7350830Z remote: Counting objects:  55% (273/496)        
2023-09-26T18:35:28.7351147Z remote: Counting objects:  56% (278/496)        
2023-09-26T18:35:28.7351464Z remote: Counting objects:  57% (283/496)        
2023-09-26T18:35:28.7351766Z remote: Counting objects:  58% (288/496)        
2023-09-26T18:35:28.7352079Z remote: Counting objects:  59% (293/496)        
2023-09-26T18:35:28.7352396Z remote: Counting objects:  60% (298/496)        
2023-09-26T18:35:28.7352712Z remote: Counting objects:  61% (303/496)        
2023-09-26T18:35:28.7353028Z remote: Counting objects:  62% (308/496)        
2023-09-26T18:35:28.7353346Z remote: Counting objects:  63% (313/496)        
2023-09-26T18:35:28.7353654Z remote: Counting objects:  64% (318/496)        
2023-09-26T18:35:28.7354134Z remote: Counting objects:  65% (323/496)        
2023-09-26T18:35:28.7354456Z remote: Counting objects:  66% (328/496)        
2023-09-26T18:35:28.7354773Z remote: Counting objects:  67% (333/496)        
2023-09-26T18:35:28.7355073Z remote: Counting objects:  68% (338/496)        
2023-09-26T18:35:28.7355390Z remote: Counting objects:  69% (343/496)        
2023-09-26T18:35:28.7355706Z remote: Counting objects:  70% (348/496)        
2023-09-26T18:35:28.7356025Z remote: Counting objects:  71% (353/496)        
2023-09-26T18:35:28.7356327Z remote: Counting objects:  72% (358/496)        
2023-09-26T18:35:28.7356643Z remote: Counting objects:  73% (363/496)        
2023-09-26T18:35:28.7357244Z remote: Counting objects:  74% (368/496)        
2023-09-26T18:35:28.7357542Z remote: Counting objects:  75% (372/496)        
2023-09-26T18:35:28.7357858Z remote: Counting objects:  76% (377/496)        
2023-09-26T18:35:28.7358175Z remote: Counting objects:  77% (382/496)        
2023-09-26T18:35:28.7358486Z remote: Counting objects:  78% (387/496)        
2023-09-26T18:35:28.7358802Z remote: Counting objects:  79% (392/496)        
2023-09-26T18:35:28.7359120Z remote: Counting objects:  80% (397/496)        
2023-09-26T18:35:28.7359422Z remote: Counting objects:  81% (402/496)        
2023-09-26T18:35:28.7359742Z remote: Counting objects:  82% (407/496)        
2023-09-26T18:35:28.7360057Z remote: Counting objects:  83% (412/496)        
2023-09-26T18:35:28.7360372Z remote: Counting objects:  84% (417/496)        
2023-09-26T18:35:28.7360674Z remote: Counting objects:  85% (422/496)        
2023-09-26T18:35:28.7360987Z remote: Counting objects:  86% (427/496)        
2023-09-26T18:35:28.7361309Z remote: Counting objects:  87% (432/496)        
2023-09-26T18:35:28.7361608Z remote: Counting objects:  88% (437/496)        
2023-09-26T18:35:28.7361922Z remote: Counting objects:  89% (442/496)        
2023-09-26T18:35:28.7362243Z remote: Counting objects:  90% (447/496)        
2023-09-26T18:35:28.7362549Z remote: Counting objects:  91% (452/496)        
2023-09-26T18:35:28.7362868Z remote: Counting objects:  92% (457/496)        
2023-09-26T18:35:28.7433203Z remote: Counting objects:  93% (462/496)        
2023-09-26T18:35:28.7433573Z remote: Counting objects:  94% (467/496)        
2023-09-26T18:35:28.7433900Z remote: Counting objects:  95% (472/496)        
2023-09-26T18:35:28.7434227Z remote: Counting objects:  96% (477/496)        
2023-09-26T18:35:28.7434535Z remote: Counting objects:  97% (482/496)        
2023-09-26T18:35:28.7434858Z remote: Counting objects:  98% (487/496)        
2023-09-26T18:35:28.7435183Z remote: Counting objects:  99% (492/496)        
2023-09-26T18:35:28.7435503Z remote: Counting objects: 100% (496/496)        
2023-09-26T18:35:28.7435840Z remote: Counting objects: 100% (496/496), done.        
2023-09-26T18:35:28.7436197Z remote: Compressing objects:   0% (1/448)        
2023-09-26T18:35:28.7436544Z remote: Compressing objects:   1% (5/448)        
2023-09-26T18:35:28.7437186Z remote: Compressing objects:   2% (9/448)        
2023-09-26T18:35:28.7437626Z remote: Compressing objects:   3% (14/448)        
2023-09-26T18:35:28.7437974Z remote: Compressing objects:   4% (18/448)        
2023-09-26T18:35:28.7438300Z remote: Compressing objects:   5% (23/448)        
2023-09-26T18:35:28.7438638Z remote: Compressing objects:   6% (27/448)        
2023-09-26T18:35:28.7438974Z remote: Compressing objects:   7% (32/448)        
2023-09-26T18:35:28.7439291Z remote: Compressing objects:   8% (36/448)        
2023-09-26T18:35:28.7439625Z remote: Compressing objects:   9% (41/448)        
2023-09-26T18:35:28.7439963Z remote: Compressing objects:  10% (45/448)        
2023-09-26T18:35:28.7440293Z remote: Compressing objects:  11% (50/448)        
2023-09-26T18:35:28.7440628Z remote: Compressing objects:  12% (54/448)        
2023-09-26T18:35:28.7440957Z remote: Compressing objects:  13% (59/448)        
2023-09-26T18:35:28.7441300Z remote: Compressing objects:  14% (63/448)        
2023-09-26T18:35:28.7441616Z remote: Compressing objects:  15% (68/448)        
2023-09-26T18:35:28.7441945Z remote: Compressing objects:  16% (72/448)        
2023-09-26T18:35:28.7442275Z remote: Compressing objects:  17% (77/448)        
2023-09-26T18:35:28.7662738Z remote: Compressing objects:  18% (81/448)        
2023-09-26T18:35:28.7663155Z remote: Compressing objects:  19% (86/448)        
2023-09-26T18:35:28.7663498Z remote: Compressing objects:  20% (90/448)        
2023-09-26T18:35:28.7663834Z remote: Compressing objects:  21% (95/448)        
2023-09-26T18:35:28.7664155Z remote: Compressing objects:  22% (99/448)        
2023-09-26T18:35:28.7664498Z remote: Compressing objects:  23% (104/448)        
2023-09-26T18:35:28.7665305Z remote: Compressing objects:  24% (108/448)        
2023-09-26T18:35:28.7665632Z remote: Compressing objects:  25% (112/448)        
2023-09-26T18:35:28.7665971Z remote: Compressing objects:  26% (117/448)        
2023-09-26T18:35:28.7666324Z remote: Compressing objects:  27% (121/448)        
2023-09-26T18:35:28.7666646Z remote: Compressing objects:  28% (126/448)        
2023-09-26T18:35:28.7666979Z remote: Compressing objects:  29% (130/448)        
2023-09-26T18:35:28.7667314Z remote: Compressing objects:  30% (135/448)        
2023-09-26T18:35:28.7667648Z remote: Compressing objects:  31% (139/448)        
2023-09-26T18:35:28.7667967Z remote: Compressing objects:  32% (144/448)        
2023-09-26T18:35:28.7668302Z remote: Compressing objects:  33% (148/448)        
2023-09-26T18:35:28.7668638Z remote: Compressing objects:  34% (153/448)        
2023-09-26T18:35:28.7668953Z remote: Compressing objects:  35% (157/448)        
2023-09-26T18:35:28.7669287Z remote: Compressing objects:  36% (162/448)        
2023-09-26T18:35:28.7782179Z remote: Compressing objects:  37% (166/448)        
2023-09-26T18:35:28.7782817Z remote: Compressing objects:  38% (171/448)        
2023-09-26T18:35:28.7783161Z remote: Compressing objects:  39% (175/448)        
2023-09-26T18:35:28.7783525Z remote: Compressing objects:  40% (180/448)        
2023-09-26T18:35:28.7783867Z remote: Compressing objects:  41% (184/448)        
2023-09-26T18:35:28.7784192Z remote: Compressing objects:  42% (189/448)        
2023-09-26T18:35:28.7784534Z remote: Compressing objects:  43% (193/448)        
2023-09-26T18:35:28.7784875Z remote: Compressing objects:  44% (198/448)        
2023-09-26T18:35:28.7785200Z remote: Compressing objects:  45% (202/448)        
2023-09-26T18:35:28.7785537Z remote: Compressing objects:  46% (207/448)        
2023-09-26T18:35:28.7785874Z remote: Compressing objects:  47% (211/448)        
2023-09-26T18:35:28.7786194Z remote: Compressing objects:  48% (216/448)        
2023-09-26T18:35:28.7786541Z remote: Compressing objects:  49% (220/448)        
2023-09-26T18:35:28.7786880Z remote: Compressing objects:  50% (224/448)        
2023-09-26T18:35:28.7787221Z remote: Compressing objects:  51% (229/448)        
2023-09-26T18:35:28.7787542Z remote: Compressing objects:  52% (233/448)        
2023-09-26T18:35:28.7788248Z remote: Compressing objects:  53% (238/448)        
2023-09-26T18:35:28.7788620Z remote: Compressing objects:  54% (242/448)        
2023-09-26T18:35:28.7788941Z remote: Compressing objects:  55% (247/448)        
2023-09-26T18:35:28.7789276Z remote: Compressing objects:  56% (251/448)        
2023-09-26T18:35:28.7789615Z remote: Compressing objects:  57% (256/448)        
2023-09-26T18:35:28.7789934Z remote: Compressing objects:  58% (260/448)        
2023-09-26T18:35:28.7790271Z remote: Compressing objects:  59% (265/448)        
2023-09-26T18:35:28.7790605Z remote: Compressing objects:  60% (269/448)        
2023-09-26T18:35:28.7790939Z remote: Compressing objects:  61% (274/448)        
2023-09-26T18:35:28.7791262Z remote: Compressing objects:  62% (278/448)        
2023-09-26T18:35:28.7791594Z remote: Compressing objects:  63% (283/448)        
2023-09-26T18:35:28.7791925Z remote: Compressing objects:  64% (287/448)        
2023-09-26T18:35:28.8052311Z remote: Compressing objects:  65% (292/448)        
2023-09-26T18:35:28.8054433Z remote: Compressing objects:  66% (296/448)        
2023-09-26T18:35:28.8054857Z remote: Compressing objects:  67% (301/448)        
2023-09-26T18:35:28.8055183Z remote: Compressing objects:  68% (305/448)        
2023-09-26T18:35:28.8055522Z remote: Compressing objects:  69% (310/448)        
2023-09-26T18:35:28.8055861Z remote: Compressing objects:  70% (314/448)        
2023-09-26T18:35:28.8056182Z remote: Compressing objects:  71% (319/448)        
2023-09-26T18:35:28.8056519Z remote: Compressing objects:  72% (323/448)        
2023-09-26T18:35:28.8056853Z remote: Compressing objects:  73% (328/448)        
2023-09-26T18:35:28.8057718Z remote: Compressing objects:  74% (332/448)        
2023-09-26T18:35:28.8177347Z remote: Compressing objects:  75% (336/448)        
2023-09-26T18:35:28.8177768Z remote: Compressing objects:  76% (341/448)        
2023-09-26T18:35:28.8178115Z remote: Compressing objects:  77% (345/448)        
2023-09-26T18:35:28.8178482Z remote: Compressing objects:  78% (350/448)        
2023-09-26T18:35:28.8178810Z remote: Compressing objects:  79% (354/448)        
2023-09-26T18:35:28.8179151Z remote: Compressing objects:  80% (359/448)        
2023-09-26T18:35:28.8179490Z remote: Compressing objects:  81% (363/448)        
2023-09-26T18:35:28.8180143Z remote: Compressing objects:  82% (368/448)        
2023-09-26T18:35:28.8180497Z remote: Compressing objects:  83% (372/448)        
2023-09-26T18:35:28.8180834Z remote: Compressing objects:  84% (377/448)        
2023-09-26T18:35:28.8181155Z remote: Compressing objects:  85% (381/448)        
2023-09-26T18:35:28.8181495Z remote: Compressing objects:  86% (386/448)        
2023-09-26T18:35:28.8181848Z remote: Compressing objects:  87% (390/448)        
2023-09-26T18:35:28.8182186Z remote: Compressing objects:  88% (395/448)        
2023-09-26T18:35:28.8182508Z remote: Compressing objects:  89% (399/448)        
2023-09-26T18:35:28.8182931Z remote: Compressing objects:  90% (404/448)        
2023-09-26T18:35:28.8183329Z remote: Compressing objects:  91% (408/448)        
2023-09-26T18:35:28.8183657Z remote: Compressing objects:  92% (413/448)        
2023-09-26T18:35:28.8184145Z remote: Compressing objects:  93% (417/448)        
2023-09-26T18:35:28.8185004Z remote: Compressing objects:  94% (422/448)        
2023-09-26T18:35:28.8191408Z remote: Compressing objects:  95% (426/448)        
2023-09-26T18:35:28.8191856Z remote: Compressing objects:  96% (431/448)        
2023-09-26T18:35:28.8192204Z remote: Compressing objects:  97% (435/448)        
2023-09-26T18:35:28.8192525Z remote: Compressing objects:  98% (440/448)        
2023-09-26T18:35:28.8192861Z remote: Compressing objects:  99% (444/448)        
2023-09-26T18:35:28.8193661Z remote: Compressing objects: 100% (448/448)        
2023-09-26T18:35:28.8194031Z remote: Compressing objects: 100% (448/448), done.        
2023-09-26T18:35:28.8239243Z Receiving objects:   0% (1/496)
2023-09-26T18:35:28.8239925Z Receiving objects:   1% (5/496)
2023-09-26T18:35:28.8241557Z Receiving objects:   2% (10/496)
2023-09-26T18:35:28.8243355Z Receiving objects:   3% (15/496)
2023-09-26T18:35:28.8370846Z Receiving objects:   4% (20/496)
2023-09-26T18:35:28.9395036Z Receiving objects:   5% (25/496)
2023-09-26T18:35:28.9400671Z Receiving objects:   6% (30/496)
2023-09-26T18:35:28.9409823Z Receiving objects:   7% (35/496)
2023-09-26T18:35:28.9415855Z Receiving objects:   8% (40/496)
2023-09-26T18:35:28.9421976Z Receiving objects:   9% (45/496)
2023-09-26T18:35:28.9423182Z Receiving objects:  10% (50/496)
2023-09-26T18:35:28.9427323Z Receiving objects:  11% (55/496)
2023-09-26T18:35:28.9427638Z Receiving objects:  12% (60/496)
2023-09-26T18:35:28.9431697Z Receiving objects:  13% (65/496)
2023-09-26T18:35:28.9438052Z Receiving objects:  14% (70/496)
2023-09-26T18:35:28.9442816Z Receiving objects:  15% (75/496)
2023-09-26T18:35:28.9466460Z Receiving objects:  16% (80/496)
2023-09-26T18:35:28.9502547Z Receiving objects:  17% (85/496)
2023-09-26T18:35:28.9505553Z Receiving objects:  18% (90/496)
2023-09-26T18:35:28.9510645Z Receiving objects:  19% (95/496)
2023-09-26T18:35:28.9514459Z Receiving objects:  20% (100/496)
2023-09-26T18:35:28.9538353Z Receiving objects:  21% (105/496)
2023-09-26T18:35:28.9636968Z Receiving objects:  22% (110/496)
2023-09-26T18:35:28.9637330Z Receiving objects:  23% (115/496)
2023-09-26T18:35:28.9976214Z Receiving objects:  24% (120/496)
2023-09-26T18:35:28.9980272Z Receiving objects:  25% (124/496)
2023-09-26T18:35:28.9991611Z Receiving objects:  26% (129/496)
2023-09-26T18:35:29.0001621Z Receiving objects:  27% (134/496)
2023-09-26T18:35:29.0008794Z Receiving objects:  28% (139/496)
2023-09-26T18:35:29.0013753Z Receiving objects:  29% (144/496)
2023-09-26T18:35:29.0021597Z Receiving objects:  30% (149/496)
2023-09-26T18:35:29.0021966Z Receiving objects:  31% (154/496)
2023-09-26T18:35:29.0028089Z Receiving objects:  32% (159/496)
2023-09-26T18:35:29.0063424Z Receiving objects:  33% (164/496)
2023-09-26T18:35:29.3026615Z Receiving objects:  34% (169/496)
2023-09-26T18:35:29.4344367Z Receiving objects:  35% (174/496)
2023-09-26T18:35:29.4344828Z Receiving objects:  36% (179/496), 4.91 MiB | 9.18 MiB/s
2023-09-26T18:35:29.4345727Z Receiving objects:  37% (184/496), 4.91 MiB | 9.18 MiB/s
2023-09-26T18:35:29.4875932Z Receiving objects:  38% (189/496), 4.91 MiB | 9.18 MiB/s
2023-09-26T18:35:29.5493628Z Receiving objects:  39% (194/496), 4.91 MiB | 9.18 MiB/s
2023-09-26T18:35:29.5494195Z Receiving objects:  40% (199/496), 4.91 MiB | 9.18 MiB/s
2023-09-26T18:35:29.5500364Z Receiving objects:  41% (204/496), 4.91 MiB | 9.18 MiB/s
2023-09-26T18:35:29.5511695Z Receiving objects:  42% (209/496), 4.91 MiB | 9.18 MiB/s
2023-09-26T18:35:29.5512137Z Receiving objects:  43% (214/496), 4.91 MiB | 9.18 MiB/s
2023-09-26T18:35:29.5516398Z Receiving objects:  44% (219/496), 4.91 MiB | 9.18 MiB/s
2023-09-26T18:35:29.5519941Z Receiving objects:  45% (224/496), 4.91 MiB | 9.18 MiB/s
2023-09-26T18:35:29.5522481Z Receiving objects:  46% (229/496), 4.91 MiB | 9.18 MiB/s
2023-09-26T18:35:29.5526863Z Receiving objects:  47% (234/496), 4.91 MiB | 9.18 MiB/s
2023-09-26T18:35:29.5531958Z Receiving objects:  48% (239/496), 4.91 MiB | 9.18 MiB/s
2023-09-26T18:35:29.5534765Z Receiving objects:  49% (244/496), 4.91 MiB | 9.18 MiB/s
2023-09-26T18:35:29.5537235Z Receiving objects:  50% (248/496), 4.91 MiB | 9.18 MiB/s
2023-09-26T18:35:29.5541479Z Receiving objects:  51% (253/496), 4.91 MiB | 9.18 MiB/s
2023-09-26T18:35:29.5557816Z Receiving objects:  52% (258/496), 4.91 MiB | 9.18 MiB/s
2023-09-26T18:35:29.5558216Z Receiving objects:  53% (263/496), 4.91 MiB | 9.18 MiB/s
2023-09-26T18:35:29.5558569Z Receiving objects:  54% (268/496), 4.91 MiB | 9.18 MiB/s
2023-09-26T18:35:29.5567300Z Receiving objects:  55% (273/496), 4.91 MiB | 9.18 MiB/s
2023-09-26T18:35:29.5573040Z Receiving objects:  56% (278/496), 4.91 MiB | 9.18 MiB/s
2023-09-26T18:35:29.5573428Z Receiving objects:  57% (283/496), 4.91 MiB | 9.18 MiB/s
2023-09-26T18:35:29.5577253Z Receiving objects:  58% (288/496), 4.91 MiB | 9.18 MiB/s
2023-09-26T18:35:29.5626825Z Receiving objects:  59% (293/496), 4.91 MiB | 9.18 MiB/s
2023-09-26T18:35:29.5640702Z Receiving objects:  60% (298/496), 4.91 MiB | 9.18 MiB/s
2023-09-26T18:35:29.5656467Z Receiving objects:  61% (303/496), 4.91 MiB | 9.18 MiB/s
2023-09-26T18:35:29.5660206Z Receiving objects:  62% (308/496), 4.91 MiB | 9.18 MiB/s
2023-09-26T18:35:29.5666855Z Receiving objects:  63% (313/496), 4.91 MiB | 9.18 MiB/s
2023-09-26T18:35:29.5667241Z Receiving objects:  64% (318/496), 4.91 MiB | 9.18 MiB/s
2023-09-26T18:35:29.5671604Z Receiving objects:  65% (323/496), 4.91 MiB | 9.18 MiB/s
2023-09-26T18:35:29.6014754Z Receiving objects:  66% (328/496), 4.91 MiB | 9.18 MiB/s
2023-09-26T18:35:29.6016817Z Receiving objects:  67% (333/496), 4.91 MiB | 9.18 MiB/s
2023-09-26T18:35:29.6017349Z Receiving objects:  68% (338/496), 4.91 MiB | 9.18 MiB/s
2023-09-26T18:35:29.6017691Z Receiving objects:  69% (343/496), 4.91 MiB | 9.18 MiB/s
2023-09-26T18:35:29.6018071Z Receiving objects:  70% (348/496), 4.91 MiB | 9.18 MiB/s
2023-09-26T18:35:29.6018418Z Receiving objects:  71% (353/496), 4.91 MiB | 9.18 MiB/s
2023-09-26T18:35:29.6029446Z Receiving objects:  72% (358/496), 4.91 MiB | 9.18 MiB/s
2023-09-26T18:35:29.6032640Z Receiving objects:  73% (363/496), 4.91 MiB | 9.18 MiB/s
2023-09-26T18:35:29.6048969Z Receiving objects:  74% (368/496), 4.91 MiB | 9.18 MiB/s
2023-09-26T18:35:29.6121136Z Receiving objects:  75% (372/496), 4.91 MiB | 9.18 MiB/s
2023-09-26T18:35:29.6139582Z Receiving objects:  76% (377/496), 4.91 MiB | 9.18 MiB/s
2023-09-26T18:35:29.6144588Z Receiving objects:  77% (382/496), 4.91 MiB | 9.18 MiB/s
2023-09-26T18:35:29.6144980Z Receiving objects:  78% (387/496), 4.91 MiB | 9.18 MiB/s
2023-09-26T18:35:29.6149971Z Receiving objects:  79% (392/496), 4.91 MiB | 9.18 MiB/s
2023-09-26T18:35:29.6165130Z Receiving objects:  80% (397/496), 4.91 MiB | 9.18 MiB/s
2023-09-26T18:35:29.6165521Z Receiving objects:  81% (402/496), 4.91 MiB | 9.18 MiB/s
2023-09-26T18:35:29.6171139Z Receiving objects:  82% (407/496), 4.91 MiB | 9.18 MiB/s
2023-09-26T18:35:29.6172122Z Receiving objects:  83% (412/496), 4.91 MiB | 9.18 MiB/s
2023-09-26T18:35:29.6172477Z Receiving objects:  84% (417/496), 4.91 MiB | 9.18 MiB/s
2023-09-26T18:35:29.6172825Z Receiving objects:  85% (422/496), 4.91 MiB | 9.18 MiB/s
2023-09-26T18:35:29.6173152Z Receiving objects:  86% (427/496), 4.91 MiB | 9.18 MiB/s
2023-09-26T18:35:29.6173495Z Receiving objects:  87% (432/496), 4.91 MiB | 9.18 MiB/s
2023-09-26T18:35:29.6173837Z Receiving objects:  88% (437/496), 4.91 MiB | 9.18 MiB/s
2023-09-26T18:35:29.6174175Z Receiving objects:  89% (442/496), 4.91 MiB | 9.18 MiB/s
2023-09-26T18:35:29.6201348Z Receiving objects:  90% (447/496), 4.91 MiB | 9.18 MiB/s
2023-09-26T18:35:29.6201978Z Receiving objects:  91% (452/496), 4.91 MiB | 9.18 MiB/s
2023-09-26T18:35:29.6202332Z Receiving objects:  92% (457/496), 4.91 MiB | 9.18 MiB/s
2023-09-26T18:35:29.6202655Z Receiving objects:  93% (462/496), 4.91 MiB | 9.18 MiB/s
2023-09-26T18:35:29.6203002Z Receiving objects:  94% (467/496), 4.91 MiB | 9.18 MiB/s
2023-09-26T18:35:29.6207971Z Receiving objects:  95% (472/496), 4.91 MiB | 9.18 MiB/s
2023-09-26T18:35:29.6220431Z Receiving objects:  96% (477/496), 4.91 MiB | 9.18 MiB/s
2023-09-26T18:35:29.6234369Z Receiving objects:  97% (482/496), 4.91 MiB | 9.18 MiB/s
2023-09-26T18:35:29.6238383Z Receiving objects:  98% (487/496), 4.91 MiB | 9.18 MiB/s
2023-09-26T18:35:29.6576068Z Receiving objects:  99% (492/496), 4.91 MiB | 9.18 MiB/s
2023-09-26T18:35:29.6576875Z remote: Total 496 (delta 36), reused 428 (delta 34), pack-reused 0        
2023-09-26T18:35:29.6585373Z Receiving objects: 100% (496/496), 4.91 MiB | 9.18 MiB/s
2023-09-26T18:35:29.6585783Z Receiving objects: 100% (496/496), 7.70 MiB | 9.22 MiB/s, done.
2023-09-26T18:35:29.6605369Z Resolving deltas:   0% (0/36)
2023-09-26T18:35:29.6605693Z Resolving deltas:   2% (1/36)
2023-09-26T18:35:29.6605989Z Resolving deltas:   5% (2/36)
2023-09-26T18:35:29.6606280Z Resolving deltas:   8% (3/36)
2023-09-26T18:35:29.6606889Z Resolving deltas:  11% (4/36)
2023-09-26T18:35:29.6607209Z Resolving deltas:  13% (5/36)
2023-09-26T18:35:29.6607496Z Resolving deltas:  16% (6/36)
2023-09-26T18:35:29.6607763Z Resolving deltas:  19% (7/36)
2023-09-26T18:35:29.6608049Z Resolving deltas:  22% (8/36)
2023-09-26T18:35:29.6608334Z Resolving deltas:  25% (9/36)
2023-09-26T18:35:29.6608601Z Resolving deltas:  27% (10/36)
2023-09-26T18:35:29.6608888Z Resolving deltas:  30% (11/36)
2023-09-26T18:35:29.6609169Z Resolving deltas:  33% (12/36)
2023-09-26T18:35:29.6609434Z Resolving deltas:  36% (13/36)
2023-09-26T18:35:29.6609712Z Resolving deltas:  38% (14/36)
2023-09-26T18:35:29.6609993Z Resolving deltas:  41% (15/36)
2023-09-26T18:35:29.6610255Z Resolving deltas:  44% (16/36)
2023-09-26T18:35:29.6629222Z Resolving deltas:  47% (17/36)
2023-09-26T18:35:29.6633243Z Resolving deltas:  50% (18/36)
2023-09-26T18:35:29.6633588Z Resolving deltas:  52% (19/36)
2023-09-26T18:35:29.6639152Z Resolving deltas:  55% (20/36)
2023-09-26T18:35:29.6639474Z Resolving deltas:  58% (21/36)
2023-09-26T18:35:29.6639762Z Resolving deltas:  61% (22/36)
2023-09-26T18:35:29.6640027Z Resolving deltas:  63% (23/36)
2023-09-26T18:35:29.6640305Z Resolving deltas:  66% (24/36)
2023-09-26T18:35:29.6640582Z Resolving deltas:  69% (25/36)
2023-09-26T18:35:29.6640843Z Resolving deltas:  72% (26/36)
2023-09-26T18:35:29.6641118Z Resolving deltas:  75% (27/36)
2023-09-26T18:35:29.6641395Z Resolving deltas:  77% (28/36)
2023-09-26T18:35:29.6641655Z Resolving deltas:  80% (29/36)
2023-09-26T18:35:29.6641930Z Resolving deltas:  83% (30/36)
2023-09-26T18:35:29.6642209Z Resolving deltas:  86% (31/36)
2023-09-26T18:35:29.6642467Z Resolving deltas:  88% (32/36)
2023-09-26T18:35:29.6642761Z Resolving deltas:  91% (33/36)
2023-09-26T18:35:29.6643400Z Resolving deltas:  94% (34/36)
2023-09-26T18:35:29.6649550Z Resolving deltas:  97% (35/36)
2023-09-26T18:35:29.6649839Z Resolving deltas: 100% (36/36)
2023-09-26T18:35:29.6650128Z Resolving deltas: 100% (36/36), done.
2023-09-26T18:35:29.6942560Z From https://github.com/Aircoookie/WLED
2023-09-26T18:35:29.6945396Z  * [new ref]         25831bfb6073cf5d3d39114f4106e99ba8411dee -> origin/0_15
2023-09-26T18:35:29.6972463Z ##[endgroup]
2023-09-26T18:35:29.6972978Z ##[group]Determining the checkout info
2023-09-26T18:35:29.6978933Z ##[endgroup]
2023-09-26T18:35:29.6980301Z ##[group]Checking out the ref
2023-09-26T18:35:29.6988174Z [command]/usr/bin/git checkout --progress --force -B 0_15 refs/remotes/origin/0_15
2023-09-26T18:35:29.7815136Z Switched to a new branch '0_15'
2023-09-26T18:35:29.7816114Z branch '0_15' set up to track 'origin/0_15'.
2023-09-26T18:35:29.7832072Z ##[endgroup]
2023-09-26T18:35:29.7905337Z [command]/usr/bin/git log -1 --format='%H'
2023-09-26T18:35:29.7946143Z '25831bfb6073cf5d3d39114f4106e99ba8411dee'
2023-09-26T18:35:30.1041626Z ##[group]Run actions/cache@v3
2023-09-26T18:35:30.1042059Z with:
2023-09-26T18:35:30.1042424Z   path: ~/.cache/pip
2023-09-26T18:35:30.1043019Z   key: Linux-pip-81ff51cfad9e9eb735c6b16e2b137bb04b536de75d900d6b02aa29724c130501
2023-09-26T18:35:30.1043524Z   restore-keys: Linux-pip-

2023-09-26T18:35:30.1043907Z   enableCrossOsArchive: false
2023-09-26T18:35:30.1044230Z   fail-on-cache-miss: false
2023-09-26T18:35:30.1045244Z   lookup-only: false
2023-09-26T18:35:30.1045721Z ##[endgroup]
2023-09-26T18:35:31.9528102Z Received 0 of 3959889 (0.0%), 0.0 MBs/sec
2023-09-26T18:35:32.1394653Z Cache Size: ~4 MB (3959889 B)
2023-09-26T18:35:32.1437081Z [command]/usr/bin/tar -xf /home/runner/work/_temp/1c4b20f6-7ec8-4a6b-8b82-0facae162f7a/cache.tzst -P -C /home/runner/work/WLED/WLED --use-compress-program unzstd
2023-09-26T18:35:32.1811370Z Cache restored successfully
2023-09-26T18:35:32.2220868Z Cache restored from key: Linux-pip-81ff51cfad9e9eb735c6b16e2b137bb04b536de75d900d6b02aa29724c130501
2023-09-26T18:35:32.4346706Z ##[group]Run actions/cache@v3
2023-09-26T18:35:32.4347148Z with:
2023-09-26T18:35:32.4347484Z   path: ~/.platformio
2023-09-26T18:35:32.4347826Z   key: Linux-
2023-09-26T18:35:32.4348186Z   enableCrossOsArchive: false
2023-09-26T18:35:32.4348675Z   fail-on-cache-miss: false
2023-09-26T18:35:32.4349039Z   lookup-only: false
2023-09-26T18:35:32.4349320Z ##[endgroup]
2023-09-26T18:35:34.2412669Z Received 0 of 201123108 (0.0%), 0.0 MBs/sec
2023-09-26T18:35:35.2421028Z Received 88080384 of 201123108 (43.8%), 42.0 MBs/sec
2023-09-26T18:35:36.1690941Z Cache Size: ~192 MB (201123108 B)
2023-09-26T18:35:36.1755281Z [command]/usr/bin/tar -xf /home/runner/work/_temp/4a52f655-8b37-40fd-870f-9d6f2ad82434/cache.tzst -P -C /home/runner/work/WLED/WLED --use-compress-program unzstd
2023-09-26T18:35:36.2459492Z Received 201123108 of 201123108 (100.0%), 63.9 MBs/sec
2023-09-26T18:35:37.3833391Z Cache restored successfully
2023-09-26T18:35:37.4472282Z Cache restored from key: Linux-
2023-09-26T18:35:37.4875364Z ##[group]Run actions/setup-python@v4
2023-09-26T18:35:37.4875998Z with:
2023-09-26T18:35:37.4876304Z   python-version: 3.9
2023-09-26T18:35:37.4877767Z   check-latest: false
2023-09-26T18:35:37.4878370Z   token: ***
2023-09-26T18:35:37.4878851Z   update-environment: true
2023-09-26T18:35:37.4879424Z   allow-prereleases: false
2023-09-26T18:35:37.4879797Z ##[endgroup]
2023-09-26T18:35:37.7413877Z ##[group]Installed versions
2023-09-26T18:35:37.7572205Z Successfully set up CPython (3.9.18)
2023-09-26T18:35:37.7575115Z ##[endgroup]
2023-09-26T18:35:37.7767741Z ##[group]Run pip install -r requirements.txt
2023-09-26T18:35:37.7768385Z [36;1mpip install -r requirements.txt[0m
2023-09-26T18:35:37.7850236Z shell: /usr/bin/bash -e {0}
2023-09-26T18:35:37.7850803Z env:
2023-09-26T18:35:37.7851253Z   pythonLocation: /opt/hostedtoolcache/Python/3.9.18/x64
2023-09-26T18:35:37.7851779Z   PKG_CONFIG_PATH: /opt/hostedtoolcache/Python/3.9.18/x64/lib/pkgconfig
2023-09-26T18:35:37.7852636Z   Python_ROOT_DIR: /opt/hostedtoolcache/Python/3.9.18/x64
2023-09-26T18:35:37.7853233Z   Python2_ROOT_DIR: /opt/hostedtoolcache/Python/3.9.18/x64
2023-09-26T18:35:37.7853719Z   Python3_ROOT_DIR: /opt/hostedtoolcache/Python/3.9.18/x64
2023-09-26T18:35:37.7854221Z   LD_LIBRARY_PATH: /opt/hostedtoolcache/Python/3.9.18/x64/lib
2023-09-26T18:35:37.7854656Z ##[endgroup]
2023-09-26T18:35:39.1607885Z Collecting aiofiles==22.1.0 (from -r requirements.txt (line 7))
2023-09-26T18:35:39.1640568Z   Using cached aiofiles-22.1.0-py3-none-any.whl (14 kB)
2023-09-26T18:35:39.1928025Z Collecting ajsonrpc==1.2.0 (from -r requirements.txt (line 9))
2023-09-26T18:35:39.1957752Z   Using cached ajsonrpc-1.2.0-py3-none-any.whl (22 kB)
2023-09-26T18:35:39.2514971Z Collecting anyio==3.6.2 (from -r requirements.txt (line 11))
2023-09-26T18:35:39.2549657Z   Using cached anyio-3.6.2-py3-none-any.whl (80 kB)
2023-09-26T18:35:39.2919877Z Collecting bottle==0.12.25 (from -r requirements.txt (line 13))
2023-09-26T18:35:39.2953341Z   Using cached bottle-0.12.25-py3-none-any.whl (90 kB)
2023-09-26T18:35:39.3416709Z Collecting certifi==2023.7.22 (from -r requirements.txt (line 15))
2023-09-26T18:35:39.3420828Z   Obtaining dependency information for certifi==2023.7.22 from https://files.pythonhosted.org/packages/4c/dd/2234eab22353ffc7d94e8d13177aaa050113286e93e7b40eae01fbf7c3d9/certifi-2023.7.22-py3-none-any.whl.metadata
2023-09-26T18:35:39.3448554Z   Using cached certifi-2023.7.22-py3-none-any.whl.metadata (2.2 kB)
2023-09-26T18:35:39.5185565Z Collecting charset-normalizer==3.1.0 (from -r requirements.txt (line 17))
2023-09-26T18:35:39.5220695Z   Using cached charset_normalizer-3.1.0-cp39-cp39-manylinux_2_17_x86_64.manylinux2014_x86_64.whl (199 kB)
2023-09-26T18:35:39.5721710Z Collecting click==8.1.3 (from -r requirements.txt (line 19))
2023-09-26T18:35:39.5751943Z   Using cached click-8.1.3-py3-none-any.whl (96 kB)
2023-09-26T18:35:39.6174266Z Collecting colorama==0.4.6 (from -r requirements.txt (line 23))
2023-09-26T18:35:39.6203013Z   Using cached colorama-0.4.6-py2.py3-none-any.whl (25 kB)
2023-09-26T18:35:39.6456792Z Collecting h11==0.14.0 (from -r requirements.txt (line 25))
2023-09-26T18:35:39.6486831Z   Using cached h11-0.14.0-py3-none-any.whl (58 kB)
2023-09-26T18:35:39.6969435Z Collecting idna==3.4 (from -r requirements.txt (line 29))
2023-09-26T18:35:39.7001211Z   Using cached idna-3.4-py3-none-any.whl (61 kB)
2023-09-26T18:35:39.8128906Z Collecting marshmallow==3.19.0 (from -r requirements.txt (line 33))
2023-09-26T18:35:39.8159187Z   Using cached marshmallow-3.19.0-py3-none-any.whl (49 kB)
2023-09-26T18:35:39.8664959Z Collecting packaging==23.1 (from -r requirements.txt (line 35))
2023-09-26T18:35:39.8695261Z   Using cached packaging-23.1-py3-none-any.whl (48 kB)
2023-09-26T18:35:39.9321245Z Collecting platformio==6.1.6 (from -r requirements.txt (line 37))
2023-09-26T18:35:39.9321858Z   Using cached platformio-6.1.6-py3-none-any.whl
2023-09-26T18:35:39.9666255Z Collecting pyelftools==0.29 (from -r requirements.txt (line 39))
2023-09-26T18:35:39.9697585Z   Using cached pyelftools-0.29-py2.py3-none-any.whl (174 kB)
2023-09-26T18:35:39.9967288Z Collecting pyserial==3.5 (from -r requirements.txt (line 41))
2023-09-26T18:35:39.9997381Z   Using cached pyserial-3.5-py2.py3-none-any.whl (90 kB)
2023-09-26T18:35:40.0831304Z Collecting requests==2.31.0 (from -r requirements.txt (line 43))
2023-09-26T18:35:40.0834879Z   Obtaining dependency information for requests==2.31.0 from https://files.pythonhosted.org/packages/70/8e/0e2d847013cb52cd35b38c009bb167a1a26b2ce6cd6965bf26b47bc0bf44/requests-2.31.0-py3-none-any.whl.metadata
2023-09-26T18:35:40.0865249Z   Using cached requests-2.31.0-py3-none-any.whl.metadata (4.6 kB)
2023-09-26T18:35:40.1201500Z Collecting semantic-version==2.10.0 (from -r requirements.txt (line 45))
2023-09-26T18:35:40.1233139Z   Using cached semantic_version-2.10.0-py2.py3-none-any.whl (15 kB)
2023-09-26T18:35:40.1474449Z Collecting sniffio==1.3.0 (from -r requirements.txt (line 47))
2023-09-26T18:35:40.1503387Z   Using cached sniffio-1.3.0-py3-none-any.whl (10 kB)
2023-09-26T18:35:40.2207148Z Collecting starlette==0.23.1 (from -r requirements.txt (line 49))
2023-09-26T18:35:40.2238653Z   Using cached starlette-0.23.1-py3-none-any.whl (64 kB)
2023-09-26T18:35:40.2537443Z Collecting tabulate==0.9.0 (from -r requirements.txt (line 51))
2023-09-26T18:35:40.2566313Z   Using cached tabulate-0.9.0-py3-none-any.whl (35 kB)
2023-09-26T18:35:40.3597240Z Collecting urllib3==1.26.15 (from -r requirements.txt (line 53))
2023-09-26T18:35:40.3627176Z   Using cached urllib3-1.26.15-py2.py3-none-any.whl (140 kB)
2023-09-26T18:35:40.4249373Z Collecting uvicorn==0.20.0 (from -r requirements.txt (line 55))
2023-09-26T18:35:40.4282052Z   Using cached uvicorn-0.20.0-py3-none-any.whl (56 kB)
2023-09-26T18:35:40.4546076Z Collecting wsproto==1.2.0 (from -r requirements.txt (line 57))
2023-09-26T18:35:40.4573263Z   Using cached wsproto-1.2.0-py3-none-any.whl (24 kB)
2023-09-26T18:35:40.8015601Z Collecting typing-extensions>=3.10.0 (from starlette==0.23.1->-r requirements.txt (line 49))
2023-09-26T18:35:40.8018898Z   Obtaining dependency information for typing-extensions>=3.10.0 from https://files.pythonhosted.org/packages/24/21/7d397a4b7934ff4028987914ac1044d3b7d52712f30e2ac7a2ae5bc86dd0/typing_extensions-4.8.0-py3-none-any.whl.metadata
2023-09-26T18:35:40.9138732Z   Downloading typing_extensions-4.8.0-py3-none-any.whl.metadata (3.0 kB)
2023-09-26T18:35:41.0612271Z Using cached certifi-2023.7.22-py3-none-any.whl (158 kB)
2023-09-26T18:35:41.0641966Z Using cached requests-2.31.0-py3-none-any.whl (62 kB)
2023-09-26T18:35:41.0744436Z Downloading typing_extensions-4.8.0-py3-none-any.whl (31 kB)
2023-09-26T18:35:41.3187254Z Installing collected packages: pyserial, pyelftools, bottle, urllib3, typing-extensions, tabulate, sniffio, semantic-version, packaging, idna, h11, colorama, click, charset-normalizer, certifi, ajsonrpc, aiofiles, wsproto, uvicorn, requests, marshmallow, anyio, starlette, platformio
2023-09-26T18:35:43.6996318Z Successfully installed aiofiles-22.1.0 ajsonrpc-1.2.0 anyio-3.6.2 bottle-0.12.25 certifi-2023.7.22 charset-normalizer-3.1.0 click-8.1.3 colorama-0.4.6 h11-0.14.0 idna-3.4 marshmallow-3.19.0 packaging-23.1 platformio-6.1.6 pyelftools-0.29 pyserial-3.5 requests-2.31.0 semantic-version-2.10.0 sniffio-1.3.0 starlette-0.23.1 tabulate-0.9.0 typing-extensions-4.8.0 urllib3-1.26.15 uvicorn-0.20.0 wsproto-1.2.0
2023-09-26T18:35:43.9896025Z 
2023-09-26T18:35:43.9897234Z [notice] A new release of pip is available: 23.0.1 -> 23.2.1
2023-09-26T18:35:43.9897799Z [notice] To update, run: pip install --upgrade pip
2023-09-26T18:35:44.1177073Z ##[group]Run pio run -e esp32dev
2023-09-26T18:35:44.1177467Z [36;1mpio run -e esp32dev[0m
2023-09-26T18:35:44.1262180Z shell: /usr/bin/bash -e {0}
2023-09-26T18:35:44.1262467Z env:
2023-09-26T18:35:44.1262816Z   pythonLocation: /opt/hostedtoolcache/Python/3.9.18/x64
2023-09-26T18:35:44.1263254Z   PKG_CONFIG_PATH: /opt/hostedtoolcache/Python/3.9.18/x64/lib/pkgconfig
2023-09-26T18:35:44.1263698Z   Python_ROOT_DIR: /opt/hostedtoolcache/Python/3.9.18/x64
2023-09-26T18:35:44.1264095Z   Python2_ROOT_DIR: /opt/hostedtoolcache/Python/3.9.18/x64
2023-09-26T18:35:44.1264488Z   Python3_ROOT_DIR: /opt/hostedtoolcache/Python/3.9.18/x64
2023-09-26T18:35:44.1264891Z   LD_LIBRARY_PATH: /opt/hostedtoolcache/Python/3.9.18/x64/lib
2023-09-26T18:35:44.1265208Z   WLED_RELEASE: true
2023-09-26T18:35:44.1265477Z ##[endgroup]
2023-09-26T18:35:44.5199452Z Processing esp32dev (board: esp32dev; platform: espressif32@3.5.0; framework: arduino)
2023-09-26T18:35:44.5200400Z --------------------------------------------------------------------------------
2023-09-26T18:35:44.5436841Z Library Manager: Installing git+https://github.com/lorol/LITTLEFS.git
2023-09-26T18:35:44.5605982Z git version 2.42.0
2023-09-26T18:35:44.5687169Z Cloning into '/home/runner/.platformio/.cache/tmp/pkg-installing-nnh2dzlx'...
2023-09-26T18:35:45.2043349Z Library Manager: LittleFS_esp32@1.0.6+sha.f0817ca has been installed!
2023-09-26T18:35:45.2061111Z Library Manager: Installing git+https://github.com/pbolduc/AsyncTCP.git @ 1.2.0
2023-09-26T18:35:45.2106082Z git version 2.42.0
2023-09-26T18:35:45.2154781Z Cloning into '/home/runner/.platformio/.cache/tmp/pkg-installing-8zzzv0fx'...
2023-09-26T18:35:45.8073051Z Library Manager: AsyncTCP@1.2.0+sha.38b8475 has been installed!
2023-09-26T18:35:45.8085300Z Library Manager: Installing fastled/FastLED @ 3.6.0
2023-09-26T18:35:49.5318669Z Downloading 0% 10% 20% 30% 40% 50% 60% 70% 80% 90% 100%
2023-09-26T18:35:49.5801850Z Unpacking
2023-09-26T18:35:49.6927966Z Library Manager: FastLED@3.6.0 has been installed!
2023-09-26T18:35:49.6940479Z Library Manager: Installing makuna/NeoPixelBus @ 2.7.5
2023-09-26T18:35:52.4416593Z Downloading 0% 10% 20% 30% 40% 50% 60% 70% 80% 90% 100%
2023-09-26T18:35:52.4963165Z Unpacking
2023-09-26T18:35:52.6103322Z Library Manager: NeoPixelBus@2.7.5 has been installed!
2023-09-26T18:35:52.6106822Z Library Manager: Resolving dependencies...
2023-09-26T18:35:52.6158963Z Library Manager: Installing SPI
2023-09-26T18:35:53.2870181Z Library Manager: Installing git+https://github.com/Aircoookie/ESPAsyncWebServer.git @ ~2.0.7
2023-09-26T18:35:53.2916006Z git version 2.42.0
2023-09-26T18:35:53.2960633Z Cloning into '/home/runner/.platformio/.cache/tmp/pkg-installing-qwugwc49'...
2023-09-26T18:35:53.9802575Z Library Manager: ESPAsyncWebServerAircoookie@2.0.7+sha.b9349dc has been installed!
2023-09-26T18:35:53.9804683Z Library Manager: Resolving dependencies...
2023-09-26T18:35:53.9835224Z Library Manager: Installing git+https://github.com/blazoncek/QuickESPNow.git#optional-debug
2023-09-26T18:35:53.9881764Z git version 2.42.0
2023-09-26T18:35:53.9932064Z Cloning into '/home/runner/.platformio/.cache/tmp/pkg-installing-ihmazcc_'...
2023-09-26T18:35:54.6173345Z Library Manager: QuickEspNow@0.6.2+sha.b357ffa has been installed!
2023-09-26T18:35:55.0841421Z Verbose mode can be enabled via `-v, --verbose` option
2023-09-26T18:35:55.1001837Z CONFIGURATION: https://docs.platformio.org/page/boards/espressif32/esp32dev.html
2023-09-26T18:35:55.1002837Z PLATFORM: Espressif 32 (3.5.0) > Espressif ESP32 Dev Module
2023-09-26T18:35:55.1006999Z HARDWARE: ESP32 240MHz, 320KB RAM, 4MB Flash
2023-09-26T18:35:55.1009101Z DEBUG: Current (esp-prog) External (esp-prog, iot-bus-jtag, jlink, minimodule, olimex-arm-usb-ocd, olimex-arm-usb-ocd-h, olimex-arm-usb-tiny-h, olimex-jtag-tiny, tumpa)
2023-09-26T18:35:55.1009932Z PACKAGES: 
2023-09-26T18:35:55.1010619Z  - framework-arduinoespressif32 @ 0.0.0+sha.4b0c087 
2023-09-26T18:35:55.1012328Z  - tool-esptoolpy @ 1.30100.210531 (3.1.0) 
2023-09-26T18:35:55.1013467Z  - toolchain-xtensa32 @ 2.50200.97 (5.2.0)
2023-09-26T18:35:55.1058678Z Converting wled00.ino
2023-09-26T18:35:55.1618970Z LDF: Library Dependency Finder -> https://bit.ly/configure-pio-ldf
2023-09-26T18:35:55.1621056Z LDF Modes: Finder ~ chain, Compatibility ~ strict
2023-09-26T18:35:55.3117704Z Library Manager: Installing IRremoteESP8266 @ 2.8.2
2023-09-26T18:35:59.9663262Z Downloading 0% 10% 20% 30% 40% 50% 60% 70% 80% 90% 100%
2023-09-26T18:36:00.0622649Z Unpacking
2023-09-26T18:36:00.2601158Z Library Manager: IRremoteESP8266@2.8.2 has been installed!
2023-09-26T18:36:00.3700130Z Found 35 compatible libraries
2023-09-26T18:36:00.3700563Z Scanning dependencies...
2023-09-26T18:36:02.2485431Z Dependency Graph
2023-09-26T18:36:02.2486200Z |-- LittleFS_esp32 @ 1.0.6+sha.f0817ca
2023-09-26T18:36:02.2488463Z |   |-- FS @ 1.0
2023-09-26T18:36:02.2500634Z |-- AsyncTCP @ 1.2.0+sha.38b8475
2023-09-26T18:36:02.2513536Z |-- FastLED @ 3.6.0
2023-09-26T18:36:02.2513994Z |   |-- SPI @ 1.0
2023-09-26T18:36:02.2514377Z |-- IRremoteESP8266 @ 2.8.2
2023-09-26T18:36:02.2520321Z |-- NeoPixelBus @ 2.7.5
2023-09-26T18:36:02.2523468Z |   |-- SPI @ 1.0
2023-09-26T18:36:02.2528660Z |-- ESPAsyncWebServerAircoookie @ 2.0.7+sha.b9349dc
2023-09-26T18:36:02.2531908Z |   |-- AsyncTCP @ 1.2.0+sha.38b8475
2023-09-26T18:36:02.2537898Z |   |-- FS @ 1.0
2023-09-26T18:36:02.2538268Z |   |-- WiFi @ 1.0
2023-09-26T18:36:02.2540494Z |-- QuickEspNow @ 0.6.2+sha.b357ffa
2023-09-26T18:36:02.2559489Z |-- Wire @ 1.0.1
2023-09-26T18:36:02.2559821Z |-- SD(esp32) @ 1.0.5
2023-09-26T18:36:02.2565352Z |   |-- FS @ 1.0
2023-09-26T18:36:02.2565706Z |   |-- SPI @ 1.0
2023-09-26T18:36:02.2566006Z |-- SD_MMC @ 1.0
2023-09-26T18:36:02.2570709Z |   |-- FS @ 1.0
2023-09-26T18:36:02.2571029Z |-- SPI @ 1.0
2023-09-26T18:36:02.2597438Z |-- EEPROM @ 1.0.3
2023-09-26T18:36:02.2602724Z |-- ArduinoOTA @ 1.0
2023-09-26T18:36:02.2603078Z |   |-- Update @ 1.0
2023-09-26T18:36:02.2603391Z |   |-- WiFi @ 1.0
2023-09-26T18:36:02.2603701Z |   |-- ESPmDNS @ 1.0
2023-09-26T18:36:02.2604028Z |   |   |-- WiFi @ 1.0
2023-09-26T18:36:02.2604351Z |-- DNSServer @ 1.1.0
2023-09-26T18:36:02.2604658Z |   |-- WiFi @ 1.0
2023-09-26T18:36:02.2605395Z |-- ESPmDNS @ 1.0
2023-09-26T18:36:02.2605786Z |   |-- WiFi @ 1.0
2023-09-26T18:36:02.2606081Z |-- WiFi @ 1.0
2023-09-26T18:36:02.2606502Z |-- ESP32 Async UDP @ 1.0.0
2023-09-26T18:36:02.2606826Z |-- WebServer @ 1.0
2023-09-26T18:36:02.2607126Z |   |-- WiFi @ 1.0
2023-09-26T18:36:02.2607460Z |   |-- FS @ 1.0
2023-09-26T18:36:02.4295764Z Building in release mode
2023-09-26T18:36:02.7547201Z Compiling .pio/build/esp32dev/libeb3/FastLED/FastLED.cpp.o
2023-09-26T18:36:02.7731680Z Compiling .pio/build/esp32dev/libeb3/FastLED/bitswap.cpp.o
2023-09-26T18:36:03.5263413Z Compiling .pio/build/esp32dev/libeb3/FastLED/colorpalettes.cpp.o
2023-09-26T18:36:03.5783609Z Compiling .pio/build/esp32dev/libeb3/FastLED/colorutils.cpp.o
2023-09-26T18:36:04.2143397Z Compiling .pio/build/esp32dev/libeb3/FastLED/hsv2rgb.cpp.o
2023-09-26T18:36:04.7168896Z Compiling .pio/build/esp32dev/libeb3/FastLED/lib8tion.cpp.o
2023-09-26T18:36:04.9943891Z Compiling .pio/build/esp32dev/libeb3/FastLED/noise.cpp.o
2023-09-26T18:36:05.4663574Z Compiling .pio/build/esp32dev/libeb3/FastLED/platforms.cpp.o
2023-09-26T18:36:05.5104742Z Compiling .pio/build/esp32dev/libeb3/FastLED/platforms/esp/32/clockless_rmt_esp32.cpp.o
2023-09-26T18:36:06.0984499Z Compiling .pio/build/esp32dev/libeb3/FastLED/power_mgt.cpp.o
2023-09-26T18:36:06.3464450Z Compiling .pio/build/esp32dev/libeb3/FastLED/wiring.cpp.o
2023-09-26T18:36:07.2276827Z Compiling .pio/build/esp32dev/src/FX.cpp.o
2023-09-26T18:36:07.2783436Z Compiling .pio/build/esp32dev/src/FX_2Dfcn.cpp.o
2023-09-26T18:36:09.5223080Z Compiling .pio/build/esp32dev/src/FX_fcn.cpp.o
2023-09-26T18:36:12.4664286Z Compiling .pio/build/esp32dev/src/alexa.cpp.o
2023-09-26T18:36:14.5063492Z Compiling .pio/build/esp32dev/src/bus_manager.cpp.o
2023-09-26T18:36:14.5623295Z Compiling .pio/build/esp32dev/src/button.cpp.o
2023-09-26T18:36:16.3584399Z Compiling .pio/build/esp32dev/src/cfg.cpp.o
2023-09-26T18:36:17.1703075Z Compiling .pio/build/esp32dev/src/colors.cpp.o
2023-09-26T18:36:19.3183084Z Compiling .pio/build/esp32dev/src/dmx.cpp.o
2023-09-26T18:36:21.0263579Z Compiling .pio/build/esp32dev/src/e131.cpp.o
2023-09-26T18:36:21.5624132Z Compiling .pio/build/esp32dev/src/file.cpp.o
2023-09-26T18:36:22.9145867Z Compiling .pio/build/esp32dev/src/hue.cpp.o
2023-09-26T18:36:23.9223020Z Compiling .pio/build/esp32dev/src/improv.cpp.o
2023-09-26T18:36:25.1715223Z Compiling .pio/build/esp32dev/src/ir.cpp.o
2023-09-26T18:36:25.6578949Z Compiling .pio/build/esp32dev/src/json.cpp.o
2023-09-26T18:36:27.5784216Z Compiling .pio/build/esp32dev/src/led.cpp.o
2023-09-26T18:36:29.4223330Z Compiling .pio/build/esp32dev/src/lx_parser.cpp.o
2023-09-26T18:36:29.4828408Z Compiling .pio/build/esp32dev/src/mqtt.cpp.o
2023-09-26T18:36:31.1663065Z Compiling .pio/build/esp32dev/src/net_debug.cpp.o
2023-09-26T18:36:31.4755313Z Compiling .pio/build/esp32dev/src/network.cpp.o
2023-09-26T18:36:32.8188400Z Compiling .pio/build/esp32dev/src/ntp.cpp.o
2023-09-26T18:36:33.1940397Z Compiling .pio/build/esp32dev/src/overlay.cpp.o
2023-09-26T18:36:34.6383030Z Compiling .pio/build/esp32dev/src/pin_manager.cpp.o
2023-09-26T18:36:34.8776329Z Compiling .pio/build/esp32dev/src/playlist.cpp.o
2023-09-26T18:36:36.3743147Z Compiling .pio/build/esp32dev/src/presets.cpp.o
2023-09-26T18:36:36.9153377Z Compiling .pio/build/esp32dev/src/remote.cpp.o
2023-09-26T18:36:38.6686816Z Compiling .pio/build/esp32dev/src/set.cpp.o
2023-09-26T18:36:38.8503633Z Compiling .pio/build/esp32dev/src/src/dependencies/async-mqtt-client/AsyncMqttClient.cpp.o
2023-09-26T18:36:41.4023695Z Compiling .pio/build/esp32dev/src/src/dependencies/async-mqtt-client/AsyncMqttClient/Packets/ConnAckPacket.cpp.o
2023-09-26T18:36:41.5728356Z Compiling .pio/build/esp32dev/src/src/dependencies/async-mqtt-client/AsyncMqttClient/Packets/PingRespPacket.cpp.o
2023-09-26T18:36:42.0504466Z Compiling .pio/build/esp32dev/src/src/dependencies/async-mqtt-client/AsyncMqttClient/Packets/PubAckPacket.cpp.o
2023-09-26T18:36:42.2016864Z Compiling .pio/build/esp32dev/src/src/dependencies/async-mqtt-client/AsyncMqttClient/Packets/PubCompPacket.cpp.o
2023-09-26T18:36:42.7127399Z Compiling .pio/build/esp32dev/src/src/dependencies/async-mqtt-client/AsyncMqttClient/Packets/PubRecPacket.cpp.o
2023-09-26T18:36:42.8223799Z Compiling .pio/build/esp32dev/src/src/dependencies/async-mqtt-client/AsyncMqttClient/Packets/PubRelPacket.cpp.o
2023-09-26T18:36:43.3664831Z Compiling .pio/build/esp32dev/src/src/dependencies/async-mqtt-client/AsyncMqttClient/Packets/PublishPacket.cpp.o
2023-09-26T18:36:43.4332520Z Compiling .pio/build/esp32dev/src/src/dependencies/async-mqtt-client/AsyncMqttClient/Packets/SubAckPacket.cpp.o
2023-09-26T18:36:44.0242332Z Compiling .pio/build/esp32dev/src/src/dependencies/async-mqtt-client/AsyncMqttClient/Packets/UnsubAckPacket.cpp.o
2023-09-26T18:36:44.0547309Z Compiling .pio/build/esp32dev/src/src/dependencies/dmx/ESPDMX.cpp.o
2023-09-26T18:36:44.1138899Z Compiling .pio/build/esp32dev/src/src/dependencies/dmx/SparkFunDMX.cpp.o
2023-09-26T18:36:44.6655169Z Compiling .pio/build/esp32dev/src/src/dependencies/e131/ESPAsyncE131.cpp.o
2023-09-26T18:36:44.6992831Z Compiling .pio/build/esp32dev/src/src/dependencies/espalexa/EspalexaDevice.cpp.o
2023-09-26T18:36:45.5456954Z Compiling .pio/build/esp32dev/src/src/dependencies/network/Network.cpp.o
2023-09-26T18:36:45.5663734Z Compiling .pio/build/esp32dev/src/src/dependencies/time/DS1307RTC.cpp.o
2023-09-26T18:36:45.8337535Z Compiling .pio/build/esp32dev/src/src/dependencies/time/DateStrings.cpp.o
2023-09-26T18:36:45.9143788Z Compiling .pio/build/esp32dev/src/src/dependencies/time/Time.cpp.o
2023-09-26T18:36:46.3460115Z Compiling .pio/build/esp32dev/src/src/dependencies/timezone/Timezone.cpp.o
2023-09-26T18:36:46.5510807Z Compiling .pio/build/esp32dev/src/udp.cpp.o
2023-09-26T18:36:46.9523573Z Compiling .pio/build/esp32dev/src/um_manager.cpp.o
2023-09-26T18:36:48.7023910Z Compiling .pio/build/esp32dev/src/usermod.cpp.o
2023-09-26T18:36:49.2882729Z Compiling .pio/build/esp32dev/src/usermods_list.cpp.o
2023-09-26T18:36:50.3892480Z Compiling .pio/build/esp32dev/src/util.cpp.o
2023-09-26T18:36:51.0806459Z Compiling .pio/build/esp32dev/src/wled.cpp.o
2023-09-26T18:36:52.5422876Z Compiling .pio/build/esp32dev/src/wled00.ino.cpp.o
2023-09-26T18:36:53.3622815Z Compiling .pio/build/esp32dev/src/wled_eeprom.cpp.o
2023-09-26T18:36:53.4062807Z Compiling .pio/build/esp32dev/src/wled_math.cpp.o
2023-09-26T18:36:53.9783984Z Compiling .pio/build/esp32dev/src/wled_serial.cpp.o
2023-09-26T18:36:54.2187942Z Compiling .pio/build/esp32dev/src/wled_server.cpp.o
2023-09-26T18:36:56.0343079Z Compiling .pio/build/esp32dev/src/ws.cpp.o
2023-09-26T18:36:57.5865316Z Compiling .pio/build/esp32dev/src/xml.cpp.o
2023-09-26T18:36:58.1823150Z Generating partitions .pio/build/esp32dev/partitions.bin
2023-09-26T18:36:58.3183084Z Compiling .pio/build/esp32dev/lib7aa/FS/FS.cpp.o
2023-09-26T18:36:59.1183124Z Compiling .pio/build/esp32dev/lib7aa/FS/vfs_api.cpp.o
2023-09-26T18:36:59.8605970Z Compiling .pio/build/esp32dev/lib4dc/LittleFS_esp32/LITTLEFS.cpp.o
2023-09-26T18:37:00.0345928Z Archiving .pio/build/esp32dev/lib7aa/libFS.a
2023-09-26T18:37:00.0502254Z Indexing .pio/build/esp32dev/lib7aa/libFS.a
2023-09-26T18:37:00.1144485Z Compiling .pio/build/esp32dev/lib4dc/LittleFS_esp32/esp_littlefs.c.o
2023-09-26T18:37:00.6104827Z Compiling .pio/build/esp32dev/lib4dc/LittleFS_esp32/lfs.c.o
2023-09-26T18:37:00.6382902Z Compiling .pio/build/esp32dev/lib4dc/LittleFS_esp32/lfs_util.c.o
2023-09-26T18:37:00.7144220Z Compiling .pio/build/esp32dev/lib4dc/LittleFS_esp32/littlefs_api.c.o
2023-09-26T18:37:01.0383192Z Compiling .pio/build/esp32dev/lib740/AsyncTCP/AsyncTCP.cpp.o
2023-09-26T18:37:01.6863121Z Archiving .pio/build/esp32dev/lib4dc/libLittleFS_esp32.a
2023-09-26T18:37:01.7059164Z Indexing .pio/build/esp32dev/lib4dc/libLittleFS_esp32.a
2023-09-26T18:37:01.7543374Z Compiling .pio/build/esp32dev/lib30b/SPI/SPI.cpp.o
2023-09-26T18:37:01.8833902Z Archiving .pio/build/esp32dev/lib30b/libSPI.a
2023-09-26T18:37:01.8917061Z Indexing .pio/build/esp32dev/lib30b/libSPI.a
2023-09-26T18:37:01.9983222Z Compiling .pio/build/esp32dev/lib9f3/IRremoteESP8266/IRac.cpp.o
2023-09-26T18:37:02.2643208Z Archiving .pio/build/esp32dev/lib740/libAsyncTCP.a
2023-09-26T18:37:02.2776832Z Indexing .pio/build/esp32dev/lib740/libAsyncTCP.a
2023-09-26T18:37:02.3110639Z Compiling .pio/build/esp32dev/lib9f3/IRremoteESP8266/IRrecv.cpp.o
2023-09-26T18:37:02.9183142Z Compiling .pio/build/esp32dev/lib9f3/IRremoteESP8266/IRsend.cpp.o
2023-09-26T18:37:03.1063919Z Compiling .pio/build/esp32dev/lib9f3/IRremoteESP8266/IRtext.cpp.o
2023-09-26T18:37:03.6223969Z Compiling .pio/build/esp32dev/lib9f3/IRremoteESP8266/IRtimer.cpp.o
2023-09-26T18:37:03.7345457Z Compiling .pio/build/esp32dev/lib9f3/IRremoteESP8266/IRutils.cpp.o
2023-09-26T18:37:04.2103353Z Compiling .pio/build/esp32dev/lib9f3/IRremoteESP8266/ir_Airton.cpp.o
2023-09-26T18:37:04.7722641Z Compiling .pio/build/esp32dev/lib9f3/IRremoteESP8266/ir_Airwell.cpp.o
2023-09-26T18:37:04.9383375Z Compiling .pio/build/esp32dev/lib9f3/IRremoteESP8266/ir_Aiwa.cpp.o
2023-09-26T18:37:05.3943193Z Compiling .pio/build/esp32dev/lib9f3/IRremoteESP8266/ir_Amcor.cpp.o
2023-09-26T18:37:05.5263562Z Compiling .pio/build/esp32dev/lib9f3/IRremoteESP8266/ir_Argo.cpp.o
2023-09-26T18:37:06.0741831Z Compiling .pio/build/esp32dev/lib9f3/IRremoteESP8266/ir_Arris.cpp.o
2023-09-26T18:37:06.2423628Z Compiling .pio/build/esp32dev/lib9f3/IRremoteESP8266/ir_Bose.cpp.o
2023-09-26T18:37:06.6743704Z Compiling .pio/build/esp32dev/lib9f3/IRremoteESP8266/ir_Carrier.cpp.o
2023-09-26T18:37:06.8103559Z Compiling .pio/build/esp32dev/lib9f3/IRremoteESP8266/ir_Coolix.cpp.o
2023-09-26T18:37:07.4583045Z Compiling .pio/build/esp32dev/lib9f3/IRremoteESP8266/ir_Corona.cpp.o
2023-09-26T18:37:07.6263766Z Compiling .pio/build/esp32dev/lib9f3/IRremoteESP8266/ir_Daikin.cpp.o
2023-09-26T18:37:08.2103900Z Compiling .pio/build/esp32dev/lib9f3/IRremoteESP8266/ir_Delonghi.cpp.o
2023-09-26T18:37:08.8784151Z Compiling .pio/build/esp32dev/lib9f3/IRremoteESP8266/ir_Denon.cpp.o
2023-09-26T18:37:09.4423217Z Compiling .pio/build/esp32dev/lib9f3/IRremoteESP8266/ir_Dish.cpp.o
2023-09-26T18:37:09.5384061Z Compiling .pio/build/esp32dev/lib9f3/IRremoteESP8266/ir_Doshisha.cpp.o
2023-09-26T18:37:09.9904482Z Compiling .pio/build/esp32dev/lib9f3/IRremoteESP8266/ir_Ecoclim.cpp.o
2023-09-26T18:37:10.0466844Z Compiling .pio/build/esp32dev/lib9f3/IRremoteESP8266/ir_Electra.cpp.o
2023-09-26T18:37:10.7424099Z Compiling .pio/build/esp32dev/lib9f3/IRremoteESP8266/ir_EliteScreens.cpp.o
2023-09-26T18:37:10.8143728Z Compiling .pio/build/esp32dev/lib9f3/IRremoteESP8266/ir_Epson.cpp.o
2023-09-26T18:37:11.3662865Z Compiling .pio/build/esp32dev/lib9f3/IRremoteESP8266/ir_Fujitsu.cpp.o
2023-09-26T18:37:11.3982779Z Compiling .pio/build/esp32dev/lib9f3/IRremoteESP8266/ir_GICable.cpp.o
2023-09-26T18:37:11.9705189Z Compiling .pio/build/esp32dev/lib9f3/IRremoteESP8266/ir_GlobalCache.cpp.o
2023-09-26T18:37:12.2863498Z Compiling .pio/build/esp32dev/lib9f3/IRremoteESP8266/ir_Goodweather.cpp.o
2023-09-26T18:37:12.3543752Z Compiling .pio/build/esp32dev/lib9f3/IRremoteESP8266/ir_Gree.cpp.o
2023-09-26T18:37:13.0022983Z Compiling .pio/build/esp32dev/lib9f3/IRremoteESP8266/ir_Haier.cpp.o
2023-09-26T18:37:13.1303184Z Compiling .pio/build/esp32dev/lib9f3/IRremoteESP8266/ir_Hitachi.cpp.o
2023-09-26T18:37:13.9744118Z Compiling .pio/build/esp32dev/lib9f3/IRremoteESP8266/ir_Inax.cpp.o
2023-09-26T18:37:14.2543677Z Compiling .pio/build/esp32dev/lib9f3/IRremoteESP8266/ir_JVC.cpp.o
2023-09-26T18:37:14.5583269Z Compiling .pio/build/esp32dev/lib9f3/IRremoteESP8266/ir_Kelon.cpp.o
2023-09-26T18:37:14.8383165Z Compiling .pio/build/esp32dev/lib9f3/IRremoteESP8266/ir_Kelvinator.cpp.o
2023-09-26T18:37:15.2720052Z Compiling .pio/build/esp32dev/lib9f3/IRremoteESP8266/ir_LG.cpp.o
2023-09-26T18:37:15.7543940Z Compiling .pio/build/esp32dev/lib9f3/IRremoteESP8266/ir_Lasertag.cpp.o
2023-09-26T18:37:16.2822683Z Compiling .pio/build/esp32dev/lib9f3/IRremoteESP8266/ir_Lego.cpp.o
2023-09-26T18:37:16.3063428Z Compiling .pio/build/esp32dev/lib9f3/IRremoteESP8266/ir_Lutron.cpp.o
2023-09-26T18:37:16.8464085Z Compiling .pio/build/esp32dev/lib9f3/IRremoteESP8266/ir_MWM.cpp.o
2023-09-26T18:37:16.8700894Z Compiling .pio/build/esp32dev/lib9f3/IRremoteESP8266/ir_Magiquest.cpp.o
2023-09-26T18:37:17.3766763Z Compiling .pio/build/esp32dev/lib9f3/IRremoteESP8266/ir_Metz.cpp.o
2023-09-26T18:37:17.4342075Z Compiling .pio/build/esp32dev/lib9f3/IRremoteESP8266/ir_Midea.cpp.o
2023-09-26T18:37:17.9353508Z Compiling .pio/build/esp32dev/lib9f3/IRremoteESP8266/ir_MilesTag2.cpp.o
2023-09-26T18:37:18.2511587Z Compiling .pio/build/esp32dev/lib9f3/IRremoteESP8266/ir_Mirage.cpp.o
2023-09-26T18:37:18.5063713Z Compiling .pio/build/esp32dev/lib9f3/IRremoteESP8266/ir_Mitsubishi.cpp.o
2023-09-26T18:37:18.8344140Z Compiling .pio/build/esp32dev/lib9f3/IRremoteESP8266/ir_MitsubishiHeavy.cpp.o
2023-09-26T18:37:19.4943448Z Compiling .pio/build/esp32dev/lib9f3/IRremoteESP8266/ir_Multibrackets.cpp.o
2023-09-26T18:37:19.7743193Z Compiling .pio/build/esp32dev/lib9f3/IRremoteESP8266/ir_NEC.cpp.o
2023-09-26T18:37:20.0704042Z Compiling .pio/build/esp32dev/lib9f3/IRremoteESP8266/ir_Neoclima.cpp.o
2023-09-26T18:37:20.3704058Z Compiling .pio/build/esp32dev/lib9f3/IRremoteESP8266/ir_Nikai.cpp.o
2023-09-26T18:37:20.8626768Z Compiling .pio/build/esp32dev/lib9f3/IRremoteESP8266/ir_Panasonic.cpp.o
2023-09-26T18:37:20.9463195Z Compiling .pio/build/esp32dev/lib9f3/IRremoteESP8266/ir_Pioneer.cpp.o
2023-09-26T18:37:21.5663879Z Compiling .pio/build/esp32dev/lib9f3/IRremoteESP8266/ir_Pronto.cpp.o
2023-09-26T18:37:21.7383064Z Compiling .pio/build/esp32dev/lib9f3/IRremoteESP8266/ir_RC5_RC6.cpp.o
2023-09-26T18:37:21.9498102Z Compiling .pio/build/esp32dev/lib9f3/IRremoteESP8266/ir_RCMM.cpp.o
2023-09-26T18:37:22.2943003Z Compiling .pio/build/esp32dev/lib9f3/IRremoteESP8266/ir_Rhoss.cpp.o
2023-09-26T18:37:22.5159602Z Compiling .pio/build/esp32dev/lib9f3/IRremoteESP8266/ir_Samsung.cpp.o
2023-09-26T18:37:22.9863676Z Compiling .pio/build/esp32dev/lib9f3/IRremoteESP8266/ir_Sanyo.cpp.o
2023-09-26T18:37:23.3783417Z Compiling .pio/build/esp32dev/lib9f3/IRremoteESP8266/ir_Sharp.cpp.o
2023-09-26T18:37:23.7735368Z Compiling .pio/build/esp32dev/lib9f3/IRremoteESP8266/ir_Sherwood.cpp.o
2023-09-26T18:37:24.1063906Z Compiling .pio/build/esp32dev/lib9f3/IRremoteESP8266/ir_Sony.cpp.o
2023-09-26T18:37:24.1784261Z Compiling .pio/build/esp32dev/lib9f3/IRremoteESP8266/ir_Symphony.cpp.o
2023-09-26T18:37:24.6981935Z Compiling .pio/build/esp32dev/lib9f3/IRremoteESP8266/ir_Tcl.cpp.o
2023-09-26T18:37:24.7233453Z Compiling .pio/build/esp32dev/lib9f3/IRremoteESP8266/ir_Technibel.cpp.o
2023-09-26T18:37:25.3766397Z Compiling .pio/build/esp32dev/lib9f3/IRremoteESP8266/ir_Teco.cpp.o
2023-09-26T18:37:25.4544060Z Compiling .pio/build/esp32dev/lib9f3/IRremoteESP8266/ir_Teknopoint.cpp.o
2023-09-26T18:37:26.0023225Z Compiling .pio/build/esp32dev/lib9f3/IRremoteESP8266/ir_Toshiba.cpp.o
2023-09-26T18:37:26.0570001Z Compiling .pio/build/esp32dev/lib9f3/IRremoteESP8266/ir_Transcold.cpp.o
2023-09-26T18:37:26.7063690Z Compiling .pio/build/esp32dev/lib9f3/IRremoteESP8266/ir_Trotec.cpp.o
2023-09-26T18:37:26.7384037Z Compiling .pio/build/esp32dev/lib9f3/IRremoteESP8266/ir_Truma.cpp.o
2023-09-26T18:37:27.4003960Z Compiling .pio/build/esp32dev/lib9f3/IRremoteESP8266/ir_Vestel.cpp.o
2023-09-26T18:37:27.4262628Z Compiling .pio/build/esp32dev/lib9f3/IRremoteESP8266/ir_Voltas.cpp.o
2023-09-26T18:37:28.1944479Z Compiling .pio/build/esp32dev/lib9f3/IRremoteESP8266/ir_Whirlpool.cpp.o
2023-09-26T18:37:28.2019133Z Compiling .pio/build/esp32dev/lib9f3/IRremoteESP8266/ir_Whynter.cpp.o
2023-09-26T18:37:28.7704054Z Compiling .pio/build/esp32dev/lib9f3/IRremoteESP8266/ir_Xmp.cpp.o
2023-09-26T18:37:28.9585765Z Compiling .pio/build/esp32dev/lib9f3/IRremoteESP8266/ir_Zepeal.cpp.o
2023-09-26T18:37:29.4621619Z Compiling .pio/build/esp32dev/lib30f/NeoPixelBus/internal/animations/NeoPixelAnimator.cpp.o
2023-09-26T18:37:29.5444445Z Archiving .pio/build/esp32dev/lib9f3/libIRremoteESP8266.a
2023-09-26T18:37:29.7467365Z Indexing .pio/build/esp32dev/lib9f3/libIRremoteESP8266.a
2023-09-26T18:37:30.2174709Z Compiling .pio/build/esp32dev/lib30f/NeoPixelBus/internal/colors/HsbColor.cpp.o
2023-09-26T18:37:30.3384596Z Compiling .pio/build/esp32dev/lib30f/NeoPixelBus/internal/colors/HslColor.cpp.o
2023-09-26T18:37:30.7581933Z Compiling .pio/build/esp32dev/lib30f/NeoPixelBus/internal/colors/HtmlColor.cpp.o
2023-09-26T18:37:30.9062171Z Compiling .pio/build/esp32dev/lib30f/NeoPixelBus/internal/colors/HtmlColorNameStrings.cpp.o
2023-09-26T18:37:31.2860428Z Compiling .pio/build/esp32dev/lib30f/NeoPixelBus/internal/colors/HtmlColorNames.cpp.o
2023-09-26T18:37:31.4744039Z Compiling .pio/build/esp32dev/lib30f/NeoPixelBus/internal/colors/HtmlColorShortNames.cpp.o
2023-09-26T18:37:31.8556579Z Compiling .pio/build/esp32dev/lib30f/NeoPixelBus/internal/colors/NeoGammaDynamicTableMethod.cpp.o
2023-09-26T18:37:32.0543735Z Compiling .pio/build/esp32dev/lib30f/NeoPixelBus/internal/colors/NeoGammaTableMethod.cpp.o
2023-09-26T18:37:32.4221218Z Compiling .pio/build/esp32dev/lib30f/NeoPixelBus/internal/colors/Rgb48Color.cpp.o
2023-09-26T18:37:32.6383774Z Compiling .pio/build/esp32dev/lib30f/NeoPixelBus/internal/colors/RgbColor.cpp.o
2023-09-26T18:37:33.0257652Z Compiling .pio/build/esp32dev/lib30f/NeoPixelBus/internal/colors/RgbColorBase.cpp.o
2023-09-26T18:37:33.2543546Z Compiling .pio/build/esp32dev/lib30f/NeoPixelBus/internal/colors/Rgbw64Color.cpp.o
2023-09-26T18:37:33.6293903Z Compiling .pio/build/esp32dev/lib30f/NeoPixelBus/internal/colors/RgbwColor.cpp.o
2023-09-26T18:37:33.8425461Z Compiling .pio/build/esp32dev/lib30f/NeoPixelBus/internal/colors/SegmentDigit.cpp.o
2023-09-26T18:37:34.2402704Z Compiling .pio/build/esp32dev/lib30f/NeoPixelBus/internal/methods/Esp32_i2s.c.o
2023-09-26T18:37:34.4465127Z Compiling .pio/build/esp32dev/lib30f/NeoPixelBus/internal/methods/NeoEsp32RmtMethod.cpp.o
2023-09-26T18:37:34.6023264Z Compiling .pio/build/esp32dev/lib30f/NeoPixelBus/internal/methods/NeoEsp8266I2sMethodCore.cpp.o
2023-09-26T18:37:35.1228833Z Compiling .pio/build/esp32dev/lib30f/NeoPixelBus/internal/methods/NeoEsp8266UartMethod.cpp.o
2023-09-26T18:37:35.1463940Z Compiling .pio/build/esp32dev/lib30f/NeoPixelBus/internal/methods/NeoEspBitBangMethod.cpp.o
2023-09-26T18:37:35.1703141Z Compiling .pio/build/esp32dev/lib30f/NeoPixelBus/internal/methods/NeoPixelAvr.c.o
2023-09-26T18:37:35.3052264Z Compiling .pio/build/esp32dev/lib989/WiFi/ETH.cpp.o
2023-09-26T18:37:35.7183137Z Archiving .pio/build/esp32dev/lib30f/libNeoPixelBus.a
2023-09-26T18:37:35.7741735Z Indexing .pio/build/esp32dev/lib30f/libNeoPixelBus.a
2023-09-26T18:37:35.9183054Z Compiling .pio/build/esp32dev/lib989/WiFi/WiFi.cpp.o
2023-09-26T18:37:36.0684731Z Compiling .pio/build/esp32dev/lib989/WiFi/WiFiAP.cpp.o
2023-09-26T18:37:36.6184505Z Compiling .pio/build/esp32dev/lib989/WiFi/WiFiClient.cpp.o
2023-09-26T18:37:36.8465364Z Compiling .pio/build/esp32dev/lib989/WiFi/WiFiGeneric.cpp.o
2023-09-26T18:37:37.6064592Z Compiling .pio/build/esp32dev/lib989/WiFi/WiFiMulti.cpp.o
2023-09-26T18:37:37.9467168Z Compiling .pio/build/esp32dev/lib989/WiFi/WiFiSTA.cpp.o
2023-09-26T18:37:38.3822957Z Compiling .pio/build/esp32dev/lib989/WiFi/WiFiScan.cpp.o
2023-09-26T18:37:38.7614082Z Compiling .pio/build/esp32dev/lib989/WiFi/WiFiServer.cpp.o
2023-09-26T18:37:39.1223771Z Compiling .pio/build/esp32dev/lib989/WiFi/WiFiUdp.cpp.o
2023-09-26T18:37:39.5661333Z Compiling .pio/build/esp32dev/lib24b/ESPAsyncWebServerAircoookie/AsyncEventSource.cpp.o
2023-09-26T18:37:39.8047536Z Archiving .pio/build/esp32dev/lib989/libWiFi.a
2023-09-26T18:37:39.8383263Z Indexing .pio/build/esp32dev/lib989/libWiFi.a
2023-09-26T18:37:39.9343728Z Compiling .pio/build/esp32dev/lib24b/ESPAsyncWebServerAircoookie/AsyncWebSocket.cpp.o
2023-09-26T18:37:40.8007197Z Compiling .pio/build/esp32dev/lib24b/ESPAsyncWebServerAircoookie/SPIFFSEditor.cpp.o
2023-09-26T18:37:41.7783168Z Compiling .pio/build/esp32dev/lib24b/ESPAsyncWebServerAircoookie/WebAuthentication.cpp.o
2023-09-26T18:37:41.8608317Z Compiling .pio/build/esp32dev/lib24b/ESPAsyncWebServerAircoookie/WebHandlers.cpp.o
2023-09-26T18:37:42.4783616Z Compiling .pio/build/esp32dev/lib24b/ESPAsyncWebServerAircoookie/WebRequest.cpp.o
2023-09-26T18:37:42.9706273Z Compiling .pio/build/esp32dev/lib24b/ESPAsyncWebServerAircoookie/WebResponses.cpp.o
2023-09-26T18:37:44.4153670Z Compiling .pio/build/esp32dev/lib24b/ESPAsyncWebServerAircoookie/WebServer.cpp.o
2023-09-26T18:37:44.6235065Z Compiling .pio/build/esp32dev/lib0ee/QuickEspNow/QuickEspNow_esp32.cpp.o
2023-09-26T18:37:45.0132833Z .pio/libdeps/esp32dev/QuickEspNow/src/QuickEspNow_esp32.cpp: In member function 'virtual void QuickEspNow::enableTransmit(bool)':
2023-09-26T18:37:45.0133995Z .pio/libdeps/esp32dev/QuickEspNow/src/QuickEspNow_esp32.cpp:231:28: warning: the address of 'static void QuickEspNow::espnowTxTask_cb(void*)' will always evaluate as 'true' [-Waddress]
2023-09-26T18:37:45.0134545Z          if (espnowTxTask_cb) {
2023-09-26T18:37:45.0134852Z                             ^
2023-09-26T18:37:45.0137710Z .pio/libdeps/esp32dev/QuickEspNow/src/QuickEspNow_esp32.cpp:236:28: warning: the address of 'static void QuickEspNow::espnowTxTask_cb(void*)' will always evaluate as 'true' [-Waddress]
2023-09-26T18:37:45.0139256Z          if (espnowTxTask_cb) {
2023-09-26T18:37:45.0139799Z                             ^
2023-09-26T18:37:45.0163027Z .pio/libdeps/esp32dev/QuickEspNow/src/QuickEspNow_esp32.cpp: In member function 'bool PeerListClass::add_peer(const uint8_t*)':
2023-09-26T18:37:45.0163917Z .pio/libdeps/esp32dev/QuickEspNow/src/QuickEspNow_esp32.cpp:421:13: warning: unused variable 'i' [-Wunused-variable]
2023-09-26T18:37:45.0164416Z      if (int i = peer_exists (mac)) {
2023-09-26T18:37:45.0164713Z              ^
2023-09-26T18:37:45.2901774Z Compiling .pio/build/esp32dev/lib0ee/QuickEspNow/QuickEspNow_esp8266.cpp.o
2023-09-26T18:37:45.7395325Z Archiving .pio/build/esp32dev/lib24b/libESPAsyncWebServerAircoookie.a
2023-09-26T18:37:45.7733656Z Indexing .pio/build/esp32dev/lib24b/libESPAsyncWebServerAircoookie.a
2023-09-26T18:37:45.9107155Z Compiling .pio/build/esp32dev/liba33/Wire/Wire.cpp.o
2023-09-26T18:37:45.9323177Z Archiving .pio/build/esp32dev/lib0ee/libQuickEspNow.a
2023-09-26T18:37:45.9463491Z Indexing .pio/build/esp32dev/lib0ee/libQuickEspNow.a
2023-09-26T18:37:46.0542043Z Compiling .pio/build/esp32dev/lib770/SD/SD.cpp.o
2023-09-26T18:37:46.5584137Z Archiving .pio/build/esp32dev/liba33/libWire.a
2023-09-26T18:37:46.5684733Z Indexing .pio/build/esp32dev/liba33/libWire.a
2023-09-26T18:37:46.6103918Z Compiling .pio/build/esp32dev/lib770/SD/sd_diskio.cpp.o
2023-09-26T18:37:46.7718865Z Compiling .pio/build/esp32dev/lib770/SD/sd_diskio_crc.c.o
2023-09-26T18:37:46.9006717Z Compiling .pio/build/esp32dev/libc3a/SD_MMC/SD_MMC.cpp.o
2023-09-26T18:37:47.3944840Z Archiving .pio/build/esp32dev/lib770/libSD.a
2023-09-26T18:37:47.4062507Z Indexing .pio/build/esp32dev/lib770/libSD.a
2023-09-26T18:37:47.5024154Z Compiling .pio/build/esp32dev/libc24/EEPROM/EEPROM.cpp.o
2023-09-26T18:37:47.6871421Z Archiving .pio/build/esp32dev/libc3a/libSD_MMC.a
2023-09-26T18:37:47.6978521Z Indexing .pio/build/esp32dev/libc3a/libSD_MMC.a
2023-09-26T18:37:47.7907834Z Compiling .pio/build/esp32dev/lib4b6/Update/HttpsOTAUpdate.cpp.o
2023-09-26T18:37:48.2680484Z Archiving .pio/build/esp32dev/libc24/libEEPROM.a
2023-09-26T18:37:48.2795803Z Indexing .pio/build/esp32dev/libc24/libEEPROM.a
2023-09-26T18:37:48.3143923Z Compiling .pio/build/esp32dev/lib4b6/Update/Updater.cpp.o
2023-09-26T18:37:48.4423356Z Compiling .pio/build/esp32dev/lib4b6/ESPmDNS/ESPmDNS.cpp.o
2023-09-26T18:37:49.0547054Z Archiving .pio/build/esp32dev/lib4b6/libUpdate.a
2023-09-26T18:37:49.0687909Z Indexing .pio/build/esp32dev/lib4b6/libUpdate.a
2023-09-26T18:37:49.1924093Z Compiling .pio/build/esp32dev/lib134/ArduinoOTA/ArduinoOTA.cpp.o
2023-09-26T18:37:49.2147661Z Archiving .pio/build/esp32dev/lib4b6/libESPmDNS.a
2023-09-26T18:37:49.2256919Z Indexing .pio/build/esp32dev/lib4b6/libESPmDNS.a
2023-09-26T18:37:49.3184160Z Compiling .pio/build/esp32dev/lib147/DNSServer/DNSServer.cpp.o
2023-09-26T18:37:49.9306998Z Archiving .pio/build/esp32dev/lib147/libDNSServer.a
2023-09-26T18:37:49.9401325Z Indexing .pio/build/esp32dev/lib147/libDNSServer.a
2023-09-26T18:37:50.0583296Z Compiling .pio/build/esp32dev/lib59e/AsyncUDP/AsyncUDP.cpp.o
2023-09-26T18:37:50.2139576Z Archiving .pio/build/esp32dev/lib134/libArduinoOTA.a
2023-09-26T18:37:50.2257604Z Indexing .pio/build/esp32dev/lib134/libArduinoOTA.a
2023-09-26T18:37:50.3464170Z Compiling .pio/build/esp32dev/lib1ce/WebServer/Parsing.cpp.o
2023-09-26T18:37:51.1205707Z Archiving .pio/build/esp32dev/lib59e/libAsyncUDP.a
2023-09-26T18:37:51.1327337Z Indexing .pio/build/esp32dev/lib59e/libAsyncUDP.a
2023-09-26T18:37:51.1663084Z Compiling .pio/build/esp32dev/lib1ce/WebServer/WebServer.cpp.o
2023-09-26T18:37:51.5105049Z Compiling .pio/build/esp32dev/lib1ce/WebServer/detail/mimetable.cpp.o
2023-09-26T18:37:51.5423434Z Archiving .pio/build/esp32dev/libFrameworkArduinoVariant.a
2023-09-26T18:37:51.5502208Z Indexing .pio/build/esp32dev/libFrameworkArduinoVariant.a
2023-09-26T18:37:51.6423449Z Compiling .pio/build/esp32dev/FrameworkArduino/Esp.cpp.o
2023-09-26T18:37:52.4104757Z Compiling .pio/build/esp32dev/FrameworkArduino/FunctionalInterrupt.cpp.o
2023-09-26T18:37:52.6383551Z Archiving .pio/build/esp32dev/lib1ce/libWebServer.a
2023-09-26T18:37:52.6543410Z Indexing .pio/build/esp32dev/lib1ce/libWebServer.a
2023-09-26T18:37:52.6986215Z Compiling .pio/build/esp32dev/FrameworkArduino/HardwareSerial.cpp.o
2023-09-26T18:37:52.9742311Z Compiling .pio/build/esp32dev/FrameworkArduino/IPAddress.cpp.o
2023-09-26T18:37:53.0065017Z Compiling .pio/build/esp32dev/FrameworkArduino/IPv6Address.cpp.o
2023-09-26T18:37:53.5582863Z Compiling .pio/build/esp32dev/FrameworkArduino/MD5Builder.cpp.o
2023-09-26T18:37:53.5864029Z Compiling .pio/build/esp32dev/FrameworkArduino/Print.cpp.o
2023-09-26T18:37:54.2024004Z Compiling .pio/build/esp32dev/FrameworkArduino/Stream.cpp.o
2023-09-26T18:37:54.2983643Z Compiling .pio/build/esp32dev/FrameworkArduino/StreamString.cpp.o
2023-09-26T18:37:54.8664235Z Compiling .pio/build/esp32dev/FrameworkArduino/WMath.cpp.o
2023-09-26T18:37:54.9183765Z Compiling .pio/build/esp32dev/FrameworkArduino/WString.cpp.o
2023-09-26T18:37:55.0703299Z Compiling .pio/build/esp32dev/FrameworkArduino/base64.cpp.o
2023-09-26T18:37:55.6823719Z Compiling .pio/build/esp32dev/FrameworkArduino/cbuf.cpp.o
2023-09-26T18:37:55.8130260Z Compiling .pio/build/esp32dev/FrameworkArduino/esp32-hal-adc.c.o
2023-09-26T18:37:55.8423382Z Compiling .pio/build/esp32dev/FrameworkArduino/esp32-hal-bt.c.o
2023-09-26T18:37:56.0503675Z Compiling .pio/build/esp32dev/FrameworkArduino/esp32-hal-cpu.c.o
2023-09-26T18:37:56.1184571Z Compiling .pio/build/esp32dev/FrameworkArduino/esp32-hal-dac.c.o
2023-09-26T18:37:56.3381944Z Compiling .pio/build/esp32dev/FrameworkArduino/esp32-hal-gpio.c.o
2023-09-26T18:37:56.3705057Z Compiling .pio/build/esp32dev/FrameworkArduino/esp32-hal-i2c.c.o
2023-09-26T18:37:56.6187199Z Compiling .pio/build/esp32dev/FrameworkArduino/esp32-hal-ledc.c.o
2023-09-26T18:37:56.9248912Z Compiling .pio/build/esp32dev/FrameworkArduino/esp32-hal-log.c.o
2023-09-26T18:37:56.9504409Z Compiling .pio/build/esp32dev/FrameworkArduino/esp32-hal-matrix.c.o
2023-09-26T18:37:57.0052876Z Compiling .pio/build/esp32dev/FrameworkArduino/esp32-hal-misc.c.o
2023-09-26T18:37:57.1423649Z Compiling .pio/build/esp32dev/FrameworkArduino/esp32-hal-psram.c.o
2023-09-26T18:37:57.2864604Z Compiling .pio/build/esp32dev/FrameworkArduino/esp32-hal-rmt.c.o
2023-09-26T18:37:57.3305434Z Compiling .pio/build/esp32dev/FrameworkArduino/esp32-hal-sigmadelta.c.o
2023-09-26T18:37:57.5664584Z Compiling .pio/build/esp32dev/FrameworkArduino/esp32-hal-spi.c.o
2023-09-26T18:37:57.6480330Z /home/runner/.platformio/packages/framework-arduinoespressif32/cores/esp32/esp32-hal-spi.c: In function 'spiTransferBytesNL':
2023-09-26T18:37:57.6488874Z /home/runner/.platformio/packages/framework-arduinoespressif32/cores/esp32/esp32-hal-spi.c:922:39: warning: initialization from incompatible pointer type [-Wincompatible-pointer-types]
2023-09-26T18:37:57.6490033Z                  uint8_t * last_out8 = &result[c_longs-1];
2023-09-26T18:37:57.6490913Z                                        ^
2023-09-26T18:37:57.6498076Z /home/runner/.platformio/packages/framework-arduinoespressif32/cores/esp32/esp32-hal-spi.c:923:40: warning: initialization from incompatible pointer type [-Wincompatible-pointer-types]
2023-09-26T18:37:57.6499097Z                  uint8_t * last_data8 = &last_data;
2023-09-26T18:37:57.6500251Z                                         ^
2023-09-26T18:37:57.7943535Z Compiling .pio/build/esp32dev/FrameworkArduino/esp32-hal-time.c.o
2023-09-26T18:37:58.0505114Z Compiling .pio/build/esp32dev/FrameworkArduino/esp32-hal-timer.c.o
2023-09-26T18:37:58.1784684Z Compiling .pio/build/esp32dev/FrameworkArduino/esp32-hal-touch.c.o
2023-09-26T18:37:58.3864351Z Compiling .pio/build/esp32dev/FrameworkArduino/esp32-hal-uart.c.o
2023-09-26T18:37:58.4304413Z Compiling .pio/build/esp32dev/FrameworkArduino/libb64/cdecode.c.o
2023-09-26T18:37:58.5070428Z Compiling .pio/build/esp32dev/FrameworkArduino/libb64/cencode.c.o
2023-09-26T18:37:58.5783776Z Compiling .pio/build/esp32dev/FrameworkArduino/main.cpp.o
2023-09-26T18:37:58.8063865Z Compiling .pio/build/esp32dev/FrameworkArduino/stdlib_noniso.c.o
2023-09-26T18:37:58.9023137Z Compiling .pio/build/esp32dev/FrameworkArduino/wiring_pulse.c.o
2023-09-26T18:37:59.1063492Z Compiling .pio/build/esp32dev/FrameworkArduino/wiring_shift.c.o
2023-09-26T18:37:59.2966700Z Archiving .pio/build/esp32dev/libFrameworkArduino.a
2023-09-26T18:37:59.3716981Z Indexing .pio/build/esp32dev/libFrameworkArduino.a
2023-09-26T18:37:59.6027538Z Linking .pio/build/esp32dev/firmware.elf
2023-09-26T18:38:09.3533233Z Retrieving maximum program size .pio/build/esp32dev/firmware.elf
2023-09-26T18:38:09.3536765Z Checking size .pio/build/esp32dev/firmware.elf
2023-09-26T18:38:09.3741303Z Advanced Memory Usage is available via "PlatformIO Home > Project Inspect"
2023-09-26T18:38:09.3744745Z RAM:   [==        ]  22.2% (used 72784 bytes from 327680 bytes)
2023-09-26T18:38:09.3806585Z Flash: [========  ]  81.6% (used 1283625 bytes from 1572864 bytes)
2023-09-26T18:38:09.3808118Z Building .pio/build/esp32dev/firmware.bin
2023-09-26T18:38:09.7625717Z esptool.py v3.1
2023-09-26T18:38:09.7626515Z Merged 1 ELF section
2023-09-26T18:38:09.7733789Z bin_rename_copy([".pio/build/esp32dev/firmware.bin"], [".pio/build/esp32dev/firmware.elf"])
2023-09-26T18:38:09.7765094Z bin_gzip([".pio/build/esp32dev/firmware.bin"], [".pio/build/esp32dev/firmware.elf"])
2023-09-26T18:38:10.3149943Z ======================== [SUCCESS] Took 145.79 seconds ========================
2023-09-26T18:38:10.3151208Z 
2023-09-26T18:38:10.3162869Z Environment    Status    Duration
2023-09-26T18:38:10.3163850Z -------------  --------  ------------
2023-09-26T18:38:10.3165337Z esp32dev       SUCCESS   00:02:25.793
2023-09-26T18:38:10.3165946Z ========================= 1 succeeded in 00:02:25.793 =========================
2023-09-26T18:38:11.5955583Z 
2023-09-26T18:38:11.5956089Z ********************************************************************************
2023-09-26T18:38:11.5959930Z There is a new version 6.1.11 of PlatformIO available.
2023-09-26T18:38:11.5960794Z Please upgrade it via `platformio upgrade` or `pip install -U platformio` command.
2023-09-26T18:38:11.5961690Z Changes: https://docs.platformio.org/en/latest/history.html
2023-09-26T18:38:11.5962384Z ********************************************************************************
2023-09-26T18:38:11.5962627Z 
2023-09-26T18:38:11.6101339Z 
2023-09-26T18:38:11.6101985Z ********************************************************************************
2023-09-26T18:38:11.6103522Z We found 1.24MB of unnecessary PlatformIO system data (temporary files, unnecessary packages, etc.).
2023-09-26T18:38:11.6106797Z Use `pio system prune --dry-run` to list them or `pio system prune` to save disk space.
2023-09-26T18:38:11.6591597Z ##[group]Run actions/upload-artifact@v2
2023-09-26T18:38:11.6591943Z with:
2023-09-26T18:38:11.6592196Z   name: firmware-esp32dev
2023-09-26T18:38:11.6592702Z   path: build_output/firmware/*.bin
build_output/firmware/*.gz

2023-09-26T18:38:11.6593230Z   if-no-files-found: warn
2023-09-26T18:38:11.6593511Z env:
2023-09-26T18:38:11.6593836Z   pythonLocation: /opt/hostedtoolcache/Python/3.9.18/x64
2023-09-26T18:38:11.6594271Z   PKG_CONFIG_PATH: /opt/hostedtoolcache/Python/3.9.18/x64/lib/pkgconfig
2023-09-26T18:38:11.6594691Z   Python_ROOT_DIR: /opt/hostedtoolcache/Python/3.9.18/x64
2023-09-26T18:38:11.6595094Z   Python2_ROOT_DIR: /opt/hostedtoolcache/Python/3.9.18/x64
2023-09-26T18:38:11.6595506Z   Python3_ROOT_DIR: /opt/hostedtoolcache/Python/3.9.18/x64
2023-09-26T18:38:11.6595905Z   LD_LIBRARY_PATH: /opt/hostedtoolcache/Python/3.9.18/x64/lib
2023-09-26T18:38:11.6596225Z ##[endgroup]
2023-09-26T18:38:11.7543729Z With the provided path, there will be 2 files uploaded
2023-09-26T18:38:11.7549384Z Starting artifact upload
2023-09-26T18:38:11.7550612Z For more detailed logs during the artifact upload process, enable step-debugging: https://docs.github.com/actions/monitoring-and-troubleshooting-workflows/enabling-debug-logging#enabling-step-debug-logging
2023-09-26T18:38:11.7551796Z Artifact name is valid!
2023-09-26T18:38:12.0662787Z Container for artifact "firmware-esp32dev" successfully created. Starting upload of file(s)
2023-09-26T18:38:13.2330127Z Total size of all the files uploaded is 1704720 bytes
2023-09-26T18:38:13.2330599Z File upload process has finished. Finalizing the artifact upload
2023-09-26T18:38:13.2331950Z Artifact has been finalized. All files have been successfully uploaded!
2023-09-26T18:38:13.2332927Z 
2023-09-26T18:38:13.2333203Z The raw size of all the files that were specified for upload is 2135482 bytes
2023-09-26T18:38:13.2333865Z The size of all the files that were uploaded is 1704720 bytes. This takes into account any gzip compression used to reduce the upload size, time and storage
2023-09-26T18:38:13.2334254Z 
2023-09-26T18:38:13.2334940Z Note: The size of downloaded zips can differ significantly from the reported size. For more information see: https://github.com/actions/upload-artifact#zipped-artifact-downloads 
2023-09-26T18:38:13.2335394Z 
2023-09-26T18:38:13.2335689Z Artifact firmware-esp32dev has been successfully uploaded!
2023-09-26T18:38:13.2400749Z Post job cleanup.
2023-09-26T18:38:13.8853043Z Post job cleanup.
2023-09-26T18:38:14.1123012Z Cache hit occurred on the primary key Linux-, not saving cache.
2023-09-26T18:38:14.5483821Z Post job cleanup.
2023-09-26T18:38:14.7550255Z Cache hit occurred on the primary key Linux-pip-81ff51cfad9e9eb735c6b16e2b137bb04b536de75d900d6b02aa29724c130501, not saving cache.
2023-09-26T18:38:14.7683049Z Post job cleanup.
2023-09-26T18:38:14.9101655Z [command]/usr/bin/git version
2023-09-26T18:38:14.9170567Z git version 2.42.0
2023-09-26T18:38:14.9237305Z Temporarily overriding HOME='/home/runner/work/_temp/059159dd-a133-4bc4-bd0a-12e420222326' before making global git config changes
2023-09-26T18:38:14.9238709Z Adding repository directory to the temporary git global config as a safe directory
2023-09-26T18:38:14.9247864Z [command]/usr/bin/git config --global --add safe.directory /home/runner/work/WLED/WLED
2023-09-26T18:38:14.9306874Z [command]/usr/bin/git config --local --name-only --get-regexp core\.sshCommand
2023-09-26T18:38:14.9360281Z [command]/usr/bin/git submodule foreach --recursive sh -c "git config --local --name-only --get-regexp 'core\.sshCommand' && git config --local --unset-all 'core.sshCommand' || :"
2023-09-26T18:38:14.9734069Z [command]/usr/bin/git config --local --name-only --get-regexp http\.https\:\/\/github\.com\/\.extraheader
2023-09-26T18:38:14.9778786Z http.https://github.com/.extraheader
2023-09-26T18:38:14.9800452Z [command]/usr/bin/git config --local --unset-all http.https://github.com/.extraheader
2023-09-26T18:38:14.9869143Z [command]/usr/bin/git submodule foreach --recursive sh -c "git config --local --name-only --get-regexp 'http\.https\:\/\/github\.com\/\.extraheader' && git config --local --unset-all 'http.https://github.com/.extraheader' || :"
2023-09-26T18:38:15.0557485Z Cleaning up orphan processes
