2023-11-05T08:01:42.5592199Z Requested labels: ubuntu-latest
2023-11-05T08:01:42.5592492Z Job defined at: basdijkstra/rest-assured-net/.github/workflows/ci.yml@refs/heads/main
2023-11-05T08:01:42.5592621Z Waiting for a runner to pick up this job...
2023-11-05T08:01:42.8338750Z Job is waiting for a hosted runner to come online.
2023-11-05T08:01:45.6822337Z Job is about to start running on the hosted runner: GitHub Actions 3 (hosted)
2023-11-05T08:01:48.3202041Z Current runner version: '2.311.0'
2023-11-05T08:01:48.3230907Z ##[group]Operating System
2023-11-05T08:01:48.3231745Z Ubuntu
2023-11-05T08:01:48.3232126Z 22.04.3
2023-11-05T08:01:48.3232677Z LTS
2023-11-05T08:01:48.3233104Z ##[endgroup]
2023-11-05T08:01:48.3233539Z ##[group]Runner Image
2023-11-05T08:01:48.3234160Z Image: ubuntu-22.04
2023-11-05T08:01:48.3234673Z Version: 20231030.2.0
2023-11-05T08:01:48.3235887Z Included Software: https://github.com/actions/runner-images/blob/ubuntu22/20231030.2/images/linux/Ubuntu2204-Readme.md
2023-11-05T08:01:48.3237771Z Image Release: https://github.com/actions/runner-images/releases/tag/ubuntu22%2F20231030.2
2023-11-05T08:01:48.3238858Z ##[endgroup]
2023-11-05T08:01:48.3239328Z ##[group]Runner Image Provisioner
2023-11-05T08:01:48.3240019Z 2.0.312.1
2023-11-05T08:01:48.3240740Z ##[endgroup]
2023-11-05T08:01:48.3243487Z ##[group]GITHUB_TOKEN Permissions
2023-11-05T08:01:48.3245575Z Actions: write
2023-11-05T08:01:48.3246106Z Checks: write
2023-11-05T08:01:48.3246878Z Contents: write
2023-11-05T08:01:48.3247458Z Deployments: write
2023-11-05T08:01:48.3248018Z Discussions: write
2023-11-05T08:01:48.3248516Z Issues: write
2023-11-05T08:01:48.3249003Z Metadata: read
2023-11-05T08:01:48.3249501Z Packages: write
2023-11-05T08:01:48.3250005Z Pages: write
2023-11-05T08:01:48.3250481Z PullRequests: write
2023-11-05T08:01:48.3251050Z RepositoryProjects: write
2023-11-05T08:01:48.3251650Z SecurityEvents: write
2023-11-05T08:01:48.3252128Z Statuses: write
2023-11-05T08:01:48.3252675Z ##[endgroup]
2023-11-05T08:01:48.3256492Z Secret source: Actions
2023-11-05T08:01:48.3257161Z Prepare workflow directory
2023-11-05T08:01:48.4023969Z Prepare all required actions
2023-11-05T08:01:48.4215141Z Getting action download info
2023-11-05T08:01:48.6868758Z Download action repository 'actions/checkout@v3' (SHA:f43a0e5ff2bd294095638e18286ca9a3d1956744)
2023-11-05T08:01:48.8320012Z Download action repository 'actions/setup-dotnet@v3' (SHA:3447fd6a9f9e57506b15f895c5b76d3b197dc7c2)
2023-11-05T08:01:49.8746794Z Complete job name: build (6.0.x)
2023-11-05T08:01:49.9785344Z ##[group]Run actions/checkout@v3
2023-11-05T08:01:49.9785808Z with:
2023-11-05T08:01:49.9786132Z   repository: basdijkstra/rest-assured-net
2023-11-05T08:01:49.9786815Z   token: ***
2023-11-05T08:01:49.9787112Z   ssh-strict: true
2023-11-05T08:01:49.9787429Z   persist-credentials: true
2023-11-05T08:01:49.9787767Z   clean: true
2023-11-05T08:01:49.9788073Z   sparse-checkout-cone-mode: true
2023-11-05T08:01:49.9788456Z   fetch-depth: 1
2023-11-05T08:01:49.9788729Z   fetch-tags: false
2023-11-05T08:01:49.9789026Z   lfs: false
2023-11-05T08:01:49.9789288Z   submodules: false
2023-11-05T08:01:49.9789592Z   set-safe-directory: true
2023-11-05T08:01:49.9789928Z ##[endgroup]
2023-11-05T08:01:50.2010434Z Syncing repository: basdijkstra/rest-assured-net
2023-11-05T08:01:50.2013433Z ##[group]Getting Git version info
2023-11-05T08:01:50.2014427Z Working directory is '/home/runner/work/rest-assured-net/rest-assured-net'
2023-11-05T08:01:50.2015360Z [command]/usr/bin/git version
2023-11-05T08:01:50.2020304Z git version 2.42.0
2023-11-05T08:01:50.2047360Z ##[endgroup]
2023-11-05T08:01:50.2063827Z Temporarily overriding HOME='/home/runner/work/_temp/7e2abde9-1f5c-4d1e-b9c3-c99a4a4b4380' before making global git config changes
2023-11-05T08:01:50.2065469Z Adding repository directory to the temporary git global config as a safe directory
2023-11-05T08:01:50.2069335Z [command]/usr/bin/git config --global --add safe.directory /home/runner/work/rest-assured-net/rest-assured-net
2023-11-05T08:01:50.2111583Z Deleting the contents of '/home/runner/work/rest-assured-net/rest-assured-net'
2023-11-05T08:01:50.2116056Z ##[group]Initializing the repository
2023-11-05T08:01:50.2120408Z [command]/usr/bin/git init /home/runner/work/rest-assured-net/rest-assured-net
2023-11-05T08:01:50.2190741Z hint: Using 'master' as the name for the initial branch. This default branch name
2023-11-05T08:01:50.2192053Z hint: is subject to change. To configure the initial branch name to use in all
2023-11-05T08:01:50.2193695Z hint: of your new repositories, which will suppress this warning, call:
2023-11-05T08:01:50.2194484Z hint: 
2023-11-05T08:01:50.2195344Z hint: 	git config --global init.defaultBranch <name>
2023-11-05T08:01:50.2196287Z hint: 
2023-11-05T08:01:50.2197305Z hint: Names commonly chosen instead of 'master' are 'main', 'trunk' and
2023-11-05T08:01:50.2198529Z hint: 'development'. The just-created branch can be renamed via this command:
2023-11-05T08:01:50.2199563Z hint: 
2023-11-05T08:01:50.2200176Z hint: 	git branch -m <name>
2023-11-05T08:01:50.2201858Z Initialized empty Git repository in /home/runner/work/rest-assured-net/rest-assured-net/.git/
2023-11-05T08:01:50.2211171Z [command]/usr/bin/git remote add origin https://github.com/basdijkstra/rest-assured-net
2023-11-05T08:01:50.2253261Z ##[endgroup]
2023-11-05T08:01:50.2254076Z ##[group]Disabling automatic garbage collection
2023-11-05T08:01:50.2256413Z [command]/usr/bin/git config --local gc.auto 0
2023-11-05T08:01:50.2289914Z ##[endgroup]
2023-11-05T08:01:50.2290681Z ##[group]Setting up auth
2023-11-05T08:01:50.2296300Z [command]/usr/bin/git config --local --name-only --get-regexp core\.sshCommand
2023-11-05T08:01:50.2331730Z [command]/usr/bin/git submodule foreach --recursive sh -c "git config --local --name-only --get-regexp 'core\.sshCommand' && git config --local --unset-all 'core.sshCommand' || :"
2023-11-05T08:01:50.2910599Z [command]/usr/bin/git config --local --name-only --get-regexp http\.https\:\/\/github\.com\/\.extraheader
2023-11-05T08:01:50.2913089Z [command]/usr/bin/git submodule foreach --recursive sh -c "git config --local --name-only --get-regexp 'http\.https\:\/\/github\.com\/\.extraheader' && git config --local --unset-all 'http.https://github.com/.extraheader' || :"
2023-11-05T08:01:50.2975694Z [command]/usr/bin/git config --local http.https://github.com/.extraheader AUTHORIZATION: basic ***
2023-11-05T08:01:50.3014096Z ##[endgroup]
2023-11-05T08:01:50.3014927Z ##[group]Fetching the repository
2023-11-05T08:01:50.3024245Z [command]/usr/bin/git -c protocol.version=2 fetch --no-tags --prune --progress --no-recurse-submodules --depth=1 origin +bb819fd12fc5c93c268c8ba3aed4a2979268d14b:refs/remotes/origin/main
2023-11-05T08:01:50.7101810Z remote: Enumerating objects: 103, done.        
2023-11-05T08:01:50.7102409Z remote: Counting objects:   0% (1/103)        
2023-11-05T08:01:50.7102925Z remote: Counting objects:   1% (2/103)        
2023-11-05T08:01:50.7103408Z remote: Counting objects:   2% (3/103)        
2023-11-05T08:01:50.7103889Z remote: Counting objects:   3% (4/103)        
2023-11-05T08:01:50.7104365Z remote: Counting objects:   4% (5/103)        
2023-11-05T08:01:50.7104836Z remote: Counting objects:   5% (6/103)        
2023-11-05T08:01:50.7105313Z remote: Counting objects:   6% (7/103)        
2023-11-05T08:01:50.7105787Z remote: Counting objects:   7% (8/103)        
2023-11-05T08:01:50.7106254Z remote: Counting objects:   8% (9/103)        
2023-11-05T08:01:50.7106740Z remote: Counting objects:   9% (10/103)        
2023-11-05T08:01:50.7107282Z remote: Counting objects:  10% (11/103)        
2023-11-05T08:01:50.7107774Z remote: Counting objects:  11% (12/103)        
2023-11-05T08:01:50.7108240Z remote: Counting objects:  12% (13/103)        
2023-11-05T08:01:50.7108728Z remote: Counting objects:  13% (14/103)        
2023-11-05T08:01:50.7109216Z remote: Counting objects:  14% (15/103)        
2023-11-05T08:01:50.7109681Z remote: Counting objects:  15% (16/103)        
2023-11-05T08:01:50.7110168Z remote: Counting objects:  16% (17/103)        
2023-11-05T08:01:50.7110641Z remote: Counting objects:  17% (18/103)        
2023-11-05T08:01:50.7111100Z remote: Counting objects:  18% (19/103)        
2023-11-05T08:01:50.7111570Z remote: Counting objects:  19% (20/103)        
2023-11-05T08:01:50.7112045Z remote: Counting objects:  20% (21/103)        
2023-11-05T08:01:50.7112509Z remote: Counting objects:  21% (22/103)        
2023-11-05T08:01:50.7112985Z remote: Counting objects:  22% (23/103)        
2023-11-05T08:01:50.7113747Z remote: Counting objects:  23% (24/103)        
2023-11-05T08:01:50.7114219Z remote: Counting objects:  24% (25/103)        
2023-11-05T08:01:50.7114701Z remote: Counting objects:  25% (26/103)        
2023-11-05T08:01:50.7115175Z remote: Counting objects:  26% (27/103)        
2023-11-05T08:01:50.7115658Z remote: Counting objects:  27% (28/103)        
2023-11-05T08:01:50.7116128Z remote: Counting objects:  28% (29/103)        
2023-11-05T08:01:50.7116600Z remote: Counting objects:  29% (30/103)        
2023-11-05T08:01:50.7117078Z remote: Counting objects:  30% (31/103)        
2023-11-05T08:01:50.7117537Z remote: Counting objects:  31% (32/103)        
2023-11-05T08:01:50.7118005Z remote: Counting objects:  32% (33/103)        
2023-11-05T08:01:50.7118474Z remote: Counting objects:  33% (34/103)        
2023-11-05T08:01:50.7119023Z remote: Counting objects:  34% (36/103)        
2023-11-05T08:01:50.7119486Z remote: Counting objects:  35% (37/103)        
2023-11-05T08:01:50.7119964Z remote: Counting objects:  36% (38/103)        
2023-11-05T08:01:50.7120647Z remote: Counting objects:  37% (39/103)        
2023-11-05T08:01:50.7121114Z remote: Counting objects:  38% (40/103)        
2023-11-05T08:01:50.7121582Z remote: Counting objects:  39% (41/103)        
2023-11-05T08:01:50.7122057Z remote: Counting objects:  40% (42/103)        
2023-11-05T08:01:50.7122510Z remote: Counting objects:  41% (43/103)        
2023-11-05T08:01:50.7122981Z remote: Counting objects:  42% (44/103)        
2023-11-05T08:01:50.7123447Z remote: Counting objects:  43% (45/103)        
2023-11-05T08:01:50.7123909Z remote: Counting objects:  44% (46/103)        
2023-11-05T08:01:50.7124382Z remote: Counting objects:  45% (47/103)        
2023-11-05T08:01:50.7124855Z remote: Counting objects:  46% (48/103)        
2023-11-05T08:01:50.7125313Z remote: Counting objects:  47% (49/103)        
2023-11-05T08:01:50.7125778Z remote: Counting objects:  48% (50/103)        
2023-11-05T08:01:50.7126244Z remote: Counting objects:  49% (51/103)        
2023-11-05T08:01:50.7126861Z remote: Counting objects:  50% (52/103)        
2023-11-05T08:01:50.7127343Z remote: Counting objects:  51% (53/103)        
2023-11-05T08:01:50.7127819Z remote: Counting objects:  52% (54/103)        
2023-11-05T08:01:50.7128277Z remote: Counting objects:  53% (55/103)        
2023-11-05T08:01:50.7128749Z remote: Counting objects:  54% (56/103)        
2023-11-05T08:01:50.7129223Z remote: Counting objects:  55% (57/103)        
2023-11-05T08:01:50.7129680Z remote: Counting objects:  56% (58/103)        
2023-11-05T08:01:50.7130146Z remote: Counting objects:  57% (59/103)        
2023-11-05T08:01:50.7130620Z remote: Counting objects:  58% (60/103)        
2023-11-05T08:01:50.7131093Z remote: Counting objects:  59% (61/103)        
2023-11-05T08:01:50.7131556Z remote: Counting objects:  60% (62/103)        
2023-11-05T08:01:50.7132028Z remote: Counting objects:  61% (63/103)        
2023-11-05T08:01:50.7132495Z remote: Counting objects:  62% (64/103)        
2023-11-05T08:01:50.7132960Z remote: Counting objects:  63% (65/103)        
2023-11-05T08:01:50.7133435Z remote: Counting objects:  64% (66/103)        
2023-11-05T08:01:50.7133907Z remote: Counting objects:  65% (67/103)        
2023-11-05T08:01:50.7134367Z remote: Counting objects:  66% (68/103)        
2023-11-05T08:01:50.7134834Z remote: Counting objects:  67% (70/103)        
2023-11-05T08:01:50.7135300Z remote: Counting objects:  68% (71/103)        
2023-11-05T08:01:50.7135762Z remote: Counting objects:  69% (72/103)        
2023-11-05T08:01:50.7136236Z remote: Counting objects:  70% (73/103)        
2023-11-05T08:01:50.7136707Z remote: Counting objects:  71% (74/103)        
2023-11-05T08:01:50.7137170Z remote: Counting objects:  72% (75/103)        
2023-11-05T08:01:50.7263808Z remote: Counting objects:  73% (76/103)        
2023-11-05T08:01:50.7264464Z remote: Counting objects:  74% (77/103)        
2023-11-05T08:01:50.7265021Z remote: Counting objects:  75% (78/103)        
2023-11-05T08:01:50.7265847Z remote: Counting objects:  76% (79/103)        
2023-11-05T08:01:50.7266414Z remote: Counting objects:  77% (80/103)        
2023-11-05T08:01:50.7266973Z remote: Counting objects:  78% (81/103)        
2023-11-05T08:01:50.7267516Z remote: Counting objects:  79% (82/103)        
2023-11-05T08:01:50.7268063Z remote: Counting objects:  80% (83/103)        
2023-11-05T08:01:50.7268620Z remote: Counting objects:  81% (84/103)        
2023-11-05T08:01:50.7269169Z remote: Counting objects:  82% (85/103)        
2023-11-05T08:01:50.7269708Z remote: Counting objects:  83% (86/103)        
2023-11-05T08:01:50.7270256Z remote: Counting objects:  84% (87/103)        
2023-11-05T08:01:50.7270807Z remote: Counting objects:  85% (88/103)        
2023-11-05T08:01:50.7271351Z remote: Counting objects:  86% (89/103)        
2023-11-05T08:01:50.7271907Z remote: Counting objects:  87% (90/103)        
2023-11-05T08:01:50.7272457Z remote: Counting objects:  88% (91/103)        
2023-11-05T08:01:50.7273016Z remote: Counting objects:  89% (92/103)        
2023-11-05T08:01:50.7273568Z remote: Counting objects:  90% (93/103)        
2023-11-05T08:01:50.7274117Z remote: Counting objects:  91% (94/103)        
2023-11-05T08:01:50.7274662Z remote: Counting objects:  92% (95/103)        
2023-11-05T08:01:50.7275212Z remote: Counting objects:  93% (96/103)        
2023-11-05T08:01:50.7275745Z remote: Counting objects:  94% (97/103)        
2023-11-05T08:01:50.7276286Z remote: Counting objects:  95% (98/103)        
2023-11-05T08:01:50.7276832Z remote: Counting objects:  96% (99/103)        
2023-11-05T08:01:50.7277389Z remote: Counting objects:  97% (100/103)        
2023-11-05T08:01:50.7277962Z remote: Counting objects:  98% (101/103)        
2023-11-05T08:01:50.7278850Z remote: Counting objects:  99% (102/103)        
2023-11-05T08:01:50.7279925Z remote: Counting objects: 100% (103/103)        
2023-11-05T08:01:50.7282840Z remote: Counting objects: 100% (103/103), done.        
2023-11-05T08:01:50.7283613Z remote: Compressing objects:   1% (1/94)        
2023-11-05T08:01:50.7284444Z remote: Compressing objects:   2% (2/94)        
2023-11-05T08:01:50.7285047Z remote: Compressing objects:   3% (3/94)        
2023-11-05T08:01:50.7285625Z remote: Compressing objects:   4% (4/94)        
2023-11-05T08:01:50.7286199Z remote: Compressing objects:   5% (5/94)        
2023-11-05T08:01:50.7286782Z remote: Compressing objects:   6% (6/94)        
2023-11-05T08:01:50.7287343Z remote: Compressing objects:   7% (7/94)        
2023-11-05T08:01:50.7287915Z remote: Compressing objects:   8% (8/94)        
2023-11-05T08:01:50.7288492Z remote: Compressing objects:   9% (9/94)        
2023-11-05T08:01:50.7289076Z remote: Compressing objects:  10% (10/94)        
2023-11-05T08:01:50.7289659Z remote: Compressing objects:  11% (11/94)        
2023-11-05T08:01:50.7290251Z remote: Compressing objects:  12% (12/94)        
2023-11-05T08:01:50.7290856Z remote: Compressing objects:  13% (13/94)        
2023-11-05T08:01:50.7291432Z remote: Compressing objects:  14% (14/94)        
2023-11-05T08:01:50.7292023Z remote: Compressing objects:  15% (15/94)        
2023-11-05T08:01:50.7292597Z remote: Compressing objects:  17% (16/94)        
2023-11-05T08:01:50.7293170Z remote: Compressing objects:  18% (17/94)        
2023-11-05T08:01:50.7293743Z remote: Compressing objects:  19% (18/94)        
2023-11-05T08:01:50.7294313Z remote: Compressing objects:  20% (19/94)        
2023-11-05T08:01:50.7294877Z remote: Compressing objects:  21% (20/94)        
2023-11-05T08:01:50.7295456Z remote: Compressing objects:  22% (21/94)        
2023-11-05T08:01:50.7296012Z remote: Compressing objects:  23% (22/94)        
2023-11-05T08:01:50.7296583Z remote: Compressing objects:  24% (23/94)        
2023-11-05T08:01:50.7297282Z remote: Compressing objects:  25% (24/94)        
2023-11-05T08:01:50.7297867Z remote: Compressing objects:  26% (25/94)        
2023-11-05T08:01:50.7298428Z remote: Compressing objects:  27% (26/94)        
2023-11-05T08:01:50.7299011Z remote: Compressing objects:  28% (27/94)        
2023-11-05T08:01:50.7299720Z remote: Compressing objects:  29% (28/94)        
2023-11-05T08:01:50.7300295Z remote: Compressing objects:  30% (29/94)        
2023-11-05T08:01:50.7300874Z remote: Compressing objects:  31% (30/94)        
2023-11-05T08:01:50.7301452Z remote: Compressing objects:  32% (31/94)        
2023-11-05T08:01:50.7302017Z remote: Compressing objects:  34% (32/94)        
2023-11-05T08:01:50.7302575Z remote: Compressing objects:  35% (33/94)        
2023-11-05T08:01:50.7303146Z remote: Compressing objects:  36% (34/94)        
2023-11-05T08:01:50.7303715Z remote: Compressing objects:  37% (35/94)        
2023-11-05T08:01:50.7304286Z remote: Compressing objects:  38% (36/94)        
2023-11-05T08:01:50.7304844Z remote: Compressing objects:  39% (37/94)        
2023-11-05T08:01:50.7305416Z remote: Compressing objects:  40% (38/94)        
2023-11-05T08:01:50.7305983Z remote: Compressing objects:  41% (39/94)        
2023-11-05T08:01:50.7309261Z remote: Compressing objects:  42% (40/94)        
2023-11-05T08:01:50.7310129Z remote: Compressing objects:  43% (41/94)        
2023-11-05T08:01:50.7310735Z remote: Compressing objects:  44% (42/94)        
2023-11-05T08:01:50.7311319Z remote: Compressing objects:  45% (43/94)        
2023-11-05T08:01:50.7311892Z remote: Compressing objects:  46% (44/94)        
2023-11-05T08:01:50.7312462Z remote: Compressing objects:  47% (45/94)        
2023-11-05T08:01:50.7313040Z remote: Compressing objects:  48% (46/94)        
2023-11-05T08:01:50.7313616Z remote: Compressing objects:  50% (47/94)        
2023-11-05T08:01:50.7314177Z remote: Compressing objects:  51% (48/94)        
2023-11-05T08:01:50.7315462Z remote: Compressing objects:  52% (49/94)        
2023-11-05T08:01:50.7315981Z remote: Compressing objects:  53% (50/94)        
2023-11-05T08:01:50.7316479Z remote: Compressing objects:  54% (51/94)        
2023-11-05T08:01:50.7316967Z remote: Compressing objects:  55% (52/94)        
2023-11-05T08:01:50.7317468Z remote: Compressing objects:  56% (53/94)        
2023-11-05T08:01:50.7318157Z remote: Compressing objects:  57% (54/94)        
2023-11-05T08:01:50.7318653Z remote: Compressing objects:  58% (55/94)        
2023-11-05T08:01:50.7319161Z remote: Compressing objects:  59% (56/94)        
2023-11-05T08:01:50.7319660Z remote: Compressing objects:  60% (57/94)        
2023-11-05T08:01:50.7320465Z remote: Compressing objects:  61% (58/94)        
2023-11-05T08:01:50.7320969Z remote: Compressing objects:  62% (59/94)        
2023-11-05T08:01:50.7321472Z remote: Compressing objects:  63% (60/94)        
2023-11-05T08:01:50.7321971Z remote: Compressing objects:  64% (61/94)        
2023-11-05T08:01:50.7322460Z remote: Compressing objects:  65% (62/94)        
2023-11-05T08:01:50.7322961Z remote: Compressing objects:  67% (63/94)        
2023-11-05T08:01:50.7323461Z remote: Compressing objects:  68% (64/94)        
2023-11-05T08:01:50.7323958Z remote: Compressing objects:  69% (65/94)        
2023-11-05T08:01:50.7324457Z remote: Compressing objects:  70% (66/94)        
2023-11-05T08:01:50.7324971Z remote: Compressing objects:  71% (67/94)        
2023-11-05T08:01:50.7325453Z remote: Compressing objects:  72% (68/94)        
2023-11-05T08:01:50.7325942Z remote: Compressing objects:  73% (69/94)        
2023-11-05T08:01:50.7326434Z remote: Compressing objects:  74% (70/94)        
2023-11-05T08:01:50.7326913Z remote: Compressing objects:  75% (71/94)        
2023-11-05T08:01:50.7327404Z remote: Compressing objects:  76% (72/94)        
2023-11-05T08:01:50.7327896Z remote: Compressing objects:  77% (73/94)        
2023-11-05T08:01:50.7328377Z remote: Compressing objects:  78% (74/94)        
2023-11-05T08:01:50.7328862Z remote: Compressing objects:  79% (75/94)        
2023-11-05T08:01:50.7329351Z remote: Compressing objects:  80% (76/94)        
2023-11-05T08:01:50.7329831Z remote: Compressing objects:  81% (77/94)        
2023-11-05T08:01:50.7330325Z remote: Compressing objects:  82% (78/94)        
2023-11-05T08:01:50.7330812Z remote: Compressing objects:  84% (79/94)        
2023-11-05T08:01:50.7331415Z remote: Compressing objects:  85% (80/94)        
2023-11-05T08:01:50.7331902Z remote: Compressing objects:  86% (81/94)        
2023-11-05T08:01:50.7332391Z remote: Compressing objects:  87% (82/94)        
2023-11-05T08:01:50.7332892Z remote: Compressing objects:  88% (83/94)        
2023-11-05T08:01:50.7333413Z remote: Compressing objects:  89% (84/94)        
2023-11-05T08:01:50.7333905Z remote: Compressing objects:  90% (85/94)        
2023-11-05T08:01:50.7334384Z remote: Compressing objects:  91% (86/94)        
2023-11-05T08:01:50.7334863Z remote: Compressing objects:  92% (87/94)        
2023-11-05T08:01:50.7335356Z remote: Compressing objects:  93% (88/94)        
2023-11-05T08:01:50.7335839Z remote: Compressing objects:  94% (89/94)        
2023-11-05T08:01:50.7336315Z remote: Compressing objects:  95% (90/94)        
2023-11-05T08:01:50.7336813Z remote: Compressing objects:  96% (91/94)        
2023-11-05T08:01:50.7337299Z remote: Compressing objects:  97% (92/94)        
2023-11-05T08:01:50.7337789Z remote: Compressing objects:  98% (93/94)        
2023-11-05T08:01:50.7338285Z remote: Compressing objects: 100% (94/94)        
2023-11-05T08:01:50.7338840Z remote: Compressing objects: 100% (94/94), done.        
2023-11-05T08:01:50.7473838Z Receiving objects:   0% (1/103)
2023-11-05T08:01:50.7474465Z Receiving objects:   1% (2/103)
2023-11-05T08:01:50.7475565Z Receiving objects:   2% (3/103)
2023-11-05T08:01:50.7475939Z Receiving objects:   3% (4/103)
2023-11-05T08:01:50.7476309Z Receiving objects:   4% (5/103)
2023-11-05T08:01:50.7476807Z Receiving objects:   5% (6/103)
2023-11-05T08:01:50.7477626Z Receiving objects:   6% (7/103)
2023-11-05T08:01:50.7478087Z Receiving objects:   7% (8/103)
2023-11-05T08:01:50.7478544Z Receiving objects:   8% (9/103)
2023-11-05T08:01:50.7478997Z Receiving objects:   9% (10/103)
2023-11-05T08:01:50.7479464Z Receiving objects:  10% (11/103)
2023-11-05T08:01:50.7480156Z Receiving objects:  11% (12/103)
2023-11-05T08:01:50.7480961Z Receiving objects:  12% (13/103)
2023-11-05T08:01:50.7481439Z Receiving objects:  13% (14/103)
2023-11-05T08:01:50.7481934Z Receiving objects:  14% (15/103)
2023-11-05T08:01:50.7482339Z Receiving objects:  15% (16/103)
2023-11-05T08:01:50.7834994Z Receiving objects:  16% (17/103)
2023-11-05T08:01:50.7835741Z Receiving objects:  17% (18/103)
2023-11-05T08:01:50.7836265Z Receiving objects:  18% (19/103)
2023-11-05T08:01:50.7836731Z Receiving objects:  19% (20/103)
2023-11-05T08:01:50.7837195Z Receiving objects:  20% (21/103)
2023-11-05T08:01:50.7837806Z Receiving objects:  21% (22/103)
2023-11-05T08:01:50.7838257Z Receiving objects:  22% (23/103)
2023-11-05T08:01:50.7839485Z Receiving objects:  23% (24/103)
2023-11-05T08:01:50.7839959Z Receiving objects:  24% (25/103)
2023-11-05T08:01:50.7840542Z Receiving objects:  25% (26/103)
2023-11-05T08:01:50.7840992Z Receiving objects:  26% (27/103)
2023-11-05T08:01:50.7841454Z Receiving objects:  27% (28/103)
2023-11-05T08:01:50.7841914Z Receiving objects:  28% (29/103)
2023-11-05T08:01:50.7842529Z Receiving objects:  29% (30/103)
2023-11-05T08:01:50.7842986Z Receiving objects:  30% (31/103)
2023-11-05T08:01:50.7843435Z Receiving objects:  31% (32/103)
2023-11-05T08:01:50.7849892Z Receiving objects:  32% (33/103)
2023-11-05T08:01:50.7850321Z Receiving objects:  33% (34/103)
2023-11-05T08:01:50.7850703Z Receiving objects:  34% (36/103)
2023-11-05T08:01:50.7851072Z Receiving objects:  35% (37/103)
2023-11-05T08:01:50.7851446Z Receiving objects:  36% (38/103)
2023-11-05T08:01:50.7851813Z Receiving objects:  37% (39/103)
2023-11-05T08:01:50.7853541Z Receiving objects:  38% (40/103)
2023-11-05T08:01:50.7853913Z Receiving objects:  39% (41/103)
2023-11-05T08:01:50.7859353Z Receiving objects:  40% (42/103)
2023-11-05T08:01:50.7860024Z Receiving objects:  41% (43/103)
2023-11-05T08:01:50.7860518Z Receiving objects:  42% (44/103)
2023-11-05T08:01:50.7861039Z Receiving objects:  43% (45/103)
2023-11-05T08:01:50.7861626Z Receiving objects:  44% (46/103)
2023-11-05T08:01:50.7862316Z Receiving objects:  45% (47/103)
2023-11-05T08:01:50.7862894Z Receiving objects:  46% (48/103)
2023-11-05T08:01:50.7863307Z Receiving objects:  47% (49/103)
2023-11-05T08:01:50.7863753Z Receiving objects:  48% (50/103)
2023-11-05T08:01:50.7864327Z Receiving objects:  49% (51/103)
2023-11-05T08:01:50.7865490Z Receiving objects:  50% (52/103)
2023-11-05T08:01:50.7866116Z Receiving objects:  51% (53/103)
2023-11-05T08:01:50.7985217Z Receiving objects:  52% (54/103)
2023-11-05T08:01:50.7985845Z Receiving objects:  53% (55/103)
2023-11-05T08:01:50.7986698Z Receiving objects:  54% (56/103)
2023-11-05T08:01:50.7987097Z Receiving objects:  55% (57/103)
2023-11-05T08:01:50.7987459Z Receiving objects:  56% (58/103)
2023-11-05T08:01:50.7987841Z Receiving objects:  57% (59/103)
2023-11-05T08:01:50.7988220Z Receiving objects:  58% (60/103)
2023-11-05T08:01:50.7988582Z Receiving objects:  59% (61/103)
2023-11-05T08:01:50.7988959Z Receiving objects:  60% (62/103)
2023-11-05T08:01:50.7989327Z Receiving objects:  61% (63/103)
2023-11-05T08:01:50.7989702Z Receiving objects:  62% (64/103)
2023-11-05T08:01:50.7990070Z Receiving objects:  63% (65/103)
2023-11-05T08:01:50.7990430Z Receiving objects:  64% (66/103)
2023-11-05T08:01:50.7990779Z Receiving objects:  65% (67/103)
2023-11-05T08:01:50.7991143Z Receiving objects:  66% (68/103)
2023-11-05T08:01:50.7991507Z Receiving objects:  67% (70/103)
2023-11-05T08:01:50.7991862Z Receiving objects:  68% (71/103)
2023-11-05T08:01:50.7992233Z Receiving objects:  69% (72/103)
2023-11-05T08:01:50.7992596Z Receiving objects:  70% (73/103)
2023-11-05T08:01:50.7992945Z Receiving objects:  71% (74/103)
2023-11-05T08:01:50.7993309Z Receiving objects:  72% (75/103)
2023-11-05T08:01:50.7994156Z Receiving objects:  73% (76/103)
2023-11-05T08:01:50.7994526Z Receiving objects:  74% (77/103)
2023-11-05T08:01:50.7995235Z Receiving objects:  75% (78/103)
2023-11-05T08:01:50.7995612Z Receiving objects:  76% (79/103)
2023-11-05T08:01:50.7995969Z Receiving objects:  77% (80/103)
2023-11-05T08:01:50.7996529Z Receiving objects:  78% (81/103)
2023-11-05T08:01:50.7996902Z Receiving objects:  79% (82/103)
2023-11-05T08:01:50.7997260Z Receiving objects:  80% (83/103)
2023-11-05T08:01:50.7997635Z Receiving objects:  81% (84/103)
2023-11-05T08:01:50.7998013Z Receiving objects:  82% (85/103)
2023-11-05T08:01:50.7998373Z Receiving objects:  83% (86/103)
2023-11-05T08:01:50.7998737Z Receiving objects:  84% (87/103)
2023-11-05T08:01:50.7999112Z Receiving objects:  85% (88/103)
2023-11-05T08:01:50.7999470Z Receiving objects:  86% (89/103)
2023-11-05T08:01:50.7999843Z Receiving objects:  87% (90/103)
2023-11-05T08:01:50.8000513Z Receiving objects:  88% (91/103)
2023-11-05T08:01:50.8001696Z Receiving objects:  89% (92/103)
2023-11-05T08:01:50.8002278Z Receiving objects:  90% (93/103)
2023-11-05T08:01:50.8002759Z Receiving objects:  91% (94/103)
2023-11-05T08:01:50.8424751Z Receiving objects:  92% (95/103)
2023-11-05T08:01:50.8425604Z remote: Total 103 (delta 55), reused 25 (delta 8), pack-reused 0        
2023-11-05T08:01:50.8426237Z Receiving objects:  93% (96/103)
2023-11-05T08:01:50.8426636Z Receiving objects:  94% (97/103)
2023-11-05T08:01:50.8427029Z Receiving objects:  95% (98/103)
2023-11-05T08:01:50.8427396Z Receiving objects:  96% (99/103)
2023-11-05T08:01:50.8427778Z Receiving objects:  97% (100/103)
2023-11-05T08:01:50.8428166Z Receiving objects:  98% (101/103)
2023-11-05T08:01:50.8428529Z Receiving objects:  99% (102/103)
2023-11-05T08:01:50.8428912Z Receiving objects: 100% (103/103)
2023-11-05T08:01:50.8429433Z Receiving objects: 100% (103/103), 84.00 KiB | 955.00 KiB/s, done.
2023-11-05T08:01:50.8429988Z Resolving deltas:   0% (0/55)
2023-11-05T08:01:50.8430354Z Resolving deltas:   1% (1/55)
2023-11-05T08:01:50.8430722Z Resolving deltas:   3% (2/55)
2023-11-05T08:01:50.8431072Z Resolving deltas:   5% (3/55)
2023-11-05T08:01:50.8431423Z Resolving deltas:   7% (4/55)
2023-11-05T08:01:50.8431769Z Resolving deltas:   9% (5/55)
2023-11-05T08:01:50.8432110Z Resolving deltas:  10% (6/55)
2023-11-05T08:01:50.8432669Z Resolving deltas:  12% (7/55)
2023-11-05T08:01:50.8433029Z Resolving deltas:  14% (8/55)
2023-11-05T08:01:50.8433371Z Resolving deltas:  16% (9/55)
2023-11-05T08:01:50.8433729Z Resolving deltas:  18% (10/55)
2023-11-05T08:01:50.8434105Z Resolving deltas:  20% (11/55)
2023-11-05T08:01:50.8434469Z Resolving deltas:  21% (12/55)
2023-11-05T08:01:50.8434834Z Resolving deltas:  23% (13/55)
2023-11-05T08:01:50.8435202Z Resolving deltas:  25% (14/55)
2023-11-05T08:01:50.8435554Z Resolving deltas:  27% (15/55)
2023-11-05T08:01:50.8435912Z Resolving deltas:  29% (16/55)
2023-11-05T08:01:50.8436277Z Resolving deltas:  30% (17/55)
2023-11-05T08:01:50.8436623Z Resolving deltas:  32% (18/55)
2023-11-05T08:01:50.8436973Z Resolving deltas:  34% (19/55)
2023-11-05T08:01:50.8437324Z Resolving deltas:  36% (20/55)
2023-11-05T08:01:50.8437662Z Resolving deltas:  38% (21/55)
2023-11-05T08:01:50.8438012Z Resolving deltas:  40% (22/55)
2023-11-05T08:01:50.8438359Z Resolving deltas:  41% (23/55)
2023-11-05T08:01:50.8438709Z Resolving deltas:  43% (24/55)
2023-11-05T08:01:50.8439059Z Resolving deltas:  45% (25/55)
2023-11-05T08:01:50.8439412Z Resolving deltas:  47% (26/55)
2023-11-05T08:01:50.8439751Z Resolving deltas:  49% (27/55)
2023-11-05T08:01:50.8440369Z Resolving deltas:  50% (28/55)
2023-11-05T08:01:50.8440739Z Resolving deltas:  52% (29/55)
2023-11-05T08:01:50.8441092Z Resolving deltas:  54% (30/55)
2023-11-05T08:01:50.8441452Z Resolving deltas:  56% (31/55)
2023-11-05T08:01:50.8441809Z Resolving deltas:  58% (32/55)
2023-11-05T08:01:50.8442156Z Resolving deltas:  60% (33/55)
2023-11-05T08:01:50.8442519Z Resolving deltas:  61% (34/55)
2023-11-05T08:01:50.8442875Z Resolving deltas:  63% (35/55)
2023-11-05T08:01:50.8443223Z Resolving deltas:  65% (36/55)
2023-11-05T08:01:50.8443578Z Resolving deltas:  67% (37/55)
2023-11-05T08:01:50.8444467Z Resolving deltas:  69% (38/55)
2023-11-05T08:01:50.8444826Z Resolving deltas:  70% (39/55)
2023-11-05T08:01:50.8445184Z Resolving deltas:  72% (40/55)
2023-11-05T08:01:50.8445553Z Resolving deltas:  74% (41/55)
2023-11-05T08:01:50.8446062Z Resolving deltas:  76% (42/55)
2023-11-05T08:01:50.8446426Z Resolving deltas:  78% (43/55)
2023-11-05T08:01:50.8446782Z Resolving deltas:  80% (44/55)
2023-11-05T08:01:50.8447126Z Resolving deltas:  81% (45/55)
2023-11-05T08:01:50.8447484Z Resolving deltas:  83% (46/55)
2023-11-05T08:01:50.8447848Z Resolving deltas:  85% (47/55)
2023-11-05T08:01:50.8448203Z Resolving deltas:  87% (48/55)
2023-11-05T08:01:50.8448565Z Resolving deltas:  89% (49/55)
2023-11-05T08:01:50.8448920Z Resolving deltas:  90% (50/55)
2023-11-05T08:01:50.8449263Z Resolving deltas:  92% (51/55)
2023-11-05T08:01:50.8449613Z Resolving deltas:  94% (52/55)
2023-11-05T08:01:50.8449954Z Resolving deltas:  96% (53/55)
2023-11-05T08:01:50.8450299Z Resolving deltas:  98% (54/55)
2023-11-05T08:01:50.8450649Z Resolving deltas: 100% (55/55)
2023-11-05T08:01:50.8451015Z Resolving deltas: 100% (55/55), done.
2023-11-05T08:01:50.8452235Z From https://github.com/basdijkstra/rest-assured-net
2023-11-05T08:01:50.8453035Z  * [new ref]         bb819fd12fc5c93c268c8ba3aed4a2979268d14b -> origin/main
2023-11-05T08:01:50.8469052Z ##[endgroup]
2023-11-05T08:01:50.8470439Z ##[group]Determining the checkout info
2023-11-05T08:01:50.8471793Z ##[endgroup]
2023-11-05T08:01:50.8472280Z ##[group]Checking out the ref
2023-11-05T08:01:50.8476640Z [command]/usr/bin/git checkout --progress --force -B main refs/remotes/origin/main
2023-11-05T08:01:50.8567561Z Switched to a new branch 'main'
2023-11-05T08:01:50.8571763Z branch 'main' set up to track 'origin/main'.
2023-11-05T08:01:50.8575688Z ##[endgroup]
2023-11-05T08:01:50.8615783Z [command]/usr/bin/git log -1 --format='%H'
2023-11-05T08:01:50.8647036Z 'bb819fd12fc5c93c268c8ba3aed4a2979268d14b'
2023-11-05T08:01:50.8969663Z ##[group]Run actions/setup-dotnet@v3
2023-11-05T08:01:50.8970061Z with:
2023-11-05T08:01:50.8970326Z   dotnet-version: 6.0.x
2023-11-05T08:01:50.8970645Z   cache: false
2023-11-05T08:01:50.8970899Z ##[endgroup]
2023-11-05T08:01:51.1136329Z [command]/home/runner/work/_actions/actions/setup-dotnet/v3/externals/install-dotnet.sh --channel 6.0
2023-11-05T08:01:51.9761565Z dotnet-install: .NET Core SDK with version '6.0.416' is already installed.
2023-11-05T08:01:51.9920312Z ##[group]Run dotnet --list-sdks
2023-11-05T08:01:51.9920788Z [36;1mdotnet --list-sdks[0m
2023-11-05T08:01:51.9978065Z shell: /usr/bin/bash -e {0}
2023-11-05T08:01:51.9978444Z env:
2023-11-05T08:01:51.9978712Z   DOTNET_ROOT: /usr/share/dotnet
2023-11-05T08:01:51.9979084Z ##[endgroup]
2023-11-05T08:01:52.0181966Z 6.0.416 [/usr/share/dotnet/sdk]
2023-11-05T08:01:52.0182724Z 7.0.113 [/usr/share/dotnet/sdk]
2023-11-05T08:01:52.0183481Z 7.0.203 [/usr/share/dotnet/sdk]
2023-11-05T08:01:52.0183949Z 7.0.310 [/usr/share/dotnet/sdk]
2023-11-05T08:01:52.0184339Z 7.0.403 [/usr/share/dotnet/sdk]
2023-11-05T08:01:52.0228991Z ##[group]Run dotnet restore
2023-11-05T08:01:52.0229359Z [36;1mdotnet restore[0m
2023-11-05T08:01:52.0264101Z shell: /usr/bin/bash -e {0}
2023-11-05T08:01:52.0264446Z env:
2023-11-05T08:01:52.0264716Z   DOTNET_ROOT: /usr/share/dotnet
2023-11-05T08:01:52.0265080Z ##[endgroup]
2023-11-05T08:01:53.8344157Z   Determining projects to restore...
2023-11-05T08:01:55.8728532Z   Restored /home/runner/work/rest-assured-net/rest-assured-net/RestAssured.Net.DemoService/RestAssured.Net.DemoService.csproj (in 897 ms).
2023-11-05T08:01:57.2334901Z   Restored /home/runner/work/rest-assured-net/rest-assured-net/RestAssured.Net/RestAssured.Net.csproj (in 2.27 sec).
2023-11-05T08:01:58.8192974Z   Restored /home/runner/work/rest-assured-net/rest-assured-net/RestAssured.Net.Tests/RestAssured.Net.Tests.csproj (in 2.93 sec).
2023-11-05T08:01:58.8783992Z ##[group]Run dotnet build --framework net6.0 --no-restore
2023-11-05T08:01:58.8784819Z [36;1mdotnet build --framework net6.0 --no-restore[0m
2023-11-05T08:01:58.8821589Z shell: /usr/bin/bash -e {0}
2023-11-05T08:01:58.8822203Z env:
2023-11-05T08:01:58.8822596Z   DOTNET_ROOT: /usr/share/dotnet
2023-11-05T08:01:58.8823028Z ##[endgroup]
2023-11-05T08:01:59.1081683Z MSBuild version 17.7.3+4fca21998 for .NET
2023-11-05T08:02:05.1808900Z   RestAssured.Net.DemoService -> /home/runner/work/rest-assured-net/rest-assured-net/RestAssured.Net.DemoService/bin/Debug/net6.0/RestAssured.Net.DemoService.dll
2023-11-05T08:02:05.5413781Z ##[warning]/home/runner/work/rest-assured-net/rest-assured-net/RestAssured.Net/Request/Builders/RequestSpecBuilder.cs(54,146): warning CS8604: Possible null reference argument for parameter 'proxy' in 'RequestSpecification.RequestSpecification(string scheme, string host, int port, string basePath, TimeSpan? timeout, ProductInfoHeaderValue? userAgent, IWebProxy proxy, Dictionary<string, object> headers, AuthenticationHeaderValue authenticationHeader, string contentType, Encoding contentEncoding, bool disableSslCertificateValidation, RequestLogLevel requestLogLevel, JsonSerializerSettings jsonSerializerSettings, List<string> sensitiveRequestHeadersAndCookies)'. [/home/runner/work/rest-assured-net/rest-assured-net/RestAssured.Net/RestAssured.Net.csproj::TargetFramework=net6.0]
2023-11-05T08:02:05.5437066Z ##[warning]/home/runner/work/rest-assured-net/rest-assured-net/RestAssured.Net/Request/Builders/RequestSpecBuilder.cs(54,172): warning CS8604: Possible null reference argument for parameter 'authenticationHeader' in 'RequestSpecification.RequestSpecification(string scheme, string host, int port, string basePath, TimeSpan? timeout, ProductInfoHeaderValue? userAgent, IWebProxy proxy, Dictionary<string, object> headers, AuthenticationHeaderValue authenticationHeader, string contentType, Encoding contentEncoding, bool disableSslCertificateValidation, RequestLogLevel requestLogLevel, JsonSerializerSettings jsonSerializerSettings, List<string> sensitiveRequestHeadersAndCookies)'. [/home/runner/work/rest-assured-net/rest-assured-net/RestAssured.Net/RestAssured.Net.csproj::TargetFramework=net6.0]
2023-11-05T08:02:05.5451664Z ##[warning]/home/runner/work/rest-assured-net/rest-assured-net/RestAssured.Net/Request/Builders/RequestSpecBuilder.cs(54,199): warning CS8604: Possible null reference argument for parameter 'contentType' in 'RequestSpecification.RequestSpecification(string scheme, string host, int port, string basePath, TimeSpan? timeout, ProductInfoHeaderValue? userAgent, IWebProxy proxy, Dictionary<string, object> headers, AuthenticationHeaderValue authenticationHeader, string contentType, Encoding contentEncoding, bool disableSslCertificateValidation, RequestLogLevel requestLogLevel, JsonSerializerSettings jsonSerializerSettings, List<string> sensitiveRequestHeadersAndCookies)'. [/home/runner/work/rest-assured-net/rest-assured-net/RestAssured.Net/RestAssured.Net.csproj::TargetFramework=net6.0]
2023-11-05T08:02:05.5511313Z ##[warning]/home/runner/work/rest-assured-net/rest-assured-net/RestAssured.Net/Request/Builders/RequestSpecBuilder.cs(54,223): warning CS8604: Possible null reference argument for parameter 'contentEncoding' in 'RequestSpecification.RequestSpecification(string scheme, string host, int port, string basePath, TimeSpan? timeout, ProductInfoHeaderValue? userAgent, IWebProxy proxy, Dictionary<string, object> headers, AuthenticationHeaderValue authenticationHeader, string contentType, Encoding contentEncoding, bool disableSslCertificateValidation, RequestLogLevel requestLogLevel, JsonSerializerSettings jsonSerializerSettings, List<string> sensitiveRequestHeadersAndCookies)'. [/home/runner/work/rest-assured-net/rest-assured-net/RestAssured.Net/RestAssured.Net.csproj::TargetFramework=net6.0]
2023-11-05T08:02:05.5520661Z ##[warning]/home/runner/work/rest-assured-net/rest-assured-net/RestAssured.Net/Request/Builders/RequestSpecBuilder.cs(41,53): warning CS0649: Field 'RequestSpecBuilder.authenticationHeader' is never assigned to, and will always have its default value null [/home/runner/work/rest-assured-net/rest-assured-net/RestAssured.Net/RestAssured.Net.csproj::TargetFramework=net6.0]
2023-11-05T08:02:05.5527095Z ##[warning]/home/runner/work/rest-assured-net/rest-assured-net/RestAssured.Net/Request/Builders/RequestSpecBuilder.cs(38,50): warning CS0649: Field 'RequestSpecBuilder.userAgent' is never assigned to, and will always have its default value null [/home/runner/work/rest-assured-net/rest-assured-net/RestAssured.Net/RestAssured.Net.csproj::TargetFramework=net6.0]
2023-11-05T08:02:05.5533191Z ##[warning]/home/runner/work/rest-assured-net/rest-assured-net/RestAssured.Net/Request/Builders/RequestSpecBuilder.cs(39,37): warning CS0649: Field 'RequestSpecBuilder.proxy' is never assigned to, and will always have its default value null [/home/runner/work/rest-assured-net/rest-assured-net/RestAssured.Net/RestAssured.Net.csproj::TargetFramework=net6.0]
2023-11-05T08:02:05.5539262Z ##[warning]/home/runner/work/rest-assured-net/rest-assured-net/RestAssured.Net/Request/Builders/RequestSpecBuilder.cs(37,36): warning CS0649: Field 'RequestSpecBuilder.timeout' is never assigned to, and will always have its default value [/home/runner/work/rest-assured-net/rest-assured-net/RestAssured.Net/RestAssured.Net.csproj::TargetFramework=net6.0]
2023-11-05T08:02:05.5837037Z   RestAssured.Net -> /home/runner/work/rest-assured-net/rest-assured-net/RestAssured.Net/bin/Debug/net6.0/RestAssured.Net.dll
2023-11-05T08:02:07.9526864Z ##[warning]/home/runner/work/rest-assured-net/rest-assured-net/RestAssured.Net.Tests/QueryParameterTests.cs(119,13): warning CS0618: 'ExecutableRequest.QueryParams(Dictionary<string, object>)' is obsolete: 'Please use QueryParams(IEnumerable<KeyValuePair<string, object>>) instead. This method will be removed in version 5.0.0' [/home/runner/work/rest-assured-net/rest-assured-net/RestAssured.Net.Tests/RestAssured.Net.Tests.csproj::TargetFramework=net6.0]
2023-11-05T08:02:08.0702773Z   RestAssured.Net.Tests -> /home/runner/work/rest-assured-net/rest-assured-net/RestAssured.Net.Tests/bin/Debug/net6.0/RestAssured.Net.Tests.dll
2023-11-05T08:02:08.1572249Z 
2023-11-05T08:02:08.1578668Z Build succeeded.
2023-11-05T08:02:08.1579667Z 
2023-11-05T08:02:08.1589905Z ##[warning]/home/runner/work/rest-assured-net/rest-assured-net/RestAssured.Net/Request/Builders/RequestSpecBuilder.cs(54,146): warning CS8604: Possible null reference argument for parameter 'proxy' in 'RequestSpecification.RequestSpecification(string scheme, string host, int port, string basePath, TimeSpan? timeout, ProductInfoHeaderValue? userAgent, IWebProxy proxy, Dictionary<string, object> headers, AuthenticationHeaderValue authenticationHeader, string contentType, Encoding contentEncoding, bool disableSslCertificateValidation, RequestLogLevel requestLogLevel, JsonSerializerSettings jsonSerializerSettings, List<string> sensitiveRequestHeadersAndCookies)'. [/home/runner/work/rest-assured-net/rest-assured-net/RestAssured.Net/RestAssured.Net.csproj::TargetFramework=net6.0]
2023-11-05T08:02:08.1615485Z ##[warning]/home/runner/work/rest-assured-net/rest-assured-net/RestAssured.Net/Request/Builders/RequestSpecBuilder.cs(54,172): warning CS8604: Possible null reference argument for parameter 'authenticationHeader' in 'RequestSpecification.RequestSpecification(string scheme, string host, int port, string basePath, TimeSpan? timeout, ProductInfoHeaderValue? userAgent, IWebProxy proxy, Dictionary<string, object> headers, AuthenticationHeaderValue authenticationHeader, string contentType, Encoding contentEncoding, bool disableSslCertificateValidation, RequestLogLevel requestLogLevel, JsonSerializerSettings jsonSerializerSettings, List<string> sensitiveRequestHeadersAndCookies)'. [/home/runner/work/rest-assured-net/rest-assured-net/RestAssured.Net/RestAssured.Net.csproj::TargetFramework=net6.0]
2023-11-05T08:02:08.1632747Z ##[warning]/home/runner/work/rest-assured-net/rest-assured-net/RestAssured.Net/Request/Builders/RequestSpecBuilder.cs(54,199): warning CS8604: Possible null reference argument for parameter 'contentType' in 'RequestSpecification.RequestSpecification(string scheme, string host, int port, string basePath, TimeSpan? timeout, ProductInfoHeaderValue? userAgent, IWebProxy proxy, Dictionary<string, object> headers, AuthenticationHeaderValue authenticationHeader, string contentType, Encoding contentEncoding, bool disableSslCertificateValidation, RequestLogLevel requestLogLevel, JsonSerializerSettings jsonSerializerSettings, List<string> sensitiveRequestHeadersAndCookies)'. [/home/runner/work/rest-assured-net/rest-assured-net/RestAssured.Net/RestAssured.Net.csproj::TargetFramework=net6.0]
2023-11-05T08:02:08.1688203Z ##[warning]/home/runner/work/rest-assured-net/rest-assured-net/RestAssured.Net/Request/Builders/RequestSpecBuilder.cs(54,223): warning CS8604: Possible null reference argument for parameter 'contentEncoding' in 'RequestSpecification.RequestSpecification(string scheme, string host, int port, string basePath, TimeSpan? timeout, ProductInfoHeaderValue? userAgent, IWebProxy proxy, Dictionary<string, object> headers, AuthenticationHeaderValue authenticationHeader, string contentType, Encoding contentEncoding, bool disableSslCertificateValidation, RequestLogLevel requestLogLevel, JsonSerializerSettings jsonSerializerSettings, List<string> sensitiveRequestHeadersAndCookies)'. [/home/runner/work/rest-assured-net/rest-assured-net/RestAssured.Net/RestAssured.Net.csproj::TargetFramework=net6.0]
2023-11-05T08:02:08.1753879Z ##[warning]/home/runner/work/rest-assured-net/rest-assured-net/RestAssured.Net/Request/Builders/RequestSpecBuilder.cs(41,53): warning CS0649: Field 'RequestSpecBuilder.authenticationHeader' is never assigned to, and will always have its default value null [/home/runner/work/rest-assured-net/rest-assured-net/RestAssured.Net/RestAssured.Net.csproj::TargetFramework=net6.0]
2023-11-05T08:02:08.1766791Z ##[warning]/home/runner/work/rest-assured-net/rest-assured-net/RestAssured.Net/Request/Builders/RequestSpecBuilder.cs(38,50): warning CS0649: Field 'RequestSpecBuilder.userAgent' is never assigned to, and will always have its default value null [/home/runner/work/rest-assured-net/rest-assured-net/RestAssured.Net/RestAssured.Net.csproj::TargetFramework=net6.0]
2023-11-05T08:02:08.1774037Z ##[warning]/home/runner/work/rest-assured-net/rest-assured-net/RestAssured.Net/Request/Builders/RequestSpecBuilder.cs(39,37): warning CS0649: Field 'RequestSpecBuilder.proxy' is never assigned to, and will always have its default value null [/home/runner/work/rest-assured-net/rest-assured-net/RestAssured.Net/RestAssured.Net.csproj::TargetFramework=net6.0]
2023-11-05T08:02:08.1780270Z ##[warning]/home/runner/work/rest-assured-net/rest-assured-net/RestAssured.Net/Request/Builders/RequestSpecBuilder.cs(37,36): warning CS0649: Field 'RequestSpecBuilder.timeout' is never assigned to, and will always have its default value [/home/runner/work/rest-assured-net/rest-assured-net/RestAssured.Net/RestAssured.Net.csproj::TargetFramework=net6.0]
2023-11-05T08:02:08.1898847Z ##[warning]/home/runner/work/rest-assured-net/rest-assured-net/RestAssured.Net.Tests/QueryParameterTests.cs(119,13): warning CS0618: 'ExecutableRequest.QueryParams(Dictionary<string, object>)' is obsolete: 'Please use QueryParams(IEnumerable<KeyValuePair<string, object>>) instead. This method will be removed in version 5.0.0' [/home/runner/work/rest-assured-net/rest-assured-net/RestAssured.Net.Tests/RestAssured.Net.Tests.csproj::TargetFramework=net6.0]
2023-11-05T08:02:08.1902330Z     9 Warning(s)
2023-11-05T08:02:08.1902618Z     0 Error(s)
2023-11-05T08:02:08.1902804Z 
2023-11-05T08:02:08.1902956Z Time Elapsed 00:00:08.88
2023-11-05T08:02:08.2033133Z ##[group]Run dotnet test --framework net6.0 --no-restore --no-build --verbosity normal
2023-11-05T08:02:08.2034057Z [36;1mdotnet test --framework net6.0 --no-restore --no-build --verbosity normal[0m
2023-11-05T08:02:08.2076951Z shell: /usr/bin/bash -e {0}
2023-11-05T08:02:08.2077300Z env:
2023-11-05T08:02:08.2077572Z   DOTNET_ROOT: /usr/share/dotnet
2023-11-05T08:02:08.2077932Z ##[endgroup]
2023-11-05T08:02:08.7165877Z Build started 11/05/2023 08:02:08.
2023-11-05T08:02:09.2660964Z      1>Project "/home/runner/work/rest-assured-net/rest-assured-net/RestAssured.Net.sln" on node 1 (VSTest target(s)).
2023-11-05T08:02:09.2662330Z      1>ValidateSolutionConfiguration:
2023-11-05T08:02:09.2663363Z          Building solution configuration "Debug|Any CPU".
2023-11-05T08:02:10.1506479Z Test run for /home/runner/work/rest-assured-net/rest-assured-net/RestAssured.Net.Tests/bin/Debug/net6.0/RestAssured.Net.Tests.dll (.NETCoreApp,Version=v6.0)
2023-11-05T08:02:10.2533615Z Microsoft (R) Test Execution Command Line Tool Version 17.7.2 (x64)
2023-11-05T08:02:10.2534845Z Copyright (c) Microsoft Corporation.  All rights reserved.
2023-11-05T08:02:10.2657229Z 
2023-11-05T08:02:10.4405065Z Starting test execution, please wait...
2023-11-05T08:02:10.4752053Z A total of 1 test files matched the specified pattern.
2023-11-05T08:02:11.2549173Z NUnit Adapter 4.5.0.0: Test execution started
2023-11-05T08:02:11.2841349Z Running all tests in /home/runner/work/rest-assured-net/rest-assured-net/RestAssured.Net.Tests/bin/Debug/net6.0/RestAssured.Net.Tests.dll
2023-11-05T08:02:11.4621398Z    NUnit3TestExecutor discovered 191 of 191 NUnit test cases using Current Discovery mode, Non-Explicit run
2023-11-05T08:02:12.4553359Z   Passed BasicAuthenticationDetailsCanBeSupplied [463 ms]
2023-11-05T08:02:12.4559407Z   Passed OAuth2AuthenticationTokenCanBeSupplied [26 ms]
2023-11-05T08:02:12.4563213Z   Passed CookieAsStringWithASingleValueCanBeSupplied [13 ms]
2023-11-05T08:02:12.4567167Z   Passed CookieCollectionWithASingleCookieCanBeSupplied [11 ms]
2023-11-05T08:02:12.4567927Z   Passed CookieObjectWithASingleValueCanBeSupplied [10 ms]
2023-11-05T08:02:12.4568510Z   Passed HttpGetCanBeUsed [168 ms]
2023-11-05T08:02:12.4569217Z   Passed CustomJsonSerializerSettingsCanBeSuppliedInRequestSpecification [38 ms]
2023-11-05T08:02:12.4571171Z   Passed CustomJsonSerializerSettingsCanBeSuppliedInTestBody [10 ms]
2023-11-05T08:02:12.4572082Z   Passed CustomJsonSerializerSettingsCanBeSuppliedWhenDeserializing [35 ms]
2023-11-05T08:02:13.3732418Z   Passed FormDataCanBeSupplied [28 ms]
2023-11-05T08:02:13.3733083Z   Passed ParameterizedGraphQLQueryCanBeSupplied [53 ms]
2023-11-05T08:02:13.3733719Z   Passed SimpleGraphQLQueryCanBeSupplied [16 ms]
2023-11-05T08:02:13.3734560Z   Passed HttpsEndpointsCanBeInvokedWithoutExplicitlyDisablingSslVerification [602 ms]
2023-11-05T08:02:13.3735809Z   Passed SslVerificationCanBeDisabledPerRequest [105 ms]
2023-11-05T08:02:13.3736648Z   Passed SslVerificationCanBeDisabledPerRequestUsingDeprecatedMethod [88 ms]
2023-11-05T08:02:13.3737593Z   Passed SslVerificationCanBeDisabledThroughRequestSpecification [87 ms]
2023-11-05T08:02:13.3738272Z   Passed HTTP GET is allowed [21 ms]
2023-11-05T08:02:13.3738716Z   Passed HTTP POST is not allowed [18 ms]
2023-11-05T08:02:13.5601148Z   Passed HTTP PUT is not allowed [20 ms]
2023-11-05T08:02:13.5602606Z   Passed HTTP PATCH is not allowed [18 ms]
2023-11-05T08:02:13.5603096Z   Passed HTTP DELETE is not allowed [18 ms]
2023-11-05T08:02:13.5603549Z   Passed HTTP HEAD is allowed [18 ms]
2023-11-05T08:02:13.5604002Z   Passed HTTP OPTIONS is allowed [18 ms]
2023-11-05T08:02:13.5604463Z   Passed HttpDeleteCanBeUsed [9 ms]
2023-11-05T08:02:13.5604890Z   Passed HttpGetCanBeUsed [9 ms]
2023-11-05T08:02:13.5605309Z   Passed HttpHeadCanBeUsed [9 ms]
2023-11-05T08:02:13.5605755Z   Passed HttpOptionsCanBeUsed [8 ms]
2023-11-05T08:02:14.0805268Z   Passed HttpPatchCanBeUsed [9 ms]
2023-11-05T08:02:14.0806246Z   Passed HttpPostCanBeUsed [6 ms]
2023-11-05T08:02:14.0807554Z   Passed HttpPutCanBeUsed [6 ms]
2023-11-05T08:02:14.0808276Z   Passed AnonymousObjectCanBeSerializedToJson [10 ms]
2023-11-05T08:02:14.0809275Z   Passed DictionaryCanBeSerializedToJson [9 ms]
2023-11-05T08:02:14.0809967Z   Passed ObjectCanBeSerializedToJson [15 ms]
2023-11-05T08:02:14.0810845Z   Passed ObjectCanBeSerializedToXml [307 ms]
2023-11-05T08:02:14.0811629Z   Passed UnableToSerializeThrowsTheExpectedException [11 ms]
2023-11-05T08:02:14.0812764Z   Passed JsonSchemaCanBeSuppliedAndVerifiedAsJsonSchema [131 ms]
2023-11-05T08:02:14.1682735Z GET http://localhost:9876/log-no-response-body
2023-11-05T08:02:14.1683671Z Content-Type: application/json; charset=utf-8
2023-11-05T08:02:14.1684595Z Content-Length: 0
2023-11-05T08:02:14.1684958Z 
2023-11-05T08:02:14.1755950Z HTTP 200 (OK)
2023-11-05T08:02:14.1756648Z Content-Type: 
2023-11-05T08:02:14.1757415Z Content-Length: 0
2023-11-05T08:02:14.1757958Z Date: Sun, 05 Nov 2023 08:02:14 GMT
2023-11-05T08:02:14.1758710Z Server: Kestrel
2023-11-05T08:02:14.1759210Z Response time: 2.5154 ms
2023-11-05T08:02:14.1759804Z 
2023-11-05T08:02:14.1839908Z GET http://localhost:9876/log-json-response
2023-11-05T08:02:14.1840992Z Content-Type: application/json; charset=utf-8
2023-11-05T08:02:14.1842579Z Content-Length: 29
2023-11-05T08:02:14.1843087Z Accept: application/json
2023-11-05T08:02:14.1844341Z CustomHeader: custom header value
2023-11-05T08:02:14.1844848Z {
2023-11-05T08:02:14.1845795Z   "id": 1,
2023-11-05T08:02:14.1846220Z   "user": "John Doe"
2023-11-05T08:02:14.1847206Z }
2023-11-05T08:02:14.1847899Z 
2023-11-05T08:02:14.1897016Z GET http://localhost:9876/log-xml-response
2023-11-05T08:02:14.1897892Z Content-Type: application/xml; charset=utf-8
2023-11-05T08:02:14.1899552Z Content-Length: 456
2023-11-05T08:02:14.1900640Z <Location xmlns:xsi="http://www.w3.org/2001/XMLSchema-instance" xmlns:xsd="http://www.w3.org/2001/XMLSchema">
2023-11-05T08:02:14.1902225Z   <Country>United States</Country>
2023-11-05T08:02:14.1903358Z   <State>California</State>
2023-11-05T08:02:14.1904440Z   <ZipCode>90210</ZipCode>
2023-11-05T08:02:14.1905491Z   <Places>
2023-11-05T08:02:14.1905962Z     <Place>
2023-11-05T08:02:14.1906611Z       <Name>Sun City</Name>
2023-11-05T08:02:14.1907140Z       <Inhabitants>100000</Inhabitants>
2023-11-05T08:02:14.1907921Z       <IsCapital>true</IsCapital>
2023-11-05T08:02:14.1908438Z     </Place>
2023-11-05T08:02:14.1909041Z     <Place>
2023-11-05T08:02:14.1909491Z       <Name>Pleasure Meadow</Name>
2023-11-05T08:02:14.1910255Z       <Inhabitants>50000</Inhabitants>
2023-11-05T08:02:14.1910814Z       <IsCapital>false</IsCapital>
2023-11-05T08:02:14.1911531Z     </Place>
2023-11-05T08:02:14.1911944Z   </Places>
2023-11-05T08:02:14.1912545Z </Location>
2023-11-05T08:02:14.1912846Z 
2023-11-05T08:02:14.1977905Z   Passed JsonSchemaCanBeSuppliedAndVerifiedAsString [12 ms]
2023-11-05T08:02:14.1979289Z   Passed MismatchWithJsonSchemaThrowsTheExpectedException [36 ms]
2023-11-05T08:02:14.1980910Z   Passed SupplyingInvalidJsonSchemaThrowsTheExpectedException [10 ms]
2023-11-05T08:02:14.1981976Z   Passed UnexpectedResponseContentTypeThrowsTheExpectedException [8 ms]
2023-11-05T08:02:14.1983525Z   Passed NoRequestBodyDoesntThrowNullReferenceException [11 ms]
2023-11-05T08:02:14.1985019Z   Passed NoResponseBodyDoesntThrowNullReferenceException [7 ms]
2023-11-05T08:02:14.1986517Z   Passed RequestDetailsCanBeWrittenToStandardOutputForJson [7 ms]
2023-11-05T08:02:14.1987540Z   Passed RequestDetailsCanBeWrittenToStandardOutputForXml [5 ms]
2023-11-05T08:02:14.1989230Z   Passed ResponseBodyDetailsAreLoggedIfVerificationFails [5 ms]
2023-11-05T08:02:14.2235974Z HTTP 404 (NotFound)
2023-11-05T08:02:14.2236728Z Content-Type: text/plain
2023-11-05T08:02:14.2238097Z Content-Length: 56
2023-11-05T08:02:14.2238625Z Date: Sun, 05 Nov 2023 08:02:14 GMT
2023-11-05T08:02:14.2239838Z Server: Kestrel
2023-11-05T08:02:14.2240835Z Transfer-Encoding: chunked
2023-11-05T08:02:14.2242207Z The resource you requested was not found on this server.
2023-11-05T08:02:14.2242910Z Response time: 22.6297 ms
2023-11-05T08:02:14.2244242Z 
2023-11-05T08:02:14.2342079Z HTTP 200 (OK)
2023-11-05T08:02:14.2342789Z Content-Type: text/plain
2023-11-05T08:02:14.2343612Z Content-Length: 17
2023-11-05T08:02:14.2344137Z Date: Sun, 05 Nov 2023 08:02:14 GMT
2023-11-05T08:02:14.2344877Z Server: Kestrel
2023-11-05T08:02:14.2345441Z Set-Cookie: Auth=123; httponly; secure
2023-11-05T08:02:14.2346744Z Transfer-Encoding: chunked
2023-11-05T08:02:14.2347536Z Cookie: Auth=123, Domain: localhost, HTTP-only: True, Secure: True
2023-11-05T08:02:14.2348462Z Cookies are nice!
2023-11-05T08:02:14.2348950Z Response time: 2.9796 ms
2023-11-05T08:02:14.2349533Z 
2023-11-05T08:02:14.2399484Z HTTP 200 (OK)
2023-11-05T08:02:14.2400377Z Content-Type: application/json
2023-11-05T08:02:14.2401713Z Content-Length: 198
2023-11-05T08:02:14.2402278Z Date: Sun, 05 Nov 2023 08:02:14 GMT
2023-11-05T08:02:14.2403244Z Server: Kestrel
2023-11-05T08:02:14.2403773Z Transfer-Encoding: chunked
2023-11-05T08:02:14.2404817Z {
2023-11-05T08:02:14.2405258Z   "Country": "United States",
2023-11-05T08:02:14.2406334Z   "State": "California",
2023-11-05T08:02:14.2406819Z   "ZipCode": 90210,
2023-11-05T08:02:14.2407821Z   "Places": [
2023-11-05T08:02:14.2408226Z     {
2023-11-05T08:02:14.2409189Z       "Name": "Sun City",
2023-11-05T08:02:14.2409686Z       "Inhabitants": 100000,
2023-11-05T08:02:14.2410778Z       "IsCapital": true
2023-11-05T08:02:14.2411233Z     },
2023-11-05T08:02:14.2411826Z     {
2023-11-05T08:02:14.2412255Z       "Name": "Pleasure Meadow",
2023-11-05T08:02:14.2412981Z       "Inhabitants": 50000,
2023-11-05T08:02:14.2413491Z       "IsCapital": false
2023-11-05T08:02:14.2414152Z     }
2023-11-05T08:02:14.2414525Z   ]
2023-11-05T08:02:14.2415102Z }
2023-11-05T08:02:14.2415528Z Response time: 2.4193 ms
2023-11-05T08:02:14.2416107Z 
2023-11-05T08:02:14.2458945Z HTTP 200 (OK)
2023-11-05T08:02:14.2459650Z Content-Type: application/xml
2023-11-05T08:02:14.2461075Z Content-Length: 456
2023-11-05T08:02:14.2461614Z Date: Sun, 05 Nov 2023 08:02:14 GMT
2023-11-05T08:02:14.2462768Z Server: Kestrel
2023-11-05T08:02:14.2463298Z Transfer-Encoding: chunked
2023-11-05T08:02:14.2464970Z <Location xmlns:xsi="http://www.w3.org/2001/XMLSchema-instance" xmlns:xsd="http://www.w3.org/2001/XMLSchema">
2023-11-05T08:02:14.2466548Z   <Country>United States</Country>
2023-11-05T08:02:14.2467657Z   <State>California</State>
2023-11-05T08:02:14.2468825Z   <ZipCode>90210</ZipCode>
2023-11-05T08:02:14.2469765Z   <Places>
2023-11-05T08:02:14.2470387Z     <Place>
2023-11-05T08:02:14.2470828Z       <Name>Sun City</Name>
2023-11-05T08:02:14.2471557Z       <Inhabitants>100000</Inhabitants>
2023-11-05T08:02:14.2472130Z       <IsCapital>true</IsCapital>
2023-11-05T08:02:14.2472859Z     </Place>
2023-11-05T08:02:14.2473294Z     <Place>
2023-11-05T08:02:14.2474235Z       <Name>Pleasure Meadow</Name>
2023-11-05T08:02:14.2474796Z       <Inhabitants>50000</Inhabitants>
2023-11-05T08:02:14.2475574Z       <IsCapital>false</IsCapital>
2023-11-05T08:02:14.2476095Z     </Place>
2023-11-05T08:02:14.2476707Z   </Places>
2023-11-05T08:02:14.2477115Z </Location>
2023-11-05T08:02:14.2477763Z Response time: 2.3413 ms
2023-11-05T08:02:14.2478140Z 
2023-11-05T08:02:14.2532120Z GET http://localhost:9876/masking-sensitive-data
2023-11-05T08:02:14.2533004Z Content-Type: application/json; charset=utf-8
2023-11-05T08:02:14.2533898Z Content-Length: 0
2023-11-05T08:02:14.2534500Z NonsensitiveRequestHeader: This one is printed
2023-11-05T08:02:14.2535369Z SensitiveRequestHeader: *****
2023-11-05T08:02:14.2535957Z AnotherSensitiveRequestHeader: *****
2023-11-05T08:02:14.2536632Z 
2023-11-05T08:02:14.2614924Z GET http://localhost:9876/masking-sensitive-data
2023-11-05T08:02:14.2615801Z Content-Type: application/json; charset=utf-8
2023-11-05T08:02:14.2616681Z Content-Length: 0
2023-11-05T08:02:14.2617291Z NonsensitiveRequestHeader: This one is printed
2023-11-05T08:02:14.2618168Z SensitiveRequestHeader: *****
2023-11-05T08:02:14.2618585Z 
2023-11-05T08:02:14.2703801Z HTTP 200 (OK)
2023-11-05T08:02:14.2704492Z Content-Type: text/plain
2023-11-05T08:02:14.2705522Z Content-Length: 13
2023-11-05T08:02:14.2706063Z Date: Sun, 05 Nov 2023 08:02:14 GMT
2023-11-05T08:02:14.2706815Z Server: Kestrel
2023-11-05T08:02:14.2707697Z Set-Cookie: SensitiveResponseCookie=some_secret_value, NonSensitiveResponseCookie=123
2023-11-05T08:02:14.2708826Z Transfer-Encoding: chunked
2023-11-05T08:02:14.2709454Z NonSensitiveResponseHeader: This one is printed
2023-11-05T08:02:14.2710333Z SensitiveResponseHeader: *****
2023-11-05T08:02:14.2711286Z Cookie: SensitiveResponseCookie=*****, Domain: localhost, HTTP-only: False, Secure: False
2023-11-05T08:02:14.2712834Z Cookie: NonSensitiveResponseCookie=123, Domain: localhost, HTTP-only: False, Secure: False
2023-11-05T08:02:14.2713675Z Response data
2023-11-05T08:02:14.2714353Z Response time: 4.6394 ms
2023-11-05T08:02:14.2714739Z 
2023-11-05T08:02:14.2772951Z GET http://localhost:9876/masking-sensitive-data
2023-11-05T08:02:14.2773834Z Content-Type: application/json; charset=utf-8
2023-11-05T08:02:14.2774722Z Content-Length: 0
2023-11-05T08:02:14.2775696Z Cookie: NonsensitiveRequestCookie=This one is printed, Domain: , HTTP-only: False, Secure: False
2023-11-05T08:02:14.2777143Z Cookie: SensitiveRequestCookie=*****, Domain: , HTTP-only: False, Secure: False
2023-11-05T08:02:14.2777813Z 
2023-11-05T08:02:14.2778544Z   Passed ResponseBodyDetailsAreLoggedOnlyOnErrorResponseCode [28 ms]
2023-11-05T08:02:14.2779520Z   Passed ResponseBodyDetailsAreNotLoggedOnOkResponseCode [5 ms]
2023-11-05T08:02:14.2780561Z   Passed ResponseCookieDetailsAreLogged [5 ms]
2023-11-05T08:02:14.2781398Z   Passed ResponseDetailsCanBeWrittenToStandardOutputForJson [5 ms]
2023-11-05T08:02:14.2782568Z   Passed ResponseDetailsCanBeWrittenToStandardOutputForXml [5 ms]
2023-11-05T08:02:14.2783456Z   Passed MultipleSensitiveRequestHeadersAreMasked [7 ms]
2023-11-05T08:02:14.2784661Z   Passed SensitiveHeaderAndCookieNamesCanBeDefinedInRequestSpecification [8 ms]
2023-11-05T08:02:14.2785680Z   Passed SensitiveResponseHeadersAndCookiesAreMasked [8 ms]
2023-11-05T08:02:14.2786691Z   Passed SingleSensitiveRequestCookieIsMasked [5 ms]
2023-11-05T08:02:14.2833269Z GET http://localhost:9876/masking-sensitive-data
2023-11-05T08:02:14.2834160Z Content-Type: application/json; charset=utf-8
2023-11-05T08:02:14.2835056Z Content-Length: 0
2023-11-05T08:02:14.2835634Z NonsensitiveRequestHeader: This one is printed
2023-11-05T08:02:14.2836504Z SensitiveRequestHeader: *****
2023-11-05T08:02:14.2836917Z 
2023-11-05T08:02:14.5447699Z   Passed SingleSensitiveRequestHeaderIsMasked [7 ms]
2023-11-05T08:02:14.5449712Z   Passed MultiPartFormDataWithCustomControlNameAndCustomContentTypeCanBeSupplied [104 ms]
2023-11-05T08:02:14.5451709Z   Passed MultiPartFormDataWithDefaultControlNameAndAutoDetectedContentTypeCanBeSupplied [31 ms]
2023-11-05T08:02:14.5454093Z   Passed MultipleFilesCanBeSupplied [22 ms]
2023-11-05T08:02:14.5455112Z   Passed UploadingNonExistentFileThrowsTheExpectedException [11 ms]
2023-11-05T08:02:14.5456365Z   Passed MultiplePathParameterCanBeSpecifiedSequentially [65 ms]
2023-11-05T08:02:14.5457347Z   Passed MultiplePathParameterCanBeSpecifiedUsingADictionary [6 ms]
2023-11-05T08:02:14.5458406Z   Passed SinglePathParameterCanBeSpecified [4 ms]
2023-11-05T08:02:14.5459285Z   Passed MultipleQueryParametersCanBeSpecifiedInSeparateCalls [12 ms]
2023-11-05T08:02:14.5978193Z   Passed MultipleQueryParametersCanBeSpecifiedUsingADictionary [7 ms]
2023-11-05T08:02:14.5979773Z   Passed MultipleQueryParametersCanBeSpecifiedUsingAListOfKeyValuePairs [4 ms]
2023-11-05T08:02:14.5981054Z   Passed MultipleQueryParameterValuesCanBeSpecified [5 ms]
2023-11-05T08:02:14.5981955Z   Passed QueryParametersAreAddedToRelativePathCorrectly [5 ms]
2023-11-05T08:02:14.5983001Z   Passed SingleQueryParameterCanBeSpecified [4 ms]
2023-11-05T08:02:14.5983955Z   Passed SingleQueryParameterWithCommaSeparatedValuesCanBeSpecified [4 ms]
2023-11-05T08:02:14.5985093Z   Passed JsonStringRequestBodyCanBeSupplied [4 ms]
2023-11-05T08:02:14.5985833Z   Passed Sending small plaintext request body [6 ms]
2023-11-05T08:02:14.5987054Z   Passed Sending medium plaintext request body [9 ms]
2023-11-05T08:02:14.6952210Z GET http://localhost:9876/api/request-specification
2023-11-05T08:02:14.6953143Z Content-Type: application/json; charset=utf-8
2023-11-05T08:02:14.6954395Z Content-Length: 0
2023-11-05T08:02:14.6954750Z 
2023-11-05T08:02:14.6964668Z   Passed Sending large plaintext request body [40 ms]
2023-11-05T08:02:14.6965513Z   Passed AcceptHeaderCanBeSuppliedAsString [9 ms]
2023-11-05T08:02:14.6966809Z   Passed ContentTypeHeaderCanBeSuppliedAsString [8 ms]
2023-11-05T08:02:14.6967530Z   Passed EncodingCanBeSupplied [4 ms]
2023-11-05T08:02:14.6968699Z   Passed HeaderWithASingleValueCanBeSupplied [6 ms]
2023-11-05T08:02:14.6969460Z   Passed HeaderWithMultipleValuesCanBeSupplied [9 ms]
2023-11-05T08:02:14.6970737Z   Passed Works with a leading / in the endpoint [5 ms]
2023-11-05T08:02:14.6971483Z   Passed Works without a leading / in the endpoint [4 ms]
2023-11-05T08:02:14.6977515Z   Passed With base path in request specification, works with a leading / [4 ms]
2023-11-05T08:02:14.7018850Z GET http://localhost:9876/api/request-specification
2023-11-05T08:02:14.7019757Z Content-Type: application/json; charset=utf-8
2023-11-05T08:02:14.7020654Z Content-Length: 0
2023-11-05T08:02:14.7021016Z 
2023-11-05T08:02:14.7731132Z   Passed With base path in request specification, works without a leading / [7 ms]
2023-11-05T08:02:14.7732210Z   Passed RequestSpecificationWithHeadersCanBeUsed [10 ms]
2023-11-05T08:02:14.7733288Z   Passed RequestSpecificationWithOAuth2CanBeUsed [5 ms]
2023-11-05T08:02:14.7734182Z   Passed UsingSchemeInHostNameThrowsTheExpectedException [2 ms]
2023-11-05T08:02:14.7735208Z   Passed ObjectCanBeDeserializedFromJson [13 ms]
2023-11-05T08:02:14.7736057Z   Passed ObjectCanBeDeserializedFromJsonAfterVerifications [5 ms]
2023-11-05T08:02:14.7737447Z   Passed ObjectCanBeDeserializedFromJsonUsingDeserializeToOverridingContentTypeHeader [5 ms]
2023-11-05T08:02:14.7738497Z   Passed ObjectCanBeDeserializedFromXml [16 ms]
2023-11-05T08:02:14.7739746Z   Passed ObjectCanBeDeserializedFromXmlUsingDeserializeToOverridingContentTypeHeader [10 ms]
2023-11-05T08:02:14.8829466Z   Passed UnableToDeserializeThrowsTheExpectedException [10 ms]
2023-11-05T08:02:14.8830879Z   Passed ElementValueNotMatchingMatcherTypeThrowsTheExpectedException [33 ms]
2023-11-05T08:02:14.8832607Z   Passed HtmlResponseBodyCanBeVerifiedUsingNHamcrestMatcher [9 ms]
2023-11-05T08:02:14.8890847Z   Passed HtmlResponseBodyElementCanBeVerifiedUsingNHamcrestMatcher [8 ms]
2023-11-05T08:02:14.8912890Z   Passed HtmlResponseBodyElementCanBeVerifiedUsingNHamcrestMatcherOverridingResponseContentTypeHeader [9 ms]
2023-11-05T08:02:14.8923259Z   Passed NoXPathResultsThrowsTheExpectedException [7 ms]
2023-11-05T08:02:14.8924118Z   Passed BooleanElementNHamcrestMatcherMismatchThrowsTheExpectedException [18 ms]
2023-11-05T08:02:14.8925437Z   Passed IntegerElementNHamcrestMatcherMismatchThrowsTheExpectedException [5 ms]
2023-11-05T08:02:14.8926505Z   Passed JsonResponseBodyElementBooleanValueCanBeVerifiedUsingNHamcrestMatcher [4 ms]
2023-11-05T08:02:14.9443717Z   Passed JsonResponseBodyElementCollectionCanBeVerifiedUsingNHamcrestMatcher [15 ms]
2023-11-05T08:02:14.9445416Z   Passed JsonResponseBodyElementCollectionCanBeVerifiedUsingNHamcrestMatcherOverridingResponseContentTypeHeader [5 ms]
2023-11-05T08:02:14.9447155Z   Passed JsonResponseBodyElementCollectionNHamcrestMatcherMisMatchThrowsTheExpectedException [5 ms]
2023-11-05T08:02:14.9448580Z   Passed JsonResponseBodyElementIntegerValueCanBeVerifiedUsingNHamcrestMatcher [4 ms]
2023-11-05T08:02:14.9449955Z   Passed JsonResponseBodyElementStringValueCanBeVerifiedOverridingContentTypeHeaderValue [5 ms]
2023-11-05T08:02:14.9451210Z   Passed JsonResponseBodyElementStringValueCanBeVerifiedUsingNHamcrestMatcher [4 ms]
2023-11-05T08:02:14.9452213Z   Passed NoJsonPathResultsThrowsTheExpectedException [4 ms]
2023-11-05T08:02:14.9453162Z   Passed StringElementNHamcrestMatcherMismatchThrowsTheExpectedException [5 ms]
2023-11-05T08:02:14.9470315Z   Passed FailingResponseBodyLengthVerificationThrowsTheExpectedException [6 ms]
2023-11-05T08:02:14.9587824Z HTTP 200 (OK)
2023-11-05T08:02:14.9588910Z Content-Type: application/json
2023-11-05T08:02:14.9589429Z Content-Length: 192
2023-11-05T08:02:14.9589798Z Date: Sun, 05 Nov 2023 08:02:14 GMT
2023-11-05T08:02:14.9590198Z Server: Kestrel
2023-11-05T08:02:14.9590563Z Transfer-Encoding: chunked
2023-11-05T08:02:14.9590883Z {
2023-11-05T08:02:14.9591126Z   "Country": "Morocco",
2023-11-05T08:02:14.9591457Z   "State": "Minnesota",
2023-11-05T08:02:14.9591769Z   "ZipCode": 83774,
2023-11-05T08:02:14.9592057Z   "Places": [
2023-11-05T08:02:14.9592314Z     {
2023-11-05T08:02:14.9592578Z       "Name": "South Ahmed",
2023-11-05T08:02:14.9592925Z       "Inhabitants": 182984,
2023-11-05T08:02:14.9593292Z       "IsCapital": false
2023-11-05T08:02:14.9593600Z     },
2023-11-05T08:02:14.9593818Z     {
2023-11-05T08:02:14.9594077Z       "Name": "Hermanbury",
2023-11-05T08:02:14.9594432Z       "Inhabitants": 49670427,
2023-11-05T08:02:14.9594790Z       "IsCapital": true
2023-11-05T08:02:14.9595708Z     }
2023-11-05T08:02:14.9595950Z   ]
2023-11-05T08:02:14.9596158Z }
2023-11-05T08:02:14.9596433Z Response time: 2.4867 ms
2023-11-05T08:02:14.9596658Z 
2023-11-05T08:02:14.9984979Z   Passed ResponseBodyCanBeExtracted [9 ms]
2023-11-05T08:02:14.9985945Z   Passed ResponseBodyLengthCanBeVerified [4 ms]
2023-11-05T08:02:14.9987071Z   Passed ActualBodyNotEqualToExpectedThrowsTheExpectedException [5 ms]
2023-11-05T08:02:14.9988097Z   Passed ActualBodyNotMatchingNHamcrestMatcherThrowsTheExpectedException [5 ms]
2023-11-05T08:02:14.9989084Z   Passed CannotHandleResponseContentTypeThrowsTheExpectedException [5 ms]
2023-11-05T08:02:14.9989869Z   Passed JsonStringResponseBodyCanBeVerified [4 ms]
2023-11-05T08:02:14.9990637Z   Passed JsonStringResponseBodyCanBeVerifiedUsingNHamcrestMatcher [4 ms]
2023-11-05T08:02:14.9991421Z   Passed PlaintextResponseBodyCanBeVerified("small") [4 ms]
2023-11-05T08:02:14.9992115Z   Passed PlaintextResponseBodyCanBeVerified("medium") [4 ms]
2023-11-05T08:02:15.0646128Z   Passed PlaintextResponseBodyCanBeVerified("large") [6 ms]
2023-11-05T08:02:15.0647168Z   Passed PlaintextResponseBodyCanBeVerified("xlarge") [8 ms]
2023-11-05T08:02:15.0648234Z   Passed ElementValueNotMatchingMatcherTypeThrowsTheExpectedException [6 ms]
2023-11-05T08:02:15.0649250Z   Passed NoXPathResultsThrowsTheExpectedException [5 ms]
2023-11-05T08:02:15.0650234Z   Passed XmlResponseBodyElementBooleanValueCanBeVerifiedUsingNHamcrestMatcher [4 ms]
2023-11-05T08:02:15.0651406Z   Passed XmlResponseBodyElementCollectionCanBeVerifiedUsingNHamcrestMatcher [10 ms]
2023-11-05T08:02:15.0652846Z   Passed XmlResponseBodyElementCollectionCanBeVerifiedUsingNHamcrestMatcherOverridingResponseContentTypeHeader [6 ms]
2023-11-05T08:02:15.0654797Z   Passed XmlResponseBodyElementCollectionNHamcrestMatcherMisMatchThrowsTheExpectedException [9 ms]
2023-11-05T08:02:15.0656094Z   Passed XmlResponseBodyElementIntegerValueCanBeVerifiedUsingNHamcrestMatcher [4 ms]
2023-11-05T08:02:15.1181510Z   Passed XmlResponseBodyElementStringValueCanBeVerifiedOverridingResponseContentTypeHeader [6 ms]
2023-11-05T08:02:15.1182837Z   Passed XmlResponseBodyElementStringValueCanBeVerifiedUsingNHamcrestMatcher [4 ms]
2023-11-05T08:02:15.1183836Z   Passed CookieNotFoundThrowsTheExpectedExceptionWhenExtracting [8 ms]
2023-11-05T08:02:15.1184717Z   Passed CookieNotFoundThrowsTheExpectedExceptionWhenVerifying [5 ms]
2023-11-05T08:02:15.1185623Z   Passed CookieValueMismatchThrowsTheExpectedExceptionWhenVerifying [4 ms]
2023-11-05T08:02:15.1186378Z   Passed GenericCookieValueCanBeExtracted [4 ms]
2023-11-05T08:02:15.1186941Z   Passed GenericCookieValueCanBeVerified [4 ms]
2023-11-05T08:02:15.1187539Z   Passed HttpOnlySecureCookieValueCanBeExtracted [4 ms]
2023-11-05T08:02:15.1188203Z   Passed HttpOnlySecureCookieValueCanBeVerified [4 ms]
2023-11-05T08:02:15.1726399Z   Passed ContentTypeHeaderValueNotMatchingNHamcrestMatcherThrowsTheExpectedException [8 ms]
2023-11-05T08:02:15.1728139Z   Passed HeaderValueNotMatchingTheSpecifiedNHamcrestMatcherThrowsTheExpectedException [5 ms]
2023-11-05T08:02:15.1729402Z   Passed HeaderWithIncorrectValueThrowsTheExpectedException [6 ms]
2023-11-05T08:02:15.1730457Z   Passed IncorrectContentTypeHeaderValueThrowsTheExpectedException [6 ms]
2023-11-05T08:02:15.1731327Z   Passed MultipleResponseHeadersCanBeVerified [5 ms]
2023-11-05T08:02:15.1732444Z   Passed NotFoundHeaderThrowsTheExpectedException [4 ms]
2023-11-05T08:02:15.1733170Z   Passed ResponseContentTypeHeaderCanBeVerified [5 ms]
2023-11-05T08:02:15.1733996Z   Passed ResponseContentTypeHeaderCanBeVerifiedUsingNHamcrestMatcher [5 ms]
2023-11-05T08:02:15.1734775Z   Passed SingleResponseHeaderCanBeVerified [4 ms]
2023-11-05T08:02:15.2289650Z   Passed SingleResponseHeaderCanBeVerifiedUsingNHamcrestMatcher [5 ms]
2023-11-05T08:02:15.2290781Z   Passed HtmlResponseBodyElementValueCanBeExtracted [6 ms]
2023-11-05T08:02:15.2292287Z   Passed HtmlResponseBodyElementValueCanBeExtractedOverridingResponseContentType [8 ms]
2023-11-05T08:02:15.2293452Z   Passed HtmlResponseBodyMultipleElementsCanBeExtracted [4 ms]
2023-11-05T08:02:15.2294664Z   Passed NoXPathResultsThrowsTheExpectedException [4 ms]
2023-11-05T08:02:15.2295416Z   Passed EntireResponseCanBeExtracted [6 ms]
2023-11-05T08:02:15.2296558Z   Passed HeaderNotFoundInResponseThrowsTheExpectedException [5 ms]
2023-11-05T08:02:15.2297521Z   Passed JsonResponseBodyElementBooleanValueCanBeExtracted [5 ms]
2023-11-05T08:02:15.2298790Z   Passed JsonResponseBodyElementIntegerValueCanBeExtracted [7 ms]
2023-11-05T08:02:15.2777881Z   Passed JsonResponseBodyElementStringValueCanBeExtracted [7 ms]
2023-11-05T08:02:15.2779211Z   Passed JsonResponseBodyElementStringValueCanBeExtractedOverridingResponseContentType [5 ms]
2023-11-05T08:02:15.2780747Z   Passed JsonResponseBodyElementValueCanBeExtractedAsListWithSingleItem [6 ms]
2023-11-05T08:02:15.2781799Z   Passed JsonResponseBodyMultipleElementsCanBeExtracted [4 ms]
2023-11-05T08:02:15.2782908Z   Passed NoJsonPathResultsThrowsTheExpectedException [4 ms]
2023-11-05T08:02:15.2783686Z   Passed ResponseHeaderCanBeExtracted [6 ms]
2023-11-05T08:02:15.2784786Z   Passed StatusCodeIndicatingClientSideErrorCanBeVerifiedAsInteger [4 ms]
2023-11-05T08:02:15.2785873Z   Passed StatusCodeIndicatingServerSideErrorCanBeVerifiedAsInteger [5 ms]
2023-11-05T08:02:15.2787140Z   Passed StatusCodeIndicatingSuccessCanBeVerifiedAsHttpStatusCode [4 ms]
2023-11-05T08:02:15.9421134Z   Passed StatusCodeIndicatingSuccessCanBeVerifiedAsInteger [7 ms]
2023-11-05T08:02:15.9425802Z   Passed StatusCodeIndicatingSuccessCanBeVerifiedUsingNHamcrestEqualToMatcher [5 ms]
2023-11-05T08:02:15.9427540Z   Passed StatusCodeVerificationWithMismatchingNHamcrestMatcherThrowsTheExpectedException [4 ms]
2023-11-05T08:02:15.9428831Z   Passed FailingResponseTimeVerificationThrowsTheExpectedException [206 ms]
2023-11-05T08:02:15.9430182Z   Passed ResponseTimeCanBeExtracted [205 ms]
2023-11-05T08:02:15.9430856Z   Passed ResponseTimeCanBeVerified [208 ms]
2023-11-05T08:02:15.9431814Z   Passed NoXPathResultsThrowsTheExpectedException [16 ms]
2023-11-05T08:02:15.9432651Z   Passed XmlResponseBodyElementValueCanBeExtracted [4 ms]
2023-11-05T08:02:15.9433820Z   Passed XmlResponseBodyElementValueCanBeExtractedAsListWithSingleItem [4 ms]
2023-11-05T08:02:16.1924112Z GET https://localhost:8443/ssl-endpoint
2023-11-05T08:02:16.1925040Z Content-Type: application/json; charset=utf-8
2023-11-05T08:02:16.1928347Z Content-Length: 0
2023-11-05T08:02:16.1928948Z HTTP 200 (OK)
2023-11-05T08:02:16.1929654Z Content-Type: 
2023-11-05T08:02:16.1930136Z Content-Length: 0
2023-11-05T08:02:16.1930844Z Date: Sun, 05 Nov 2023 08:02:16 GMT
2023-11-05T08:02:16.1931375Z Server: Kestrel
2023-11-05T08:02:16.1932037Z Response time: 7.6056 ms
2023-11-05T08:02:16.1932647Z GET https://localhost:8443/ssl-endpoint
2023-11-05T08:02:16.1933579Z Content-Type: application/json; charset=utf-8
2023-11-05T08:02:16.1934214Z Content-Length: 0
2023-11-05T08:02:16.1936237Z HTTP 200 (OK)
2023-11-05T08:02:16.1936760Z Content-Type: 
2023-11-05T08:02:16.1937681Z Content-Length: 0
2023-11-05T08:02:16.1938208Z Date: Sun, 05 Nov 2023 08:02:16 GMT
2023-11-05T08:02:16.1938948Z Server: Kestrel
2023-11-05T08:02:16.1939405Z Response time: 8.1499 ms
2023-11-05T08:02:16.1940220Z GET https://localhost:8443/ssl-endpoint
2023-11-05T08:02:16.1940928Z Content-Type: application/json; charset=utf-8
2023-11-05T08:02:16.1941755Z Content-Length: 0
2023-11-05T08:02:16.1942196Z HTTP 200 (OK)
2023-11-05T08:02:16.1942849Z Content-Type: 
2023-11-05T08:02:16.1943307Z Content-Length: 0
2023-11-05T08:02:16.1943983Z Date: Sun, 05 Nov 2023 08:02:16 GMT
2023-11-05T08:02:16.1944497Z Server: Kestrel
2023-11-05T08:02:16.1945156Z Response time: 7.784 ms
2023-11-05T08:02:16.1945529Z 
2023-11-05T08:02:16.2010588Z HTTP 200 (OK)
2023-11-05T08:02:16.2011266Z Content-Type: 
2023-11-05T08:02:16.2012340Z Content-Length: 0
2023-11-05T08:02:16.2012869Z Date: Sun, 05 Nov 2023 08:02:16 GMT
2023-11-05T08:02:16.2013954Z Server: Kestrel
2023-11-05T08:02:16.2014427Z Response time: 2.3442 ms
2023-11-05T08:02:16.2015360Z 
2023-11-05T08:02:16.2083149Z GET http://localhost:9876/timeout-ok
2023-11-05T08:02:16.2084154Z Content-Type: application/json; charset=utf-8
2023-11-05T08:02:16.2087000Z Content-Length: 0
2023-11-05T08:02:16.2087857Z HTTP 200 (OK)
2023-11-05T08:02:16.2088374Z Content-Type: 
2023-11-05T08:02:16.2088849Z Content-Length: 0
2023-11-05T08:02:16.2089333Z Date: Sun, 05 Nov 2023 08:02:16 GMT
2023-11-05T08:02:16.2089870Z Server: Kestrel
2023-11-05T08:02:16.2090438Z Response time: 2.532 ms
2023-11-05T08:02:16.2090918Z 
2023-11-05T08:02:17.4421187Z   Passed XmlResponseBodyElementValueCanBeExtractedOverridingResponseContentType [7 ms]
2023-11-05T08:02:17.4422235Z   Passed XmlResponseBodyMultipleElementsCanBeExtracted [4 ms]
2023-11-05T08:02:19.2154844Z   Passed SslVerificationCanBeDisabledUsingStaticConfiguration [238 ms]
2023-11-05T08:02:19.2155775Z   Passed CustomTimeoutCanBeSuppliedInRequestSpecification [8 ms]
2023-11-05T08:02:19.2156481Z   Passed CustomTimeoutCanBeSuppliedInTest [7 ms]
2023-11-05T08:02:19.2157277Z   Passed TimeoutInRequestSpecificationExceededThrowsTheExpectedException [3 s]
2023-11-05T08:02:22.2223077Z GET http://localhost:9876/timeout-nok
2023-11-05T08:02:22.2223839Z Content-Type: application/json; charset=utf-8
2023-11-05T08:02:22.2224396Z Content-Length: 0
2023-11-05T08:02:22.2225234Z 
2023-11-05T08:02:22.2225654Z   Passed TimeoutInTestExceededThrowsTheExpectedException [3 s]
2023-11-05T08:02:22.2306775Z HTTP 200 (OK)
2023-11-05T08:02:22.2311038Z Content-Type: 
2023-11-05T08:02:22.2312401Z Content-Length: 0
2023-11-05T08:02:22.2313517Z Date: Sun, 05 Nov 2023 08:02:22 GMT
2023-11-05T08:02:22.2314612Z Server: Kestrel
2023-11-05T08:02:22.2315638Z Response time: 4.4111 ms
2023-11-05T08:02:22.2316578Z 
2023-11-05T08:02:22.2375368Z GET http://localhost:9876/user-agent
2023-11-05T08:02:22.2376524Z Content-Type: application/json; charset=utf-8
2023-11-05T08:02:22.2377410Z Content-Length: 0
2023-11-05T08:02:22.2377953Z User-Agent: MyUserAgent/1.0
2023-11-05T08:02:22.2378673Z HTTP 200 (OK)
2023-11-05T08:02:22.2379145Z Content-Type: 
2023-11-05T08:02:22.2379831Z Content-Length: 0
2023-11-05T08:02:22.2380328Z Date: Sun, 05 Nov 2023 08:02:22 GMT
2023-11-05T08:02:22.2381063Z Server: Kestrel
2023-11-05T08:02:22.2381520Z Response time: 4.1033 ms
2023-11-05T08:02:22.2382122Z 
2023-11-05T08:02:22.2458273Z GET http://localhost:9876/user-agent
2023-11-05T08:02:22.2459075Z Content-Type: application/json; charset=utf-8
2023-11-05T08:02:22.2460005Z Content-Length: 0
2023-11-05T08:02:22.2460541Z User-Agent: MyUserAgent/1.0
2023-11-05T08:02:22.2461260Z HTTP 200 (OK)
2023-11-05T08:02:22.2461726Z Content-Type: 
2023-11-05T08:02:22.2462393Z Content-Length: 0
2023-11-05T08:02:22.2462887Z Date: Sun, 05 Nov 2023 08:02:22 GMT
2023-11-05T08:02:22.2463619Z Server: Kestrel
2023-11-05T08:02:22.2464088Z Response time: 4.1609 ms
2023-11-05T08:02:22.2464675Z 
2023-11-05T08:02:22.2531085Z POST http://localhost:9876/xml-serialization
2023-11-05T08:02:22.2532001Z Content-Type: application/xml; charset=utf-8
2023-11-05T08:02:22.2533515Z Content-Length: 535
2023-11-05T08:02:22.2534610Z <Location xmlns:xsi="http://www.w3.org/2001/XMLSchema-instance" xmlns:xsd="http://www.w3.org/2001/XMLSchema">
2023-11-05T08:02:22.2536185Z   <Country>United States</Country>
2023-11-05T08:02:22.2536748Z   <State>California</State>
2023-11-05T08:02:22.2537467Z   <ZipCode>90210</ZipCode>
2023-11-05T08:02:22.2537953Z   <Places>
2023-11-05T08:02:22.2538570Z     <Place>
2023-11-05T08:02:22.2539001Z       <Name>Sun City</Name>
2023-11-05T08:02:22.2539727Z       <Inhabitants>100000</Inhabitants>
2023-11-05T08:02:22.2540304Z       <IsCapital>true</IsCapital>
2023-11-05T08:02:22.2541019Z     </Place>
2023-11-05T08:02:22.2541432Z     <Place>
2023-11-05T08:02:22.2542088Z       <Name>Pleasure Meadow</Name>
2023-11-05T08:02:22.2542665Z       <Inhabitants>50000</Inhabitants>
2023-11-05T08:02:22.2543422Z       <IsCapital>false</IsCapital>
2023-11-05T08:02:22.2543943Z     </Place>
2023-11-05T08:02:22.2544550Z   </Places>
2023-11-05T08:02:22.2544949Z </Location>
2023-11-05T08:02:22.2545589Z HTTP 201 (Created)
2023-11-05T08:02:22.2546080Z Content-Type: 
2023-11-05T08:02:22.2546760Z Content-Length: 0
2023-11-05T08:02:22.2547250Z Date: Sun, 05 Nov 2023 08:02:22 GMT
2023-11-05T08:02:22.2547977Z Server: Kestrel
2023-11-05T08:02:22.2548438Z Response time: 3.1153 ms
2023-11-05T08:02:22.2549008Z 
2023-11-05T08:02:22.3003791Z GET http://localhost:9876/xml-schema-validation
2023-11-05T08:02:22.3004699Z Content-Type: application/json; charset=utf-8
2023-11-05T08:02:22.3005599Z Content-Length: 0
2023-11-05T08:02:22.3006072Z HTTP 200 (OK)
2023-11-05T08:02:22.3006791Z Content-Type: application/xml
2023-11-05T08:02:22.3007364Z Content-Length: 456
2023-11-05T08:02:22.3008689Z Date: Sun, 05 Nov 2023 08:02:22 GMT
2023-11-05T08:02:22.3009262Z Server: Kestrel
2023-11-05T08:02:22.3010363Z Transfer-Encoding: chunked
2023-11-05T08:02:22.3011477Z <Location xmlns:xsi="http://www.w3.org/2001/XMLSchema-instance" xmlns:xsd="http://www.w3.org/2001/XMLSchema">
2023-11-05T08:02:22.3013031Z   <Country>United States</Country>
2023-11-05T08:02:22.3013581Z   <State>California</State>
2023-11-05T08:02:22.3014641Z   <ZipCode>90210</ZipCode>
2023-11-05T08:02:22.3015125Z   <Places>
2023-11-05T08:02:22.3016065Z     <Place>
2023-11-05T08:02:22.3016490Z       <Name>Sun City</Name>
2023-11-05T08:02:22.3017485Z       <Inhabitants>100000</Inhabitants>
2023-11-05T08:02:22.3018064Z       <IsCapital>true</IsCapital>
2023-11-05T08:02:22.3018775Z     </Place>
2023-11-05T08:02:22.3019190Z     <Place>
2023-11-05T08:02:22.3019857Z       <Name>Pleasure Meadow</Name>
2023-11-05T08:02:22.3020411Z       <Inhabitants>50000</Inhabitants>
2023-11-05T08:02:22.3021194Z       <IsCapital>false</IsCapital>
2023-11-05T08:02:22.3021714Z     </Place>
2023-11-05T08:02:22.3022313Z   </Places>
2023-11-05T08:02:22.3022997Z </Location>
2023-11-05T08:02:22.3023647Z Response time: 3.6217 ms
2023-11-05T08:02:22.3024029Z 
2023-11-05T08:02:22.3116735Z GET http://localhost:9876/non-matching-dtd-validation
2023-11-05T08:02:22.3117664Z Content-Type: application/json; charset=utf-8
2023-11-05T08:02:22.3118554Z Content-Length: 0
2023-11-05T08:02:22.3119030Z HTTP 200 (OK)
2023-11-05T08:02:22.3119761Z Content-Type: application/xml
2023-11-05T08:02:22.3120548Z Content-Length: 575
2023-11-05T08:02:22.3121280Z Date: Sun, 05 Nov 2023 08:02:22 GMT
2023-11-05T08:02:22.3121817Z Server: Kestrel
2023-11-05T08:02:22.3122529Z Transfer-Encoding: chunked
2023-11-05T08:02:22.3123036Z <!DOCTYPE store [
2023-11-05T08:02:22.3123712Z               <!ELEMENT store (item)*> 
2023-11-05T08:02:22.3124321Z               <!ELEMENT item (name,dept,price)>
2023-11-05T08:02:22.3125744Z               <!ATTLIST item type CDATA #REQUIRED>
2023-11-05T08:02:22.3126989Z               <!ATTLIST item ISBN CDATA #REQUIRED>
2023-11-05T08:02:22.3128187Z               <!ELEMENT name (#PCDATA)>
2023-11-05T08:02:22.3129353Z               <!ELEMENT price (#PCDATA)>]>
2023-11-05T08:02:22.3130474Z <store>
2023-11-05T08:02:22.3131335Z   <item type="supplies" ISBN="2-3631-4">
2023-11-05T08:02:22.3132346Z     <name>paint</name>
2023-11-05T08:02:22.3132874Z     <dept>interior design</dept>
2023-11-05T08:02:22.3133629Z     <price>16.95</price>
2023-11-05T08:02:22.3134088Z   </item>
2023-11-05T08:02:22.3134691Z </store>
2023-11-05T08:02:22.3135137Z Response time: 2.9334 ms
2023-11-05T08:02:22.3135715Z 
2023-11-05T08:02:22.3208270Z GET http://localhost:9876/xml-schema-validation
2023-11-05T08:02:22.3209160Z Content-Type: application/json; charset=utf-8
2023-11-05T08:02:22.3210058Z Content-Length: 0
2023-11-05T08:02:22.3210517Z HTTP 200 (OK)
2023-11-05T08:02:22.3211240Z Content-Type: application/xml
2023-11-05T08:02:22.3211811Z Content-Length: 456
2023-11-05T08:02:22.3212524Z Date: Sun, 05 Nov 2023 08:02:22 GMT
2023-11-05T08:02:22.3213061Z Server: Kestrel
2023-11-05T08:02:22.3213793Z Transfer-Encoding: chunked
2023-11-05T08:02:22.3214881Z <Location xmlns:xsi="http://www.w3.org/2001/XMLSchema-instance" xmlns:xsd="http://www.w3.org/2001/XMLSchema">
2023-11-05T08:02:22.3216067Z   <Country>United States</Country>
2023-11-05T08:02:22.3216617Z   <State>California</State>
2023-11-05T08:02:22.3217321Z   <ZipCode>90210</ZipCode>
2023-11-05T08:02:22.3217797Z   <Places>
2023-11-05T08:02:22.3218410Z     <Place>
2023-11-05T08:02:22.3218838Z       <Name>Sun City</Name>
2023-11-05T08:02:22.3219575Z       <Inhabitants>100000</Inhabitants>
2023-11-05T08:02:22.3220144Z       <IsCapital>true</IsCapital>
2023-11-05T08:02:22.3220849Z     </Place>
2023-11-05T08:02:22.3221261Z     <Place>
2023-11-05T08:02:22.3221912Z       <Name>Pleasure Meadow</Name>
2023-11-05T08:02:22.3222457Z       <Inhabitants>50000</Inhabitants>
2023-11-05T08:02:22.3223229Z       <IsCapital>false</IsCapital>
2023-11-05T08:02:22.3223741Z     </Place>
2023-11-05T08:02:22.3224362Z   </Places>
2023-11-05T08:02:22.3224754Z </Location>
2023-11-05T08:02:22.3225400Z Response time: 2.3092 ms
2023-11-05T08:02:22.3225780Z 
2023-11-05T08:02:22.3285527Z GET http://localhost:9876/xml-schema-unexpected-content-type
2023-11-05T08:02:22.3286445Z Content-Type: application/json; charset=utf-8
2023-11-05T08:02:22.3297243Z Content-Length: 0
2023-11-05T08:02:22.3297774Z HTTP 200 (OK)
2023-11-05T08:02:22.3298539Z Content-Type: application/something
2023-11-05T08:02:22.3299123Z Content-Length: 9
2023-11-05T08:02:22.3299829Z Date: Sun, 05 Nov 2023 08:02:22 GMT
2023-11-05T08:02:22.3300364Z Server: Kestrel
2023-11-05T08:02:22.3301074Z Transfer-Encoding: chunked
2023-11-05T08:02:22.3301559Z Something
2023-11-05T08:02:22.3302212Z Response time: 3.3029 ms
2023-11-05T08:02:22.3302588Z 
2023-11-05T08:02:22.3303397Z   Passed CustomUserAgentCanBeSuppliedThroughRequestSpecification [9 ms]
2023-11-05T08:02:22.3304512Z   Passed CustomUserAgentCanBeSuppliedUsingProductInfoHeaderValueInTest [6 ms]
2023-11-05T08:02:22.3305908Z   Passed CustomUserAgentCanBeSuppliedUsingProductNameAndProductVersionInTest [7 ms]
2023-11-05T08:02:22.3307129Z   Passed ObjectCanBeSerializedToXml [7 ms]
2023-11-05T08:02:22.3308109Z   Passed UnableToSerializeThrowsTheExpectedException [5 ms]
2023-11-05T08:02:22.3309079Z   Passed IncorrectlyFormattedXmlSchemaThrowsTheExpectedException [34 ms]
2023-11-05T08:02:22.3310289Z   Passed MismatchWithInlineDtdThrowsTheExpectedException [11 ms]
2023-11-05T08:02:22.3311222Z   Passed MismatchWithXmlSchemaThrowsTheExpectedException [9 ms]
2023-11-05T08:02:22.3312523Z   Passed UnexpectedResponseContentTypeThrowsTheExpectedExceptionWhenValidatingDtd [6 ms]
2023-11-05T08:02:22.3358936Z GET http://localhost:9876/xml-schema-unexpected-content-type
2023-11-05T08:02:22.3359916Z Content-Type: application/json; charset=utf-8
2023-11-05T08:02:22.3360982Z Content-Length: 0
2023-11-05T08:02:22.3361448Z HTTP 200 (OK)
2023-11-05T08:02:22.3362205Z Content-Type: application/something
2023-11-05T08:02:22.3362793Z Content-Length: 9
2023-11-05T08:02:22.3363476Z Date: Sun, 05 Nov 2023 08:02:22 GMT
2023-11-05T08:02:22.3364018Z Server: Kestrel
2023-11-05T08:02:22.3364729Z Transfer-Encoding: chunked
2023-11-05T08:02:22.3365205Z Something
2023-11-05T08:02:22.3365851Z Response time: 2.8312 ms
2023-11-05T08:02:22.3366228Z 
2023-11-05T08:02:22.3426480Z GET http://localhost:9876/matching-dtd-validation
2023-11-05T08:02:22.3427380Z Content-Type: application/json; charset=utf-8
2023-11-05T08:02:22.3428653Z Content-Length: 0
2023-11-05T08:02:22.3429109Z HTTP 200 (OK)
2023-11-05T08:02:22.3430173Z Content-Type: application/xml
2023-11-05T08:02:22.3430737Z Content-Length: 615
2023-11-05T08:02:22.3431793Z Date: Sun, 05 Nov 2023 08:02:22 GMT
2023-11-05T08:02:22.3432322Z Server: Kestrel
2023-11-05T08:02:22.3433375Z Transfer-Encoding: chunked
2023-11-05T08:02:22.3434096Z <!DOCTYPE store [
2023-11-05T08:02:22.3434940Z               <!ELEMENT store (item)*> 
2023-11-05T08:02:22.3435558Z               <!ELEMENT item (name,dept,price)>
2023-11-05T08:02:22.3436418Z               <!ATTLIST item type CDATA #REQUIRED>
2023-11-05T08:02:22.3437078Z               <!ATTLIST item ISBN CDATA #REQUIRED>
2023-11-05T08:02:22.3437910Z               <!ELEMENT name (#PCDATA)>
2023-11-05T08:02:22.3438490Z               <!ELEMENT dept (#PCDATA)>
2023-11-05T08:02:22.3439270Z               <!ELEMENT price (#PCDATA)>]>
2023-11-05T08:02:22.3439840Z <store>
2023-11-05T08:02:22.3440745Z   <item type="supplies" ISBN="2-3631-4">
2023-11-05T08:02:22.3441313Z     <name>paint</name>
2023-11-05T08:02:22.3442023Z     <dept>interior design</dept>
2023-11-05T08:02:22.3442560Z     <price>16.95</price>
2023-11-05T08:02:22.3443224Z   </item>
2023-11-05T08:02:22.3443619Z </store>
2023-11-05T08:02:22.3444271Z Response time: 2.4302 ms
2023-11-05T08:02:22.3444642Z 
2023-11-05T08:02:22.3486466Z GET http://localhost:9876/xml-schema-validation
2023-11-05T08:02:22.3488091Z Content-Type: application/json; charset=utf-8
2023-11-05T08:02:22.3489322Z Content-Length: 0
2023-11-05T08:02:22.3490348Z HTTP 200 (OK)
2023-11-05T08:02:22.3491410Z Content-Type: application/xml
2023-11-05T08:02:22.3492549Z Content-Length: 456
2023-11-05T08:02:22.3493192Z Date: Sun, 05 Nov 2023 08:02:22 GMT
2023-11-05T08:02:22.3494305Z Server: Kestrel
2023-11-05T08:02:22.3494818Z Transfer-Encoding: chunked
2023-11-05T08:02:22.3496465Z <Location xmlns:xsi="http://www.w3.org/2001/XMLSchema-instance" xmlns:xsd="http://www.w3.org/2001/XMLSchema">
2023-11-05T08:02:22.3497459Z   <Country>United States</Country>
2023-11-05T08:02:22.3498552Z   <State>California</State>
2023-11-05T08:02:22.3499061Z   <ZipCode>90210</ZipCode>
2023-11-05T08:02:22.3500080Z   <Places>
2023-11-05T08:02:22.3500486Z     <Place>
2023-11-05T08:02:22.3501374Z       <Name>Sun City</Name>
2023-11-05T08:02:22.3501903Z       <Inhabitants>100000</Inhabitants>
2023-11-05T08:02:22.3502690Z       <IsCapital>true</IsCapital>
2023-11-05T08:02:22.3503196Z     </Place>
2023-11-05T08:02:22.3503821Z     <Place>
2023-11-05T08:02:22.3504262Z       <Name>Pleasure Meadow</Name>
2023-11-05T08:02:22.3505009Z       <Inhabitants>50000</Inhabitants>
2023-11-05T08:02:22.3505828Z       <IsCapital>false</IsCapital>
2023-11-05T08:02:22.3506555Z     </Place>
2023-11-05T08:02:22.3506977Z   </Places>
2023-11-05T08:02:22.3507579Z </Location>
2023-11-05T08:02:22.3508029Z Response time: 2.2291 ms
2023-11-05T08:02:22.3508615Z 
2023-11-05T08:02:22.3547994Z GET http://localhost:9876/xml-schema-validation
2023-11-05T08:02:22.3548877Z Content-Type: application/json; charset=utf-8
2023-11-05T08:02:22.3560903Z Content-Length: 0
2023-11-05T08:02:22.3561535Z HTTP 200 (OK)
2023-11-05T08:02:22.3562333Z Content-Type: application/xml
2023-11-05T08:02:22.3562917Z Content-Length: 456
2023-11-05T08:02:22.3563634Z Date: Sun, 05 Nov 2023 08:02:22 GMT
2023-11-05T08:02:22.3564174Z Server: Kestrel
2023-11-05T08:02:22.3564881Z Transfer-Encoding: chunked
2023-11-05T08:02:22.3565975Z <Location xmlns:xsi="http://www.w3.org/2001/XMLSchema-instance" xmlns:xsd="http://www.w3.org/2001/XMLSchema">
2023-11-05T08:02:22.3567159Z   <Country>United States</Country>
2023-11-05T08:02:22.3568282Z   <State>California</State>
2023-11-05T08:02:22.3568631Z   <ZipCode>90210</ZipCode>
2023-11-05T08:02:22.3568946Z   <Places>
2023-11-05T08:02:22.3569203Z     <Place>
2023-11-05T08:02:22.3569466Z       <Name>Sun City</Name>
2023-11-05T08:02:22.3570067Z       <Inhabitants>100000</Inhabitants>
2023-11-05T08:02:22.3570499Z       <IsCapital>true</IsCapital>
2023-11-05T08:02:22.3570852Z     </Place>
2023-11-05T08:02:22.3571109Z     <Place>
2023-11-05T08:02:22.3571395Z       <Name>Pleasure Meadow</Name>
2023-11-05T08:02:22.3571788Z       <Inhabitants>50000</Inhabitants>
2023-11-05T08:02:22.3572205Z       <IsCapital>false</IsCapital>
2023-11-05T08:02:22.3572567Z     </Place>
2023-11-05T08:02:22.3572819Z   </Places>
2023-11-05T08:02:22.3573069Z </Location>
2023-11-05T08:02:22.3573359Z Response time: 2.2633 ms
2023-11-05T08:02:22.3573581Z 
2023-11-05T08:02:22.3682249Z NUnit Adapter 4.5.0.0: Test execution complete
2023-11-05T08:02:22.4387138Z   Passed UnexpectedResponseContentTypeThrowsTheExpectedExceptionWhenValidatingXsd [7 ms]
2023-11-05T08:02:22.4388590Z   Passed XmlResponseCanBeVerifiedAgainstInlineDtd [5 ms]
2023-11-05T08:02:22.4389803Z   Passed XmlSchemaCanBeSuppliedAndVerifiedAsString [6 ms]
2023-11-05T08:02:22.4390640Z   Passed XmlSchemaCanBeSuppliedAndVerifiedAsXmlSchemaSet [6 ms]
2023-11-05T08:02:22.4436297Z 
2023-11-05T08:02:22.4490246Z Test Run Successful.
2023-11-05T08:02:22.4490866Z Total tests: 191
2023-11-05T08:02:22.4491460Z      Passed: 191
2023-11-05T08:02:22.4494325Z  Total time: 11.9685 Seconds
2023-11-05T08:02:22.4785508Z      1>Done Building Project "/home/runner/work/rest-assured-net/rest-assured-net/RestAssured.Net.sln" (VSTest target(s)).
2023-11-05T08:02:22.4958669Z 
2023-11-05T08:02:22.4959292Z Build succeeded.
2023-11-05T08:02:22.4959801Z     0 Warning(s)
2023-11-05T08:02:22.4960465Z     0 Error(s)
2023-11-05T08:02:22.4960929Z 
2023-11-05T08:02:22.4961364Z Time Elapsed 00:00:13.78
2023-11-05T08:02:22.5676160Z Post job cleanup.
2023-11-05T08:02:22.7322930Z Post job cleanup.
2023-11-05T08:02:22.8380924Z [command]/usr/bin/git version
2023-11-05T08:02:22.8429361Z git version 2.42.0
2023-11-05T08:02:22.8474839Z Temporarily overriding HOME='/home/runner/work/_temp/1f1666ac-58f6-4794-9376-d7c91c70257a' before making global git config changes
2023-11-05T08:02:22.8476396Z Adding repository directory to the temporary git global config as a safe directory
2023-11-05T08:02:22.8482557Z [command]/usr/bin/git config --global --add safe.directory /home/runner/work/rest-assured-net/rest-assured-net
2023-11-05T08:02:22.8523593Z [command]/usr/bin/git config --local --name-only --get-regexp core\.sshCommand
2023-11-05T08:02:22.8563078Z [command]/usr/bin/git submodule foreach --recursive sh -c "git config --local --name-only --get-regexp 'core\.sshCommand' && git config --local --unset-all 'core.sshCommand' || :"
2023-11-05T08:02:22.8843436Z [command]/usr/bin/git config --local --name-only --get-regexp http\.https\:\/\/github\.com\/\.extraheader
2023-11-05T08:02:22.8878052Z http.https://github.com/.extraheader
2023-11-05T08:02:22.8891137Z [command]/usr/bin/git config --local --unset-all http.https://github.com/.extraheader
2023-11-05T08:02:22.8935044Z [command]/usr/bin/git submodule foreach --recursive sh -c "git config --local --name-only --get-regexp 'http\.https\:\/\/github\.com\/\.extraheader' && git config --local --unset-all 'http.https://github.com/.extraheader' || :"
2023-11-05T08:02:22.9407086Z Cleaning up orphan processes
2023-11-05T08:02:22.9815447Z Terminate orphan process: pid (1871) (dotnet)
2023-11-05T08:02:22.9847881Z Terminate orphan process: pid (1928) (dotnet)
2023-11-05T08:02:22.9876787Z Terminate orphan process: pid (1947) (dotnet)
